07-10 00:54:29.658  5674  6128 I SemWifiLinkQualityMonitor: Link Qos Query: 0.045 ms / 177.273 Mbps (390 / 0.000 / 2.200)
07-10 00:54:32.703  5674  7726 D SemWifiUsabilityStatsMonitor: onWifiUsabilityStats - seqNum 21317, isSameBssidAndFreq true
07-10 00:54:32.708  5674  6128 I SemWifiLinkQualityMonitor: Link Qos Query: 0.045 ms / 177.273 Mbps (390 / 0.000 / 2.200)
07-10 00:54:32.709  6461  6461 D NetworkController.WifiSignalController: notifyListener: visible=true, connected=true, inetCondition=1, isDefault=true, wifiTestReported=true, receivedInetCondition=-1, hideDuringMobileSwitching=false
07-10 00:54:34.672  5674  9957 D PackageManager: setEnabledSetting : userId = 0 packageName = com.Slack cmp = androidx.work.impl.background.systemalarm.RescheduleReceiver newState = 1 callingPackage = 10329/com.Slack
07-10 00:54:34.674  5674  9957 D ApplicationPolicy: getApplicationStateEnabled : pkg = com.Slack userId : 0
07-10 00:54:34.676  5674  9957 D ApplicationPolicy: getApplicationComponentState : pkg = com.Slack userId : 0
07-10 00:54:34.711  5353  6075 V APM_AudioPolicyManager: setAppState(portId:1005, state:1)
07-10 00:54:34.716  5674  5745 W libprocessgroup: Failed to open /dev/blkio//cgroup.procs: No such file or directory
07-10 00:54:34.739 15049 15246 D ConnectivityManager: StackLog: [android.net.ConnectivityManager.sendRequestForNetwork(ConnectivityManager.java:4300)] [android.net.ConnectivityManager.registerDefaultNetworkCallbackForUid(ConnectivityManager.java:4864)] [android.net.ConnectivityManager.registerDefaultNetworkCallback(ConnectivityManager.java:4831)] [android.net.ConnectivityManager.registerDefaultNetworkCallback(ConnectivityManager.java:4805)] [androidx.work.impl.utils.NetworkApi24.registerDefaultNetworkCallbackCompat(Unknown Source:11)] [androidx.work.impl.constraints.trackers.NetworkStateTracker24.startTracking(Unknown Source:15)] [androidx.work.impl.constraints.controllers.ConstraintController.replace(Unknown Source:130)] [androidx.work.impl.constraints.WorkConstraintsTrackerImpl.replace(Unknown Source:41)] [androidx.work.impl.background.greedy.GreedyScheduler.schedule(Unknown Source:302)] [androidx.work.impl.Schedulers.schedule(Unknown Source:155)] [androidx.work.impl.utils.EnqueueRunnable.run(Unknown Source:53)] [androidx.work.Worker$2.run$androidx$work$impl$utils$SerialExecutorImpl$Task(Unknown Source:4)] [androidx.work.Worker$2.run(Unknown Source:868)] [java.util.concurrent.ThreadPoolExecutor.runWorker(ThreadPoolExecutor.java:1137)] [java.util.concurrent.ThreadPoolExecutor$Worker.run(ThreadPoolExecutor.java:637)] [java.lang.Thread.run(Thread.java:1012)]
07-10 00:54:34.743  5674  6523 D ConnectivityService: requestNetwork for uid/pid:10329/15049 activeRequest: null callbackRequest: 16500 [NetworkRequest [ REQUEST id=16501, [ Capabilities: INTERNET&NOT_RESTRICTED&TRUSTED&NOT_VCN_MANAGED Uid: 10329 RequestorUid: 10329 RequestorPkg: com.Slack UnderlyingNetworks: Null] ]] callback flags: 0 order: 2147483647
07-10 00:54:34.745  5674  6055 D ConnectivityService:    accepting network in place of null
07-10 00:54:34.755  5674  6045 D WifiNetworkFactory: got request NetworkRequest [ REQUEST id=16501, [ Capabilities: INTERNET&NOT_RESTRICTED&TRUSTED&NOT_VCN_MANAGED Uid: 10329 RequestorUid: 10329 RequestorPkg: com.Slack UnderlyingNetworks: Null] ]
07-10 00:54:34.756  5674  6045 D UntrustedWifiNetworkFactory: got request NetworkRequest [ REQUEST id=16501, [ Capabilities: INTERNET&NOT_RESTRICTED&TRUSTED&NOT_VCN_MANAGED Uid: 10329 RequestorUid: 10329 RequestorPkg: com.Slack UnderlyingNetworks: Null] ]
07-10 00:54:34.758  5674  6045 D OemPaidWifiNetworkFactory: got request NetworkRequest [ REQUEST id=16501, [ Capabilities: INTERNET&NOT_RESTRICTED&TRUSTED&NOT_VCN_MANAGED Uid: 10329 RequestorUid: 10329 RequestorPkg: com.Slack UnderlyingNetworks: Null] ]
07-10 00:54:34.759  5674  6045 D MultiInternetWifiNetworkFactory: got request NetworkRequest [ REQUEST id=16501, [ Capabilities: INTERNET&NOT_RESTRICTED&TRUSTED&NOT_VCN_MANAGED Uid: 10329 RequestorUid: 10329 RequestorPkg: com.Slack UnderlyingNetworks: Null] ]
07-10 00:54:34.764  5674  6055 D ConnectivityService: Rematched networks [computed 0ms] [applied 5ms] [issued 14]
07-10 00:54:34.764  5674  6055 D ConnectivityService: NetworkReassignment :
07-10 00:54:34.764  5674  6055 D ConnectivityService:   16501 : null → 118
07-10 00:54:34.771 15049 15049 D ConnectivityManager: StackLog: [android.net.ConnectivityManager.unregisterNetworkCallback(ConnectivityManager.java:4972)] [androidx.work.impl.utils.NetworkApi21.unregisterNetworkCallbackCompat(Unknown Source:11)] [androidx.work.impl.constraints.trackers.NetworkStateTracker24.stopTracking(Unknown Source:15)] [androidx.work.impl.constraints.trackers.ConstraintTracker.removeListener(Unknown Source:24)] [androidx.work.impl.constraints.controllers.ConstraintController.replace(Unknown Source:81)] [androidx.work.impl.constraints.WorkConstraintsTrackerImpl.replace(Unknown Source:41)] [androidx.work.impl.background.greedy.GreedyScheduler.onExecuted(Unknown Source:55)] [androidx.work.impl.Processor.onExecuted(Unknown Source:59)] [com.bugsnag.android.DeliveryDelegate$1.run(Unknown Source:212)]
07-10 00:54:34.773  5674  6055 D ConnectivityService:  Removing from current network [118 WIFI], leaving 153 requests.
07-10 00:54:34.781  5353  6075 V APM_AudioPolicyManager: setAppState(portId:1005, state:1)
07-10 00:54:34.785  5353  6075 V APM_AudioPolicyManager: setAppState(portId:1005, state:1)
07-10 00:54:35.736  5674  7726 D SemWifiUsabilityStatsMonitor: onWifiUsabilityStats - seqNum 21318, isSameBssidAndFreq true
07-10 00:54:35.739  5674  6128 I SemWifiLinkQualityMonitor: Link Qos Query: 0.045 ms / 177.273 Mbps (390 / 0.000 / 2.200)
07-10 00:54:35.902  5262  5262 E audit   : type=1400 audit(1688943275.897:69551): avc:  denied  { getattr } for  pid=5674 comm="BinderProcsColl" path="/sys/kernel/debug/binder/proc/5674" dev="debugfs" ino=32119 scontext=u:r:system_server:s0 tcontext=u:object_r:sec_debugfs:s0 tclass=file permissive=0 SEPF_SM-A515F_13_0001 audit_filtered
07-10 00:54:35.902  5262  5262 E audit   : type=1300 audit(1688943275.897:69551): arch=c00000b7 syscall=79 success=no exit=-13 a0=ffffff9c a1=7ad2331dd0 a2=79df9bd680 a3=0 items=0 ppid=5287 pid=5674 auid=4294967295 uid=1000 gid=1000 euid=1000 suid=1000 fsuid=1000 egid=1000 sgid=1000 fsgid=1000 tty=(none) ses=4294967295 comm="BinderProcsColl" exe="/system/bin/app_process64" subj=u:r:system_server:s0 key=(null)
07-10 00:54:35.902  5262  5262 E audit   : type=1327 audit(1688943275.897:69551): proctitle="system_server"
07-10 00:54:38.777  5674  7726 D SemWifiUsabilityStatsMonitor: onWifiUsabilityStats - seqNum 21319, isSameBssidAndFreq true
07-10 00:54:38.783  5674  6128 I SemWifiLinkQualityMonitor: Link Qos Query: 0.045 ms / 177.273 Mbps (390 / 0.000 / 2.200)
07-10 00:54:39.900  9837 10033 I SemDvfsHyPerManager: acquire hyper - SIOP_ARM_MAX/9837@2, type = 301993986
07-10 00:54:39.902  5313  5394 I HYPER-HAL: [RequestManager.cpp]acquire(): Acquired ID : 48407882  [9837 / 2]    HINT :      list : [CPUMaxFreq / 2184000]
07-10 00:54:41.827  5674  7726 D SemWifiUsabilityStatsMonitor: onWifiUsabilityStats - seqNum 21320, isSameBssidAndFreq true
07-10 00:54:41.830  5674  6128 I SemWifiLinkQualityMonitor: Link Qos Query: 0.045 ms / 177.273 Mbps (390 / 0.000 / 2.200)
07-10 00:54:44.859  5674  7726 D SemWifiUsabilityStatsMonitor: onWifiUsabilityStats - seqNum 21321, isSameBssidAndFreq true
07-10 00:54:44.864  5674  6128 I SemWifiLinkQualityMonitor: Link Qos Query: 0.021 ms / 390.000 Mbps (390 / 0.000 / 1.000)
07-10 00:54:44.864  6461  6461 D NetworkController.WifiSignalController: notifyListener: visible=true, connected=true, inetCondition=1, isDefault=true, wifiTestReported=true, receivedInetCondition=-1, hideDuringMobileSwitching=false
07-10 00:54:47.890  5674  7726 D SemWifiUsabilityStatsMonitor: onWifiUsabilityStats - seqNum 21322, isSameBssidAndFreq true
07-10 00:54:47.893  5674  6128 I SemWifiLinkQualityMonitor: Link Qos Query: 0.031 ms / 260.000 Mbps (390 / 0.000 / 1.500)
07-10 00:54:49.958  9837 10033 I SemDvfsHyPerManager: acquire hyper - SIOP_ARM_MAX/9837@2, type = 301993986
07-10 00:54:49.961  5313  5394 I HYPER-HAL: [RequestManager.cpp]acquire(): Acquired ID : 48407882  [9837 / 2]    HINT :      list : [CPUMaxFreq / 2080000]
07-10 00:54:50.933  5674  7726 D SemWifiUsabilityStatsMonitor: onWifiUsabilityStats - seqNum 21323, isSameBssidAndFreq true
07-10 00:54:50.936  5674  6128 I SemWifiLinkQualityMonitor: Link Qos Query: 0.031 ms / 260.000 Mbps (390 / 0.000 / 1.500)
07-10 00:54:50.937  6461  6461 D NetworkController.WifiSignalController: notifyListener: visible=true, connected=true, inetCondition=1, isDefault=true, wifiTestReported=true, receivedInetCondition=-1, hideDuringMobileSwitching=false
07-10 00:54:52.046  5674 18951 D TrafficStats: tagSocket(950) with statsTag=0xffffffff, statsUid=-1
07-10 00:54:52.256  5674 18951 D WifiConnectivityMonitor.DnsThread:  [|211]
07-10 00:54:52.257  5674  6182 D WifiConnectivityMonitor.NetworkStatsAnalyzer: DNS resultType : 0, responseTime : 211
07-10 00:54:52.259  5674  6164 D OpenNetworkQos[4.00]: updateBssidLatestDnsResultType - result: 0
07-10 00:54:52.259  5674  6164 D OpenNetworkQos[4.00]: updateBssidNoInternet: mBssidNoInternet = false
07-10 00:54:52.259  5674  6164 D OpenNetworkQos[4.00]: getOpenNetworkQosNoInternetStatus: false
07-10 00:54:52.260  5674  6164 D OpenNetworkQos[4.00]: getOpenNetworkQosScores: 26 26 26
07-10 00:54:52.261  5674  6164 I WifiProfileShare: network QoS data was changed (internet), updateQoSData networkType: true, qosData: false
07-10 00:54:52.263  5674  7451 V WifiProfileShare.Caster: update wips network, size: 0
07-10 00:54:52.264  5674  7451 D WifiProfileShare: nearby scanning settings run
07-10 00:54:52.265  5674  7451 D WifiProfileShare: network score provider settings enabled
07-10 00:54:52.265  5674  7451 D OpenNetworkQos[4.00]: getOpenNetworkQosScores: 26 26 26
07-10 00:54:52.265  5674  7451 D OpenNetworkQos[4.00]: getOpenNetworkQosNoInternetStatus: false
07-10 00:54:52.266  5674  7451 I WifiProfileShare.Caster: current network type: 0, score: [26, 26, 26]
07-10 00:54:52.268  5674  7451 V WifiProfileShare.Cache: update network score 00:e4:06:**:**:90
07-10 00:54:52.269  5674  7451 D WifiProfileShare.ScanMatcher: getMcfDataList size:2
07-10 00:54:52.270  5674  7451 I WifiProfileShare.Caster: qos data was updated , before:type:QOS, pBssid:51:2e:90, qosData:7c after:type:QOS, pBssid:51:2e:90, qosData:7c
07-10 00:54:52.274  5674  7451 I [MCFSDK_android_1.2.4010]_4_b: isNetworkEnabled - type : 1 ret : true
07-10 00:54:52.275  5674  7451 D WifiProfileShare.McfCast: -ME--- mIsNetworkEnabled :true
07-10 00:54:52.275  5674  7451 D WifiProfileShare.McfCast: updateQoSData ignored, same contents
07-10 00:54:52.275  5674  7451 D WifiProfileShare.MCF: success update QosData !
07-10 00:54:52.277  5674  7451 I [MCFSDK_android_1.2.4010]_4_b: isNetworkEnabled - type : 1 ret : true
07-10 00:54:52.277  5674  7451 D WifiProfileShare.McfCast: -ME--- mIsNetworkEnabled :true
07-10 00:54:52.278  5674  7451 D WifiProfileShare.McfCast: -ME--- updatePasswordDate pwdData size:2
07-10 00:54:53.702 31802 32077 I SystemBroadcastReceiver: [#CMH#] onReceive completed :  0
07-10 00:54:53.703 31802 31802 I PolicyManager: [#CMH#] onReceive action = EVENT_SIOP
07-10 00:54:53.704  5674  5674 D SemWifiP2pGoPowerSave: GopsReceiver : received : com.samsung.intent.action.CHECK_SIOP_LEVEL
07-10 00:54:53.704  5674  5674 I SemWifiP2pGoPowerSave: siop_level = -1
07-10 00:54:53.989  5674  7726 D SemWifiUsabilityStatsMonitor: onWifiUsabilityStats - seqNum 21324, isSameBssidAndFreq true
07-10 00:54:53.993  5674  6128 I SemWifiLinkQualityMonitor: Link Qos Query: 0.041 ms / 195.000 Mbps (390 / 0.000 / 2.000)
07-10 00:54:53.993  6461  6461 D NetworkController.WifiSignalController: notifyListener: visible=true, connected=true, inetCondition=1, isDefault=true, wifiTestReported=true, receivedInetCondition=-1, hideDuringMobileSwitching=false
07-10 00:54:55.712 31802 32118 I PolicyManager: [#CMH#] Is foreground game app: false
07-10 00:54:55.806 31802 32118 I ControllerUtils: [#CMH#] StoryService:  9, isNonJustShotRunningPossible: false, isStopHeavyTask: true
07-10 00:54:55.870 31802 32118 I ControllerUtils: [#CMH#] IPService:  5, isNonJustShotRunningPossible: false, isStopHeavyTask: true
07-10 00:54:55.928 31802 32118 I ControllerUtils: [#CMH#] FaceService:  2, isNonJustShotRunningPossible: false, isStopHeavyTask: true
07-10 00:54:56.992 31135 32652 I native  : I0000 00:00:1688943296.992192   32652 soda_async_impl.cc:1540] Current audio timestamp: 1688943296620242
07-10 00:54:57.053  5674  7726 D SemWifiUsabilityStatsMonitor: onWifiUsabilityStats - seqNum 21325, isSameBssidAndFreq true
07-10 00:54:57.056  5674  6128 I SemWifiLinkQualityMonitor: Link Qos Query: 0.041 ms / 195.000 Mbps (390 / 0.000 / 2.000)
07-10 00:54:57.057  6461  6461 D NetworkController.WifiSignalController: notifyListener: visible=true, connected=true, inetCondition=1, isDefault=true, wifiTestReported=true, receivedInetCondition=-1, hideDuringMobileSwitching=false
07-10 00:54:58.149 31135 31454 I A       : (REDACTED) #onAudioData: %s bytes, getAudioReadSize %s
07-10 00:54:59.567  7284  7370 I GmsPassiveListener_FLP: onGmsLocationChanged, provider=fused / speed=0.0 / time=1688943299523 / elapsed=144796359884809
07-10 00:54:59.571  5674  6523 V LocationManagerService: passive provider registration 1000/android[SensorNotificationService]/3DC7BFCB dropped delivery - too close
07-10 00:54:59.571  5674  6523 V LocationManagerService: passive provider registration 5023/com.samsung.android.networkdiagnostic/4FDF9C6D dropped delivery - too close
07-10 00:54:59.572  5674  6793 D SLocation: PositionManager - PassiveonLocationChanged fused 1688943299523
07-10 00:54:59.574  5674  6793 W SLocation: PositionManager - do not refresh last location about fused location
07-10 00:54:59.575  5674  6793 D SLocation: ARDistanceBigData - BIGDATA ARD - receive location
07-10 00:54:59.576  5674  6793 D SLocation: ARDistanceLibManager - request distance diff to AR Distance Library
07-10 00:54:59.576  5674  6793 D SLocation: SLocationCoreSem - send to coreSem, packet length : 1 / [34]
07-10 00:54:59.577  5674  6793 D SemContextLocationCoreAttribute: setAttribute() mode : 0 action : 23
07-10 00:54:59.577  5674  6793 D SemContextService: lock : changeParameters
07-10 00:54:59.577  5674  6793 D SemContext.CaeProvider.LocationCoreImpl: setAttribute() mode : 0 action : 23
07-10 00:54:59.579  5674  6793 W CAE     : setCAProperty(ContextAwareService.java:513) - [setProperty 01] Mutex is locked for SLOCATION_RUNNER
07-10 00:54:59.580  5674  6793 I CAE     : setPropertyValue(SLocationRunner.java:116) - SLocationRunner setProperty header : 34, len : 1
07-10 00:54:59.580  5674  6793 I CAE     : sendCmdToSensorHub(SensorHubCommManager.java:156) - -63, 23, 55, 34,
07-10 00:54:59.581  5674  5862 D SensorService: setSContextDataLocked ints length 2 , byte length 4
07-10 00:54:59.581  5674  5862 D SensorService: setSContextDataLocked 223717c1
07-10 00:54:59.582  5306  5306 I SensorsHub: SContextSensor::injecet_sensor_data
07-10 00:54:59.582  5306  5306 D SensorsHub: c1 17 37 22
07-10 00:54:59.582  5306  5306 D SensorsHub: inject_scontext_data: New ssp_data_injection_fd(28)
07-10 00:54:59.583  5306  5306 D SensorsHub: SContext Data Injection return 4
07-10 00:54:59.583  5306  5327 I SensorsHub: context 38 0 37 1,1,55,0,33,33,0,0,0,0,23,112,73,106,186,2,38,0,26,183,29,32,12,50,3,0,0,0,0,37,4,230,124,112,0,0,5,63, 144796416503847
07-10 00:54:59.583  5306  5327 I SensorsHub: context 10 0 9 1,1,55,0,5,2,34,0,0,0, 144796416562270
07-10 00:54:59.584  5674  6793 W CAE     : setCAProperty(ContextAwareService.java:519) - [setProperty 02] Mutex is unlocked for SLOCATION_RUNNER
07-10 00:54:59.584  5674  6793 D SemContextService: unlock : changeParameters
07-10 00:54:59.584  5674  6793 D SemContextManager:   .changeParameters : listener = com.samsung.android.location.semcontext.a@459a70d, service=SLocation Core
07-10 00:54:59.584  5674  6793 D SLocation: PositionManager - receive fused location
07-10 00:54:59.585  5674  5859 D SensorHubManager: onGetSensorHubDataLocked: library(38) = 1, 1, 55, 0, 33, 33, 0, 0, 0, 0, 23, 112, 73, 106, -70, 2, 38, 0, 26, -73, 29, 32, 12, 50, 3, 0, 0, 0, 0, 37, 4, -26, 124, 112, 0, 0, 5, 63
07-10 00:54:59.585  5674  5859 D SensorHubManager: onGetSensorHubDataLocked: library(10) = 1, 1, 55, 0, 5, 2, 34, 0, 0, 0
07-10 00:54:59.585  5674  5860 D CAE     : onGetSensorHubData(SensorHubParserProvider.java:89) - onGetSensorHubData Event [event buffer len :38], AP_WAKEUP
07-10 00:54:59.586  5674  5860 I CAE     : parse(SensorHubParserProvider.java:190) - buffer size = 38
07-10 00:54:59.586  5674  5860 I CAE     : parse(SensorHubParserProvider.java:201) - 1, 1, 55, 0, 33, 33, 0, 0, 0, 0, 23, 112, 73, 106, -70, 2, 38, 0, 26, -73, 29, 32, 12, 50, 3, 0, 0, 0, 0, 37, 4, -26, 124, 112, 0, 0, 5, 63,
07-10 00:54:59.587  5674  5860 I CAE     : parse(SLocationRunner.java:88) - SLocationRunner parse start : 3
07-10 00:54:59.587  5674  5860 D CAE     : display(ContextProvider.java:375) - ================= SLOCATION_RUNNER =================
07-10 00:54:59.588  5674  5860 I CAE     : display(ContextProvider.java:391) - ExtraDataArray=[1, 1, 55, 0, 33, 33, 0, 0, 0, 0, 23, 112, 73, 106, -70, 2, 38, 0, 26, -73, 29, 32, 12, 50, 3, 0, 0, 0, 0, 37, 4, -26, 124, 112, 0, 0, 5, 63]
07-10 00:54:59.588  5674  5860 I CAE     : parse(SLocationRunner.java:96) - SLocationRunner parse end:38
07-10 00:54:59.589  5674  5860 D CAE     : onGetSensorHubData(SensorHubParserProvider.java:89) - onGetSensorHubData Event [event buffer len :10], AP_WAKEUP
07-10 00:54:59.589  5674  5860 I CAE     : parse(SensorHubParserProvider.java:190) - buffer size = 10
07-10 00:54:59.589  5674  5860 I CAE     : parse(SensorHubParserProvider.java:201) - 1, 1, 55, 0, 5, 2, 34, 0, 0, 0,
07-10 00:54:59.590  5674  5860 I CAE     : parse(SLocationRunner.java:88) - SLocationRunner parse start : 3
07-10 00:54:59.590  5674  5857 D SemContextService: Service.updateContext() : service = SLocation Core
07-10 00:54:59.591  5325  5325 E sehhealth-service: Could not open /sys/class/power_supply/battery/lrp
07-10 00:54:59.591  5674  5674 D SemContextManager: onSemContextChanged() : event = SLocation Core
07-10 00:54:59.591  5674  5860 D CAE     : display(ContextProvider.java:375) - ================= SLOCATION_RUNNER =================
07-10 00:54:59.591  5674  5674 D SLocation: SLocationCoreSem - SemContextChanged type = 47, packet received
07-10 00:54:59.591  5674  6793 I SLocation: SemContextParser -  parse start : 3
07-10 00:54:59.591  5674  6793 I SLocation: SemContextParser -  packet Length : 33packet total size : 38
07-10 00:54:59.591  5674  6793 I SLocation: SemContextParser - packet : [33, 0, 0, 0, 0, 23, 112, 73, 106, -70, 2, 38, 0, 26, -73, 29, 32, 12, 50, 3, 0, 0, 0, 0, 37, 4, -26, 124, 112, 0, 0, 5, 63]
07-10 00:54:59.591  5674  6793 D SLocation: GeofenceCoreManager - received Extra Data from core, len : 33
07-10 00:54:59.592  5674  6793 D SLocation: ARDistanceGetARDistance - convertSensorHubTimeToElapsedTime 1688928894201496833
07-10 00:54:59.592  5674  6793 D SLocation: ARDistanceGetARDistance - invalid location time from core pvt 1688928894201496833, do not use distance info
07-10 00:54:59.592  5674  6793 D SLocation: CommonCoreManager - received Extra Data from core, len : 33
07-10 00:54:59.592  5674  5860 I CAE     : display(ContextProvider.java:391) - ExtraDataArray=[1, 1, 55, 0, 5, 2, 34, 0, 0, 0]
07-10 00:54:59.593  5674  5860 I CAE     : parse(SLocationRunner.java:96) - SLocationRunner parse end:10
07-10 00:54:59.593  5674  5857 D SemContextService: Service.updateContext() : service = SLocation Core
07-10 00:54:59.594  5674  5674 D SemContextManager: onSemContextChanged() : event = SLocation Core
07-10 00:54:59.594  5674  5674 D SLocation: SLocationCoreSem - SemContextChanged type = 47, packet received
07-10 00:54:59.594  5674  6793 I SLocation: SemContextParser -  parse start : 3
07-10 00:54:59.594  5674  6793 I SLocation: SemContextParser -  packet Length : 5packet total size : 10
07-10 00:54:59.594  5674  6793 I SLocation: SemContextParser - packet : [2, 34, 0, 0, 0]
07-10 00:54:59.595  5674  6793 D SLocation: GeofenceCoreManager - received Extra Data from core, len : 5
07-10 00:54:59.595  5674  6793 D SLocation: GeofenceCoreManager - handleCommandCallback - UNKNOWN_CALLBACK 34 SUCCESS
07-10 00:54:59.595  5674  6793 D SLocation: ARDistanceLibManager - command callback received - CURRENT_LOCATION_REQUEST_DISTANCE ERROR CODE : ERROR_NONE
07-10 00:54:59.595  5674  6793 D SLocation: CommonCoreManager - received Extra Data from core, len : 5
07-10 00:54:59.619 16924 17193 I GCoreUlr: Successfully inserted 1 locations
07-10 00:54:59.796 16924 18859 I SemanticLocation: (REDACTED) [Inferrer] %s%s
07-10 00:55:00.008  6461  6461 D KeyguardUpdateMonitor: received broadcast android.intent.action.TIME_TICK
07-10 00:55:00.009  6461  7078 D QSClockBellTower: onReceive(android.intent.action.TIME_TICK) mTimeZoneString:null
07-10 00:55:00.009  6461  6461 D KeyguardUpdateMonitor: handleTimeUpdate
07-10 00:55:00.017  6461  6461 D FaceWidgetPagesController: onTimeChanged()
07-10 00:55:00.017  5313  5394 I HYPER-HAL: [RequestManager.cpp]releaseLocked(): Released ID : 48407882
07-10 00:55:00.023  6461  6461 D QSClockBellTower: He is ready to ring the bell. (((QSClockBellSound - TimeText:00:55, TimeContentDescription:00:55, DateText:Mon, 10 July, ShortDateText:Mon, 10 Jul, Demo:false, QuickStar-Second(false|12:34:56))))
07-10 00:55:00.025  6461  6461 D QSClockIndicatorView: Home Indicator status_bar_clock 00:55 notifyTimeChanged(QSClockBellSound - TimeText:00:55, TimeContentDescription:00:55, DateText:Mon, 10 July, ShortDateText:Mon, 10 Jul, Demo:false, QuickStar-Second(false|12:34:56)) ClockVisibleByPolicy:true, ClockVisibleByUser:true, visible?false, parent:android.widget.LinearLayout{503272 V.E...... ......I. 0,0-0,55 #7f0b04f0 app:id/left_clock_container}
07-10 00:55:00.026  6461  6461 D QSClockBellTower: Everyone heard the bell. run(currentTime:1688943300018,   getTime():Mon Jul 10 00:55:00 GMT+02:00 2023,   getTimeZone():libcore.util.ZoneInfo[mDstSavings=3600000,mUseDst=true,mDelegate=[id="Europe/Belgrade",mRawOffset=3600000,mEarliestRawOffset=4920000,transitions=119]])
07-10 00:55:00.087  6461  6461 I FaceWidgetPositionAlgorithm: getClockContainerHeight() supplier = 270, bottom margin = 0, real height = 333
07-10 00:55:00.088  6461  6461 I FaceWidgetPositionAlgorithm: getClockContainerHeight() supplier = 270, bottom margin = 63, real height = 333
07-10 00:55:00.088  6461  6461 I FaceWidgetPositionAlgorithm: getMediaContainerHeight() height = 0 container Visibility = 8, isValid = false, mIsDozing = false, fraction = 1.0, source = 0, target = 0
07-10 00:55:00.088  6461  6461 I FaceWidgetPositionAlgorithm: getMediaContainerHeight() supplier = 0
07-10 00:55:00.090  6461  6461 V QsExpandAnimator: setQsExpansionPosition 0.0
07-10 00:55:00.092  5674  7726 D SemWifiUsabilityStatsMonitor: onWifiUsabilityStats - seqNum 21326, isSameBssidAndFreq true
07-10 00:55:00.095  5674  6128 I SemWifiLinkQualityMonitor: Link Qos Query: 0.041 ms / 195.000 Mbps (390 / 0.000 / 2.000)
07-10 00:55:00.099  6461  6461 V QsExpandAnimator: updateAnimators
07-10 00:55:00.099  6461  6461 V QsExpandAnimator: clearAnimationState
07-10 00:55:00.099  6461  6461 V QsExpandAnimator: updateViews
07-10 00:55:00.102  6461  6461 V QsExpandAnimator: updateTileAnimator
07-10 00:55:00.103  6461  6461 V QsExpandAnimator: updateHeaderAnimator
07-10 00:55:00.104  6461  6461 V QsExpandAnimator: updateBarAnimator
07-10 00:55:00.104  6461  6461 V QsExpandAnimator: setQsExpansionPosition 0.0
07-10 00:55:00.104  6461  6461 V QsExpandAnimator: onAnimationAtStart
07-10 00:55:03.150  5674  7726 D SemWifiUsabilityStatsMonitor: onWifiUsabilityStats - seqNum 21327, isSameBssidAndFreq true
07-10 00:55:03.156  5674  6128 I SemWifiLinkQualityMonitor: Link Qos Query: 0.041 ms / 195.000 Mbps (390 / 0.000 / 2.000)
07-10 00:55:04.673  5674  7463 D PackageManager: setEnabledSetting : userId = 0 packageName = com.Slack cmp = androidx.work.impl.background.systemalarm.RescheduleReceiver newState = 1 callingPackage = 10329/com.Slack
07-10 00:55:04.676  5674  7463 D ApplicationPolicy: getApplicationStateEnabled : pkg = com.Slack userId : 0
07-10 00:55:04.681  5674  7463 D ApplicationPolicy: getApplicationComponentState : pkg = com.Slack userId : 0
07-10 00:55:04.723  5353  6075 V APM_AudioPolicyManager: setAppState(portId:1005, state:1)
07-10 00:55:04.724  5674  5745 W libprocessgroup: Failed to open /dev/blkio//cgroup.procs: No such file or directory
07-10 00:55:04.744 15049 15246 D ConnectivityManager: StackLog: [android.net.ConnectivityManager.sendRequestForNetwork(ConnectivityManager.java:4300)] [android.net.ConnectivityManager.registerDefaultNetworkCallbackForUid(ConnectivityManager.java:4864)] [android.net.ConnectivityManager.registerDefaultNetworkCallback(ConnectivityManager.java:4831)] [android.net.ConnectivityManager.registerDefaultNetworkCallback(ConnectivityManager.java:4805)] [androidx.work.impl.utils.NetworkApi24.registerDefaultNetworkCallbackCompat(Unknown Source:11)] [androidx.work.impl.constraints.trackers.NetworkStateTracker24.startTracking(Unknown Source:15)] [androidx.work.impl.constraints.controllers.ConstraintController.replace(Unknown Source:130)] [androidx.work.impl.constraints.WorkConstraintsTrackerImpl.replace(Unknown Source:41)] [androidx.work.impl.background.greedy.GreedyScheduler.schedule(Unknown Source:302)] [androidx.work.impl.Schedulers.schedule(Unknown Source:155)] [androidx.work.impl.utils.EnqueueRunnable.run(Unknown Source:53)] [androidx.work.Worker$2.run$androidx$work$impl$utils$SerialExecutorImpl$Task(Unknown Source:4)] [androidx.work.Worker$2.run(Unknown Source:868)] [java.util.concurrent.ThreadPoolExecutor.runWorker(ThreadPoolExecutor.java:1137)] [java.util.concurrent.ThreadPoolExecutor$Worker.run(ThreadPoolExecutor.java:637)] [java.lang.Thread.run(Thread.java:1012)]
07-10 00:55:04.747  5674  9681 D ConnectivityService: requestNetwork for uid/pid:10329/15049 activeRequest: null callbackRequest: 16502 [NetworkRequest [ REQUEST id=16503, [ Capabilities: INTERNET&NOT_RESTRICTED&TRUSTED&NOT_VCN_MANAGED Uid: 10329 RequestorUid: 10329 RequestorPkg: com.Slack UnderlyingNetworks: Null] ]] callback flags: 0 order: 2147483647
07-10 00:55:04.749  5674  6055 D ConnectivityService:    accepting network in place of null
07-10 00:55:04.755  5674  6045 D WifiNetworkFactory: got request NetworkRequest [ REQUEST id=16503, [ Capabilities: INTERNET&NOT_RESTRICTED&TRUSTED&NOT_VCN_MANAGED Uid: 10329 RequestorUid: 10329 RequestorPkg: com.Slack UnderlyingNetworks: Null] ]
07-10 00:55:04.756  5674  6045 D UntrustedWifiNetworkFactory: got request NetworkRequest [ REQUEST id=16503, [ Capabilities: INTERNET&NOT_RESTRICTED&TRUSTED&NOT_VCN_MANAGED Uid: 10329 RequestorUid: 10329 RequestorPkg: com.Slack UnderlyingNetworks: Null] ]
07-10 00:55:04.758  5674  6045 D OemPaidWifiNetworkFactory: got request NetworkRequest [ REQUEST id=16503, [ Capabilities: INTERNET&NOT_RESTRICTED&TRUSTED&NOT_VCN_MANAGED Uid: 10329 RequestorUid: 10329 RequestorPkg: com.Slack UnderlyingNetworks: Null] ]
07-10 00:55:04.760  5674  6045 D MultiInternetWifiNetworkFactory: got request NetworkRequest [ REQUEST id=16503, [ Capabilities: INTERNET&NOT_RESTRICTED&TRUSTED&NOT_VCN_MANAGED Uid: 10329 RequestorUid: 10329 RequestorPkg: com.Slack UnderlyingNetworks: Null] ]
07-10 00:55:04.766  5674  6055 D ConnectivityService: Rematched networks [computed 2ms] [applied 1ms] [issued 15]
07-10 00:55:04.766  5674  6055 D ConnectivityService: NetworkReassignment :
07-10 00:55:04.766  5674  6055 D ConnectivityService:   16503 : null → 118
07-10 00:55:04.773 15049 15049 D ConnectivityManager: StackLog: [android.net.ConnectivityManager.unregisterNetworkCallback(ConnectivityManager.java:4972)] [androidx.work.impl.utils.NetworkApi21.unregisterNetworkCallbackCompat(Unknown Source:11)] [androidx.work.impl.constraints.trackers.NetworkStateTracker24.stopTracking(Unknown Source:15)] [androidx.work.impl.constraints.trackers.ConstraintTracker.removeListener(Unknown Source:24)] [androidx.work.impl.constraints.controllers.ConstraintController.replace(Unknown Source:81)] [androidx.work.impl.constraints.WorkConstraintsTrackerImpl.replace(Unknown Source:41)] [androidx.work.impl.background.greedy.GreedyScheduler.onExecuted(Unknown Source:55)] [androidx.work.impl.Processor.onExecuted(Unknown Source:59)] [com.bugsnag.android.DeliveryDelegate$1.run(Unknown Source:212)]
07-10 00:55:04.776  5674  6055 D ConnectivityService:  Removing from current network [118 WIFI], leaving 153 requests.
07-10 00:55:04.784  5353  6075 V APM_AudioPolicyManager: setAppState(portId:1005, state:1)
07-10 00:55:04.793  5353  6075 V APM_AudioPolicyManager: setAppState(portId:1005, state:1)
07-10 00:55:06.026  5262  5262 E audit   : type=1400 audit(1688943306.021:69552): avc:  denied  { getattr } for  pid=5674 comm="BinderProcsColl" path="/sys/kernel/debug/binder/proc/5674" dev="debugfs" ino=32119 scontext=u:r:system_server:s0 tcontext=u:object_r:sec_debugfs:s0 tclass=file permissive=0 SEPF_SM-A515F_13_0001 audit_filtered
07-10 00:55:06.026  5262  5262 E audit   : type=1300 audit(1688943306.021:69552): arch=c00000b7 syscall=79 success=no exit=-13 a0=ffffff9c a1=7af0526730 a2=79df9bd680 a3=0 items=0 ppid=5287 pid=5674 auid=4294967295 uid=1000 gid=1000 euid=1000 suid=1000 fsuid=1000 egid=1000 sgid=1000 fsgid=1000 tty=(none) ses=4294967295 comm="BinderProcsColl" exe="/system/bin/app_process64" subj=u:r:system_server:s0 key=(null)
07-10 00:55:06.026  5262  5262 E audit   : type=1327 audit(1688943306.021:69552): proctitle="system_server"
07-10 00:55:06.194  5674  7726 D SemWifiUsabilityStatsMonitor: onWifiUsabilityStats - seqNum 21328, isSameBssidAndFreq true
07-10 00:55:06.198  5674  6128 I SemWifiLinkQualityMonitor: Link Qos Query: 0.041 ms / 195.000 Mbps (390 / 0.000 / 2.000)
07-10 00:55:08.465  5674  6055 D ConnectivityService: reportNetworkActive, notify 0 listeners
07-10 00:55:09.254  5674  7726 D SemWifiUsabilityStatsMonitor: onWifiUsabilityStats - seqNum 21329, isSameBssidAndFreq true
07-10 00:55:09.260  5674  6128 I SemWifiLinkQualityMonitor: Link Qos Query: 0.137 ms / 58.500 Mbps (351 / 0.000 / 6.000)
07-10 00:55:09.262  6461  6461 D NetworkController.WifiSignalController: notifyListener: visible=true, connected=true, inetCondition=1, isDefault=true, wifiTestReported=true, receivedInetCondition=-1, hideDuringMobileSwitching=false
07-10 00:55:12.316  5674  7726 D SemWifiUsabilityStatsMonitor: onWifiUsabilityStats - seqNum 21330, isSameBssidAndFreq true
07-10 00:55:12.320  5674  6128 I SemWifiLinkQualityMonitor: Link Qos Query: 0.055 ms / 146.000 Mbps (292 / 0.000 / 2.000)
07-10 00:55:12.769  5306  5327 I SensorsHub: context 10 0 9 1,1,26,1,4,235,56,232,1,2, 144809601357799
07-10 00:55:12.771  5674  5859 D SensorHubManager: onGetSensorHubDataLocked: library(10) = 1, 1, 26, 1, 4, -21, 56, -24, 1, 2
07-10 00:55:12.772  5674  5860 D CAE     : onGetSensorHubData(SensorHubParserProvider.java:89) - onGetSensorHubData Event [event buffer len :10], AP_WAKEUP
07-10 00:55:12.773  5674  5860 I CAE     : parse(SensorHubParserProvider.java:190) - buffer size = 10
07-10 00:55:12.774  5674  5860 I CAE     : parse(SensorHubParserProvider.java:201) - 1, 1, 26, 1, 4, -21, 56, -24, 1, 2,
07-10 00:55:12.775  5674  5860 E CAE     : parse(SensorHubModeHandler.java:72) - ERROR : Service is not registered
07-10 00:55:12.776  5674  5860 E CAE     : onGetSensorHubData(SensorHubParserProvider.java:112) - ERROR : Data field parsing error
07-10 00:55:13.698  6461  6566 D MobileStatusTracker(1/2): onSignalStrengthsChanged level=2, vendorLevel=1
07-10 00:55:13.709  6461  6566 D MobileSignalController(1/2): notifyListener: enabled=true, connected=true, dataConnected=false, networkType=LTE (4G), emergencyOnly=false, roaming=false, isDefault=false, dataActivity=, level=1, ca=false, mmWave=false, disabledDataIcon=false, simCard=ETC
07-10 00:55:13.715  6461  6566 D NetworkController: SignalStrength from intent slotId=1
07-10 00:55:15.376  5674  7726 D SemWifiUsabilityStatsMonitor: onWifiUsabilityStats - seqNum 21331, isSameBssidAndFreq true
07-10 00:55:15.384  5674  6128 I SemWifiLinkQualityMonitor: Link Qos Query: 0.034 ms / 234.000 Mbps (351 / 0.000 / 1.500)
07-10 00:55:18.432  5674  7726 D SemWifiUsabilityStatsMonitor: onWifiUsabilityStats - seqNum 21332, isSameBssidAndFreq true
07-10 00:55:18.435  5674  6128 I SemWifiLinkQualityMonitor: Link Qos Query: 0.041 ms / 195.000 Mbps (390 / 0.000 / 2.000)
07-10 00:55:21.472  5674  7726 D SemWifiUsabilityStatsMonitor: onWifiUsabilityStats - seqNum 21333, isSameBssidAndFreq true
07-10 00:55:21.481  5674  6128 I SemWifiLinkQualityMonitor: Link Qos Query: 0.041 ms / 195.000 Mbps (390 / 0.000 / 2.000)
07-10 00:55:21.481  6461  6461 D NetworkController.WifiSignalController: notifyListener: visible=true, connected=true, inetCondition=1, isDefault=true, wifiTestReported=true, receivedInetCondition=-1, hideDuringMobileSwitching=false
07-10 00:55:24.520  5674  7726 D SemWifiUsabilityStatsMonitor: onWifiUsabilityStats - seqNum 21334, isSameBssidAndFreq true
07-10 00:55:24.523  5674  6128 I SemWifiLinkQualityMonitor: Link Qos Query: 0.041 ms / 195.000 Mbps (390 / 0.000 / 2.000)
07-10 00:55:25.151  5674  7463 D TelephonyManager: requestModemActivityInfo: Sending result to app: ModemActivityInfo{ mTimestamp=144821981 mSleepTimeMs=82547017 mIdleTimeMs=4012125 mActivityStatsTechSpecificInfo=[{mRat=UNKNOWN,mFrequencyRange=UNKNOWN,mTxTimeMs[]=[35824, 8014, 6382, 416, 53741],mRxTimeMs=52174918}]}
07-10 00:55:26.651  5306  5327 I SensorsHub: context 6 0 5 1,1,55,0,1,3, 144823483716943
07-10 00:55:26.652  5674  5859 D SensorHubManager: onGetSensorHubDataLocked: library(6) = 1, 1, 55, 0, 1, 3
07-10 00:55:26.653  5674  5860 D CAE     : onGetSensorHubData(SensorHubParserProvider.java:89) - onGetSensorHubData Event [event buffer len :6], AP_WAKEUP
07-10 00:55:26.654  5674  5860 I CAE     : parse(SensorHubParserProvider.java:190) - buffer size = 6
07-10 00:55:26.655  5674  5860 I CAE     : parse(SensorHubParserProvider.java:201) - 1, 1, 55, 0, 1, 3,
07-10 00:55:26.656  5674  5860 I CAE     : parse(SLocationRunner.java:88) - SLocationRunner parse start : 3
07-10 00:55:26.657  5674  5860 D CAE     : display(ContextProvider.java:375) - ================= SLOCATION_RUNNER =================
07-10 00:55:26.658  5674  5860 I CAE     : display(ContextProvider.java:391) - ExtraDataArray=[1, 1, 55, 0, 1, 3]
07-10 00:55:26.659  5674  5860 I CAE     : parse(SLocationRunner.java:96) - SLocationRunner parse end:6
07-10 00:55:26.659  5674  5857 D SemContextService: Service.updateContext() : service = SLocation Core
07-10 00:55:26.661  5674  5674 D SemContextManager: onSemContextChanged() : event = SLocation Core
07-10 00:55:26.661  5674  5674 D SLocation: SLocationCoreSem - SemContextChanged type = 47, packet received
07-10 00:55:26.662  5674  6793 I SLocation: SemContextParser -  parse start : 3
07-10 00:55:26.662  5674  6793 I SLocation: SemContextParser -  packet Length : 1packet total size : 6
07-10 00:55:26.662  5674  6793 I SLocation: SemContextParser - packet : [3]
07-10 00:55:26.662  5674  6793 D SLocation: GeofenceCoreManager - received Extra Data from core, len : 1
07-10 00:55:26.666  5674  6793 D SLocation: CommonCoreManager - received Extra Data from core, len : 1
07-10 00:55:26.666  5674  6793 D SLocation: PositionManager - last location time exceed threshold 323132 / 30000
07-10 00:55:26.666  5674  6793 D SLocation: GeopointGeofenceManager - getLastLocation is abnromal!
07-10 00:55:26.667  5674  6793 D SLocation: LocationProviderStatus - try to update provider status (GPS/NLP)
07-10 00:55:26.667  5674  6793 D SLocation: LocationProviderStatus - set isGpsOn : true, isNlpOn : true
07-10 00:55:26.667  5674  6793 D SLocation: LocationProviderStatus - gps & nlp status not changed
07-10 00:55:26.667  5674  6793 D SLocation: SContentManager - IsNetworkAvailable = true
07-10 00:55:26.667 11611 11645 D Benchmark: timeNs[ 0:10]: 5454 5433 4770 4759 4665 4664 4640 5278 4735 4818
07-10 00:55:26.667  5674  6793 D SLocation: PositionManager - requestLocationUpdates(1) : NETWORK_PROVIDER
07-10 00:55:26.668  5674  6793 D SLocation: NLPManager - requestUpdate - NLP
07-10 00:55:26.668 11611 11645 D Benchmark: timeNs[10:20]: 5040 5268 5191 4668 5111 4712 5336 4920 4690 4960
07-10 00:55:26.668 11611 11645 D Benchmark: timeNs[20:30]: 5111 4914 4849 5025 5068 4665 4731 4895 5159 4673
07-10 00:55:26.668 11611 11645 D Benchmark: timeNs[30:40]: 5145 5253 5258 4673 4705 5298 4903 4976 5029 5171
07-10 00:55:26.668 11611 11645 D Benchmark: timeNs[40:50]: 4946 5247 5172 5000 4927 4971 4701 5020 4746 4785
07-10 00:55:26.671  5674  6793 D LocationManagerService: network provider added registration from 1000/android[SLocationService]/4FF31C5B -> Request[@0 BALANCED, WorkSource{1000 android}]
07-10 00:55:26.713  7284  7370 I RequestManager_FLP: request from system, change packageName from system to system(slocation)
07-10 00:55:26.716  7284  7370 E RequestManager_FLP: [LocationManager] Location request 4FF31C5B(Listener) network interval=0ms (min=0ms) from system(slocation) (1000_FINE_unknown_false_foreground)
07-10 00:55:26.754 16924 17836 W SystemServiceRegistry: No service published for: wifirtt
07-10 00:55:26.784 11611 11645 W _benchmark.test: Suspending all threads took: 6.908ms
07-10 00:55:26.790  6877  7137 I PhoneStateTracker<1>: onCellInfoChanged: xxxxx
07-10 00:55:26.791  6877  7137 I ImsCallSessionManager: onCellInfoChanged, phoneId: 1
07-10 00:55:26.791  6877  7137 I RegiMgr-Handler: handleMessage: EVENT_CELL_INFO_CHANGED
07-10 00:55:26.793  6877  7137 I RegiMgr<1>: updatePani RegisterTask[1][mProfile=Telenor Serbia IMS, mRegistrationRat=13, mPdnType=11, mState=REGISTERED, mObject=UserAgent - :
07-10 00:55:26.793  6877  7137 I RegiMgr<1>:  total records=824
07-10 00:55:26.793  6877  7137 I RegiMgr<1>:  rec[0]: time=07-10 00:33:30.273 processed=ReadyState org=RegisteredState dest=<null> what=34(0x22)
07-10 00:55:26.793  6877  7137 I RegiMgr<1>:  rec[1]: time=07-10 00:33:30.290 processed=RegisteredState org=RegisteredState dest=<null> what=2000(0x7d0)
07-10 00:55:26.793  6877  7137 I RegiMgr<1>:  rec[2]: time=07-10 00:33:33.631 processed=ReadyState org=RegisteredState dest=<null> what=34(0x22)
07-10 00:55:26.793  6877  7137 I RegiMgr<1>:  rec[3]: time=07-10 00:33:33.633 processed=RegisteredState org=RegisteredState dest=<null> what=2000(0x7d0)
07-10 00:55:26.793  6877  7137 I RegiMgr<1>:  rec[4]: time=07-10 00:38:59.728 processed=ReadyState org=RegisteredState dest=<null> what=34(0x22)
07-10 00:55:26.793  6877  7137 I RegiMgr<1>:  rec[5]: time=07-10 00:38:59.740 processed=RegisteredState org=RegisteredState dest=<null> what=2000(0x7d0)
07-10 00:55:26.793  6877  7137 I RegiMgr<1>:  rec[6]: time=07-10 00:39:02.885 processed=ReadyState org=RegisteredState dest=<null> what=34(0x22)
07-10 00:55:26.793  6877  7137 I RegiMgr<1>:  rec[7]: time=07-10 00:39:02.887 processed=RegisteredState org=RegisteredState dest=<null> what=2000(0x7d0)
07-10 00:55:26.793  6877  7137 I RegiMgr<1>:  rec[8]: time=07-10 00:44:28.639 processed=ReadyState org=RegisteredState dest=<null> what=34(0x22)
07-10 00:55:26.793  6877  7137 I RegiMgr<1>:  rec[9]: time=07-10 00:44:28.656 processed=RegisteredState org=RegisteredState dest=<null> what=2000(0x7d0)
07-10 00:55:26.793  6877  7137 I RegiMgr<1>:  rec[10]: time=07-10 00:44:31.547 processed=ReadyState org=RegisteredState dest=<null> what=34(0x22)
07-10 00:55:26.793  6877  7137 I RegiMgr<1>:  rec[11]: time=07-10 00:44:31.549 processed=RegisteredState org=RegisteredState dest=<null> what=2000(0x7d0)
07-10 00:55:26.793  6877  7137 I RegiMgr<1>:  rec[12]: time=07-10 00:46:23.476 processed=RegisteredState org=RegisteredState dest=<null> what=8(0x8)
07-10 00:55:26.793  6877  7137 I RegiMgr<1>:  rec[13]: time=07-10 00:46:23.732 processed=RegisteredState org=RegisteredState dest=<null> what=1000(0x3e8)
07-10 00:55:26.793  6877  7137 I RegiMgr<1>:  rec[14]: time=07-10 00:46:35.177 processed=ReadyState org=RegisteredState dest=<null> what=34(0x22)
07-10 00:55:26.793  6877  7137 I RegiMgr<1>:  rec[15]: time=07-10 00:46:35.179 processed=RegisteredState org=RegisteredState dest=<null> what=2000(0x7d0)
07-10 00:55:26.793  6877  7137 I RegiMgr<1>:  rec[16]: time=07-10 00:49:57.531 processed=ReadyState org=RegisteredState dest=<null> what=34(0x22)
07-10 00:55:26.793  6877  7137 I RegiMgr<1>:  rec[17]: time=07-10 00:49:57.532 processed=RegisteredState org=RegisteredState dest=<null> what=2000(0x7d0)
07-10 00:55:26.793  6877  7137 I RegiMgr<1>:  rec[18]: time=07-10 00:50:00.625 processed=ReadyState org=RegisteredState dest=<null> what=34(0x22)
07-10 00:55:26.793  6877  7137 I RegiMgr<1>:  rec[19]: time=07-10 00:50:00.627 processed=RegisteredState org=RegisteredState dest=<null> what=2000(0x7d0)
07-10 00:55:26.793  6877  7137 I RegiMgr<1>: curState=RegisteredState
07-10 00:55:26.793  6877  7137 I RegiMgr<1>: , mReason=, mPcscfHostname=null, mDeregiReason=41]
07-10 00:55:26.795  6877  7137 I PaniGenerator<1>: generate: subId=2, network=13
07-10 00:55:26.795  6877  7137 I PaniGenerator<1>: generate: network=13, fallbackPlmn=22001
07-10 00:55:26.795  6877  7137 I PdnController<1>: getAllCellInfo mNeedCellLocationUpdate : false
07-10 00:55:26.795  6877  7137 I PaniGenerator: generate: change to NW PLMN(22001)
07-10 00:55:26.795  6877  7137 I PaniGenerator: setLkcForLastPani: No Last PANI header for Telenor Serbia IMS
07-10 00:55:26.795  6877  7137 I UserAgent<1>: updatePani: pani=3GPP-E-UTRAN-FDD;utran-cell-id-3gpp=220012b7301a3e03, updatePani: lastPani=
07-10 00:55:26.796  6877  7320 I StackIF : updatePani: 15 pani: [3GPP-E-UTRAN-FDD;utran-cell-id-3gpp=220012b7301a3e03]
07-10 00:55:26.796  6877  7137 I RegiMgr<1>: tryRegister:
07-10 00:55:26.796  6877  7320 I SECIMSJ : [1518]> 140
07-10 00:55:26.797  6877  7137 I RegiMgr<0>: RegisterTask(s): Megafon VoLTE (IDLE)
07-10 00:55:26.797  6877  7137 I RegiMgr<1>: RegisterTask(s): Telenor Serbia IMS (REGISTERED, rat = 13, service = [mmtel-video, smsip, mmtel]), Global GC RCS (IDLE)
07-10 00:55:26.797  6877  7137 I RcsPolicyMgr<1>: pendingRcsRegister: mActiveDataPhoneId = 1
07-10 00:55:26.797  6877  7137 I RcsPolicyMgr<1>: pendingRcsRegister: mActiveDataPhoneId = 1
07-10 00:55:26.797  6877  7137 I RegisterTask: isSuspended: mSuspended(false) mSuspendByIrat(false)
07-10 00:55:26.797  6877  7137 I RegiMgr<1>: [Global GC RCS|IDLE] checkForTryRegister id: 1003
07-10 00:55:26.797  6877  7137 I RegiMgr : isPdnConnected: false, PdnType: 1
07-10 00:55:26.798  6877  7330 I [IMS6.0]: IMS_onResponse()
07-10 00:55:26.798  6877  7330 I StackIF : processMessage 2
07-10 00:55:26.798  6877  7330 I StackIF : Processing Response
07-10 00:55:26.799  6877  7330 I SECIMSJ : [1518]< 600
07-10 00:55:26.799  6877  7330 I StackIF : processResponse: reqId 600
07-10 00:55:26.799  6877  7330 I StackIF : processResponse: handle 15 result 0 reason 0
07-10 00:55:26.800  6877  7137 I PdnController: getDefaultNetworkBearer:  WIFI
07-10 00:55:26.802  6877  7137 I PdnController: isWifiConnected: [type: WIFI[], state: CONNECTED/CONNECTED, reason: (unspecified), extra: , failover: false, available: true, roaming: false]
07-10 00:55:26.802  6877  7137 I RegiMgr-Utils<1>: findBestNetwork: WIFI needWifiNetwork = true
07-10 00:55:26.803  6877  7137 I RegiGvnBase<1>: isReadyToDualRegister : true
07-10 00:55:26.806  6877  7137 I RegiMgr<1>: [Global GC RCS|IDLE] checkInitialRegistrationIsReady: APM ON [false], Roamimg [false]
07-10 00:55:26.806  6877  7137 I RcsPolicyMgr<1>: pendingRcsRegister: mActiveDataPhoneId = 1
07-10 00:55:26.806  6877  7137 I ImsProfile: isRttSupportByCallApp : false ttyType : 1
07-10 00:55:26.806  6877  7137 I RegiMgr-Utils<1>: getPriorityRegiedTask : isPriority  High? true
07-10 00:55:26.807  6877  7137 I RegiGvnBase: checkRegiStatus: getState()=IDLE mIsUpdateRegistering=false
07-10 00:55:26.807  6877  7137 I RegiMgr<1>: getTelephonyCallStatus:
07-10 00:55:26.811  6877  7137 I ConfigProvider: query uri:xxxxx
07-10 00:55:26.813 22079 22079 I wpa_supplicant: nl80211: Drv Event 33 (NL80211_CMD_TRIGGER_SCAN) received for wlan0
07-10 00:55:26.820  6877  7137 I ConfigProvider: queryStorage path content://com.samsung.rcs.autoconfigurationprovider/parameter/version#simslot1
07-10 00:55:26.825 22079 22079 I wpa_supplicant: wlan0: nl80211: Scan trigger
07-10 00:55:26.833  6877  7137 E GlobalSettingsRepoBase: globalgcsettings No matched key : dual_rcs_policy
07-10 00:55:26.835  6877  7137 I ImsServiceSwitchEur[1]:  isRcsEnabled: true mDefaultSms true mUpsmEnabled false mEmergencyEnabled false
07-10 00:55:26.839  6877  7137 I ConfigTrigger<1>: isWaitAutoConfig:
07-10 00:55:26.839  6877  7137 E GlobalSettingsRepoBase: globalgcsettings No matched key : dual_rcs_policy
07-10 00:55:26.841  6877  7137 I ImsServiceSwitchEur[1]:  isRcsEnabled: true mDefaultSms true mUpsmEnabled false mEmergencyEnabled false
07-10 00:55:26.841  6877  7137 I RegiMgr-Utils: selectPdnType: rat=18pdn=1
07-10 00:55:26.841  6877  7137 I RegiMgr<1>: getServiceForNetwork: network 18
07-10 00:55:26.841  6877  7137 I RegiMgr<1>: getServiceForNetwork: service {options, chatbot-communication, ft_http, im, euc, gls}
07-10 00:55:26.852  6877  7137 I ConfigTrigger<1>: isValidAcsVersion:
07-10 00:55:26.852  6877  7137 E GlobalSettingsRepoBase: globalgcsettings No matched key : dual_rcs_policy
07-10 00:55:26.854  6877  7137 I ConfigProvider: query uri:xxxxx
07-10 00:55:26.861  6877  7137 I ConfigProvider: queryStorage path content://com.samsung.rcs.autoconfigurationprovider/parameter/version#simslot1
07-10 00:55:26.863  5674  6523 D SecContentProvider2: query(), uri = 18 selection = isRCSEnabled
07-10 00:55:26.863  5674  6523 I PhoneRestrictionPolicy: isRCSEnabledInternal(), showMsg: false, columnName: enableRCS
07-10 00:55:26.864  5674  6523 E PhoneRestrictionPolicy: getEmergencyCall >>false
07-10 00:55:26.864  5674  6523 I PhoneRestrictionPolicy: isRCSEnabledInternal(), showMsg: false, columnName: enableRCSForSimSlot1
07-10 00:55:26.865  5674  6523 E PhoneRestrictionPolicy: getEmergencyCall >>false
07-10 00:55:26.866  6877  7137 I ConfigTrigger<1>: RCS switch: true, version: 0, isRcsAcsCompleted: true
07-10 00:55:26.866  6877  7137 I ConfigTrigger<1>: version is improper : 0
07-10 00:55:26.868  6877  7137 I RegiGvnBase: isVideoCallEnabled: Enable
07-10 00:55:26.868  6877  7137 I RegiMgr<1>: getServiceForNetwork: filtered service []
07-10 00:55:26.868  6877  7137 I RegiMgr<1>: Global GC RCS: no ims service for current rat18
07-10 00:55:26.870  6877  7137 I PdnController: slot[1]: stopPdnConnectivity: network 1, callback is null
07-10 00:55:26.871  6877  7137 E PdnController<1>: requestStopNetwork: callback not found
07-10 00:55:26.871  6877  7137 E #IMSCR  : 07-10 00:55:26 0x1101000B:1,FILTERED ALL:1
07-10 00:55:26.871  6877  7137 I PdnController: handleMessage: what 107
07-10 00:55:26.871  6877  7137 I PdnController: slot[1]: requestStopNetwork: network 1, callback is null
07-10 00:55:26.991 31135 32652 I native  : I0000 00:00:1688943326.990759   32652 soda_async_impl.cc:1540] Current audio timestamp: 1688943326620242
07-10 00:55:27.093  5362  5362 I SurfaceFlinger: SFWD update time=133576463204535
07-10 00:55:27.220 11611 11645 D Benchmark: allocationCount[ 0:10]: 100 100 100 100 100
07-10 00:55:27.220 11611 11645 D Benchmark: Set 11645 (Bench thread) to priority -8. Was -20, now -8
07-10 00:55:27.220 11611 11645 D Benchmark: Set 11624 (Jit) to priority 9. Was -15, now 9
07-10 00:55:27.220 11611 11645 D Benchmark: Warmup: t=8.000, iter=1054024, fastAvg=8756, slowAvg=7106
07-10 00:55:27.220 11611 11645 I PerfettoCapture: Stopping perfetto.
07-10 00:55:27.258 18833 18833 I perfetto:    perfetto_cmd.cc:1168 SIGINT/SIGTERM received: disabling tracing.
07-10 00:55:27.259 11611 11645 D Benchmark: kill -TERM command output -
07-10 00:55:27.271  5424  5424 I perfetto:  probes_producer.cc:396 Producer stop (id=1261)
07-10 00:55:27.274  5424  5424 I perfetto:    ftrace_procfs.cc:342 disabled ftrace in /sys/kernel/tracing/
07-10 00:55:27.328  4380  4380 I hwservicemanager: getTransport: Cannot find entry android.hardware.atrace@1.0::IAtraceDevice/default in either framework or device VINTF manifest.
07-10 00:55:27.335  5424  5424 I perfetto:  probes_producer.cc:396 Producer stop (id=1262)
07-10 00:55:27.335  5424  5424 I perfetto:  probes_producer.cc:396 Producer stop (id=1263)
07-10 00:55:27.418 18833 18833 I perfetto:    perfetto_cmd.cc:1124 Trace written into the output file
07-10 00:55:27.435  5436  5436 I perfetto: ng_service_impl.cc:2426 Tracing session 316 ended, total sessions:0
07-10 00:55:27.548  5674  7726 D SemWifiUsabilityStatsMonitor: onWifiUsabilityStats - seqNum 21335, isSameBssidAndFreq true
07-10 00:55:27.550  5674  6128 I SemWifiLinkQualityMonitor: Link Qos Query: 0.041 ms / 195.000 Mbps (390 / 0.000 / 2.000)
07-10 00:55:27.551  6461  6461 D NetworkController.WifiSignalController: notifyListener: visible=true, connected=true, inetCondition=1, isDefault=true, wifiTestReported=true, receivedInetCondition=-1, hideDuringMobileSwitching=false
07-10 00:55:27.884 30967 31717 I ContactsProvider_EventLog: cp_s: [CONTACT con(158) dat(1091) acc({sim(3)=15, sec(6)=1, sim2(4)=1, google(2)=81, org.telegram.messenger(236)=100, com.whatsapp(14)=41}) calls([logtype:100 cnt:877, logtype:200 cnt:5, logtype:300 cnt:495, logtype:1000 cnt:632, logtype:1150 cnt:161]) Iso(RS) uId(0) ]
07-10 00:55:27.884 30967 31717 I ContactsProvider_EventLog: cp_s: [ agr({[2 ,2 ,14 ,236]=1, [2 ,14 ,236]=32, [3]=15, [14]=1, [4]=1, [2 ,14]=4, [2 ,2]=2, [2]=34, [6 ,14]=1, [2 ,236]=3, [236]=62, [2 ,236 ,14]=2}) ]
