07-10 01:14:59.592  5674  6793 D SemContextManager:   .changeParameters : listener = com.samsung.android.location.semcontext.a@459a70d, service=SLocation Core
07-10 01:14:59.592  5674  6793 D SLocation: PositionManager - receive fused location
07-10 01:14:59.592  5306  5327 I SensorsHub: context 38 0 37 1,1,55,0,33,33,0,0,0,0,23,112,73,106,186,2,38,0,26,183,29,32,12,50,3,0,0,0,0,37,4,250,160,176,0,0,5,63, 145996425300258
07-10 01:14:59.592 25319 25327 I stagram.android: Method exceeds compiler instruction limit: 18436 in java.lang.String X.2fx.A00(int)
07-10 01:14:59.592  5306  5327 I SensorsHub: context 10 0 9 1,1,55,0,5,2,34,0,0,0, 145996425320873
07-10 01:14:59.592  5674  5859 D SensorHubManager: onGetSensorHubDataLocked: library(38) = 1, 1, 55, 0, 33, 33, 0, 0, 0, 0, 23, 112, 73, 106, -70, 2, 38, 0, 26, -73, 29, 32, 12, 50, 3, 0, 0, 0, 0, 37, 4, -6, -96, -80, 0, 0, 5, 63
07-10 01:14:59.593  5674  5860 D CAE     : onGetSensorHubData(SensorHubParserProvider.java:89) - onGetSensorHubData Event [event buffer len :38], AP_WAKEUP
07-10 01:14:59.593  5674  5860 I CAE     : parse(SensorHubParserProvider.java:190) - buffer size = 38
07-10 01:14:59.593 25568 25671 I SCS@AiSearch user 0: (SYNONYM) initIndexImpl: took 9 ms
07-10 01:14:59.593  5674  5860 I CAE     : parse(SensorHubParserProvider.java:201) - 1, 1, 55, 0, 33, 33, 0, 0, 0, 0, 23, 112, 73, 106, -70, 2, 38, 0, 26, -73, 29, 32, 12, 50, 3, 0, 0, 0, 0, 37, 4, -6, -96, -80, 0, 0, 5, 63,
07-10 01:14:59.593  5674  5860 I CAE     : parse(SLocationRunner.java:88) - SLocationRunner parse start : 3
07-10 01:14:59.593  5674  5860 D CAE     : display(ContextProvider.java:375) - ================= SLOCATION_RUNNER =================
07-10 01:14:59.593  5674  5859 D SensorHubManager: onGetSensorHubDataLocked: library(10) = 1, 1, 55, 0, 5, 2, 34, 0, 0, 0
07-10 01:14:59.593 25568 25671 I SCS@AiSearch user 0: (g) Creating collector for CONTACTS
07-10 01:14:59.594  5674  5860 I CAE     : display(ContextProvider.java:391) - ExtraDataArray=[1, 1, 55, 0, 33, 33, 0, 0, 0, 0, 23, 112, 73, 106, -70, 2, 38, 0, 26, -73, 29, 32, 12, 50, 3, 0, 0, 0, 0, 37, 4, -6, -96, -80, 0, 0, 5, 63]
07-10 01:14:59.594  5674  5860 I CAE     : parse(SLocationRunner.java:96) - SLocationRunner parse end:38
07-10 01:14:59.594  5674  5860 D CAE     : onGetSensorHubData(SensorHubParserProvider.java:89) - onGetSensorHubData Event [event buffer len :10], AP_WAKEUP
07-10 01:14:59.594  5674  5860 I CAE     : parse(SensorHubParserProvider.java:190) - buffer size = 10
07-10 01:14:59.594  5674  5860 I CAE     : parse(SensorHubParserProvider.java:201) - 1, 1, 55, 0, 5, 2, 34, 0, 0, 0,
07-10 01:14:59.594  5674  5857 D SemContextService: Service.updateContext() : service = SLocation Core
07-10 01:14:59.594  5674  5860 I CAE     : parse(SLocationRunner.java:88) - SLocationRunner parse start : 3
07-10 01:14:59.595  5674  5860 D CAE     : display(ContextProvider.java:375) - ================= SLOCATION_RUNNER =================
07-10 01:14:59.595  5674  5674 D SemContextManager: onSemContextChanged() : event = SLocation Core
07-10 01:14:59.595  5674  5674 D SLocation: SLocationCoreSem - SemContextChanged type = 47, packet received
07-10 01:14:59.595  5674  5860 I CAE     : display(ContextProvider.java:391) - ExtraDataArray=[1, 1, 55, 0, 5, 2, 34, 0, 0, 0]
07-10 01:14:59.595  5674  5860 I CAE     : parse(SLocationRunner.java:96) - SLocationRunner parse end:10
07-10 01:14:59.595  5674  6793 I SLocation: SemContextParser -  parse start : 3
07-10 01:14:59.595  5674  6793 I SLocation: SemContextParser -  packet Length : 33packet total size : 38
07-10 01:14:59.595  5674  6793 I SLocation: SemContextParser - packet : [33, 0, 0, 0, 0, 23, 112, 73, 106, -70, 2, 38, 0, 26, -73, 29, 32, 12, 50, 3, 0, 0, 0, 0, 37, 4, -6, -96, -80, 0, 0, 5, 63]
07-10 01:14:59.595  5674  5857 D SemContextService: Service.updateContext() : service = SLocation Core
07-10 01:14:59.595  5674  6793 D SLocation: GeofenceCoreManager - received Extra Data from core, len : 33
07-10 01:14:59.595  5674  5674 D SemContextManager: onSemContextChanged() : event = SLocation Core
07-10 01:14:59.595  5674  5674 D SLocation: SLocationCoreSem - SemContextChanged type = 47, packet received
07-10 01:14:59.595  5674  6793 D SLocation: ARDistanceGetARDistance - convertSensorHubTimeToElapsedTime 1688928894201496833
07-10 01:14:59.595  5674  6793 D SLocation: ARDistanceGetARDistance - invalid location time from core pvt 1688928894201496833, do not use distance info
07-10 01:14:59.595  5674  6793 D SLocation: CommonCoreManager - received Extra Data from core, len : 33
07-10 01:14:59.596  5674  6793 I SLocation: SemContextParser -  parse start : 3
07-10 01:14:59.596  5674  6793 I SLocation: SemContextParser -  packet Length : 5packet total size : 10
07-10 01:14:59.596  5674  6793 I SLocation: SemContextParser - packet : [2, 34, 0, 0, 0]
07-10 01:14:59.596  5674  6793 D SLocation: GeofenceCoreManager - received Extra Data from core, len : 5
07-10 01:14:59.596  5674  6793 D SLocation: GeofenceCoreManager - handleCommandCallback - UNKNOWN_CALLBACK 34 SUCCESS
07-10 01:14:59.596  5674  6793 D SLocation: ARDistanceLibManager - command callback received - CURRENT_LOCATION_REQUEST_DISTANCE ERROR CODE : ERROR_NONE
07-10 01:14:59.596  5674  6793 D SLocation: CommonCoreManager - received Extra Data from core, len : 5
07-10 01:14:59.599 25553 25553 W fbservices:PreloadedFbnsService: service/onStart/tos_not_accepted
07-10 01:14:59.599  5674  9952 D PackageManager: setEnabledSetting : userId = 0 packageName = com.facebook.services cmp = com.facebook.oxygen.services.fbns.RegisteredMqttSystemBroadcastReceiver newState = 2 callingPackage = 10076/com.facebook.services
07-10 01:14:59.600 25568 25671 I SCS@AiSearch user 0: (ContactsRelation) initRelationDataFromContactsProvider called
07-10 01:14:59.613 25319 25327 I stagram.android: Method exceeds compiler instruction limit: 18436 in java.lang.String X.2fx.A00(int)
07-10 01:14:59.616 16924 25057 I GCoreUlr: Successfully inserted 1 locations
07-10 01:14:59.629 25568 25671 I SCS@AiSearch user 0: (CORRELATED) initIndexImpl: took 1 ms
07-10 01:14:59.629 25568 25671 I SCS@AiSearch user 0: (CONTACTS) initIndexImpl: took 0 ms
07-10 01:14:59.629 25568 25671 I SCS@AiSearch user 0: (CALLLOG) initIndexImpl: took 0 ms
07-10 01:14:59.629 25568 25671 I SCS@AiSearch user 0: (CALENDAR) initIndexImpl: took 0 ms
07-10 01:14:59.629 25568 25671 I SCS@AiSearch user 0: (TASKS) initIndexImpl: took 0 ms
07-10 01:14:59.630 25568 25671 I SCS@AiSearch user 0: (REMINDER) initIndexImpl: took 0 ms
07-10 01:14:59.632 25568 25671 I SCS@AiSearch user 0: (AppsDataObserver) scheduling worker CMD_SCAN
07-10 01:14:59.633 25568 25671 I SCS@AiSearch user 0: (APPLICATIONS) initIndexImpl: took 1 ms
07-10 01:14:59.633 25568 25671 I SCS@AiSearch user 0: (AOSP_MP) initIndexImpl: took 0 ms
07-10 01:14:59.633 25568 25671 I SCS@AiSearch user 0: (IMAGES) initIndexImpl: took 0 ms
07-10 01:14:59.638 25568 25671 I SCS@AiSearch user 0: (SchedulingManager) scheduleSaLogging: Result:: androidx.work.impl.utils.futures.SettableFuture@651d1a9[status=PENDING]
07-10 01:14:59.638 25568 25671 I SCS@AiSearch user 0: (InitialIndexingWorker) [androidx.work-1] leaving from initAllIndexes():
07-10 01:14:59.644 25568 25671 I SCS@AiSearch user 0: (BaseCollector::CONTACTS) enqueue ObserverWorker name: CONTACTS policy: KEEP
07-10 01:14:59.645 25568 25671 I SCS@AiSearch user 0: (g) Creating collector for CALLLOG
07-10 01:14:59.646 25568 25671 I SCS@AiSearch user 0: (BaseCollector::CALLLOG) enqueue ObserverWorker name: CALLLOG policy: KEEP
07-10 01:14:59.646 25568 25671 I SCS@AiSearch user 0: (g) Creating collector for CALENDAR
07-10 01:14:59.647 25568 25671 I SCS@AiSearch user 0: (BaseCollector::CALENDAR) enqueue ObserverWorker name: CALENDAR policy: KEEP
07-10 01:14:59.647 25568 25671 I SCS@AiSearch user 0: (g) Creating collector for TASKS
07-10 01:14:59.648 25568 25671 I SCS@AiSearch user 0: (BaseCollector::TASKS) enqueue ObserverWorker name: TASKS policy: KEEP
07-10 01:14:59.648 25568 25671 I SCS@AiSearch user 0: (g) Creating collector for REMINDER
07-10 01:14:59.649 25568 25671 I SCS@AiSearch user 0: (BaseCollector::REMINDER) enqueue ObserverWorker name: REMINDER policy: KEEP
07-10 01:14:59.649 25568 25671 I SCS@AiSearch user 0: (g) Creating collector for AOSP_MP
07-10 01:14:59.652  5353  6075 V APM_AudioPolicyManager: setAppState(portId:1005, state:1)
07-10 01:14:59.652  5674  9952 D PackageManager: setEnabledSetting : userId = 0 packageName = com.samsung.android.scs cmp = androidx.work.impl.background.systemalarm.RescheduleReceiver newState = 1 callingPackage = 10380/com.samsung.android.scs
07-10 01:14:59.654  5674  9952 D ApplicationPolicy: getApplicationStateEnabled : pkg = com.samsung.android.scs userId : 0
07-10 01:14:59.656  5674  9952 D ApplicationPolicy: getApplicationComponentState : pkg = com.samsung.android.scs userId : 0
07-10 01:14:59.667 25568 25671 I SCS@AiSearch user 0: (BaseCollector::AOSP_MP) enqueue ObserverWorker name: AOSP_MP policy: KEEP
07-10 01:14:59.667 25568 25671 I SCS@AiSearch user 0: (g) Creating collector for GALLERY
07-10 01:14:59.668 25568 25671 I SCS@AiSearch user 0: (BaseCollector::GALLERY) enqueue ObserverWorker name: GALLERY policy: KEEP
07-10 01:14:59.668 25568 25671 I SCS@AiSearch user 0: (g) Creating collector for DOCUMENTS
07-10 01:14:59.669 25568 25671 I SCS@AiSearch user 0: (InitialIndexingWorker) Indexing time: 0.108seconds
07-10 01:14:59.687 25568 25621 I WM-WorkerWrapper: Worker result SUCCESS for Work [ id=ea6d638b-6799-4059-a0bd-cf1a494accce, tags={ com.samsung.android.scs.ai.search.scheduling.workers.InitialIndexingWorker, InitialIndexingWorker } ]
07-10 01:14:59.707 25568 25675 I SCS@AiSearch user 0: (AppsDataWorker) [androidx.work-2] entering in doWork():
07-10 01:14:59.708 25568 25675 I SCS@AiSearch user 0: (AppsDataObserver) [androidx.work-2] entering in execute():
07-10 01:14:59.708 25568 25675 I SCS@AiSearch user 0: (AppsDataObserver-CMD_SCAN) Scanning applications for indexing...
07-10 01:14:59.739 25568 25675 I SCS@AiSearch user 0: (m) Schema: name: com.samsung.android.contacts , Major version: 35 , Minor version: 0
07-10 01:14:59.742 25568 25675 I SCS@AiSearch user 0: (m) Schema: name: com.android.settings , Major version: 4 , Minor version: 0
07-10 01:14:59.756 25568 25675 I SCS@AiSearch user 0: (m) Schema: name: com.samsung.android.apps , Major version: 31 , Minor version: 0
07-10 01:14:59.763 25568 25675 I SCS@AiSearch user 0: (m) Schema: name: com.samsung.android.calendar , Major version: 22 , Minor version: 0
07-10 01:14:59.769 25568 25675 I SCS@AiSearch user 0: (m) Schema: name: com.samsung.android.calendar.synctasks , Major version: 5 , Minor version: 0
07-10 01:14:59.777 25568 25675 I SCS@AiSearch user 0: (m) Schema: name: com.samsung.android.app.reminder , Major version: 4 , Minor version: 0
07-10 01:14:59.782 25319 25418 E nightwatch-target: /proc/zoneinfo open: errno=13
07-10 01:14:59.782 25319 25418 E nightwatch-target: sysmeminfo parse failed
07-10 01:14:59.782  5262  5262 E audit   : type=1400 audit(1688944499.781:69952): avc:  denied  { read } for  pid=25319 comm="Lacrima_startup" name="zoneinfo" dev="proc" ino=4026531860 scontext=u:r:untrusted_app:s0:c126,c256,c512,c768 tcontext=u:object_r:proc_zoneinfo:s0 tclass=file permissive=0 SEPF_SM-A515F_13_0001 audit_filtered
07-10 01:14:59.784 25568 25675 I SCS@AiSearch user 0: (m) Schema: name: logs.call , Major version: 17 , Minor version: 0
07-10 01:14:59.805 25568 25675 I SCS@AiSearch user 0: (m) Schema: name: com.google.android.providers.media , Major version: 0 , Minor version: 0
07-10 01:14:59.808 25568 25675 I SCS@AiSearch user 0: (m) Schema: name: analogy , Major version: 12 , Minor version: 0
07-10 01:14:59.812 25568 25675 I SCS@AiSearch user 0: (m) Schema: name: synonym , Major version: 4 , Minor version: 0
07-10 01:14:59.815 25568 25675 I SCS@AiSearch user 0: (m) Schema: name: correlated , Major version: 4 , Minor version: 0
07-10 01:14:59.817 25568 25675 I SCS@AiSearch user 0: (m) Schema: name: ranking , Major version: 1 , Minor version: 0
07-10 01:14:59.824  5674  7726 D SemWifiUsabilityStatsMonitor: onWifiUsabilityStats - seqNum 21720, isSameBssidAndFreq true
07-10 01:14:59.824  5674  6128 I SemWifiLinkQualityMonitor: Link Qos Query: 0.027 ms / 298.039 Mbps (433 / 0.000 / 1.453)
07-10 01:14:59.825  6461  6461 D NetworkController.WifiSignalController: notifyListener: visible=true, connected=true, inetCondition=1, isDefault=true, wifiTestReported=true, receivedInetCondition=-1, hideDuringMobileSwitching=false
07-10 01:14:59.844 16924 25642 I SemanticLocation: (REDACTED) [Inferrer] %s%s
07-10 01:15:00.005  6461  7078 D QSClockBellTower: onReceive(android.intent.action.TIME_TICK) mTimeZoneString:null
07-10 01:15:00.019  6461  6461 D KeyguardUpdateMonitor: received broadcast android.intent.action.TIME_TICK
07-10 01:15:00.034  6461  6461 D QSClockBellTower: He is ready to ring the bell. (((QSClockBellSound - TimeText:01:15, TimeContentDescription:01:15, DateText:Mon, 10 July, ShortDateText:Mon, 10 Jul, Demo:false, QuickStar-Second(false|12:34:56))))
07-10 01:15:00.035  6461  6461 D QSClockIndicatorView: Home Indicator status_bar_clock 01:15 notifyTimeChanged(QSClockBellSound - TimeText:01:15, TimeContentDescription:01:15, DateText:Mon, 10 July, ShortDateText:Mon, 10 Jul, Demo:false, QuickStar-Second(false|12:34:56)) ClockVisibleByPolicy:true, ClockVisibleByUser:true, visible?false, parent:android.widget.LinearLayout{503272 V.E...... ........ 0,0-0,55 #7f0b04f0 app:id/left_clock_container}
07-10 01:15:00.036  6461  6461 D QSClockBellTower: Everyone heard the bell. run(currentTime:1688944500032,   getTime():Mon Jul 10 01:15:00 GMT+02:00 2023,   getTimeZone():libcore.util.ZoneInfo[mDstSavings=3600000,mUseDst=true,mDelegate=[id="Europe/Belgrade",mRawOffset=3600000,mEarliestRawOffset=4920000,transitions=119]])
07-10 01:15:00.045  6461  6461 I FaceWidgetPositionAlgorithm: getClockContainerHeight() supplier = 270, bottom margin = 0, real height = 333
07-10 01:15:00.045  6461  6461 I FaceWidgetPositionAlgorithm: getClockContainerHeight() supplier = 270, bottom margin = 63, real height = 333
07-10 01:15:00.045  6461  6461 I FaceWidgetPositionAlgorithm: getMediaContainerHeight() height = 0 container Visibility = 8, isValid = false, mIsDozing = false, fraction = 1.0, source = 0, target = 0
07-10 01:15:00.045  6461  6461 I FaceWidgetPositionAlgorithm: getMediaContainerHeight() supplier = 0
07-10 01:15:00.047  6461  6461 V QsExpandAnimator: setQsExpansionPosition 0.0
07-10 01:15:00.052  6461  6461 D KeyguardUpdateMonitor: handleTimeUpdate
07-10 01:15:00.054  6461  6461 D FaceWidgetPagesController: onTimeChanged()
07-10 01:15:00.055  6461  6461 V QsExpandAnimator: updateAnimators
07-10 01:15:00.055  6461  6461 V QsExpandAnimator: clearAnimationState
07-10 01:15:00.056  6461  6461 V QsExpandAnimator: updateViews
07-10 01:15:00.058  6461  6461 V QsExpandAnimator: updateTileAnimator
07-10 01:15:00.060  6461  6461 V QsExpandAnimator: updateHeaderAnimator
07-10 01:15:00.061  6461  6461 V QsExpandAnimator: updateBarAnimator
07-10 01:15:00.061  6461  6461 V QsExpandAnimator: setQsExpansionPosition 0.0
07-10 01:15:00.061  6461  6461 V QsExpandAnimator: onAnimationAtStart
07-10 01:15:00.121 32326  9039 I Notification4Heart_AM: BroadcastUtils.sendBroadcast-nodeId: all, action: HISTORY_UPDATED
07-10 01:15:00.190 25568 25675 I SCS@AiSearch user 0: (IndexSearcherManager) Searcher created successfully for com.samsung.android.apps
07-10 01:15:00.597 25568 25675 I SCS@AiSearch user 0: (AppsDataObserver) [androidx.work-2] leaving from execute():  result is true
07-10 01:15:00.598 25568 25675 I SCS@AiSearch user 0: (AppsDataWorker) [androidx.work-2] leaving from doWork():
07-10 01:15:00.600 25568 25622 I WM-WorkerWrapper: Worker result SUCCESS for Work [ id=fd9121b7-5857-4967-adc4-a5d3f77260f7, tags={ com.samsung.android.scs.ai.search.scheduling.workers.AppsDataWorker, CMD_SCAN } ]
07-10 01:15:00.727  5353  6075 V APM_AudioPolicyManager: setAppState(portId:1005, state:1)
07-10 01:15:00.728  5353  6075 V APM_AudioPolicyManager: setAppState(portId:1005, state:1)
07-10 01:15:00.784 25319 25418 E nightwatch-target: /proc/zoneinfo open: errno=13
07-10 01:15:00.784 25319 25418 E nightwatch-target: sysmeminfo parse failed
07-10 01:15:00.785  5262  5262 E audit   : type=1400 audit(1688944500.781:69953): avc:  denied  { read } for  pid=25319 comm="Lacrima_startup" name="zoneinfo" dev="proc" ino=4026531860 scontext=u:r:untrusted_app:s0:c126,c256,c512,c768 tcontext=u:object_r:proc_zoneinfo:s0 tclass=file permissive=0 SEPF_SM-A515F_13_0001 audit_filtered
07-10 01:15:00.785  5262  5262 E audit   : type=1300 audit(1688944500.781:69953): arch=c00000b7 syscall=56 success=no exit=-13 a0=ffffff9c a1=7b037afc16 a2=0 a3=0 items=0 ppid=5287 pid=25319 auid=4294967295 uid=10126 gid=10126 euid=10126 suid=10126 fsuid=10126 egid=10126 sgid=10126 fsgid=10126 tty=(none) ses=4294967295 comm="Lacrima_startup" exe="/system/bin/app_process64" subj=u:r:untrusted_app:s0:c126,c256,c512,c768 key=(null)
07-10 01:15:00.785  5262  5262 E audit   : type=1327 audit(1688944500.781:69953): proctitle="com.instagram.android"
07-10 01:15:01.143  5674  6183 D WifiConnectivityMonitor: start WCM Poll.
07-10 01:15:01.179  5325  5325 E sehhealth-service: Could not open /sys/class/power_supply/battery/lrp
07-10 01:15:01.786 25319 25418 E nightwatch-target: /proc/zoneinfo open: errno=13
07-10 01:15:01.786 25319 25418 E nightwatch-target: sysmeminfo parse failed
07-10 01:15:01.786  5262  5262 E audit   : type=1400 audit(1688944501.781:69954): avc:  denied  { read } for  pid=25319 comm="Lacrima_startup" name="zoneinfo" dev="proc" ino=4026531860 scontext=u:r:untrusted_app:s0:c126,c256,c512,c768 tcontext=u:object_r:proc_zoneinfo:s0 tclass=file permissive=0 SEPF_SM-A515F_13_0001 audit_filtered
07-10 01:15:01.786  5262  5262 E audit   : type=1327 audit(1688944501.781:69954): proctitle="com.instagram.android"
07-10 01:15:01.887 25319 25329 W JavaBinder: BinderProxy is being destroyed but the application did not call unlinkToDeath to unlink all of its death recipients beforehand.  Releasing leaked death recipient: X.0QX
07-10 01:15:01.894 25319 25330 W System  : A resource failed to call close.
07-10 01:15:01.894 25319 25330 W System  : A resource failed to call close.
07-10 01:15:01.894 25319 25330 W System  : A resource failed to call close.
07-10 01:15:01.895 25319 25330 W System  : A resource failed to call close.
07-10 01:15:01.895 25319 25330 W System  : A resource failed to call close.
07-10 01:15:02.194  5313  5394 I HYPER-HAL: [RequestManager.cpp]releaseLocked(): Released ID : 16213685
07-10 01:15:02.741 25320 25531 W AudioCapabilities: Unsupported mime audio/x-ima
07-10 01:15:02.742 25320 25531 W AudioCapabilities: Unsupported mime audio/mpeg-L1
07-10 01:15:02.743 25320 25531 W AudioCapabilities: Unsupported mime audio/mpeg-L2
07-10 01:15:02.743 25320 25531 W VideoCapabilities: Unsupported mime video/mp43
07-10 01:15:02.744 25320 25531 W VideoCapabilities: Unsupported mime video/wvc1
07-10 01:15:02.745 25320 25531 W VideoCapabilities: Unsupported mime video/x-ms-wmv
07-10 01:15:02.746 25320 25531 W AudioCapabilities: Unsupported mime audio/x-ms-wma
07-10 01:15:02.746 25320 25531 W VideoCapabilities: Unsupported mime video/x-ms-wmv7
07-10 01:15:02.747 25320 25531 W VideoCapabilities: Unsupported mime video/x-ms-wmv8
07-10 01:15:02.785 25320 25531 W VideoCapabilities: Unrecognized profile/level 32768/256 for video/mp4v-es
07-10 01:15:02.788 25319 25418 E nightwatch-target: /proc/zoneinfo open: errno=13
07-10 01:15:02.788 25319 25418 E nightwatch-target: sysmeminfo parse failed
07-10 01:15:02.788  5262  5262 E audit   : type=1400 audit(1688944502.785:69955): avc:  denied  { read } for  pid=25319 comm="Lacrima_startup" name="zoneinfo" dev="proc" ino=4026531860 scontext=u:r:untrusted_app:s0:c126,c256,c512,c768 tcontext=u:object_r:proc_zoneinfo:s0 tclass=file permissive=0 SEPF_SM-A515F_13_0001 audit_filtered
07-10 01:15:02.789  5262  5262 E audit   : type=1300 audit(1688944502.785:69955): arch=c00000b7 syscall=56 success=no exit=-13 a0=ffffff9c a1=7b037afc16 a2=0 a3=0 items=0 ppid=5287 pid=25319 auid=4294967295 uid=10126 gid=10126 euid=10126 suid=10126 fsuid=10126 egid=10126 sgid=10126 fsgid=10126 tty=(none) ses=4294967295 comm="Lacrima_startup" exe="/system/bin/app_process64" subj=u:r:untrusted_app:s0:c126,c256,c512,c768 key=(null)
07-10 01:15:02.789  5262  5262 E audit   : type=1327 audit(1688944502.785:69955): proctitle="com.instagram.android"
07-10 01:15:02.846  5674  7726 D SemWifiUsabilityStatsMonitor: onWifiUsabilityStats - seqNum 21721, isSameBssidAndFreq true
07-10 01:15:02.848  5674  6128 I SemWifiLinkQualityMonitor: Link Qos Query: 0.069 ms / 115.467 Mbps (433 / 0.000 / 3.750)
07-10 01:15:02.871  5674  5745 W libprocessgroup: Failed to open /dev/blkio//cgroup.procs: No such file or directory
07-10 01:15:02.873  5674  5745 W libprocessgroup: Failed to open /dev/blkio//cgroup.procs: No such file or directory
07-10 01:15:02.874  5353  6075 V APM_AudioPolicyManager: setAppState(portId:1005, state:1)
07-10 01:15:02.874  5353  6075 V APM_AudioPolicyManager: setAppState(portId:1005, state:1)
07-10 01:15:02.930  5674  6213 D NetdEventListenerService: DNS Requested by : 118, 10220
07-10 01:15:02.932 25320 25687 D TrafficStats: tagSocket(113) with statsTag=0xffffffff, statsUid=-1
07-10 01:15:02.977 16924 25057 E NetworkScheduler.ATC: Called cancelTask for already completed task com.google.android.gms/.measurement.PackageMeasurementTaskService{u=0 tag="Measurement.PackageMeasurementTaskService.UPLOAD_TASK_TAG" trigger=window{start=554s,end=1109s,earliest=-101s,latest=453s} requirements=[NET_CONNECTED,PREFERRED_CHARGING] attributes=[PERSISTED] scheduled=-655s last_run=-99s exec_window_multiplier=1.0000 jid=N/A status=ACTIVE retries=0 client_lib=GMS_TASK_SCHEDULER-232414000} :1 [CONTEXT service_id=218 ]
07-10 01:15:03.210 25320 25694 D ProfileInstaller: Skipping profile installation for com.reddit.frontpage
07-10 01:15:03.707 25320 25592 I WM-WorkerWrapper: Worker result SUCCESS for Work [ id=ec54dd37-965a-4c83-92b3-950d7e88b12d, tags={ com.reddit.billing.RetryPurchasesWorker } ]
07-10 01:15:03.753  5353  5543 V APM_AudioPolicyManager: setAppState(portId:1005, state:1)
07-10 01:15:03.757  5674  5674 D SemWifiP2pGoPowerSave: GopsReceiver : received : com.samsung.intent.action.CHECK_SIOP_LEVEL
07-10 01:15:03.757  5674  5674 I SemWifiP2pGoPowerSave: siop_level = 0
07-10 01:15:03.762 31802 32077 I SystemBroadcastReceiver: [#CMH#] onReceive completed :  0
07-10 01:15:03.763 31802 31802 I PolicyManager: [#CMH#] onReceive action = EVENT_SIOP
07-10 01:15:03.789 25319 25418 E nightwatch-target: /proc/zoneinfo open: errno=13
07-10 01:15:03.789 25319 25418 E nightwatch-target: sysmeminfo parse failed
07-10 01:15:03.789  5262  5262 E audit   : type=1400 audit(1688944503.785:69956): avc:  denied  { read } for  pid=25319 comm="Lacrima_startup" name="zoneinfo" dev="proc" ino=4026531860 scontext=u:r:untrusted_app:s0:c126,c256,c512,c768 tcontext=u:object_r:proc_zoneinfo:s0 tclass=file permissive=0 SEPF_SM-A515F_13_0001 audit_filtered
07-10 01:15:03.789  5262  5262 E audit   : type=1300 audit(1688944503.785:69956): arch=c00000b7 syscall=56 success=no exit=-13 a0=ffffff9c a1=7b037afc16 a2=0 a3=0 items=0 ppid=5287 pid=25319 auid=4294967295 uid=10126 gid=10126 euid=10126 suid=10126 fsuid=10126 egid=10126 sgid=10126 fsgid=10126 tty=(none) ses=4294967295 comm="Lacrima_startup" exe="/system/bin/app_process64" subj=u:r:untrusted_app:s0:c126,c256,c512,c768 key=(null)
07-10 01:15:03.789  5262  5262 E audit   : type=1327 audit(1688944503.785:69956): proctitle="com.instagram.android"
07-10 01:15:03.792  5674  6213 D NetdEventListenerService: DNS Requested by : 118, 10220
07-10 01:15:03.797  5674  6213 D NetdEventListenerService: DNS Requested by : 118, 10220
07-10 01:15:03.800  5674  6213 D NetdEventListenerService: DNS Requested by : 118, 10220
07-10 01:15:04.020 25320 25600 I WM-WorkerWrapper: Worker result SUCCESS for Work [ id=a508dd87-f8a2-43b2-9bdd-ae89384bbe45, tags={ com.reddit.data.worker.EmailRequirementWorker } ]
07-10 01:15:04.040 25320 25320 D ConnectivityManager: StackLog: [android.net.ConnectivityManager.unregisterNetworkCallback(ConnectivityManager.java:4972)] [g7.j.c(NetworkApi21.kt:11)] [d7.k.e(NetworkStateTracker.kt:18)] [d7.h.b(ConstraintTracker.kt:25)] [c7.c.d(ConstraintController.kt:81)] [b7.d.d(WorkConstraintsTracker.kt:41)] [y6.c.a(GreedyScheduler.java:72)] [androidx.work.impl.o.a(Processor.java:98)] [androidx.work.impl.o$a.run(Processor.java:19)]
07-10 01:15:04.045  5674  6055 D ConnectivityService:  Removing from current network [118 WIFI], leaving 153 requests.
07-10 01:15:04.078  5353  5543 V APM_AudioPolicyManager: setAppState(portId:1005, state:1)
07-10 01:15:04.096  5353  5543 V APM_AudioPolicyManager: setAppState(portId:1005, state:1)
07-10 01:15:04.202 25320 25513 D Event   : No subscribers registered for event class com.reddit.sync.h
07-10 01:15:04.203 25320 25513 D Event   : No subscribers registered for event class de.greenrobot.event.e
07-10 01:15:04.215 25320 25592 I WM-WorkerWrapper: Worker result SUCCESS for Work [ id=d5817065-8310-44f8-bf80-a86e6e5a3063, tags={ com.reddit.sync.ExperimentsSyncWorker } ]
07-10 01:15:04.794 25319 25418 E nightwatch-target: /proc/zoneinfo open: errno=13
07-10 01:15:04.794 25319 25418 E nightwatch-target: sysmeminfo parse failed
07-10 01:15:04.794  5262  5262 E audit   : type=1400 audit(1688944504.789:69957): avc:  denied  { read } for  pid=25319 comm="Lacrima_startup" name="zoneinfo" dev="proc" ino=4026531860 scontext=u:r:untrusted_app:s0:c126,c256,c512,c768 tcontext=u:object_r:proc_zoneinfo:s0 tclass=file permissive=0 SEPF_SM-A515F_13_0001 audit_filtered
07-10 01:15:04.794  5262  5262 E audit   : type=1300 audit(1688944504.789:69957): arch=c00000b7 syscall=56 success=no exit=-13 a0=ffffff9c a1=7b037afc16 a2=0 a3=0 items=0 ppid=5287 pid=25319 auid=4294967295 uid=10126 gid=10126 euid=10126 suid=10126 fsuid=10126 egid=10126 sgid=10126 fsgid=10126 tty=(none) ses=4294967295 comm="Lacrima_startup" exe="/system/bin/app_process64" subj=u:r:untrusted_app:s0:c126,c256,c512,c768 key=(null)
07-10 01:15:04.795  5262  5262 E audit   : type=1327 audit(1688944504.789:69957): proctitle="com.instagram.android"
07-10 01:15:05.774 31802 32118 I PolicyManager: [#CMH#] Is foreground game app: false
07-10 01:15:05.796 25319 25418 E nightwatch-target: /proc/zoneinfo open: errno=13
07-10 01:15:05.796 25319 25418 E nightwatch-target: sysmeminfo parse failed
07-10 01:15:05.797  5262  5262 E audit   : type=1400 audit(1688944505.793:69958): avc:  denied  { read } for  pid=25319 comm="Lacrima_startup" name="zoneinfo" dev="proc" ino=4026531860 scontext=u:r:untrusted_app:s0:c126,c256,c512,c768 tcontext=u:object_r:proc_zoneinfo:s0 tclass=file permissive=0 SEPF_SM-A515F_13_0001 audit_filtered
07-10 01:15:05.797  5262  5262 E audit   : type=1300 audit(1688944505.793:69958): arch=c00000b7 syscall=56 success=no exit=-13 a0=ffffff9c a1=7b037afc16 a2=0 a3=0 items=0 ppid=5287 pid=25319 auid=4294967295 uid=10126 gid=10126 euid=10126 suid=10126 fsuid=10126 egid=10126 sgid=10126 fsgid=10126 tty=(none) ses=4294967295 comm="Lacrima_startup" exe="/system/bin/app_process64" subj=u:r:untrusted_app:s0:c126,c256,c512,c768 key=(null)
07-10 01:15:05.797  5262  5262 E audit   : type=1327 audit(1688944505.793:69958): proctitle="com.instagram.android"
07-10 01:15:05.867 31802 32118 I ControllerUtils: [#CMH#] StoryService:  9, isNonJustShotRunningPossible: false, isStopHeavyTask: true
07-10 01:15:05.880  5674  7726 D SemWifiUsabilityStatsMonitor: onWifiUsabilityStats - seqNum 21722, isSameBssidAndFreq true
07-10 01:15:05.883  5674  6128 I SemWifiLinkQualityMonitor: Link Qos Query: 0.043 ms / 185.818 Mbps (292 / 0.000 / 1.571)
07-10 01:15:05.928 31802 32118 I ControllerUtils: [#CMH#] IPService:  5, isNonJustShotRunningPossible: false, isStopHeavyTask: true
07-10 01:15:05.993 31802 32118 I ControllerUtils: [#CMH#] FaceService:  2, isNonJustShotRunningPossible: false, isStopHeavyTask: true
07-10 01:15:06.799 25319 25418 E nightwatch-target: /proc/zoneinfo open: errno=13
07-10 01:15:06.799 25319 25418 E nightwatch-target: sysmeminfo parse failed
07-10 01:15:06.801  5262  5262 E audit   : type=1400 audit(1688944506.797:69959): avc:  denied  { read } for  pid=25319 comm="Lacrima_startup" name="zoneinfo" dev="proc" ino=4026531860 scontext=u:r:untrusted_app:s0:c126,c256,c512,c768 tcontext=u:object_r:proc_zoneinfo:s0 tclass=file permissive=0 SEPF_SM-A515F_13_0001 audit_filtered
07-10 01:15:06.801  5262  5262 E audit   : type=1300 audit(1688944506.797:69959): arch=c00000b7 syscall=56 success=no exit=-13 a0=ffffff9c a1=7b037afc16 a2=0 a3=0 items=0 ppid=5287 pid=25319 auid=4294967295 uid=10126 gid=10126 euid=10126 suid=10126 fsuid=10126 egid=10126 sgid=10126 fsgid=10126 tty=(none) ses=4294967295 comm="Lacrima_startup" exe="/system/bin/app_process64" subj=u:r:untrusted_app:s0:c126,c256,c512,c768 key=(null)
07-10 01:15:06.801  5262  5262 E audit   : type=1327 audit(1688944506.797:69959): proctitle="com.instagram.android"
07-10 01:15:07.158  5674  6183 D WifiConnectivityMonitor: called startWcmPoll but already Ongoing
07-10 01:15:07.159  5674  6183 D SemWifiRssiBasePoller: RSSI_BASE_STOP
07-10 01:15:07.933  5674  9950 D PackageManager: setEnabledSetting : userId = 0 packageName = com.Slack cmp = androidx.work.impl.background.systemalarm.RescheduleReceiver newState = 1 callingPackage = 10329/com.Slack
07-10 01:15:07.938  5674  9950 D ApplicationPolicy: getApplicationStateEnabled : pkg = com.Slack userId : 0
07-10 01:15:07.942  5674  9950 D ApplicationPolicy: getApplicationComponentState : pkg = com.Slack userId : 0
07-10 01:15:07.982  5353  5543 V APM_AudioPolicyManager: setAppState(portId:1005, state:1)
07-10 01:15:07.986  5674  5745 W libprocessgroup: Failed to open /dev/blkio//cgroup.procs: No such file or directory
07-10 01:15:08.004 25156 25229 D ConnectivityManager: StackLog: [android.net.ConnectivityManager.sendRequestForNetwork(ConnectivityManager.java:4300)] [android.net.ConnectivityManager.registerDefaultNetworkCallbackForUid(ConnectivityManager.java:4864)] [android.net.ConnectivityManager.registerDefaultNetworkCallback(ConnectivityManager.java:4831)] [android.net.ConnectivityManager.registerDefaultNetworkCallback(ConnectivityManager.java:4805)] [androidx.work.impl.utils.NetworkApi24.registerDefaultNetworkCallbackCompat(Unknown Source:11)] [androidx.work.impl.constraints.trackers.NetworkStateTracker24.startTracking(Unknown Source:15)] [androidx.work.impl.constraints.controllers.ConstraintController.replace(Unknown Source:130)] [androidx.work.impl.constraints.WorkConstraintsTrackerImpl.replace(Unknown Source:41)] [androidx.work.impl.background.greedy.GreedyScheduler.schedule(Unknown Source:302)] [androidx.work.impl.Schedulers.schedule(Unknown Source:155)] [androidx.work.impl.utils.EnqueueRunnable.run(Unknown Source:53)] [androidx.work.Worker$2.run$androidx$work$impl$utils$SerialExecutorImpl$Task(Unknown Source:4)] [androidx.work.Worker$2.run(Unknown Source:868)] [java.util.concurrent.ThreadPoolExecutor.runWorker(ThreadPoolExecutor.java:1137)] [java.util.concurrent.ThreadPoolExecutor$Worker.run(ThreadPoolExecutor.java:637)] [java.lang.Thread.run(Thread.java:1012)]
07-10 01:15:08.008  5674  9950 D ConnectivityService: requestNetwork for uid/pid:10329/25156 activeRequest: null callbackRequest: 16658 [NetworkRequest [ REQUEST id=16659, [ Capabilities: INTERNET&NOT_RESTRICTED&TRUSTED&NOT_VCN_MANAGED Uid: 10329 RequestorUid: 10329 RequestorPkg: com.Slack UnderlyingNetworks: Null] ]] callback flags: 0 order: 2147483647
07-10 01:15:08.011  5674  6055 D ConnectivityService:    accepting network in place of null
07-10 01:15:08.018  5674  6045 D WifiNetworkFactory: got request NetworkRequest [ REQUEST id=16659, [ Capabilities: INTERNET&NOT_RESTRICTED&TRUSTED&NOT_VCN_MANAGED Uid: 10329 RequestorUid: 10329 RequestorPkg: com.Slack UnderlyingNetworks: Null] ]
07-10 01:15:08.019  5674  6045 D UntrustedWifiNetworkFactory: got request NetworkRequest [ REQUEST id=16659, [ Capabilities: INTERNET&NOT_RESTRICTED&TRUSTED&NOT_VCN_MANAGED Uid: 10329 RequestorUid: 10329 RequestorPkg: com.Slack UnderlyingNetworks: Null] ]
07-10 01:15:08.019  5674  6045 D OemPaidWifiNetworkFactory: got request NetworkRequest [ REQUEST id=16659, [ Capabilities: INTERNET&NOT_RESTRICTED&TRUSTED&NOT_VCN_MANAGED Uid: 10329 RequestorUid: 10329 RequestorPkg: com.Slack UnderlyingNetworks: Null] ]
07-10 01:15:08.021  5674  6045 D MultiInternetWifiNetworkFactory: got request NetworkRequest [ REQUEST id=16659, [ Capabilities: INTERNET&NOT_RESTRICTED&TRUSTED&NOT_VCN_MANAGED Uid: 10329 RequestorUid: 10329 RequestorPkg: com.Slack UnderlyingNetworks: Null] ]
07-10 01:15:08.024  5674  6055 D ConnectivityService: Rematched networks [computed 1ms] [applied 4ms] [issued 9]
07-10 01:15:08.024  5674  6055 D ConnectivityService: NetworkReassignment :
07-10 01:15:08.024  5674  6055 D ConnectivityService:   16659 : null → 118
07-10 01:15:08.035 25156 25156 D ConnectivityManager: StackLog: [android.net.ConnectivityManager.unregisterNetworkCallback(ConnectivityManager.java:4972)] [androidx.work.impl.utils.NetworkApi21.unregisterNetworkCallbackCompat(Unknown Source:11)] [androidx.work.impl.constraints.trackers.NetworkStateTracker24.stopTracking(Unknown Source:15)] [androidx.work.impl.constraints.trackers.ConstraintTracker.removeListener(Unknown Source:24)] [androidx.work.impl.constraints.controllers.ConstraintController.replace(Unknown Source:81)] [androidx.work.impl.constraints.WorkConstraintsTrackerImpl.replace(Unknown Source:41)] [androidx.work.impl.background.greedy.GreedyScheduler.onExecuted(Unknown Source:55)] [androidx.work.impl.Processor.onExecuted(Unknown Source:59)] [com.bugsnag.android.DeliveryDelegate$1.run(Unknown Source:212)]
07-10 01:15:08.037  5674  6055 D ConnectivityService:  Removing from current network [118 WIFI], leaving 153 requests.
07-10 01:15:08.045  5353  5543 V APM_AudioPolicyManager: setAppState(portId:1005, state:1)
07-10 01:15:08.047  5353  5543 V APM_AudioPolicyManager: setAppState(portId:1005, state:1)
07-10 01:15:08.905  5674  7726 D SemWifiUsabilityStatsMonitor: onWifiUsabilityStats - seqNum 21723, isSameBssidAndFreq true
07-10 01:15:08.908  5674  6128 I SemWifiLinkQualityMonitor: Link Qos Query: 0.034 ms / 234.000 Mbps (351 / 0.000 / 1.500)
07-10 01:15:09.344  5262  5262 E audit   : type=1400 audit(1688944509.341:69960): avc:  denied  { read } for  pid=25320 comm="binder:25320_2" name="u:object_r:perf_prop:s0" dev="tmpfs" ino=10663 scontext=u:r:untrusted_app:s0:c220,c256,c512,c768 tcontext=u:object_r:perf_prop:s0 tclass=file permissive=0 SEPF_SM-A515F_13_0001 audit_filtered
07-10 01:15:09.344  5262  5262 E audit   : type=1300 audit(1688944509.341:69960): arch=c00000b7 syscall=56 success=no exit=-13 a0=ffffff9c a1=7b7d3732f8 a2=88000 a3=0 items=0 ppid=5287 pid=25320 auid=4294967295 uid=10220 gid=10220 euid=10220 suid=10220 fsuid=10220 egid=10220 sgid=10220 fsgid=10220 tty=(none) ses=4294967295 comm="binder:25320_2" exe="/system/bin/app_process64" subj=u:r:untrusted_app:s0:c220,c256,c512,c768 key=(null)
07-10 01:15:09.344  5262  5262 E audit   : type=1327 audit(1688944509.341:69960): proctitle="com.reddit.frontpage"
07-10 01:15:09.345 25320 25346 W libc    : Access denied finding property "sys.perf.boostopt"
07-10 01:15:10.278  5262  5262 E audit   : type=1400 audit(1688944510.273:69961): avc:  denied  { getattr } for  pid=5674 comm="BinderProcsColl" path="/sys/kernel/debug/binder/proc/5674" dev="debugfs" ino=32119 scontext=u:r:system_server:s0 tcontext=u:object_r:sec_debugfs:s0 tclass=file permissive=0 SEPF_SM-A515F_13_0001 audit_filtered
07-10 01:15:10.279  5262  5262 E audit   : type=1300 audit(1688944510.273:69961): arch=c00000b7 syscall=79 success=no exit=-13 a0=ffffff9c a1=7ad24646b0 a2=79df9bd680 a3=0 items=0 ppid=5287 pid=5674 auid=4294967295 uid=1000 gid=1000 euid=1000 suid=1000 fsuid=1000 egid=1000 sgid=1000 fsgid=1000 tty=(none) ses=4294967295 comm="BinderProcsColl" exe="/system/bin/app_process64" subj=u:r:system_server:s0 key=(null)
07-10 01:15:10.279  5262  5262 E audit   : type=1327 audit(1688944510.273:69961): proctitle="system_server"
07-10 01:15:11.946  5674  7726 D SemWifiUsabilityStatsMonitor: onWifiUsabilityStats - seqNum 21724, isSameBssidAndFreq true
07-10 01:15:11.949  5674  6128 I SemWifiLinkQualityMonitor: Link Qos Query: 0.034 ms / 234.000 Mbps (351 / 0.000 / 1.500)
07-10 01:15:11.950  6461  6461 D NetworkController.WifiSignalController: notifyListener: visible=true, connected=true, inetCondition=1, isDefault=true, wifiTestReported=true, receivedInetCondition=-1, hideDuringMobileSwitching=false
07-10 01:15:12.976 29789 29789 D BoundBrokerSvc: onUnbind: Intent { act=com.google.android.gms.measurement.START pkg=com.google.android.gms }
07-10 01:15:13.075 29789 29789 D BoundBrokerSvc: onUnbind: Intent { act=com.google.android.gms.auth.api.identity.service.signin.START dat=chimera-action:/... cmp=com.google.android.gms/.chimera.GmsApiService }
07-10 01:15:13.767  5674  5674 D SemWifiP2pGoPowerSave: GopsReceiver : received : com.samsung.intent.action.CHECK_SIOP_LEVEL
07-10 01:15:13.768  5674  5674 I SemWifiP2pGoPowerSave: siop_level = -1
07-10 01:15:13.772 31802 32077 I SystemBroadcastReceiver: [#CMH#] onReceive completed :  1
07-10 01:15:13.773 31802 31802 I PolicyManager: [#CMH#] onReceive action = EVENT_SIOP
07-10 01:15:13.805  5674 25722 D TrafficStats: tagSocket(874) with statsTag=0xffffffff, statsUid=-1
07-10 01:15:13.879 16924 16924 D BoundBrokerSvc: onUnbind: Intent { act=com.google.android.gms.presencemanager.service.START dat=chimera-action:/... cmp=com.google.android.gms/.chimera.PersistentApiService }
07-10 01:15:13.889 16924 16924 D BoundBrokerSvc: onUnbind: Intent { act=com.google.android.gms.presencemanager.service.INTERNAL_IDENTITY dat=chimera-action:/... cmp=com.google.android.gms/.chimera.PersistentApiService }
07-10 01:15:14.013  5674 25722 D WifiConnectivityMonitor.DnsThread:  [|210]
07-10 01:15:14.015  5674  6182 D WifiConnectivityMonitor.NetworkStatsAnalyzer: DNS resultType : 0, responseTime : 210
07-10 01:15:14.017  5674  6164 D OpenNetworkQos[4.00]: updateBssidLatestDnsResultType - result: 0
07-10 01:15:14.017  5674  6164 D OpenNetworkQos[4.00]: updateBssidNoInternet: mBssidNoInternet = false
07-10 01:15:14.017  5674  6164 D OpenNetworkQos[4.00]: getOpenNetworkQosNoInternetStatus: false
07-10 01:15:14.017  5674  6164 D OpenNetworkQos[4.00]: getOpenNetworkQosScores: 26 26 26
07-10 01:15:14.018  5674  6164 I WifiProfileShare: network QoS data was changed (internet), updateQoSData networkType: true, qosData: false
07-10 01:15:14.019  5674  7451 V WifiProfileShare.Caster: update wips network, size: 0
07-10 01:15:14.019  5674  7451 D WifiProfileShare: nearby scanning settings run
07-10 01:15:14.020  5674  7451 D WifiProfileShare: network score provider settings enabled
07-10 01:15:14.020  5674  7451 D OpenNetworkQos[4.00]: getOpenNetworkQosScores: 26 26 26
07-10 01:15:14.020  5674  7451 D OpenNetworkQos[4.00]: getOpenNetworkQosNoInternetStatus: false
07-10 01:15:14.020  5674  7451 I WifiProfileShare.Caster: current network type: 0, score: [26, 26, 26]
07-10 01:15:14.022  5674  7451 V WifiProfileShare.Cache: update network score 00:e4:06:**:**:90
07-10 01:15:14.023  5674  7451 D WifiProfileShare.ScanMatcher: getMcfDataList size:2
07-10 01:15:14.024  5674  7451 I WifiProfileShare.Caster: qos data was updated , before:type:QOS, pBssid:51:2e:90, qosData:7c after:type:QOS, pBssid:51:2e:90, qosData:7c
07-10 01:15:14.028  5674  7451 I [MCFSDK_android_1.2.4010]_4_b: isNetworkEnabled - type : 1 ret : true
07-10 01:15:14.028  5674  7451 D WifiProfileShare.McfCast: -ME--- mIsNetworkEnabled :true
07-10 01:15:14.028  5674  7451 D WifiProfileShare.McfCast: updateQoSData ignored, same contents
07-10 01:15:14.028  5674  7451 D WifiProfileShare.MCF: success update QosData !
07-10 01:15:14.030  5674  7451 I [MCFSDK_android_1.2.4010]_4_b: isNetworkEnabled - type : 1 ret : true
07-10 01:15:14.030  5674  7451 D WifiProfileShare.McfCast: -ME--- mIsNetworkEnabled :true
07-10 01:15:14.030  5674  7451 D WifiProfileShare.McfCast: -ME--- updatePasswordDate pwdData size:2
07-10 01:15:14.985  5674  7726 D SemWifiUsabilityStatsMonitor: onWifiUsabilityStats - seqNum 21725, isSameBssidAndFreq true
07-10 01:15:14.989  6461  6461 D NetworkController.WifiSignalController: notifyListener: visible=true, connected=true, inetCondition=1, isDefault=true, wifiTestReported=true, receivedInetCondition=-1, hideDuringMobileSwitching=false
07-10 01:15:14.990  5674  6128 I SemWifiLinkQualityMonitor: Link Qos Query: 0.038 ms / 210.600 Mbps (351 / 0.000 / 1.667)
07-10 01:15:15.781 31802 32118 I PolicyManager: [#CMH#] Is foreground game app: false
07-10 01:15:15.886 31802 32118 I ControllerUtils: [#CMH#] StoryService:  9, isNonJustShotRunningPossible: false, isStopHeavyTask: true
07-10 01:15:15.942 31802 32118 I ControllerUtils: [#CMH#] IPService:  5, isNonJustShotRunningPossible: false, isStopHeavyTask: true
07-10 01:15:16.002 31802 32118 I ControllerUtils: [#CMH#] FaceService:  2, isNonJustShotRunningPossible: false, isStopHeavyTask: true
07-10 01:15:18.042  5674  7726 D SemWifiUsabilityStatsMonitor: onWifiUsabilityStats - seqNum 21726, isSameBssidAndFreq true
07-10 01:15:18.048  5674  6128 I SemWifiLinkQualityMonitor: Link Qos Query: 0.038 ms / 210.600 Mbps (351 / 0.000 / 1.667)
07-10 01:15:18.049  6461  6461 D NetworkController.WifiSignalController: notifyListener: visible=true, connected=true, inetCondition=1, isDefault=true, wifiTestReported=true, receivedInetCondition=-1, hideDuringMobileSwitching=false
07-10 01:15:21.095  5674  7726 D SemWifiUsabilityStatsMonitor: onWifiUsabilityStats - seqNum 21727, isSameBssidAndFreq true
07-10 01:15:21.098  5674  6128 I SemWifiLinkQualityMonitor: Link Qos Query: 0.038 ms / 210.600 Mbps (351 / 0.000 / 1.667)
07-10 01:15:21.101  5674  6055 D ConnectivityService: notifyType CALLBACK_CAP_CHANGED for [118 WIFI]
07-10 01:15:21.106  5674  6086 D SemWifiSwitchForIndividualAppsService: stopTCPMonitoring : already stopped
07-10 01:15:21.109  5674  6086 I WifiConnectivityMonitor.NCC: sNetworkCallback(oCC) FULL : 118(true/false)[ Transports: WIFI Capabilities: NOT_METERED&INTERNET&NOT_RESTRICTED&TRUSTED&NOT_VPN&VALIDATED&NOT_ROAMING&FOREGROUND&NOT_CONGESTED&NOT_SUSPENDED&NOT_VCN_MANAGED LinkUpBandwidth>=15762Kbps LinkDnBandwidth>=38308Kbps TransportInfo: <SSID: <unknown ssid>, BSSID: 02:00:00:**:**:00, MAC: 02:00:00:**:**:00, IP: /192.168.1.19, Security type: 2, Supplicant state: COMPLETED, Wi-Fi standard: 5, RSSI: -64, Link speed: 351Mbps, Tx Link speed: 351Mbps, Max Supported Tx Link speed: 433Mbps, Rx Link speed: 6Mbps, Max Supported Rx Link speed: 433Mbps, Frequency: 5180MHz, Net ID: -1, Metered hint: false, score: 60, isUsable: true, CarrierMerged: false, SubscriptionId: -1, IsPrimary: 1, Trusted: true, Restricted: false, Ephemeral: false, OEM paid: false, OEM private: false, OSU AP: false, FQDN: <none>, Provider friendly name: <none>, Requesting package name: <none><none>MLO Information: , AP MLD Address: <none>, AP MLO Link Id: <none>, AP MLO Affiliated links: <none>> SignalStrength: -64 AdminUids: [1000] SSID: "Talija" UnderlyingNetworks: Null]
07-10 01:15:21.115  5674  6164 I WifiConnectivityMonitor: current mode : 1
07-10 01:15:21.115  5674  6164 D OpenNetworkQos[4.00]: updateBssidNoInternet: mBssidNoInternet = false
07-10 01:15:21.115  5674  6164 D OpenNetworkQos[4.00]: getOpenNetworkQosNoInternetStatus: false
07-10 01:15:21.115  5674  6164 D OpenNetworkQos[4.00]: getOpenNetworkQosScores: 26 26 26
07-10 01:15:21.116  5674  6164 I WifiProfileShare: network QoS data was changed (internet), updateQoSData networkType: true, qosData: false
07-10 01:15:21.117  5674  7451 V WifiProfileShare.Caster: update wips network, size: 0
07-10 01:15:21.117  5674  7451 D WifiProfileShare: nearby scanning settings run
07-10 01:15:21.117  5674  7451 D WifiProfileShare: network score provider settings enabled
07-10 01:15:21.118  5674  7451 D OpenNetworkQos[4.00]: getOpenNetworkQosScores: 26 26 26
07-10 01:15:21.118  5674  7451 D OpenNetworkQos[4.00]: getOpenNetworkQosNoInternetStatus: false
07-10 01:15:21.118  5674  7451 I WifiProfileShare.Caster: current network type: 0, score: [26, 26, 26]
07-10 01:15:21.119  5674  7451 V WifiProfileShare.Cache: update network score 00:e4:06:**:**:90
07-10 01:15:21.119  5674  7451 D WifiProfileShare.ScanMatcher: getMcfDataList size:2
07-10 01:15:21.120  5674  7451 I WifiProfileShare.Caster: qos data was updated , before:type:QOS, pBssid:51:2e:90, qosData:7c after:type:QOS, pBssid:51:2e:90, qosData:7c
07-10 01:15:21.122  5674  7451 I [MCFSDK_android_1.2.4010]_4_b: isNetworkEnabled - type : 1 ret : true
07-10 01:15:21.122  5674  7451 D WifiProfileShare.McfCast: -ME--- mIsNetworkEnabled :true
07-10 01:15:21.122  5674  7451 D WifiProfileShare.McfCast: updateQoSData ignored, same contents
07-10 01:15:21.122  5674  7451 D WifiProfileShare.MCF: success update QosData !
07-10 01:15:21.123  5674  7451 I [MCFSDK_android_1.2.4010]_4_b: isNetworkEnabled - type : 1 ret : true
07-10 01:15:21.123  5674  7451 D WifiProfileShare.McfCast: -ME--- mIsNetworkEnabled :true
07-10 01:15:21.123  5674  7451 D WifiProfileShare.McfCast: -ME--- updatePasswordDate pwdData size:2
07-10 01:15:21.141 16924 24032 I ChimeraSrvcProxy: NullBinder for android.net.action.RECOMMEND_NETWORKS triggering remote TransactionTooLargeException due to Service without Chimera impl
07-10 01:15:21.142 16924 24032 W .gms.persistent: Large reply transaction of 1056768 bytes, interface descriptor , code 1
07-10 01:15:21.148  6461  6566 D NetworkController.WifiSignalController: notifyListener: visible=true, connected=true, inetCondition=1, isDefault=true, wifiTestReported=true, receivedInetCondition=-1, hideDuringMobileSwitching=false
07-10 01:15:23.307  5674  6164 D WifiConnectivityMonitor: Stop WCM Poll. cnt : 9
07-10 01:15:24.153  5674  6055 D ConnectivityService: notifyType CALLBACK_CAP_CHANGED for [118 WIFI]
07-10 01:15:24.154  5674  7726 D SemWifiUsabilityStatsMonitor: onWifiUsabilityStats - seqNum 21728, isSameBssidAndFreq true
07-10 01:15:24.157  5674  6086 D SemWifiSwitchForIndividualAppsService: stopTCPMonitoring : already stopped
07-10 01:15:24.158  5674  6128 I SemWifiLinkQualityMonitor: Link Qos Query: 0.123 ms / 65.000 Mbps (390 / 0.000 / 6.000)
07-10 01:15:24.158  5674  6086 I WifiConnectivityMonitor.NCC: sNetworkCallback(oCC) FULL : 118(true/false)[ Transports: WIFI Capabilities: NOT_METERED&INTERNET&NOT_RESTRICTED&TRUSTED&NOT_VPN&VALIDATED&NOT_ROAMING&FOREGROUND&NOT_CONGESTED&NOT_SUSPENDED&NOT_VCN_MANAGED LinkUpBandwidth>=38087Kbps LinkDnBandwidth>=48162Kbps TransportInfo: <SSID: <unknown ssid>, BSSID: 02:00:00:**:**:00, MAC: 02:00:00:**:**:00, IP: /192.168.1.19, Security type: 2, Supplicant state: COMPLETED, Wi-Fi standard: 5, RSSI: -63, Link speed: 390Mbps, Tx Link speed: 390Mbps, Max Supported Tx Link speed: 433Mbps, Rx Link speed: 6Mbps, Max Supported Rx Link speed: 433Mbps, Frequency: 5180MHz, Net ID: -1, Metered hint: false, score: 60, isUsable: true, CarrierMerged: false, SubscriptionId: -1, IsPrimary: 1, Trusted: true, Restricted: false, Ephemeral: false, OEM paid: false, OEM private: false, OSU AP: false, FQDN: <none>, Provider friendly name: <none>, Requesting package name: <none><none>MLO Information: , AP MLD Address: <none>, AP MLO Link Id: <none>, AP MLO Affiliated links: <none>> SignalStrength: -63 AdminUids: [1000] SSID: "Talija" UnderlyingNetworks: Null]
07-10 01:15:24.158  6461  6461 D NetworkController.WifiSignalController: notifyListener: visible=true, connected=true, inetCondition=1, isDefault=true, wifiTestReported=true, receivedInetCondition=-1, hideDuringMobileSwitching=false
07-10 01:15:24.161  5674  6164 I WifiConnectivityMonitor: current mode : 1
07-10 01:15:24.161  5674  6164 D OpenNetworkQos[4.00]: updateBssidNoInternet: mBssidNoInternet = false
07-10 01:15:24.161  5674  6164 D OpenNetworkQos[4.00]: getOpenNetworkQosNoInternetStatus: false
07-10 01:15:24.161  5674  6164 D OpenNetworkQos[4.00]: getOpenNetworkQosScores: 26 26 26
07-10 01:15:24.162  5674  6164 I WifiProfileShare: network QoS data was changed (internet), updateQoSData networkType: true, qosData: false
07-10 01:15:24.162  5674  7451 V WifiProfileShare.Caster: update wips network, size: 0
07-10 01:15:24.163  5674  7451 D WifiProfileShare: nearby scanning settings run
07-10 01:15:24.163  5674  7451 D WifiProfileShare: network score provider settings enabled
07-10 01:15:24.163  5674  7451 D OpenNetworkQos[4.00]: getOpenNetworkQosScores: 26 26 26
07-10 01:15:24.163  5674  7451 D OpenNetworkQos[4.00]: getOpenNetworkQosNoInternetStatus: false
07-10 01:15:24.163  5674  7451 I WifiProfileShare.Caster: current network type: 0, score: [26, 26, 26]
07-10 01:15:24.164  5674  7451 V WifiProfileShare.Cache: update network score 00:e4:06:**:**:90
07-10 01:15:24.165  5674  7451 D WifiProfileShare.ScanMatcher: getMcfDataList size:2
07-10 01:15:24.165  5674  7451 I WifiProfileShare.Caster: qos data was updated , before:type:QOS, pBssid:51:2e:90, qosData:7c after:type:QOS, pBssid:51:2e:90, qosData:7c
07-10 01:15:24.168  5674  7451 I [MCFSDK_android_1.2.4010]_4_b: isNetworkEnabled - type : 1 ret : true
07-10 01:15:24.168  5674  7451 D WifiProfileShare.McfCast: -ME--- mIsNetworkEnabled :true
07-10 01:15:24.168  5674  7451 D WifiProfileShare.McfCast: updateQoSData ignored, same contents
07-10 01:15:24.168  5674  7451 D WifiProfileShare.MCF: success update QosData !
07-10 01:15:24.170  5674  7451 I [MCFSDK_android_1.2.4010]_4_b: isNetworkEnabled - type : 1 ret : true
07-10 01:15:24.171  5674  7451 D WifiProfileShare.McfCast: -ME--- mIsNetworkEnabled :true
07-10 01:15:24.171  5674  7451 D WifiProfileShare.McfCast: -ME--- updatePasswordDate pwdData size:2
