07-10 01:35:51.627  5674  5745 W libprocessgroup: Failed to open /dev/blkio//cgroup.procs: No such file or directory
07-10 01:35:51.641 25568 25675 I SCS@AiSearch user 0: (AppsDataObserver) [androidx.work-2] leaving from execute():  result is true
07-10 01:35:51.641 25568 25675 I SCS@AiSearch user 0: (AppsDataWorker) [androidx.work-2] leaving from doWork():
07-10 01:35:51.643 25568 25622 I WM-WorkerWrapper: Worker result SUCCESS for Work [ id=6da87ec4-5c4e-464d-a7b1-e7b6ac67c4cb, tags={ com.samsung.android.scs.ai.search.scheduling.workers.AppsDataWorker, CMD_UPDATE_LIST } ]
07-10 01:35:51.656  5353  5543 V APM_AudioPolicyManager: setAppState(portId:1005, state:1)
07-10 01:35:51.661  5353  5543 V APM_AudioPolicyManager: setAppState(portId:1005, state:1)
07-10 01:35:51.811  5674  6112 I ChimeraAggressivePolicyHandler: executePolicy() - triggerSource: TRIGGER_SOURCE_LMKD
07-10 01:35:51.815  5674  6112 I ChimeraAggressivePolicyHandler: available memory: 1014156, free memory target: 870400, quit chimera
07-10 01:35:52.672  5674  5739 I SearchManagerService: updateSearchables
07-10 01:35:52.684 29666 29666 I Launcher.Model: isValidStateInKnoxMode:false user:UserHandle{0}
07-10 01:35:52.685 29666 29666 I Launcher.Model: package changed received : com.google.android.ext.services
07-10 01:35:52.718 29666 29751 I PackageUpdatedTask: mAllAppsList.updatePackage com.google.android.ext.services
07-10 01:35:52.740 29666 29751 I WidgetsModel: EasyModeWidget will be excluded on WidgetList.
07-10 01:35:52.766 29666 29751 I AppIconSolution: return adaptive icon for com.google.android.ext.services, isNight = true
07-10 01:35:52.921 29666 29751 I WidgetsModel: EasyModeWidget will be excluded on WidgetList.
07-10 01:35:52.936 29666 29751 I PostPositionOperator: addItem() - com.google.android.ext.services, isWidgetOnly : true
07-10 01:35:52.939 29666 29751 W PackageUpdatedTask: refreshSearchLayout return, operation is not matched
07-10 01:35:53.673  5674  6067 I SearchManagerService: _updateSearchables
07-10 01:35:54.126  5674  7726 D SemWifiUsabilityStatsMonitor: onWifiUsabilityStats - seqNum 22132, isSameBssidAndFreq true
07-10 01:35:54.129  5674  6128 I SemWifiLinkQualityMonitor: Link Qos Query: 0.082 ms / 97.333 Mbps (292 / 0.000 / 3.000)
07-10 01:35:54.684  5674  6067 W SearchableInfo: Invalid searchable metadata for com.samsung.android.messaging/.ui.view.recipientspicker.PickerActivity: Search label must be a resource reference.
07-10 01:35:54.997  5674  5745 W libprocessgroup: Failed to open /dev/blkio//cgroup.procs: No such file or directory
07-10 01:35:54.998  5353  5543 V APM_AudioPolicyManager: setAppState(portId:1005, state:1)
07-10 01:35:55.014  5353  5543 V APM_AudioPolicyManager: setAppState(portId:1005, state:1)
07-10 01:35:55.016  5674  5745 W libprocessgroup: Failed to open /dev/blkio//cgroup.procs: No such file or directory
07-10 01:35:55.061  5353  5543 V APM_AudioPolicyManager: setAppState(portId:1005, state:1)
07-10 01:35:55.065  5353  5543 V APM_AudioPolicyManager: setAppState(portId:1005, state:1)
07-10 01:35:55.117  5353  5543 V APM_AudioPolicyManager: setAppState(portId:1005, state:1)
07-10 01:35:55.125  5353  5543 V APM_AudioPolicyManager: setAppState(portId:1005, state:1)
07-10 01:35:56.989 31135 32652 I native  : I0000 00:00:1688945756.988837   32652 soda_async_impl.cc:1540] Current audio timestamp: 1688945756620242
07-10 01:35:57.140  5362  5362 I SurfaceFlinger: SFWD update time=136006510724413
07-10 01:35:57.156  5674  7726 D SemWifiUsabilityStatsMonitor: onWifiUsabilityStats - seqNum 22133, isSameBssidAndFreq true
07-10 01:35:57.159  5674  6128 I SemWifiLinkQualityMonitor: Link Qos Query: 0.082 ms / 97.333 Mbps (292 / 0.000 / 3.000)
07-10 01:35:57.161  6461  6461 D NetworkController.WifiSignalController: notifyListener: visible=true, connected=true, inetCondition=1, isDefault=true, wifiTestReported=true, receivedInetCondition=-1, hideDuringMobileSwitching=false
07-10 01:35:57.335  5674  6067 I SearchManagerService: _updateSearchables completed.
07-10 01:35:57.538  9843  9879 I FuseDaemon: Background young concurrent copying GC freed 77016(5573KB) AllocSpace objects, 2(40KB) LOS objects, 54% free, 4651KB/10MB, paused 664us,188us total 113.311ms
07-10 01:35:57.548  5262  5262 E audit   : type=1400 audit(1688945757.545:70097): avc:  denied  { read } for  pid=25837 comm="binder:25837_C" name="u:object_r:perf_prop:s0" dev="tmpfs" ino=10663 scontext=u:r:untrusted_app:s0:c252,c256,c512,c768 tcontext=u:object_r:perf_prop:s0 tclass=file permissive=0 SEPF_SM-A515F_13_0001 audit_filtered
07-10 01:35:57.549  5262  5262 E audit   : type=1300 audit(1688945757.545:70097): arch=c00000b7 syscall=56 success=no exit=-13 a0=ffffff9c a1=7b899812f8 a2=88000 a3=0 items=0 ppid=5287 pid=25837 auid=4294967295 uid=10252 gid=10252 euid=10252 suid=10252 fsuid=10252 egid=10252 sgid=10252 fsgid=10252 tty=(none) ses=4294967295 comm="binder:25837_C" exe="/system/bin/app_process64" subj=u:r:untrusted_app:s0:c252,c256,c512,c768 key=(null)
07-10 01:35:57.549  5262  5262 E audit   : type=1327 audit(1688945757.545:70097): proctitle="com.google.android.apps.photos"
07-10 01:35:57.549 25837 27693 W libc    : Access denied finding property "sys.perf.boostopt"
07-10 01:35:57.648 16924 16924 D BoundBrokerSvc: onUnbind: Intent { act=com.google.android.gms.udc.service.START dat=chimera-action:/... cmp=com.google.android.gms/.chimera.PersistentApiService }
07-10 01:35:58.769 31135 31447 I A       : (REDACTED) #onAudioData: %s bytes, getAudioReadSize %s
07-10 01:35:59.118 27310 27468 D CompatibilityChangeReporter: Compat change id reported: 150939131; UID 10086; state: ENABLED
07-10 01:35:59.983  5353  5543 V APM_AudioPolicyManager: setAppState(portId:1005, state:1)
07-10 01:36:00.011  5353  5543 V APM_AudioPolicyManager: setAppState(portId:1005, state:1)
07-10 01:36:00.013  6461  7078 D QSClockBellTower: onReceive(android.intent.action.TIME_TICK) mTimeZoneString:null
07-10 01:36:00.053  6461  6461 D KeyguardUpdateMonitor: received broadcast android.intent.action.TIME_TICK
07-10 01:36:00.108  6461  6461 D QSClockBellTower: He is ready to ring the bell. (((QSClockBellSound - TimeText:01:36, TimeContentDescription:01:36, DateText:Mon, 10 July, ShortDateText:Mon, 10 Jul, Demo:false, QuickStar-Second(false|12:34:56))))
07-10 01:36:00.110  6461  6461 D QSClockIndicatorView: Home Indicator status_bar_clock 01:36 notifyTimeChanged(QSClockBellSound - TimeText:01:36, TimeContentDescription:01:36, DateText:Mon, 10 July, ShortDateText:Mon, 10 Jul, Demo:false, QuickStar-Second(false|12:34:56)) ClockVisibleByPolicy:true, ClockVisibleByUser:true, visible?false, parent:android.widget.LinearLayout{503272 V.E...... ........ 0,0-0,55 #7f0b04f0 app:id/left_clock_container}
07-10 01:36:00.111  6461  6461 D QSClockBellTower: Everyone heard the bell. run(currentTime:1688945760104,   getTime():Mon Jul 10 01:36:00 GMT+02:00 2023,   getTimeZone():libcore.util.ZoneInfo[mDstSavings=3600000,mUseDst=true,mDelegate=[id="Europe/Belgrade",mRawOffset=3600000,mEarliestRawOffset=4920000,transitions=119]])
07-10 01:36:00.144  6461  6461 I FaceWidgetPositionAlgorithm: getClockContainerHeight() supplier = 270, bottom margin = 0, real height = 333
07-10 01:36:00.144  6461  6461 I FaceWidgetPositionAlgorithm: getClockContainerHeight() supplier = 270, bottom margin = 63, real height = 333
07-10 01:36:00.145  6461  6461 I FaceWidgetPositionAlgorithm: getMediaContainerHeight() height = 0 container Visibility = 8, isValid = false, mIsDozing = false, fraction = 1.0, source = 0, target = 0
07-10 01:36:00.145  6461  6461 I FaceWidgetPositionAlgorithm: getMediaContainerHeight() supplier = 0
07-10 01:36:00.156  6461  6461 V QsExpandAnimator: setQsExpansionPosition 0.0
07-10 01:36:00.163  6461  6461 D KeyguardUpdateMonitor: handleTimeUpdate
07-10 01:36:00.167  6461  6461 D FaceWidgetPagesController: onTimeChanged()
07-10 01:36:00.168  6461  6461 V QsExpandAnimator: updateAnimators
07-10 01:36:00.168  6461  6461 V QsExpandAnimator: clearAnimationState
07-10 01:36:00.169  6461  6461 V QsExpandAnimator: updateViews
07-10 01:36:00.174  6461  6461 V QsExpandAnimator: updateTileAnimator
07-10 01:36:00.178  6461  6461 V QsExpandAnimator: updateHeaderAnimator
07-10 01:36:00.179  6461  6461 V QsExpandAnimator: updateBarAnimator
07-10 01:36:00.179  6461  6461 V QsExpandAnimator: setQsExpansionPosition 0.0
07-10 01:36:00.179  6461  6461 V QsExpandAnimator: onAnimationAtStart
07-10 01:36:00.192  5674  7726 D SemWifiUsabilityStatsMonitor: onWifiUsabilityStats - seqNum 22134, isSameBssidAndFreq true
07-10 01:36:00.194  5674  6128 I SemWifiLinkQualityMonitor: Link Qos Query: 0.082 ms / 97.333 Mbps (292 / 0.000 / 3.000)
07-10 01:36:01.263 11611 11645 D Benchmark: timeNs[ 0:10]: 141467577 141524269 145359538 141488115 141464731 141458808 142002270 143844192 141687269 141948731
07-10 01:36:01.263 11611 11645 D Benchmark: timeNs[10:20]: 141765923 141602961 141560923 141296423 145892231 141382769 141434654 141554346 141374615 141557231
07-10 01:36:01.263 11611 11645 D Benchmark: timeNs[20:30]: 141704384 141789115 141836576 143636116 141626192 141609346 141599154 141184730 141948577 141535962
07-10 01:36:01.263 11611 11645 D Benchmark: timeNs[30:40]: 141346731 141333423 141423846 141428500 141978962 141124077 141359154 141266923 141275269 141614538
07-10 01:36:01.263 11611 11645 D Benchmark: timeNs[40:50]: 141252538 141388731 141724923 141678423 141395769 141392038 141254038 141525577 141515730 141331038
07-10 01:36:01.976 11611 11645 D Benchmark: allocationCount[ 0:10]: 41 41 41 41 41
07-10 01:36:01.977 11611 11645 D Benchmark: Set 11645 (Bench thread) to priority -8. Was -20, now -8
07-10 01:36:01.977 11611 11645 D Benchmark: Set 11624 (Jit) to priority 9. Was -15, now 9
07-10 01:36:01.977 11611 11645 D Benchmark: Warmup: t=8.102, iter=56, fastAvg=142163424, slowAvg=244216944
07-10 01:36:01.977 11611 11645 I PerfettoCapture: Stopping perfetto.
07-10 01:36:02.021 28996 28996 I perfetto:    perfetto_cmd.cc:1168 SIGINT/SIGTERM received: disabling tracing.
07-10 01:36:02.024 11611 11645 D Benchmark: kill -TERM command output -
07-10 01:36:02.042  5424  5424 I perfetto:  probes_producer.cc:396 Producer stop (id=1337)
07-10 01:36:02.047  5424  5424 I perfetto:    ftrace_procfs.cc:342 disabled ftrace in /sys/kernel/tracing/
07-10 01:36:02.120  4380  4380 I hwservicemanager: getTransport: Cannot find entry android.hardware.atrace@1.0::IAtraceDevice/default in either framework or device VINTF manifest.
07-10 01:36:02.128  5424  5424 I perfetto:  probes_producer.cc:396 Producer stop (id=1338)
07-10 01:36:02.129  5424  5424 I perfetto:  probes_producer.cc:396 Producer stop (id=1339)
07-10 01:36:02.241 28996 28996 I perfetto:    perfetto_cmd.cc:1124 Trace written into the output file
07-10 01:36:02.257  5436  5436 I perfetto: ng_service_impl.cc:2426 Tracing session 335 ended, total sessions:0
07-10 01:36:02.665 11611 11645 D Benchmark: Waiting 500 ms for [ProcessPid(processName=perfetto, pid=28996)] to die
07-10 01:36:02.792 11611 11645 I PerfettoCapture: Writing to /storage/emulated/0/Android/data/org.jetbrains.android_benchmark.test/cache/Wolf3dBenchmark_mutableUniversalRefFloatIn2Longs_2023-07-09-23-36-01.perfetto-trace.
07-10 01:36:02.815  5325  5325 E sehhealth-service: Could not open /sys/class/power_supply/battery/lrp
07-10 01:36:02.908 11611 11645 D Benchmark: Copying /storage/emulated/0/Android/data/org.jetbrains.android_benchmark.test/cache/Wolf3dBenchmark_mutableUniversalRefFloatIn2Longs_2023-07-09-23-36-01.perfetto-trace to /sdcard/Android/media/org.jetbrains.android_benchmark.test/additional_test_output/Wolf3dBenchmark_mutableUniversalRefFloatIn2Longs_2023-07-09-23-36-01.perfetto-trace
07-10 01:36:02.969  9843 28966 W MediaProvider: isAppCloneUserPair for user 0: false
07-10 01:36:03.003  5674  9851 D SyncManager: userId - 0 auto - true
07-10 01:36:03.046  5674  6164 D WifiConnectivityMonitor: Stop WCM Poll. cnt : 9
07-10 01:36:03.095 16924 28741 I NetworkScheduler.Stats: (REDACTED) Task %s/%s started execution. cause:%s exec_start_elapsed_seconds: %s
07-10 01:36:03.104 16924 28939 I NetworkScheduler.Stats: (REDACTED) Task %s/%s finished executing. cause:%s result: %s elapsed_millis: %s uptime_millis: %s exec_start_elapsed_seconds: %s
07-10 01:36:03.159 11611 11645 I Benchmark: Wolf3dBenchmark.mutableUniversalRefFloatIn2Longs[Metric (timeNs) results: median 1.41524923E8, min 1.41124077E8, max 1.45892231E8, standardDeviation: 931787.0164986277, Metric (allocationCount) results: median 41.0, min 41.0, max 41.0, standardDeviation: 0.0]count=1
07-10 01:36:03.163 11611 11645 D Benchmark: writing results to /storage/emulated/0/Android/data/org.jetbrains.android_benchmark.test/cache/org.jetbrains.android_benchmark.test-benchmarkData.json
07-10 01:36:03.180 11611 11645 D Benchmark: Copying /storage/emulated/0/Android/data/org.jetbrains.android_benchmark.test/cache/org.jetbrains.android_benchmark.test-benchmarkData.json to /sdcard/Android/media/org.jetbrains.android_benchmark.test/additional_test_output/org.jetbrains.android_benchmark.test-benchmarkData.json
07-10 01:36:03.232  5674  7726 D SemWifiUsabilityStatsMonitor: onWifiUsabilityStats - seqNum 22135, isSameBssidAndFreq true
07-10 01:36:03.234  5674  6128 I SemWifiLinkQualityMonitor: Link Qos Query: 0.082 ms / 97.333 Mbps (292 / 0.000 / 3.000)
07-10 01:36:03.246  9843 28871 I MediaProvider: Deleted 0 0 0 0 0 0 0 items on external_primary due to org.jetbrains.android_benchmark.test
07-10 01:36:03.270 11611 11645 I TestRunner: finished: mutableUniversalRefFloatIn2Longs(org.jetbrains.android_benchmark.Wolf3dBenchmark)
