07-10 01:37:14.291  5262  5262 E audit   : type=1400 audit(1688945834.289:70104): avc:  denied  { read } for  pid=29306 comm="ru.yandex.music" name="u:object_r:perf_prop:s0" dev="tmpfs" ino=10663 scontext=u:r:untrusted_app:s0:c150,c257,c512,c768 tcontext=u:object_r:perf_prop:s0 tclass=file permissive=0 SEPF_SM-A515F_13_0001 audit_filtered
07-10 01:37:14.292  5262  5262 E audit   : type=1300 audit(1688945834.289:70104): arch=c00000b7 syscall=56 success=no exit=-13 a0=ffffff9c a1=7fcf7d5458 a2=88000 a3=0 items=0 ppid=5287 pid=29306 auid=4294967295 uid=10406 gid=10406 euid=10406 suid=10406 fsuid=10406 egid=10406 sgid=10406 fsgid=10406 tty=(none) ses=4294967295 comm="ru.yandex.music" exe="/system/bin/app_process64" subj=u:r:untrusted_app:s0:c150,c257,c512,c768 key=(null)
07-10 01:37:14.292  5262  5262 E audit   : type=1327 audit(1688945834.289:70104): proctitle="zygote64"
07-10 01:37:14.292 29306 29318 W libc    : Access denied finding property "sys.perf.boostopt"
07-10 01:37:14.293  5262  5262 E audit   : type=1400 audit(1688945834.289:70105): avc:  denied  { read } for  pid=29306 comm="binder:29306_1" name="u:object_r:perf_prop:s0" dev="tmpfs" ino=10663 scontext=u:r:untrusted_app:s0:c150,c257,c512,c768 tcontext=u:object_r:perf_prop:s0 tclass=file permissive=0 SEPF_SM-A515F_13_0001 audit_filtered
07-10 01:37:14.293  5262  5262 E audit   : type=1300 audit(1688945834.289:70105): arch=c00000b7 syscall=56 success=no exit=-13 a0=ffffff9c a1=7b7d4772f8 a2=88000 a3=0 items=0 ppid=5287 pid=29306 auid=4294967295 uid=10406 gid=10406 euid=10406 suid=10406 fsuid=10406 egid=10406 sgid=10406 fsgid=10406 tty=(none) ses=4294967295 comm="binder:29306_1" exe="/system/bin/app_process64" subj=u:r:untrusted_app:s0:c150,c257,c512,c768 key=(null)
07-10 01:37:14.295 29306 29306 D ActivityThread: setConscryptValidator
07-10 01:37:14.295 29306 29306 D ActivityThread: setConscryptValidator - put
07-10 01:37:14.318  5353  6075 V APM_AudioPolicyManager: setAppState(portId:1005, state:1)
07-10 01:37:14.320 29306 29319 W libc    : Access denied finding property "sys.perf.boostopt"
07-10 01:37:14.325 29306 29306 D CompatibilityChangeReporter: Compat change id reported: 171979766; UID 10406; state: ENABLED
07-10 01:37:14.363 29306 29306 D nativeloader: Configuring classloader-namespace for other apk /system/framework/org.apache.http.legacy.jar. target_sdk_version=32, uses_libraries=ALL, library_path=/data/app/~~9Ns9kAcRFI7mq-f3tpZ_Ng==/ru.yandex.music-ltMY_Z3teXdtRYH6ioJ6gQ==/lib/arm64:/data/app/~~9Ns9kAcRFI7mq-f3tpZ_Ng==/ru.yandex.music-ltMY_Z3teXdtRYH6ioJ6gQ==/base.apk!/lib/arm64-v8a:/data/app/~~9Ns9kAcRFI7mq-f3tpZ_Ng==/ru.yandex.music-ltMY_Z3teXdtRYH6ioJ6gQ==/split_config.arm64_v8a.apk!/lib/arm64-v8a:/data/app/~~9Ns9kAcRFI7mq-f3tpZ_Ng==/ru.yandex.music-ltMY_Z3teXdtRYH6ioJ6gQ==/split_config.en.apk!/lib/arm64-v8a:/data/app/~~9Ns9kAcRFI7mq-f3tpZ_Ng==/ru.yandex.music-ltMY_Z3teXdtRYH6ioJ6gQ==/split_config.ru.apk!/lib/arm64-v8a:/data/app/~~9Ns9kAcRFI7mq-f3tpZ_Ng==/ru.yandex.music-ltMY_Z3teXdtRYH6ioJ6gQ==/split_config.xxhdpi.apk!/lib/arm64-v8a, permitted_path=/data:/mnt/expand:/data/user/0/ru.yandex.music
07-10 01:37:14.363 29306 29306 D nativeloader: Extending system_exposed_libraries: libhumantracking.arcsoft.so:libPortraitDistortionCorrection.arcsoft.so:libPortraitDistortionCorrectionCali.arcsoft.so:libface_landmark.arcsoft.so:libFacialStickerEngine.arcsoft.so:libveengine.arcsoft.so:liblow_light_hdr.arcsoft.so:libhigh_dynamic_range.arcsoft.so:libFacialAttributeDetection.arcsoft.so:libBeauty_v4.camera.samsung.so:libexifa.camera.samsung.so:libjpega.camera.samsung.so:libOpenCv.camera.samsung.so:libImageScreener.camera.samsung.so:libMyFilter.camera.samsung.so:libtensorflowLite.myfilter.camera.samsung.so:libtensorflowlite_inference_api.myfilter.camera.samsung.so:libEventFinder.camera.samsung.so:libHIDTSnapJNI.camera.samsung.so:libSmartScan.camera.samsung.so:libRectify.camera.samsung.so:libDocRectifyWrapper.camera.samsung.so:libUltraWideDistortionCorrection.camera.samsung.so:libHpr_RecGAE_cvFeature_v1.0.camera.samsung.so:libHprFace_GAE_api.camera.samsung.so:libFace_Landmark_API.camera.samsung.so:libHprFace_GAE_jni.camera.samsung.so:libFacialBasedSelfieCorrec
07-10 01:37:14.434 29306 29306 W ziparchive: Unable to open '/data/app/~~9Ns9kAcRFI7mq-f3tpZ_Ng==/ru.yandex.music-ltMY_Z3teXdtRYH6ioJ6gQ==/split_config.arm64_v8a.dm': No such file or directory
07-10 01:37:14.434 29306 29306 W ziparchive: Unable to open '/data/app/~~9Ns9kAcRFI7mq-f3tpZ_Ng==/ru.yandex.music-ltMY_Z3teXdtRYH6ioJ6gQ==/split_config.arm64_v8a.dm': No such file or directory
07-10 01:37:14.435 29306 29306 W ru.yandex.music: Entry not found
07-10 01:37:14.438 29306 29306 W ziparchive: Unable to open '/data/app/~~9Ns9kAcRFI7mq-f3tpZ_Ng==/ru.yandex.music-ltMY_Z3teXdtRYH6ioJ6gQ==/split_config.en.dm': No such file or directory
07-10 01:37:14.438 29306 29306 W ziparchive: Unable to open '/data/app/~~9Ns9kAcRFI7mq-f3tpZ_Ng==/ru.yandex.music-ltMY_Z3teXdtRYH6ioJ6gQ==/split_config.en.dm': No such file or directory
07-10 01:37:14.439 29306 29306 W ru.yandex.music: Entry not found
07-10 01:37:14.441 29306 29306 W ziparchive: Unable to open '/data/app/~~9Ns9kAcRFI7mq-f3tpZ_Ng==/ru.yandex.music-ltMY_Z3teXdtRYH6ioJ6gQ==/split_config.ru.dm': No such file or directory
07-10 01:37:14.441 29306 29306 W ziparchive: Unable to open '/data/app/~~9Ns9kAcRFI7mq-f3tpZ_Ng==/ru.yandex.music-ltMY_Z3teXdtRYH6ioJ6gQ==/split_config.ru.dm': No such file or directory
07-10 01:37:14.443 29306 29306 W ru.yandex.music: Entry not found
07-10 01:37:14.444 29306 29306 W ziparchive: Unable to open '/data/app/~~9Ns9kAcRFI7mq-f3tpZ_Ng==/ru.yandex.music-ltMY_Z3teXdtRYH6ioJ6gQ==/split_config.xxhdpi.dm': No such file or directory
07-10 01:37:14.444 29306 29306 W ziparchive: Unable to open '/data/app/~~9Ns9kAcRFI7mq-f3tpZ_Ng==/ru.yandex.music-ltMY_Z3teXdtRYH6ioJ6gQ==/split_config.xxhdpi.dm': No such file or directory
07-10 01:37:14.445 29306 29306 W ru.yandex.music: Entry not found
07-10 01:37:14.447 29306 29306 D nativeloader: Configuring classloader-namespace for other apk /data/app/~~9Ns9kAcRFI7mq-f3tpZ_Ng==/ru.yandex.music-ltMY_Z3teXdtRYH6ioJ6gQ==/base.apk:/data/app/~~9Ns9kAcRFI7mq-f3tpZ_Ng==/ru.yandex.music-ltMY_Z3teXdtRYH6ioJ6gQ==/split_config.arm64_v8a.apk:/data/app/~~9Ns9kAcRFI7mq-f3tpZ_Ng==/ru.yandex.music-ltMY_Z3teXdtRYH6ioJ6gQ==/split_config.en.apk:/data/app/~~9Ns9kAcRFI7mq-f3tpZ_Ng==/ru.yandex.music-ltMY_Z3teXdtRYH6ioJ6gQ==/split_config.ru.apk:/data/app/~~9Ns9kAcRFI7mq-f3tpZ_Ng==/ru.yandex.music-ltMY_Z3teXdtRYH6ioJ6gQ==/split_config.xxhdpi.apk. target_sdk_version=32, uses_libraries=, library_path=/data/app/~~9Ns9kAcRFI7mq-f3tpZ_Ng==/ru.yandex.music-ltMY_Z3teXdtRYH6ioJ6gQ==/lib/arm64:/data/app/~~9Ns9kAcRFI7mq-f3tpZ_Ng==/ru.yandex.music-ltMY_Z3teXdtRYH6ioJ6gQ==/base.apk!/lib/arm64-v8a:/data/app/~~9Ns9kAcRFI7mq-f3tpZ_Ng==/ru.yandex.music-ltMY_Z3teXdtRYH6ioJ6gQ==/split_config.arm64_v8a.apk!/lib/arm64-v8a:/data/app/~~9Ns9kAcRFI7mq-f3tpZ_Ng==/ru.yandex.music-ltMY_Z3teXdtRYH6ioJ6gQ==/split_config.en.apk!/lib/arm64-v8a:/data/ap
07-10 01:37:14.453 29306 29306 W ru.yandex.music: JIT profile information will not be recorded: profile file does not exist.
07-10 01:37:14.454 29306 29306 W ru.yandex.music: JIT profile information will not be recorded: profile file does not exist.
07-10 01:37:14.454 29306 29306 W ru.yandex.music: JIT profile information will not be recorded: profile file does not exist.
07-10 01:37:14.454 29306 29306 W ru.yandex.music: JIT profile information will not be recorded: profile file does not exist.
07-10 01:37:14.479 29306 29306 V GraphicsEnvironment: ANGLE Developer option for 'ru.yandex.music' set to: 'default'
07-10 01:37:14.480 29306 29306 V GraphicsEnvironment: ANGLE GameManagerService for ru.yandex.music: false
07-10 01:37:14.480 29306 29306 V GraphicsEnvironment: Neither updatable production driver nor prerelease driver is supported.
07-10 01:37:14.487 29306 29306 D NetworkSecurityConfig: Using Network Security Config from resource network_security_config debugBuild: false
07-10 01:37:14.493 29306 29306 D NetworkSecurityConfig: Using Network Security Config from resource network_security_config debugBuild: false
07-10 01:37:14.536 29306 29306 D Pulse   : Application.FullStart - start
07-10 01:37:14.553 29306 29306 D Pulse   : Application.ContentProviders - start
07-10 01:37:14.603  5674  6112 I ChimeraAggressivePolicyHandler: executePolicy() - triggerSource: TRIGGER_SOURCE_LMKD
07-10 01:37:14.606 29306 29306 D CompatibilityChangeReporter: Compat change id reported: 183155436; UID 10406; state: DISABLED
07-10 01:37:14.606  5674  6112 I ChimeraAggressivePolicyHandler: available memory: 964336, free memory target: 870400, quit chimera
07-10 01:37:14.607 29306 29306 I FirebaseApp: Device unlocked: initializing all Firebase APIs for app [DEFAULT]
07-10 01:37:14.620 29306 29306 I FirebaseCrashlytics: Initializing Firebase Crashlytics 18.2.13 for ru.yandex.music
07-10 01:37:14.709 29306 29306 I FirebaseInitProvider: FirebaseApp initialization successful
07-10 01:37:14.810 29306 29306 D Pulse   : Application.ContentProviders - finish
07-10 01:37:14.810 29306 29306 D Pulse   : Application.OnCreate - start
07-10 01:37:14.832 29306 29306 D Pulse   : Application.OnCreate.RxFdSpice - start
07-10 01:37:14.835 29306 29306 D Pulse   : Application.OnCreate.RxFdSpice - finish
07-10 01:37:14.835 29306 29306 D Pulse   : Application.OnCreate.NewDi - start
07-10 01:37:14.900 29306 29306 D Pulse   : Application.OnCreate.Migration - start
07-10 01:37:14.900 29306 29306 D Pulse   : Application.OnCreate.Migration - finish
07-10 01:37:14.900 29306 29306 D Pulse   : Application.OnCreate.OldDi.ConfigureServices - start
07-10 01:37:14.900 29306 29306 D Pulse   : Application.OnCreate.OldDi.NetworkConfigure - start
07-10 01:37:14.907 29306 29306 D Pulse   : Application.OnCreate.OldDi.NetworkConfigure - finish
07-10 01:37:14.907 29306 29306 D Pulse   : Application.OnCreate.OldDi.ModelDiConfigure - start
07-10 01:37:14.915 29306 29306 D Pulse   : Application.OnCreate.OldDi.ModelDiConfigure - finish
07-10 01:37:14.915 29306 29306 D Pulse   : Application.OnCreate.OldDi.AppDiConfigure - start
07-10 01:37:14.920 29306 29306 D Pulse   : Application.OnCreate.OldDi.AppDiConfigure - finish
07-10 01:37:14.920 29306 29306 D Pulse   : Application.OnCreate.OldDi.ConfigureServices - finish
07-10 01:37:14.920 29306 29306 D Pulse   : Application.OnCreate.OldDi.InitServices - start
07-10 01:37:14.920 29306 29306 D Pulse   : Application.OnCreate.OldDi.AnalyticsInit - start
07-10 01:37:14.934 29306 29306 I AppMetrica: Initializing of Metrica, Release type, Version 5.2.1, API Level 105, Dated 30.09.2022.
07-10 01:37:14.941 29306 29306 W ru.yandex.music: Method void com.yandex.metrica.CounterConfiguration.<init>(com.yandex.metrica.YandexMetricaInternalConfig, com.yandex.metrica.CounterConfiguration$b) failed lock verification and will run slower.
07-10 01:37:14.941 29306 29306 W ru.yandex.music: Common causes for lock verification issues are non-optimized dex code
07-10 01:37:14.941 29306 29306 W ru.yandex.music: and incorrect proguard optimizations.
07-10 01:37:14.946 29306 29306 D Pulse   : Application.OnCreate.OldDi.AnalyticsInit - finish
07-10 01:37:14.946 29306 29306 D Pulse   : Application.OnCreate.OldDi.SqlInit - start
07-10 01:37:14.950 29306 29306 D Pulse   : Application.OnCreate.OldDi.SqlInit - finish
07-10 01:37:14.950 29306 29306 D Pulse   : Application.OnCreate.OldDi.UserInit - start
07-10 01:37:14.955 29306 29347 D Pulse   : DBPulse.Cold.CentralDb - start
07-10 01:37:14.961 29306 29306 D Pulse   : Application.OnCreate.OldDi.UserInit - finish
07-10 01:37:14.962 29306 29306 D Pulse   : Application.OnCreate.OldDi.NewExperimentsInit - start
07-10 01:37:15.037 29306 29343 W ru.yandex.music: Method void com.yandex.metrica.impl.ob.xi.a(android.os.Bundle) failed lock verification and will run slower.
07-10 01:37:15.044 29306 29306 D Pulse   : Application.OnCreate.OldDi.NewExperimentsInit - finish
07-10 01:37:15.045 29306 29347 E SQLiteLog: (283) recovered 745 frames from WAL file /data/data/ru.yandex.music/databases/centralDb-wal
07-10 01:37:15.064 29306 29347 D Pulse   : DBPulse.Cold.CentralDb - finish
07-10 01:37:15.069 29306 29347 D Pulse   : DBPulse.Cold.UserDb - start
07-10 01:37:15.098 29306 29347 E SQLiteLog: (283) recovered 79 frames from WAL file /data/data/ru.yandex.music/databases/userDb_550871220-wal
07-10 01:37:15.100 29306 29342 I AppMetrica: Activate AppMetrica with APIKey d7fc6f68-xxxx-xxxx-xxxx-xxxxxxxxd2ef
07-10 01:37:15.103 29306 29342 I AppMetrica: Activate reporter with APIKey 20799a27-xxxx-xxxx-xxxx-xxxxxxxx4180
07-10 01:37:15.111 29306 29347 D Pulse   : DBPulse.Cold.UserDb - finish
07-10 01:37:15.118 29306 29306 D CompatibilityChangeReporter: Compat change id reported: 160794467; UID 10406; state: ENABLED
07-10 01:37:15.124  5287  5287 D Zygote  : Forked child process 29366
07-10 01:37:15.151 29306 29306 D Pulse   : Application.OnCreate.OldDi.InitServices - finish
07-10 01:37:15.152 29306 29306 D Pulse   : Application.OnCreate.OldDi.DiInjects - start
07-10 01:37:15.153 29306 29306 D Pulse   : Application.OnCreate.OldDi.PaymentDiInit - start
07-10 01:37:15.156 29306 29342 I AppMetrica: Activate reporter with APIKey 67bb016b-xxxx-xxxx-xxxx-xxxxxxxx03d3
07-10 01:37:15.190 29366 29366 I x.music:Metrica: Using CollectorTypeCC GC.
07-10 01:37:15.198 29366 29366 E x.music:Metrica: Not starting debugger since process cannot load the jdwp agent.
07-10 01:37:15.213 29366 29366 W libc    : Access denied finding property "sys.perf.boostopt"
07-10 01:37:15.215 29366 29366 D ActivityThread: setConscryptValidator
07-10 01:37:15.216 29366 29366 D ActivityThread: setConscryptValidator - put
07-10 01:37:15.218 29366 29384 W libc    : Access denied finding property "sys.perf.boostopt"
07-10 01:37:15.219  5287  5287 D Zygote  : Forked child process 29386
07-10 01:37:15.237 29366 29384 W libc    : Access denied finding property "sys.perf.boostopt"
07-10 01:37:15.243 29366 29366 D CompatibilityChangeReporter: Compat change id reported: 171979766; UID 10406; state: ENABLED
07-10 01:37:15.262 29306 29342 I AppMetrica: Activate reporter with APIKey 2c129634-xxxx-xxxx-xxxx-xxxxxxxxe8cf
07-10 01:37:15.275 29366 29366 D nativeloader: Configuring classloader-namespace for other apk /system/framework/org.apache.http.legacy.jar. target_sdk_version=32, uses_libraries=ALL, library_path=/data/app/~~9Ns9kAcRFI7mq-f3tpZ_Ng==/ru.yandex.music-ltMY_Z3teXdtRYH6ioJ6gQ==/lib/arm64:/data/app/~~9Ns9kAcRFI7mq-f3tpZ_Ng==/ru.yandex.music-ltMY_Z3teXdtRYH6ioJ6gQ==/base.apk!/lib/arm64-v8a:/data/app/~~9Ns9kAcRFI7mq-f3tpZ_Ng==/ru.yandex.music-ltMY_Z3teXdtRYH6ioJ6gQ==/split_config.arm64_v8a.apk!/lib/arm64-v8a:/data/app/~~9Ns9kAcRFI7mq-f3tpZ_Ng==/ru.yandex.music-ltMY_Z3teXdtRYH6ioJ6gQ==/split_config.en.apk!/lib/arm64-v8a:/data/app/~~9Ns9kAcRFI7mq-f3tpZ_Ng==/ru.yandex.music-ltMY_Z3teXdtRYH6ioJ6gQ==/split_config.ru.apk!/lib/arm64-v8a:/data/app/~~9Ns9kAcRFI7mq-f3tpZ_Ng==/ru.yandex.music-ltMY_Z3teXdtRYH6ioJ6gQ==/split_config.xxhdpi.apk!/lib/arm64-v8a, permitted_path=/data:/mnt/expand:/data/user/0/ru.yandex.music
07-10 01:37:15.275 29366 29366 D nativeloader: Extending system_exposed_libraries: libhumantracking.arcsoft.so:libPortraitDistortionCorrection.arcsoft.so:libPortraitDistortionCorrectionCali.arcsoft.so:libface_landmark.arcsoft.so:libFacialStickerEngine.arcsoft.so:libveengine.arcsoft.so:liblow_light_hdr.arcsoft.so:libhigh_dynamic_range.arcsoft.so:libFacialAttributeDetection.arcsoft.so:libBeauty_v4.camera.samsung.so:libexifa.camera.samsung.so:libjpega.camera.samsung.so:libOpenCv.camera.samsung.so:libImageScreener.camera.samsung.so:libMyFilter.camera.samsung.so:libtensorflowLite.myfilter.camera.samsung.so:libtensorflowlite_inference_api.myfilter.camera.samsung.so:libEventFinder.camera.samsung.so:libHIDTSnapJNI.camera.samsung.so:libSmartScan.camera.samsung.so:libRectify.camera.samsung.so:libDocRectifyWrapper.camera.samsung.so:libUltraWideDistortionCorrection.camera.samsung.so:libHpr_RecGAE_cvFeature_v1.0.camera.samsung.so:libHprFace_GAE_api.camera.samsung.so:libFace_Landmark_API.camera.samsung.so:libHprFace_GAE_jni.camera.samsung.so:libFacialBasedSelfieCorrec
07-10 01:37:15.287 29306 29306 D Pulse   : Application.OnCreate.OldDi.PaymentDiInit - finish
07-10 01:37:15.288 29306 29306 D Pulse   : Application.OnCreate.OldDi.PlaybackControlDiInit - start
07-10 01:37:15.289 29306 29306 D Pulse   : Application.OnCreate.OldDi.PlaybackControlDiInit - finish
07-10 01:37:15.289 29306 29306 D Pulse   : Application.OnCreate.OldDi.InternalPushDiInit - start
07-10 01:37:15.291 29306 29306 D Pulse   : Application.OnCreate.OldDi.InternalPushDiInit - finish
07-10 01:37:15.292 29306 29306 D Pulse   : Application.OnCreate.OldDi.StatisticsDiInit - start
07-10 01:37:15.292 29386 29386 I .music:passport: Using CollectorTypeCC GC.
07-10 01:37:15.293 29306 29306 D Pulse   : Application.OnCreate.OldDi.StatisticsDiInit - finish
07-10 01:37:15.293 29306 29306 D Pulse   : Application.OnCreate.OldDi.SyncDiInit - start
07-10 01:37:15.298 29306 29306 D Pulse   : Application.OnCreate.OldDi.SyncDiInit - finish
07-10 01:37:15.298 29306 29306 D Pulse   : Application.OnCreate.OldDi.DiInjects - finish
07-10 01:37:15.298 29306 29306 D Pulse   : Application.OnCreate.NewDi - finish
07-10 01:37:15.299 29306 29342 I AppMetrica: Activate reporter with APIKey 0e5e9c33-xxxx-xxxx-xxxx-xxxxxxxx3f72
07-10 01:37:15.299 29306 29306 D Pulse   : Application.OnCreate.Jobs - start
07-10 01:37:15.300 29306 29346 D CompatibilityChangeReporter: Compat change id reported: 194532703; UID 10406; state: DISABLED
07-10 01:37:15.300 29306 29357 W JobInfo : Requested flex +1h0m0s0ms for job 11 is too small; raising to +1h12m0s0ms
07-10 01:37:15.301 29306 29306 D Pulse   : Application.OnCreate.Jobs - finish
07-10 01:37:15.301 29306 29306 D Pulse   : Application.OnCreate.Routines - start
07-10 01:37:15.302 29306 29306 D Pulse   : Application.OnCreate.Routines - finish
07-10 01:37:15.302 29306 29306 D Pulse   : Application.OnCreate.Upgrades - start
07-10 01:37:15.302 29306 29306 D Pulse   : Application.OnCreate.Upgrades - finish
07-10 01:37:15.307 29386 29386 E .music:passport: Not starting debugger since process cannot load the jdwp agent.
07-10 01:37:15.326 29366 29366 W ziparchive: Unable to open '/data/app/~~9Ns9kAcRFI7mq-f3tpZ_Ng==/ru.yandex.music-ltMY_Z3teXdtRYH6ioJ6gQ==/split_config.arm64_v8a.dm': No such file or directory
07-10 01:37:15.327 29366 29366 W ziparchive: Unable to open '/data/app/~~9Ns9kAcRFI7mq-f3tpZ_Ng==/ru.yandex.music-ltMY_Z3teXdtRYH6ioJ6gQ==/split_config.arm64_v8a.dm': No such file or directory
07-10 01:37:15.328 29366 29366 W x.music:Metrica: Entry not found
07-10 01:37:15.329 29366 29366 W ziparchive: Unable to open '/data/app/~~9Ns9kAcRFI7mq-f3tpZ_Ng==/ru.yandex.music-ltMY_Z3teXdtRYH6ioJ6gQ==/split_config.en.dm': No such file or directory
07-10 01:37:15.329 29366 29366 W ziparchive: Unable to open '/data/app/~~9Ns9kAcRFI7mq-f3tpZ_Ng==/ru.yandex.music-ltMY_Z3teXdtRYH6ioJ6gQ==/split_config.en.dm': No such file or directory
07-10 01:37:15.330 29366 29366 W x.music:Metrica: Entry not found
07-10 01:37:15.331 29366 29366 W ziparchive: Unable to open '/data/app/~~9Ns9kAcRFI7mq-f3tpZ_Ng==/ru.yandex.music-ltMY_Z3teXdtRYH6ioJ6gQ==/split_config.ru.dm': No such file or directory
07-10 01:37:15.331 29366 29366 W ziparchive: Unable to open '/data/app/~~9Ns9kAcRFI7mq-f3tpZ_Ng==/ru.yandex.music-ltMY_Z3teXdtRYH6ioJ6gQ==/split_config.ru.dm': No such file or directory
07-10 01:37:15.332 29366 29366 W x.music:Metrica: Entry not found
07-10 01:37:15.333 29366 29366 W ziparchive: Unable to open '/data/app/~~9Ns9kAcRFI7mq-f3tpZ_Ng==/ru.yandex.music-ltMY_Z3teXdtRYH6ioJ6gQ==/split_config.xxhdpi.dm': No such file or directory
07-10 01:37:15.333 29366 29366 W ziparchive: Unable to open '/data/app/~~9Ns9kAcRFI7mq-f3tpZ_Ng==/ru.yandex.music-ltMY_Z3teXdtRYH6ioJ6gQ==/split_config.xxhdpi.dm': No such file or directory
07-10 01:37:15.335 29366 29366 W x.music:Metrica: Entry not found
07-10 01:37:15.337 29366 29366 D nativeloader: Configuring classloader-namespace for other apk /data/app/~~9Ns9kAcRFI7mq-f3tpZ_Ng==/ru.yandex.music-ltMY_Z3teXdtRYH6ioJ6gQ==/base.apk:/data/app/~~9Ns9kAcRFI7mq-f3tpZ_Ng==/ru.yandex.music-ltMY_Z3teXdtRYH6ioJ6gQ==/split_config.arm64_v8a.apk:/data/app/~~9Ns9kAcRFI7mq-f3tpZ_Ng==/ru.yandex.music-ltMY_Z3teXdtRYH6ioJ6gQ==/split_config.en.apk:/data/app/~~9Ns9kAcRFI7mq-f3tpZ_Ng==/ru.yandex.music-ltMY_Z3teXdtRYH6ioJ6gQ==/split_config.ru.apk:/data/app/~~9Ns9kAcRFI7mq-f3tpZ_Ng==/ru.yandex.music-ltMY_Z3teXdtRYH6ioJ6gQ==/split_config.xxhdpi.apk. target_sdk_version=32, uses_libraries=, library_path=/data/app/~~9Ns9kAcRFI7mq-f3tpZ_Ng==/ru.yandex.music-ltMY_Z3teXdtRYH6ioJ6gQ==/lib/arm64:/data/app/~~9Ns9kAcRFI7mq-f3tpZ_Ng==/ru.yandex.music-ltMY_Z3teXdtRYH6ioJ6gQ==/base.apk!/lib/arm64-v8a:/data/app/~~9Ns9kAcRFI7mq-f3tpZ_Ng==/ru.yandex.music-ltMY_Z3teXdtRYH6ioJ6gQ==/split_config.arm64_v8a.apk!/lib/arm64-v8a:/data/app/~~9Ns9kAcRFI7mq-f3tpZ_Ng==/ru.yandex.music-ltMY_Z3teXdtRYH6ioJ6gQ==/split_config.en.apk!/lib/arm64-v8a:/data/ap
07-10 01:37:15.340 29306 29306 D Pulse   : Application.OnCreate.Shortcuts - start
07-10 01:37:15.341 29306 29306 D Pulse   : Application.OnCreate.Shortcuts - finish
07-10 01:37:15.341 29306 29306 D Pulse   : Application.OnCreate - finish
07-10 01:37:15.341 29306 29306 D Pulse   : Application.FullStart - finish
07-10 01:37:15.342 29366 29366 W x.music:Metrica: JIT profile information will not be recorded: profile file does not exist.
07-10 01:37:15.342 29306 29349 D Pulse   : DBPulse.Hot.UserDb - start
07-10 01:37:15.342 29366 29366 W x.music:Metrica: JIT profile information will not be recorded: profile file does not exist.
07-10 01:37:15.342 29366 29366 W x.music:Metrica: JIT profile information will not be recorded: profile file does not exist.
07-10 01:37:15.342 29366 29366 W x.music:Metrica: JIT profile information will not be recorded: profile file does not exist.
07-10 01:37:15.342 29306 29349 D Pulse   : DBPulse.Hot.UserDb - finish
07-10 01:37:15.353 29386 29386 W libc    : Access denied finding property "sys.perf.boostopt"
07-10 01:37:15.354  5262  5262 E audit   : type=1400 audit(1688945835.349:70111): avc:  denied  { read } for  pid=29386 comm=".music:passport" name="u:object_r:perf_prop:s0" dev="tmpfs" ino=10663 scontext=u:r:untrusted_app:s0:c150,c257,c512,c768 tcontext=u:object_r:perf_prop:s0 tclass=file permissive=0 SEPF_SM-A515F_13_0001 audit_filtered
07-10 01:37:15.354  5262  5262 E audit   : type=1300 audit(1688945835.349:70111): arch=c00000b7 syscall=56 success=no exit=-13 a0=ffffff9c a1=7fcf7d5458 a2=88000 a3=0 items=0 ppid=5287 pid=29386 auid=4294967295 uid=10406 gid=10406 euid=10406 suid=10406 fsuid=10406 egid=10406 sgid=10406 fsgid=10406 tty=(none) ses=4294967295 comm=".music:passport" exe="/system/bin/app_process64" subj=u:r:untrusted_app:s0:c150,c257,c512,c768 key=(null)
07-10 01:37:15.354  5262  5262 E audit   : type=1327 audit(1688945835.349:70111): proctitle="zygote64"
07-10 01:37:15.360 29386 29406 W libc    : Access denied finding property "sys.perf.boostopt"
07-10 01:37:15.360  5262  5262 E audit   : type=1400 audit(1688945835.357:70112): avc:  denied  { read } for  pid=29386 comm="binder:29386_1" name="u:object_r:perf_prop:s0" dev="tmpfs" ino=10663 scontext=u:r:untrusted_app:s0:c150,c257,c512,c768 tcontext=u:object_r:perf_prop:s0 tclass=file permissive=0 SEPF_SM-A515F_13_0001 audit_filtered
07-10 01:37:15.367 29366 29366 V GraphicsEnvironment: ANGLE Developer option for 'ru.yandex.music' set to: 'default'
07-10 01:37:15.369 29366 29366 V GraphicsEnvironment: ANGLE GameManagerService for ru.yandex.music: false
07-10 01:37:15.369 29366 29366 V GraphicsEnvironment: Neither updatable production driver nor prerelease driver is supported.
07-10 01:37:15.371 29386 29386 D ActivityThread: setConscryptValidator
07-10 01:37:15.371 29386 29386 D ActivityThread: setConscryptValidator - put
07-10 01:37:15.377 29306 29306 I Choreographer: Skipped 34 frames!  The application may be doing too much work on its main thread.
07-10 01:37:15.381 29366 29366 D NetworkSecurityConfig: Using Network Security Config from resource network_security_config debugBuild: false
07-10 01:37:15.387 29366 29366 D NetworkSecurityConfig: Using Network Security Config from resource network_security_config debugBuild: false
07-10 01:37:15.388 29366 29366 D Pulse   : Application.FullStart - start
07-10 01:37:15.391 29366 29366 D Pulse   : Application.ContentProviders - start
07-10 01:37:15.391 29366 29366 D Pulse   : Application.ContentProviders - cancel
07-10 01:37:15.391 29366 29366 D Pulse   : Application.OnCreate - start
07-10 01:37:15.391 29366 29366 D Pulse   : Application.FullStart, Application.ContentProviders, Application.OnCreate - cancel
07-10 01:37:15.399 29306 29362 D AppsFlyer_6.5.2: Initializing AppsFlyer SDK: (v6.5.2.158)
07-10 01:37:15.399 29386 29409 W libc    : Access denied finding property "sys.perf.boostopt"
07-10 01:37:15.402 29386 29386 D CompatibilityChangeReporter: Compat change id reported: 171979766; UID 10406; state: ENABLED
07-10 01:37:15.403 29306 29411 D Pulse   : DBPulse.Cold.SQLiteHelper - start
07-10 01:37:15.414 29306 29362 D TrafficStats: tagSocket(109) with statsTag=0xffffffff, statsUid=-1
07-10 01:37:15.434 29366 29388 W libc    : Access denied finding property "sys.perf.boostopt"
07-10 01:37:15.440 29386 29386 D nativeloader: Configuring classloader-namespace for other apk /system/framework/org.apache.http.legacy.jar. target_sdk_version=32, uses_libraries=ALL, library_path=/data/app/~~9Ns9kAcRFI7mq-f3tpZ_Ng==/ru.yandex.music-ltMY_Z3teXdtRYH6ioJ6gQ==/lib/arm64:/data/app/~~9Ns9kAcRFI7mq-f3tpZ_Ng==/ru.yandex.music-ltMY_Z3teXdtRYH6ioJ6gQ==/base.apk!/lib/arm64-v8a:/data/app/~~9Ns9kAcRFI7mq-f3tpZ_Ng==/ru.yandex.music-ltMY_Z3teXdtRYH6ioJ6gQ==/split_config.arm64_v8a.apk!/lib/arm64-v8a:/data/app/~~9Ns9kAcRFI7mq-f3tpZ_Ng==/ru.yandex.music-ltMY_Z3teXdtRYH6ioJ6gQ==/split_config.en.apk!/lib/arm64-v8a:/data/app/~~9Ns9kAcRFI7mq-f3tpZ_Ng==/ru.yandex.music-ltMY_Z3teXdtRYH6ioJ6gQ==/split_config.ru.apk!/lib/arm64-v8a:/data/app/~~9Ns9kAcRFI7mq-f3tpZ_Ng==/ru.yandex.music-ltMY_Z3teXdtRYH6ioJ6gQ==/split_config.xxhdpi.apk!/lib/arm64-v8a, permitted_path=/data:/mnt/expand:/data/user/0/ru.yandex.music
07-10 01:37:15.440 29386 29386 D nativeloader: Extending system_exposed_libraries: libhumantracking.arcsoft.so:libPortraitDistortionCorrection.arcsoft.so:libPortraitDistortionCorrectionCali.arcsoft.so:libface_landmark.arcsoft.so:libFacialStickerEngine.arcsoft.so:libveengine.arcsoft.so:liblow_light_hdr.arcsoft.so:libhigh_dynamic_range.arcsoft.so:libFacialAttributeDetection.arcsoft.so:libBeauty_v4.camera.samsung.so:libexifa.camera.samsung.so:libjpega.camera.samsung.so:libOpenCv.camera.samsung.so:libImageScreener.camera.samsung.so:libMyFilter.camera.samsung.so:libtensorflowLite.myfilter.camera.samsung.so:libtensorflowlite_inference_api.myfilter.camera.samsung.so:libEventFinder.camera.samsung.so:libHIDTSnapJNI.camera.samsung.so:libSmartScan.camera.samsung.so:libRectify.camera.samsung.so:libDocRectifyWrapper.camera.samsung.so:libUltraWideDistortionCorrection.camera.samsung.so:libHpr_RecGAE_cvFeature_v1.0.camera.samsung.so:libHprFace_GAE_api.camera.samsung.so:libFace_Landmark_API.camera.samsung.so:libHprFace_GAE_jni.camera.samsung.so:libFacialBasedSelfieCorrec
07-10 01:37:15.443 29306 29411 E SQLiteLog: (283) recovered 319 frames from WAL file /data/data/ru.yandex.music/databases/ymusic.sqlite_550871220-wal
07-10 01:37:15.479 29386 29386 W ziparchive: Unable to open '/data/app/~~9Ns9kAcRFI7mq-f3tpZ_Ng==/ru.yandex.music-ltMY_Z3teXdtRYH6ioJ6gQ==/split_config.arm64_v8a.dm': No such file or directory
07-10 01:37:15.479 29386 29386 W ziparchive: Unable to open '/data/app/~~9Ns9kAcRFI7mq-f3tpZ_Ng==/ru.yandex.music-ltMY_Z3teXdtRYH6ioJ6gQ==/split_config.arm64_v8a.dm': No such file or directory
07-10 01:37:15.480 29386 29386 W .music:passport: Entry not found
07-10 01:37:15.481 29386 29386 W ziparchive: Unable to open '/data/app/~~9Ns9kAcRFI7mq-f3tpZ_Ng==/ru.yandex.music-ltMY_Z3teXdtRYH6ioJ6gQ==/split_config.en.dm': No such file or directory
07-10 01:37:15.482 29386 29386 W ziparchive: Unable to open '/data/app/~~9Ns9kAcRFI7mq-f3tpZ_Ng==/ru.yandex.music-ltMY_Z3teXdtRYH6ioJ6gQ==/split_config.en.dm': No such file or directory
07-10 01:37:15.482 29306 29411 D Pulse   : DBPulse.Cold.SQLiteHelper - finish
07-10 01:37:15.483 29386 29386 W .music:passport: Entry not found
07-10 01:37:15.484 29386 29386 W ziparchive: Unable to open '/data/app/~~9Ns9kAcRFI7mq-f3tpZ_Ng==/ru.yandex.music-ltMY_Z3teXdtRYH6ioJ6gQ==/split_config.ru.dm': No such file or directory
07-10 01:37:15.484 29386 29386 W ziparchive: Unable to open '/data/app/~~9Ns9kAcRFI7mq-f3tpZ_Ng==/ru.yandex.music-ltMY_Z3teXdtRYH6ioJ6gQ==/split_config.ru.dm': No such file or directory
07-10 01:37:15.485 29386 29386 W .music:passport: Entry not found
07-10 01:37:15.486 29386 29386 W ziparchive: Unable to open '/data/app/~~9Ns9kAcRFI7mq-f3tpZ_Ng==/ru.yandex.music-ltMY_Z3teXdtRYH6ioJ6gQ==/split_config.xxhdpi.dm': No such file or directory
07-10 01:37:15.486 29386 29386 W ziparchive: Unable to open '/data/app/~~9Ns9kAcRFI7mq-f3tpZ_Ng==/ru.yandex.music-ltMY_Z3teXdtRYH6ioJ6gQ==/split_config.xxhdpi.dm': No such file or directory
07-10 01:37:15.488 29386 29386 W .music:passport: Entry not found
07-10 01:37:15.490 29386 29386 D nativeloader: Configuring classloader-namespace for other apk /data/app/~~9Ns9kAcRFI7mq-f3tpZ_Ng==/ru.yandex.music-ltMY_Z3teXdtRYH6ioJ6gQ==/base.apk:/data/app/~~9Ns9kAcRFI7mq-f3tpZ_Ng==/ru.yandex.music-ltMY_Z3teXdtRYH6ioJ6gQ==/split_config.arm64_v8a.apk:/data/app/~~9Ns9kAcRFI7mq-f3tpZ_Ng==/ru.yandex.music-ltMY_Z3teXdtRYH6ioJ6gQ==/split_config.en.apk:/data/app/~~9Ns9kAcRFI7mq-f3tpZ_Ng==/ru.yandex.music-ltMY_Z3teXdtRYH6ioJ6gQ==/split_config.ru.apk:/data/app/~~9Ns9kAcRFI7mq-f3tpZ_Ng==/ru.yandex.music-ltMY_Z3teXdtRYH6ioJ6gQ==/split_config.xxhdpi.apk. target_sdk_version=32, uses_libraries=, library_path=/data/app/~~9Ns9kAcRFI7mq-f3tpZ_Ng==/ru.yandex.music-ltMY_Z3teXdtRYH6ioJ6gQ==/lib/arm64:/data/app/~~9Ns9kAcRFI7mq-f3tpZ_Ng==/ru.yandex.music-ltMY_Z3teXdtRYH6ioJ6gQ==/base.apk!/lib/arm64-v8a:/data/app/~~9Ns9kAcRFI7mq-f3tpZ_Ng==/ru.yandex.music-ltMY_Z3teXdtRYH6ioJ6gQ==/split_config.arm64_v8a.apk!/lib/arm64-v8a:/data/app/~~9Ns9kAcRFI7mq-f3tpZ_Ng==/ru.yandex.music-ltMY_Z3teXdtRYH6ioJ6gQ==/split_config.en.apk!/lib/arm64-v8a:/data/ap
07-10 01:37:15.493 29386 29386 W .music:passport: JIT profile information will not be recorded: profile file does not exist.
07-10 01:37:15.493 29386 29386 W .music:passport: JIT profile information will not be recorded: profile file does not exist.
07-10 01:37:15.493 29386 29386 W .music:passport: JIT profile information will not be recorded: profile file does not exist.
07-10 01:37:15.493 29386 29386 W .music:passport: JIT profile information will not be recorded: profile file does not exist.
07-10 01:37:15.516 29386 29386 V GraphicsEnvironment: ANGLE Developer option for 'ru.yandex.music' set to: 'default'
07-10 01:37:15.516 29386 29386 V GraphicsEnvironment: ANGLE GameManagerService for ru.yandex.music: false
07-10 01:37:15.517 29386 29386 V GraphicsEnvironment: Neither updatable production driver nor prerelease driver is supported.
07-10 01:37:15.521 29306 29407 D TrafficStats: tagSocket(109) with statsTag=0xffffffff, statsUid=-1
07-10 01:37:15.521  5674  6213 D NetdEventListenerService: DNS Requested by : 118, 10406
07-10 01:37:15.522 29306 29411 D Pulse   : DBPulse.Hot.SQLiteHelper - start
07-10 01:37:15.522 29306 29405 D TrafficStats: tagSocket(111) with statsTag=0xffffffff, statsUid=-1
07-10 01:37:15.523 29306 29411 D Pulse   : DBPulse.Hot.SQLiteHelper - finish
07-10 01:37:15.523  5674  6213 D NetdEventListenerService: DNS Requested by : 118, 10406
07-10 01:37:15.528 29386 29386 D NetworkSecurityConfig: Using Network Security Config from resource network_security_config debugBuild: false
07-10 01:37:15.534 29386 29386 D NetworkSecurityConfig: Using Network Security Config from resource network_security_config debugBuild: false
07-10 01:37:15.535 29386 29386 D Pulse   : Application.FullStart - start
07-10 01:37:15.538 29386 29386 D Pulse   : Application.ContentProviders - start
07-10 01:37:15.544 29306 29411 D Pulse   : DBPulse.Hot.SQLiteHelper - start
07-10 01:37:15.544 29306 29411 D Pulse   : DBPulse.Hot.SQLiteHelper - finish
07-10 01:37:15.554 29306 29411 D Pulse   : DBPulse.Hot.SQLiteHelper - start
07-10 01:37:15.554 29306 29411 D Pulse   : DBPulse.Hot.SQLiteHelper - finish
07-10 01:37:15.567 29386 29386 D Pulse   : Application.ContentProviders - cancel
07-10 01:37:15.567 29386 29386 D Pulse   : Application.OnCreate - start
07-10 01:37:15.567 29386 29386 D Pulse   : Application.FullStart, Application.ContentProviders, Application.OnCreate - cancel
07-10 01:37:15.635 29386 29435 D CompatibilityChangeReporter: Compat change id reported: 183155436; UID 10406; state: DISABLED
07-10 01:37:15.645 29306 29362 D Pulse   : DBPulse.Hot.UserDb - start
07-10 01:37:15.645 29306 29362 D Pulse   : DBPulse.Hot.UserDb - finish
07-10 01:37:15.654 29386 29435 I AppMetrica: Initializing of Metrica, Release type, Version 5.2.1, API Level 105, Dated 30.09.2022.
07-10 01:37:15.656 29386 29435 W .music:passport: Method void com.yandex.metrica.CounterConfiguration.<init>(com.yandex.metrica.YandexMetricaInternalConfig, com.yandex.metrica.CounterConfiguration$b) failed lock verification and will run slower.
07-10 01:37:15.656 29386 29435 W .music:passport: Common causes for lock verification issues are non-optimized dex code
07-10 01:37:15.656 29386 29435 W .music:passport: and incorrect proguard optimizations.
07-10 01:37:15.664 29366 29438 D CompatibilityChangeReporter: Compat change id reported: 183155436; UID 10406; state: DISABLED
07-10 01:37:15.685 29366 29417 W x.music:Metrica: Method void com.yandex.metrica.CounterConfiguration.<init>(com.yandex.metrica.YandexMetricaInternalConfig, com.yandex.metrica.CounterConfiguration$b) failed lock verification and will run slower.
07-10 01:37:15.685 29366 29417 W x.music:Metrica: Common causes for lock verification issues are non-optimized dex code
07-10 01:37:15.685 29366 29417 W x.music:Metrica: and incorrect proguard optimizations.
07-10 01:37:15.695 29366 29438 I AppMetrica: Initializing of Metrica, Release type, Version 5.2.1, API Level 105, Dated 30.09.2022.
07-10 01:37:15.764 29386 29437 W .music:passport: Method void com.yandex.metrica.impl.ob.xi.a(android.os.Bundle) failed lock verification and will run slower.
07-10 01:37:15.782 29366 29442 W x.music:Metrica: Method void com.yandex.metrica.impl.ob.xi.a(android.os.Bundle) failed lock verification and will run slower.
07-10 01:37:15.790 29366 29438 I AppMetrica: Activate reporter with APIKey 20799a27-xxxx-xxxx-xxxx-xxxxxxxx4180
07-10 01:37:15.798 29386 29435 I AppMetrica: Activate reporter with APIKey 67bb016b-xxxx-xxxx-xxxx-xxxxxxxx03d3
07-10 01:37:15.799 29386 29435 I AppMetrica: Activate reporter with APIKey 20799a27-xxxx-xxxx-xxxx-xxxxxxxx4180
07-10 01:37:15.935 29789 29789 D BoundBrokerSvc: onBind: Intent { act=com.google.android.gms.appset.service.START dat=chimera-action:/... cmp=com.google.android.gms/.chimera.GmsApiService }
07-10 01:37:15.935 29789 29789 D BoundBrokerSvc: Loading bound service for intent: Intent { act=com.google.android.gms.appset.service.START dat=chimera-action:/... cmp=com.google.android.gms/.chimera.GmsApiService }
07-10 01:37:16.202 29366 29417 I AppMetrica-Attribution: Choosing distribution data: ClidsInfo(chosen=Candidate(clids=null, source=APP), candidates=[Candidate(clids=null, source=APP)])
07-10 01:37:16.205 29366 29462 D TrafficStats: tagSocket(107) with statsTag=0xffffffff, statsUid=-1
07-10 01:37:16.233 29366 29436 D CompatibilityChangeReporter: Compat change id reported: 147600208; UID 10406; state: ENABLED
07-10 01:37:16.332 29366 29417 I AppMetrica-Attribution: Choosing distribution data: ClidsInfo(chosen=Candidate(clids=null, source=APP), candidates=[Candidate(clids=null, source=APP)])
07-10 01:37:16.369 29386 29452 W .music:passport: Long monitor contention with owner DefaultDispatcher-worker-1 (29454) at java.lang.Object o56.get()(SourceFile:68) waiters=0 in java.lang.Object o56.get() for 288ms
07-10 01:37:16.377 29366 29417 I AppMetrica-Attribution: Choosing distribution data: ClidsInfo(chosen=Candidate(clids=null, source=APP), candidates=[Candidate(clids=null, source=APP)])
07-10 01:37:16.391  5674  7726 D SemWifiUsabilityStatsMonitor: onWifiUsabilityStats - seqNum 22159, isSameBssidAndFreq true
07-10 01:37:16.393  5674  6128 I SemWifiLinkQualityMonitor: Link Qos Query: 0.031 ms / 260.000 Mbps (325 / 0.000 / 1.250)
07-10 01:37:16.441 29366 29417 I AppMetrica-Attribution: Choosing distribution data: ClidsInfo(chosen=Candidate(clids=null, source=APP), candidates=[Candidate(clids=null, source=APP)])
07-10 01:37:16.489 29366 29461 D TrafficStats: tagSocket(118) with statsTag=0xffffffff, statsUid=-1
07-10 01:37:16.503 29366 29417 I AppMetrica-Attribution: Choosing distribution data: ClidsInfo(chosen=Candidate(clids=null, source=APP), candidates=[Candidate(clids=null, source=APP)])
07-10 01:37:16.570 29366 29417 I AppMetrica-Attribution: Choosing distribution data: ClidsInfo(chosen=Candidate(clids=null, source=APP), candidates=[Candidate(clids=null, source=APP)])
07-10 01:37:16.575 29386 29452 D CompatibilityChangeReporter: Compat change id reported: 194532703; UID 10406; state: DISABLED
07-10 01:37:16.594 29386 29409 W libc    : Access denied finding property "sys.perf.boostopt"
07-10 01:37:16.594  5674  5745 W libprocessgroup: Failed to open /dev/blkio//cgroup.procs: No such file or directory
07-10 01:37:16.594  5262  5262 E audit   : type=1400 audit(1688945836.589:70115): avc:  denied  { read } for  pid=29386 comm="binder:29386_2" name="u:object_r:perf_prop:s0" dev="tmpfs" ino=10663 scontext=u:r:untrusted_app:s0:c150,c257,c512,c768 tcontext=u:object_r:perf_prop:s0 tclass=file permissive=0 SEPF_SM-A515F_13_0001 audit_filtered
07-10 01:37:16.594  5262  5262 E audit   : type=1300 audit(1688945836.589:70115): arch=c00000b7 syscall=56 success=no exit=-13 a0=ffffff9c a1=7b858892f8 a2=88000 a3=0 items=0 ppid=5287 pid=29386 auid=4294967295 uid=10406 gid=10406 euid=10406 suid=10406 fsuid=10406 egid=10406 sgid=10406 fsgid=10406 tty=(none) ses=4294967295 comm="binder:29386_2" exe="/system/bin/app_process64" subj=u:r:untrusted_app:s0:c150,c257,c512,c768 key=(null)
07-10 01:37:16.594  5262  5262 E audit   : type=1327 audit(1688945836.589:70115): proctitle="<pre-initialized>"
07-10 01:37:16.598  5674  5745 W libprocessgroup: Failed to open /dev/blkio//cgroup.procs: No such file or directory
07-10 01:37:16.599  5674  5745 W libprocessgroup: Failed to open /dev/blkio//cgroup.procs: No such file or directory
07-10 01:37:16.618 29366 29417 I AppMetrica-Attribution: Choosing distribution data: ClidsInfo(chosen=Candidate(clids=null, source=APP), candidates=[Candidate(clids=null, source=APP)])
07-10 01:37:16.656 29366 29417 I AppMetrica-Attribution: Choosing distribution data: ClidsInfo(chosen=Candidate(clids=null, source=APP), candidates=[Candidate(clids=null, source=APP)])
07-10 01:37:16.660 29366 29417 I AppMetrica-Attribution: Choosing distribution data: ClidsInfo(chosen=Candidate(clids=null, source=APP), candidates=[Candidate(clids=null, source=APP)])
07-10 01:37:16.673  5674  6213 D NetdEventListenerService: DNS Requested by : 118, 10406
07-10 01:37:16.675 29386 29479 D TrafficStats: tagSocket(93) with statsTag=0xffffffff, statsUid=-1
07-10 01:37:16.679 29366 29417 I AppMetrica-Attribution: Choosing distribution data: ClidsInfo(chosen=Candidate(clids=null, source=APP), candidates=[Candidate(clids=null, source=APP)])
07-10 01:37:16.681 29366 29417 I AppMetrica-Attribution: Choosing distribution data: ClidsInfo(chosen=Candidate(clids=null, source=APP), candidates=[Candidate(clids=null, source=APP)])
07-10 01:37:16.701 29366 29472 I AppMetrica-Attribution: Choosing distribution data: ClidsInfo(chosen=Candidate(clids=null, source=APP), candidates=[Candidate(clids=null, source=APP)])
07-10 01:37:16.781 29366 29430 D TrafficStats: tagSocket(122) with statsTag=0xffffffff, statsUid=-1
07-10 01:37:16.781  5674  6213 D NetdEventListenerService: DNS Requested by : 118, 10406
07-10 01:37:16.861 11611 11645 D Benchmark: timeNs[ 0:10]: 645700807 629341961 616470307 616824192 638462808 624575538 631798538 626886923 637515692 614116423
07-10 01:37:16.861 11611 11645 D Benchmark: timeNs[10:20]: 631668730 625581884 628069269 640628461 629164422 635346499 632665308 611387923 621028077 616524000
07-10 01:37:16.861 11611 11645 D Benchmark: timeNs[20:30]: 643434422 621560345 618522961 632141500 629731346 623017000 626357461 630893884 641867115 618162769
07-10 01:37:16.861 11611 11645 D Benchmark: timeNs[30:40]: 625329000 624609076 616845577 612308115 640313230 626334615 628903577 625824691 631527576 628599231
07-10 01:37:16.861 11611 11645 D Benchmark: timeNs[40:50]: 633484153 625654538 631367961 621456115 635773538 628150077 626233384 661749076 638166384 617880384
07-10 01:37:17.116 29366 29417 I AppMetrica-Attribution: Choosing distribution data: ClidsInfo(chosen=Candidate(clids=null, source=APP), candidates=[Candidate(clids=null, source=APP)])
07-10 01:37:18.141  5674  6183 D WifiConnectivityMonitor: start WCM Poll.
07-10 01:37:19.151 11611 11645 W _benchmark.test: Suspending all threads took: 15.107ms
07-10 01:37:19.420  5674  7726 D SemWifiUsabilityStatsMonitor: onWifiUsabilityStats - seqNum 22160, isSameBssidAndFreq true
07-10 01:37:19.422  5674  6128 I SemWifiLinkQualityMonitor: Link Qos Query: 0.029 ms / 272.581 Mbps (325 / 0.000 / 1.192)
07-10 01:37:19.598  6461  6566 D MobileStatusTracker(0/1): onSignalStrengthsChanged level=2, vendorLevel=1
07-10 01:37:19.603  6461  6566 D MobileSignalController(0/1): notifyListener: enabled=true, connected=true, dataConnected=false, networkType=LTE (4G), emergencyOnly=false, roaming=true, isDefault=false, dataActivity=, level=1, ca=false, mmWave=false, disabledDataIcon=false, simCard=ETC
07-10 01:37:19.604  6461  6566 D NetworkController: SignalStrength from intent slotId=0
07-10 01:37:20.305 29366 29382 W System  : A resource failed to call close.
07-10 01:37:21.148 16924 16924 D BoundBrokerSvc: onBind: Intent { act=com.google.android.gms.common.telemetry.service.START dat=chimera-action:/... cmp=com.google.android.gms/.chimera.PersistentApiService }
07-10 01:37:21.148 16924 16924 D BoundBrokerSvc: Loading bound service for intent: Intent { act=com.google.android.gms.common.telemetry.service.START dat=chimera-action:/... cmp=com.google.android.gms/.chimera.PersistentApiService }
07-10 01:37:21.375 29306 29494 D ProfileInstaller: Skipping profile installation for ru.yandex.music
07-10 01:37:22.446  5674  7726 D SemWifiUsabilityStatsMonitor: onWifiUsabilityStats - seqNum 22161, isSameBssidAndFreq true
07-10 01:37:22.449  5674  6128 I SemWifiLinkQualityMonitor: Link Qos Query: 0.041 ms / 195.000 Mbps (390 / 0.000 / 2.000)
07-10 01:37:22.586 11611 11645 W _benchmark.test: Suspending all threads took: 8.853ms
07-10 01:37:22.588 11611 11645 D Benchmark: allocationCount[ 0:10]: 8872481 8872477 8872490 8872493 8872493
07-10 01:37:22.588 11611 11645 D Benchmark: Set 11645 (Bench thread) to priority -8. Was -20, now -8
07-10 01:37:22.588 11611 11645 D Benchmark: Set 11624 (Jit) to priority 9. Was -15, now 9
07-10 01:37:22.588 11611 11645 D Benchmark: Warmup: t=19.028, iter=30, fastAvg=637955200, slowAvg=781507648
07-10 01:37:22.589 11611 11645 I PerfettoCapture: Stopping perfetto.
07-10 01:37:22.635 11611 11645 D Benchmark: kill -TERM command output -
07-10 01:37:22.635 29237 29237 I perfetto:    perfetto_cmd.cc:1168 SIGINT/SIGTERM received: disabling tracing.
07-10 01:37:22.648  5424  5424 I perfetto:  probes_producer.cc:396 Producer stop (id=1345)
07-10 01:37:22.651  5424  5424 I perfetto:    ftrace_procfs.cc:342 disabled ftrace in /sys/kernel/tracing/
07-10 01:37:22.719  4380  4380 I hwservicemanager: getTransport: Cannot find entry android.hardware.atrace@1.0::IAtraceDevice/default in either framework or device VINTF manifest.
07-10 01:37:22.728  5424  5424 I perfetto:  probes_producer.cc:396 Producer stop (id=1346)
07-10 01:37:22.729  5424  5424 I perfetto:  probes_producer.cc:396 Producer stop (id=1347)
07-10 01:37:22.861 29237 29237 I perfetto:    perfetto_cmd.cc:1124 Trace written into the output file
07-10 01:37:22.878  5436  5436 I perfetto: ng_service_impl.cc:2426 Tracing session 337 ended, total sessions:0
07-10 01:37:23.285 11611 11645 D Benchmark: Waiting 500 ms for [ProcessPid(processName=perfetto, pid=29237)] to die
07-10 01:37:23.431 11611 11645 I PerfettoCapture: Writing to /storage/emulated/0/Android/data/org.jetbrains.android_benchmark.test/cache/Wolf3dBenchmark_valueFloat_2023-07-09-23-37-22.perfetto-trace.
07-10 01:37:24.893 11611 11645 D Benchmark: Copying /storage/emulated/0/Android/data/org.jetbrains.android_benchmark.test/cache/Wolf3dBenchmark_valueFloat_2023-07-09-23-37-22.perfetto-trace to /sdcard/Android/media/org.jetbrains.android_benchmark.test/additional_test_output/Wolf3dBenchmark_valueFloat_2023-07-09-23-37-22.perfetto-trace
07-10 01:37:24.944  9843 29094 W MediaProvider: isAppCloneUserPair for user 0: false
07-10 01:37:25.054 29366 29417 I AppMetrica-Attribution: Choosing distribution data: ClidsInfo(chosen=Candidate(clids=null, source=APP), candidates=[Candidate(clids=null, source=APP)])
07-10 01:37:25.059  5674  9851 D SyncManager: userId - 0 auto - true
07-10 01:37:25.223 29306 29306 V MediaRouter: Selecting route: RouteInfo{ name=Phone, description=null, status=null, category=RouteCategory{ name=System types=ROUTE_TYPE_LIVE_AUDIO ROUTE_TYPE_LIVE_VIDEO  groupable=false }, supportedTypes=ROUTE_TYPE_LIVE_AUDIO ROUTE_TYPE_LIVE_VIDEO , presentationDisplay=null }
07-10 01:37:25.260 29306 29306 I MediaRouter: Skip setBluetoothA2dpOn(): types=8388615, isPlaybackActive()=false, BT route=null
07-10 01:37:25.314  5674  5690 I system_server: Background young concurrent copying GC freed 411892(20MB) AllocSpace objects, 31(636KB) LOS objects, 15% free, 112MB/133MB, paused 2.233ms,354us total 157.592ms
07-10 01:37:25.315  5674  5745 W libprocessgroup: Failed to open /dev/blkio//cgroup.procs: No such file or directory
07-10 01:37:25.316 29366 29385 W libc    : Access denied finding property "sys.perf.boostopt"
07-10 01:37:25.317 29306 29320 W libc    : Access denied finding property "sys.perf.boostopt"
07-10 01:37:25.323  5262  5262 E audit   : type=1400 audit(1688945845.313:70116): avc:  denied  { read } for  pid=29366 comm="binder:29366_2" name="u:object_r:perf_prop:s0" dev="tmpfs" ino=10663 scontext=u:r:untrusted_app:s0:c150,c257,c512,c768 tcontext=u:object_r:perf_prop:s0 tclass=file permissive=0 SEPF_SM-A515F_13_0001 audit_filtered
07-10 01:37:25.323  5262  5262 E audit   : type=1300 audit(1688945845.313:70116): arch=c00000b7 syscall=56 success=no exit=-13 a0=ffffff9c a1=7b7d36b2f8 a2=88000 a3=0 items=0 ppid=5287 pid=29366 auid=4294967295 uid=10406 gid=10406 euid=10406 suid=10406 fsuid=10406 egid=10406 sgid=10406 fsgid=10406 tty=(none) ses=4294967295 comm="binder:29366_2" exe="/system/bin/app_process64" subj=u:r:untrusted_app:s0:c150,c257,c512,c768 key=(null)
07-10 01:37:25.323  5262  5262 E audit   : type=1327 audit(1688945845.313:70116): proctitle="ru.yandex.music:Metrica"
07-10 01:37:25.323  5262  5262 E audit   : type=1400 audit(1688945845.313:70117): avc:  denied  { read } for  pid=29306 comm="binder:29306_3" name="u:object_r:perf_prop:s0" dev="tmpfs" ino=10663 scontext=u:r:untrusted_app:s0:c150,c257,c512,c768 tcontext=u:object_r:perf_prop:s0 tclass=file permissive=0 SEPF_SM-A515F_13_0001 audit_filtered
07-10 01:37:25.323  5262  5262 E audit   : type=1300 audit(1688945845.313:70117): arch=c00000b7 syscall=56 success=no exit=-13 a0=ffffff9c a1=7b7d27b2f8 a2=88000 a3=0 items=0 ppid=5287 pid=29306 auid=4294967295 uid=10406 gid=10406 euid=10406 suid=10406 fsuid=10406 egid=10406 sgid=10406 fsgid=10406 tty=(none) ses=4294967295 comm="binder:29306_3" exe="/system/bin/app_process64" subj=u:r:untrusted_app:s0:c150,c257,c512,c768 key=(null)
07-10 01:37:25.332  5674  5692 W System  : A resource failed to call close.
07-10 01:37:25.335 16924 28939 I NetworkScheduler.Stats: (REDACTED) Task %s/%s started execution. cause:%s exec_start_elapsed_seconds: %s
07-10 01:37:25.347 29306 29306 I MediaRouter: Found default route: MediaRouter.RouteInfo{ uniqueId=android/ogl:DEFAULT_ROUTE, name=Phone, description=null, iconUri=null, enabled=true, connectionState=0, canDisconnect=false, playbackType=0, playbackStream=3, deviceType=0, volumeHandling=1, volume=5, volumeMax=15, presentationDisplayId=-1, extras=null, settingsIntent=null, providerPackageName=android }
07-10 01:37:25.347 29306 29306 I MediaRouter: Unselecting the current route because it is no longer selectable: null
07-10 01:37:25.354 16924 29211 I NetworkScheduler.Stats: (REDACTED) Task %s/%s finished executing. cause:%s result: %s elapsed_millis: %s uptime_millis: %s exec_start_elapsed_seconds: %s
07-10 01:37:25.483  5674  7726 D SemWifiUsabilityStatsMonitor: onWifiUsabilityStats - seqNum 22162, isSameBssidAndFreq true
07-10 01:37:25.486  5674  6128 I SemWifiLinkQualityMonitor: Link Qos Query: 0.041 ms / 195.000 Mbps (390 / 0.000 / 2.000)
07-10 01:37:25.487  6461  6461 D NetworkController.WifiSignalController: notifyListener: visible=true, connected=true, inetCondition=1, isDefault=true, wifiTestReported=true, receivedInetCondition=-1, hideDuringMobileSwitching=false
07-10 01:37:25.568  5674  5745 W libprocessgroup: Failed to open /dev/blkio//cgroup.procs: No such file or directory
07-10 01:37:25.568  5353  5543 V APM_AudioPolicyManager: setAppState(portId:1005, state:1)
