07-10 01:28:30.374 27800 27800 I inkedin.android: Using CollectorTypeCC GC.
07-10 01:28:30.384 27800 27800 E inkedin.android: Not starting debugger since process cannot load the jdwp agent.
07-10 01:28:30.392 27800 27800 W libc    : Access denied finding property "sys.perf.boostopt"
07-10 01:28:30.392  5262  5262 E audit   : type=1400 audit(1688945310.389:70066): avc:  denied  { read } for  pid=27800 comm="inkedin.android" name="u:object_r:perf_prop:s0" dev="tmpfs" ino=10663 scontext=u:r:untrusted_app:s0:c6,c256,c512,c768 tcontext=u:object_r:perf_prop:s0 tclass=file permissive=0 SEPF_SM-A515F_13_0001 audit_filtered
07-10 01:28:30.392  5262  5262 E audit   : type=1300 audit(1688945310.389:70066): arch=c00000b7 syscall=56 success=no exit=-13 a0=ffffff9c a1=7fcf7d5458 a2=88000 a3=0 items=0 ppid=5287 pid=27800 auid=4294967295 uid=10006 gid=10006 euid=10006 suid=10006 fsuid=10006 egid=10006 sgid=10006 fsgid=10006 tty=(none) ses=4294967295 comm="inkedin.android" exe="/system/bin/app_process64" subj=u:r:untrusted_app:s0:c6,c256,c512,c768 key=(null)
07-10 01:28:30.393  5262  5262 E audit   : type=1327 audit(1688945310.389:70066): proctitle="zygote64"
07-10 01:28:30.393 27800 27812 W libc    : Access denied finding property "sys.perf.boostopt"
07-10 01:28:30.393  5262  5262 E audit   : type=1400 audit(1688945310.389:70067): avc:  denied  { read } for  pid=27800 comm="binder:27800_1" name="u:object_r:perf_prop:s0" dev="tmpfs" ino=10663 scontext=u:r:untrusted_app:s0:c6,c256,c512,c768 tcontext=u:object_r:perf_prop:s0 tclass=file permissive=0 SEPF_SM-A515F_13_0001 audit_filtered
07-10 01:28:30.394  5262  5262 E audit   : type=1300 audit(1688945310.389:70067): arch=c00000b7 syscall=56 success=no exit=-13 a0=ffffff9c a1=7b7d43f2f8 a2=88000 a3=0 items=0 ppid=5287 pid=27800 auid=4294967295 uid=10006 gid=10006 euid=10006 suid=10006 fsuid=10006 egid=10006 sgid=10006 fsgid=10006 tty=(none) ses=4294967295 comm="binder:27800_1" exe="/system/bin/app_process64" subj=u:r:untrusted_app:s0:c6,c256,c512,c768 key=(null)
07-10 01:28:30.395 27800 27800 D ActivityThread: setConscryptValidator
07-10 01:28:30.395 27800 27800 D ActivityThread: setConscryptValidator - put
07-10 01:28:30.413  5353  6075 V APM_AudioPolicyManager: setAppState(portId:1005, state:1)
07-10 01:28:30.421 27800 27813 W libc    : Access denied finding property "sys.perf.boostopt"
07-10 01:28:30.423 27800 27800 D CompatibilityChangeReporter: Compat change id reported: 171979766; UID 10006; state: ENABLED
07-10 01:28:30.459 27800 27800 D nativeloader: Configuring classloader-namespace for other apk /system/framework/org.apache.http.legacy.jar. target_sdk_version=33, uses_libraries=ALL, library_path=/data/app/~~TazhPc-qCPMWE16BCAqBBQ==/com.linkedin.android-cb_SvQ-tpHZ4UPldO9WIDw==/lib/arm64:/data/app/~~TazhPc-qCPMWE16BCAqBBQ==/com.linkedin.android-cb_SvQ-tpHZ4UPldO9WIDw==/base.apk!/lib/arm64-v8a:/data/app/~~TazhPc-qCPMWE16BCAqBBQ==/com.linkedin.android-cb_SvQ-tpHZ4UPldO9WIDw==/split_config.arm64_v8a.apk!/lib/arm64-v8a:/data/app/~~TazhPc-qCPMWE16BCAqBBQ==/com.linkedin.android-cb_SvQ-tpHZ4UPldO9WIDw==/split_config.en.apk!/lib/arm64-v8a:/data/app/~~TazhPc-qCPMWE16BCAqBBQ==/com.linkedin.android-cb_SvQ-tpHZ4UPldO9WIDw==/split_config.ru.apk!/lib/arm64-v8a:/data/app/~~TazhPc-qCPMWE16BCAqBBQ==/com.linkedin.android-cb_SvQ-tpHZ4UPldO9WIDw==/split_config.xxhdpi.apk!/lib/arm64-v8a, permitted_path=/data:/mnt/expand:/data/user/0/com.linkedin.android
07-10 01:28:30.459 27800 27800 D nativeloader: Extending system_exposed_libraries: libhumantracking.arcsoft.so:libPortraitDistortionCorrection.arcsoft.so:libPortraitDistortionCorrectionCali.arcsoft.so:libface_landmark.arcsoft.so:libFacialStickerEngine.arcsoft.so:libveengine.arcsoft.so:liblow_light_hdr.arcsoft.so:libhigh_dynamic_range.arcsoft.so:libFacialAttributeDetection.arcsoft.so:libBeauty_v4.camera.samsung.so:libexifa.camera.samsung.so:libjpega.camera.samsung.so:libOpenCv.camera.samsung.so:libImageScreener.camera.samsung.so:libMyFilter.camera.samsung.so:libtensorflowLite.myfilter.camera.samsung.so:libtensorflowlite_inference_api.myfilter.camera.samsung.so:libEventFinder.camera.samsung.so:libHIDTSnapJNI.camera.samsung.so:libSmartScan.camera.samsung.so:libRectify.camera.samsung.so:libDocRectifyWrapper.camera.samsung.so:libUltraWideDistortionCorrection.camera.samsung.so:libHpr_RecGAE_cvFeature_v1.0.camera.samsung.so:libHprFace_GAE_api.camera.samsung.so:libFace_Landmark_API.camera.samsung.so:libHprFace_GAE_jni.camera.samsung.so:libFacialBasedSelfieCorrec
07-10 01:28:30.590 27800 27800 W ziparchive: Unable to open '/data/app/~~TazhPc-qCPMWE16BCAqBBQ==/com.linkedin.android-cb_SvQ-tpHZ4UPldO9WIDw==/split_config.arm64_v8a.dm': No such file or directory
07-10 01:28:30.590 27800 27800 W ziparchive: Unable to open '/data/app/~~TazhPc-qCPMWE16BCAqBBQ==/com.linkedin.android-cb_SvQ-tpHZ4UPldO9WIDw==/split_config.arm64_v8a.dm': No such file or directory
07-10 01:28:30.594 27800 27800 W inkedin.android: Entry not found
07-10 01:28:30.605 27800 27800 W ziparchive: Unable to open '/data/app/~~TazhPc-qCPMWE16BCAqBBQ==/com.linkedin.android-cb_SvQ-tpHZ4UPldO9WIDw==/split_config.en.dm': No such file or directory
07-10 01:28:30.605 27800 27800 W ziparchive: Unable to open '/data/app/~~TazhPc-qCPMWE16BCAqBBQ==/com.linkedin.android-cb_SvQ-tpHZ4UPldO9WIDw==/split_config.en.dm': No such file or directory
07-10 01:28:30.608 27800 27800 W inkedin.android: Entry not found
07-10 01:28:30.611 27800 27800 W ziparchive: Unable to open '/data/app/~~TazhPc-qCPMWE16BCAqBBQ==/com.linkedin.android-cb_SvQ-tpHZ4UPldO9WIDw==/split_config.ru.dm': No such file or directory
07-10 01:28:30.611 27800 27800 W ziparchive: Unable to open '/data/app/~~TazhPc-qCPMWE16BCAqBBQ==/com.linkedin.android-cb_SvQ-tpHZ4UPldO9WIDw==/split_config.ru.dm': No such file or directory
07-10 01:28:30.654 27800 27800 W inkedin.android: Entry not found
07-10 01:28:30.671 27800 27800 W ziparchive: Unable to open '/data/app/~~TazhPc-qCPMWE16BCAqBBQ==/com.linkedin.android-cb_SvQ-tpHZ4UPldO9WIDw==/split_config.xxhdpi.dm': No such file or directory
07-10 01:28:30.671 27800 27800 W ziparchive: Unable to open '/data/app/~~TazhPc-qCPMWE16BCAqBBQ==/com.linkedin.android-cb_SvQ-tpHZ4UPldO9WIDw==/split_config.xxhdpi.dm': No such file or directory
07-10 01:28:30.690 27800 27800 W inkedin.android: Entry not found
07-10 01:28:30.693 27800 27800 D nativeloader: Configuring classloader-namespace for other apk /data/app/~~TazhPc-qCPMWE16BCAqBBQ==/com.linkedin.android-cb_SvQ-tpHZ4UPldO9WIDw==/base.apk:/data/app/~~TazhPc-qCPMWE16BCAqBBQ==/com.linkedin.android-cb_SvQ-tpHZ4UPldO9WIDw==/split_config.arm64_v8a.apk:/data/app/~~TazhPc-qCPMWE16BCAqBBQ==/com.linkedin.android-cb_SvQ-tpHZ4UPldO9WIDw==/split_config.en.apk:/data/app/~~TazhPc-qCPMWE16BCAqBBQ==/com.linkedin.android-cb_SvQ-tpHZ4UPldO9WIDw==/split_config.ru.apk:/data/app/~~TazhPc-qCPMWE16BCAqBBQ==/com.linkedin.android-cb_SvQ-tpHZ4UPldO9WIDw==/split_config.xxhdpi.apk. target_sdk_version=33, uses_libraries=, library_path=/data/app/~~TazhPc-qCPMWE16BCAqBBQ==/com.linkedin.android-cb_SvQ-tpHZ4UPldO9WIDw==/lib/arm64:/data/app/~~TazhPc-qCPMWE16BCAqBBQ==/com.linkedin.android-cb_SvQ-tpHZ4UPldO9WIDw==/base.apk!/lib/arm64-v8a:/data/app/~~TazhPc-qCPMWE16BCAqBBQ==/com.linkedin.android-cb_SvQ-tpHZ4UPldO9WIDw==/split_config.arm64_v8a.apk!/lib/arm64-v8a:/data/app/~~TazhPc-qCPMWE16BCAqBBQ==/com.linkedin.android-cb_SvQ-tpHZ4UPldO9WIDw=
07-10 01:28:30.730 27800 27800 W inkedin.android: JIT profile information will not be recorded: profile file does not exist.
07-10 01:28:30.731 27800 27800 W inkedin.android: JIT profile information will not be recorded: profile file does not exist.
07-10 01:28:30.731 27800 27800 W inkedin.android: JIT profile information will not be recorded: profile file does not exist.
07-10 01:28:30.732 27800 27800 W inkedin.android: JIT profile information will not be recorded: profile file does not exist.
07-10 01:28:30.829 27800 27800 V GraphicsEnvironment: ANGLE Developer option for 'com.linkedin.android' set to: 'default'
07-10 01:28:30.833 27800 27800 V GraphicsEnvironment: ANGLE GameManagerService for com.linkedin.android: false
07-10 01:28:30.833 27800 27800 V GraphicsEnvironment: Neither updatable production driver nor prerelease driver is supported.
07-10 01:28:30.843 27800 27800 D NetworkSecurityConfig: Using Network Security Config from resource network_security_config debugBuild: false
07-10 01:28:30.849 27800 27800 D NetworkSecurityConfig: Using Network Security Config from resource network_security_config debugBuild: false
07-10 01:28:31.029 27800 27800 I EKGCrashLoopDetector: Last crash time: 0
07-10 01:28:31.029 27800 27800 D EKGCrashLoopDetector: Didn't crash at startup last launch
07-10 01:28:31.133  9843 10427 I FuseDaemon: Threshold exceeded - fadvising 67108864
07-10 01:28:31.133  9843 10427 I FuseDaemon: Threshold now 0
07-10 01:28:31.282 27800 27800 W EKGCrashLoopDetector: Timed out waiting for SharedPrefs write
07-10 01:28:31.460 27800 27824 D SharedPreferencesImpl: Time required to fsync /data/user/0/com.linkedin.android/shared_prefs/EKGCrashLoopDetector.xml: [<1: 0, <2: 0, <4: 0, <8: 0, <16: 0, <32: 0, <64: 0, <128: 0, <256: 0, <512: 1, <1024: 0, <2048: 0, <4096: 0, <8192: 0, <16384: 0, >=16384: 0]
07-10 01:28:31.604 27800 27827 D ExceptionHandler: [EKG-BackgroundExecutor] Uploading pending java crashes
07-10 01:28:31.612 27800 27827 D ExceptionHandler: [EKG-BackgroundExecutor] Number of crash files to process: 0
07-10 01:28:31.623 27800 27800 D EKGNDKCrashReporter: miniDumpFilePath: /data/user/0/com.linkedin.android/files/ekg_ndk_crashes_v1/0.906.206/4ada1804-050d-4559-9b5b16a9-dbdeaec9.dmp
07-10 01:28:31.625 27800 27800 D EKGNDKCrashReporter: pageKeyFilePath: /data/user/0/com.linkedin.android/files/ekg_ndk_crashes_v1/0.906.206/4ada1804-050d-4559-9b5b16a9-dbdeaec9.pagekey
07-10 01:28:31.628 27800 27827 D ExceptionHandler: [EKG-BackgroundExecutor] Uploading native crashes
07-10 01:28:31.631 27800 27827 D ExceptionHandler: [EKG-BackgroundExecutor] Number of crash files to process: 0
07-10 01:28:31.655 27800 27800 I FlagshipApplication: [main] Granular phase APP_ATTACH completed. Interval(startNanos=1688945310945000000ns, durationNanos=702000000ns)
07-10 01:28:31.767  5674  6793 D SLocation: GeopointGeofenceManager - Location reported : fix method = 4 / 17.014
07-10 01:28:31.769  5674  6793 W Settings: Setting airplane_mode_on has moved from android.provider.Settings.System to android.provider.Settings.Global, returning read-only value.
07-10 01:28:31.773  5674  6793 D SLocation: LocationProcessingAlgorithm - entry condition - dist : 4651.078 padding : 0.0, accuracy : 17.014, provider : network, dir : 2
07-10 01:28:31.774  5674  6793 D SLocation: LocationProcessingAlgorithm - entry condition - dist : 3807525.0 padding : 0.0, accuracy : 17.014, provider : network, dir : 2
07-10 01:28:31.774  5674  6793 D SLocation: LocationProcessingAlgorithm - entry condition - dist : 90748.195 padding : 0.0, accuracy : 17.014, provider : network, dir : 2
07-10 01:28:31.775  5674  6793 D SLocation: LocationProcessingAlgorithm - entry condition - dist : 3807948.5 padding : 0.0, accuracy : 17.014, provider : network, dir : 2
07-10 01:28:31.775  5674  6793 D SLocation: LocationProcessingAlgorithm - entry condition - dist : 683.9925 padding : 0.0, accuracy : 17.014, provider : network, dir : 2
07-10 01:28:31.776  5674  6793 D SLocation: LocationProcessingAlgorithm - entry condition - dist : 1917397.4 padding : 0.0, accuracy : 17.014, provider : network, dir : 2
07-10 01:28:31.776  5674  6793 D SLocation: LocationProcessingAlgorithm - entry condition - dist : 13348.685 padding : 0.0, accuracy : 17.014, provider : network, dir : 2
07-10 01:28:31.777  5674  6793 D SLocation: LocationProcessingAlgorithm - entry condition - dist : 3807948.5 padding : 0.0, accuracy : 17.014, provider : network, dir : 2
07-10 01:28:31.778  5674  6793 D SLocation: LocationProcessingAlgorithm - entry condition - dist : 1801178.1 padding : 0.0, accuracy : 17.014, provider : network, dir : 2
07-10 01:28:31.778  5674  6793 D SLocation: LocationProcessingAlgorithm - entry condition - dist : 663.4702 padding : 0.0, accuracy : 17.014, provider : network, dir : 2
07-10 01:28:31.779  5674  6793 D SLocation: ReceiverPairWithWifi - ignore direction of location due to wifi, id =11reason=400
07-10 01:28:31.779  5674  6793 D SLocation: LocationProcessingAlgorithm - entry condition - dist : 427.57913 padding : 0.0, accuracy : 17.014, provider : network, dir : 1
07-10 01:28:31.780  5674  6793 D SLocation: GeopointReceiver - send geopoint result - 1
07-10 01:28:31.782 27800 27800 D CompatibilityChangeReporter: Compat change id reported: 183155436; UID 10006; state: ENABLED
07-10 01:28:31.782 27800 27800 I FirebaseApp: Device unlocked: initializing all Firebase APIs for app [DEFAULT]
07-10 01:28:31.801 27800 27800 I FirebaseInitProvider: FirebaseApp initialization successful
07-10 01:28:31.867  5674  6213 D NetdEventListenerService: DNS Requested by : 118, 10226
07-10 01:28:31.886 27800 27800 E FlagshipApplication: [main] FlagshipApplication#onCreate() called for process id 27800
07-10 01:28:31.895 27800 27800 D ConnectivityManager: StackLog: [android.net.ConnectivityManager.sendRequestForNetwork(ConnectivityManager.java:4300)] [android.net.ConnectivityManager.registerDefaultNetworkCallbackForUid(ConnectivityManager.java:4864)] [android.net.ConnectivityManager.registerDefaultNetworkCallback(ConnectivityManager.java:4831)] [android.net.ConnectivityManager.registerDefaultNetworkCallback(ConnectivityManager.java:4805)] [com.linkedin.android.networking.util.NetworkMonitor.<init>(NetworkMonitor.java:59)] [com.linkedin.android.networking.util.NetworkMonitor.initialize(NetworkMonitor.java:41)] [com.linkedin.android.app.FlagshipApplication.onCreate(FlagshipApplication.java:85)] [android.app.Instrumentation.callApplicationOnCreate(Instrumentation.java:1266)] [android.app.ActivityThread.handleBindApplication(ActivityThread.java:7614)] [android.app.ActivityThread.-$$Nest$mhandleBindApplication(Unknown Source:0)] [android.app.ActivityThread$H.handleMessage(ActivityThread.java:2400)]
07-10 01:28:31.897  5674  9851 D ConnectivityService: requestNetwork for uid/pid:10006/27800 activeRequest: null callbackRequest: 16728 [NetworkRequest [ REQUEST id=16729, [ Capabilities: INTERNET&NOT_RESTRICTED&TRUSTED&NOT_VCN_MANAGED Uid: 10006 RequestorUid: 10006 RequestorPkg: com.linkedin.android UnderlyingNetworks: Null] ]] callback flags: 0 order: 2147483647
07-10 01:28:31.899  5674  6055 D ConnectivityService:    accepting network in place of null
07-10 01:28:31.908  5674  6045 D WifiNetworkFactory: got request NetworkRequest [ REQUEST id=16729, [ Capabilities: INTERNET&NOT_RESTRICTED&TRUSTED&NOT_VCN_MANAGED Uid: 10006 RequestorUid: 10006 RequestorPkg: com.linkedin.android UnderlyingNetworks: Null] ]
07-10 01:28:31.909  5674  6045 D UntrustedWifiNetworkFactory: got request NetworkRequest [ REQUEST id=16729, [ Capabilities: INTERNET&NOT_RESTRICTED&TRUSTED&NOT_VCN_MANAGED Uid: 10006 RequestorUid: 10006 RequestorPkg: com.linkedin.android UnderlyingNetworks: Null] ]
07-10 01:28:31.911  5674  6045 D OemPaidWifiNetworkFactory: got request NetworkRequest [ REQUEST id=16729, [ Capabilities: INTERNET&NOT_RESTRICTED&TRUSTED&NOT_VCN_MANAGED Uid: 10006 RequestorUid: 10006 RequestorPkg: com.linkedin.android UnderlyingNetworks: Null] ]
07-10 01:28:31.913  5674  6045 D MultiInternetWifiNetworkFactory: got request NetworkRequest [ REQUEST id=16729, [ Capabilities: INTERNET&NOT_RESTRICTED&TRUSTED&NOT_VCN_MANAGED Uid: 10006 RequestorUid: 10006 RequestorPkg: com.linkedin.android UnderlyingNetworks: Null] ]
07-10 01:28:31.922  5674  6055 D ConnectivityService: Rematched networks [computed 0ms] [applied 3ms] [issued 19]
07-10 01:28:31.922  5674  6055 D ConnectivityService: NetworkReassignment :
07-10 01:28:31.922  5674  6055 D ConnectivityService:   16729 : null → 118
07-10 01:28:31.951 30967 31717 I ContactsProvider_EventLog: cp_s: [CONTACT con(158) dat(1091) acc({sim(3)=15, sec(6)=1, sim2(4)=1, google(2)=81, org.telegram.messenger(236)=100, com.whatsapp(14)=41}) calls([logtype:100 cnt:877, logtype:200 cnt:5, logtype:300 cnt:495, logtype:1000 cnt:632, logtype:1150 cnt:161]) Iso(RS) uId(0) ]
07-10 01:28:31.951 30967 31717 I ContactsProvider_EventLog: cp_s: [ agr({[2 ,2 ,14 ,236]=1, [2 ,14 ,236]=32, [3]=15, [14]=1, [4]=1, [2 ,14]=4, [2 ,2]=2, [2]=34, [6 ,14]=1, [2 ,236]=3, [236]=62, [2 ,236 ,14]=2}) ]
07-10 01:28:31.951 30967 31717 I ContactsProvider_EventLog: cp_s: [ cnt({acore(30967)=1}) ]
07-10 01:28:31.951 30967 31717 I ContactsProvider_EventLog: cp_s: [PROFILE con(1) dat(1) acc({vnd.sec.contact.phone=1}) ] [SAPROFILE ]
07-10 01:28:31.951 30967 31717 I ContactsProvider_EventLog: cp_s: [STATE R(T) ]
07-10 01:28:32.023 27800 27800 I FlagshipApplication: [main] Granular phase APP_DEPENDENCY_INJECTION completed. Interval(startNanos=1688945311900000000ns, durationNanos=123000000ns)
07-10 01:28:32.072  5674  9851 D PackageManager: setEnabledSetting : userId = 0 packageName = com.linkedin.android cmp = androidx.work.impl.background.systemjob.SystemJobService newState = 1 callingPackage = 10006/com.linkedin.android
07-10 01:28:32.074  5674  9851 D ApplicationPolicy: getApplicationStateEnabled : pkg = com.linkedin.android userId : 0
07-10 01:28:32.075  5674  9851 D ApplicationPolicy: getApplicationComponentState : pkg = com.linkedin.android userId : 0
07-10 01:28:32.145 27800 27845 D CompatibilityChangeReporter: Compat change id reported: 160794467; UID 10006; state: ENABLED
07-10 01:28:32.147 27800 27846 D ConnectivityManager: StackLog: [android.net.ConnectivityManager.sendRequestForNetwork(ConnectivityManager.java:4300)] [android.net.ConnectivityManager.registerDefaultNetworkCallbackForUid(ConnectivityManager.java:4864)] [android.net.ConnectivityManager.registerDefaultNetworkCallback(ConnectivityManager.java:4831)] [org.chromium.net.NetworkChangeNotifierAutoDetect$RegistrationPolicy.register(NetworkChangeNotifierAutoDetect.java:38)] [org.chromium.net.RegistrationPolicyAlwaysRegister.init(RegistrationPolicyAlwaysRegister.java:3)] [org.chromium.net.NetworkChangeNotifierAutoDetect.<init>(NetworkChangeNotifierAutoDetect.java:105)] [org.chromium.net.NetworkChangeNotifier.setAutoDetectConnectivityStateInternal(NetworkChangeNotifier.java:14)] [org.chromium.net.impl.CronetLibraryLoader.ensureInitializedOnInitThread(CronetLibraryLoader.java:17)] [org.chromium.net.impl.CronetLibraryLoader$1.run(CronetLibraryLoader.java:1)]
07-10 01:28:32.151  5674  9851 D ConnectivityService: requestNetwork for uid/pid:10006/27800 activeRequest: null callbackRequest: 16730 [NetworkRequest [ REQUEST id=16731, [ Capabilities: INTERNET&NOT_RESTRICTED&TRUSTED&NOT_VCN_MANAGED Uid: 10006 RequestorUid: 10006 RequestorPkg: com.linkedin.android UnderlyingNetworks: Null] ]] callback flags: 0 order: 2147483647
07-10 01:28:32.157  5674  6055 D ConnectivityService:    accepting network in place of null
07-10 01:28:32.168  5674  6045 D WifiNetworkFactory: got request NetworkRequest [ REQUEST id=16731, [ Capabilities: INTERNET&NOT_RESTRICTED&TRUSTED&NOT_VCN_MANAGED Uid: 10006 RequestorUid: 10006 RequestorPkg: com.linkedin.android UnderlyingNetworks: Null] ]
07-10 01:28:32.169  5674  6045 D UntrustedWifiNetworkFactory: got request NetworkRequest [ REQUEST id=16731, [ Capabilities: INTERNET&NOT_RESTRICTED&TRUSTED&NOT_VCN_MANAGED Uid: 10006 RequestorUid: 10006 RequestorPkg: com.linkedin.android UnderlyingNetworks: Null] ]
07-10 01:28:32.170  5674  6045 D OemPaidWifiNetworkFactory: got request NetworkRequest [ REQUEST id=16731, [ Capabilities: INTERNET&NOT_RESTRICTED&TRUSTED&NOT_VCN_MANAGED Uid: 10006 RequestorUid: 10006 RequestorPkg: com.linkedin.android UnderlyingNetworks: Null] ]
07-10 01:28:32.170  5674  6045 D MultiInternetWifiNetworkFactory: got request NetworkRequest [ REQUEST id=16731, [ Capabilities: INTERNET&NOT_RESTRICTED&TRUSTED&NOT_VCN_MANAGED Uid: 10006 RequestorUid: 10006 RequestorPkg: com.linkedin.android UnderlyingNetworks: Null] ]
07-10 01:28:32.171  5674  6055 D ConnectivityService: Rematched networks [computed 4ms] [applied 3ms] [issued 11]
07-10 01:28:32.171  5674  6055 D ConnectivityService: NetworkReassignment :
07-10 01:28:32.171  5674  6055 D ConnectivityService:   16731 : null → 118
07-10 01:28:32.172 27800 27846 D ConnectivityManager: StackLog: [android.net.ConnectivityManager.sendRequestForNetwork(ConnectivityManager.java:4300)] [android.net.ConnectivityManager.sendRequestForNetwork(ConnectivityManager.java:4342)] [android.net.ConnectivityManager.registerNetworkCallback(ConnectivityManager.java:4724)] [org.chromium.net.NetworkChangeNotifierAutoDetect$RegistrationPolicy.register(NetworkChangeNotifierAutoDetect.java:111)] [org.chromium.net.RegistrationPolicyAlwaysRegister.init(RegistrationPolicyAlwaysRegister.java:3)] [org.chromium.net.NetworkChangeNotifierAutoDetect.<init>(NetworkChangeNotifierAutoDetect.java:105)] [org.chromium.net.NetworkChangeNotifier.setAutoDetectConnectivityStateInternal(NetworkChangeNotifier.java:14)] [org.chromium.net.impl.CronetLibraryLoader.ensureInitializedOnInitThread(CronetLibraryLoader.java:17)] [org.chromium.net.impl.CronetLibraryLoader$1.run(CronetLibraryLoader.java:1)]
07-10 01:28:32.192  5674  6055 D ConnectivityService: Rematched networks [computed 0ms] [applied 1ms] [issued 6]
07-10 01:28:32.192  5674  6055 D ConnectivityService: NetworkReassignment : no changes
07-10 01:28:32.210 27800 27844 I cr_CronetLibraryLoader: Cronet version: 102.0.5005.125, arch: aarch64
07-10 01:28:32.255 27800 27800 W DaggerInfraApplicationD: [main] Cannot set the application tracking stack multiple times. Skipping assignment.
07-10 01:28:32.255 27800 27800 D GlobalSequence: Global Sequence already initialized. Ignoring
07-10 01:28:32.255 27800 27859 I LMDBLRUCache: Entry init duration: 1ms
07-10 01:28:32.280 27800 27863 W ThreadPoolExecutor: [ConnectionMonitor-1] ConnectionStateChangedListener added to ConnectionMonitor, but ConnectionMonitor has not been started.
07-10 01:28:32.290 27800 27800 D LixManagerImpl: [main] Triggering sync for lix lixType 0
07-10 01:28:32.291 27800 27800 D LixNetworkManager: [main] Batch Fetch Lix url:/lix/lixFrontendTreatmentsV2?action=batchGet
07-10 01:28:32.308  5325  5325 E sehhealth-service: Could not open /sys/class/power_supply/battery/lrp
07-10 01:28:32.374  5674  6213 D NetdEventListenerService: DNS Requested by : 118, 10006
07-10 01:28:32.399 27800 27800 D AppLaunchRateLimiter: [main] shouldLimitAppLaunchNetworkCalls: S600
07-10 01:28:32.400 27800 27800 D LaunchManagerImpl: [main] onAppProcessStarted(): shouldLimitNetworkCalls=false
07-10 01:28:32.413 27800 27800 D ShortcutBadger: Finding badger
07-10 01:28:32.417 27800 27800 D ShortcutBadger: Current badger:me.leolin.shortcutbadger.impl.DefaultBadger
07-10 01:28:32.506 27800 27889 W WM-WorkSpec: Flex duration lesser than minimum allowed value; Changed to 300000
07-10 01:28:32.514 27800 27800 D EventBus: No subscribers registered for event class com.linkedin.android.infra.events.VideoAutoPlaySettingChangedEvent
07-10 01:28:32.514 27800 27800 D EventBus: No subscribers registered for event class org.greenrobot.eventbus.NoSubscriberEvent
07-10 01:28:32.516 27800 27800 D CompatibilityChangeReporter: Compat change id reported: 194532703; UID 10006; state: ENABLED
07-10 01:28:32.538 27800 27891 W WM-WorkSpec: Flex duration lesser than minimum allowed value; Changed to 300000
07-10 01:28:32.561 27800 27800 I Choreographer: Skipped 40 frames!  The application may be doing too much work on its main thread.
07-10 01:28:32.680  9843 10427 I FuseDaemon: Threshold exceeded - fadvising 67108864
07-10 01:28:32.680  9843 10427 I FuseDaemon: Threshold now 0
07-10 01:28:32.841 27800 27889 W WM-WorkSpec: Flex duration lesser than minimum allowed value; Changed to 300000
07-10 01:28:32.867 27800 27887 I WM-WorkerWrapper: Worker result SUCCESS for Work [ id=10827bb2-e53d-45b1-a5bc-398adf46533c, tags={ com.linkedin.android.tracking.sensor.SensorMetricTapeWorker } ]
07-10 01:28:32.874  5674  7726 D SemWifiUsabilityStatsMonitor: onWifiUsabilityStats - seqNum 21987, isSameBssidAndFreq true
07-10 01:28:32.876  5674  6128 I SemWifiLinkQualityMonitor: Link Qos Query: 0.080 ms / 100.625 Mbps (175 / 0.000 / 1.739)
07-10 01:28:32.885 27800 27889 W WM-WorkSpec: Flex duration lesser than minimum allowed value; Changed to 300000
07-10 01:28:32.898 27800 27889 W WM-WorkSpec: Flex duration lesser than minimum allowed value; Changed to 300000
07-10 01:28:32.983 27800 27889 W WM-WorkSpec: Flex duration lesser than minimum allowed value; Changed to 300000
07-10 01:28:33.021 27800 27850 I WM-WorkerWrapper: Worker result SUCCESS for Work [ id=d4af4d43-769c-4869-8db5-3647769d67f7, tags={ com.linkedin.android.segment.ChameleonPeriodicWork } ]
07-10 01:28:33.062 27800 27850 I WM-WorkerWrapper: Worker result SUCCESS for Work [ id=6e8773ca-e1a5-4d86-b91b-3ba4be1e8407, tags={ com.linkedin.android.litrackinglib.network.SendTrackingEventWorker, period_sync_work } ]
07-10 01:28:33.083  5353  6075 V APM_AudioPolicyManager: setAppState(portId:1005, state:1)
07-10 01:28:33.091  5353  6075 V APM_AudioPolicyManager: setAppState(portId:1005, state:1)
07-10 01:28:33.226  5674  6183 D WifiConnectivityMonitor: start WCM Poll.
07-10 01:28:33.789  5674  5674 D SemWifiP2pGoPowerSave: GopsReceiver : received : com.samsung.intent.action.CHECK_SIOP_LEVEL
07-10 01:28:33.790  5674  5674 I SemWifiP2pGoPowerSave: siop_level = 1
07-10 01:28:33.796 31802 31802 I PolicyManager: [#CMH#] onReceive action = EVENT_SIOP
07-10 01:28:33.797 31802 32077 I SystemBroadcastReceiver: [#CMH#] onReceive completed :  1
07-10 01:28:34.300  9843 10427 I FuseDaemon: Threshold exceeded - fadvising 67108864
07-10 01:28:34.301  9843 10427 I FuseDaemon: Threshold now 0
07-10 01:28:35.769  9843 10427 I FuseDaemon: Threshold exceeded - fadvising 67108864
07-10 01:28:35.769  9843 10427 I FuseDaemon: Threshold now 0
07-10 01:28:35.809 31802 32118 I PolicyManager: [#CMH#] Is foreground game app: false
07-10 01:28:35.903  5674  7726 D SemWifiUsabilityStatsMonitor: onWifiUsabilityStats - seqNum 21988, isSameBssidAndFreq true
07-10 01:28:35.904  5674  6128 I SemWifiLinkQualityMonitor: Link Qos Query: 0.034 ms / 234.000 Mbps (234 / 0.000 / 1.000)
07-10 01:28:36.048  5674  6213 D NetdEventListenerService: DNS Requested by : 118, 10329
07-10 01:28:36.055 25156 27594 D TrafficStats: tagSocket(101) with statsTag=0x1, statsUid=-1
07-10 01:28:36.056 25156 27912 D TrafficStats: tagSocket(102) with statsTag=0x1, statsUid=-1
07-10 01:28:36.057  5674  6213 D NetdEventListenerService: DNS Requested by : 118, 10329
07-10 01:28:36.658  9837 10033 I SemDvfsHyPerManager: acquire hyper - SIOP_GPU_FREQ_MAX/9837@4, type = 536875010
07-10 01:28:36.662  5313  5394 I HYPER-HAL: [RequestManager.cpp]acquire(): Acquired ID : 48427565  [9837 / 4]    HINT :      list : [GPUMaxFreq / 764000]
07-10 01:28:36.663  9837 10033 I SemDvfsHyPerManager: acquire hyper - SIOP_ARM_MAX/9837@2, type = 301993986
07-10 01:28:36.663  5313  5394 I HYPER-HAL: [RequestManager.cpp]acquire(): Acquired ID : 48407882  [9837 / 2]    HINT :      list : [CPUMaxFreq / 2080000]
07-10 01:28:36.791  5674  6112 I ChimeraAggressivePolicyHandler: executePolicy() - triggerSource: TRIGGER_SOURCE_LMKD
07-10 01:28:36.793  5674  6112 I ChimeraAggressivePolicyHandler: available memory: 992004, free memory target: 870400, quit chimera
07-10 01:28:37.215  9843 10427 I FuseDaemon: Threshold exceeded - fadvising 67108864
07-10 01:28:37.215  9843 10427 I FuseDaemon: Threshold now 0
07-10 01:28:37.949  5674  9851 D PackageManager: setEnabledSetting : userId = 0 packageName = com.Slack cmp = androidx.work.impl.background.systemalarm.RescheduleReceiver newState = 1 callingPackage = 10329/com.Slack
07-10 01:28:37.951  5674  9851 D ApplicationPolicy: getApplicationStateEnabled : pkg = com.Slack userId : 0
07-10 01:28:37.954  5674  9851 D ApplicationPolicy: getApplicationComponentState : pkg = com.Slack userId : 0
07-10 01:28:38.024  5353  6075 V APM_AudioPolicyManager: setAppState(portId:1005, state:1)
07-10 01:28:38.025  5674  5745 W libprocessgroup: Failed to open /dev/blkio//cgroup.procs: No such file or directory
07-10 01:28:38.062 27800 27921 D ProfileInstaller: Skipping profile installation for com.linkedin.android
07-10 01:28:38.066 25156 25218 D ConnectivityManager: StackLog: [android.net.ConnectivityManager.sendRequestForNetwork(ConnectivityManager.java:4300)] [android.net.ConnectivityManager.registerDefaultNetworkCallbackForUid(ConnectivityManager.java:4864)] [android.net.ConnectivityManager.registerDefaultNetworkCallback(ConnectivityManager.java:4831)] [android.net.ConnectivityManager.registerDefaultNetworkCallback(ConnectivityManager.java:4805)] [androidx.work.impl.utils.NetworkApi24.registerDefaultNetworkCallbackCompat(Unknown Source:11)] [androidx.work.impl.constraints.trackers.NetworkStateTracker24.startTracking(Unknown Source:15)] [androidx.work.impl.constraints.controllers.ConstraintController.replace(Unknown Source:130)] [androidx.work.impl.constraints.WorkConstraintsTrackerImpl.replace(Unknown Source:41)] [androidx.work.impl.background.greedy.GreedyScheduler.schedule(Unknown Source:302)] [androidx.work.impl.Schedulers.schedule(Unknown Source:155)] [androidx.work.impl.utils.EnqueueRunnable.run(Unknown Source:53)] [androidx.work.Worker$2.run$androidx$work$impl$utils$SerialExecutorImpl$Task(Unknown Source:4)] [androidx.work.Worker$2.run(Unknown Source:868)] [java.util.concurrent.ThreadPoolExecutor.runWorker(ThreadPoolExecutor.java:1137)] [java.util.concurrent.ThreadPoolExecutor$Worker.run(ThreadPoolExecutor.java:637)] [java.lang.Thread.run(Thread.java:1012)]
07-10 01:28:38.071  5674  9851 D ConnectivityService: requestNetwork for uid/pid:10329/25156 activeRequest: null callbackRequest: 16733 [NetworkRequest [ REQUEST id=16734, [ Capabilities: INTERNET&NOT_RESTRICTED&TRUSTED&NOT_VCN_MANAGED Uid: 10329 RequestorUid: 10329 RequestorPkg: com.Slack UnderlyingNetworks: Null] ]] callback flags: 0 order: 2147483647
07-10 01:28:38.073  5674  6055 D ConnectivityService:    accepting network in place of null
07-10 01:28:38.077  5674  6045 D WifiNetworkFactory: got request NetworkRequest [ REQUEST id=16734, [ Capabilities: INTERNET&NOT_RESTRICTED&TRUSTED&NOT_VCN_MANAGED Uid: 10329 RequestorUid: 10329 RequestorPkg: com.Slack UnderlyingNetworks: Null] ]
07-10 01:28:38.077  5674  6045 D UntrustedWifiNetworkFactory: got request NetworkRequest [ REQUEST id=16734, [ Capabilities: INTERNET&NOT_RESTRICTED&TRUSTED&NOT_VCN_MANAGED Uid: 10329 RequestorUid: 10329 RequestorPkg: com.Slack UnderlyingNetworks: Null] ]
07-10 01:28:38.078  5674  6045 D OemPaidWifiNetworkFactory: got request NetworkRequest [ REQUEST id=16734, [ Capabilities: INTERNET&NOT_RESTRICTED&TRUSTED&NOT_VCN_MANAGED Uid: 10329 RequestorUid: 10329 RequestorPkg: com.Slack UnderlyingNetworks: Null] ]
07-10 01:28:38.078  5674  6045 D MultiInternetWifiNetworkFactory: got request NetworkRequest [ REQUEST id=16734, [ Capabilities: INTERNET&NOT_RESTRICTED&TRUSTED&NOT_VCN_MANAGED Uid: 10329 RequestorUid: 10329 RequestorPkg: com.Slack UnderlyingNetworks: Null] ]
07-10 01:28:38.080  5674  6055 D ConnectivityService: Rematched networks [computed 0ms] [applied 1ms] [issued 6]
07-10 01:28:38.080  5674  6055 D ConnectivityService: NetworkReassignment :
07-10 01:28:38.080  5674  6055 D ConnectivityService:   16734 : null → 118
07-10 01:28:38.143 25156 25156 D ConnectivityManager: StackLog: [android.net.ConnectivityManager.unregisterNetworkCallback(ConnectivityManager.java:4972)] [androidx.work.impl.utils.NetworkApi21.unregisterNetworkCallbackCompat(Unknown Source:11)] [androidx.work.impl.constraints.trackers.NetworkStateTracker24.stopTracking(Unknown Source:15)] [androidx.work.impl.constraints.trackers.ConstraintTracker.removeListener(Unknown Source:24)] [androidx.work.impl.constraints.controllers.ConstraintController.replace(Unknown Source:81)] [androidx.work.impl.constraints.WorkConstraintsTrackerImpl.replace(Unknown Source:41)] [androidx.work.impl.background.greedy.GreedyScheduler.onExecuted(Unknown Source:55)] [androidx.work.impl.Processor.onExecuted(Unknown Source:59)] [com.bugsnag.android.DeliveryDelegate$1.run(Unknown Source:212)]
07-10 01:28:38.160  5674  6055 D ConnectivityService:  Removing from current network [118 WIFI], leaving 158 requests.
07-10 01:28:38.173  5353  6075 V APM_AudioPolicyManager: setAppState(portId:1005, state:1)
07-10 01:28:38.195  5353  6075 V APM_AudioPolicyManager: setAppState(portId:1005, state:1)
07-10 01:28:38.619  5674  5690 I system_server: Background young concurrent copying GC freed 429237(16MB) AllocSpace objects, 71(1600KB) LOS objects, 13% free, 108MB/125MB, paused 599us,367us total 543.937ms
07-10 01:28:38.647 25156 25169 W libc    : Access denied finding property "sys.perf.boostopt"
07-10 01:28:38.647  5674  5692 W System  : A resource failed to call close.
07-10 01:28:38.649  5674  5692 W System  : A resource failed to call close.
07-10 01:28:38.650  5262  5262 E audit   : type=1400 audit(1688945318.645:70069): avc:  denied  { read } for  pid=25156 comm="binder:25156_1" name="u:object_r:perf_prop:s0" dev="tmpfs" ino=10663 scontext=u:r:untrusted_app:s0:c73,c257,c512,c768 tcontext=u:object_r:perf_prop:s0 tclass=file permissive=0 SEPF_SM-A515F_13_0001 audit_filtered
07-10 01:28:38.650  5262  5262 E audit   : type=1300 audit(1688945318.645:70069): arch=c00000b7 syscall=56 success=no exit=-13 a0=ffffff9c a1=7b7d3522f8 a2=88000 a3=0 items=0 ppid=5287 pid=25156 auid=4294967295 uid=10329 gid=10329 euid=10329 suid=10329 fsuid=10329 egid=10329 sgid=10329 fsgid=10329 tty=(none) ses=4294967295 comm="binder:25156_1" exe="/system/bin/app_process64" subj=u:r:untrusted_app:s0:c73,c257,c512,c768 key=(null)
07-10 01:28:38.650  5262  5262 E audit   : type=1327 audit(1688945318.645:70069): proctitle="com.microsoft.todos"
07-10 01:28:38.716  9843 10427 I FuseDaemon: Threshold exceeded - fadvising 67108864
07-10 01:28:38.717  9843 10427 I FuseDaemon: Threshold now 0
07-10 01:28:38.764 31802 32118 I ControllerUtils: [#CMH#] StoryService:  9, isNonJustShotRunningPossible: false, isStopHeavyTask: true
07-10 01:28:38.828 31802 32118 I ControllerUtils: [#CMH#] IPService:  5, isNonJustShotRunningPossible: false, isStopHeavyTask: true
07-10 01:28:38.883 31802 32118 I ControllerUtils: [#CMH#] FaceService:  2, isNonJustShotRunningPossible: false, isStopHeavyTask: true
07-10 01:28:38.942  5674  7726 D SemWifiUsabilityStatsMonitor: onWifiUsabilityStats - seqNum 21989, isSameBssidAndFreq true
07-10 01:28:38.944  5674  6128 I SemWifiLinkQualityMonitor: Link Qos Query: 0.050 ms / 161.194 Mbps (263 / 0.000 / 1.632)
07-10 01:28:40.161  9843 10427 I FuseDaemon: Threshold exceeded - fadvising 67108864
07-10 01:28:40.162  9843 10427 I FuseDaemon: Threshold now 0
07-10 01:28:41.314 10472 10524 I .breakfree.deux: Background concurrent copying GC freed 77921(2554KB) AllocSpace objects, 10(3424KB) LOS objects, 58% free, 4313KB/10MB, paused 457us,129us total 123.919ms
07-10 01:28:41.315 10472 10524 W .breakfree.deux: Reducing the number of considered missed Gc histogram windows from 199 to 100
07-10 01:28:41.683  9843 10427 I FuseDaemon: Threshold exceeded - fadvising 67108864
07-10 01:28:41.683  9843 10427 I FuseDaemon: Threshold now 0
07-10 01:28:41.976  5674  7726 D SemWifiUsabilityStatsMonitor: onWifiUsabilityStats - seqNum 21990, isSameBssidAndFreq true
07-10 01:28:41.978  5674  6128 I SemWifiLinkQualityMonitor: Link Qos Query: 0.050 ms / 161.194 Mbps (263 / 0.000 / 1.632)
07-10 01:28:42.071  6461  6461 D NetworkController.WifiSignalController: notifyListener: visible=true, connected=true, inetCondition=1, isDefault=true, wifiTestReported=true, receivedInetCondition=-1, hideDuringMobileSwitching=false
07-10 01:28:43.013  5262  5262 E audit   : type=1400 audit(1688945323.009:70070): avc:  denied  { getattr } for  pid=5674 comm="BinderProcsColl" path="/sys/kernel/debug/binder/proc/5674" dev="debugfs" ino=32119 scontext=u:r:system_server:s0 tcontext=u:object_r:sec_debugfs:s0 tclass=file permissive=0 SEPF_SM-A515F_13_0001 audit_filtered
07-10 01:28:43.013  5262  5262 E audit   : type=1300 audit(1688945323.009:70070): arch=c00000b7 syscall=79 success=no exit=-13 a0=ffffff9c a1=7af0526130 a2=79c600c680 a3=0 items=0 ppid=5287 pid=5674 auid=4294967295 uid=1000 gid=1000 euid=1000 suid=1000 fsuid=1000 egid=1000 sgid=1000 fsgid=1000 tty=(none) ses=4294967295 comm="BinderProcsColl" exe="/system/bin/app_process64" subj=u:r:system_server:s0 key=(null)
07-10 01:28:43.013  5262  5262 E audit   : type=1327 audit(1688945323.009:70070): proctitle="system_server"
07-10 01:28:43.178  9843 10427 I FuseDaemon: Threshold exceeded - fadvising 67108864
07-10 01:28:43.178  9843 10427 I FuseDaemon: Threshold now 0
07-10 01:28:45.011  5674  7726 D SemWifiUsabilityStatsMonitor: onWifiUsabilityStats - seqNum 21991, isSameBssidAndFreq true
07-10 01:28:45.014  5674  6128 I SemWifiLinkQualityMonitor: Link Qos Query: 0.137 ms / 58.400 Mbps (292 / 0.000 / 5.000)
07-10 01:28:45.014  6461  6461 D NetworkController.WifiSignalController: notifyListener: visible=true, connected=true, inetCondition=1, isDefault=true, wifiTestReported=true, receivedInetCondition=-1, hideDuringMobileSwitching=false
07-10 01:28:46.691  9837 10033 I SemDvfsHyPerManager: acquire hyper - SIOP_ARM_MAX/9837@2, type = 301993986
07-10 01:28:46.693  5313  5394 I HYPER-HAL: [RequestManager.cpp]acquire(): Acquired ID : 48407882  [9837 / 2]    HINT :      list : [CPUMaxFreq / 1976000]
07-10 01:28:48.042  5674  7726 D SemWifiUsabilityStatsMonitor: onWifiUsabilityStats - seqNum 21992, isSameBssidAndFreq true
07-10 01:28:48.048  5674  6128 I SemWifiLinkQualityMonitor: Link Qos Query: 0.046 ms / 175.500 Mbps (351 / 0.000 / 2.000)
07-10 01:28:51.103  5674  7726 D SemWifiUsabilityStatsMonitor: onWifiUsabilityStats - seqNum 21993, isSameBssidAndFreq true
07-10 01:28:51.106  6461  6461 D NetworkController.WifiSignalController: notifyListener: visible=true, connected=true, inetCondition=1, isDefault=true, wifiTestReported=true, receivedInetCondition=-1, hideDuringMobileSwitching=false
07-10 01:28:51.107  5674  6128 I SemWifiLinkQualityMonitor: Link Qos Query: 0.046 ms / 175.500 Mbps (351 / 0.000 / 2.000)
07-10 01:28:53.795  5674  5674 D SemWifiP2pGoPowerSave: GopsReceiver : received : com.samsung.intent.action.CHECK_SIOP_LEVEL
07-10 01:28:53.797  5674  5674 I SemWifiP2pGoPowerSave: siop_level = 0
07-10 01:28:53.803 31802 32077 I SystemBroadcastReceiver: [#CMH#] onReceive completed :  0
07-10 01:28:53.805 31802 31802 I PolicyManager: [#CMH#] onReceive action = EVENT_SIOP
07-10 01:28:54.152  5674  7726 D SemWifiUsabilityStatsMonitor: onWifiUsabilityStats - seqNum 21994, isSameBssidAndFreq true
07-10 01:28:54.155  5674  6128 I SemWifiLinkQualityMonitor: Link Qos Query: 0.023 ms / 351.000 Mbps (351 / 0.000 / 1.000)
07-10 01:28:54.155  6461  6461 D NetworkController.WifiSignalController: notifyListener: visible=true, connected=true, inetCondition=1, isDefault=true, wifiTestReported=true, receivedInetCondition=-1, hideDuringMobileSwitching=false
07-10 01:28:55.813 31802 32118 I PolicyManager: [#CMH#] Is foreground game app: false
07-10 01:28:55.902 31802 32118 I ControllerUtils: [#CMH#] StoryService:  9, isNonJustShotRunningPossible: false, isStopHeavyTask: true
07-10 01:28:55.957 31802 32118 I ControllerUtils: [#CMH#] IPService:  5, isNonJustShotRunningPossible: false, isStopHeavyTask: true
07-10 01:28:56.011 31802 32118 I ControllerUtils: [#CMH#] FaceService:  2, isNonJustShotRunningPossible: false, isStopHeavyTask: true
07-10 01:28:56.719  9837 10033 I SemDvfsHyPerManager: acquire hyper - SIOP_GPU_FREQ_MAX/9837@4, type = 536875010
07-10 01:28:56.723  5313  5394 I HYPER-HAL: [RequestManager.cpp]acquire(): Acquired ID : 48427565  [9837 / 4]    HINT :      list : [GPUMaxFreq / 683000]
07-10 01:28:56.723  9837 10033 I SemDvfsHyPerManager: acquire hyper - SIOP_ARM_MAX/9837@2, type = 301993986
07-10 01:28:56.724  5313  5394 I HYPER-HAL: [RequestManager.cpp]acquire(): Acquired ID : 48407882  [9837 / 2]    HINT :      list : [CPUMaxFreq / 1898000]
07-10 01:28:56.992 31135 32652 I native  : I0000 00:00:1688945336.992051   32652 soda_async_impl.cc:1540] Current audio timestamp: 1688945336620242
07-10 01:28:57.136  5362  5362 I SurfaceFlinger: SFWD update time=135586503872944
07-10 01:28:57.187  5674  7726 D SemWifiUsabilityStatsMonitor: onWifiUsabilityStats - seqNum 21995, isSameBssidAndFreq true
07-10 01:28:57.189  5674  6128 I SemWifiLinkQualityMonitor: Link Qos Query: 0.023 ms / 351.000 Mbps (351 / 0.000 / 1.000)
07-10 01:28:57.189  6461  6461 D NetworkController.WifiSignalController: notifyListener: visible=true, connected=true, inetCondition=1, isDefault=true, wifiTestReported=true, receivedInetCondition=-1, hideDuringMobileSwitching=false
07-10 01:28:58.651 31135 31447 I A       : (REDACTED) #onAudioData: %s bytes, getAudioReadSize %s
07-10 01:29:00.019  6461  7078 D QSClockBellTower: onReceive(android.intent.action.TIME_TICK) mTimeZoneString:null
07-10 01:29:00.072  6461  6461 D KeyguardUpdateMonitor: received broadcast android.intent.action.TIME_TICK
07-10 01:29:00.083  6461  6461 D QSClockBellTower: He is ready to ring the bell. (((QSClockBellSound - TimeText:01:29, TimeContentDescription:01:29, DateText:Mon, 10 July, ShortDateText:Mon, 10 Jul, Demo:false, QuickStar-Second(false|12:34:56))))
07-10 01:29:00.086  6461  6461 D QSClockIndicatorView: Home Indicator status_bar_clock 01:29 notifyTimeChanged(QSClockBellSound - TimeText:01:29, TimeContentDescription:01:29, DateText:Mon, 10 July, ShortDateText:Mon, 10 Jul, Demo:false, QuickStar-Second(false|12:34:56)) ClockVisibleByPolicy:true, ClockVisibleByUser:true, visible?false, parent:android.widget.LinearLayout{503272 V.E...... ........ 0,0-0,55 #7f0b04f0 app:id/left_clock_container}
07-10 01:29:00.086  6461  6461 D QSClockBellTower: Everyone heard the bell. run(currentTime:1688945340079,   getTime():Mon Jul 10 01:29:00 GMT+02:00 2023,   getTimeZone():libcore.util.ZoneInfo[mDstSavings=3600000,mUseDst=true,mDelegate=[id="Europe/Belgrade",mRawOffset=3600000,mEarliestRawOffset=4920000,transitions=119]])
07-10 01:29:00.188  6461  6461 I FaceWidgetPositionAlgorithm: getClockContainerHeight() supplier = 270, bottom margin = 0, real height = 333
07-10 01:29:00.208  6461  6461 I FaceWidgetPositionAlgorithm: getClockContainerHeight() supplier = 270, bottom margin = 63, real height = 333
07-10 01:29:00.208  6461  6461 I FaceWidgetPositionAlgorithm: getMediaContainerHeight() height = 0 container Visibility = 8, isValid = false, mIsDozing = false, fraction = 1.0, source = 0, target = 0
07-10 01:29:00.208  6461  6461 I FaceWidgetPositionAlgorithm: getMediaContainerHeight() supplier = 0
07-10 01:29:00.220  5674  7726 D SemWifiUsabilityStatsMonitor: onWifiUsabilityStats - seqNum 21996, isSameBssidAndFreq true
07-10 01:29:00.224  5674  6128 I SemWifiLinkQualityMonitor: Link Qos Query: 0.082 ms / 97.333 Mbps (292 / 0.000 / 3.000)
07-10 01:29:00.232  6461  6461 V QsExpandAnimator: setQsExpansionPosition 0.0
07-10 01:29:00.268  6461  6461 D KeyguardUpdateMonitor: handleTimeUpdate
07-10 01:29:00.272  6461  6461 D FaceWidgetPagesController: onTimeChanged()
07-10 01:29:00.273  6461  6461 V QsExpandAnimator: updateAnimators
07-10 01:29:00.273  6461  6461 V QsExpandAnimator: clearAnimationState
07-10 01:29:00.274  6461  6461 V QsExpandAnimator: updateViews
07-10 01:29:00.280  6461  6461 V QsExpandAnimator: updateTileAnimator
07-10 01:29:00.284  6461  6461 V QsExpandAnimator: updateHeaderAnimator
07-10 01:29:00.286  6461  6461 V QsExpandAnimator: updateBarAnimator
07-10 01:29:00.287  6461  6461 V QsExpandAnimator: setQsExpansionPosition 0.0
07-10 01:29:00.287  6461  6461 V QsExpandAnimator: onAnimationAtStart
07-10 01:29:00.292  6461  6461 D NetworkController.WifiSignalController: notifyListener: visible=true, connected=true, inetCondition=1, isDefault=true, wifiTestReported=true, receivedInetCondition=-1, hideDuringMobileSwitching=false
07-10 01:29:02.349  5325  5325 E sehhealth-service: Could not open /sys/class/power_supply/battery/lrp
07-10 01:29:03.264  5674  7726 D SemWifiUsabilityStatsMonitor: onWifiUsabilityStats - seqNum 21997, isSameBssidAndFreq true
07-10 01:29:03.270  6461  6461 D NetworkController.WifiSignalController: notifyListener: visible=true, connected=true, inetCondition=1, isDefault=true, wifiTestReported=true, receivedInetCondition=-1, hideDuringMobileSwitching=false
07-10 01:29:03.270  5674  6128 I SemWifiLinkQualityMonitor: Link Qos Query: 0.082 ms / 97.333 Mbps (292 / 0.000 / 3.000)
07-10 01:29:06.292  5674  7726 D SemWifiUsabilityStatsMonitor: onWifiUsabilityStats - seqNum 21998, isSameBssidAndFreq true
07-10 01:29:06.294  5674  6128 I SemWifiLinkQualityMonitor: Link Qos Query: 0.082 ms / 97.333 Mbps (292 / 0.000 / 3.000)
07-10 01:29:07.958  5674  6593 D PackageManager: setEnabledSetting : userId = 0 packageName = com.Slack cmp = androidx.work.impl.background.systemalarm.RescheduleReceiver newState = 1 callingPackage = 10329/com.Slack
07-10 01:29:07.960  5674  6593 D ApplicationPolicy: getApplicationStateEnabled : pkg = com.Slack userId : 0
07-10 01:29:07.962  5674  6593 D ApplicationPolicy: getApplicationComponentState : pkg = com.Slack userId : 0
07-10 01:29:07.982  5674  5745 W libprocessgroup: Failed to open /dev/blkio//cgroup.procs: No such file or directory
07-10 01:29:07.983  5353  6075 V APM_AudioPolicyManager: setAppState(portId:1005, state:1)
07-10 01:29:07.999 25156 25218 D ConnectivityManager: StackLog: [android.net.ConnectivityManager.sendRequestForNetwork(ConnectivityManager.java:4300)] [android.net.ConnectivityManager.registerDefaultNetworkCallbackForUid(ConnectivityManager.java:4864)] [android.net.ConnectivityManager.registerDefaultNetworkCallback(ConnectivityManager.java:4831)] [android.net.ConnectivityManager.registerDefaultNetworkCallback(ConnectivityManager.java:4805)] [androidx.work.impl.utils.NetworkApi24.registerDefaultNetworkCallbackCompat(Unknown Source:11)] [androidx.work.impl.constraints.trackers.NetworkStateTracker24.startTracking(Unknown Source:15)] [androidx.work.impl.constraints.controllers.ConstraintController.replace(Unknown Source:130)] [androidx.work.impl.constraints.WorkConstraintsTrackerImpl.replace(Unknown Source:41)] [androidx.work.impl.background.greedy.GreedyScheduler.schedule(Unknown Source:302)] [androidx.work.impl.Schedulers.schedule(Unknown Source:155)] [androidx.work.impl.utils.EnqueueRunnable.run(Unknown Source:53)] [androidx.work.Worker$2.run$androidx$work$impl$utils$SerialExecutorImpl$Task(Unknown Source:4)] [androidx.work.Worker$2.run(Unknown Source:868)] [java.util.concurrent.ThreadPoolExecutor.runWorker(ThreadPoolExecutor.java:1137)] [java.util.concurrent.ThreadPoolExecutor$Worker.run(ThreadPoolExecutor.java:637)] [java.lang.Thread.run(Thread.java:1012)]
07-10 01:29:08.001  5674  6523 D ConnectivityService: requestNetwork for uid/pid:10329/25156 activeRequest: null callbackRequest: 16735 [NetworkRequest [ REQUEST id=16736, [ Capabilities: INTERNET&NOT_RESTRICTED&TRUSTED&NOT_VCN_MANAGED Uid: 10329 RequestorUid: 10329 RequestorPkg: com.Slack UnderlyingNetworks: Null] ]] callback flags: 0 order: 2147483647
07-10 01:29:08.002  5674  6055 D ConnectivityService:    accepting network in place of null
07-10 01:29:08.007  5674  6045 D WifiNetworkFactory: got request NetworkRequest [ REQUEST id=16736, [ Capabilities: INTERNET&NOT_RESTRICTED&TRUSTED&NOT_VCN_MANAGED Uid: 10329 RequestorUid: 10329 RequestorPkg: com.Slack UnderlyingNetworks: Null] ]
07-10 01:29:08.007  5674  6045 D UntrustedWifiNetworkFactory: got request NetworkRequest [ REQUEST id=16736, [ Capabilities: INTERNET&NOT_RESTRICTED&TRUSTED&NOT_VCN_MANAGED Uid: 10329 RequestorUid: 10329 RequestorPkg: com.Slack UnderlyingNetworks: Null] ]
07-10 01:29:08.010  5674  6045 D OemPaidWifiNetworkFactory: got request NetworkRequest [ REQUEST id=16736, [ Capabilities: INTERNET&NOT_RESTRICTED&TRUSTED&NOT_VCN_MANAGED Uid: 10329 RequestorUid: 10329 RequestorPkg: com.Slack UnderlyingNetworks: Null] ]
07-10 01:29:08.010  5674  6045 D MultiInternetWifiNetworkFactory: got request NetworkRequest [ REQUEST id=16736, [ Capabilities: INTERNET&NOT_RESTRICTED&TRUSTED&NOT_VCN_MANAGED Uid: 10329 RequestorUid: 10329 RequestorPkg: com.Slack UnderlyingNetworks: Null] ]
07-10 01:29:08.015  5674  6055 D ConnectivityService: Rematched networks [computed 1ms] [applied 2ms] [issued 11]
07-10 01:29:08.015  5674  6055 D ConnectivityService: NetworkReassignment :
07-10 01:29:08.015  5674  6055 D ConnectivityService:   16736 : null → 118
07-10 01:29:08.027 25156 25156 D ConnectivityManager: StackLog: [android.net.ConnectivityManager.unregisterNetworkCallback(ConnectivityManager.java:4972)] [androidx.work.impl.utils.NetworkApi21.unregisterNetworkCallbackCompat(Unknown Source:11)] [androidx.work.impl.constraints.trackers.NetworkStateTracker24.stopTracking(Unknown Source:15)] [androidx.work.impl.constraints.trackers.ConstraintTracker.removeListener(Unknown Source:24)] [androidx.work.impl.constraints.controllers.ConstraintController.replace(Unknown Source:81)] [androidx.work.impl.constraints.WorkConstraintsTrackerImpl.replace(Unknown Source:41)] [androidx.work.impl.background.greedy.GreedyScheduler.onExecuted(Unknown Source:55)] [androidx.work.impl.Processor.onExecuted(Unknown Source:59)] [com.bugsnag.android.DeliveryDelegate$1.run(Unknown Source:212)]
07-10 01:29:08.029  5674  6055 D ConnectivityService:  Removing from current network [118 WIFI], leaving 158 requests.
07-10 01:29:08.039  5353  6075 V APM_AudioPolicyManager: setAppState(portId:1005, state:1)
07-10 01:29:08.043  5353  6075 V APM_AudioPolicyManager: setAppState(portId:1005, state:1)
07-10 01:29:09.332  5674  7726 D SemWifiUsabilityStatsMonitor: onWifiUsabilityStats - seqNum 21999, isSameBssidAndFreq true
07-10 01:29:09.337  5674  6128 I SemWifiLinkQualityMonitor: Link Qos Query: 0.064 ms / 125.143 Mbps (292 / 0.000 / 2.333)
