07-10 01:17:08.113  5674  6055 D ConnectivityService: Rematched networks [computed 1ms] [applied 3ms] [issued 24]
07-10 01:17:08.113  5674  6055 D ConnectivityService: NetworkReassignment :
07-10 01:17:08.113  5674  6055 D ConnectivityService:   16670 : null → 118
07-10 01:17:08.127 25156 25156 D ConnectivityManager: StackLog: [android.net.ConnectivityManager.unregisterNetworkCallback(ConnectivityManager.java:4972)] [androidx.work.impl.utils.NetworkApi21.unregisterNetworkCallbackCompat(Unknown Source:11)] [androidx.work.impl.constraints.trackers.NetworkStateTracker24.stopTracking(Unknown Source:15)] [androidx.work.impl.constraints.trackers.ConstraintTracker.removeListener(Unknown Source:24)] [androidx.work.impl.constraints.controllers.ConstraintController.replace(Unknown Source:81)] [androidx.work.impl.constraints.WorkConstraintsTrackerImpl.replace(Unknown Source:41)] [androidx.work.impl.background.greedy.GreedyScheduler.onExecuted(Unknown Source:55)] [androidx.work.impl.Processor.onExecuted(Unknown Source:59)] [com.bugsnag.android.DeliveryDelegate$1.run(Unknown Source:212)]
07-10 01:17:08.130  5674  6055 D ConnectivityService:  Removing from current network [118 WIFI], leaving 155 requests.
07-10 01:17:08.141  5353  6075 V APM_AudioPolicyManager: setAppState(portId:1005, state:1)
07-10 01:17:08.143  5353  6075 V APM_AudioPolicyManager: setAppState(portId:1005, state:1)
07-10 01:17:10.687  5262  5262 E audit   : type=1400 audit(1688944630.685:69975): avc:  denied  { getattr } for  pid=5674 comm="BinderProcsColl" path="/sys/kernel/debug/binder/proc/5674" dev="debugfs" ino=32119 scontext=u:r:system_server:s0 tcontext=u:object_r:sec_debugfs:s0 tclass=file permissive=0 SEPF_SM-A515F_13_0001 audit_filtered
07-10 01:17:10.687  5262  5262 E audit   : type=1300 audit(1688944630.685:69975): arch=c00000b7 syscall=79 success=no exit=-13 a0=ffffff9c a1=7ad2465970 a2=79df9bd680 a3=0 items=0 ppid=5287 pid=5674 auid=4294967295 uid=1000 gid=1000 euid=1000 suid=1000 fsuid=1000 egid=1000 sgid=1000 fsgid=1000 tty=(none) ses=4294967295 comm="BinderProcsColl" exe="/system/bin/app_process64" subj=u:r:system_server:s0 key=(null)
07-10 01:17:10.687  5262  5262 E audit   : type=1327 audit(1688944630.685:69975): proctitle="system_server"
07-10 01:17:10.707  5674  7726 D SemWifiUsabilityStatsMonitor: onWifiUsabilityStats - seqNum 21763, isSameBssidAndFreq true
07-10 01:17:10.711  5674  6128 I SemWifiLinkQualityMonitor: Link Qos Query: 0.082 ms / 97.333 Mbps (292 / 0.000 / 3.000)
07-10 01:17:13.767  5674  7726 D SemWifiUsabilityStatsMonitor: onWifiUsabilityStats - seqNum 21764, isSameBssidAndFreq true
07-10 01:17:13.773  5674  6128 I SemWifiLinkQualityMonitor: Link Qos Query: 0.082 ms / 97.333 Mbps (292 / 0.000 / 3.000)
07-10 01:17:13.774  6461  6461 D NetworkController.WifiSignalController: notifyListener: visible=true, connected=true, inetCondition=1, isDefault=true, wifiTestReported=true, receivedInetCondition=-1, hideDuringMobileSwitching=false
07-10 01:17:14.920  5313  5394 I HYPER-HAL: [RequestManager.cpp]releaseLocked(): Released ID : 48427565
07-10 01:17:15.883  5674 26155 D TrafficStats: tagSocket(874) with statsTag=0xffffffff, statsUid=-1
07-10 01:17:16.088  5674 26155 D WifiConnectivityMonitor.DnsThread:  [|206]
07-10 01:17:16.089  5674  6182 D WifiConnectivityMonitor.NetworkStatsAnalyzer: DNS resultType : 0, responseTime : 206
07-10 01:17:16.089  5674  6164 D OpenNetworkQos[4.00]: updateBssidLatestDnsResultType - result: 0
07-10 01:17:16.089  5674  6164 D OpenNetworkQos[4.00]: updateBssidNoInternet: mBssidNoInternet = false
07-10 01:17:16.089  5674  6164 D OpenNetworkQos[4.00]: getOpenNetworkQosNoInternetStatus: false
07-10 01:17:16.089  5674  6164 D OpenNetworkQos[4.00]: getOpenNetworkQosScores: 26 26 26
07-10 01:17:16.090  5674  6164 I WifiProfileShare: network QoS data was changed (internet), updateQoSData networkType: true, qosData: false
07-10 01:17:16.090  5674  7451 V WifiProfileShare.Caster: update wips network, size: 0
07-10 01:17:16.091  5674  7451 D WifiProfileShare: nearby scanning settings run
07-10 01:17:16.091  5674  7451 D WifiProfileShare: network score provider settings enabled
07-10 01:17:16.091  5674  7451 D OpenNetworkQos[4.00]: getOpenNetworkQosScores: 26 26 26
07-10 01:17:16.091  5674  7451 D OpenNetworkQos[4.00]: getOpenNetworkQosNoInternetStatus: false
07-10 01:17:16.091  5674  7451 I WifiProfileShare.Caster: current network type: 0, score: [26, 26, 26]
07-10 01:17:16.092  5674  7451 V WifiProfileShare.Cache: update network score 00:e4:06:**:**:90
07-10 01:17:16.092  5674  7451 D WifiProfileShare.ScanMatcher: getMcfDataList size:2
07-10 01:17:16.093  5674  7451 I WifiProfileShare.Caster: qos data was updated , before:type:QOS, pBssid:51:2e:90, qosData:7c after:type:QOS, pBssid:51:2e:90, qosData:7c
07-10 01:17:16.094  5674  7451 I [MCFSDK_android_1.2.4010]_4_b: isNetworkEnabled - type : 1 ret : true
07-10 01:17:16.095  5674  7451 D WifiProfileShare.McfCast: -ME--- mIsNetworkEnabled :true
07-10 01:17:16.095  5674  7451 D WifiProfileShare.McfCast: updateQoSData ignored, same contents
07-10 01:17:16.095  5674  7451 D WifiProfileShare.MCF: success update QosData !
07-10 01:17:16.095  5674  7451 I [MCFSDK_android_1.2.4010]_4_b: isNetworkEnabled - type : 1 ret : true
07-10 01:17:16.096  5674  7451 D WifiProfileShare.McfCast: -ME--- mIsNetworkEnabled :true
07-10 01:17:16.096  5674  7451 D WifiProfileShare.McfCast: -ME--- updatePasswordDate pwdData size:2
07-10 01:17:16.826  5674  7726 D SemWifiUsabilityStatsMonitor: onWifiUsabilityStats - seqNum 21765, isSameBssidAndFreq true
07-10 01:17:16.829  6461  6461 D NetworkController.WifiSignalController: notifyListener: visible=true, connected=true, inetCondition=1, isDefault=true, wifiTestReported=true, receivedInetCondition=-1, hideDuringMobileSwitching=false
07-10 01:17:16.830  5674  6128 I SemWifiLinkQualityMonitor: Link Qos Query: 0.023 ms / 351.000 Mbps (351 / 0.000 / 1.000)
07-10 01:17:19.874  5674  7726 D SemWifiUsabilityStatsMonitor: onWifiUsabilityStats - seqNum 21766, isSameBssidAndFreq true
07-10 01:17:19.876  5674  6128 I SemWifiLinkQualityMonitor: Link Qos Query: 0.023 ms / 351.000 Mbps (351 / 0.000 / 1.000)
07-10 01:17:19.877  6461  6461 D NetworkController.WifiSignalController: notifyListener: visible=true, connected=true, inetCondition=1, isDefault=true, wifiTestReported=true, receivedInetCondition=-1, hideDuringMobileSwitching=false
07-10 01:17:22.906  5674  7726 D SemWifiUsabilityStatsMonitor: onWifiUsabilityStats - seqNum 21767, isSameBssidAndFreq true
07-10 01:17:22.910  5674  6128 I SemWifiLinkQualityMonitor: Link Qos Query: 0.023 ms / 351.000 Mbps (351 / 0.000 / 1.000)
07-10 01:17:23.671  5306  5327 I SensorsHub: context 6 0 5 1,1,55,0,1,3, 146140497790655
07-10 01:17:23.679  5674  5859 D SensorHubManager: onGetSensorHubDataLocked: library(6) = 1, 1, 55, 0, 1, 3
07-10 01:17:23.693  5674  5860 D CAE     : onGetSensorHubData(SensorHubParserProvider.java:89) - onGetSensorHubData Event [event buffer len :6], AP_WAKEUP
07-10 01:17:23.694  5674  5860 I CAE     : parse(SensorHubParserProvider.java:190) - buffer size = 6
07-10 01:17:23.695  5674  5860 I CAE     : parse(SensorHubParserProvider.java:201) - 1, 1, 55, 0, 1, 3,
07-10 01:17:23.699  5674  5860 I CAE     : parse(SLocationRunner.java:88) - SLocationRunner parse start : 3
07-10 01:17:23.700  5674  5860 D CAE     : display(ContextProvider.java:375) - ================= SLOCATION_RUNNER =================
07-10 01:17:23.700  5674  5860 I CAE     : display(ContextProvider.java:391) - ExtraDataArray=[1, 1, 55, 0, 1, 3]
07-10 01:17:23.701  5674  5860 I CAE     : parse(SLocationRunner.java:96) - SLocationRunner parse end:6
07-10 01:17:23.706  5674  5857 D SemContextService: Service.updateContext() : service = SLocation Core
07-10 01:17:23.708  5674  5674 D SemContextManager: onSemContextChanged() : event = SLocation Core
07-10 01:17:23.711  5674  5674 D SLocation: SLocationCoreSem - SemContextChanged type = 47, packet received
07-10 01:17:23.712  5674  6793 I SLocation: SemContextParser -  parse start : 3
07-10 01:17:23.712  5674  6793 I SLocation: SemContextParser -  packet Length : 1packet total size : 6
07-10 01:17:23.714  5674  6793 I SLocation: SemContextParser - packet : [3]
07-10 01:17:23.715  5674  6793 D SLocation: GeofenceCoreManager - received Extra Data from core, len : 1
07-10 01:17:23.718  5674  6793 D SLocation: CommonCoreManager - received Extra Data from core, len : 1
07-10 01:17:23.718  5674  6793 D SLocation: PositionManager - last location time exceed threshold 322796 / 30000
07-10 01:17:23.718  5674  6793 D SLocation: GeopointGeofenceManager - getLastLocation is abnromal!
07-10 01:17:23.719  5674  6793 D SLocation: LocationProviderStatus - try to update provider status (GPS/NLP)
07-10 01:17:23.720  5674  6793 D SLocation: LocationProviderStatus - set isGpsOn : true, isNlpOn : true
07-10 01:17:23.720  5674  6793 D SLocation: LocationProviderStatus - gps & nlp status not changed
07-10 01:17:23.720  5674  6793 D SLocation: SContentManager - IsNetworkAvailable = true
07-10 01:17:23.721  5674  6793 D SLocation: PositionManager - requestLocationUpdates(1) : NETWORK_PROVIDER
07-10 01:17:23.721  5674  6793 D SLocation: NLPManager - requestUpdate - NLP
07-10 01:17:23.739  5674  6793 D LocationManagerService: network provider added registration from 1000/android[SLocationService]/4FF31C5B -> Request[@0 BALANCED, WorkSource{1000 android}]
07-10 01:17:23.797  7284  7370 I RequestManager_FLP: request from system, change packageName from system to system(slocation)
07-10 01:17:23.798  7284  7370 E RequestManager_FLP: [LocationManager] Location request 4FF31C5B(Listener) network interval=0ms (min=0ms) from system(slocation) (1000_FINE_unknown_false_foreground)
07-10 01:17:23.835 16924 17836 W SystemServiceRegistry: No service published for: wifirtt
07-10 01:17:23.889  6877  7137 I PhoneStateTracker<1>: onCellInfoChanged: xxxxx
07-10 01:17:23.896  6877  7137 I ImsCallSessionManager: onCellInfoChanged, phoneId: 1
07-10 01:17:23.896 22079 22079 I wpa_supplicant: nl80211: Drv Event 33 (NL80211_CMD_TRIGGER_SCAN) received for wlan0
07-10 01:17:23.897  6877  7137 I RegiMgr-Handler: handleMessage: EVENT_CELL_INFO_CHANGED
07-10 01:17:23.898 22079 22079 I wpa_supplicant: wlan0: nl80211: Scan trigger
07-10 01:17:23.905  6877  7137 I RegiMgr<1>: updatePani RegisterTask[1][mProfile=Telenor Serbia IMS, mRegistrationRat=13, mPdnType=11, mState=REGISTERED, mObject=UserAgent - :
07-10 01:17:23.905  6877  7137 I RegiMgr<1>:  total records=842
07-10 01:17:23.905  6877  7137 I RegiMgr<1>:  rec[0]: time=07-10 00:50:00.625 processed=ReadyState org=RegisteredState dest=<null> what=34(0x22)
07-10 01:17:23.905  6877  7137 I RegiMgr<1>:  rec[1]: time=07-10 00:50:00.627 processed=RegisteredState org=RegisteredState dest=<null> what=2000(0x7d0)
07-10 01:17:23.905  6877  7137 I RegiMgr<1>:  rec[2]: time=07-10 00:55:26.797 processed=ReadyState org=RegisteredState dest=<null> what=34(0x22)
07-10 01:17:23.905  6877  7137 I RegiMgr<1>:  rec[3]: time=07-10 00:55:26.799 processed=RegisteredState org=RegisteredState dest=<null> what=2000(0x7d0)
07-10 01:17:23.905  6877  7137 I RegiMgr<1>:  rec[4]: time=07-10 00:55:29.927 processed=ReadyState org=RegisteredState dest=<null> what=34(0x22)
07-10 01:17:23.905  6877  7137 I RegiMgr<1>:  rec[5]: time=07-10 00:55:29.928 processed=RegisteredState org=RegisteredState dest=<null> what=2000(0x7d0)
07-10 01:17:23.905  6877  7137 I RegiMgr<1>:  rec[6]: time=07-10 01:00:56.196 processed=ReadyState org=RegisteredState dest=<null> what=34(0x22)
07-10 01:17:23.905  6877  7137 I RegiMgr<1>:  rec[7]: time=07-10 01:00:56.213 processed=RegisteredState org=RegisteredState dest=<null> what=2000(0x7d0)
07-10 01:17:23.905  6877  7137 I RegiMgr<1>:  rec[8]: time=07-10 01:00:59.244 processed=ReadyState org=RegisteredState dest=<null> what=34(0x22)
07-10 01:17:23.905  6877  7137 I RegiMgr<1>:  rec[9]: time=07-10 01:00:59.245 processed=RegisteredState org=RegisteredState dest=<null> what=2000(0x7d0)
07-10 01:17:23.905  6877  7137 I RegiMgr<1>:  rec[10]: time=07-10 01:04:36.984 processed=ReadyState org=RegisteredState dest=<null> what=34(0x22)
07-10 01:17:23.905  6877  7137 I RegiMgr<1>:  rec[11]: time=07-10 01:04:36.998 processed=RegisteredState org=RegisteredState dest=<null> what=2000(0x7d0)
07-10 01:17:23.905  6877  7137 I RegiMgr<1>:  rec[12]: time=07-10 01:06:25.436 processed=ReadyState org=RegisteredState dest=<null> what=34(0x22)
07-10 01:17:23.905  6877  7137 I RegiMgr<1>:  rec[13]: time=07-10 01:06:25.437 processed=RegisteredState org=RegisteredState dest=<null> what=2000(0x7d0)
07-10 01:17:23.905  6877  7137 I RegiMgr<1>:  rec[14]: time=07-10 01:06:28.521 processed=ReadyState org=RegisteredState dest=<null> what=34(0x22)
07-10 01:17:23.905  6877  7137 I RegiMgr<1>:  rec[15]: time=07-10 01:06:28.522 processed=RegisteredState org=RegisteredState dest=<null> what=2000(0x7d0)
07-10 01:17:23.905  6877  7137 I RegiMgr<1>:  rec[16]: time=07-10 01:11:54.913 processed=ReadyState org=RegisteredState dest=<null> what=34(0x22)
07-10 01:17:23.905  6877  7137 I RegiMgr<1>:  rec[17]: time=07-10 01:11:54.933 processed=RegisteredState org=RegisteredState dest=<null> what=2000(0x7d0)
07-10 01:17:23.905  6877  7137 I RegiMgr<1>:  rec[18]: time=07-10 01:11:57.896 processed=ReadyState org=RegisteredState dest=<null> what=34(0x22)
07-10 01:17:23.905  6877  7137 I RegiMgr<1>:  rec[19]: time=07-10 01:11:57.898 processed=RegisteredState org=RegisteredState dest=<null> what=2000(0x7d0)
07-10 01:17:23.905  6877  7137 I RegiMgr<1>: curState=RegisteredState
07-10 01:17:23.905  6877  7137 I RegiMgr<1>: , mReason=, mPcscfHostname=null, mDeregiReason=41]
07-10 01:17:23.910  6877  7137 I PaniGenerator<1>: generate: subId=2, network=13
07-10 01:17:23.911  6877  7137 I PaniGenerator<1>: generate: network=13, fallbackPlmn=22001
07-10 01:17:23.912  6877  7137 I PdnController<1>: getAllCellInfo mNeedCellLocationUpdate : false
07-10 01:17:23.912  6877  7137 I PaniGenerator: generate: change to NW PLMN(22001)
07-10 01:17:23.913  6877  7137 I PaniGenerator: setLkcForLastPani: No Last PANI header for Telenor Serbia IMS
07-10 01:17:23.914  6877  7137 I UserAgent<1>: updatePani: pani=3GPP-E-UTRAN-FDD;utran-cell-id-3gpp=220012b73017a51f, updatePani: lastPani=
07-10 01:17:23.917  6877  7320 I StackIF : updatePani: 15 pani: [3GPP-E-UTRAN-FDD;utran-cell-id-3gpp=220012b73017a51f]
07-10 01:17:23.917  6877  7137 I RegiMgr<1>: tryRegister:
07-10 01:17:23.919  6877  7137 I RegiMgr<0>: RegisterTask(s): Megafon VoLTE (IDLE)
07-10 01:17:23.920  6877  7137 I RegiMgr<1>: RegisterTask(s): Telenor Serbia IMS (REGISTERED, rat = 13, service = [mmtel-video, smsip, mmtel]), Global GC RCS (IDLE)
07-10 01:17:23.920  6877  7137 I RcsPolicyMgr<1>: pendingRcsRegister: mActiveDataPhoneId = 1
07-10 01:17:23.920  6877  7137 I RcsPolicyMgr<1>: pendingRcsRegister: mActiveDataPhoneId = 1
07-10 01:17:23.920  6877  7137 I RegisterTask: isSuspended: mSuspended(false) mSuspendByIrat(false)
07-10 01:17:23.921  6877  7137 I RegiMgr<1>: [Global GC RCS|IDLE] checkForTryRegister id: 1003
07-10 01:17:23.921  6877  7137 I RegiMgr : isPdnConnected: false, PdnType: 1
07-10 01:17:23.921  6877  7320 I SECIMSJ : [1527]> 140
07-10 01:17:23.925  6877  7137 I PdnController: getDefaultNetworkBearer:  WIFI
07-10 01:17:23.928  6877  7137 I PdnController: isWifiConnected: [type: WIFI[], state: CONNECTED/CONNECTED, reason: (unspecified), extra: , failover: false, available: true, roaming: false]
07-10 01:17:23.928  6877  7137 I RegiMgr-Utils<1>: findBestNetwork: WIFI needWifiNetwork = true
07-10 01:17:23.929  6877  7137 I RegiGvnBase<1>: isReadyToDualRegister : true
07-10 01:17:23.936  6877  7137 I RegiMgr<1>: [Global GC RCS|IDLE] checkInitialRegistrationIsReady: APM ON [false], Roamimg [false]
07-10 01:17:23.937  6877  7137 I RcsPolicyMgr<1>: pendingRcsRegister: mActiveDataPhoneId = 1
07-10 01:17:23.937  6877  7137 I ImsProfile: isRttSupportByCallApp : false ttyType : 1
07-10 01:17:23.937  6877  7137 I RegiMgr-Utils<1>: getPriorityRegiedTask : isPriority  High? true
07-10 01:17:23.938  6877  7330 I [IMS6.0]: IMS_onResponse()
07-10 01:17:23.941  6877  7137 I RegiGvnBase: checkRegiStatus: getState()=IDLE mIsUpdateRegistering=false
07-10 01:17:23.941  6877  7137 I RegiMgr<1>: getTelephonyCallStatus:
07-10 01:17:23.945  6877  7137 I ConfigProvider: query uri:xxxxx
07-10 01:17:23.946  6877  7330 I StackIF : processMessage 2
07-10 01:17:23.946  6877  7330 I StackIF : Processing Response
07-10 01:17:23.947  6877  7330 I SECIMSJ : [1527]< 600
07-10 01:17:23.948  6877  7330 I StackIF : processResponse: reqId 600
07-10 01:17:23.948  6877  7330 I StackIF : processResponse: handle 15 result 0 reason 0
07-10 01:17:23.957  6877  7137 I ConfigProvider: queryStorage path content://com.samsung.rcs.autoconfigurationprovider/parameter/version#simslot1
07-10 01:17:23.969  6877  7137 E GlobalSettingsRepoBase: globalgcsettings No matched key : dual_rcs_policy
07-10 01:17:23.972  6877  7137 I ImsServiceSwitchEur[1]:  isRcsEnabled: true mDefaultSms true mUpsmEnabled false mEmergencyEnabled false
07-10 01:17:23.976  6877  7137 I ConfigTrigger<1>: isWaitAutoConfig:
07-10 01:17:23.976  6877  7137 E GlobalSettingsRepoBase: globalgcsettings No matched key : dual_rcs_policy
07-10 01:17:23.978  6877  7137 I ImsServiceSwitchEur[1]:  isRcsEnabled: true mDefaultSms true mUpsmEnabled false mEmergencyEnabled false
07-10 01:17:23.978  6877  7137 I RegiMgr-Utils: selectPdnType: rat=18pdn=1
07-10 01:17:23.979  6877  7137 I RegiMgr<1>: getServiceForNetwork: network 18
07-10 01:17:23.979  6877  7137 I RegiMgr<1>: getServiceForNetwork: service {options, chatbot-communication, ft_http, im, euc, gls}
07-10 01:17:23.987  6877  7137 I ConfigTrigger<1>: isValidAcsVersion:
07-10 01:17:23.987  6877  7137 E GlobalSettingsRepoBase: globalgcsettings No matched key : dual_rcs_policy
07-10 01:17:23.989  6877  7137 I ConfigProvider: query uri:xxxxx
07-10 01:17:23.994  6877  7137 I ConfigProvider: queryStorage path content://com.samsung.rcs.autoconfigurationprovider/parameter/version#simslot1
07-10 01:17:23.997  5674  5694 D SecContentProvider2: query(), uri = 18 selection = isRCSEnabled
07-10 01:17:24.008  5674  5694 I PhoneRestrictionPolicy: isRCSEnabledInternal(), showMsg: false, columnName: enableRCS
07-10 01:17:24.009  5674  5694 E PhoneRestrictionPolicy: getEmergencyCall >>false
07-10 01:17:24.011  5674  5694 I PhoneRestrictionPolicy: isRCSEnabledInternal(), showMsg: false, columnName: enableRCSForSimSlot1
07-10 01:17:24.011  5674  5694 E PhoneRestrictionPolicy: getEmergencyCall >>false
07-10 01:17:24.012  6877  7137 I ConfigTrigger<1>: RCS switch: true, version: 0, isRcsAcsCompleted: true
07-10 01:17:24.012  6877  7137 I ConfigTrigger<1>: version is improper : 0
07-10 01:17:24.014  6877  7137 I RegiGvnBase: isVideoCallEnabled: Enable
07-10 01:17:24.014  6877  7137 I RegiMgr<1>: getServiceForNetwork: filtered service []
07-10 01:17:24.014  6877  7137 I RegiMgr<1>: Global GC RCS: no ims service for current rat18
07-10 01:17:24.016  6877  7137 I PdnController: slot[1]: stopPdnConnectivity: network 1, callback is null
07-10 01:17:24.016  6877  7137 E PdnController<1>: requestStopNetwork: callback not found
07-10 01:17:24.017  6877  7137 E #IMSCR  : 07-10 01:17:24 0x1101000B:1,FILTERED ALL:1
07-10 01:17:24.017  6877  7137 I PdnController: handleMessage: what 107
07-10 01:17:24.017  6877  7137 I PdnController: slot[1]: requestStopNetwork: network 1, callback is null
07-10 01:17:25.943  5674  7726 D SemWifiUsabilityStatsMonitor: onWifiUsabilityStats - seqNum 21768, isSameBssidAndFreq true
07-10 01:17:25.948  5674  6128 I SemWifiLinkQualityMonitor: Link Qos Query: 0.023 ms / 351.000 Mbps (351 / 0.000 / 1.000)
07-10 01:17:26.973  5674  5694 D WifiNl80211Manager: Scan result ready event
07-10 01:17:26.976  5674  5694 D WifiNative: Scan result ready event
07-10 01:17:26.980 22079 22079 I wpa_supplicant: nl80211: Drv Event 34 (NL80211_CMD_NEW_SCAN_RESULTS) received for wlan0
07-10 01:17:26.980  6576 22194 D IpClient/wlan0: interfaceLinkStateChanged: ifindex 11 up
07-10 01:17:26.981 22079 22079 I wpa_supplicant: wlan0: nl80211: New scan results available
07-10 01:17:26.983 22079 22079 I wpa_supplicant: nl80211: Scan probed for SSID ''
07-10 01:17:26.986 22079 22079 I wpa_supplicant: nl80211: Scan included frequencies: 2412 2417 2422 2427 2432 2437 2442 2447 2452 2457 2462 2467 2472 5180 5200 5220 5240 5260 5280 5300 5320 5745 5765 5785 5805 5825
07-10 01:17:26.988 31135 32652 I native  : I0000 00:00:1688944646.988287   32652 soda_async_impl.cc:1540] Current audio timestamp: 1688944646620242
07-10 01:17:27.027  5674  6115 D SemWifiScanPool: remove old scan results, size:2
07-10 01:17:27.030  5674  6115 D SemWifiScanPool: countryCode: RS, count: 9, totalSamples: 13, rate: 69.23077%
07-10 01:17:27.030  5674  6115 V SemWifiScanPool: updateScanResult, full scan:18 configKeys: 14 pool_bssid:27 pool_configKeys:20
07-10 01:17:27.031  5674  6115 D WifiConnectivityMonitor: onScanResultUpdated
07-10 01:17:27.032  5674  6115 D WifiConnectivityMonitor: mMaxScannedCountryCode : RS
07-10 01:17:27.113  5674  9956 V LocationManagerService: network provider registration 10234/com.google.android.as/403464A0 dropped delivery - too close
07-10 01:17:27.114  5674  9956 V LocationManagerService: passive provider registration 1000/android[SensorNotificationService]/3DC7BFCB dropped delivery - too close
07-10 01:17:27.115  5674  9956 V LocationManagerService: passive provider registration 5023/com.samsung.android.networkdiagnostic/4FDF9C6D dropped delivery - too close
07-10 01:17:27.115  5674  6793 D SLocation: PositionManager - ActiveonLocationChanged network 1688944646966
07-10 01:17:27.116  5674  6793 D SLocation: ARDistanceBigData - BIGDATA ARD - receive location
07-10 01:17:27.117  5674  6793 D SLocation: ARDistanceBigData - BIGDATA ARD - end log 72, 146143950___BIGDATA ARD - end log 73, 146143950___BIGDATA ARD - end log 74, 146143950___BIGDATA ARD - end log 75, 146143950___BIGDATA ARD - end log 76, 146143950___BIGDATA ARD - end log 77, 146143950___BIGDATA ARD - end log 78, 146143950___BIGDATA ARD - end log 79, 146143950___BIGDATA ARD - end log 80, 146143950___BIGDATA ARD - end log 81, 146143950___BIGDATA ARD - end log 82, 146143950___
07-10 01:17:27.117  5674  6793 D SLocation: ARDistanceBigData - BIGDATA ARD - unique id 83
07-10 01:17:27.117  5674  6793 D SLocation: GeopointGeofenceManager - Location reported : fix method = 2 / 15.82
07-10 01:17:27.118  5674  6793 D SLocation: NLPManager - removeUpdates - NLP
07-10 01:17:27.119  5674  6793 D LocationManagerService: network provider removed registration from 1000/android[SLocationService]/4FF31C5B
07-10 01:17:27.119  5674  6793 W Settings: Setting airplane_mode_on has moved from android.provider.Settings.System to android.provider.Settings.Global, returning read-only value.
07-10 01:17:27.123  7284  7370 I NlpMonitor_FLP: monitorNlp, package=system(slocation)/ interval=0
07-10 01:17:27.123  7284  7370 E RequestManager_FLP: [LocationManager] Location remove 4FF31C5B from system
07-10 01:17:27.124  7284  7370 I LocationRequestData_FLP: Remove in requestInfoList, 4FF31C5B / ListSize[network]=1
07-10 01:17:27.127  5674  6793 D SLocation: SLocationCoreSem - send to coreSem, packet length : 23 / [2, 26, 183, 29, 192, 12, 49, 248, 241, 0, 0, 0, 15, 2, 0, 0, 1, 137, 60, 242, 27, 54, 0]
07-10 01:17:27.128  5674  6793 D SemContextLocationCoreAttribute: setAttribute() mode : 0 action : 23
07-10 01:17:27.129  5674  6793 D SemContextService: lock : changeParameters
07-10 01:17:27.129  5674  6793 D SemContext.CaeProvider.LocationCoreImpl: setAttribute() mode : 0 action : 23
07-10 01:17:27.133  5674  6793 W CAE     : setCAProperty(ContextAwareService.java:513) - [setProperty 01] Mutex is locked for SLOCATION_RUNNER
07-10 01:17:27.134  5674  6793 I CAE     : setPropertyValue(SLocationRunner.java:116) - SLocationRunner setProperty header : 2, len : 23
07-10 01:17:27.134  5674  6793 I CAE     : sendCmdToSensorHub(SensorHubCommManager.java:156) - -63, 23, 55, 2, 26, -73, 29, -64, 12, 49, -8, -15, 0, 0, 0, 15, 2, 0, 0, 1, -119, 60, -14, 27, 54, 0,
07-10 01:17:27.137  5674  5862 D SensorService: setSContextDataLocked ints length 8 , byte length 26
07-10 01:17:27.138  5674  5862 D SensorService: setSContextDataLocked 23717c1
07-10 01:17:27.143  5306  5306 I SensorsHub: SContextSensor::injecet_sensor_data
07-10 01:17:27.144  5306  5306 D SensorsHub: c1 17 37 02 1a b7 1d c0 0c 31 f8 f1 00 00 00 0f
07-10 01:17:27.144  5306  5306 D SensorsHub: 02 00 00 01 89 3c f2 1b 36 00
07-10 01:17:27.144  5306  5306 D SensorsHub: inject_scontext_data: New ssp_data_injection_fd(28)
07-10 01:17:27.144  5306  5306 D SensorsHub: SContext Data Injection return 26
07-10 01:17:27.144  5306  5327 I SensorsHub: context 10 0 9 1,1,55,0,5,2,2,0,0,0, 146143977879845
07-10 01:17:27.145  5674  6793 W CAE     : setCAProperty(ContextAwareService.java:519) - [setProperty 02] Mutex is unlocked for SLOCATION_RUNNER
07-10 01:17:27.145  5674  6793 D SemContextService: unlock : changeParameters
07-10 01:17:27.145  5674  6793 D SemContextManager:   .changeParameters : listener = com.samsung.android.location.semcontext.a@459a70d, service=SLocation Core
07-10 01:17:27.145  5674  6793 D SLocation: ARDistanceLibManager - request distance diff to AR Distance Library
07-10 01:17:27.145  5674  6793 D SLocation: SLocationCoreSem - send to coreSem, packet length : 1 / [34]
07-10 01:17:27.146  5674  6793 D SemContextLocationCoreAttribute: setAttribute() mode : 0 action : 23
07-10 01:17:27.146  5674  6793 D SemContextService: lock : changeParameters
07-10 01:17:27.146  5674  6793 D SemContext.CaeProvider.LocationCoreImpl: setAttribute() mode : 0 action : 23
07-10 01:17:27.146  5674  6793 W CAE     : setCAProperty(ContextAwareService.java:513) - [setProperty 01] Mutex is locked for SLOCATION_RUNNER
07-10 01:17:27.146  5674  6793 I CAE     : setPropertyValue(SLocationRunner.java:116) - SLocationRunner setProperty header : 34, len : 1
07-10 01:17:27.146  5674  6793 I CAE     : sendCmdToSensorHub(SensorHubCommManager.java:156) - -63, 23, 55, 34,
07-10 01:17:27.147  5674  5862 D SensorService: setSContextDataLocked ints length 2 , byte length 4
07-10 01:17:27.147  5674  5862 D SensorService: setSContextDataLocked 223717c1
07-10 01:17:27.147  5674  5859 D SensorHubManager: onGetSensorHubDataLocked: library(10) = 1, 1, 55, 0, 5, 2, 2, 0, 0, 0
07-10 01:17:27.148  5674  5860 D CAE     : onGetSensorHubData(SensorHubParserProvider.java:89) - onGetSensorHubData Event [event buffer len :10], AP_WAKEUP
07-10 01:17:27.148  5674  5860 I CAE     : parse(SensorHubParserProvider.java:190) - buffer size = 10
07-10 01:17:27.148  5674  5860 I CAE     : parse(SensorHubParserProvider.java:201) - 1, 1, 55, 0, 5, 2, 2, 0, 0, 0,
07-10 01:17:27.148  5674  5860 I CAE     : parse(SLocationRunner.java:88) - SLocationRunner parse start : 3
07-10 01:17:27.148  5674  5860 D CAE     : display(ContextProvider.java:375) - ================= SLOCATION_RUNNER =================
07-10 01:17:27.148  5674  5860 I CAE     : display(ContextProvider.java:391) - ExtraDataArray=[1, 1, 55, 0, 5, 2, 2, 0, 0, 0]
07-10 01:17:27.148  5674  5860 I CAE     : parse(SLocationRunner.java:96) - SLocationRunner parse end:10
07-10 01:17:27.148  5306  5306 I SensorsHub: SContextSensor::injecet_sensor_data
07-10 01:17:27.148  5306  5306 D SensorsHub: c1 17 37 22
07-10 01:17:27.149 16924 17836 W SystemServiceRegistry: No service published for: wifirtt
07-10 01:17:27.149  5306  5306 D SensorsHub: inject_scontext_data: New ssp_data_injection_fd(28)
07-10 01:17:27.149  5306  5306 D SensorsHub: SContext Data Injection return 4
07-10 01:17:27.149  5306  5327 I SensorsHub: context 38 0 37 1,1,55,0,33,33,0,0,0,0,23,112,73,106,186,2,38,0,26,183,29,32,12,50,3,0,0,0,0,37,4,253,91,232,0,0,5,63, 146143982351076
07-10 01:17:27.150  5306  5327 I SensorsHub: context 10 0 9 1,1,55,0,5,2,34,0,0,0, 146143982372460
07-10 01:17:27.150  5674  5857 D SemContextService: Service.updateContext() : service = SLocation Core
07-10 01:17:27.151  5674  5859 D SensorHubManager: onGetSensorHubDataLocked: library(38) = 1, 1, 55, 0, 33, 33, 0, 0, 0, 0, 23, 112, 73, 106, -70, 2, 38, 0, 26, -73, 29, 32, 12, 50, 3, 0, 0, 0, 0, 37, 4, -3, 91, -24, 0, 0, 5, 63
07-10 01:17:27.151  5674  5859 D SensorHubManager: onGetSensorHubDataLocked: library(10) = 1, 1, 55, 0, 5, 2, 34, 0, 0, 0
07-10 01:17:27.151  5674  5674 D SemContextManager: onSemContextChanged() : event = SLocation Core
07-10 01:17:27.151  5674  5674 D SLocation: SLocationCoreSem - SemContextChanged type = 47, packet received
07-10 01:17:27.151  5674  6793 W CAE     : setCAProperty(ContextAwareService.java:519) - [setProperty 02] Mutex is unlocked for SLOCATION_RUNNER
07-10 01:17:27.151  5674  6793 D SemContextService: unlock : changeParameters
07-10 01:17:27.151  5674  6793 D SemContextManager:   .changeParameters : listener = com.samsung.android.location.semcontext.a@459a70d, service=SLocation Core
07-10 01:17:27.152  5674  5860 D CAE     : onGetSensorHubData(SensorHubParserProvider.java:89) - onGetSensorHubData Event [event buffer len :38], AP_WAKEUP
07-10 01:17:27.152  5674  5860 I CAE     : parse(SensorHubParserProvider.java:190) - buffer size = 38
07-10 01:17:27.152  5674  5860 I CAE     : parse(SensorHubParserProvider.java:201) - 1, 1, 55, 0, 33, 33, 0, 0, 0, 0, 23, 112, 73, 106, -70, 2, 38, 0, 26, -73, 29, 32, 12, 50, 3, 0, 0, 0, 0, 37, 4, -3, 91, -24, 0, 0, 5, 63,
07-10 01:17:27.152  5674  5860 I CAE     : parse(SLocationRunner.java:88) - SLocationRunner parse start : 3
07-10 01:17:27.152  5674  5860 D CAE     : display(ContextProvider.java:375) - ================= SLOCATION_RUNNER =================
07-10 01:17:27.152  5674  6793 D SLocation: LocationProcessingAlgorithm - entry condition - dist : 4654.572 padding : 0.0, accuracy : 15.82, provider : network, dir : 2
07-10 01:17:27.152  5674  5860 I CAE     : display(ContextProvider.java:391) - ExtraDataArray=[1, 1, 55, 0, 33, 33, 0, 0, 0, 0, 23, 112, 73, 106, -70, 2, 38, 0, 26, -73, 29, 32, 12, 50, 3, 0, 0, 0, 0, 37, 4, -3, 91, -24, 0, 0, 5, 63]
07-10 01:17:27.153  5674  5860 I CAE     : parse(SLocationRunner.java:96) - SLocationRunner parse end:38
07-10 01:17:27.153  5674  6793 D SLocation: LocationProcessingAlgorithm - entry condition - dist : 3807521.0 padding : 0.0, accuracy : 15.82, provider : network, dir : 2
07-10 01:17:27.153  5674  6793 D SLocation: LocationProcessingAlgorithm - entry condition - dist : 90752.086 padding : 0.0, accuracy : 15.82, provider : network, dir : 2
07-10 01:17:27.153  5674  5860 D CAE     : onGetSensorHubData(SensorHubParserProvider.java:89) - onGetSensorHubData Event [event buffer len :10], AP_WAKEUP
07-10 01:17:27.153  5674  6793 D SLocation: LocationProcessingAlgorithm - entry condition - dist : 3807944.8 padding : 0.0, accuracy : 15.82, provider : network, dir : 2
07-10 01:17:27.153  5674  5860 I CAE     : parse(SensorHubParserProvider.java:190) - buffer size = 10
07-10 01:17:27.153  5674  6793 D SLocation: LocationProcessingAlgorithm - entry condition - dist : 684.63385 padding : 0.0, accuracy : 15.82, provider : network, dir : 2
07-10 01:17:27.153  5674  5860 I CAE     : parse(SensorHubParserProvider.java:201) - 1, 1, 55, 0, 5, 2, 34, 0, 0, 0,
07-10 01:17:27.153  5674  6793 D SLocation: LocationProcessingAlgorithm - entry condition - dist : 1917397.1 padding : 0.0, accuracy : 15.82, provider : network, dir : 2
07-10 01:17:27.153  5674  5860 I CAE     : parse(SLocationRunner.java:88) - SLocationRunner parse start : 3
07-10 01:17:27.153  5674  6793 D SLocation: LocationProcessingAlgorithm - entry condition - dist : 13352.549 padding : 0.0, accuracy : 15.82, provider : network, dir : 2
07-10 01:17:27.153  5674  6793 D SLocation: LocationProcessingAlgorithm - entry condition - dist : 3807944.8 padding : 0.0, accuracy : 15.82, provider : network, dir : 2
07-10 01:17:27.153  5674  6793 D SLocation: LocationProcessingAlgorithm - entry condition - dist : 1801177.8 padding : 0.0, accuracy : 15.82, provider : network, dir : 2
07-10 01:17:27.153  5674  5860 D CAE     : display(ContextProvider.java:375) - ================= SLOCATION_RUNNER =================
07-10 01:17:27.153  5674  6793 D SLocation: LocationProcessingAlgorithm - entry condition - dist : 663.8246 padding : 0.0, accuracy : 15.82, provider : network, dir : 2
07-10 01:17:27.154  5674  6793 D SLocation: ReceiverPairWithWifi - ignore direction of location due to wifi, id =11reason=400
07-10 01:17:27.154  5674  5860 I CAE     : display(ContextProvider.java:391) - ExtraDataArray=[1, 1, 55, 0, 5, 2, 34, 0, 0, 0]
07-10 01:17:27.154  5674  5860 I CAE     : parse(SLocationRunner.java:96) - SLocationRunner parse end:10
07-10 01:17:27.154  5674  6793 D SLocation: LocationProcessingAlgorithm - entry condition - dist : 427.63687 padding : 0.0, accuracy : 15.82, provider : network, dir : 1
07-10 01:17:27.154  5674  6793 D SLocation: GeopointReceiver - send geopoint result - 1
07-10 01:17:27.155  5674  5857 D SemContextService: Service.updateContext() : service = SLocation Core
07-10 01:17:27.155  5674  5857 D SemContextService: Service.updateContext() : service = SLocation Core
07-10 01:17:27.155  5674  6793 D SLocation: PositionManager - onLocationChanged - filter passive location because it same active location
07-10 01:17:27.155  5674  5674 D SemContextManager: onSemContextChanged() : event = SLocation Core
07-10 01:17:27.155  5674  6793 I SLocation: SemContextParser -  parse start : 3
07-10 01:17:27.155  5674  5674 D SLocation: SLocationCoreSem - SemContextChanged type = 47, packet received
07-10 01:17:27.155  5674  6793 I SLocation: SemContextParser -  packet Length : 5packet total size : 10
07-10 01:17:27.155  5674  5674 D SemContextManager: onSemContextChanged() : event = SLocation Core
07-10 01:17:27.155  5674  5674 D SLocation: SLocationCoreSem - SemContextChanged type = 47, packet received
07-10 01:17:27.155  5674  6793 I SLocation: SemContextParser - packet : [2, 2, 0, 0, 0]
07-10 01:17:27.156  5674  6793 I SLocation: SemContextParser -  parse start : 3
07-10 01:17:27.156  5674  6793 I SLocation: SemContextParser -  packet Length : 33packet total size : 38
07-10 01:17:27.156  5674  6793 I SLocation: SemContextParser - packet : [33, 0, 0, 0, 0, 23, 112, 73, 106, -70, 2, 38, 0, 26, -73, 29, 32, 12, 50, 3, 0, 0, 0, 0, 37, 4, -3, 91, -24, 0, 0, 5, 63]
07-10 01:17:27.156  5674  6793 I SLocation: SemContextParser -  parse start : 3
07-10 01:17:27.156  5674  6793 I SLocation: SemContextParser -  packet Length : 5packet total size : 10
07-10 01:17:27.156  5674  6793 I SLocation: SemContextParser - packet : [2, 34, 0, 0, 0]
07-10 01:17:27.156  5674  6793 D SLocation: GeofenceCoreManager - received Extra Data from core, len : 5
07-10 01:17:27.156  5674  6793 D SLocation: GeofenceCoreManager - handleCommandCallback - UNKNOWN_CALLBACK 2 SUCCESS
07-10 01:17:27.156  5674  6793 D SLocation: CommonCoreManager - received Extra Data from core, len : 5
07-10 01:17:27.156  5674  6793 D SLocation: CommonCoreManager - handleCommandCallback - FUNC_TYPE : SET_LOCATION ERROR_CODE : ERROR_NONE
07-10 01:17:27.156  5674  6793 D SLocation: GeofenceCoreManager - received Extra Data from core, len : 33
07-10 01:17:27.157  5674  6793 D SLocation: ARDistanceGetARDistance - convertSensorHubTimeToElapsedTime 1688928894201496833
07-10 01:17:27.157  5674  6793 D SLocation: ARDistanceGetARDistance - invalid location time from core pvt 1688928894201496833, do not use distance info
07-10 01:17:27.157  5674  6793 D SLocation: CommonCoreManager - received Extra Data from core, len : 33
07-10 01:17:27.157  5674  6793 D SLocation: GeofenceCoreManager - received Extra Data from core, len : 5
07-10 01:17:27.157  5674  6793 D SLocation: GeofenceCoreManager - handleCommandCallback - UNKNOWN_CALLBACK 34 SUCCESS
07-10 01:17:27.157  5674  6793 D SLocation: ARDistanceLibManager - command callback received - CURRENT_LOCATION_REQUEST_DISTANCE ERROR CODE : ERROR_NONE
07-10 01:17:27.157  5674  6793 D SLocation: CommonCoreManager - received Extra Data from core, len : 5
07-10 01:17:27.163 22079 22079 I wpa_supplicant: nl80211: Drv Event 33 (NL80211_CMD_TRIGGER_SCAN) received for wlan0
07-10 01:17:27.163 22079 22079 I wpa_supplicant: wlan0: nl80211: Scan trigger
07-10 01:17:27.171  6877  7137 I PhoneStateTracker<1>: onCellInfoChanged: xxxxx
07-10 01:17:27.171  6877  7137 I ImsCallSessionManager: onCellInfoChanged, phoneId: 1
07-10 01:17:27.171  6877  7137 I RegiMgr-Handler: handleMessage: EVENT_CELL_INFO_CHANGED
07-10 01:17:27.173  6877  7137 I RegiMgr<1>: updatePani RegisterTask[1][mProfile=Telenor Serbia IMS, mRegistrationRat=13, mPdnType=11, mState=REGISTERED, mObject=UserAgent - :
07-10 01:17:27.173  6877  7137 I RegiMgr<1>:  total records=844
07-10 01:17:27.173  6877  7137 I RegiMgr<1>:  rec[0]: time=07-10 00:55:26.797 processed=ReadyState org=RegisteredState dest=<null> what=34(0x22)
07-10 01:17:27.173  6877  7137 I RegiMgr<1>:  rec[1]: time=07-10 00:55:26.799 processed=RegisteredState org=RegisteredState dest=<null> what=2000(0x7d0)
07-10 01:17:27.173  6877  7137 I RegiMgr<1>:  rec[2]: time=07-10 00:55:29.927 processed=ReadyState org=RegisteredState dest=<null> what=34(0x22)
07-10 01:17:27.173  6877  7137 I RegiMgr<1>:  rec[3]: time=07-10 00:55:29.928 processed=RegisteredState org=RegisteredState dest=<null> what=2000(0x7d0)
07-10 01:17:27.173  6877  7137 I RegiMgr<1>:  rec[4]: time=07-10 01:00:56.196 processed=ReadyState org=RegisteredState dest=<null> what=34(0x22)
07-10 01:17:27.173  6877  7137 I RegiMgr<1>:  rec[5]: time=07-10 01:00:56.213 processed=RegisteredState org=RegisteredState dest=<null> what=2000(0x7d0)
07-10 01:17:27.173  6877  7137 I RegiMgr<1>:  rec[6]: time=07-10 01:00:59.244 processed=ReadyState org=RegisteredState dest=<null> what=34(0x22)
07-10 01:17:27.173  6877  7137 I RegiMgr<1>:  rec[7]: time=07-10 01:00:59.245 processed=RegisteredState org=RegisteredState dest=<null> what=2000(0x7d0)
07-10 01:17:27.173  6877  7137 I RegiMgr<1>:  rec[8]: time=07-10 01:04:36.984 processed=ReadyState org=RegisteredState dest=<null> what=34(0x22)
07-10 01:17:27.173  6877  7137 I RegiMgr<1>:  rec[9]: time=07-10 01:04:36.998 processed=RegisteredState org=RegisteredState dest=<null> what=2000(0x7d0)
07-10 01:17:27.173  6877  7137 I RegiMgr<1>:  rec[10]: time=07-10 01:06:25.436 processed=ReadyState org=RegisteredState dest=<null> what=34(0x22)
07-10 01:17:27.173  6877  7137 I RegiMgr<1>:  rec[11]: time=07-10 01:06:25.437 processed=RegisteredState org=RegisteredState dest=<null> what=2000(0x7d0)
07-10 01:17:27.173  6877  7137 I RegiMgr<1>:  rec[12]: time=07-10 01:06:28.521 processed=ReadyState org=RegisteredState dest=<null> what=34(0x22)
07-10 01:17:27.173  6877  7137 I RegiMgr<1>:  rec[13]: time=07-10 01:06:28.522 processed=RegisteredState org=RegisteredState dest=<null> what=2000(0x7d0)
07-10 01:17:27.173  6877  7137 I RegiMgr<1>:  rec[14]: time=07-10 01:11:54.913 processed=ReadyState org=RegisteredState dest=<null> what=34(0x22)
07-10 01:17:27.173  6877  7137 I RegiMgr<1>:  rec[15]: time=07-10 01:11:54.933 processed=RegisteredState org=RegisteredState dest=<null> what=2000(0x7d0)
07-10 01:17:27.173  6877  7137 I RegiMgr<1>:  rec[16]: time=07-10 01:11:57.896 processed=ReadyState org=RegisteredState dest=<null> what=34(0x22)
07-10 01:17:27.173  6877  7137 I RegiMgr<1>:  rec[17]: time=07-10 01:11:57.898 processed=RegisteredState org=RegisteredState dest=<null> what=2000(0x7d0)
07-10 01:17:27.173  6877  7137 I RegiMgr<1>:  rec[18]: time=07-10 01:17:23.929 processed=ReadyState org=RegisteredState dest=<null> what=34(0x22)
07-10 01:17:27.173  6877  7137 I RegiMgr<1>:  rec[19]: time=07-10 01:17:23.948 processed=RegisteredState org=RegisteredState dest=<null> what=2000(0x7d0)
07-10 01:17:27.173  6877  7137 I RegiMgr<1>: curState=RegisteredState
07-10 01:17:27.173  6877  7137 I RegiMgr<1>: , mReason=, mPcscfHostname=null, mDeregiReason=41]
07-10 01:17:27.175  6877  7137 I PaniGenerator<1>: generate: subId=2, network=13
07-10 01:17:27.175  6877  7137 I PaniGenerator<1>: generate: network=13, fallbackPlmn=22001
07-10 01:17:27.175  6877  7137 I PdnController<1>: getAllCellInfo mNeedCellLocationUpdate : false
07-10 01:17:27.175  6877  7137 I PaniGenerator: generate: change to NW PLMN(22001)
07-10 01:17:27.175  6877  7137 I PaniGenerator: setLkcForLastPani: No Last PANI header for Telenor Serbia IMS
07-10 01:17:27.175  6877  7137 I UserAgent<1>: updatePani: pani=3GPP-E-UTRAN-FDD;utran-cell-id-3gpp=220012b73017a51f, updatePani: lastPani=
07-10 01:17:27.176  6877  7320 I StackIF : updatePani: 15 pani: [3GPP-E-UTRAN-FDD;utran-cell-id-3gpp=220012b73017a51f]
07-10 01:17:27.176  6877  7320 I SECIMSJ : [1528]> 140
07-10 01:17:27.176  6877  7137 I RegiMgr<1>: tryRegister:
07-10 01:17:27.177  6877  7137 I RegiMgr<0>: RegisterTask(s): Megafon VoLTE (IDLE)
07-10 01:17:27.177  6877  7137 I RegiMgr<1>: RegisterTask(s): Telenor Serbia IMS (REGISTERED, rat = 13, service = [mmtel-video, smsip, mmtel]), Global GC RCS (IDLE)
07-10 01:17:27.177  6877  7137 I RcsPolicyMgr<1>: pendingRcsRegister: mActiveDataPhoneId = 1
07-10 01:17:27.177  6877  7330 I [IMS6.0]: IMS_onResponse()
07-10 01:17:27.177  6877  7137 I RcsPolicyMgr<1>: pendingRcsRegister: mActiveDataPhoneId = 1
07-10 01:17:27.177  6877  7137 I RegisterTask: isSuspended: mSuspended(false) mSuspendByIrat(false)
07-10 01:17:27.177  6877  7330 I StackIF : processMessage 2
07-10 01:17:27.177  6877  7330 I StackIF : Processing Response
07-10 01:17:27.177  6877  7330 I SECIMSJ : [1528]< 600
07-10 01:17:27.178  6877  7330 I StackIF : processResponse: reqId 600
07-10 01:17:27.178  6877  7137 I RegiMgr<1>: [Global GC RCS|IDLE] checkForTryRegister id: 1003
07-10 01:17:27.178  6877  7330 I StackIF : processResponse: handle 15 result 0 reason 0
07-10 01:17:27.178  6877  7137 I RegiMgr : isPdnConnected: false, PdnType: 1
07-10 01:17:27.181  6877  7137 I PdnController: getDefaultNetworkBearer:  WIFI
07-10 01:17:27.183  6877  7137 I PdnController: isWifiConnected: [type: WIFI[], state: CONNECTED/CONNECTED, reason: (unspecified), extra: , failover: false, available: true, roaming: false]
07-10 01:17:27.183  6877  7137 I RegiMgr-Utils<1>: findBestNetwork: WIFI needWifiNetwork = true
07-10 01:17:27.184  6877  7137 I RegiGvnBase<1>: isReadyToDualRegister : true
07-10 01:17:27.186  6877  7137 I RegiMgr<1>: [Global GC RCS|IDLE] checkInitialRegistrationIsReady: APM ON [false], Roamimg [false]
07-10 01:17:27.186  6877  7137 I RcsPolicyMgr<1>: pendingRcsRegister: mActiveDataPhoneId = 1
07-10 01:17:27.187  6877  7137 I ImsProfile: isRttSupportByCallApp : false ttyType : 1
07-10 01:17:27.187  6877  7137 I RegiMgr-Utils<1>: getPriorityRegiedTask : isPriority  High? true
07-10 01:17:27.187  6877  7137 I RegiGvnBase: checkRegiStatus: getState()=IDLE mIsUpdateRegistering=false
07-10 01:17:27.187  6877  7137 I RegiMgr<1>: getTelephonyCallStatus:
07-10 01:17:27.190  6877  7137 I ConfigProvider: query uri:xxxxx
07-10 01:17:27.195  6877  7137 I ConfigProvider: queryStorage path content://com.samsung.rcs.autoconfigurationprovider/parameter/version#simslot1
07-10 01:17:27.206  6877  7137 E GlobalSettingsRepoBase: globalgcsettings No matched key : dual_rcs_policy
07-10 01:17:27.209  6877  7137 I ImsServiceSwitchEur[1]:  isRcsEnabled: true mDefaultSms true mUpsmEnabled false mEmergencyEnabled false
07-10 01:17:27.215  6877  7137 I ConfigTrigger<1>: isWaitAutoConfig:
07-10 01:17:27.216  6877  7137 E GlobalSettingsRepoBase: globalgcsettings No matched key : dual_rcs_policy
07-10 01:17:27.219  6877  7137 I ImsServiceSwitchEur[1]:  isRcsEnabled: true mDefaultSms true mUpsmEnabled false mEmergencyEnabled false
07-10 01:17:27.219  6877  7137 I RegiMgr-Utils: selectPdnType: rat=18pdn=1
07-10 01:17:27.219  6877  7137 I RegiMgr<1>: getServiceForNetwork: network 18
07-10 01:17:27.219  6877  7137 I RegiMgr<1>: getServiceForNetwork: service {options, chatbot-communication, ft_http, im, euc, gls}
07-10 01:17:27.228  6877  7137 I ConfigTrigger<1>: isValidAcsVersion:
07-10 01:17:27.228  6877  7137 E GlobalSettingsRepoBase: globalgcsettings No matched key : dual_rcs_policy
07-10 01:17:27.230  6877  7137 I ConfigProvider: query uri:xxxxx
07-10 01:17:27.239  6877  7137 I ConfigProvider: queryStorage path content://com.samsung.rcs.autoconfigurationprovider/parameter/version#simslot1
07-10 01:17:27.240  5674  5694 D SecContentProvider2: query(), uri = 18 selection = isRCSEnabled
07-10 01:17:27.240  5674  5694 I PhoneRestrictionPolicy: isRCSEnabledInternal(), showMsg: false, columnName: enableRCS
07-10 01:17:27.241  5674  5694 E PhoneRestrictionPolicy: getEmergencyCall >>false
07-10 01:17:27.242  5674  5694 I PhoneRestrictionPolicy: isRCSEnabledInternal(), showMsg: false, columnName: enableRCSForSimSlot1
07-10 01:17:27.242  5674  5694 E PhoneRestrictionPolicy: getEmergencyCall >>false
07-10 01:17:27.243  6877  7137 I ConfigTrigger<1>: RCS switch: true, version: 0, isRcsAcsCompleted: true
07-10 01:17:27.243  6877  7137 I ConfigTrigger<1>: version is improper : 0
07-10 01:17:27.245  6877  7137 I RegiGvnBase: isVideoCallEnabled: Enable
07-10 01:17:27.245  6877  7137 I RegiMgr<1>: getServiceForNetwork: filtered service []
07-10 01:17:27.245  6877  7137 I RegiMgr<1>: Global GC RCS: no ims service for current rat18
07-10 01:17:27.247  6877  7137 I PdnController: slot[1]: stopPdnConnectivity: network 1, callback is null
07-10 01:17:27.247  6877  7137 E PdnController<1>: requestStopNetwork: callback not found
07-10 01:17:27.248  6877  7137 E #IMSCR  : 07-10 01:17:27 0x1101000B:1,FILTERED ALL:1
07-10 01:17:27.248  6877  7137 I PdnController: handleMessage: what 107
07-10 01:17:27.248  6877  7137 I PdnController: slot[1]: requestStopNetwork: network 1, callback is null
07-10 01:17:28.450 31135 31452 I A       : (REDACTED) #onAudioData: %s bytes, getAudioReadSize %s
07-10 01:17:28.792  5674  5690 I system_server: Background young concurrent copying GC freed 559018(22MB) AllocSpace objects, 62(1240KB) LOS objects, 18% free, 102MB/125MB, paused 508us,236us total 880.482ms
07-10 01:17:28.802 25156 25175 W libc    : Access denied finding property "sys.perf.boostopt"
07-10 01:17:28.804  5262  5262 E audit   : type=1400 audit(1688944648.797:69976): avc:  denied  { read } for  pid=25156 comm="binder:25156_4" name="u:object_r:perf_prop:s0" dev="tmpfs" ino=10663 scontext=u:r:untrusted_app:s0:c73,c257,c512,c768 tcontext=u:object_r:perf_prop:s0 tclass=file permissive=0 SEPF_SM-A515F_13_0001 audit_filtered
07-10 01:17:28.804  5262  5262 E audit   : type=1300 audit(1688944648.797:69976): arch=c00000b7 syscall=56 success=no exit=-13 a0=ffffff9c a1=7b219972f8 a2=88000 a3=0 items=0 ppid=5287 pid=25156 auid=4294967295 uid=10329 gid=10329 euid=10329 suid=10329 fsuid=10329 egid=10329 sgid=10329 fsgid=10329 tty=(none) ses=4294967295 comm="binder:25156_4" exe="/system/bin/app_process64" subj=u:r:untrusted_app:s0:c73,c257,c512,c768 key=(null)
07-10 01:17:28.804  5262  5262 E audit   : type=1327 audit(1688944648.797:69976): proctitle="com.Slack"
07-10 01:17:28.807 25836 25865 W libc    : Access denied finding property "sys.perf.boostopt"
07-10 01:17:28.807 25837 25863 W libc    : Access denied finding property "sys.perf.boostopt"
07-10 01:17:28.808  5674  5692 W System  : A resource failed to call close.
07-10 01:17:28.809  5262  5262 E audit   : type=1400 audit(1688944648.801:69977): avc:  denied  { read } for  pid=25836 comm="binder:25836_4" name="u:object_r:perf_prop:s0" dev="tmpfs" ino=10663 scontext=u:r:untrusted_app:s0:c75,c257,c512,c768 tcontext=u:object_r:perf_prop:s0 tclass=file permissive=0 SEPF_SM-A515F_13_0001 audit_filtered
07-10 01:17:28.809  5262  5262 E audit   : type=1300 audit(1688944648.801:69977): arch=c00000b7 syscall=56 success=no exit=-13 a0=ffffff9c a1=7b7d15e2f8 a2=88000 a3=0 items=0 ppid=5287 pid=25836 auid=4294967295 uid=10331 gid=10331 euid=10331 suid=10331 fsuid=10331 egid=10331 sgid=10331 fsgid=10331 tty=(none) ses=4294967295 comm="binder:25836_4" exe="/system/bin/app_process64" subj=u:r:untrusted_app:s0:c75,c257,c512,c768 key=(null)
07-10 01:17:28.809  5262  5262 E audit   : type=1327 audit(1688944648.801:69977): proctitle="com.adobe.reader"
07-10 01:17:28.810  5674  5692 W System  : A resource failed to call close.
07-10 01:17:28.985  5674  7726 D SemWifiUsabilityStatsMonitor: onWifiUsabilityStats - seqNum 21769, isSameBssidAndFreq true
07-10 01:17:28.989  5674  6128 I SemWifiLinkQualityMonitor: Link Qos Query: 0.041 ms / 195.000 Mbps (390 / 0.000 / 2.000)
07-10 01:17:28.990  6461  6461 D NetworkController.WifiSignalController: notifyListener: visible=true, connected=true, inetCondition=1, isDefault=true, wifiTestReported=true, receivedInetCondition=-1, hideDuringMobileSwitching=false
07-10 01:17:29.795 31135 31148 I hbox:interactor: Background concurrent copying GC freed 81368(7443KB) AllocSpace objects, 0(0B) LOS objects, 49% free, 7482KB/14MB, paused 289us,79us total 101.739ms
07-10 01:17:30.294 22079 22079 I wpa_supplicant: nl80211: Drv Event 34 (NL80211_CMD_NEW_SCAN_RESULTS) received for wlan0
07-10 01:17:30.294 22079 22079 I wpa_supplicant: wlan0: nl80211: New scan results available
07-10 01:17:30.295 22079 22079 I wpa_supplicant: nl80211: Scan probed for SSID ''
07-10 01:17:30.295 22079 22079 I wpa_supplicant: nl80211: Scan included frequencies: 2412 2417 2422 2427 2432 2437 2442 2447 2452 2457 2462 2467 2472 5180 5200 5220 5240 5260 5280 5300 5320 5745 5765 5785 5805 5825
07-10 01:17:30.296  5674  5694 D WifiNl80211Manager: Scan result ready event
07-10 01:17:30.296  5674  5694 D WifiNative: Scan result ready event
07-10 01:17:30.298  6576 22194 D IpClient/wlan0: interfaceLinkStateChanged: ifindex 11 up
07-10 01:17:30.329  5674  6049 D WificondScannerImpl: Filtering out 3 scan results.
07-10 01:17:30.369  5674  6115 D SemWifiScanPool: countryCode: RS, count: 9, totalSamples: 13, rate: 69.23077%
