07-10 00:39:43.172  5674  6593 V WindowManager:   vsysui=1700
07-10 00:39:43.172  5674  6593 V WindowManager:   bhv=SHOW_TRANSIENT_BARS_BY_SWIPE
07-10 00:39:43.172  5674  6593 V WindowManager:   fitSides= screenDimDuration=100000 naviIconColor=0}
07-10 00:39:43.172 11292 11292 D TokenSharingManager_v1.6.6: Library works in release mode
07-10 00:39:43.178 11696 11750 I GOS:Initializer: finished initGos()
07-10 00:39:43.186 11696 11818 I GOS:GameIntentService: onHandleIntent. GameIntentService. type: 15, pkgName: org.jetbrains.android_benchmark.test
07-10 00:39:43.190 29666 29666 I ViewRootImpl@46483e6[LauncherActivity]: Relayout returned: old=(0,0,1080,2400) new=(0,0,1080,2400) req=(1080,2400)8 dur=17 res=0x2 s={false 0x0} ch=true seqId=0
07-10 00:39:43.191  7284  7370 E RequestManager_FLP: [LocationManager] Location request (NOT STARTED) 7370A776(Listener) passive (min=1000ms) from ru.yandex.searchplugin (10222_FINE_cached_false_background)
07-10 00:39:43.201  5287  5287 D Zygote  : Forked child process 11822
07-10 00:39:43.203 11542 11677 D CompatibilityChangeReporter: Compat change id reported: 147600208; UID 10222; state: ENABLED
07-10 00:39:43.205 11749 11749 I FirebaseApp: Device unlocked: initializing all Firebase APIs for app [DEFAULT]
07-10 00:39:43.227 11696 11819 I GOS:MainIntentService: onHandleIntent(). type(INIT_GOS) from 201
07-10 00:39:43.238 11696 11819 I GOS:AutoControlFeature: updateControlLevels maxBrightness=255, maxFps=60
07-10 00:39:43.239 11696 11819 I GOS:AutoControlFeature: update(): brightness=false, volume=false, fps=false
07-10 00:39:43.244 11696 11819 I GOS:WifiQosFeature: updatePolicy(). mTid: 0
07-10 00:39:43.248 11696 11819 I GOS:ClearBGProcessFeature: mLruNum=1
07-10 00:39:43.249 11696 11819 I GOS:ClearBGProcessFeature: loadSurviveMap apps=com.android.vending
07-10 00:39:43.261  5674  5695 D PackageManager: setEnabledSetting : userId = 0 packageName = ru.yandex.searchplugin cmp = ru.yandex.searchlib.notification.BarMarkerService newState = 2 callingPackage = 10222/ru.yandex.searchplugin
07-10 00:39:43.265  5674  5695 D PackageManager: setEnabledSetting : userId = 0 packageName = ru.yandex.searchplugin cmp = ru.yandex.searchlib.notification.BarMarkerService newState = 2 callingPackage = 10222/ru.yandex.searchplugin
07-10 00:39:43.277 11749 11829 I DynamiteModule: Considering local module com.google.android.gms.measurement.dynamite:17 and remote module com.google.android.gms.measurement.dynamite:0
07-10 00:39:43.278 11749 11829 I DynamiteModule: Selected local version of com.google.android.gms.measurement.dynamite
07-10 00:39:43.294 11822 11822 I plugin:passport: Using CollectorTypeCC GC.
07-10 00:39:43.298  5353  5353 V APM_AudioPolicyManager: setAppState(portId:1005, state:1)
07-10 00:39:43.305 11696 11819 I GOS:ClearBGProcessFeature: updateSurviveList mSurviveAppList=[com.sec.android.app.clockpackage, 10160, com.samsung.android.app.reminder, 10150, com.android.vending, 10229, com.samsung.android.voc, 10259, com.samsung.android.calendar, 10193]
07-10 00:39:43.306 11822 11822 E plugin:passport: Not starting debugger since process cannot load the jdwp agent.
07-10 00:39:43.309  5674  9914 D LocationManagerService: passive provider removed registration from 10222/ru.yandex.searchplugin/7370A776
07-10 00:39:43.309  5674  9914 D LocationManagerService: passive provider added registration from 10222/ru.yandex.searchplugin/7370A776 -> Request[PASSIVE, minUpdateInterval=+1s0ms, WorkSource{10222 ru.yandex.searchplugin}]
07-10 00:39:43.311  7284  7370 E RequestManager_FLP: [LocationManager] Location remove 7370A776 from ru.yandex.searchplugin
07-10 00:39:43.312  7284  7370 W LocationRequestData_FLP: Not registered using location provider, 7370A776
07-10 00:39:43.316 11542 11673 D [GplLibraryWrapper]: updateLastKnownLocation
07-10 00:39:43.318  7284  7370 E RequestManager_FLP: [LocationManager] Location request (NOT STARTED) 7370A776(Listener) passive (min=1000ms) from ru.yandex.searchplugin (10222_FINE_cached_false_background)
07-10 00:39:43.331 10970 11178 I SamsungAccount: [AccountManagerProvider] Calling package : microsoft.skydrive.
07-10 00:39:43.331 10970 11178 I SamsungAccount: [SignatureCheckUtil] runCheckSignatureAsync
07-10 00:39:43.331 10970 11178 I SamsungAccount: [SignaturePreconditionChecker] getSignatureResult - fromSesSdk : false
07-10 00:39:43.331 10970 11178 I SamsungAccount: [SignatureInfoDbHelper] getSignatureResult - [10/21n36][microsoft.skydrive.]
07-10 00:39:43.331 10970 11178 I SamsungAccount: [SignatureInfoDbHelper] searchOnUser
07-10 00:39:43.332 11696 11819 I GOS:SeInputManager: checkInputFeature(), ret: 257
07-10 00:39:43.332 11696 11819 I GOS:TspFeature: isAvailableForSystemHelper(), tspVrrInputAvailable: false
07-10 00:39:43.335  5262  5262 E audit   : type=1400 audit(1688942383.333:69275): avc:  denied  { read } for  pid=11822 comm="plugin:passport" name="u:object_r:perf_prop:s0" dev="tmpfs" ino=10663 scontext=u:r:untrusted_app:s0:c222,c256,c512,c768 tcontext=u:object_r:perf_prop:s0 tclass=file permissive=0 SEPF_SM-A515F_13_0001 audit_filtered
07-10 00:39:43.335  5262  5262 E audit   : type=1300 audit(1688942383.333:69275): arch=c00000b7 syscall=56 success=no exit=-13 a0=ffffff9c a1=7fcf7d5458 a2=88000 a3=0 items=0 ppid=5287 pid=11822 auid=4294967295 uid=10222 gid=10222 euid=10222 suid=10222 fsuid=10222 egid=10222 sgid=10222 fsgid=10222 tty=(none) ses=4294967295 comm="plugin:passport" exe="/system/bin/app_process64" subj=u:r:untrusted_app:s0:c222,c256,c512,c768 key=(null)
07-10 00:39:43.336  5262  5262 E audit   : type=1327 audit(1688942383.333:69275): proctitle="zygote64"
07-10 00:39:43.336 11822 11822 W libc    : Access denied finding property "sys.perf.boostopt"
07-10 00:39:43.337 11749 11829 W d.game.gamehome: Unsupported class loader
07-10 00:39:43.340 11749 11829 W d.game.gamehome: Unsupported class loader
07-10 00:39:43.340 11749 11829 W d.game.gamehome: Unsupported class loader
07-10 00:39:43.342 11696 11819 I GOS:TspFeature: isAvailableForSystemHelper(), vrrAvailable: false
07-10 00:39:43.344  5674  6607 E system_server: Invalid class loader spec: =UnsupportedClassLoaderContext=
07-10 00:39:43.346 29666 29752 I QuickstepModelDelegate: Widget predictions updated
07-10 00:39:43.346 11822 11822 D ActivityThread: setConscryptValidator
07-10 00:39:43.346 11822 11822 D ActivityThread: setConscryptValidator - put
07-10 00:39:43.350  5262  5262 E audit   : type=1400 audit(1688942383.349:69276): avc:  denied  { read } for  pid=11822 comm="binder:11822_1" name="u:object_r:perf_prop:s0" dev="tmpfs" ino=10663 scontext=u:r:untrusted_app:s0:c222,c256,c512,c768 tcontext=u:object_r:perf_prop:s0 tclass=file permissive=0 SEPF_SM-A515F_13_0001 audit_filtered
07-10 00:39:43.350 11822 11858 W libc    : Access denied finding property "sys.perf.boostopt"
07-10 00:39:43.364 11749 11749 I FirebaseCrashlytics: Initializing Crashlytics 17.2.1
07-10 00:39:43.368 11611 11611 D Benchmark: Clocks not locked: online cores with min freq == min avail freq
07-10 00:39:43.369 11611 11611 D Benchmark: cpu0 CoreDir(path=/sys/devices/system/cpu/cpu7, online=true, availableFreqs=[936000, 1040000, 1144000, 1248000, 1352000, 1456000, 1508000, 1664000, 1768000, 1898000, 1976000, 2080000, 2184000, 2210000, 2314000], setSpeedKhz=936000, maxFreqKhz=2314000)
07-10 00:39:43.369 11611 11611 D Benchmark: cpu1 CoreDir(path=/sys/devices/system/cpu/cpu5, online=true, availableFreqs=[936000, 1040000, 1144000, 1248000, 1352000, 1456000, 1508000, 1664000, 1768000, 1898000, 1976000, 2080000, 2184000, 2210000, 2314000], setSpeedKhz=936000, maxFreqKhz=2314000)
07-10 00:39:43.369 11611 11611 D Benchmark: cpu2 CoreDir(path=/sys/devices/system/cpu/cpu3, online=true, availableFreqs=[403000, 598000, 702000, 806000, 910000, 1053000, 1118000, 1222000, 1326000, 1456000, 1534000, 1638000, 1742000], setSpeedKhz=403000, maxFreqKhz=1742000)
07-10 00:39:43.369 11611 11611 D Benchmark: cpu3 CoreDir(path=/sys/devices/system/cpu/cpu1, online=true, availableFreqs=[403000, 598000, 702000, 806000, 910000, 1053000, 1118000, 1222000, 1326000, 1456000, 1534000, 1638000, 1742000], setSpeedKhz=403000, maxFreqKhz=1742000)
07-10 00:39:43.369 11611 11611 D Benchmark: cpu4 CoreDir(path=/sys/devices/system/cpu/cpu6, online=true, availableFreqs=[936000, 1040000, 1144000, 1248000, 1352000, 1456000, 1508000, 1664000, 1768000, 1898000, 1976000, 2080000, 2184000, 2210000, 2314000], setSpeedKhz=936000, maxFreqKhz=2314000)
07-10 00:39:43.369 11611 11611 D Benchmark: cpu5 CoreDir(path=/sys/devices/system/cpu/cpu4, online=true, availableFreqs=[936000, 1040000, 1144000, 1248000, 1352000, 1456000, 1508000, 1664000, 1768000, 1898000, 1976000, 2080000, 2184000, 2210000, 2314000], setSpeedKhz=936000, maxFreqKhz=2314000)
07-10 00:39:43.369 11611 11611 D Benchmark: cpu6 CoreDir(path=/sys/devices/system/cpu/cpu2, online=true, availableFreqs=[403000, 598000, 702000, 806000, 910000, 1053000, 1118000, 1222000, 1326000, 1456000, 1534000, 1638000, 1742000], setSpeedKhz=403000, maxFreqKhz=1742000)
07-10 00:39:43.369 11611 11611 D Benchmark: cpu7 CoreDir(path=/sys/devices/system/cpu/cpu0, online=true, availableFreqs=[403000, 598000, 702000, 806000, 910000, 1053000, 1118000, 1222000, 1326000, 1456000, 1534000, 1638000, 1742000], setSpeedKhz=403000, maxFreqKhz=1742000)
07-10 00:39:43.381 11611 11611 D LifecycleMonitor: Lifecycle status change: androidx.benchmark.IsolationActivity@c9a4959 in: CREATED
07-10 00:39:43.381  5674  8108 V KeyguardServiceDelegate: setOccluded(true) animate=false
07-10 00:39:43.382 11611 11611 D LifecycleMonitor: Lifecycle status change: androidx.benchmark.IsolationActivity@c9a4959 in: STARTED
07-10 00:39:43.384  6461  7569 D KeyguardService: setOccluded(true)
07-10 00:39:43.385 11822 11822 D CompatibilityChangeReporter: Compat change id reported: 171979766; UID 10222; state: ENABLED
07-10 00:39:43.392 11822 11858 W libc    : Access denied finding property "sys.perf.boostopt"
07-10 00:39:43.399 11611 11611 D LifecycleMonitor: Lifecycle status change: androidx.benchmark.IsolationActivity@c9a4959 in: RESUMED
07-10 00:39:43.402 11749 11749 I FirebaseInitProvider: FirebaseApp initialization successful
07-10 00:39:43.409 11611 11611 I MSHandlerLifeCycle: check: return. pkg=org.jetbrains.android_benchmark.test parent=null callers=com.android.internal.policy.DecorView.setVisibility:4408 android.app.ActivityThread.handleResumeActivity:5476 android.app.servertransaction.ResumeActivityItem.execute:54 android.app.servertransaction.ActivityTransactionItem.execute:45 android.app.servertransaction.TransactionExecutor.executeLifecycleState:176
07-10 00:39:43.409 11611 11611 I MSHandlerLifeCycle: removeMultiSplitHandler: no exist. decor=DecorView@d1d2215[]
07-10 00:39:43.414  5674  9914 D PackageManager: setEnabledSetting : userId = 0 packageName = com.samsung.android.game.gamehome cmp = androidx.work.impl.background.systemjob.SystemJobService newState = 1 callingPackage = 10080/com.samsung.android.game.gamehome
07-10 00:39:43.414  6461  7569 D KeyguardViewMediator: setOccluded occluded=true animate=false
07-10 00:39:43.414  6461  7569 D KeyguardViewMediator:  com.android.systemui.keyguard.KeyguardService$5.setOccluded:436
07-10 00:39:43.415  5674  9914 D ApplicationPolicy: getApplicationStateEnabled : pkg = com.samsung.android.game.gamehome userId : 0
07-10 00:39:43.416  5674  9914 D ApplicationPolicy: getApplicationComponentState : pkg = com.samsung.android.game.gamehome userId : 0
07-10 00:39:43.424  6461  6461 D KeyguardViewMediator: handleMessage 9
07-10 00:39:43.428  5674  6523 W WifiService: Permission violation - getScanResults not allowed for uid=10222, packageName=ru.yandex.searchplugin, reason=java.lang.SecurityException: UID 10222 has no location permission
07-10 00:39:43.428  6461  6461 D KeyguardViewMediator: handleSetOccluded(true)
07-10 00:39:43.429  6461  6461 D KeyguardWallpaperEventHandler: onOccluded(), occluded: true
07-10 00:39:43.431  6461  6461 D KeyguardWallpaperEventHandler: sendMessage(), what = 725 , obj = true , arg1 = -1 , arg2 = -1
07-10 00:39:43.436 11749 11862 I FA      : App measurement initialized, version: 31049
07-10 00:39:43.437 11611 11727 D NativeCustomFrequencyManager: [NativeCFMS] BpCustomFrequencyManager::BpCustomFrequencyManager()
07-10 00:39:43.436 11749 11862 I FA      : To enable debug logging run: adb shell setprop log.tag.FA VERBOSE
07-10 00:39:43.437 11749 11862 I FA      : To enable faster debug mode event logging run:
07-10 00:39:43.437 11749 11862 I FA      :   adb shell setprop debug.firebase.analytics.app com.samsung.android.game.gamehome
07-10 00:39:43.449  6461  6461 D KeyguardUpdateMonitor: onKeyguardOccludedChanged(true)
07-10 00:39:43.454 10970 11178 I SamsungAccount: [SignatureInfoDbHelper] searchOnUser - [10/21n36][microsoft.skydrive.][64/3d550] => matched
07-10 00:39:43.454 10970 11178 I SamsungAccount: [SignatureInfoDbHelper] search - matched
07-10 00:39:43.454 10970 11178 I SamsungAccount: [SignatureCheckUtil] runCheckSignatureAsync(fromDb) - matched
07-10 00:39:43.454 10970 11178 I SamsungAccount: [AccountManagerProvider] This is the access of the allowed application
07-10 00:39:43.465 11611 11611 I DecorView: onImmersiveModeChanged: isStatusBarHidden=true
07-10 00:39:43.466  6461  6461 D BubblesManager: onKeyguardShowingChanged: isUnlockedShade=true
07-10 00:39:43.466 11611 11611 D InsetsSourceConsumer: setRequestedVisible: visible=false, type=20, host=org.jetbrains.android_benchmark.test/androidx.benchmark.IsolationActivity, from=android.view.InsetsSourceConsumer.hide:257 android.view.InsetsController.collectSourceControls:1310 android.view.InsetsController.controlAnimationUnchecked:1164 android.view.InsetsController.applyAnimation:1576 android.view.InsetsController.applyAnimation:1557 android.view.InsetsController.hide:1093 android.view.InsetsController.hide:1068 android.view.ViewRootImpl.controlInsetsForCompatibility:3339 android.view.ViewRootImpl.setView:1698 android.view.WindowManagerGlobal.addView:567
07-10 00:39:43.467 11611 11611 D InsetsSourceConsumer: setRequestedVisible: visible=false, type=0, host=org.jetbrains.android_benchmark.test/androidx.benchmark.IsolationActivity, from=android.view.InsetsSourceConsumer.hide:257 android.view.InsetsController.collectSourceControls:1310 android.view.InsetsController.controlAnimationUnchecked:1164 android.view.InsetsController.applyAnimation:1576 android.view.InsetsController.applyAnimation:1557 android.view.InsetsController.hide:1093 android.view.InsetsController.hide:1068 android.view.ViewRootImpl.controlInsetsForCompatibility:3339 android.view.ViewRootImpl.setView:1698 android.view.WindowManagerGlobal.addView:567
07-10 00:39:43.469  5674  6523 D InputTransport: Input channel constructed: 'bf13091', fd=1086
07-10 00:39:43.469  5674  6523 D InputTransport: Input channel constructed: 'bf13091', fd=1087
07-10 00:39:43.469  5674  6523 D InputTransport: Input channel constructed: 'bf13091', fd=1088
07-10 00:39:43.470 11292 11292 D OneDSChannel: Logging for null: QoS/CrashReporting/PreviousProcessDetected with logger com.microsoft.applications.events.Logger@f4bf8f collector url:
07-10 00:39:43.471  6461  6501 D Bubbles : onStatusBarStateChanged:mIsStatusBarShade=true
07-10 00:39:43.471  5362  5932 I SurfaceFlinger: id=10181 createSurf flag=80004, bf13091 org.jetbrains.android_benchmark.test/androidx.benchmark.IsolationActivity#10181
07-10 00:39:43.474  5674  6523 D InputTransport: Input channel destroyed: 'bf13091', fd=1088
07-10 00:39:43.478 11611 11611 D InsetsController: onStateChanged: InsetsState: {mDisplayFrame=Rect(0, 0 - 1080, 2400), mDisplayCutout=DisplayCutout{insets=Rect(0, 88 - 0, 0) waterfall=Insets{left=0, top=0, right=0, bottom=0} boundingRect={Bounds=[Rect(0, 0 - 0, 0), Rect(512, 0 - 568, 88), Rect(0, 0 - 0, 0), Rect(0, 0 - 0, 0)]} cutoutPathParserInfo={CutoutPathParserInfo{displayWidth=1080 displayHeight=2400 physicalDisplayWidth=1080 physicalDisplayHeight=2400 density={2.625} cutoutSpec={M 0,0 M 0,12.25101276465640 a 10.60613009248640,10.60613009248640 0 1,0 0,21.21226018497290 a 10.60613009248640,10.60613009248640 0 1,0 0,-21.21226018497290 Z @dp} rotation={0} scale={1.0} physicalPixelDisplaySizeRatio={1.0}}}}, mRoundedCorners=RoundedCorners{[RoundedCorner{position=TopLeft, radius=84, center=Point(84, 84)}, RoundedCorner{position=TopRight, radius=84, center=Point(996, 84)}, RoundedCorner{position=BottomRight, radius=84, center=Point(996, 2316)}, RoundedCorner{position=BottomLeft, radius=84, center=Point(84, 2316)}]}  mRoundedCornerFrame=Rect(0, 0 - 1080, 2400), mPrivacyIndicatorBounds=PrivacyIndicatorBounds {static bounds=Rect(964, 0 - 1080, 88) rotation=0}, mSources= { InsetsSource: {mType=ITYPE_STATUS_BAR, mFrame=[0,0][1080,88], mVisible=true, mInsetsRoundedCornerFrame=false}, InsetsSource: {mType=ITYPE_NAVIGATION_BAR, mFrame=[0,2274][1080,2400], mVisible=true, mInsetsRoundedCornerFrame=false}, InsetsSource: {mType=ITYPE_LEFT_GESTURES, mFrame=[0,0][0,2400], mVisible=true, mInsetsRoundedCornerFrame=false}, InsetsSource: {mType=ITYPE_RIGHT_GESTURES, mFrame=[1080,0][1080,2400], mVisible=true, mInsetsRoundedCornerFrame=false}, InsetsSource: {mType=ITYPE_TOP_MANDATORY_GESTURES, mFrame=[0,0][1080,120], mVisible=true, mInsetsRoundedCornerFrame=false}, InsetsSource: {mType=ITYPE_BOTTOM_MANDATORY_GESTURES, mFrame=[0,2274][1080,2400], mVisible=true, mInsetsRoundedCornerFrame=false}, InsetsSource: {mType=ITYPE_LEFT_DISPLAY_CUTOUT, mFrame=[0,0][-100000,2400], mVisible=true, mInsetsRoundedCornerFrame=false}, InsetsSource: {mType=ITYPE_TOP_DISPLAY_CUTOUT, mFrame=[0,0][1080,88], mVisible=true, mInsetsRoundedCornerFrame=false}, InsetsSource: {mType=ITYPE_RIGHT_DISPLAY_CUTOUT, mFrame=[100000,0][1080,2400], mVisible=true, mInsetsRoundedCornerFrame=false}, InsetsSource: {mType=ITYPE_BOTTOM_DISPLAY_CUTOUT, mFrame=[0,100000][1080,2400], mVisible=true, mInsetsRoundedCornerFrame=false}, InsetsSource: {mType=ITYPE_TOP_TAPPABLE_ELEMENT, mFrame=[0,0][1080,88], mVisible=true, mInsetsRoundedCornerFrame=false}, InsetsSource: {mType=ITYPE_BOTTOM_TAPPABLE_ELEMENT, mFrame=[0,2274][1080,2400], mVisible=true, mInsetsRoundedCornerFrame=false} } host=org.jetbrains.android_benchmark.test/androidx.benchmark.IsolationActivity from=android.view.ViewRootImpl.setView:1732
07-10 00:39:43.484 11611 11611 I ViewRootImpl@350961d[IsolationActivity]: setView = com.android.internal.policy.DecorView@d1d2215 TM=true
07-10 00:39:43.506 11611 11611 I MSHandlerLifeCycle: removeMultiSplitHandler: no exist. decor=DecorView@d1d2215[IsolationActivity]
07-10 00:39:43.510 11542 11663 I AppMetrica-Attribution: Choosing distribution data: ClidsInfo(chosen=Candidate(clids={clid24=2305182, clid1=2207450, clid1010=2295103, clid2023=2395783, clid1003=2207452, clid1004=2207453, clid1002=2207451}, source=APP), candidates=[Candidate(clids={clid24=2305182, clid1=2207450, clid1010=2295103, clid2023=2395783, clid1003=2207452, clid1004=2207453, clid1002=2207451}, source=APP)])
07-10 00:39:43.531 11749 11749 I GameLauncher: [(SourceFile:2):onCreate]
07-10 00:39:43.534  5674  9681 D PackageManager: setEnabledSetting : userId = 0 packageName = com.samsung.android.game.gamehome cmp = com.samsung.android.game.gamehome.receiver.NotificationListener newState = 2 callingPackage = 10080/com.samsung.android.game.gamehome
07-10 00:39:43.538 11749 11749 I GameLauncher: [(SourceFile:2):W1] TNC curVer : 200625 newVer : 200625
07-10 00:39:43.539  5674  9681 D PackageManager: setEnabledSetting : userId = 0 packageName = com.samsung.android.game.gamehome cmp = com.samsung.android.game.gamehome.receiver.NotificationListenerOverR newState = 0 callingPackage = 10080/com.samsung.android.game.gamehome
07-10 00:39:43.542 11749 11862 I FA      : Tag Manager is not found and thus will not be used
07-10 00:39:43.543 11542 11786 D TrafficStats: tagSocket(113) with statsTag=0xffffffff, statsUid=-1
07-10 00:39:43.545  5674  9681 D ApplicationPolicy: getApplicationStateEnabled : pkg = com.samsung.android.game.gamehome userId : 0
07-10 00:39:43.545  5674  9681 D ApplicationPolicy: getApplicationComponentState : pkg = com.samsung.android.game.gamehome userId : 0
07-10 00:39:43.555 11749 11749 I GameLauncher: [(SourceFile:1):g] setAlarmService isOn true interval 3600000
07-10 00:39:43.565 11749 11749 I GameLauncher: [(SourceFile:3):onCreate]
07-10 00:39:43.566 11611 11611 I ViewRootImpl@350961d[IsolationActivity]: performTraversals params={(0,0)(fillxfill) sim={adjust=pan forwardNavigation} ty=BASE_APPLICATION wanim=0x1030001
07-10 00:39:43.566 11611 11611 I ViewRootImpl@350961d[IsolationActivity]:   fl=1810580
07-10 00:39:43.566 11611 11611 I ViewRootImpl@350961d[IsolationActivity]:   pfl=12020040
07-10 00:39:43.566 11611 11611 I ViewRootImpl@350961d[IsolationActivity]:   bhv=SHOW_TRANSIENT_BARS_BY_SWIPE
07-10 00:39:43.566 11611 11611 I ViewRootImpl@350961d[IsolationActivity]:   fitSides= naviIconColor=0}
07-10 00:39:43.567 11611 11611 I ViewRootImpl@350961d[IsolationActivity]: performTraversals mFirst=true windowShouldResize=true viewVisibilityChanged=false mForceNextWindowRelayout=false params={(0,0)(fillxfill) sim={adjust=pan forwardNavigation} ty=BASE_APPLICATION wanim=0x1030001
07-10 00:39:43.567 11611 11611 I ViewRootImpl@350961d[IsolationActivity]:   fl=1810580
07-10 00:39:43.567 11611 11611 I ViewRootImpl@350961d[IsolationActivity]:   pfl=12020040
07-10 00:39:43.567 11611 11611 I ViewRootImpl@350961d[IsolationActivity]:   bhv=SHOW_TRANSIENT_BARS_BY_SWIPE
07-10 00:39:43.567 11611 11611 I ViewRootImpl@350961d[IsolationActivity]:   fitSides= naviIconColor=0}
07-10 00:39:43.568  5674  8108 V WindowManager: Relayout Window{bf13091 u0 org.jetbrains.android_benchmark.test/androidx.benchmark.IsolationActivity}: viewVisibility=0 req=1080x2312 d0
07-10 00:39:43.569 11749 11749 W DIAGMON_SDK[605056]: UncaughtExceptionLogging can't be enabled because Configuration is null
07-10 00:39:43.569  5362  5405 I SurfaceFlinger: id=10182 createSurf flag=40004, org.jetbrains.android_benchmark.test/androidx.benchmark.IsolationActivity$_11611#10182
07-10 00:39:43.578  5362  5405 I SurfaceFlinger: id=10183 createSurf flag=24000, Surface(name=de4508e StatusBar)/@0x5b09d - animation-leash of insets_animation#10183
07-10 00:39:43.580 11253 11504 E ex.searchplugin: Invalid ID 0x00000000.
07-10 00:39:43.586  5287  5287 D Zygote  : Forked child process 11883
07-10 00:39:43.588  5362  5405 I SurfaceFlinger: id=10184 createSurf flag=24000, Surface(name=a5028fe NavigationBar0)/@0x56652e0 - animation-leash of insets_animation#10184
07-10 00:39:43.595  5674  8108 V WindowManager: Relayout hash=bf13091, pid=11611, syncId=-1: mAttrs={(0,0)(fillxfill) sim={adjust=pan forwardNavigation} ty=BASE_APPLICATION wanim=0x1030001
07-10 00:39:43.595  5674  8108 V WindowManager:   fl=1810580
07-10 00:39:43.595  5674  8108 V WindowManager:   pfl=12020040
07-10 00:39:43.595  5674  8108 V WindowManager:   bhv=SHOW_TRANSIENT_BARS_BY_SWIPE
07-10 00:39:43.595  5674  8108 V WindowManager:   fitSides= naviIconColor=0}
07-10 00:39:43.595  6461  6461 D KeyguardUpdateMonitor: sendKeyguardStateUpdated(false, true, false, false)
07-10 00:39:43.597  6461  6566 D KeyguardUpdateMonitor: broadcast intent= Intent { act=com.samsung.keyguard.KEYGUARD_STATE_UPDATE (has extras) }
07-10 00:39:43.607 11611 11611 I ViewRootImpl@350961d[IsolationActivity]: updateBlastSurfaceIfNeeded mBlastBufferQueue=null isSameSurfaceControl=false
07-10 00:39:43.608  5674  6205 W AlarmManager: Unrecognized alarm listener com.samsung.android.server.battery.WatchBatteryManager$ScreenOffAlarmListener@edbec02
07-10 00:39:43.608 11611 11611 I BLASTBufferQueue: new BLASTBufferQueue, mName= ViewRootImpl@350961d[IsolationActivity] mNativeObject= 0x7b9f7fdc00 sc.mNativeObject= 0x7b940239c0 caller= android.view.ViewRootImpl.updateBlastSurfaceIfNeeded:2909 android.view.ViewRootImpl.relayoutWindow:9847 android.view.ViewRootImpl.performTraversals:3884 android.view.ViewRootImpl.doTraversal:3116 android.view.ViewRootImpl$TraversalRunnable.run:10885 android.view.Choreographer$CallbackRecord.run:1301 android.view.Choreographer$CallbackRecord.run:1309 android.view.Choreographer.doCallbacks:923 android.view.Choreographer.doFrame:852 android.view.Choreographer$FrameDisplayEventReceiver.run:1283
07-10 00:39:43.608 11611 11611 I BLASTBufferQueue: update, w= 1080 h= 2312 mName = ViewRootImpl@350961d[IsolationActivity] mNativeObject= 0x7b9f7fdc00 sc.mNativeObject= 0x7b940239c0 format= -1 caller= android.graphics.BLASTBufferQueue.<init>:84 android.view.ViewRootImpl.updateBlastSurfaceIfNeeded:2909 android.view.ViewRootImpl.relayoutWindow:9847 android.view.ViewRootImpl.performTraversals:3884 android.view.ViewRootImpl.doTraversal:3116 android.view.ViewRootImpl$TraversalRunnable.run:10885
07-10 00:39:43.609 11611 11611 I ViewRootImpl@350961d[IsolationActivity]: Relayout returned: old=(0,88,1080,2400) new=(0,88,1080,2400) req=(1080,2312)0 dur=40 res=0x3 s={true 0x7b940c7800} ch=true seqId=0
07-10 00:39:43.610  5362  5405 W ServiceManager: Permission failure: android.permission.ACCESS_SURFACE_FLINGER from uid=10498 pid=11611
07-10 00:39:43.610  5362  5932 W ServiceManager: Permission failure: android.permission.ACCESS_SURFACE_FLINGER from uid=10498 pid=0
07-10 00:39:43.610 29666 29751 I GameLauncherManagerImp: bindAppsVisibilityQuery completed
07-10 00:39:43.611  5362  5932 D PermissionCache: checking android.permission.ACCESS_SURFACE_FLINGER for uid=10498 => denied (764 us)
07-10 00:39:43.611  5362  5405 D PermissionCache: checking android.permission.ACCESS_SURFACE_FLINGER for uid=10498 => denied (757 us)
07-10 00:39:43.611 29666 29751 I GameLauncherManagerImp: Game app : pl.aidemmedia.RealisticBridge
07-10 00:39:43.611 29666 29751 I GameLauncherManagerImp: Game app : com.AXgamesoft.TurbopropFS
07-10 00:39:43.611 29666 29751 I GameLauncherManagerImp: Game app : com.fungames.flightpilot
07-10 00:39:43.611 29666 29751 I GameLauncherManagerImp: Game app : com.teapotgames.avionflightsimulator
07-10 00:39:43.612  5362  5405 W ServiceManager: Permission failure: android.permission.ROTATE_SURFACE_FLINGER from uid=10498 pid=11611
07-10 00:39:43.612  5362  5405 D PermissionCache: checking android.permission.ROTATE_SURFACE_FLINGER for uid=10498 => denied (654 us)
07-10 00:39:43.612  5362  5405 W ServiceManager: Permission failure: android.permission.INTERNAL_SYSTEM_WINDOW from uid=10498 pid=11611
07-10 00:39:43.612  5362  5405 D PermissionCache: checking android.permission.INTERNAL_SYSTEM_WINDOW for uid=10498 => denied (445 us)
07-10 00:39:43.612  5362  5932 W ServiceManager: Permission failure: android.permission.ROTATE_SURFACE_FLINGER from uid=10498 pid=0
07-10 00:39:43.612  5362  5932 D PermissionCache: checking android.permission.ROTATE_SURFACE_FLINGER for uid=10498 => denied (1338 us)
07-10 00:39:43.613 11611 11611 I ViewRootImpl@350961d[IsolationActivity]: mThreadedRenderer.initialize() mSurface={isValid=true 0x7b940c7800} hwInitialized=true
07-10 00:39:43.615  5362  5362 I Layer   : id=10165 removeFromCurrentState Surface(name=de4508e StatusBar)/@0x5b09d - animation-leash of insets_animation#10165 (158)
07-10 00:39:43.615  5362  5362 I Layer   : id=10166 removeFromCurrentState Surface(name=a5028fe NavigationBar0)/@0x56652e0 - animation-leash of insets_animation#10166 (158)
07-10 00:39:43.615  5362  5362 D SurfaceFlinger: [input] inputWindowCommands.focusRequests size is 1
07-10 00:39:43.615  5362  5362 I SurfaceFlinger: id=10165 Removed Surface(name=de4508e StatusBar)/@0x5b09d - animation-leash of insets_animation#10165 (158)
07-10 00:39:43.615  5362  5362 I SurfaceFlinger: id=10166 Removed Surface(name=a5028fe NavigationBar0)/@0x56652e0 - animation-leash of insets_animation#10166 (158)
07-10 00:39:43.615  5362  5362 I Layer   : id=10165 Destroyed Surface(name=de4508e StatusBar)/@0x5b09d - animation-leash of insets_animation#10165
07-10 00:39:43.615  5362  5362 I Layer   : id=10166 Destroyed Surface(name=a5028fe NavigationBar0)/@0x56652e0 - animation-leash of insets_animation#10166
07-10 00:39:43.616 29666 29751 I GameLauncherManagerImp: null does not contain game list
07-10 00:39:43.616 29666 29751 I GameLauncherManagerImp: com.sec.android.app.myfiles does not contain game list
07-10 00:39:43.616 29666 29751 I GameLauncherManagerImp: com.sec.android.app.fm does not contain game list
07-10 00:39:43.616 29666 29751 I GameLauncherManagerImp: null does not contain game list
07-10 00:39:43.616 29666 29751 I GameLauncherManagerImp: com.google.android.googlequicksearchbox does not contain game list
07-10 00:39:43.616 29666 29751 I GameLauncherManagerImp: com.android.chrome does not contain game list
07-10 00:39:43.616  5362  5458 D SurfaceFlinger: [input] setFocusedWindow: bf13091 org.jetbrains.android_benchmark.test/androidx.benchmark.IsolationActivity
07-10 00:39:43.617  5674  9681 D InputDispatcher: Focus request (0): bf13091 org.jetbrains.android_benchmark.test/androidx.benchmark.IsolationActivity but waiting because NO_WINDOW
07-10 00:39:43.617 29666 29751 I GameLauncherManagerImp: com.google.android.gm does not contain game list
07-10 00:39:43.617 29666 29751 I GameLauncherManagerImp: com.google.android.apps.maps does not contain game list
07-10 00:39:43.617 29666 29751 I GameLauncherManagerImp: com.google.android.youtube does not contain game list
07-10 00:39:43.617 29666 29751 I GameLauncherManagerImp: com.microsoft.skydrive does not contain game list
07-10 00:39:43.617 29666 29751 I GameLauncherManagerImp: com.android.vending does not contain game list
07-10 00:39:43.617 29666 29751 I GameLauncherManagerImp: com.sec.android.app.samsungapps does not contain game list
07-10 00:39:43.617 29666 29751 I GameLauncherManagerImp: com.samsung.android.dialer does not contain game list
07-10 00:39:43.617 29666 29751 I GameLauncherManagerImp: com.samsung.android.messaging does not contain game list
07-10 00:39:43.617 29666 29751 I GameLauncherManagerImp: com.sec.android.app.camera does not contain game list
07-10 00:39:43.617 29666 29751 I GameLauncherManagerImp: com.sec.android.gallery3d does not contain game list
07-10 00:39:43.617 29666 29751 I GameLauncherManagerImp: com.sec.android.app.clockpackage does not contain game list
07-10 00:39:43.617 29666 29751 I GameLauncherManagerImp: com.samsung.android.app.contacts does not contain game list
07-10 00:39:43.617 29666 29751 I GameLauncherManagerImp: com.android.settings does not contain game list
07-10 00:39:43.617 29666 29751 I GameLauncherManagerImp: com.samsung.android.calendar does not contain game list
07-10 00:39:43.617 29666 29751 I GameLauncherManagerImp: com.samsung.android.game.gamehome does not contain game list
07-10 00:39:43.617 29666 29751 I GameLauncherManagerImp: com.sec.android.easyMover does not contain game list
07-10 00:39:43.618 29666 29751 I GameLauncherManagerImp: ru.yandex.searchplugin does not contain game list
07-10 00:39:43.619 29666 29751 I GameLauncherManagerImp: ru.mail.mailapp does not contain game list
07-10 00:39:43.619 29666 29751 I GameLauncherManagerImp: ru.samsung.catalog does not contain game list
07-10 00:39:43.619 29666 29751 I GameLauncherManagerImp: com.google.android.apps.docs does not contain game list
07-10 00:39:43.619 29666 29751 I GameLauncherManagerImp: com.google.android.apps.photos does not contain game list
07-10 00:39:43.619 29666 29751 I GameLauncherManagerImp: com.sec.android.app.popupcalculator does not contain game list
07-10 00:39:43.619 29666 29751 I GameLauncherManagerImp: com.samsung.android.app.watchmanager does not contain game list
07-10 00:39:43.620 29666 29751 I GameLauncherManagerImp: com.sec.android.app.shealth does not contain game list
07-10 00:39:43.620 29666 29751 I GameLauncherManagerImp: com.samsung.android.voc does not contain game list
07-10 00:39:43.620 29666 29751 I GameLauncherManagerImp: com.samsung.android.app.notes does not contain game list
07-10 00:39:43.620 29666 29751 I GameLauncherManagerImp: com.sec.android.app.voicenote does not contain game list
07-10 00:39:43.620 29666 29751 I GameLauncherManagerImp: com.microsoft.office.officehubrow does not contain game list
07-10 00:39:43.620 29666 29751 I GameLauncherManagerImp: com.samsung.android.app.tips does not contain game list
07-10 00:39:43.620 29666 29751 I GameLauncherManagerImp: org.telegram.messenger does not contain game list
07-10 00:39:43.620 29666 29751 I GameLauncherManagerImp: org.stepic.droid does not contain game list
07-10 00:39:43.620 29666 29751 I GameLauncherManagerImp: com.yandex.browser does not contain game list
07-10 00:39:43.620 29666 29751 I GameLauncherManagerImp: com.google.android.apps.docs.editors.sheets does not contain game list
07-10 00:39:43.620 29666 29751 I GameLauncherManagerImp: com.bukhmastov.cdoitmo does not contain game list
07-10 00:39:43.620 29666 29751 I GameLauncherManagerImp: ru.yandex.mail does not contain game list
07-10 00:39:43.620 29666 29751 I GameLauncherManagerImp: com.discord does not contain game list
07-10 00:39:43.620 29666 29751 I GameLauncherManagerImp: com.whatsapp does not contain game list
07-10 00:39:43.620 29666 29751 I GameLauncherManagerImp: com.google.android.keep does not contain game list
07-10 00:39:43.620 29666 29751 I GameLauncherManagerImp: ru.yandex.translate does not contain game list
07-10 00:39:43.620 29666 29751 I GameLauncherManagerImp: com.google.android.apps.tasks does not contain game list
07-10 00:39:43.620 29666 29751 I GameLauncherManagerImp: com.rhmsoft.edit does not contain game list
07-10 00:39:43.620 29666 29751 I GameLauncherManagerImp: ru.yandex.yandexmaps does not contain game list
07-10 00:39:43.620 29666 29751 I GameLauncherManagerImp: com.termux does not contain game list
07-10 00:39:43.620 29666 29751 I GameLauncherManagerImp: ru.ifmo.main does not contain game list
07-10 00:39:43.620 29666 29751 I GameLauncherManagerImp: com.rarlab.rar does not contain game list
07-10 00:39:43.620 29666 29751 I GameLauncherManagerImp: com.google.android.apps.photos.scanner does not contain game list
07-10 00:39:43.620 29666 29751 I GameLauncherManagerImp: com.google.android.apps.docs.editors.slides does not contain game list
07-10 00:39:43.620 29666 29751 I GameLauncherManagerImp: org.zwanoo.android.speedtest does not contain game list
07-10 00:39:43.620 29666 29751 I GameLauncherManagerImp: ru.megafon.mlk does not contain game list
07-10 00:39:43.621 29666 29751 I GameLauncherManagerImp: com.kms.free does not contain game list
07-10 00:39:43.621 29666 29751 I GameLauncherManagerImp: com.microsoft.office.word does not contain game list
07-10 00:39:43.621 29666 29751 I GameLauncherManagerImp: com.shazam.android does not contain game list
07-10 00:39:43.621 29666 29751 I GameLauncherManagerImp: org.mozilla.firefox does not contain game list
07-10 00:39:43.621 29666 29751 I GameLauncherManagerImp: org.microemu.android.paintcad.PaintCAD does not contain game list
07-10 00:39:43.621 29666 29751 I GameLauncherManagerImp: ru.iiec.pydroid3 does not contain game list
07-10 00:39:43.621 29666 29751 I GameLauncherManagerImp: org.openobservatory.ooniprobe does not contain game list
07-10 00:39:43.621 29666 29751 I GameLauncherManagerImp: ru.yandex.disk does not contain game list
07-10 00:39:43.621 29666 29751 I GameLauncherManagerImp: ru.iiec.cxxdroid does not contain game list
07-10 00:39:43.621 29666 29751 I GameLauncherManagerImp: ru.yandex.yandexnavi does not contain game list
07-10 00:39:43.621 29666 29751 I GameLauncherManagerImp: com.google.android.inputmethod.japanese does not contain game list
07-10 00:39:43.621 29666 29751 I GameLauncherManagerImp: com.wolfram.android.alpha does not contain game list
07-10 00:39:43.621 29666 29751 I GameLauncherManagerImp: com.google.android.calculator does not contain game list
07-10 00:39:43.621 29666 29751 I GameLauncherManagerImp: com.microsoft.launcher does not contain game list
07-10 00:39:43.621 29666 29751 I GameLauncherManagerImp: org.geogebra.android.g3d does not contain game list
07-10 00:39:43.621 29666 29751 I GameLauncherManagerImp: com.google.android.apps.googleassistant does not contain game list
07-10 00:39:43.621 29666 29751 I GameLauncherManagerImp: com.google.android.apps.translate does not contain game list
07-10 00:39:43.621 29666 29751 I GameLauncherManagerImp: cz.hipercalc does not contain game list
07-10 00:39:43.621 29666 29751 I GameLauncherManagerImp: com.duckduckgo.mobile.android does not contain game list
07-10 00:39:43.621 29666 29751 I GameLauncherManagerImp: com.teremok.keys does not contain game list
07-10 00:39:43.621 29666 29751 I GameLauncherManagerImp: ru.ifmo.itmostudents does not contain game list
07-10 00:39:43.621 29666 29751 I GameLauncherManagerImp: com.Slack does not contain game list
07-10 00:39:43.621 29666 29751 I GameLauncherManagerImp: com.google.android.apps.docs.editors.docs does not contain game list
07-10 00:39:43.621 29666 29751 I GameLauncherManagerImp: com.github.android does not contain game list
07-10 00:39:43.621 29666 29751 I GameLauncherManagerImp: com.microsoft.office.excel does not contain game list
07-10 00:39:43.621 29666 29751 I GameLauncherManagerImp: itools.termuxt does not contain game list
07-10 00:39:43.621 29666 29751 I GameLauncherManagerImp: de.codenauts.hockeyapp does not contain game list
07-10 00:39:43.621 29666 29751 I GameLauncherManagerImp: com.microblink.photomath does not contain game list
07-10 00:39:43.621 29666 29751 I GameLauncherManagerImp: ru.mail.cloud does not contain game list
07-10 00:39:43.621 29666 29751 I GameLauncherManagerImp: org.torproject.android does not contain game list
07-10 00:39:43.621 29666 29751 I GameLauncherManagerImp: com.azure.authenticator does not contain game list
07-10 00:39:43.622 29666 29751 I GameLauncherManagerImp: org.geogebra.android does not contain game list
07-10 00:39:43.622 29666 29751 I GameLauncherManagerImp: com.skype.raider does not contain game list
07-10 00:39:43.622 29666 29751 I GameLauncherManagerImp: ru.yandex.weatherplugin does not contain game list
07-10 00:39:43.622 29666 29751 I GameLauncherManagerImp: ru.yandex.taxi does not contain game list
07-10 00:39:43.622 29666 29751 I GameLauncherManagerImp: com.google.android.music does not contain game list
07-10 00:39:43.622 29666 29751 I GameLauncherManagerImp: com.paprbit.dcoder does not contain game list
07-10 00:39:43.622 29666 29751 I GameLauncherManagerImp: com.google.android.contacts does not contain game list
07-10 00:39:43.622 29666 29751 I GameLauncherManagerImp: com.google.android.apps.nbu.files does not contain game list
07-10 00:39:43.622 29666 29751 I GameLauncherManagerImp: roviminteractive.materialcopy does not contain game list
07-10 00:39:43.622 29666 29751 I GameLauncherManagerImp: com.google.android.inputmethod.latin does not contain game list
07-10 00:39:43.622  5300  5300 I display : getColorModes:: is not supported
07-10 00:39:43.622 29666 29751 I GameLauncherManagerImp: tv.twitch.android.app does not contain game list
07-10 00:39:43.623  5300  5300 I display : getColorModes:: is not supported
07-10 00:39:43.623 29666 29751 I GameLauncherManagerImp: com.psiphon3.subscription does not contain game list
07-10 00:39:43.623 29666 29751 I GameLauncherManagerImp: com.adobe.reader does not contain game list
07-10 00:39:43.623 29666 29751 I GameLauncherManagerImp: io.meduza.meduza does not contain game list
07-10 00:39:43.623 29666 29751 I GameLauncherManagerImp: jp.co.canon.android.printservice.plugin does not contain game list
07-10 00:39:43.623 29666 29751 I GameLauncherManagerImp: org.mozilla.screenshot.go does not contain game list
07-10 00:39:43.623 29666 29751 I GameLauncherManagerImp: ru.rostel does not contain game list
07-10 00:39:43.623 29666 29751 I GameLauncherManagerImp: ru.tele2.mytele2 does not contain game list
07-10 00:39:43.623 29666 29751 I GameLauncherManagerImp: ru.yandex.metro does not contain game list
07-10 00:39:43.623 29666 29751 I GameLauncherManagerImp: com.glovo does not contain game list
07-10 00:39:43.623 29666 29751 I GameLauncherManagerImp: com.google.android.apps.walletnfcrel does not contain game list
07-10 00:39:43.623 29666 29751 I GameLauncherManagerImp: rs.telenor.mymenu does not contain game list
07-10 00:39:43.623 29666 29751 I GameLauncherManagerImp: ru.tinkoff.investing does not contain game list
07-10 00:39:43.623 29666 29751 I GameLauncherManagerImp: ru.fns.lkfl does not contain game list
07-10 00:39:43.623 29666 29751 I GameLauncherManagerImp: com.wolt.android does not contain game list
07-10 00:39:43.623 29666 29751 I GameLauncherManagerImp: us.zoom.videomeetings does not contain game list
07-10 00:39:43.623 29666 29751 I GameLauncherManagerImp: com.rsupport.rs.activity.rsupport.aas2 does not contain game list
07-10 00:39:43.623 29666 29751 I GameLauncherManagerImp: com.google.android.apps.tachyon does not contain game list
07-10 00:39:43.623 29666 29751 I GameLauncherManagerImp: space.linuxct.phoneaccountdetector does not contain game list
07-10 00:39:43.624  5362  5932 E HWComposer: getSupportedContentTypes: getSupportedContentTypes failed for display 0: Unsupported (8)
07-10 00:39:43.624 29666 29751 I GameLauncherManagerImp: com.AXgamesoft.TurbopropFS contains game list
07-10 00:39:43.624 11611 11710 I ViewRootImpl@350961d[IsolationActivity]: Resizing android.view.ViewRootImpl@2ecb88c: frame = [0,88][1080,2400] reportDraw = true forceLayout = false syncSeqId = 0
07-10 00:39:43.625 29666 29751 I GameLauncherManagerImp: rs.raiffeisen.raipay does not contain game list
07-10 00:39:43.625 29666 29751 I GameLauncherManagerImp: com.evrasia does not contain game list
07-10 00:39:43.625 29666 29751 I GameLauncherManagerImp: com.microsoft.teams does not contain game list
07-10 00:39:43.625  6461  8856 I ViewRootImpl@ff86275[test]: Resizing android.view.ViewRootImpl@fb8a357: frame = [0,0][1080,2400] reportDraw = false forceLayout = false syncSeqId = 0
07-10 00:39:43.625 29666 29751 I GameLauncherManagerImp: com.google.android.calendar does not contain game list
07-10 00:39:43.625 29666 29751 I GameLauncherManagerImp: com.fungames.flightpilot contains game list
07-10 00:39:43.625  6461  6489 I ViewRootImpl@e583085[ScreenDecorOverlay]: Resizing android.view.ViewRootImpl@425fe39: frame = [0,0][1080,100] reportDraw = false forceLayout = false syncSeqId = 140
07-10 00:39:43.625 29666 29751 I GameLauncherManagerImp: com.teapotgames.avionflightsimulator contains game list
07-10 00:39:43.625 29666 29751 I GameLauncherManagerImp: ch.protonvpn.android does not contain game list
07-10 00:39:43.626 29666 29751 I GameLauncherManagerImp: com.microsoft.office.officelens does not contain game list
07-10 00:39:43.626 29666 29751 I GameLauncherManagerImp: com.jetbrains.youtrack.mobile.app does not contain game list
07-10 00:39:43.626 29666 29751 I GameLauncherManagerImp: com.vrem.wifianalyzer does not contain game list
07-10 00:39:43.626 29666 29751 I GameLauncherManagerImp: com.quip.quip does not contain game list
07-10 00:39:43.626 29666 29751 I GameLauncherManagerImp: com.moodle.moodlemobile does not contain game list
07-10 00:39:43.626 29666 29751 I GameLauncherManagerImp: org.kde.kdeconnect_tp does not contain game list
07-10 00:39:43.626 29666 29751 I GameLauncherManagerImp: org.kde.kalgebramobile does not contain game list
07-10 00:39:43.626  6461  6526 D InsetsController: onStateChanged: InsetsState: {mDisplayFrame=Rect(0, 0 - 1080, 2400), mDisplayCutout=DisplayCutout{insets=Rect(0, 88 - 0, 0) waterfall=Insets{left=0, top=0, right=0, bottom=0} boundingRect={Bounds=[Rect(0, 0 - 0, 0), Rect(512, 0 - 568, 88), Rect(0, 0 - 0, 0), Rect(0, 0 - 0, 0)]} cutoutPathParserInfo={CutoutPathParserInfo{displayWidth=1080 displayHeight=2400 physicalDisplayWidth=1080 physicalDisplayHeight=2400 density={2.625} cutoutSpec={M 0,0 M 0,12.25101276465640 a 10.60613009248640,10.60613009248640 0 1,0 0,21.21226018497290 a 10.60613009248640,10.60613009248640 0 1,0 0,-21.21226018497290 Z @dp} rotation={0} scale={1.0} physicalPixelDisplaySizeRatio={1.0}}}}, mRoundedCorners=RoundedCorners{[RoundedCorner{position=TopLeft, radius=84, center=Point(84, 84)}, RoundedCorner{position=TopRight, radius=84, center=Point(996, 84)}, RoundedCorner{position=BottomRight, radius=84, center=Point(996, 2316)}, RoundedCorner{position=BottomLeft, radius=84, center=Point(84, 2316)}]}  mRoundedCornerFrame=Rect(0, 0 - 1080, 2400), mPrivacyIndicatorBounds=PrivacyIndicatorBounds {static bounds=Rect(964, 0 - 1080, 88) rotation=0}, mSources= { InsetsSource: {mType=ITYPE_STATUS_BAR, mFrame=[0,0][1080,88], mVisible=false, mInsetsRoundedCornerFrame=false}, InsetsSource: {mType=ITYPE_NAVIGATION_BAR, mFrame=[0,2274][1080,2400], mVisible=true, mInsetsRoundedCornerFrame=false}, InsetsSource: {mType=ITYPE_LEFT_GESTURES, mFrame=[0,0][0,2400], mVisible=true, mInsetsRoundedCornerFrame=false}, InsetsSource: {mType=ITYPE_RIGHT_GESTURES, mFrame=[1080,0][1080,2400], mVisible=true, mInsetsRoundedCornerFrame=false}, InsetsSource: {mType=ITYPE_TOP_MANDATORY_GESTURES, mFrame=[0,0][1080,120], mVisible=true, mInsetsRoundedCornerFrame=false}, InsetsSource: {mType=ITYPE_BOTTOM_MANDATORY_GESTURES, mFrame=[0,2274][1080,2400], mVisible=true, mInsetsRoundedCornerFrame=false}, InsetsSource: {mType=ITYPE_LEFT_DISPLAY_CUTOUT, mFrame=[0,0][-100000,2400], mVisible=true, mInsetsRoundedCornerFrame=false}, InsetsSource: {mType=ITYPE_TOP_DISPLAY_CUTOUT, mFrame=[0,0][1080,88], mVisible=true, mInsetsRoundedCornerFrame=false}, InsetsSource: {mType=ITYPE_RIGHT_DISPLAY_CUTOUT, mFrame=[100000,0][1080,2400], mVisible=true, mInsetsRoundedCornerFrame=false}, InsetsSource: {mType=ITYPE_BOTTOM_DISPLAY_CUTOUT, mFrame=[0,100000][1080,2400], mVisible=true, mInsetsRoundedCornerFrame=false}, InsetsSource: {mType=ITYPE_TOP_TAPPABLE_ELEMENT, mFrame=[0,0][1080,88], mVisible=true, mInsetsRoundedCornerFrame=false}, InsetsSource: {mType=ITYPE_BOTTOM_TAPPABLE_ELEMENT, mFrame=[0,2274][1080,2400], mVisible=true, mInsetsRoundedCornerFrame=false} } host=Splash Screen org.jetbrains.android_benchmark.test from=android.view.ViewRootImpl$ViewRootHandler.handleMessageImpl:6727
07-10 00:39:43.626 29666 29751 I GameLauncherManagerImp: com.appcargo.user does not contain game list
07-10 00:39:43.626 29666 29751 I GameLauncherManagerImp: com.Splitwise.SplitwiseMobile does not contain game list
07-10 00:39:43.626 29666 29751 I GameLauncherManagerImp: com.samsung.android.game.gamelab does not contain game list
07-10 00:39:43.626 29666 29751 I GameLauncherManagerImp: pl.aidemmedia.RealisticBridge contains game list
07-10 00:39:43.626 29666 29751 I GameLauncherManagerImp: com.jetbrains.space does not contain game list
07-10 00:39:43.627  6461  6526 I ViewRootImpl@ff86275[test]: handleResized, msg = 4 frames=ClientWindowFrames{frame=[0,0][1080,2400] display=[0,0][1080,2400] parentFrame=[0,0][0,0] parentClippedByDisplayCutout=false} forceNextWindowRelayout=false displayId=0 resizeMode=-1 frameChanged=false displayFrameChanged=false configChanged=false displayChanged=false
07-10 00:39:43.627 29666 29751 I GameLauncherManagerImp: com.google.android.play.games does not contain game list
07-10 00:39:43.627 29666 29751 I GameLauncherManagerImp: com.microsoft.todos does not contain game list
07-10 00:39:43.627 29666 29751 I GameLauncherManagerImp: com.playstation.knowledge does not contain game list
07-10 00:39:43.627  6461  7600 I ViewRootImpl@e583085[ScreenDecorOverlay]: handleResized, msg = 4 frames=ClientWindowFrames{frame=[0,0][1080,100] display=[0,0][1080,2400] parentFrame=[0,0][0,0] parentClippedByDisplayCutout=false} forceNextWindowRelayout=false displayId=0 resizeMode=-1 frameChanged=false displayFrameChanged=false configChanged=false displayChanged=false
07-10 00:39:43.627 11611 11611 I ViewRootImpl@350961d[IsolationActivity]: reportNextDraw android.view.ViewRootImpl.performTraversals:4438 android.view.ViewRootImpl.doTraversal:3116 android.view.ViewRootImpl$TraversalRunnable.run:10885 android.view.Choreographer$CallbackRecord.run:1301 android.view.Choreographer$CallbackRecord.run:1309
07-10 00:39:43.628 11611 11611 I ViewRootImpl@350961d[IsolationActivity]: Setup new sync id=0
07-10 00:39:43.628 11611 11611 I ViewRootImpl@350961d[IsolationActivity]: Setting syncFrameCallback
07-10 00:39:43.627 29666 29751 I GameLauncherManagerImp: com.reddit.frontpage does not contain game list
07-10 00:39:43.628 29666 29751 I GameLauncherManagerImp: ru.filit.mvideo.b2c does not contain game list
07-10 00:39:43.628 29666 29751 I GameLauncherManagerImp: com.idamob.tinkoff.android does not contain game list
07-10 00:39:43.628 29666 29751 I GameLauncherManagerImp: com.twitter.android does not contain game list
07-10 00:39:43.628 29666 29751 I GameLauncherManagerImp: com.example.benchmark does not contain game list
07-10 00:39:43.628 29666 29751 I GameLauncherManagerImp: com.samsung.android.arzone does not contain game list
07-10 00:39:43.628 29666 29751 I GameLauncherManagerImp: ru.omnics does not contain game list
07-10 00:39:43.628 29666 29751 I GameLauncherManagerImp: rs.Raiffeisen.mobile does not contain game list
07-10 00:39:43.628 29666 29751 I GameLauncherManagerImp: com.duolingo does not contain game list
07-10 00:39:43.628 29666 29751 I GameLauncherManagerImp: com.google.android.apps.meetings does not contain game list
07-10 00:39:43.628 29666 29751 I GameLauncherManagerImp: com.linkedin.android does not contain game list
07-10 00:39:43.628 29666 29751 I GameLauncherManagerImp: ru.yandex.telemost does not contain game list
07-10 00:39:43.628 29666 29751 I GameLauncherManagerImp: com.tranzmate does not contain game list
07-10 00:39:43.628 29666 29751 I GameLauncherManagerImp: notion.id does not contain game list
07-10 00:39:43.628 29666 29751 I GameLauncherManagerImp: com.delhaize.maxi.loyalty does not contain game list
07-10 00:39:43.629 29666 29751 I GameLauncherManagerImp: com.xiaomi.smarthome does not contain game list
07-10 00:39:43.630 11611 11727 D OpenGLRenderer: eglCreateWindowSurface
