07-10 01:18:14.730  5674  7451 I [MCFSDK_android_1.2.4010]_4_b: isNetworkEnabled - type : 1 ret : true
07-10 01:18:14.730  5674  7451 D WifiProfileShare.McfCast: -ME--- mIsNetworkEnabled :true
07-10 01:18:14.730  5674  7451 D WifiProfileShare.McfCast: updateQoSData ignored, same contents
07-10 01:18:14.730  5674  7451 D WifiProfileShare.MCF: success update QosData !
07-10 01:18:14.731  5674  7451 I [MCFSDK_android_1.2.4010]_4_b: isNetworkEnabled - type : 1 ret : true
07-10 01:18:14.731  5674  7451 D WifiProfileShare.McfCast: -ME--- mIsNetworkEnabled :true
07-10 01:18:14.732  5674  7451 D WifiProfileShare.McfCast: -ME--- updatePasswordDate pwdData size:2
07-10 01:18:14.769 16924 20137 I ChimeraSrvcProxy: NullBinder for android.net.action.RECOMMEND_NETWORKS triggering remote TransactionTooLargeException due to Service without Chimera impl
07-10 01:18:14.794 16924 20137 W .gms.persistent: Large reply transaction of 1056768 bytes, interface descriptor , code 1
07-10 01:18:14.840  6461  6566 D NetworkController.WifiSignalController: notifyListener: visible=true, connected=true, inetCondition=1, isDefault=true, wifiTestReported=true, receivedInetCondition=-1, hideDuringMobileSwitching=false
07-10 01:18:15.777 31802 32118 I PolicyManager: [#CMH#] Is foreground game app: false
07-10 01:18:15.861 31802 32118 I ControllerUtils: [#CMH#] StoryService:  9, isNonJustShotRunningPossible: false, isStopHeavyTask: true
07-10 01:18:15.914 31802 32118 I ControllerUtils: [#CMH#] IPService:  5, isNonJustShotRunningPossible: false, isStopHeavyTask: true
07-10 01:18:15.969 31802 32118 I ControllerUtils: [#CMH#] FaceService:  2, isNonJustShotRunningPossible: false, isStopHeavyTask: true
07-10 01:18:16.827  5674 26228 D TrafficStats: tagSocket(874) with statsTag=0xffffffff, statsUid=-1
07-10 01:18:17.033  5674 26228 D WifiConnectivityMonitor.DnsThread:  [|207]
07-10 01:18:17.034  5674  6182 D WifiConnectivityMonitor.NetworkStatsAnalyzer: DNS resultType : 0, responseTime : 207
07-10 01:18:17.036  5674  6164 D OpenNetworkQos[4.00]: updateBssidLatestDnsResultType - result: 0
07-10 01:18:17.036  5674  6164 D OpenNetworkQos[4.00]: updateBssidNoInternet: mBssidNoInternet = false
07-10 01:18:17.036  5674  6164 D OpenNetworkQos[4.00]: getOpenNetworkQosNoInternetStatus: false
07-10 01:18:17.036  5674  6164 D OpenNetworkQos[4.00]: getOpenNetworkQosScores: 26 26 26
07-10 01:18:17.037  5674  6164 I WifiProfileShare: network QoS data was changed (internet), updateQoSData networkType: true, qosData: false
07-10 01:18:17.038  5674  7451 V WifiProfileShare.Caster: update wips network, size: 0
07-10 01:18:17.038  5674  7451 D WifiProfileShare: nearby scanning settings run
07-10 01:18:17.039  5674  7451 D WifiProfileShare: network score provider settings enabled
07-10 01:18:17.039  5674  7451 D OpenNetworkQos[4.00]: getOpenNetworkQosScores: 26 26 26
07-10 01:18:17.039  5674  7451 D OpenNetworkQos[4.00]: getOpenNetworkQosNoInternetStatus: false
07-10 01:18:17.039  5674  7451 I WifiProfileShare.Caster: current network type: 0, score: [26, 26, 26]
07-10 01:18:17.040  5674  7451 V WifiProfileShare.Cache: update network score 00:e4:06:**:**:90
07-10 01:18:17.040  5674  7451 D WifiProfileShare.ScanMatcher: getMcfDataList size:2
07-10 01:18:17.041  5674  7451 I WifiProfileShare.Caster: qos data was updated , before:type:QOS, pBssid:51:2e:90, qosData:7c after:type:QOS, pBssid:51:2e:90, qosData:7c
07-10 01:18:17.043  5674  7451 I [MCFSDK_android_1.2.4010]_4_b: isNetworkEnabled - type : 1 ret : true
07-10 01:18:17.043  5674  7451 D WifiProfileShare.McfCast: -ME--- mIsNetworkEnabled :true
07-10 01:18:17.043  5674  7451 D WifiProfileShare.McfCast: updateQoSData ignored, same contents
07-10 01:18:17.043  5674  7451 D WifiProfileShare.MCF: success update QosData !
07-10 01:18:17.044  5674  7451 I [MCFSDK_android_1.2.4010]_4_b: isNetworkEnabled - type : 1 ret : true
07-10 01:18:17.045  5674  7451 D WifiProfileShare.McfCast: -ME--- mIsNetworkEnabled :true
07-10 01:18:17.045  5674  7451 D WifiProfileShare.McfCast: -ME--- updatePasswordDate pwdData size:2
07-10 01:18:17.754  5674  7726 D SemWifiUsabilityStatsMonitor: onWifiUsabilityStats - seqNum 21785, isSameBssidAndFreq true
07-10 01:18:17.757  6461  6461 D NetworkController.WifiSignalController: notifyListener: visible=true, connected=true, inetCondition=1, isDefault=true, wifiTestReported=true, receivedInetCondition=-1, hideDuringMobileSwitching=false
07-10 01:18:17.757  5674  6128 I SemWifiLinkQualityMonitor: Link Qos Query: 0.137 ms / 58.400 Mbps (292 / 0.000 / 5.000)
07-10 01:18:20.786  5674  7726 D SemWifiUsabilityStatsMonitor: onWifiUsabilityStats - seqNum 21786, isSameBssidAndFreq true
07-10 01:18:20.789  5674  6128 I SemWifiLinkQualityMonitor: Link Qos Query: 0.068 ms / 116.800 Mbps (292 / 0.000 / 2.500)
07-10 01:18:23.840  5674  7726 D SemWifiUsabilityStatsMonitor: onWifiUsabilityStats - seqNum 21787, isSameBssidAndFreq true
07-10 01:18:23.847  5674  6128 I SemWifiLinkQualityMonitor: Link Qos Query: 0.068 ms / 116.800 Mbps (292 / 0.000 / 2.500)
07-10 01:18:23.847  6461  6461 D NetworkController.WifiSignalController: notifyListener: visible=true, connected=true, inetCondition=1, isDefault=true, wifiTestReported=true, receivedInetCondition=-1, hideDuringMobileSwitching=false
07-10 01:18:26.880  5674  7726 D SemWifiUsabilityStatsMonitor: onWifiUsabilityStats - seqNum 21788, isSameBssidAndFreq true
07-10 01:18:26.883  5674  6128 I SemWifiLinkQualityMonitor: Link Qos Query: 0.068 ms / 116.800 Mbps (292 / 0.000 / 2.500)
07-10 01:18:26.989 31135 32652 I native  : I0000 00:00:1688944706.988923   32652 soda_async_impl.cc:1540] Current audio timestamp: 1688944706620242
07-10 01:18:27.919  6461  6566 D MobileStatusTracker(1/2): onSignalStrengthsChanged level=3, vendorLevel=2
07-10 01:18:27.924  6461  6566 D MobileSignalController(1/2): notifyListener: enabled=true, connected=true, dataConnected=false, networkType=LTE (4G), emergencyOnly=false, roaming=false, isDefault=false, dataActivity=, level=2, ca=false, mmWave=false, disabledDataIcon=false, simCard=ETC
07-10 01:18:27.926  6461  6566 D NetworkController: SignalStrength from intent slotId=1
07-10 01:18:28.451 31135 31452 I A       : (REDACTED) #onAudioData: %s bytes, getAudioReadSize %s
07-10 01:18:29.932  5674  7726 D SemWifiUsabilityStatsMonitor: onWifiUsabilityStats - seqNum 21789, isSameBssidAndFreq true
07-10 01:18:29.934  5674  6128 I SemWifiLinkQualityMonitor: Link Qos Query: 0.073 ms / 109.500 Mbps (292 / 0.000 / 2.667)
07-10 01:18:29.935  6461  6461 D NetworkController.WifiSignalController: notifyListener: visible=true, connected=true, inetCondition=1, isDefault=true, wifiTestReported=true, receivedInetCondition=-1, hideDuringMobileSwitching=false
07-10 01:18:30.825 30967 31717 I CountryMonitor: current Iso RS
07-10 01:18:30.830 30967 31717 I ContactsProvider_EventLog: cp_s: [CONTACT con(158) dat(1091) acc({sim(3)=15, sec(6)=1, sim2(4)=1, google(2)=81, org.telegram.messenger(236)=100, com.whatsapp(14)=41}) calls([logtype:100 cnt:877, logtype:200 cnt:5, logtype:300 cnt:495, logtype:1000 cnt:632, logtype:1150 cnt:161]) Iso(RS) uId(0) ]
07-10 01:18:30.830 30967 31717 I ContactsProvider_EventLog: cp_s: [ agr({[2 ,2 ,14 ,236]=1, [2 ,14 ,236]=32, [3]=15, [14]=1, [4]=1, [2 ,14]=4, [2 ,2]=2, [2]=34, [6 ,14]=1, [2 ,236]=3, [236]=62, [2 ,236 ,14]=2}) ]
07-10 01:18:30.830 30967 31717 I ContactsProvider_EventLog: cp_s: [ cnt({acore(30967)=1}) ]
07-10 01:18:30.830 30967 31717 I ContactsProvider_EventLog: cp_s: [PROFILE con(1) dat(1) acc({vnd.sec.contact.phone=1}) ] [SAPROFILE ]
07-10 01:18:30.830 30967 31717 I ContactsProvider_EventLog: cp_s: [STATE R(T) ]
07-10 01:18:31.496  5325  5325 E sehhealth-service: Could not open /sys/class/power_supply/battery/lrp
07-10 01:18:32.976  5674  7726 D SemWifiUsabilityStatsMonitor: onWifiUsabilityStats - seqNum 21790, isSameBssidAndFreq true
07-10 01:18:32.979  5674  6128 I SemWifiLinkQualityMonitor: Link Qos Query: 0.027 ms / 292.000 Mbps (292 / 0.000 / 1.000)
07-10 01:18:34.981 11611 11645 D Benchmark: timeNs[ 0:10]: 634450961 631348808 645665769 634087346 635166731 631242884 639792345 612981576 630378153 626937230
07-10 01:18:34.981 11611 11645 D Benchmark: timeNs[10:20]: 637992230 629858268 613284154 652838422 633476884 625871961 633629461 622450384 634860077 617836884
07-10 01:18:34.981 11611 11645 D Benchmark: timeNs[20:30]: 615662999 631588499 602252538 622662846 620437115 644116577 607708115 641298923 638895500 652782769
07-10 01:18:34.982 11611 11645 D Benchmark: timeNs[30:40]: 650462422 631154192 659351192 633755538 634860500 644656691 634412115 644521115 646442615 634777654
07-10 01:18:34.982 11611 11645 D Benchmark: timeNs[40:50]: 647463154 636315230 636361769 635297845 642516653 631298961 632067654 626958191 631956268 627531115
07-10 01:18:36.023  5674  7726 D SemWifiUsabilityStatsMonitor: onWifiUsabilityStats - seqNum 21791, isSameBssidAndFreq true
07-10 01:18:36.027  6461  6461 D NetworkController.WifiSignalController: notifyListener: visible=true, connected=true, inetCondition=1, isDefault=true, wifiTestReported=true, receivedInetCondition=-1, hideDuringMobileSwitching=false
07-10 01:18:36.027  5674  6128 I SemWifiLinkQualityMonitor: Link Qos Query: 0.027 ms / 292.000 Mbps (292 / 0.000 / 1.000)
07-10 01:18:37.926  5674  9950 D PackageManager: setEnabledSetting : userId = 0 packageName = com.Slack cmp = androidx.work.impl.background.systemalarm.RescheduleReceiver newState = 1 callingPackage = 10329/com.Slack
07-10 01:18:37.928  5674  9950 D ApplicationPolicy: getApplicationStateEnabled : pkg = com.Slack userId : 0
07-10 01:18:37.929  5674  9950 D ApplicationPolicy: getApplicationComponentState : pkg = com.Slack userId : 0
07-10 01:18:37.955  5353  6075 V APM_AudioPolicyManager: setAppState(portId:1005, state:1)
07-10 01:18:37.956  5674  5745 W libprocessgroup: Failed to open /dev/blkio//cgroup.procs: No such file or directory
07-10 01:18:37.979 25156 25229 D ConnectivityManager: StackLog: [android.net.ConnectivityManager.sendRequestForNetwork(ConnectivityManager.java:4300)] [android.net.ConnectivityManager.registerDefaultNetworkCallbackForUid(ConnectivityManager.java:4864)] [android.net.ConnectivityManager.registerDefaultNetworkCallback(ConnectivityManager.java:4831)] [android.net.ConnectivityManager.registerDefaultNetworkCallback(ConnectivityManager.java:4805)] [androidx.work.impl.utils.NetworkApi24.registerDefaultNetworkCallbackCompat(Unknown Source:11)] [androidx.work.impl.constraints.trackers.NetworkStateTracker24.startTracking(Unknown Source:15)] [androidx.work.impl.constraints.controllers.ConstraintController.replace(Unknown Source:130)] [androidx.work.impl.constraints.WorkConstraintsTrackerImpl.replace(Unknown Source:41)] [androidx.work.impl.background.greedy.GreedyScheduler.schedule(Unknown Source:302)] [androidx.work.impl.Schedulers.schedule(Unknown Source:155)] [androidx.work.impl.utils.EnqueueRunnable.run(Unknown Source:53)] [androidx.work.Worker$2.run$androidx$work$impl$utils$SerialExecutorImpl$Task(Unknown Source:4)] [androidx.work.Worker$2.run(Unknown Source:868)] [java.util.concurrent.ThreadPoolExecutor.runWorker(ThreadPoolExecutor.java:1137)] [java.util.concurrent.ThreadPoolExecutor$Worker.run(ThreadPoolExecutor.java:637)] [java.lang.Thread.run(Thread.java:1012)]
07-10 01:18:37.982  5674  9950 D ConnectivityService: requestNetwork for uid/pid:10329/25156 activeRequest: null callbackRequest: 16675 [NetworkRequest [ REQUEST id=16676, [ Capabilities: INTERNET&NOT_RESTRICTED&TRUSTED&NOT_VCN_MANAGED Uid: 10329 RequestorUid: 10329 RequestorPkg: com.Slack UnderlyingNetworks: Null] ]] callback flags: 0 order: 2147483647
07-10 01:18:37.983  5674  6055 D ConnectivityService:    accepting network in place of null
07-10 01:18:37.984  5674  6045 D WifiNetworkFactory: got request NetworkRequest [ REQUEST id=16676, [ Capabilities: INTERNET&NOT_RESTRICTED&TRUSTED&NOT_VCN_MANAGED Uid: 10329 RequestorUid: 10329 RequestorPkg: com.Slack UnderlyingNetworks: Null] ]
07-10 01:18:37.985  5674  6045 D UntrustedWifiNetworkFactory: got request NetworkRequest [ REQUEST id=16676, [ Capabilities: INTERNET&NOT_RESTRICTED&TRUSTED&NOT_VCN_MANAGED Uid: 10329 RequestorUid: 10329 RequestorPkg: com.Slack UnderlyingNetworks: Null] ]
07-10 01:18:37.985  5674  6045 D OemPaidWifiNetworkFactory: got request NetworkRequest [ REQUEST id=16676, [ Capabilities: INTERNET&NOT_RESTRICTED&TRUSTED&NOT_VCN_MANAGED Uid: 10329 RequestorUid: 10329 RequestorPkg: com.Slack UnderlyingNetworks: Null] ]
07-10 01:18:37.985  5674  6045 D MultiInternetWifiNetworkFactory: got request NetworkRequest [ REQUEST id=16676, [ Capabilities: INTERNET&NOT_RESTRICTED&TRUSTED&NOT_VCN_MANAGED Uid: 10329 RequestorUid: 10329 RequestorPkg: com.Slack UnderlyingNetworks: Null] ]
07-10 01:18:37.987  5674  6055 D ConnectivityService: Rematched networks [computed 1ms] [applied 0ms] [issued 4]
07-10 01:18:37.987  5674  6055 D ConnectivityService: NetworkReassignment :
07-10 01:18:37.987  5674  6055 D ConnectivityService:   16676 : null → 118
07-10 01:18:38.025 25156 25156 D ConnectivityManager: StackLog: [android.net.ConnectivityManager.unregisterNetworkCallback(ConnectivityManager.java:4972)] [androidx.work.impl.utils.NetworkApi21.unregisterNetworkCallbackCompat(Unknown Source:11)] [androidx.work.impl.constraints.trackers.NetworkStateTracker24.stopTracking(Unknown Source:15)] [androidx.work.impl.constraints.trackers.ConstraintTracker.removeListener(Unknown Source:24)] [androidx.work.impl.constraints.controllers.ConstraintController.replace(Unknown Source:81)] [androidx.work.impl.constraints.WorkConstraintsTrackerImpl.replace(Unknown Source:41)] [androidx.work.impl.background.greedy.GreedyScheduler.onExecuted(Unknown Source:55)] [androidx.work.impl.Processor.onExecuted(Unknown Source:59)] [com.bugsnag.android.DeliveryDelegate$1.run(Unknown Source:212)]
07-10 01:18:38.026  5674  6055 D ConnectivityService:  Removing from current network [118 WIFI], leaving 155 requests.
07-10 01:18:38.031  5353  6075 V APM_AudioPolicyManager: setAppState(portId:1005, state:1)
07-10 01:18:38.035  5353  6075 V APM_AudioPolicyManager: setAppState(portId:1005, state:1)
07-10 01:18:39.078  5674  7726 D SemWifiUsabilityStatsMonitor: onWifiUsabilityStats - seqNum 21792, isSameBssidAndFreq true
07-10 01:18:39.081  5674  6183 D WifiConnectivityMonitor: start WCM Poll.
07-10 01:18:39.081  5674  6128 I SemWifiLinkQualityMonitor: Link Qos Query: 0.027 ms / 292.000 Mbps (292 / 0.000 / 1.000)
07-10 01:18:39.223  5674  6112 I ChimeraAggressivePolicyHandler: executePolicy() - triggerSource: TRIGGER_SOURCE_LMKD
07-10 01:18:39.226  5674  6112 I ChimeraAggressivePolicyHandler: available memory: 1083116, free memory target: 870400, quit chimera
07-10 01:18:40.082  5674  6183 D WifiConnectivityMonitor: called startWcmPoll but already Ongoing
07-10 01:18:40.083  5674  6183 D SemWifiRssiBasePoller: RSSI_BASE_STOP
07-10 01:18:40.274 11611 11645 D Benchmark: allocationCount[ 0:10]: 9077905 9077886 9077880 9077879 9077899
07-10 01:18:40.274 11611 11645 D Benchmark: Set 11645 (Bench thread) to priority -8. Was -20, now -8
07-10 01:18:40.274 11611 11645 D Benchmark: Set 11624 (Jit) to priority 9. Was -15, now 9
07-10 01:18:40.275 11611 11645 D Benchmark: Warmup: t=19.535, iter=30, fastAvg=651679808, slowAvg=740431936
07-10 01:18:40.277 11611 11645 I PerfettoCapture: Stopping perfetto.
07-10 01:18:40.322 11611 11645 D Benchmark: kill -TERM command output -
07-10 01:18:40.323 25807 25807 I perfetto:    perfetto_cmd.cc:1168 SIGINT/SIGTERM received: disabling tracing.
07-10 01:18:40.340  5424  5424 I perfetto:  probes_producer.cc:396 Producer stop (id=1297)
07-10 01:18:40.342  5424  5424 I perfetto:    ftrace_procfs.cc:342 disabled ftrace in /sys/kernel/tracing/
07-10 01:18:40.409  4380  4380 I hwservicemanager: getTransport: Cannot find entry android.hardware.atrace@1.0::IAtraceDevice/default in either framework or device VINTF manifest.
07-10 01:18:40.416  5424  5424 I perfetto:  probes_producer.cc:396 Producer stop (id=1298)
07-10 01:18:40.417  5424  5424 I perfetto:  probes_producer.cc:396 Producer stop (id=1299)
07-10 01:18:40.497 25807 25807 I perfetto:    perfetto_cmd.cc:1124 Trace written into the output file
07-10 01:18:40.515  5436  5436 I perfetto: ng_service_impl.cc:2426 Tracing session 325 ended, total sessions:0
07-10 01:18:40.951  5262  5262 E audit   : type=1400 audit(1688944720.949:69981): avc:  denied  { getattr } for  pid=5674 comm="BinderProcsColl" path="/sys/kernel/debug/binder/proc/5674" dev="debugfs" ino=32119 scontext=u:r:system_server:s0 tcontext=u:object_r:sec_debugfs:s0 tclass=file permissive=0 SEPF_SM-A515F_13_0001 audit_filtered
07-10 01:18:40.951  5262  5262 E audit   : type=1300 audit(1688944720.949:69981): arch=c00000b7 syscall=79 success=no exit=-13 a0=ffffff9c a1=7ad2330690 a2=79df9bd680 a3=0 items=0 ppid=5287 pid=5674 auid=4294967295 uid=1000 gid=1000 euid=1000 suid=1000 fsuid=1000 egid=1000 sgid=1000 fsgid=1000 tty=(none) ses=4294967295 comm="BinderProcsColl" exe="/system/bin/app_process64" subj=u:r:system_server:s0 key=(null)
07-10 01:18:40.951  5262  5262 E audit   : type=1327 audit(1688944720.949:69981): proctitle="system_server"
07-10 01:18:40.957 11611 11645 D Benchmark: Waiting 500 ms for [ProcessPid(processName=perfetto, pid=25807)] to die
07-10 01:18:41.089 11611 11645 I PerfettoCapture: Writing to /storage/emulated/0/Android/data/org.jetbrains.android_benchmark.test/cache/Wolf3dBenchmark_baselineDouble_2023-07-09-23-18-40.perfetto-trace.
07-10 01:18:42.121  5674  7726 D SemWifiUsabilityStatsMonitor: onWifiUsabilityStats - seqNum 21793, isSameBssidAndFreq true
07-10 01:18:42.124  5674  6128 I SemWifiLinkQualityMonitor: Link Qos Query: 0.027 ms / 292.000 Mbps (292 / 0.000 / 1.000)
07-10 01:18:43.776  5674  6055 D ConnectivityService: reportNetworkActive, notify 0 listeners
07-10 01:18:45.162  5674  7726 D SemWifiUsabilityStatsMonitor: onWifiUsabilityStats - seqNum 21794, isSameBssidAndFreq true
07-10 01:18:45.166  5674  6128 I SemWifiLinkQualityMonitor: Link Qos Query: 0.034 ms / 234.000 Mbps (390 / 0.000 / 1.667)
07-10 01:18:45.168  6461  6461 D NetworkController.WifiSignalController: notifyListener: visible=true, connected=true, inetCondition=1, isDefault=true, wifiTestReported=true, receivedInetCondition=-1, hideDuringMobileSwitching=false
07-10 01:18:46.363 11611 11645 D Benchmark: Copying /storage/emulated/0/Android/data/org.jetbrains.android_benchmark.test/cache/Wolf3dBenchmark_baselineDouble_2023-07-09-23-18-40.perfetto-trace to /sdcard/Android/media/org.jetbrains.android_benchmark.test/additional_test_output/Wolf3dBenchmark_baselineDouble_2023-07-09-23-18-40.perfetto-trace
07-10 01:18:46.477  9843 21997 W MediaProvider: isAppCloneUserPair for user 0: false
07-10 01:18:46.598  5674  9957 D SyncManager: userId - 0 auto - true
07-10 01:18:47.103  5353  6075 V APM_AudioPolicyManager: setAppState(portId:1005, state:1)
07-10 01:18:47.104  5674  5745 W libprocessgroup: Failed to open /dev/blkio//cgroup.procs: No such file or directory
07-10 01:18:47.386  9843 10427 I FuseDaemon: Threshold exceeded - fadvising 67108864
07-10 01:18:47.386  9843 10427 I FuseDaemon: Threshold now 0
07-10 01:18:47.663 25568 25568 I SCS@AiSearch user 0: (ObserverWorker::AOSP_MP) [main] entering in startWork():
07-10 01:18:47.669 25568 25568 I SCS@AiSearch user 0: (BaseCollector::AOSP_MP) [main] entering in onChange():
07-10 01:18:47.678 25568 25789 I SCS@AiSearch user 0: (BaseCollector::AOSP_MP) [AOSP_MP-0] entering in collectChanges():
07-10 01:18:47.719 16924 17381 W NetworkScheduler: Error inserting flex_time=3599000 job_id=-1 period=7200000 source=16 requires_charging=0 preferred_network_type=1 target_class=com.google.android.gms.measurement.PackageMeasurementTaskService user_id=0 target_package=com.google.android.gms tag=Measurement.PackageMeasurementTaskService.UPLOAD_TASK_TAG task_type=0 required_idleness_state=0 service_kind=0 source_version=232414000 persistence_level=1 preferred_charging_state=1 required_network_type=0 runtime=1688944404742 retry_strategy={"maximum_backoff_seconds":{"3600":0},"initial_backoff_seconds":{"30":0},"retry_policy":{"0":0}} last_runtime=0 [CONTEXT service_id=218 ]
07-10 01:18:47.719 16924 17381 W NetworkScheduler: android.database.sqlite.SQLiteConstraintException: UNIQUE constraint failed: pending_ops.tag, pending_ops.target_class, pending_ops.target_package, pending_ops.user_id (code 2067 SQLITE_CONSTRAINT_UNIQUE[2067])
07-10 01:18:47.719 16924 17381 W NetworkScheduler: 	at android.database.sqlite.SQLiteConnection.nativeExecuteForLastInsertedRowId(Native Method)
07-10 01:18:47.719 16924 17381 W NetworkScheduler: 	at android.database.sqlite.SQLiteConnection.executeForLastInsertedRowId(SQLiteConnection.java:1275)
07-10 01:18:47.719 16924 17381 W NetworkScheduler: 	at android.database.sqlite.SQLiteSession.executeForLastInsertedRowId(SQLiteSession.java:790)
07-10 01:18:47.719 16924 17381 W NetworkScheduler: 	at android.database.sqlite.SQLiteStatement.executeInsert(SQLiteStatement.java:89)
07-10 01:18:47.719 16924 17381 W NetworkScheduler: 	at android.database.sqlite.SQLiteDatabase.insertWithOnConflict(SQLiteDatabase.java:2410)
07-10 01:18:47.719 16924 17381 W NetworkScheduler: 	at android.database.sqlite.SQLiteDatabase.insertOrThrow(SQLiteDatabase.java:2305)
07-10 01:18:47.719 16924 17381 W NetworkScheduler: 	at cahd.f(:com.google.android.gms@232414044@23.24.14 (190400-544099984):59)
07-10 01:18:47.719 16924 17381 W NetworkScheduler: 	at cafx.n(:com.google.android.gms@232414044@23.24.14 (190400-544099984):3)
07-10 01:18:47.719 16924 17381 W NetworkScheduler: 	at cafx.u(:com.google.android.gms@232414044@23.24.14 (190400-544099984):20)
07-10 01:18:47.719 16924 17381 W NetworkScheduler: 	at cafx.p(:com.google.android.gms@232414044@23.24.14 (190400-544099984):3)
07-10 01:18:47.719 16924 17381 W NetworkScheduler: 	at cafx.l(:com.google.android.gms@232414044@23.24.14 (190400-544099984):26)
07-10 01:18:47.719 16924 17381 W NetworkScheduler: 	at cafk.handleMessage(:com.google.android.gms@232414044@23.24.14 (190400-544099984):13)
07-10 01:18:47.719 16924 17381 W NetworkScheduler: 	at android.os.Handler.dispatchMessage(Handler.java:106)
07-10 01:18:47.719 16924 17381 W NetworkScheduler: 	at awji.lc(:com.google.android.gms@232414044@23.24.14 (190400-544099984):0)
07-10 01:18:47.719 16924 17381 W NetworkScheduler: 	at awji.dispatchMessage(:com.google.android.gms@232414044@23.24.14 (190400-544099984):14)
07-10 01:18:47.719 16924 17381 W NetworkScheduler: 	at android.os.Looper.loopOnce(Looper.java:226)
07-10 01:18:47.719 16924 17381 W NetworkScheduler: 	at android.os.Looper.loop(Looper.java:313)
07-10 01:18:47.719 16924 17381 W NetworkScheduler: 	at android.os.HandlerThread.run(HandlerThread.java:67)
07-10 01:18:47.721  5674  9950 D PackageManager: setEnabledSetting : userId = 0 packageName = com.samsung.android.scs cmp = androidx.work.impl.background.systemalarm.RescheduleReceiver newState = 1 callingPackage = 10380/com.samsung.android.scs
07-10 01:18:47.722  5674  9950 D ApplicationPolicy: getApplicationStateEnabled : pkg = com.samsung.android.scs userId : 0
07-10 01:18:47.725  5674  9950 D ApplicationPolicy: getApplicationComponentState : pkg = com.samsung.android.scs userId : 0
07-10 01:18:47.899  5674  5745 W libprocessgroup: Failed to open /dev/blkio//cgroup.procs: No such file or directory
07-10 01:18:47.983 16924 25780 I NetworkScheduler.Stats: (REDACTED) Task %s/%s started execution. cause:%s exec_start_elapsed_seconds: %s
07-10 01:18:48.020 16924 23191 I NetworkScheduler.Stats: (REDACTED) Task %s/%s finished executing. cause:%s result: %s elapsed_millis: %s uptime_millis: %s exec_start_elapsed_seconds: %s
07-10 01:18:48.196  5674  7726 D SemWifiUsabilityStatsMonitor: onWifiUsabilityStats - seqNum 21795, isSameBssidAndFreq true
07-10 01:18:48.198  5674  6128 I SemWifiLinkQualityMonitor: Link Qos Query: 0.247 ms / 32.444 Mbps (292 / 0.000 / 9.000)
07-10 01:18:48.973 25568 25789 I SCS@AiSearch user 0: (BaseCollector::AOSP_MP) fetchInternal values : maxSyncId: 1000028446 indexCount: 19466 sourceCount: 19466
07-10 01:18:49.191 25568 25789 I SCS@AiSearch user 0: (IndexManager) [AOSP_MP-0] entering in addIndex():
07-10 01:18:49.200 25568 25789 I SCS@AiSearch user 0: (BaseCollector::AOSP_MP) fetch: fetching took  449 ms
07-10 01:18:49.201 25568 25789 I SCS@AiSearch user 0: (BaseCollector::AOSP_MP) fetchChanges: applied 0 items
07-10 01:18:49.201 25568 25789 I SCS@AiSearch user 0: (BaseCollector::AOSP_MP) Collect finished. Result: true
07-10 01:18:49.205 25568 25789 I SCS@AiSearch user 0: (BaseCollector::AOSP_MP) enqueue ObserverWorker name: com.sec.android.app.myfiles, policy: APPEND_OR_REPLACE
07-10 01:18:49.206 25568 25605 I WM-WorkerWrapper: Worker result SUCCESS for Work [ id=441c7d56-b148-4696-9a32-97f3b75b7260, tags={ com.sec.android.app.myfiles, com.samsung.android.scs.ai.search.data.collector.ObserverWorker } ]
07-10 01:18:49.216  5353  6075 V APM_AudioPolicyManager: setAppState(portId:1005, state:1)
07-10 01:18:49.326  5674  9957 D PackageManager: setEnabledSetting : userId = 0 packageName = com.samsung.android.scs cmp = androidx.work.impl.background.systemalarm.RescheduleReceiver newState = 1 callingPackage = 10380/com.samsung.android.scs
07-10 01:18:49.327  5674  9957 D ApplicationPolicy: getApplicationStateEnabled : pkg = com.samsung.android.scs userId : 0
07-10 01:18:49.329  5674  9957 D ApplicationPolicy: getApplicationComponentState : pkg = com.samsung.android.scs userId : 0
07-10 01:18:49.355  5353  6075 V APM_AudioPolicyManager: setAppState(portId:1005, state:1)
07-10 01:18:50.046  9843 10427 I FuseDaemon: Threshold exceeded - fadvising 67149824
07-10 01:18:50.046  9843 10427 I FuseDaemon: Threshold now 0
07-10 01:18:51.233  5674  7726 D SemWifiUsabilityStatsMonitor: onWifiUsabilityStats - seqNum 21796, isSameBssidAndFreq true
07-10 01:18:51.236  5674  6128 I SemWifiLinkQualityMonitor: Link Qos Query: 0.027 ms / 292.000 Mbps (292 / 0.000 / 1.000)
07-10 01:18:52.456  9843 10427 I FuseDaemon: Threshold exceeded - fadvising 67112960
07-10 01:18:52.456  9843 10427 I FuseDaemon: Threshold now 0
07-10 01:18:54.278  5674  7726 D SemWifiUsabilityStatsMonitor: onWifiUsabilityStats - seqNum 21797, isSameBssidAndFreq true
07-10 01:18:54.281  5674  6128 I SemWifiLinkQualityMonitor: Link Qos Query: 0.055 ms / 146.000 Mbps (292 / 0.000 / 2.000)
07-10 01:18:54.786  9843 10427 I FuseDaemon: Threshold exceeded - fadvising 67182592
07-10 01:18:54.786  9843 10427 I FuseDaemon: Threshold now 0
07-10 01:18:56.607  5353  6075 V APM_AudioPolicyManager: setAppState(portId:1005, state:1)
07-10 01:18:56.612  5674  5745 W libprocessgroup: Failed to open /dev/blkio//cgroup.procs: No such file or directory
07-10 01:18:56.625  5674  5745 W libprocessgroup: Failed to open /dev/blkio//cgroup.procs: No such file or directory
07-10 01:18:56.628  5353  6075 V APM_AudioPolicyManager: setAppState(portId:1005, state:1)
07-10 01:18:56.971  5353  6075 V APM_AudioPolicyManager: setAppState(portId:1005, state:1)
07-10 01:18:56.974  5353  6075 V APM_AudioPolicyManager: setAppState(portId:1005, state:1)
07-10 01:18:56.989 31135 32652 I native  : I0000 00:00:1688944736.989128   32652 soda_async_impl.cc:1540] Current audio timestamp: 1688944736620242
07-10 01:18:57.123  5362  5362 I SurfaceFlinger: SFWD update time=134986492841296
07-10 01:18:57.252  9843 10427 I FuseDaemon: Threshold exceeded - fadvising 67235840
07-10 01:18:57.252  9843 10427 I FuseDaemon: Threshold now 0
07-10 01:18:57.314  5674  7726 D SemWifiUsabilityStatsMonitor: onWifiUsabilityStats - seqNum 21798, isSameBssidAndFreq true
07-10 01:18:57.316  5674  6128 I SemWifiLinkQualityMonitor: Link Qos Query: 0.055 ms / 146.000 Mbps (292 / 0.000 / 2.000)
07-10 01:18:57.316  6461  6461 D NetworkController.WifiSignalController: notifyListener: visible=true, connected=true, inetCondition=1, isDefault=true, wifiTestReported=true, receivedInetCondition=-1, hideDuringMobileSwitching=false
07-10 01:18:58.053  5353  6075 V APM_AudioPolicyManager: setAppState(portId:1005, state:1)
07-10 01:18:58.060  5353  6075 V APM_AudioPolicyManager: setAppState(portId:1005, state:1)
07-10 01:18:58.469 31135 31447 I A       : (REDACTED) #onAudioData: %s bytes, getAudioReadSize %s
07-10 01:18:58.515  9843  9879 I FuseDaemon: Background young concurrent copying GC freed 77021(5527KB) AllocSpace objects, 0(0B) LOS objects, 53% free, 4786KB/10198KB, paused 502us,74us total 150.204ms
07-10 01:18:58.519  5262  5262 E audit   : type=1400 audit(1688944738.517:69982): avc:  denied  { read } for  pid=25568 comm="binder:25568_3" name="u:object_r:perf_prop:s0" dev="tmpfs" ino=10663 scontext=u:r:platform_app:s0:c512,c768 tcontext=u:object_r:perf_prop:s0 tclass=file permissive=0 SEPF_SM-A515F_13_0001 audit_filtered
07-10 01:18:58.519 25568 25590 W libc    : Access denied finding property "sys.perf.boostopt"
07-10 01:18:58.519  5262  5262 E audit   : type=1300 audit(1688944738.517:69982): arch=c00000b7 syscall=56 success=no exit=-13 a0=ffffff9c a1=7b7d2602f8 a2=88000 a3=0 items=0 ppid=5287 pid=25568 auid=4294967295 uid=10380 gid=10380 euid=10380 suid=10380 fsuid=10380 egid=10380 sgid=10380 fsgid=10380 tty=(none) ses=4294967295 comm="binder:25568_3" exe="/system/bin/app_process64" subj=u:r:platform_app:s0:c512,c768 key=(null)
07-10 01:18:58.520  5262  5262 E audit   : type=1327 audit(1688944738.517:69982): proctitle="com.samsung.android.scs"
07-10 01:18:58.521  5262  5262 E audit   : type=1400 audit(1688944738.517:69983): avc:  denied  { read } for  pid=25837 comm="binder:25837_1" name="u:object_r:perf_prop:s0" dev="tmpfs" ino=10663 scontext=u:r:untrusted_app:s0:c252,c256,c512,c768 tcontext=u:object_r:perf_prop:s0 tclass=file permissive=0 SEPF_SM-A515F_13_0001 audit_filtered
07-10 01:18:58.522 25837 25861 W libc    : Access denied finding property "sys.perf.boostopt"
07-10 01:18:58.522  5262  5262 E audit   : type=1300 audit(1688944738.517:69983): arch=c00000b7 syscall=56 success=no exit=-13 a0=ffffff9c a1=7b7d46c2f8 a2=88000 a3=0 items=0 ppid=5287 pid=25837 auid=4294967295 uid=10252 gid=10252 euid=10252 suid=10252 fsuid=10252 egid=10252 sgid=10252 fsgid=10252 tty=(none) ses=4294967295 comm="binder:25837_1" exe="/system/bin/app_process64" subj=u:r:untrusted_app:s0:c252,c256,c512,c768 key=(null)
07-10 01:18:58.523  5262  5262 E audit   : type=1327 audit(1688944738.517:69983): proctitle="com.microsoft.todos"
07-10 01:18:59.786  9843 10427 I FuseDaemon: Threshold exceeded - fadvising 67112960
07-10 01:18:59.786  9843 10427 I FuseDaemon: Threshold now 0
07-10 01:19:00.013  6461  7078 D QSClockBellTower: onReceive(android.intent.action.TIME_TICK) mTimeZoneString:null
07-10 01:19:00.061  6461  6461 D KeyguardUpdateMonitor: received broadcast android.intent.action.TIME_TICK
07-10 01:19:00.076  6461  6461 D QSClockBellTower: He is ready to ring the bell. (((QSClockBellSound - TimeText:01:19, TimeContentDescription:01:19, DateText:Mon, 10 July, ShortDateText:Mon, 10 Jul, Demo:false, QuickStar-Second(false|12:34:56))))
07-10 01:19:00.081  6461  6461 D QSClockIndicatorView: Home Indicator status_bar_clock 01:19 notifyTimeChanged(QSClockBellSound - TimeText:01:19, TimeContentDescription:01:19, DateText:Mon, 10 July, ShortDateText:Mon, 10 Jul, Demo:false, QuickStar-Second(false|12:34:56)) ClockVisibleByPolicy:true, ClockVisibleByUser:true, visible?false, parent:android.widget.LinearLayout{503272 V.E...... ........ 0,0-0,55 #7f0b04f0 app:id/left_clock_container}
07-10 01:19:00.082  6461  6461 D QSClockBellTower: Everyone heard the bell. run(currentTime:1688944740067,   getTime():Mon Jul 10 01:19:00 GMT+02:00 2023,   getTimeZone():libcore.util.ZoneInfo[mDstSavings=3600000,mUseDst=true,mDelegate=[id="Europe/Belgrade",mRawOffset=3600000,mEarliestRawOffset=4920000,transitions=119]])
07-10 01:19:00.290  6461  6461 I FaceWidgetPositionAlgorithm: getClockContainerHeight() supplier = 270, bottom margin = 0, real height = 333
07-10 01:19:00.326  6461  6461 I FaceWidgetPositionAlgorithm: getClockContainerHeight() supplier = 270, bottom margin = 63, real height = 333
07-10 01:19:00.326  6461  6461 I FaceWidgetPositionAlgorithm: getMediaContainerHeight() height = 0 container Visibility = 8, isValid = false, mIsDozing = false, fraction = 1.0, source = 0, target = 0
07-10 01:19:00.326  6461  6461 I FaceWidgetPositionAlgorithm: getMediaContainerHeight() supplier = 0
07-10 01:19:00.356  5674  7726 D SemWifiUsabilityStatsMonitor: onWifiUsabilityStats - seqNum 21799, isSameBssidAndFreq true
07-10 01:19:00.357  5674  6128 I SemWifiLinkQualityMonitor: Link Qos Query: 0.055 ms / 146.000 Mbps (292 / 0.000 / 2.000)
07-10 01:19:00.386  6461  6461 V QsExpandAnimator: setQsExpansionPosition 0.0
07-10 01:19:00.440  6461  6461 D KeyguardUpdateMonitor: handleTimeUpdate
07-10 01:19:00.449  6461  6461 D FaceWidgetPagesController: onTimeChanged()
07-10 01:19:00.453  6461  6461 V QsExpandAnimator: updateAnimators
07-10 01:19:00.453  6461  6461 V QsExpandAnimator: clearAnimationState
07-10 01:19:00.454  6461  6461 V QsExpandAnimator: updateViews
07-10 01:19:00.462  6461  6461 V QsExpandAnimator: updateTileAnimator
07-10 01:19:00.469  6461  6461 V QsExpandAnimator: updateHeaderAnimator
07-10 01:19:00.469  6461  6461 V QsExpandAnimator: updateBarAnimator
07-10 01:19:00.469  6461  6461 V QsExpandAnimator: setQsExpansionPosition 0.0
07-10 01:19:00.469  6461  6461 V QsExpandAnimator: onAnimationAtStart
07-10 01:19:00.971 11611 11645 I Benchmark: Wolf3dBenchmark.baselineDouble[Metric (timeNs) results: median 6.33921442E8, min 6.02252538E8, max 6.59351192E8, standardDeviation: 1.1521810711259264E7, Metric (allocationCount) results: median 9077886.0, min 9077879.0, max 9077905.0, standardDeviation: 11.64903429473877]count=1
07-10 01:19:01.043 11611 11645 D Benchmark: writing results to /storage/emulated/0/Android/data/org.jetbrains.android_benchmark.test/cache/org.jetbrains.android_benchmark.test-benchmarkData.json
07-10 01:19:01.104 11611 11645 D Benchmark: Copying /storage/emulated/0/Android/data/org.jetbrains.android_benchmark.test/cache/org.jetbrains.android_benchmark.test-benchmarkData.json to /sdcard/Android/media/org.jetbrains.android_benchmark.test/additional_test_output/org.jetbrains.android_benchmark.test-benchmarkData.json
07-10 01:19:01.219  9843 26280 I MediaProvider: Deleted 0 0 0 0 0 0 0 items on external_primary due to org.jetbrains.android_benchmark.test
07-10 01:19:01.249 11611 11645 I TestRunner: finished: baselineDouble(org.jetbrains.android_benchmark.Wolf3dBenchmark)
