07-10 00:45:36.630 11611 11645 I TestRunner: started: baselineFloat(org.jetbrains.android_benchmark.AckermannBenchmark)
07-10 00:45:36.633 11611 11611 I MonitoringInstr: Activities that are still in CREATED to STOPPED: 1
07-10 00:45:36.633 11611 11611 I MonitoringInstr: Finishing activity: androidx.benchmark.IsolationActivity@c9a4959
07-10 00:45:36.642 11611 11645 I GrantPermissionCallable: Permission: android.permission.WRITE_EXTERNAL_STORAGE is already granted!
07-10 00:45:36.642 11611 11645 I GrantPermissionCallable: Permission: android.permission.READ_EXTERNAL_STORAGE is already granted!
07-10 00:45:36.642 11611 11645 D Benchmark: -- Running org.jetbrains.android_benchmark.AckermannBenchmark#baselineFloat --
07-10 00:45:36.643 11611 11645 D PerfettoCapture: Supported ABIs: arm64-v8a, armeabi-v7a, armeabi
07-10 00:45:36.643 11611 11645 D PerfettoCapture: Recording perfetto trace
07-10 00:45:36.685 11611 11645 I PerfettoCapture: Cleanup perfetto before starting.
07-10 00:45:36.779  5262  5262 E audit   : type=1400 audit(1688942736.777:69477): avc:  denied  { read } for  pid=11528 comm="binder:11528_3" name="u:object_r:perf_prop:s0" dev="tmpfs" ino=10663 scontext=u:r:shell:s0 tcontext=u:object_r:perf_prop:s0 tclass=file permissive=0 SEPF_SM-A515F_13_0001 audit_filtered
07-10 00:45:36.779 11528 11772 W libc    : Access denied finding property "sys.perf.boostopt"
07-10 00:45:36.779  5262  5262 E audit   : type=1300 audit(1688942736.777:69477): arch=c00000b7 syscall=56 success=no exit=-13 a0=ffffff9c a1=76236dd2f8 a2=88000 a3=0 items=0 ppid=11526 pid=11528 auid=4294967295 uid=2000 gid=2000 euid=2000 suid=2000 fsuid=2000 egid=2000 sgid=2000 fsgid=2000 tty=pts1 ses=4294967295 comm="binder:11528_3" exe="/system/bin/app_process64" subj=u:r:shell:s0 key=(null)
07-10 00:45:36.780  5262  5262 E audit   : type=1327 audit(1688942736.777:69477): proctitle=6170705F70726F63657373002F73797374656D2F62696E00636F6D2E616E64726F69642E636F6D6D616E64732E616D2E416D00696E737472756D656E74002D77002D72002D65006E6F2D69736F6C617465642D73746F726167650031002D6500616E64726F6964782E62656E63686D61726B2E6F75747075742E656E61626C65
07-10 00:45:36.900 11611 11645 I PerfettoCapture: Perfetto output file cleanup -
07-10 00:45:36.900 11611 11645 I PerfettoCapture: Starting perfetto tracing with cmd: cat /storage/emulated/0/Android/data/org.jetbrains.android_benchmark.test/cache/trace_config.pb | perfetto --background -c - -o /data/misc/perfetto-traces/trace_output.pb
07-10 00:45:36.949  5674  7726 D SemWifiUsabilityStatsMonitor: onWifiUsabilityStats - seqNum 21141, isSameBssidAndFreq true
07-10 00:45:36.953  5674  6128 I SemWifiLinkQualityMonitor: Link Qos Query: 0.183 ms / 43.833 Mbps (263 / 0.000 / 6.000)
07-10 00:45:36.955  6461  6461 D NetworkController.WifiSignalController: notifyListener: visible=true, connected=true, inetCondition=1, isDefault=true, wifiTestReported=true, receivedInetCondition=-1, hideDuringMobileSwitching=false
07-10 00:45:36.990  5353  6075 V APM_AudioPolicyManager: setAppState(portId:1005, state:1)
07-10 00:45:36.991  5674  5745 W libprocessgroup: Failed to open /dev/blkio//cgroup.procs: No such file or directory
07-10 00:45:37.010 10639 10639 I SCS@AiSearch user 0: (ObserverWorker::AOSP_MP) [main] entering in startWork():
07-10 00:45:37.011 10639 10639 I SCS@AiSearch user 0: (BaseCollector::AOSP_MP) [main] entering in onChange():
07-10 00:45:37.012 10639 10825 I SCS@AiSearch user 0: (BaseCollector::AOSP_MP) [AOSP_MP-0] entering in collectChanges():
07-10 00:45:37.023  5674  7463 D PackageManager: setEnabledSetting : userId = 0 packageName = com.samsung.android.scs cmp = androidx.work.impl.background.systemalarm.RescheduleReceiver newState = 1 callingPackage = 10380/com.samsung.android.scs
07-10 00:45:37.025  5674  7463 D ApplicationPolicy: getApplicationStateEnabled : pkg = com.samsung.android.scs userId : 0
07-10 00:45:37.027  5674  7463 D ApplicationPolicy: getApplicationComponentState : pkg = com.samsung.android.scs userId : 0
07-10 00:45:37.079 16064 16064 I perfetto:    perfetto_cmd.cc:1001 Connected to the Perfetto traced service, starting tracing
07-10 00:45:37.080  5436  5436 I perfetto: ing_service_impl.cc:953 Configured tracing session 291, #sources:4, duration:0 ms, #buffers:2, total buffer size:36864 KB, total sessions:1, uid:2000 session name: ""
07-10 00:45:37.082  5424  5424 I perfetto:  probes_producer.cc:139 Ftrace setup (target_buf=581)
07-10 00:45:37.119 11611 11645 I PerfettoCapture: Perfetto output - 16064
07-10 00:45:37.119 11611 11645 I PerfettoCapture: EXITCODE=0
07-10 00:45:37.139  4380  4380 I hwservicemanager: getTransport: Cannot find entry android.hardware.atrace@1.0::IAtraceDevice/default in either framework or device VINTF manifest.
07-10 00:45:37.164  5424  5424 I perfetto:    ftrace_procfs.cc:335 enabled ftrace in /sys/kernel/tracing/
07-10 00:45:37.204 10639 10825 I SCS@AiSearch user 0: (BaseCollector::AOSP_MP) fetchInternal values : maxSyncId: 1000028446 indexCount: 19466 sourceCount: 19466
07-10 00:45:37.232 11611 11645 I PerfettoCapture: Perfetto tracing started successfully with pid 16064.
07-10 00:45:37.311 11611 11645 I PerfettoCapture: /sys/kernel/tracing/tracing_on = 1, polled 0 times, capture fully started
07-10 00:45:37.313 11611 11645 D Benchmark: Set 11645 (Bench thread) to priority -20. Was -8, now -20
07-10 00:45:37.313 11611 11645 D Benchmark: Set 11624 (Jit) to priority -15. Was 9, now -15
07-10 00:45:37.326 10639 10825 I SCS@AiSearch user 0: (IndexManager) [AOSP_MP-0] entering in addIndex():
07-10 00:45:37.331 10639 10825 I SCS@AiSearch user 0: (BaseCollector::AOSP_MP) fetch: fetching took  232 ms
07-10 00:45:37.331 10639 10825 I SCS@AiSearch user 0: (BaseCollector::AOSP_MP) fetchChanges: applied 0 items
07-10 00:45:37.332 10639 10825 I SCS@AiSearch user 0: (BaseCollector::AOSP_MP) Collect finished. Result: true
07-10 00:45:37.336 10639 10825 I SCS@AiSearch user 0: (BaseCollector::AOSP_MP) enqueue ObserverWorker name: com.sec.android.app.myfiles, policy: APPEND_OR_REPLACE
07-10 00:45:37.337 10639 10702 I WM-WorkerWrapper: Worker result SUCCESS for Work [ id=3f7ff36d-1293-4caa-a394-b00078752e15, tags={ com.sec.android.app.myfiles, com.samsung.android.scs.ai.search.data.collector.ObserverWorker } ]
07-10 00:45:37.346 11611 11645 I _benchmark.test: Explicit concurrent copying GC freed 5449(584KB) AllocSpace objects, 1(20KB) LOS objects, 67% free, 2954KB/9098KB, paused 277us,108us total 32.010ms
07-10 00:45:37.353  5353  6075 V APM_AudioPolicyManager: setAppState(portId:1005, state:1)
07-10 00:45:37.360  5353  6075 V APM_AudioPolicyManager: setAppState(portId:1005, state:1)
07-10 00:45:37.417  5674  6593 D PackageManager: setEnabledSetting : userId = 0 packageName = com.samsung.android.scs cmp = androidx.work.impl.background.systemalarm.RescheduleReceiver newState = 1 callingPackage = 10380/com.samsung.android.scs
07-10 00:45:37.418  5674  6593 D ApplicationPolicy: getApplicationStateEnabled : pkg = com.samsung.android.scs userId : 0
07-10 00:45:37.419  5674  6593 D ApplicationPolicy: getApplicationComponentState : pkg = com.samsung.android.scs userId : 0
07-10 00:45:39.983  5674  7726 D SemWifiUsabilityStatsMonitor: onWifiUsabilityStats - seqNum 21142, isSameBssidAndFreq true
07-10 00:45:39.985  5674  6128 I SemWifiLinkQualityMonitor: Link Qos Query: 0.183 ms / 43.833 Mbps (263 / 0.000 / 6.000)
07-10 00:45:43.021  5674  7726 D SemWifiUsabilityStatsMonitor: onWifiUsabilityStats - seqNum 21143, isSameBssidAndFreq true
07-10 00:45:43.023  5674  6128 I SemWifiLinkQualityMonitor: Link Qos Query: 0.183 ms / 43.833 Mbps (263 / 0.000 / 6.000)
07-10 00:45:43.024  6461  6461 D NetworkController.WifiSignalController: notifyListener: visible=true, connected=true, inetCondition=1, isDefault=true, wifiTestReported=true, receivedInetCondition=-1, hideDuringMobileSwitching=false
07-10 00:45:43.043  5674  9681 D TelephonyManager: requestModemActivityInfo: Sending result to app: ModemActivityInfo{ mTimestamp=144239868 mSleepTimeMs=82208199 mIdleTimeMs=4000269 mActivityStatsTechSpecificInfo=[{mRat=UNKNOWN,mFrequencyRange=UNKNOWN,mTxTimeMs[]=[35824, 8014, 6382, 416, 53741],mRxTimeMs=51943481}]}
07-10 00:45:43.455  5674 16085 D TrafficStats: tagSocket(854) with statsTag=0xffffffff, statsUid=-1
07-10 00:45:43.661  5674 16085 D WifiConnectivityMonitor.DnsThread:  [|208]
07-10 00:45:43.664  5674  6182 D WifiConnectivityMonitor.NetworkStatsAnalyzer: DNS resultType : 0, responseTime : 208
07-10 00:45:43.668  5674  6164 D OpenNetworkQos[4.00]: updateBssidLatestDnsResultType - result: 0
07-10 00:45:43.668  5674  6164 D OpenNetworkQos[4.00]: updateBssidNoInternet: mBssidNoInternet = false
07-10 00:45:43.668  5674  6164 D OpenNetworkQos[4.00]: getOpenNetworkQosNoInternetStatus: false
07-10 00:45:43.668  5674  6164 D OpenNetworkQos[4.00]: getOpenNetworkQosScores: 26 26 26
07-10 00:45:43.669  5674  6164 I WifiProfileShare: network QoS data was changed (internet), updateQoSData networkType: true, qosData: false
07-10 00:45:43.670  5674  7451 V WifiProfileShare.Caster: update wips network, size: 0
07-10 00:45:43.670  5674  7451 D WifiProfileShare: nearby scanning settings run
07-10 00:45:43.670  5674  7451 D WifiProfileShare: network score provider settings enabled
07-10 00:45:43.671  5674  7451 D OpenNetworkQos[4.00]: getOpenNetworkQosScores: 26 26 26
07-10 00:45:43.671  5674  7451 D OpenNetworkQos[4.00]: getOpenNetworkQosNoInternetStatus: false
07-10 00:45:43.673  5674  7451 I WifiProfileShare.Caster: current network type: 0, score: [26, 26, 26]
07-10 00:45:43.675  5674  7451 V WifiProfileShare.Cache: update network score 00:e4:06:**:**:90
07-10 00:45:43.676  5674  7451 D WifiProfileShare.ScanMatcher: getMcfDataList size:2
07-10 00:45:43.677  5674  7451 I WifiProfileShare.Caster: qos data was updated , before:type:QOS, pBssid:51:2e:90, qosData:7c after:type:QOS, pBssid:51:2e:90, qosData:7c
07-10 00:45:43.678  5674  7451 I [MCFSDK_android_1.2.4010]_4_b: isNetworkEnabled - type : 1 ret : true
07-10 00:45:43.678  5674  7451 D WifiProfileShare.McfCast: -ME--- mIsNetworkEnabled :true
07-10 00:45:43.678  5674  7451 D WifiProfileShare.McfCast: updateQoSData ignored, same contents
07-10 00:45:43.679  5674  7451 D WifiProfileShare.MCF: success update QosData !
07-10 00:45:43.680  5674  7451 I [MCFSDK_android_1.2.4010]_4_b: isNetworkEnabled - type : 1 ret : true
07-10 00:45:43.680  5674  7451 D WifiProfileShare.McfCast: -ME--- mIsNetworkEnabled :true
07-10 00:45:43.680  5674  7451 D WifiProfileShare.McfCast: -ME--- updatePasswordDate pwdData size:2
07-10 00:45:46.057  5674  7726 D SemWifiUsabilityStatsMonitor: onWifiUsabilityStats - seqNum 21144, isSameBssidAndFreq true
07-10 00:45:46.059  5674  6128 I SemWifiLinkQualityMonitor: Link Qos Query: 0.027 ms / 292.000 Mbps (292 / 0.000 / 1.000)
07-10 00:45:46.059  6461  6461 D NetworkController.WifiSignalController: notifyListener: visible=true, connected=true, inetCondition=1, isDefault=true, wifiTestReported=true, receivedInetCondition=-1, hideDuringMobileSwitching=false
07-10 00:45:46.491  5353  6075 V APM_AudioPolicyManager: setAppState(portId:1005, state:1)
07-10 00:45:46.495  5674  5745 W libprocessgroup: Failed to open /dev/blkio//cgroup.procs: No such file or directory
07-10 00:45:46.504  5674  5745 W libprocessgroup: Failed to open /dev/blkio//cgroup.procs: No such file or directory
07-10 00:45:46.507  5353  6075 V APM_AudioPolicyManager: setAppState(portId:1005, state:1)
07-10 00:45:46.576  5353  6075 V APM_AudioPolicyManager: setAppState(portId:1005, state:1)
07-10 00:45:46.580  5353  6075 V APM_AudioPolicyManager: setAppState(portId:1005, state:1)
07-10 00:45:46.582  5353  6075 V APM_AudioPolicyManager: setAppState(portId:1005, state:1)
07-10 00:45:46.588  5353  6075 V APM_AudioPolicyManager: setAppState(portId:1005, state:1)
07-10 00:45:49.095  5674  7726 D SemWifiUsabilityStatsMonitor: onWifiUsabilityStats - seqNum 21145, isSameBssidAndFreq true
07-10 00:45:49.097  5674  6128 I SemWifiLinkQualityMonitor: Link Qos Query: 0.027 ms / 292.000 Mbps (292 / 0.000 / 1.000)
07-10 00:45:49.097  6461  6461 D NetworkController.WifiSignalController: notifyListener: visible=true, connected=true, inetCondition=1, isDefault=true, wifiTestReported=true, receivedInetCondition=-1, hideDuringMobileSwitching=false
07-10 00:45:49.287  5262  5262 E audit   : type=1400 audit(1688942749.285:69478): avc:  denied  { read } for  pid=14405 comm="binder:14405_1" name="u:object_r:perf_prop:s0" dev="tmpfs" ino=10663 scontext=u:r:untrusted_app:s0:c75,c257,c512,c768 tcontext=u:object_r:perf_prop:s0 tclass=file permissive=0 SEPF_SM-A515F_13_0001 audit_filtered
07-10 00:45:49.287  5262  5262 E audit   : type=1300 audit(1688942749.285:69478): arch=c00000b7 syscall=56 success=no exit=-13 a0=ffffff9c a1=7b7d4622f8 a2=88000 a3=0 items=0 ppid=5287 pid=14405 auid=4294967295 uid=10331 gid=10331 euid=10331 suid=10331 fsuid=10331 egid=10331 sgid=10331 fsgid=10331 tty=(none) ses=4294967295 comm="binder:14405_1" exe="/system/bin/app_process64" subj=u:r:untrusted_app:s0:c75,c257,c512,c768 key=(null)
07-10 00:45:49.287  5262  5262 E audit   : type=1327 audit(1688942749.285:69478): proctitle="com.microsoft.todos"
07-10 00:45:49.288 14405 14430 W libc    : Access denied finding property "sys.perf.boostopt"
07-10 00:45:49.290 10639 14664 W libc    : Access denied finding property "sys.perf.boostopt"
07-10 00:45:49.290  5262  5262 E audit   : type=1400 audit(1688942749.285:69479): avc:  denied  { read } for  pid=10639 comm="binder:10639_5" name="u:object_r:perf_prop:s0" dev="tmpfs" ino=10663 scontext=u:r:platform_app:s0:c512,c768 tcontext=u:object_r:perf_prop:s0 tclass=file permissive=0 SEPF_SM-A515F_13_0001 audit_filtered
07-10 00:45:49.291  5262  5262 E audit   : type=1300 audit(1688942749.285:69479): arch=c00000b7 syscall=56 success=no exit=-13 a0=ffffff9c a1=7b89d6d2f8 a2=88000 a3=0 items=0 ppid=5287 pid=10639 auid=4294967295 uid=10380 gid=10380 euid=10380 suid=10380 fsuid=10380 egid=10380 sgid=10380 fsgid=10380 tty=(none) ses=4294967295 comm="binder:10639_5" exe="/system/bin/app_process64" subj=u:r:platform_app:s0:c512,c768 key=(null)
07-10 00:45:49.291  5262  5262 E audit   : type=1327 audit(1688942749.285:69479): proctitle="com.samsung.android.scs"
07-10 00:45:50.374 11611 11645 D Benchmark: timeNs[ 0:10]: 109849 117904 116794 115443 117257 114450 114311 116029 122640 114239
07-10 00:45:50.375 11611 11645 D Benchmark: timeNs[10:20]: 117060 124075 112980 112635 113760 116597 109084 111618 116240 111322
07-10 00:45:50.375 11611 11645 D Benchmark: timeNs[20:30]: 109183 113053 109444 119118 116597 116978 115353 113927 113734 119083
07-10 00:45:50.375 11611 11645 D Benchmark: timeNs[30:40]: 110874 114749 114410 118453 123739 114561 116252 119174 121441 107670
07-10 00:45:50.375 11611 11645 D Benchmark: timeNs[40:50]: 117653 122827 116881 118668 119739 114649 114005 115770 117540 114616
07-10 00:45:50.891 11611 11645 W _benchmark.test: Suspending all threads took: 7.425ms
07-10 00:45:51.241 11611 11645 D Benchmark: allocationCount[ 0:10]: 1880 1880 1879 1879 1879
07-10 00:45:51.241 11611 11645 D Benchmark: Set 11645 (Bench thread) to priority -8. Was -20, now -8
07-10 00:45:51.241 11611 11645 D Benchmark: Set 11624 (Jit) to priority 9. Was -15, now 9
07-10 00:45:51.241 11611 11645 D Benchmark: Warmup: t=8.000, iter=64837, fastAvg=119490, slowAvg=122251
07-10 00:45:51.242 11611 11645 I PerfettoCapture: Stopping perfetto.
07-10 00:45:51.281 16064 16064 I perfetto:    perfetto_cmd.cc:1168 SIGINT/SIGTERM received: disabling tracing.
07-10 00:45:51.284 11611 11645 D Benchmark: kill -TERM command output -
07-10 00:45:51.288  5424  5424 I perfetto:  probes_producer.cc:396 Producer stop (id=1161)
07-10 00:45:51.292  5424  5424 I perfetto:    ftrace_procfs.cc:342 disabled ftrace in /sys/kernel/tracing/
07-10 00:45:51.350  4380  4380 I hwservicemanager: getTransport: Cannot find entry android.hardware.atrace@1.0::IAtraceDevice/default in either framework or device VINTF manifest.
07-10 00:45:51.357  5424  5424 I perfetto:  probes_producer.cc:396 Producer stop (id=1162)
07-10 00:45:51.358  5424  5424 I perfetto:  probes_producer.cc:396 Producer stop (id=1163)
07-10 00:45:51.394 16064 16064 I perfetto:    perfetto_cmd.cc:1124 Trace written into the output file
07-10 00:45:51.418  5436  5436 I perfetto: ng_service_impl.cc:2426 Tracing session 291 ended, total sessions:0
07-10 00:45:51.425 29789 16108 I GmscoreIpa: Starting mediastore instant index [CONTEXT service_id=255 ]
07-10 00:45:51.890 11611 11645 D Benchmark: Waiting 500 ms for [ProcessPid(processName=perfetto, pid=16064)] to die
07-10 00:45:52.007 11611 11645 I PerfettoCapture: Writing to /storage/emulated/0/Android/data/org.jetbrains.android_benchmark.test/cache/AckermannBenchmark_baselineFloat_2023-07-09-22-45-51.perfetto-trace.
07-10 00:45:52.152  5674  7726 D SemWifiUsabilityStatsMonitor: onWifiUsabilityStats - seqNum 21146, isSameBssidAndFreq true
07-10 00:45:52.153  5674  6128 I SemWifiLinkQualityMonitor: Link Qos Query: 0.027 ms / 292.000 Mbps (292 / 0.000 / 1.000)
07-10 00:45:52.409 11611 11645 D Benchmark: Copying /storage/emulated/0/Android/data/org.jetbrains.android_benchmark.test/cache/AckermannBenchmark_baselineFloat_2023-07-09-22-45-51.perfetto-trace to /sdcard/Android/media/org.jetbrains.android_benchmark.test/additional_test_output/AckermannBenchmark_baselineFloat_2023-07-09-22-45-51.perfetto-trace
07-10 00:45:52.439  9843 16037 W MediaProvider: isAppCloneUserPair for user 0: false
07-10 00:45:52.552  5674  7463 D SyncManager: userId - 0 auto - true
07-10 00:45:52.658  5674  5745 W libprocessgroup: Failed to open /dev/blkio//cgroup.procs: No such file or directory
07-10 00:45:52.671 16924 14903 I NetworkScheduler.Stats: (REDACTED) Task %s/%s started execution. cause:%s exec_start_elapsed_seconds: %s
07-10 00:45:52.683 16924 14646 I NetworkScheduler.Stats: (REDACTED) Task %s/%s finished executing. cause:%s result: %s elapsed_millis: %s uptime_millis: %s exec_start_elapsed_seconds: %s
07-10 00:45:52.940 11611 11645 I Benchmark: AckermannBenchmark.baselineFloat[Metric (timeNs) results: median 115607.17224880384, min 107670.08612440192, max 124075.58851674641, standardDeviation: 3752.748951428748, Metric (allocationCount) results: median 1879.9964114832535, min 1879.994019138756, max 1880.0035885167465, standardDeviation: 0.004345909599276217]count=836
07-10 00:45:52.942 11611 11645 D Benchmark: writing results to /storage/emulated/0/Android/data/org.jetbrains.android_benchmark.test/cache/org.jetbrains.android_benchmark.test-benchmarkData.json
07-10 00:45:52.946 11611 11645 D Benchmark: Copying /storage/emulated/0/Android/data/org.jetbrains.android_benchmark.test/cache/org.jetbrains.android_benchmark.test-benchmarkData.json to /sdcard/Android/media/org.jetbrains.android_benchmark.test/additional_test_output/org.jetbrains.android_benchmark.test-benchmarkData.json
07-10 00:45:52.996  9843 15897 I MediaProvider: Deleted 0 0 0 0 0 0 0 items on external_primary due to org.jetbrains.android_benchmark.test
07-10 00:45:53.015 11611 11645 I TestRunner: finished: baselineFloat(org.jetbrains.android_benchmark.AckermannBenchmark)
