07-10 01:09:08.937  5262  5262 E audit   : type=1300 audit(1688944148.933:69693): arch=c00000b7 syscall=79 success=no exit=-13 a0=ffffff9c a1=7ad23309f0 a2=79df9bd680 a3=0 items=0 ppid=5287 pid=5674 auid=4294967295 uid=1000 gid=1000 euid=1000 suid=1000 fsuid=1000 egid=1000 sgid=1000 fsgid=1000 tty=(none) ses=4294967295 comm="BinderProcsColl" exe="/system/bin/app_process64" subj=u:r:system_server:s0 key=(null)
07-10 01:09:08.938  5262  5262 E audit   : type=1327 audit(1688944148.933:69693): proctitle="system_server"
07-10 01:09:09.722  5674  7726 D SemWifiUsabilityStatsMonitor: onWifiUsabilityStats - seqNum 21605, isSameBssidAndFreq true
07-10 01:09:09.724  5674  6128 I SemWifiLinkQualityMonitor: Link Qos Query: 0.018 ms / 433.000 Mbps (433 / 0.000 / 1.000)
07-10 01:09:12.768  5674  7726 D SemWifiUsabilityStatsMonitor: onWifiUsabilityStats - seqNum 21606, isSameBssidAndFreq true
07-10 01:09:12.772  5674  6128 I SemWifiLinkQualityMonitor: Link Qos Query: 0.137 ms / 58.500 Mbps (351 / 0.000 / 6.000)
07-10 01:09:15.815  5674  7726 D SemWifiUsabilityStatsMonitor: onWifiUsabilityStats - seqNum 21607, isSameBssidAndFreq true
07-10 01:09:15.820  5674  6128 I SemWifiLinkQualityMonitor: Link Qos Query: 0.137 ms / 58.500 Mbps (351 / 0.000 / 6.000)
07-10 01:09:15.822  6461  6461 D NetworkController.WifiSignalController: notifyListener: visible=true, connected=true, inetCondition=1, isDefault=true, wifiTestReported=true, receivedInetCondition=-1, hideDuringMobileSwitching=false
07-10 01:09:17.662 16924 18133 I WearableConn: Connecting to "Galaxy Watch5 Pro (MJNP)"
07-10 01:09:17.664 16924 18133 I BluetoothSocket: connect() for device 645DF4_1 called by pid: 16924
07-10 01:09:17.685 15865 16587 W btm_acl : Unable to find active acl
07-10 01:09:17.692 15865 16587 W bt_stack: xx:xx:xx:xx:b3:b1 EnqueueCommand (classic_link)
07-10 01:09:18.658 16924 18958 E WakeLock: WearableBluetooth ** IS FORCE-RELEASED ON TIMEOUT **
07-10 01:09:18.847  5674  7726 D SemWifiUsabilityStatsMonitor: onWifiUsabilityStats - seqNum 21608, isSameBssidAndFreq true
07-10 01:09:18.850  5674  6128 I SemWifiLinkQualityMonitor: Link Qos Query: 0.137 ms / 58.500 Mbps (351 / 0.000 / 6.000)
07-10 01:09:21.887  5674  7726 D SemWifiUsabilityStatsMonitor: onWifiUsabilityStats - seqNum 21609, isSameBssidAndFreq true
07-10 01:09:21.889  5674  6128 I SemWifiLinkQualityMonitor: Link Qos Query: 0.038 ms / 210.600 Mbps (351 / 0.000 / 1.667)
07-10 01:09:21.891  6461  6461 D NetworkController.WifiSignalController: notifyListener: visible=true, connected=true, inetCondition=1, isDefault=true, wifiTestReported=true, receivedInetCondition=-1, hideDuringMobileSwitching=false
07-10 01:09:23.839  9837 10033 I SemDvfsHyPerManager: acquire hyper - SIOP_ARM_MAX/9837@2, type = 301993986
07-10 01:09:23.842  5313  5394 I HYPER-HAL: [RequestManager.cpp]acquire(): Acquired ID : 48407882  [9837 / 2]    HINT :      list : [CPUMaxFreq / 2184000]
07-10 01:09:24.114 15865 16587 W bt_stack: Unhandled vendor specific event of type 0x90
07-10 01:09:24.115 15865 16587 W bt_stack: Connection failed classic remote:xx:xx:xx:xx:b3:b1 reason:PAGE_TIMEOUT
07-10 01:09:24.118 15865 16649 W bt_l2cap: L2CAP - no CCB for L2CA_disc_req, CID: 113
07-10 01:09:24.118 15865 16649 W btm_acl : Unable to find active acl
07-10 01:09:24.123 15865 16679 E bt_btif_sock_rfcomm: find_rfc_slot_by_id unable to find RFCOMM slot id: 104
07-10 01:09:24.126 16924 18133 W WearableConn: Failed to connect, error: read failed, socket might closed or timeout, read ret: -1
07-10 01:09:24.126 16924 18133 D BluetoothSocket: close() this: android.bluetooth.BluetoothSocket@ac7a2e5, channel: -1, mSocketIS: android.net.LocalSocketImpl$SocketInputStream@cc051ba, mSocketOS: android.net.LocalSocketImpl$SocketOutputStream@6a5a86b, mSocket: android.net.LocalSocket@b9b7fc8 impl:android.net.LocalSocketImpl@ed48861 fd:java.io.FileDescriptor@e11cf86, mSocketState: INIT
07-10 01:09:24.130 16924 18133 I WearableConn: Setting alarm for 256.0 seconds to retry connection
07-10 01:09:24.135 16924 18133 I AlarmManager: setExactAndAllowWhileIdle [name: WearableBluetooth type: 2 triggerAtMillis: 145916963]
07-10 01:09:24.146 15865 16182 D BluetoothUtils: getBtEnabledContainers(): btContainers = []
07-10 01:09:24.166 15865 16182 D BluetoothUtils: getBtEnabledContainers(): btContainers = []
07-10 01:09:24.173  6461  6566 V BluetoothEventManager: onReceive :: android.bluetooth.device.action.NAME_CHANGED
07-10 01:09:24.177  6461  6566 I BluetoothAdapter: STATE_ON
07-10 01:09:24.185  6461  6566 D CachedBluetoothDeviceManager: onDeviceNameUpdated :: skip same name update
07-10 01:09:24.186  6461  6566 V BluetoothEventManager: onReceive :: android.bluetooth.device.action.CLASS_CHANGED
07-10 01:09:24.189  6461  6566 V BluetoothEventManager: onReceive :: com.samsung.bluetooth.device.action.MANUFACTURER_CHANGED
07-10 01:09:24.932  5674  7726 D SemWifiUsabilityStatsMonitor: onWifiUsabilityStats - seqNum 21610, isSameBssidAndFreq true
07-10 01:09:24.935  5674  6128 I SemWifiLinkQualityMonitor: Link Qos Query: 0.038 ms / 210.600 Mbps (351 / 0.000 / 1.667)
07-10 01:09:24.936  6461  6461 D NetworkController.WifiSignalController: notifyListener: visible=true, connected=true, inetCondition=1, isDefault=true, wifiTestReported=true, receivedInetCondition=-1, hideDuringMobileSwitching=false
07-10 01:09:24.946  5674  5886 I HqmInfo::HqmManagerService: MSG_TYPE:MSG_TYPE_PROCESS_LOG_BY_HQM
07-10 01:09:26.992 31135 32652 I native  : I0000 00:00:1688944166.992346   32652 soda_async_impl.cc:1540] Current audio timestamp: 1688944166620242
07-10 01:09:27.110  5362  5362 I SurfaceFlinger: SFWD update time=134416480293550
07-10 01:09:27.985  5674  7726 D SemWifiUsabilityStatsMonitor: onWifiUsabilityStats - seqNum 21611, isSameBssidAndFreq true
07-10 01:09:27.989  5674  6128 I SemWifiLinkQualityMonitor: Link Qos Query: 0.041 ms / 195.000 Mbps (390 / 0.000 / 2.000)
07-10 01:09:27.990  6461  6461 D NetworkController.WifiSignalController: notifyListener: visible=true, connected=true, inetCondition=1, isDefault=true, wifiTestReported=true, receivedInetCondition=-1, hideDuringMobileSwitching=false
07-10 01:09:28.151  5287  5287 D Zygote  : Forked child process 22356
07-10 01:09:28.232 22356 22356 I rivacydashboard: Using CollectorTypeCC GC.
07-10 01:09:28.241 22356 22356 E rivacydashboard: Not starting debugger since process cannot load the jdwp agent.
07-10 01:09:28.252 22356 22356 W libc    : Access denied finding property "sys.perf.boostopt"
07-10 01:09:28.252  5262  5262 E audit   : type=1400 audit(1688944168.249:69694): avc:  denied  { read } for  pid=22356 comm="rivacydashboard" name="u:object_r:perf_prop:s0" dev="tmpfs" ino=10663 scontext=u:r:platform_app:s0:c512,c768 tcontext=u:object_r:perf_prop:s0 tclass=file permissive=0 SEPF_SM-A515F_13_0001 audit_filtered
07-10 01:09:28.252  5262  5262 E audit   : type=1300 audit(1688944168.249:69694): arch=c00000b7 syscall=56 success=no exit=-13 a0=ffffff9c a1=7fcf7d5458 a2=88000 a3=0 items=0 ppid=5287 pid=22356 auid=4294967295 uid=10316 gid=10316 euid=10316 suid=10316 fsuid=10316 egid=10316 sgid=10316 fsgid=10316 tty=(none) ses=4294967295 comm="rivacydashboard" exe="/system/bin/app_process64" subj=u:r:platform_app:s0:c512,c768 key=(null)
07-10 01:09:28.253  5262  5262 E audit   : type=1327 audit(1688944168.249:69694): proctitle="zygote64"
07-10 01:09:28.253 22356 22368 W libc    : Access denied finding property "sys.perf.boostopt"
07-10 01:09:28.253  5262  5262 E audit   : type=1400 audit(1688944168.249:69695): avc:  denied  { read } for  pid=22356 comm="binder:22356_1" name="u:object_r:perf_prop:s0" dev="tmpfs" ino=10663 scontext=u:r:platform_app:s0:c512,c768 tcontext=u:object_r:perf_prop:s0 tclass=file permissive=0 SEPF_SM-A515F_13_0001 audit_filtered
07-10 01:09:28.253  5262  5262 E audit   : type=1300 audit(1688944168.249:69695): arch=c00000b7 syscall=56 success=no exit=-13 a0=ffffff9c a1=7b7d4512f8 a2=88000 a3=0 items=0 ppid=5287 pid=22356 auid=4294967295 uid=10316 gid=10316 euid=10316 suid=10316 fsuid=10316 egid=10316 sgid=10316 fsgid=10316 tty=(none) ses=4294967295 comm="binder:22356_1" exe="/system/bin/app_process64" subj=u:r:platform_app:s0:c512,c768 key=(null)
07-10 01:09:28.253  5262  5262 E audit   : type=1327 audit(1688944168.249:69695): proctitle="zygote64"
07-10 01:09:28.257 22356 22356 D ActivityThread: setConscryptValidator
07-10 01:09:28.257 22356 22356 D ActivityThread: setConscryptValidator - put
07-10 01:09:28.280 22356 22369 W libc    : Access denied finding property "sys.perf.boostopt"
07-10 01:09:28.280  5353  5699 V APM_AudioPolicyManager: setAppState(portId:1005, state:1)
07-10 01:09:28.281  5353  5699 V APM_AudioPolicyManager: setAppState(portId:1005, state:1)
07-10 01:09:28.288 22356 22356 D CompatibilityChangeReporter: Compat change id reported: 171979766; UID 10316; state: ENABLED
07-10 01:09:28.328 31135 31447 I A       : (REDACTED) #onAudioData: %s bytes, getAudioReadSize %s
07-10 01:09:28.418 22356 22356 I a       : setConfiguration start
07-10 01:09:28.430  5674  7342 W Binder  : Outgoing transactions from this process must be FLAG_ONEWAY
07-10 01:09:28.430  5674  7342 W Binder  : java.lang.Throwable
07-10 01:09:28.430  5674  7342 W Binder  : 	at android.os.BinderProxy.transact(BinderProxy.java:567)
07-10 01:09:28.430  5674  7342 W Binder  : 	at android.content.ContentProviderProxy.bulkInsert(ContentProviderNative.java:578)
07-10 01:09:28.430  5674  7342 W Binder  : 	at android.content.ContentResolver.bulkInsert(ContentResolver.java:2281)
07-10 01:09:28.430  5674  7342 W Binder  : 	at com.samsung.android.privacydashboard.PermissionAccessInformationWriter.write(PermissionAccessInformationWriter.java:37)
07-10 01:09:28.430  5674  7342 W Binder  : 	at com.samsung.android.privacydashboard.PermissionAccessInformationController.flush(PermissionAccessInformationController.java:99)
07-10 01:09:28.430  5674  7342 W Binder  : 	at com.samsung.android.privacydashboard.PermissionAccessInformationController$1.run(PermissionAccessInformationController.java:78)
07-10 01:09:28.430  5674  7342 W Binder  : 	at java.util.concurrent.ThreadPoolExecutor.runWorker(ThreadPoolExecutor.java:1137)
07-10 01:09:28.430  5674  7342 W Binder  : 	at java.util.concurrent.ThreadPoolExecutor$Worker.run(ThreadPoolExecutor.java:637)
07-10 01:09:28.430  5674  7342 W Binder  : 	at java.lang.Thread.run(Thread.java:1012)
07-10 01:09:28.613 22356 22370 I PrivacyDashboard: PermissionAccessInformationContentProvider  bulkInsert : 54
07-10 01:09:29.852 30967 31717 I ContactsProvider_EventLog: cp_s: [CONTACT con(158) dat(1091) acc({sim(3)=15, sec(6)=1, sim2(4)=1, google(2)=81, org.telegram.messenger(236)=100, com.whatsapp(14)=41}) calls([logtype:100 cnt:877, logtype:200 cnt:5, logtype:300 cnt:495, logtype:1000 cnt:632, logtype:1150 cnt:161]) Iso(RS) uId(0) ]
07-10 01:09:29.852 30967 31717 I ContactsProvider_EventLog: cp_s: [ agr({[2 ,2 ,14 ,236]=1, [2 ,14 ,236]=32, [3]=15, [14]=1, [4]=1, [2 ,14]=4, [2 ,2]=2, [2]=34, [6 ,14]=1, [2 ,236]=3, [236]=62, [2 ,236 ,14]=2}) ]
07-10 01:09:29.852 30967 31717 I ContactsProvider_EventLog: cp_s: [ cnt({acore(30967)=1}) ]
07-10 01:09:29.852 30967 31717 I ContactsProvider_EventLog: cp_s: [PROFILE con(1) dat(1) acc({vnd.sec.contact.phone=1}) ] [SAPROFILE ]
07-10 01:09:29.852 30967 31717 I ContactsProvider_EventLog: cp_s: [STATE R(T) ]
07-10 01:09:30.523  6461  6566 D TileLifecycleManager: Binding service Intent { cmp=com.google.android.apps.nbu.files/.quicksettings.StorageAssistantTileService (has extras) } UserHandle{0}
07-10 01:09:30.544  5353  6075 V APM_AudioPolicyManager: setAppState(portId:1005, state:1)
07-10 01:09:30.544  5353  6075 V APM_AudioPolicyManager: setAppState(portId:1005, state:1)
07-10 01:09:30.545  5674  5745 W libprocessgroup: Failed to open /dev/blkio//cgroup.procs: No such file or directory
07-10 01:09:30.557  6461  6566 D TileLifecycleManager: onStartListening
07-10 01:09:30.558  6461  6566 W Tile.CustomTile: handleUpdateState : hasPendingBind Storage
07-10 01:09:30.565  6461  6566 W Tile.CustomTile: handleUpdateState : hasPendingBind Storage
07-10 01:09:30.567  6461  6566 D TileLifecycleManager: onStopListening
07-10 01:09:30.602 20476 20476 D TileService: onBind : mService = android.service.quicksettings.IQSService$Stub$Proxy@44e574d, mTileToken = android.os.BinderProxy@682d202StorageAssistantTileService
07-10 01:09:30.611 20476 20476 D TileService: onBind : mTile = android.service.quicksettings.Tile@13c3713StorageAssistantTileService
07-10 01:09:30.614  6461  6461 D TileLifecycleManager: onServiceConnected ComponentInfo{com.google.android.apps.nbu.files/com.google.android.apps.nbu.files.quicksettings.StorageAssistantTileService}
07-10 01:09:30.614  6461  6461 D TileLifecycleManager: stopPackageListening
07-10 01:09:30.743  5325  5325 E sehhealth-service: Could not open /sys/class/power_supply/battery/lrp
07-10 01:09:31.057  5674  7726 D SemWifiUsabilityStatsMonitor: onWifiUsabilityStats - seqNum 21612, isSameBssidAndFreq true
07-10 01:09:31.061  5674  6128 I SemWifiLinkQualityMonitor: Link Qos Query: 0.041 ms / 195.000 Mbps (390 / 0.000 / 2.000)
07-10 01:09:31.061  6461  6461 D NetworkController.WifiSignalController: notifyListener: visible=true, connected=true, inetCondition=1, isDefault=true, wifiTestReported=true, receivedInetCondition=-1, hideDuringMobileSwitching=false
07-10 01:09:34.119  5674  7726 D SemWifiUsabilityStatsMonitor: onWifiUsabilityStats - seqNum 21613, isSameBssidAndFreq true
07-10 01:09:34.123  5674  6128 I SemWifiLinkQualityMonitor: Link Qos Query: 0.041 ms / 195.000 Mbps (390 / 0.000 / 2.000)
07-10 01:09:34.123  6461  6461 D NetworkController.WifiSignalController: notifyListener: visible=true, connected=true, inetCondition=1, isDefault=true, wifiTestReported=true, receivedInetCondition=-1, hideDuringMobileSwitching=false
07-10 01:09:34.565  6877  8621 I SimpleEventLog: RegiMgr Read written lines: 3004(32 ms)
07-10 01:09:34.625  5353  6075 V APM_AudioPolicyManager: setAppState(portId:1005, state:1)
07-10 01:09:34.680  5674  8108 D PackageManager: setEnabledSetting : userId = 0 packageName = com.Slack cmp = androidx.work.impl.background.systemalarm.RescheduleReceiver newState = 1 callingPackage = 10329/com.Slack
07-10 01:09:34.682  5674  8108 D ApplicationPolicy: getApplicationStateEnabled : pkg = com.Slack userId : 0
07-10 01:09:34.683  5674  8108 D ApplicationPolicy: getApplicationComponentState : pkg = com.Slack userId : 0
07-10 01:09:34.712  5353  6075 V APM_AudioPolicyManager: setAppState(portId:1005, state:1)
07-10 01:09:34.713  5674  5745 W libprocessgroup: Failed to open /dev/blkio//cgroup.procs: No such file or directory
07-10 01:09:34.731 15049 15247 D ConnectivityManager: StackLog: [android.net.ConnectivityManager.sendRequestForNetwork(ConnectivityManager.java:4300)] [android.net.ConnectivityManager.registerDefaultNetworkCallbackForUid(ConnectivityManager.java:4864)] [android.net.ConnectivityManager.registerDefaultNetworkCallback(ConnectivityManager.java:4831)] [android.net.ConnectivityManager.registerDefaultNetworkCallback(ConnectivityManager.java:4805)] [androidx.work.impl.utils.NetworkApi24.registerDefaultNetworkCallbackCompat(Unknown Source:11)] [androidx.work.impl.constraints.trackers.NetworkStateTracker24.startTracking(Unknown Source:15)] [androidx.work.impl.constraints.controllers.ConstraintController.replace(Unknown Source:130)] [androidx.work.impl.constraints.WorkConstraintsTrackerImpl.replace(Unknown Source:41)] [androidx.work.impl.background.greedy.GreedyScheduler.schedule(Unknown Source:302)] [androidx.work.impl.Schedulers.schedule(Unknown Source:155)] [androidx.work.impl.utils.EnqueueRunnable.run(Unknown Source:53)] [androidx.work.Worker$2.run$androidx$work$impl$utils$SerialExecutorImpl$Task(Unknown Source:4)] [androidx.work.Worker$2.run(Unknown Source:868)] [java.util.concurrent.ThreadPoolExecutor.runWorker(ThreadPoolExecutor.java:1137)] [java.util.concurrent.ThreadPoolExecutor$Worker.run(ThreadPoolExecutor.java:637)] [java.lang.Thread.run(Thread.java:1012)]
07-10 01:09:34.735  5674  8108 D ConnectivityService: requestNetwork for uid/pid:10329/15049 activeRequest: null callbackRequest: 16600 [NetworkRequest [ REQUEST id=16601, [ Capabilities: INTERNET&NOT_RESTRICTED&TRUSTED&NOT_VCN_MANAGED Uid: 10329 RequestorUid: 10329 RequestorPkg: com.Slack UnderlyingNetworks: Null] ]] callback flags: 0 order: 2147483647
07-10 01:09:34.737  5674  6055 D ConnectivityService:    accepting network in place of null
07-10 01:09:34.745  5674  6045 D WifiNetworkFactory: got request NetworkRequest [ REQUEST id=16601, [ Capabilities: INTERNET&NOT_RESTRICTED&TRUSTED&NOT_VCN_MANAGED Uid: 10329 RequestorUid: 10329 RequestorPkg: com.Slack UnderlyingNetworks: Null] ]
07-10 01:09:34.746  5674  6045 D UntrustedWifiNetworkFactory: got request NetworkRequest [ REQUEST id=16601, [ Capabilities: INTERNET&NOT_RESTRICTED&TRUSTED&NOT_VCN_MANAGED Uid: 10329 RequestorUid: 10329 RequestorPkg: com.Slack UnderlyingNetworks: Null] ]
07-10 01:09:34.749  5674  6045 D OemPaidWifiNetworkFactory: got request NetworkRequest [ REQUEST id=16601, [ Capabilities: INTERNET&NOT_RESTRICTED&TRUSTED&NOT_VCN_MANAGED Uid: 10329 RequestorUid: 10329 RequestorPkg: com.Slack UnderlyingNetworks: Null] ]
07-10 01:09:34.749  5674  6045 D MultiInternetWifiNetworkFactory: got request NetworkRequest [ REQUEST id=16601, [ Capabilities: INTERNET&NOT_RESTRICTED&TRUSTED&NOT_VCN_MANAGED Uid: 10329 RequestorUid: 10329 RequestorPkg: com.Slack UnderlyingNetworks: Null] ]
07-10 01:09:34.755  5674  6055 D ConnectivityService: Rematched networks [computed 1ms] [applied 2ms] [issued 15]
07-10 01:09:34.755  5674  6055 D ConnectivityService: NetworkReassignment :
07-10 01:09:34.755  5674  6055 D ConnectivityService:   16601 : null → 118
07-10 01:09:34.759 15049 15049 D ConnectivityManager: StackLog: [android.net.ConnectivityManager.unregisterNetworkCallback(ConnectivityManager.java:4972)] [androidx.work.impl.utils.NetworkApi21.unregisterNetworkCallbackCompat(Unknown Source:11)] [androidx.work.impl.constraints.trackers.NetworkStateTracker24.stopTracking(Unknown Source:15)] [androidx.work.impl.constraints.trackers.ConstraintTracker.removeListener(Unknown Source:24)] [androidx.work.impl.constraints.controllers.ConstraintController.replace(Unknown Source:81)] [androidx.work.impl.constraints.WorkConstraintsTrackerImpl.replace(Unknown Source:41)] [androidx.work.impl.background.greedy.GreedyScheduler.onExecuted(Unknown Source:55)] [androidx.work.impl.Processor.onExecuted(Unknown Source:59)] [com.bugsnag.android.DeliveryDelegate$1.run(Unknown Source:212)]
07-10 01:09:34.761  5674  6055 D ConnectivityService:  Removing from current network [118 WIFI], leaving 161 requests.
07-10 01:09:34.772  5353  6075 V APM_AudioPolicyManager: setAppState(portId:1005, state:1)
07-10 01:09:34.776  5353  6075 V APM_AudioPolicyManager: setAppState(portId:1005, state:1)
07-10 01:09:37.187  5674  7726 D SemWifiUsabilityStatsMonitor: onWifiUsabilityStats - seqNum 21614, isSameBssidAndFreq true
07-10 01:09:37.191  5674  6128 I SemWifiLinkQualityMonitor: Link Qos Query: 0.114 ms / 70.200 Mbps (351 / 0.000 / 5.000)
07-10 01:09:37.192  6461  6461 D NetworkController.WifiSignalController: notifyListener: visible=true, connected=true, inetCondition=1, isDefault=true, wifiTestReported=true, receivedInetCondition=-1, hideDuringMobileSwitching=false
07-10 01:09:37.333  5674  5690 I system_server: Background young concurrent copying GC freed 460411(17MB) AllocSpace objects, 55(1564KB) LOS objects, 15% free, 106MB/126MB, paused 1.010ms,376us total 142.570ms
07-10 01:09:37.364  5674  5692 W System  : A resource failed to call close.
07-10 01:09:37.368  5674  5692 W System  : A resource failed to call close.
07-10 01:09:39.050  5262  5262 E audit   : type=1400 audit(1688944179.045:69697): avc:  denied  { getattr } for  pid=5674 comm="BinderProcsColl" path="/sys/kernel/debug/binder/proc/5674" dev="debugfs" ino=32119 scontext=u:r:system_server:s0 tcontext=u:object_r:sec_debugfs:s0 tclass=file permissive=0 SEPF_SM-A515F_13_0001 audit_filtered
07-10 01:09:39.050  5262  5262 E audit   : type=1300 audit(1688944179.045:69697): arch=c00000b7 syscall=79 success=no exit=-13 a0=ffffff9c a1=7ad2332280 a2=79df9bd680 a3=0 items=0 ppid=5287 pid=5674 auid=4294967295 uid=1000 gid=1000 euid=1000 suid=1000 fsuid=1000 egid=1000 sgid=1000 fsgid=1000 tty=(none) ses=4294967295 comm="BinderProcsColl" exe="/system/bin/app_process64" subj=u:r:system_server:s0 key=(null)
07-10 01:09:39.050  5262  5262 E audit   : type=1327 audit(1688944179.045:69697): proctitle="system_server"
07-10 01:09:40.235  5674  7726 D SemWifiUsabilityStatsMonitor: onWifiUsabilityStats - seqNum 21615, isSameBssidAndFreq true
07-10 01:09:40.239  5674  6128 I SemWifiLinkQualityMonitor: Link Qos Query: 0.114 ms / 70.200 Mbps (351 / 0.000 / 5.000)
07-10 01:09:40.239  6461  6461 D NetworkController.WifiSignalController: notifyListener: visible=true, connected=true, inetCondition=1, isDefault=true, wifiTestReported=true, receivedInetCondition=-1, hideDuringMobileSwitching=false
07-10 01:09:43.296  5674  7726 D SemWifiUsabilityStatsMonitor: onWifiUsabilityStats - seqNum 21616, isSameBssidAndFreq true
07-10 01:09:43.301  5674  6128 I SemWifiLinkQualityMonitor: Link Qos Query: 0.023 ms / 351.000 Mbps (351 / 0.000 / 1.000)
07-10 01:09:43.302  6461  6461 D NetworkController.WifiSignalController: notifyListener: visible=true, connected=true, inetCondition=1, isDefault=true, wifiTestReported=true, receivedInetCondition=-1, hideDuringMobileSwitching=false
07-10 01:09:46.347  5674  7726 D SemWifiUsabilityStatsMonitor: onWifiUsabilityStats - seqNum 21617, isSameBssidAndFreq true
07-10 01:09:46.349  5674  6128 I SemWifiLinkQualityMonitor: Link Qos Query: 0.023 ms / 351.000 Mbps (351 / 0.000 / 1.000)
07-10 01:09:46.349  6461  6461 D NetworkController.WifiSignalController: notifyListener: visible=true, connected=true, inetCondition=1, isDefault=true, wifiTestReported=true, receivedInetCondition=-1, hideDuringMobileSwitching=false
07-10 01:09:47.100 30813 30840 I .shealth:remote: Background young concurrent copying GC freed 210549(6017KB) AllocSpace objects, 0(0B) LOS objects, 54% free, 5066KB/10MB, paused 938us,208us total 228.807ms
07-10 01:09:47.101 30813 30840 W .shealth:remote: Reducing the number of considered missed Gc histogram windows from 101 to 100
07-10 01:09:49.399  5674  7726 D SemWifiUsabilityStatsMonitor: onWifiUsabilityStats - seqNum 21618, isSameBssidAndFreq true
07-10 01:09:49.405  5674  6128 I SemWifiLinkQualityMonitor: Link Qos Query: 0.023 ms / 351.000 Mbps (351 / 0.000 / 1.000)
07-10 01:09:49.406  6461  6461 D NetworkController.WifiSignalController: notifyListener: visible=true, connected=true, inetCondition=1, isDefault=true, wifiTestReported=true, receivedInetCondition=-1, hideDuringMobileSwitching=false
07-10 01:09:52.464  5674  7726 D SemWifiUsabilityStatsMonitor: onWifiUsabilityStats - seqNum 21619, isSameBssidAndFreq true
07-10 01:09:52.468  5674  6128 I SemWifiLinkQualityMonitor: Link Qos Query: 0.082 ms / 97.333 Mbps (292 / 0.000 / 3.000)
07-10 01:09:52.470  6461  6461 D NetworkController.WifiSignalController: notifyListener: visible=true, connected=true, inetCondition=1, isDefault=true, wifiTestReported=true, receivedInetCondition=-1, hideDuringMobileSwitching=false
07-10 01:09:53.758 31802 32077 I SystemBroadcastReceiver: [#CMH#] onReceive completed :  0
07-10 01:09:53.760 31802 31802 I PolicyManager: [#CMH#] onReceive action = EVENT_SIOP
07-10 01:09:53.764  5674  5674 D SemWifiP2pGoPowerSave: GopsReceiver : received : com.samsung.intent.action.CHECK_SIOP_LEVEL
07-10 01:09:53.765  5674  5674 I SemWifiP2pGoPowerSave: siop_level = -1
07-10 01:09:53.920  5313  5394 I HYPER-HAL: [RequestManager.cpp]releaseLocked(): Released ID : 48427565
07-10 01:09:53.930  5313  5394 I HYPER-HAL: [RequestManager.cpp]releaseLocked(): Released ID : 48407882
07-10 01:09:55.494  5674  7726 D SemWifiUsabilityStatsMonitor: onWifiUsabilityStats - seqNum 21620, isSameBssidAndFreq true
07-10 01:09:55.496  6461  6461 D NetworkController.WifiSignalController: notifyListener: visible=true, connected=true, inetCondition=1, isDefault=true, wifiTestReported=true, receivedInetCondition=-1, hideDuringMobileSwitching=false
07-10 01:09:55.496  5674  6128 I SemWifiLinkQualityMonitor: Link Qos Query: 0.082 ms / 97.333 Mbps (292 / 0.000 / 3.000)
07-10 01:09:55.768 31802 32118 I PolicyManager: [#CMH#] Is foreground game app: false
07-10 01:09:55.867 31802 32118 I ControllerUtils: [#CMH#] StoryService:  9, isNonJustShotRunningPossible: false, isStopHeavyTask: true
07-10 01:09:55.927 31802 32118 I ControllerUtils: [#CMH#] IPService:  5, isNonJustShotRunningPossible: false, isStopHeavyTask: true
07-10 01:09:55.988 31802 32118 I ControllerUtils: [#CMH#] FaceService:  2, isNonJustShotRunningPossible: false, isStopHeavyTask: true
07-10 01:09:56.992 31135 32652 I native  : I0000 00:00:1688944196.991704   32652 soda_async_impl.cc:1540] Current audio timestamp: 1688944196620242
07-10 01:09:58.330 31135 31447 I A       : (REDACTED) #onAudioData: %s bytes, getAudioReadSize %s
07-10 01:09:58.536  5674  7726 D SemWifiUsabilityStatsMonitor: onWifiUsabilityStats - seqNum 21621, isSameBssidAndFreq true
07-10 01:09:58.539  5674  6128 I SemWifiLinkQualityMonitor: Link Qos Query: 0.082 ms / 97.333 Mbps (292 / 0.000 / 3.000)
07-10 01:10:00.009  6461  6461 D KeyguardUpdateMonitor: received broadcast android.intent.action.TIME_TICK
07-10 01:10:00.010  6461  7078 D QSClockBellTower: onReceive(android.intent.action.TIME_TICK) mTimeZoneString:null
07-10 01:10:00.064  6461  6461 D KeyguardUpdateMonitor: handleTimeUpdate
07-10 01:10:00.066  6461  6461 D FaceWidgetPagesController: onTimeChanged()
07-10 01:10:00.074  6461  6461 D QSClockBellTower: He is ready to ring the bell. (((QSClockBellSound - TimeText:01:10, TimeContentDescription:01:10, DateText:Mon, 10 July, ShortDateText:Mon, 10 Jul, Demo:false, QuickStar-Second(false|12:34:56))))
07-10 01:10:00.075  6461  6461 D QSClockIndicatorView: Home Indicator status_bar_clock 01:10 notifyTimeChanged(QSClockBellSound - TimeText:01:10, TimeContentDescription:01:10, DateText:Mon, 10 July, ShortDateText:Mon, 10 Jul, Demo:false, QuickStar-Second(false|12:34:56)) ClockVisibleByPolicy:true, ClockVisibleByUser:true, visible?false, parent:android.widget.LinearLayout{503272 V.E...... ........ 0,0-0,55 #7f0b04f0 app:id/left_clock_container}
07-10 01:10:00.075  6461  6461 D QSClockBellTower: Everyone heard the bell. run(currentTime:1688944200072,   getTime():Mon Jul 10 01:10:00 GMT+02:00 2023,   getTimeZone():libcore.util.ZoneInfo[mDstSavings=3600000,mUseDst=true,mDelegate=[id="Europe/Belgrade",mRawOffset=3600000,mEarliestRawOffset=4920000,transitions=119]])
07-10 01:10:00.086  6461  6461 I FaceWidgetPositionAlgorithm: getClockContainerHeight() supplier = 270, bottom margin = 0, real height = 333
07-10 01:10:00.087  6461  6461 I FaceWidgetPositionAlgorithm: getClockContainerHeight() supplier = 270, bottom margin = 63, real height = 333
07-10 01:10:00.087  6461  6461 I FaceWidgetPositionAlgorithm: getMediaContainerHeight() height = 0 container Visibility = 8, isValid = false, mIsDozing = false, fraction = 1.0, source = 0, target = 0
07-10 01:10:00.087  6461  6461 I FaceWidgetPositionAlgorithm: getMediaContainerHeight() supplier = 0
07-10 01:10:00.089  6461  6461 V QsExpandAnimator: setQsExpansionPosition 0.0
07-10 01:10:00.095  6461  6461 V QsExpandAnimator: updateAnimators
07-10 01:10:00.095  6461  6461 V QsExpandAnimator: clearAnimationState
07-10 01:10:00.096  6461  6461 V QsExpandAnimator: updateViews
07-10 01:10:00.100  6461  6461 V QsExpandAnimator: updateTileAnimator
07-10 01:10:00.101  6461  6461 V QsExpandAnimator: updateHeaderAnimator
07-10 01:10:00.102  6461  6461 V QsExpandAnimator: updateBarAnimator
07-10 01:10:00.102  6461  6461 V QsExpandAnimator: setQsExpansionPosition 0.0
07-10 01:10:00.102  6461  6461 V QsExpandAnimator: onAnimationAtStart
07-10 01:10:00.569  6461  6461 D TileLifecycleManager: Unbinding service Intent { cmp=com.google.android.apps.nbu.files/.quicksettings.StorageAssistantTileService (has extras) } UserHandle{0}
07-10 01:10:00.584  5353  6075 V APM_AudioPolicyManager: setAppState(portId:1005, state:1)
07-10 01:10:00.588  5353  6075 V APM_AudioPolicyManager: setAppState(portId:1005, state:1)
07-10 01:10:00.781  5325  5325 E sehhealth-service: Could not open /sys/class/power_supply/battery/lrp
07-10 01:10:01.588  5674  7726 D SemWifiUsabilityStatsMonitor: onWifiUsabilityStats - seqNum 21622, isSameBssidAndFreq true
07-10 01:10:01.596  5674  6128 I SemWifiLinkQualityMonitor: Link Qos Query: 0.055 ms / 146.000 Mbps (292 / 0.000 / 2.000)
07-10 01:10:01.597  6461  6461 D NetworkController.WifiSignalController: notifyListener: visible=true, connected=true, inetCondition=1, isDefault=true, wifiTestReported=true, receivedInetCondition=-1, hideDuringMobileSwitching=false
07-10 01:10:04.651  5674  7726 D SemWifiUsabilityStatsMonitor: onWifiUsabilityStats - seqNum 21623, isSameBssidAndFreq true
07-10 01:10:04.655  5674  6128 I SemWifiLinkQualityMonitor: Link Qos Query: 0.055 ms / 146.000 Mbps (292 / 0.000 / 2.000)
07-10 01:10:04.656  6461  6461 D NetworkController.WifiSignalController: notifyListener: visible=true, connected=true, inetCondition=1, isDefault=true, wifiTestReported=true, receivedInetCondition=-1, hideDuringMobileSwitching=false
07-10 01:10:04.694  5674  5819 D PackageManager: setEnabledSetting : userId = 0 packageName = com.Slack cmp = androidx.work.impl.background.systemalarm.RescheduleReceiver newState = 1 callingPackage = 10329/com.Slack
07-10 01:10:04.696  5674  5819 D ApplicationPolicy: getApplicationStateEnabled : pkg = com.Slack userId : 0
07-10 01:10:04.698  5674  5819 D ApplicationPolicy: getApplicationComponentState : pkg = com.Slack userId : 0
07-10 01:10:04.731  5353  6075 V APM_AudioPolicyManager: setAppState(portId:1005, state:1)
07-10 01:10:04.738  5674  5745 W libprocessgroup: Failed to open /dev/blkio//cgroup.procs: No such file or directory
07-10 01:10:04.755 15049 15247 D ConnectivityManager: StackLog: [android.net.ConnectivityManager.sendRequestForNetwork(ConnectivityManager.java:4300)] [android.net.ConnectivityManager.registerDefaultNetworkCallbackForUid(ConnectivityManager.java:4864)] [android.net.ConnectivityManager.registerDefaultNetworkCallback(ConnectivityManager.java:4831)] [android.net.ConnectivityManager.registerDefaultNetworkCallback(ConnectivityManager.java:4805)] [androidx.work.impl.utils.NetworkApi24.registerDefaultNetworkCallbackCompat(Unknown Source:11)] [androidx.work.impl.constraints.trackers.NetworkStateTracker24.startTracking(Unknown Source:15)] [androidx.work.impl.constraints.controllers.ConstraintController.replace(Unknown Source:130)] [androidx.work.impl.constraints.WorkConstraintsTrackerImpl.replace(Unknown Source:41)] [androidx.work.impl.background.greedy.GreedyScheduler.schedule(Unknown Source:302)] [androidx.work.impl.Schedulers.schedule(Unknown Source:155)] [androidx.work.impl.utils.EnqueueRunnable.run(Unknown Source:53)] [androidx.work.Worker$2.run$androidx$work$impl$utils$SerialExecutorImpl$Task(Unknown Source:4)] [androidx.work.Worker$2.run(Unknown Source:868)] [java.util.concurrent.ThreadPoolExecutor.runWorker(ThreadPoolExecutor.java:1137)] [java.util.concurrent.ThreadPoolExecutor$Worker.run(ThreadPoolExecutor.java:637)] [java.lang.Thread.run(Thread.java:1012)]
07-10 01:10:04.758  5674  8108 D ConnectivityService: requestNetwork for uid/pid:10329/15049 activeRequest: null callbackRequest: 16602 [NetworkRequest [ REQUEST id=16603, [ Capabilities: INTERNET&NOT_RESTRICTED&TRUSTED&NOT_VCN_MANAGED Uid: 10329 RequestorUid: 10329 RequestorPkg: com.Slack UnderlyingNetworks: Null] ]] callback flags: 0 order: 2147483647
07-10 01:10:04.760  5674  6055 D ConnectivityService:    accepting network in place of null
07-10 01:10:04.767  5674  6045 D WifiNetworkFactory: got request NetworkRequest [ REQUEST id=16603, [ Capabilities: INTERNET&NOT_RESTRICTED&TRUSTED&NOT_VCN_MANAGED Uid: 10329 RequestorUid: 10329 RequestorPkg: com.Slack UnderlyingNetworks: Null] ]
07-10 01:10:04.768  5674  6045 D UntrustedWifiNetworkFactory: got request NetworkRequest [ REQUEST id=16603, [ Capabilities: INTERNET&NOT_RESTRICTED&TRUSTED&NOT_VCN_MANAGED Uid: 10329 RequestorUid: 10329 RequestorPkg: com.Slack UnderlyingNetworks: Null] ]
07-10 01:10:04.770  5674  6045 D OemPaidWifiNetworkFactory: got request NetworkRequest [ REQUEST id=16603, [ Capabilities: INTERNET&NOT_RESTRICTED&TRUSTED&NOT_VCN_MANAGED Uid: 10329 RequestorUid: 10329 RequestorPkg: com.Slack UnderlyingNetworks: Null] ]
07-10 01:10:04.771  5674  6045 D MultiInternetWifiNetworkFactory: got request NetworkRequest [ REQUEST id=16603, [ Capabilities: INTERNET&NOT_RESTRICTED&TRUSTED&NOT_VCN_MANAGED Uid: 10329 RequestorUid: 10329 RequestorPkg: com.Slack UnderlyingNetworks: Null] ]
07-10 01:10:04.777  5674  6055 D ConnectivityService: Rematched networks [computed 1ms] [applied 3ms] [issued 14]
07-10 01:10:04.777  5674  6055 D ConnectivityService: NetworkReassignment :
07-10 01:10:04.777  5674  6055 D ConnectivityService:   16603 : null → 118
07-10 01:10:04.787 15049 15049 D ConnectivityManager: StackLog: [android.net.ConnectivityManager.unregisterNetworkCallback(ConnectivityManager.java:4972)] [androidx.work.impl.utils.NetworkApi21.unregisterNetworkCallbackCompat(Unknown Source:11)] [androidx.work.impl.constraints.trackers.NetworkStateTracker24.stopTracking(Unknown Source:15)] [androidx.work.impl.constraints.trackers.ConstraintTracker.removeListener(Unknown Source:24)] [androidx.work.impl.constraints.controllers.ConstraintController.replace(Unknown Source:81)] [androidx.work.impl.constraints.WorkConstraintsTrackerImpl.replace(Unknown Source:41)] [androidx.work.impl.background.greedy.GreedyScheduler.onExecuted(Unknown Source:55)] [androidx.work.impl.Processor.onExecuted(Unknown Source:59)] [com.bugsnag.android.DeliveryDelegate$1.run(Unknown Source:212)]
07-10 01:10:04.789  5674  6055 D ConnectivityService:  Removing from current network [118 WIFI], leaving 161 requests.
07-10 01:10:04.796  5353  6075 V APM_AudioPolicyManager: setAppState(portId:1005, state:1)
07-10 01:10:04.798  5353  6075 V APM_AudioPolicyManager: setAppState(portId:1005, state:1)
07-10 01:10:07.705  5674  7726 D SemWifiUsabilityStatsMonitor: onWifiUsabilityStats - seqNum 21624, isSameBssidAndFreq true
07-10 01:10:07.708  5674  6128 I SemWifiLinkQualityMonitor: Link Qos Query: 0.055 ms / 146.000 Mbps (292 / 0.000 / 2.000)
07-10 01:10:07.709  6461  6461 D NetworkController.WifiSignalController: notifyListener: visible=true, connected=true, inetCondition=1, isDefault=true, wifiTestReported=true, receivedInetCondition=-1, hideDuringMobileSwitching=false
07-10 01:10:08.604  5674  8108 D TelephonyManager: requestModemActivityInfo: Sending result to app: ModemActivityInfo{ mTimestamp=145705433 mSleepTimeMs=83127218 mIdleTimeMs=4017154 mActivityStatsTechSpecificInfo=[{mRat=UNKNOWN,mFrequencyRange=UNKNOWN,mTxTimeMs[]=[35824, 8014, 6386, 419, 53751],mRxTimeMs=52473133}]}
07-10 01:10:08.868  5674 22424 D TrafficStats: tagSocket(991) with statsTag=0xffffffff, statsUid=-1
07-10 01:10:09.074  5674 22424 D WifiConnectivityMonitor.DnsThread:  [|207]
07-10 01:10:09.075  5674  6182 D WifiConnectivityMonitor.NetworkStatsAnalyzer: DNS resultType : 0, responseTime : 207
07-10 01:10:09.078  5674  6164 D OpenNetworkQos[4.00]: updateBssidLatestDnsResultType - result: 0
07-10 01:10:09.079  5674  6164 D OpenNetworkQos[4.00]: updateBssidNoInternet: mBssidNoInternet = false
07-10 01:10:09.079  5674  6164 D OpenNetworkQos[4.00]: getOpenNetworkQosNoInternetStatus: false
07-10 01:10:09.079  5674  6164 D OpenNetworkQos[4.00]: getOpenNetworkQosScores: 26 26 26
07-10 01:10:09.082  5674  6164 I WifiProfileShare: network QoS data was changed (internet), updateQoSData networkType: true, qosData: false
07-10 01:10:09.084  5674  7451 V WifiProfileShare.Caster: update wips network, size: 0
07-10 01:10:09.084  5674  7451 D WifiProfileShare: nearby scanning settings run
07-10 01:10:09.085  5674  7451 D WifiProfileShare: network score provider settings enabled
07-10 01:10:09.085  5674  7451 D OpenNetworkQos[4.00]: getOpenNetworkQosScores: 26 26 26
07-10 01:10:09.085  5674  7451 D OpenNetworkQos[4.00]: getOpenNetworkQosNoInternetStatus: false
07-10 01:10:09.085  5674  7451 I WifiProfileShare.Caster: current network type: 0, score: [26, 26, 26]
07-10 01:10:09.087  5674  7451 V WifiProfileShare.Cache: update network score 00:e4:06:**:**:90
07-10 01:10:09.087  5674  7451 D WifiProfileShare.ScanMatcher: getMcfDataList size:2
07-10 01:10:09.088  5674  7451 I WifiProfileShare.Caster: qos data was updated , before:type:QOS, pBssid:51:2e:90, qosData:7c after:type:QOS, pBssid:51:2e:90, qosData:7c
07-10 01:10:09.090  5674  7451 I [MCFSDK_android_1.2.4010]_4_b: isNetworkEnabled - type : 1 ret : true
07-10 01:10:09.090  5674  7451 D WifiProfileShare.McfCast: -ME--- mIsNetworkEnabled :true
07-10 01:10:09.090  5674  7451 D WifiProfileShare.McfCast: updateQoSData ignored, same contents
07-10 01:10:09.090  5674  7451 D WifiProfileShare.MCF: success update QosData !
07-10 01:10:09.093  5674  7451 I [MCFSDK_android_1.2.4010]_4_b: isNetworkEnabled - type : 1 ret : true
07-10 01:10:09.093  5674  7451 D WifiProfileShare.McfCast: -ME--- mIsNetworkEnabled :true
07-10 01:10:09.093  5674  7451 D WifiProfileShare.McfCast: -ME--- updatePasswordDate pwdData size:2
07-10 01:10:09.163  5262  5262 E audit   : type=1400 audit(1688944209.161:69698): avc:  denied  { getattr } for  pid=5674 comm="BinderProcsColl" path="/sys/kernel/debug/binder/proc/5674" dev="debugfs" ino=32119 scontext=u:r:system_server:s0 tcontext=u:object_r:sec_debugfs:s0 tclass=file permissive=0 SEPF_SM-A515F_13_0001 audit_filtered
07-10 01:10:09.163  5262  5262 E audit   : type=1300 audit(1688944209.161:69698): arch=c00000b7 syscall=79 success=no exit=-13 a0=ffffff9c a1=7ad2465970 a2=79df9bd680 a3=0 items=0 ppid=5287 pid=5674 auid=4294967295 uid=1000 gid=1000 euid=1000 suid=1000 fsuid=1000 egid=1000 sgid=1000 fsgid=1000 tty=(none) ses=4294967295 comm="BinderProcsColl" exe="/system/bin/app_process64" subj=u:r:system_server:s0 key=(null)
07-10 01:10:09.163  5262  5262 E audit   : type=1327 audit(1688944209.161:69698): proctitle="system_server"
07-10 01:10:10.739  5674  7726 D SemWifiUsabilityStatsMonitor: onWifiUsabilityStats - seqNum 21625, isSameBssidAndFreq true
07-10 01:10:10.741  5674  6128 I SemWifiLinkQualityMonitor: Link Qos Query: 0.041 ms / 194.667 Mbps (292 / 0.000 / 1.500)
07-10 01:10:10.742  6461  6461 D NetworkController.WifiSignalController: notifyListener: visible=true, connected=true, inetCondition=1, isDefault=true, wifiTestReported=true, receivedInetCondition=-1, hideDuringMobileSwitching=false
07-10 01:10:13.780  5674  7726 D SemWifiUsabilityStatsMonitor: onWifiUsabilityStats - seqNum 21626, isSameBssidAndFreq true
07-10 01:10:13.786  5674  6128 I SemWifiLinkQualityMonitor: Link Qos Query: 0.041 ms / 194.667 Mbps (292 / 0.000 / 1.500)
07-10 01:10:13.787  6461  6461 D NetworkController.WifiSignalController: notifyListener: visible=true, connected=true, inetCondition=1, isDefault=true, wifiTestReported=true, receivedInetCondition=-1, hideDuringMobileSwitching=false
07-10 01:10:16.343 16924 18958 W Nearby  : [MBleClient] Ignore outdated onLost runnable from cycle : 3, current cycle : 48 [CONTEXT service_id=49 ]
07-10 01:10:16.348 16924 18958 W Nearby  : [MBleClient] Ignore outdated onLost runnable from cycle : 4, current cycle : 48 [CONTEXT service_id=49 ]
07-10 01:10:16.840  5674  7726 D SemWifiUsabilityStatsMonitor: onWifiUsabilityStats - seqNum 21627, isSameBssidAndFreq true
07-10 01:10:16.843  6461  6461 D NetworkController.WifiSignalController: notifyListener: visible=true, connected=true, inetCondition=1, isDefault=true, wifiTestReported=true, receivedInetCondition=-1, hideDuringMobileSwitching=false
07-10 01:10:16.843  5674  6128 I SemWifiLinkQualityMonitor: Link Qos Query: 0.034 ms / 234.000 Mbps (351 / 0.000 / 1.500)
07-10 01:10:19.873  5674  7726 D SemWifiUsabilityStatsMonitor: onWifiUsabilityStats - seqNum 21628, isSameBssidAndFreq true
07-10 01:10:19.876  5674  6128 I SemWifiLinkQualityMonitor: Link Qos Query: 0.034 ms / 234.000 Mbps (351 / 0.000 / 1.500)
07-10 01:10:19.877  6461  6461 D NetworkController.WifiSignalController: notifyListener: visible=true, connected=true, inetCondition=1, isDefault=true, wifiTestReported=true, receivedInetCondition=-1, hideDuringMobileSwitching=false
07-10 01:10:22.939  5674  7726 D SemWifiUsabilityStatsMonitor: onWifiUsabilityStats - seqNum 21629, isSameBssidAndFreq true
07-10 01:10:22.947  5674  6128 I SemWifiLinkQualityMonitor: Link Qos Query: 0.034 ms / 234.000 Mbps (351 / 0.000 / 1.500)
07-10 01:10:26.002  5674  7726 D SemWifiUsabilityStatsMonitor: onWifiUsabilityStats - seqNum 21630, isSameBssidAndFreq true
07-10 01:10:26.004  5674  6128 I SemWifiLinkQualityMonitor: Link Qos Query: 0.034 ms / 234.000 Mbps (351 / 0.000 / 1.500)
07-10 01:10:26.951 16924 18958 W Nearby  : [MBleClient] Ignore outdated onLost runnable from cycle : 7, current cycle : 48 [CONTEXT service_id=49 ]
07-10 01:10:26.953 16924 18958 W Nearby  : [MBleClient] Ignore outdated onLost runnable from cycle : 8, current cycle : 48 [CONTEXT service_id=49 ]
07-10 01:10:26.993 31135 32652 I native  : I0000 00:00:1688944226.993208   32652 soda_async_impl.cc:1540] Current audio timestamp: 1688944226620242
07-10 01:10:27.111  5362  5362 I SurfaceFlinger: SFWD update time=134476481355622
07-10 01:10:28.331 31135 31454 I A       : (REDACTED) #onAudioData: %s bytes, getAudioReadSize %s
07-10 01:10:29.029  5674  7726 D SemWifiUsabilityStatsMonitor: onWifiUsabilityStats - seqNum 21631, isSameBssidAndFreq true
07-10 01:10:29.032  5674  6128 I SemWifiLinkQualityMonitor: Link Qos Query: 0.082 ms / 97.333 Mbps (292 / 0.000 / 3.000)
07-10 01:10:29.033  6461  6461 D NetworkController.WifiSignalController: notifyListener: visible=true, connected=true, inetCondition=1, isDefault=true, wifiTestReported=true, receivedInetCondition=-1, hideDuringMobileSwitching=false
07-10 01:10:29.966 30967 31717 I ContactsProvider_EventLog: cp_s: [CONTACT con(158) dat(1091) acc({sim(3)=15, sec(6)=1, sim2(4)=1, google(2)=81, org.telegram.messenger(236)=100, com.whatsapp(14)=41}) calls([logtype:100 cnt:877, logtype:200 cnt:5, logtype:300 cnt:495, logtype:1000 cnt:632, logtype:1150 cnt:161]) Iso(RS) uId(0) ]
07-10 01:10:29.966 30967 31717 I ContactsProvider_EventLog: cp_s: [ agr({[2 ,2 ,14 ,236]=1, [2 ,14 ,236]=32, [3]=15, [14]=1, [4]=1, [2 ,14]=4, [2 ,2]=2, [2]=34, [6 ,14]=1, [2 ,236]=3, [236]=62, [2 ,236 ,14]=2}) ]
07-10 01:10:29.966 30967 31717 I ContactsProvider_EventLog: cp_s: [ cnt({acore(30967)=1}) ]
07-10 01:10:29.966 30967 31717 I ContactsProvider_EventLog: cp_s: [PROFILE con(1) dat(1) acc({vnd.sec.contact.phone=1}) ] [SAPROFILE ]
07-10 01:10:29.966 30967 31717 I ContactsProvider_EventLog: cp_s: [STATE R(T) ]
07-10 01:10:30.585  6461  6566 D TileLifecycleManager: onStopListening
07-10 01:10:30.815  5325  5325 E sehhealth-service: Could not open /sys/class/power_supply/battery/lrp
07-10 01:10:31.616  5674  5745 W libprocessgroup: Failed to open /dev/blkio//cgroup.procs: No such file or directory
07-10 01:10:31.688 29789 22450 W ChimeraUtils: Module com.google.android.gms.auth_authzen__phone missing resource null(0)
07-10 01:10:31.690 31102 31102 I Finsky  : [2] ywt.onStartJob(4): SCH: job service start with id 9007.
07-10 01:10:31.795 29789 22450 I Authzen : [AuthZenEventHandler] Handling event: com.google.android.gms.auth.authzen.CHECK_REGISTRATION
07-10 01:10:31.801 29789 22450 I Authzen : [SyncManager] Sync requested for event 0, account <ELLIDED:-1997195081>, and components 3, with reason 4
07-10 01:10:31.801 29789 22450 I Authzen : [SyncManager] Triggering AuthZen registration check...
07-10 01:10:31.853 31102 22452 I Finsky  : [463] zhz.a(118): SCH: Satisfied jobs for 9007 are: 1-1337
07-10 01:10:31.859 29789 22450 I Authzen : [pfc] Opening database auth.proximity.permit_store...
07-10 01:10:31.908 29789 29789 D BoundBrokerSvc: onBind: Intent { act=com.google.android.gms.auth.cryptauth.cryptauthservice.START dat=chimera-action:/... cmp=com.google.android.gms/.chimera.GmsBoundBrokerService }
07-10 01:10:31.908 29789 29789 D BoundBrokerSvc: Loading bound service for intent: Intent { act=com.google.android.gms.auth.cryptauth.cryptauthservice.START dat=chimera-action:/... cmp=com.google.android.gms/.chimera.GmsBoundBrokerService }
07-10 01:10:31.956 31102 22454 I Finsky  : [464] yvu.accept(68): SCH: Job 1-1337 starting
07-10 01:10:31.990 31102 31102 I Finsky  : [2] RoutineHygieneCoreJob.v(4): DailyHygiene Holdoff skipped
07-10 01:10:32.047 29789 24698 I CryptauthV2: [EnrollKeyName] ClientName calling Cryptauth is AuthzenAccountRegistration
07-10 01:10:32.060  5674  7726 D SemWifiUsabilityStatsMonitor: onWifiUsabilityStats - seqNum 21632, isSameBssidAndFreq true
07-10 01:10:32.062  6461  6461 D NetworkController.WifiSignalController: notifyListener: visible=true, connected=true, inetCondition=1, isDefault=true, wifiTestReported=true, receivedInetCondition=-1, hideDuringMobileSwitching=false
07-10 01:10:32.062  5674  6128 I SemWifiLinkQualityMonitor: Link Qos Query: 0.082 ms / 97.333 Mbps (292 / 0.000 / 3.000)
07-10 01:10:32.072 31102 31102 I Finsky  : [2] pru.a(7): HC: Starting Hygiene for reason 12
07-10 01:10:32.159 31102 31102 E PlayCommon: [2] alpv.<init>(10): Failed to restore PlayMetalog
07-10 01:10:32.161 31102 31102 E PlayCommon: [2] alpv.<init>(14): Failed to restore LogsUploadAttempt
07-10 01:10:32.199  5287  5287 D Zygote  : Forked child process 22458
07-10 01:10:32.250 22458 22458 I e.process.gapps: Using CollectorTypeCC GC.
07-10 01:10:32.256 22458 22458 E e.process.gapps: Not starting debugger since process cannot load the jdwp agent.
07-10 01:10:32.265 22458 22458 W libc    : Access denied finding property "sys.perf.boostopt"
07-10 01:10:32.265  5262  5262 E audit   : type=1400 audit(1688944232.261:69699): avc:  denied  { read } for  pid=22458 comm="e.process.gapps" name="u:object_r:perf_prop:s0" dev="tmpfs" ino=10663 scontext=u:r:priv_app:s0:c512,c768 tcontext=u:object_r:perf_prop:s0 tclass=file permissive=0 SEPF_SM-A515F_13_0001 audit_filtered
07-10 01:10:32.265  5262  5262 E audit   : type=1300 audit(1688944232.261:69699): arch=c00000b7 syscall=56 success=no exit=-13 a0=ffffff9c a1=7fcf7d5458 a2=88000 a3=0 items=0 ppid=5287 pid=22458 auid=4294967295 uid=10226 gid=10226 euid=10226 suid=10226 fsuid=10226 egid=10226 sgid=10226 fsgid=10226 tty=(none) ses=4294967295 comm="e.process.gapps" exe="/system/bin/app_process64" subj=u:r:priv_app:s0:c512,c768 key=(null)
07-10 01:10:32.265  5262  5262 E audit   : type=1327 audit(1688944232.261:69699): proctitle="zygote64"
07-10 01:10:32.266 22458 22471 W libc    : Access denied finding property "sys.perf.boostopt"
07-10 01:10:32.266  5262  5262 E audit   : type=1400 audit(1688944232.265:69700): avc:  denied  { read } for  pid=22458 comm="binder:22458_1" name="u:object_r:perf_prop:s0" dev="tmpfs" ino=10663 scontext=u:r:priv_app:s0:c512,c768 tcontext=u:object_r:perf_prop:s0 tclass=file permissive=0 SEPF_SM-A515F_13_0001 audit_filtered
07-10 01:10:32.266  5262  5262 E audit   : type=1300 audit(1688944232.265:69700): arch=c00000b7 syscall=56 success=no exit=-13 a0=ffffff9c a1=7b7d4642f8 a2=88000 a3=0 items=0 ppid=5287 pid=22458 auid=4294967295 uid=10226 gid=10226 euid=10226 suid=10226 fsuid=10226 egid=10226 sgid=10226 fsgid=10226 tty=(none) ses=4294967295 comm="binder:22458_1" exe="/system/bin/app_process64" subj=u:r:priv_app:s0:c512,c768 key=(null)
07-10 01:10:32.267  5262  5262 E audit   : type=1327 audit(1688944232.265:69700): proctitle="com.microsoft.todos"
07-10 01:10:32.269 22458 22458 D ActivityThread: setConscryptValidator
07-10 01:10:32.269 22458 22458 D ActivityThread: setConscryptValidator - put
07-10 01:10:32.289 22458 22472 W libc    : Access denied finding property "sys.perf.boostopt"
07-10 01:10:32.291 22458 22458 D CompatibilityChangeReporter: Compat change id reported: 171979766; UID 10226; state: ENABLED
07-10 01:10:32.313 29789 24698 I BluetoothAdapter: BluetoothAdapter() : com.google.android.gms
07-10 01:10:32.317 22458 22458 D nativeloader: Configuring classloader-namespace-shared for other apk /system/framework/org.apache.http.legacy.jar. target_sdk_version=33, uses_libraries=ALL, library_path=/system/system_ext/priv-app/GoogleServicesFramework/lib/arm64:/system/system_ext/priv-app/GoogleServicesFramework/GoogleServicesFramework.apk!/lib/arm64-v8a:/system/lib64:/system/system_ext/lib64, permitted_path=/data:/mnt/expand:/data/user/0/com.google.android.gsf:/system/system_ext/priv-app/GoogleServicesFramework:/system/lib64:/system/system_ext/lib64
07-10 01:10:32.317 22458 22458 D nativeloader: Extending system_exposed_libraries: libhumantracking.arcsoft.so:libPortraitDistortionCorrection.arcsoft.so:libPortraitDistortionCorrectionCali.arcsoft.so:libface_landmark.arcsoft.so:libFacialStickerEngine.arcsoft.so:libveengine.arcsoft.so:liblow_light_hdr.arcsoft.so:libhigh_dynamic_range.arcsoft.so:libFacialAttributeDetection.arcsoft.so:libBeauty_v4.camera.samsung.so:libexifa.camera.samsung.so:libjpega.camera.samsung.so:libOpenCv.camera.samsung.so:libImageScreener.camera.samsung.so:libMyFilter.camera.samsung.so:libtensorflowLite.myfilter.camera.samsung.so:libtensorflowlite_inference_api.myfilter.camera.samsung.so:libEventFinder.camera.samsung.so:libHIDTSnapJNI.camera.samsung.so:libSmartScan.camera.samsung.so:libRectify.camera.samsung.so:libDocRectifyWrapper.camera.samsung.so:libUltraWideDistortionCorrection.camera.samsung.so:libHpr_RecGAE_cvFeature_v1.0.camera.samsung.so:libHprFace_GAE_api.camera.samsung.so:libFace_Landmark_API.camera.samsung.so:libHprFace_GAE_jni.camera.samsung.so:libFacialBasedSelfieCorrec
