07-10 00:44:00.260 16924 14903 W NetworkScheduler: 	at cabp.run(:com.google.android.gms@232414044@23.24.14 (190400-544099984):9)
07-10 00:44:00.260 16924 14903 W NetworkScheduler: 	at acmg.c(:com.google.android.gms@232414044@23.24.14 (190400-544099984):6)
07-10 00:44:00.260 16924 14903 W NetworkScheduler: 	at acmg.run(:com.google.android.gms@232414044@23.24.14 (190400-544099984):8)
07-10 00:44:00.260 16924 14903 W NetworkScheduler: 	at java.util.concurrent.ThreadPoolExecutor.runWorker(ThreadPoolExecutor.java:1137)
07-10 00:44:00.260 16924 14903 W NetworkScheduler: 	at java.util.concurrent.ThreadPoolExecutor$Worker.run(ThreadPoolExecutor.java:637)
07-10 00:44:00.260 16924 14903 W NetworkScheduler: 	at acro.run(:com.google.android.gms@232414044@23.24.14 (190400-544099984):0)
07-10 00:44:00.260 16924 14903 W NetworkScheduler: 	at java.lang.Thread.run(Thread.java:1012)
07-10 00:44:00.269 15403 15492 W WM-Processor: Didn't find WorkSpec for id WorkGenerationalId(workSpecId=b085b024-8b9f-4620-830a-bb6b8ce95d34, generation=0)
07-10 00:44:00.276 15403 15491 W WM-Processor: Didn't find WorkSpec for id WorkGenerationalId(workSpecId=b085b024-8b9f-4620-830a-bb6b8ce95d34, generation=0)
07-10 00:44:00.293 15403 15483 W WM-Processor: Didn't find WorkSpec for id WorkGenerationalId(workSpecId=b085b024-8b9f-4620-830a-bb6b8ce95d34, generation=0)
07-10 00:44:00.305 15403 15492 W WM-Processor: Didn't find WorkSpec for id WorkGenerationalId(workSpecId=b085b024-8b9f-4620-830a-bb6b8ce95d34, generation=0)
07-10 00:44:00.399 15403 15493 I WM-WorkerWrapper: Worker result SUCCESS for Work [ id=15cc27fb-52ca-4316-97a7-b82f916ed0a3, tags={ com.reddit.data.postsubmit.RemoveStaleUploadsWorker } ]
07-10 00:44:00.435 15403 15491 I WM-WorkerWrapper: Worker result SUCCESS for Work [ id=9a7aa4de-7f10-4cff-9b82-e481def1039d, tags={ com.reddit.analytics.data.dispatcher.AnalyticsDispatchWorker } ]
07-10 00:44:02.595  5674  7726 D SemWifiUsabilityStatsMonitor: onWifiUsabilityStats - seqNum 21110, isSameBssidAndFreq true
07-10 00:44:02.596  5674  6055 D ConnectivityService: notifyType CALLBACK_CAP_CHANGED for [118 WIFI]
07-10 00:44:02.598  5674  6128 I SemWifiLinkQualityMonitor: Link Qos Query: 0.046 ms / 175.500 Mbps (351 / 0.000 / 2.000)
07-10 00:44:02.600  5674  6086 D SemWifiSwitchForIndividualAppsService: stopTCPMonitoring : already stopped
07-10 00:44:02.601  5674  6086 I WifiConnectivityMonitor.NCC: sNetworkCallback(oCC) FULL : 118(true/false)[ Transports: WIFI Capabilities: NOT_METERED&INTERNET&NOT_RESTRICTED&TRUSTED&NOT_VPN&VALIDATED&NOT_ROAMING&FOREGROUND&NOT_CONGESTED&NOT_SUSPENDED&NOT_VCN_MANAGED LinkUpBandwidth>=15762Kbps LinkDnBandwidth>=38308Kbps TransportInfo: <SSID: <unknown ssid>, BSSID: 02:00:00:**:**:00, MAC: 02:00:00:**:**:00, IP: /192.168.1.19, Security type: 2, Supplicant state: COMPLETED, Wi-Fi standard: 5, RSSI: -65, Link speed: 351Mbps, Tx Link speed: 351Mbps, Max Supported Tx Link speed: 433Mbps, Rx Link speed: 6Mbps, Max Supported Rx Link speed: 433Mbps, Frequency: 5180MHz, Net ID: -1, Metered hint: false, score: 60, isUsable: true, CarrierMerged: false, SubscriptionId: -1, IsPrimary: 1, Trusted: true, Restricted: false, Ephemeral: false, OEM paid: false, OEM private: false, OSU AP: false, FQDN: <none>, Provider friendly name: <none>, Requesting package name: <none><none>MLO Information: , AP MLD Address: <none>, AP MLO Link Id: <none>, AP MLO Affiliated links: <none>> SignalStrength: -65 AdminUids: [1000] SSID: "Talija" UnderlyingNetworks: Null]
07-10 00:44:02.603  5674  6164 I WifiConnectivityMonitor: current mode : 1
07-10 00:44:02.603  5674  6164 D OpenNetworkQos[4.00]: updateBssidNoInternet: mBssidNoInternet = false
07-10 00:44:02.603  5674  6164 D OpenNetworkQos[4.00]: getOpenNetworkQosNoInternetStatus: false
07-10 00:44:02.604  5674  6164 D OpenNetworkQos[4.00]: getOpenNetworkQosScores: 26 26 26
07-10 00:44:02.604  5674  6164 I WifiProfileShare: network QoS data was changed (internet), updateQoSData networkType: true, qosData: false
07-10 00:44:02.605  5674  7451 V WifiProfileShare.Caster: update wips network, size: 0
07-10 00:44:02.605  5674  7451 D WifiProfileShare: nearby scanning settings run
07-10 00:44:02.605  5674  7451 D WifiProfileShare: network score provider settings enabled
07-10 00:44:02.606  5674  7451 D OpenNetworkQos[4.00]: getOpenNetworkQosScores: 26 26 26
07-10 00:44:02.606  5674  7451 D OpenNetworkQos[4.00]: getOpenNetworkQosNoInternetStatus: false
07-10 00:44:02.606  5674  7451 I WifiProfileShare.Caster: current network type: 0, score: [26, 26, 26]
07-10 00:44:02.607  5674  7451 V WifiProfileShare.Cache: update network score 00:e4:06:**:**:90
07-10 00:44:02.608  5674  7451 D WifiProfileShare.ScanMatcher: getMcfDataList size:2
07-10 00:44:02.608  5674  7451 I WifiProfileShare.Caster: qos data was updated , before:type:QOS, pBssid:51:2e:90, qosData:7c after:type:QOS, pBssid:51:2e:90, qosData:7c
07-10 00:44:02.610  5674  7451 I [MCFSDK_android_1.2.4010]_4_b: isNetworkEnabled - type : 1 ret : true
07-10 00:44:02.610  5674  7451 D WifiProfileShare.McfCast: -ME--- mIsNetworkEnabled :true
07-10 00:44:02.610  5674  7451 D WifiProfileShare.McfCast: updateQoSData ignored, same contents
07-10 00:44:02.610  5674  7451 D WifiProfileShare.MCF: success update QosData !
07-10 00:44:02.611  5674  7451 I [MCFSDK_android_1.2.4010]_4_b: isNetworkEnabled - type : 1 ret : true
07-10 00:44:02.611  5674  7451 D WifiProfileShare.McfCast: -ME--- mIsNetworkEnabled :true
07-10 00:44:02.611  5674  7451 D WifiProfileShare.McfCast: -ME--- updatePasswordDate pwdData size:2
07-10 00:44:02.638  6461  6566 D NetworkController.WifiSignalController: notifyListener: visible=true, connected=true, inetCondition=1, isDefault=true, wifiTestReported=true, receivedInetCondition=-1, hideDuringMobileSwitching=false
07-10 00:44:02.644 16924 18725 I ChimeraSrvcProxy: NullBinder for android.net.action.RECOMMEND_NETWORKS triggering remote TransactionTooLargeException due to Service without Chimera impl
07-10 00:44:02.644 16924 18725 W .gms.persistent: Large reply transaction of 1056768 bytes, interface descriptor , code 1
07-10 00:44:02.664 13881 13985 I Carnival-NetworkErrorManager(): onAvailable
07-10 00:44:02.666 13881 13985 I Carnival-NetworkErrorManager(): onNetworkRecovered
07-10 00:44:02.666 13881 13985 I Carnival-SamsungAccountManager(): onNetworkRecovered
07-10 00:44:02.947  5674  6164 D WifiConnectivityMonitor: Stop WCM Poll. cnt : 9
07-10 00:44:03.852  5262  5262 E audit   : type=1400 audit(1688942643.849:69461): avc:  denied  { getattr } for  pid=5674 comm="BinderProcsColl" path="/sys/kernel/debug/binder/proc/5674" dev="debugfs" ino=32119 scontext=u:r:system_server:s0 tcontext=u:object_r:sec_debugfs:s0 tclass=file permissive=0 SEPF_SM-A515F_13_0001 audit_filtered
07-10 00:44:03.852  5262  5262 E audit   : type=1300 audit(1688942643.849:69461): arch=c00000b7 syscall=79 success=no exit=-13 a0=ffffff9c a1=7ad2330060 a2=79df9bd680 a3=0 items=0 ppid=5287 pid=5674 auid=4294967295 uid=1000 gid=1000 euid=1000 suid=1000 fsuid=1000 egid=1000 sgid=1000 fsgid=1000 tty=(none) ses=4294967295 comm="BinderProcsColl" exe="/system/bin/app_process64" subj=u:r:system_server:s0 key=(null)
07-10 00:44:03.853  5262  5262 E audit   : type=1327 audit(1688942643.849:69461): proctitle="system_server"
07-10 00:44:04.648  5674  9851 D PackageManager: setEnabledSetting : userId = 0 packageName = com.Slack cmp = androidx.work.impl.background.systemalarm.RescheduleReceiver newState = 1 callingPackage = 10329/com.Slack
07-10 00:44:04.649  5674  9851 D ApplicationPolicy: getApplicationStateEnabled : pkg = com.Slack userId : 0
07-10 00:44:04.651  5674  9851 D ApplicationPolicy: getApplicationComponentState : pkg = com.Slack userId : 0
07-10 00:44:04.672  5353  5543 V APM_AudioPolicyManager: setAppState(portId:1005, state:1)
07-10 00:44:04.675  5674  5745 W libprocessgroup: Failed to open /dev/blkio//cgroup.procs: No such file or directory
07-10 00:44:04.693 15049 15247 D ConnectivityManager: StackLog: [android.net.ConnectivityManager.sendRequestForNetwork(ConnectivityManager.java:4300)] [android.net.ConnectivityManager.registerDefaultNetworkCallbackForUid(ConnectivityManager.java:4864)] [android.net.ConnectivityManager.registerDefaultNetworkCallback(ConnectivityManager.java:4831)] [android.net.ConnectivityManager.registerDefaultNetworkCallback(ConnectivityManager.java:4805)] [androidx.work.impl.utils.NetworkApi24.registerDefaultNetworkCallbackCompat(Unknown Source:11)] [androidx.work.impl.constraints.trackers.NetworkStateTracker24.startTracking(Unknown Source:15)] [androidx.work.impl.constraints.controllers.ConstraintController.replace(Unknown Source:130)] [androidx.work.impl.constraints.WorkConstraintsTrackerImpl.replace(Unknown Source:41)] [androidx.work.impl.background.greedy.GreedyScheduler.schedule(Unknown Source:302)] [androidx.work.impl.Schedulers.schedule(Unknown Source:155)] [androidx.work.impl.utils.EnqueueRunnable.run(Unknown Source:53)] [androidx.work.Worker$2.run$androidx$work$impl$utils$SerialExecutorImpl$Task(Unknown Source:4)] [androidx.work.Worker$2.run(Unknown Source:868)] [java.util.concurrent.ThreadPoolExecutor.runWorker(ThreadPoolExecutor.java:1137)] [java.util.concurrent.ThreadPoolExecutor$Worker.run(ThreadPoolExecutor.java:637)] [java.lang.Thread.run(Thread.java:1012)]
07-10 00:44:04.696  5674  9951 D ConnectivityService: requestNetwork for uid/pid:10329/15049 activeRequest: null callbackRequest: 16452 [NetworkRequest [ REQUEST id=16453, [ Capabilities: INTERNET&NOT_RESTRICTED&TRUSTED&NOT_VCN_MANAGED Uid: 10329 RequestorUid: 10329 RequestorPkg: com.Slack UnderlyingNetworks: Null] ]] callback flags: 0 order: 2147483647
07-10 00:44:04.697  5674  6055 D ConnectivityService:    accepting network in place of null
07-10 00:44:04.701  5674  6045 D WifiNetworkFactory: got request NetworkRequest [ REQUEST id=16453, [ Capabilities: INTERNET&NOT_RESTRICTED&TRUSTED&NOT_VCN_MANAGED Uid: 10329 RequestorUid: 10329 RequestorPkg: com.Slack UnderlyingNetworks: Null] ]
07-10 00:44:04.701  5674  6045 D UntrustedWifiNetworkFactory: got request NetworkRequest [ REQUEST id=16453, [ Capabilities: INTERNET&NOT_RESTRICTED&TRUSTED&NOT_VCN_MANAGED Uid: 10329 RequestorUid: 10329 RequestorPkg: com.Slack UnderlyingNetworks: Null] ]
07-10 00:44:04.702  5674  6045 D OemPaidWifiNetworkFactory: got request NetworkRequest [ REQUEST id=16453, [ Capabilities: INTERNET&NOT_RESTRICTED&TRUSTED&NOT_VCN_MANAGED Uid: 10329 RequestorUid: 10329 RequestorPkg: com.Slack UnderlyingNetworks: Null] ]
07-10 00:44:04.703  5674  6045 D MultiInternetWifiNetworkFactory: got request NetworkRequest [ REQUEST id=16453, [ Capabilities: INTERNET&NOT_RESTRICTED&TRUSTED&NOT_VCN_MANAGED Uid: 10329 RequestorUid: 10329 RequestorPkg: com.Slack UnderlyingNetworks: Null] ]
07-10 00:44:04.705  5674  6055 D ConnectivityService: Rematched networks [computed 0ms] [applied 1ms] [issued 7]
07-10 00:44:04.705  5674  6055 D ConnectivityService: NetworkReassignment :
07-10 00:44:04.705  5674  6055 D ConnectivityService:   16453 : null → 118
07-10 00:44:04.720 15049 15049 D ConnectivityManager: StackLog: [android.net.ConnectivityManager.unregisterNetworkCallback(ConnectivityManager.java:4972)] [androidx.work.impl.utils.NetworkApi21.unregisterNetworkCallbackCompat(Unknown Source:11)] [androidx.work.impl.constraints.trackers.NetworkStateTracker24.stopTracking(Unknown Source:15)] [androidx.work.impl.constraints.trackers.ConstraintTracker.removeListener(Unknown Source:24)] [androidx.work.impl.constraints.controllers.ConstraintController.replace(Unknown Source:81)] [androidx.work.impl.constraints.WorkConstraintsTrackerImpl.replace(Unknown Source:41)] [androidx.work.impl.background.greedy.GreedyScheduler.onExecuted(Unknown Source:55)] [androidx.work.impl.Processor.onExecuted(Unknown Source:59)] [com.bugsnag.android.DeliveryDelegate$1.run(Unknown Source:212)]
07-10 00:44:04.723  5674  6055 D ConnectivityService:  Removing from current network [118 WIFI], leaving 157 requests.
07-10 00:44:04.732  5353  5543 V APM_AudioPolicyManager: setAppState(portId:1005, state:1)
07-10 00:44:04.735  5353  5543 V APM_AudioPolicyManager: setAppState(portId:1005, state:1)
07-10 00:44:04.811 15403 15478 W AudioCapabilities: Unsupported mime audio/x-ima
07-10 00:44:04.812 15403 15478 W AudioCapabilities: Unsupported mime audio/mpeg-L1
07-10 00:44:04.813 15403 15478 W AudioCapabilities: Unsupported mime audio/mpeg-L2
07-10 00:44:04.814 15403 15478 W VideoCapabilities: Unsupported mime video/mp43
07-10 00:44:04.817 15403 15478 W VideoCapabilities: Unsupported mime video/wvc1
07-10 00:44:04.818 15403 15478 W VideoCapabilities: Unsupported mime video/x-ms-wmv
07-10 00:44:04.819 15403 15478 W AudioCapabilities: Unsupported mime audio/x-ms-wma
07-10 00:44:04.819 15403 15478 W VideoCapabilities: Unsupported mime video/x-ms-wmv7
07-10 00:44:04.819 15403 15478 W VideoCapabilities: Unsupported mime video/x-ms-wmv8
07-10 00:44:04.852 15403 15478 W VideoCapabilities: Unrecognized profile/level 32768/256 for video/mp4v-es
07-10 00:44:04.943  5353  5543 V APM_AudioPolicyManager: setAppState(portId:1005, state:1)
07-10 00:44:04.943  5353  5543 V APM_AudioPolicyManager: setAppState(portId:1005, state:1)
07-10 00:44:04.943  5674  5745 W libprocessgroup: Failed to open /dev/blkio//cgroup.procs: No such file or directory
07-10 00:44:04.947  5674  5745 W libprocessgroup: Failed to open /dev/blkio//cgroup.procs: No such file or directory
07-10 00:44:04.951 15403 15417 W libc    : Access denied finding property "sys.perf.boostopt"
07-10 00:44:04.952  5262  5262 E audit   : type=1400 audit(1688942644.945:69462): avc:  denied  { read } for  pid=15403 comm="binder:15403_2" name="u:object_r:perf_prop:s0" dev="tmpfs" ino=10663 scontext=u:r:untrusted_app:s0:c220,c256,c512,c768 tcontext=u:object_r:perf_prop:s0 tclass=file permissive=0 SEPF_SM-A515F_13_0001 audit_filtered
07-10 00:44:04.953  5262  5262 E audit   : type=1300 audit(1688942644.945:69462): arch=c00000b7 syscall=56 success=no exit=-13 a0=ffffff9c a1=7b7d3792f8 a2=88000 a3=0 items=0 ppid=5287 pid=15403 auid=4294967295 uid=10220 gid=10220 euid=10220 suid=10220 fsuid=10220 egid=10220 sgid=10220 fsgid=10220 tty=(none) ses=4294967295 comm="binder:15403_2" exe="/system/bin/app_process64" subj=u:r:untrusted_app:s0:c220,c256,c512,c768 key=(null)
07-10 00:44:04.953  5262  5262 E audit   : type=1327 audit(1688942644.945:69462): proctitle="com.reddit.frontpage"
07-10 00:44:05.009  5674  6213 D NetdEventListenerService: DNS Requested by : 118, 10220
07-10 00:44:05.012 15403 15512 D TrafficStats: tagSocket(114) with statsTag=0xffffffff, statsUid=-1
07-10 00:44:05.047 16924 10473 W NetworkScheduler: Error inserting flex_time=1757000 job_id=-1 period=3515000 source=16 requires_charging=0 preferred_network_type=1 target_class=com.google.android.gms.measurement.PackageMeasurementTaskService user_id=0 target_package=com.google.android.gms tag=Measurement.PackageMeasurementTaskService.UPLOAD_TASK_TAG task_type=0 required_idleness_state=0 service_kind=0 source_version=232414000 persistence_level=1 preferred_charging_state=1 required_network_type=0 runtime=1688942645042 retry_strategy={"maximum_backoff_seconds":{"3600":0},"initial_backoff_seconds":{"30":0},"retry_policy":{"0":0}} last_runtime=0 [CONTEXT service_id=218 ]
07-10 00:44:05.047 16924 10473 W NetworkScheduler: android.database.sqlite.SQLiteConstraintException: UNIQUE constraint failed: pending_ops.tag, pending_ops.target_class, pending_ops.target_package, pending_ops.user_id (code 2067 SQLITE_CONSTRAINT_UNIQUE[2067])
07-10 00:44:05.047 16924 10473 W NetworkScheduler: 	at android.database.sqlite.SQLiteConnection.nativeExecuteForLastInsertedRowId(Native Method)
07-10 00:44:05.047 16924 10473 W NetworkScheduler: 	at android.database.sqlite.SQLiteConnection.executeForLastInsertedRowId(SQLiteConnection.java:1275)
07-10 00:44:05.047 16924 10473 W NetworkScheduler: 	at android.database.sqlite.SQLiteSession.executeForLastInsertedRowId(SQLiteSession.java:790)
07-10 00:44:05.047 16924 10473 W NetworkScheduler: 	at android.database.sqlite.SQLiteStatement.executeInsert(SQLiteStatement.java:89)
07-10 00:44:05.047 16924 10473 W NetworkScheduler: 	at android.database.sqlite.SQLiteDatabase.insertWithOnConflict(SQLiteDatabase.java:2410)
07-10 00:44:05.047 16924 10473 W NetworkScheduler: 	at android.database.sqlite.SQLiteDatabase.insertOrThrow(SQLiteDatabase.java:2305)
07-10 00:44:05.047 16924 10473 W NetworkScheduler: 	at cahd.f(:com.google.android.gms@232414044@23.24.14 (190400-544099984):59)
07-10 00:44:05.047 16924 10473 W NetworkScheduler: 	at cafx.n(:com.google.android.gms@232414044@23.24.14 (190400-544099984):3)
07-10 00:44:05.047 16924 10473 W NetworkScheduler: 	at cafx.u(:com.google.android.gms@232414044@23.24.14 (190400-544099984):20)
07-10 00:44:05.047 16924 10473 W NetworkScheduler: 	at cafx.h(:com.google.android.gms@232414044@23.24.14 (190400-544099984):3)
07-10 00:44:05.047 16924 10473 W NetworkScheduler: 	at cabp.run(:com.google.android.gms@232414044@23.24.14 (190400-544099984):9)
07-10 00:44:05.047 16924 10473 W NetworkScheduler: 	at acmg.c(:com.google.android.gms@232414044@23.24.14 (190400-544099984):6)
07-10 00:44:05.047 16924 10473 W NetworkScheduler: 	at acmg.run(:com.google.android.gms@232414044@23.24.14 (190400-544099984):7)
07-10 00:44:05.047 16924 10473 W NetworkScheduler: 	at java.util.concurrent.ThreadPoolExecutor.runWorker(ThreadPoolExecutor.java:1137)
07-10 00:44:05.047 16924 10473 W NetworkScheduler: 	at java.util.concurrent.ThreadPoolExecutor$Worker.run(ThreadPoolExecutor.java:637)
07-10 00:44:05.047 16924 10473 W NetworkScheduler: 	at acro.run(:com.google.android.gms@232414044@23.24.14 (190400-544099984):0)
07-10 00:44:05.047 16924 10473 W NetworkScheduler: 	at java.lang.Thread.run(Thread.java:1012)
07-10 00:44:05.397 15403 15493 I WM-WorkerWrapper: Worker result SUCCESS for Work [ id=bb8a3b9b-701c-4728-b33e-9d6ebe57268c, tags={ com.reddit.billing.RetryPurchasesWorker } ]
07-10 00:44:05.596 15403 15519 D ProfileInstaller: Skipping profile installation for com.reddit.frontpage
07-10 00:44:05.619  5674  7726 D SemWifiUsabilityStatsMonitor: onWifiUsabilityStats - seqNum 21111, isSameBssidAndFreq true
07-10 00:44:05.621  5674  6128 I SemWifiLinkQualityMonitor: Link Qos Query: 0.048 ms / 167.870 Mbps (351 / 0.000 / 2.091)
07-10 00:44:05.622  6461  6461 D NetworkController.WifiSignalController: notifyListener: visible=true, connected=true, inetCondition=1, isDefault=true, wifiTestReported=true, receivedInetCondition=-1, hideDuringMobileSwitching=false
07-10 00:44:05.804  5353  5699 V APM_AudioPolicyManager: setAppState(portId:1005, state:1)
07-10 00:44:05.839  5674  6213 D NetdEventListenerService: DNS Requested by : 118, 10220
07-10 00:44:05.843  5674  6213 D NetdEventListenerService: DNS Requested by : 118, 10220
07-10 00:44:05.851  5674  6213 D NetdEventListenerService: DNS Requested by : 118, 10220
07-10 00:44:06.081 15403 15491 I WM-WorkerWrapper: Worker result SUCCESS for Work [ id=73f795e1-824e-404a-9660-72644423bc6a, tags={ com.reddit.data.worker.EmailRequirementWorker } ]
07-10 00:44:06.088 15403 15403 D ConnectivityManager: StackLog: [android.net.ConnectivityManager.unregisterNetworkCallback(ConnectivityManager.java:4972)] [g7.j.c(NetworkApi21.kt:11)] [d7.k.e(NetworkStateTracker.kt:18)] [d7.h.b(ConstraintTracker.kt:25)] [c7.c.d(ConstraintController.kt:81)] [b7.d.d(WorkConstraintsTracker.kt:41)] [y6.c.a(GreedyScheduler.java:72)] [androidx.work.impl.o.a(Processor.java:98)] [androidx.work.impl.o$a.run(Processor.java:19)]
07-10 00:44:06.094  5674  6055 D ConnectivityService:  Removing from current network [118 WIFI], leaving 156 requests.
07-10 00:44:06.106  5353  5699 V APM_AudioPolicyManager: setAppState(portId:1005, state:1)
07-10 00:44:06.122  5353  5699 V APM_AudioPolicyManager: setAppState(portId:1005, state:1)
07-10 00:44:06.130  5674  5743 I libprocessgroup: Successfully killed process cgroup uid 5010 pid 13452 in 0ms
07-10 00:44:06.177  5287  5287 I Zygote  : Process 13452 exited due to signal 9 (Killed)
07-10 00:44:06.246 15403 15482 D Event   : No subscribers registered for event class com.reddit.sync.h
07-10 00:44:06.247 15403 15482 D Event   : No subscribers registered for event class de.greenrobot.event.e
07-10 00:44:06.249 15403 15493 I WM-WorkerWrapper: Worker result SUCCESS for Work [ id=d5817065-8310-44f8-bf80-a86e6e5a3063, tags={ com.reddit.sync.ExperimentsSyncWorker } ]
07-10 00:44:07.757  5313  5394 I HYPER-HAL: [RequestManager.cpp]releaseLocked(): Released ID : 48427565
07-10 00:44:08.673  5674  7726 D SemWifiUsabilityStatsMonitor: onWifiUsabilityStats - seqNum 21112, isSameBssidAndFreq true
07-10 00:44:08.676  5674  6128 I SemWifiLinkQualityMonitor: Link Qos Query: 0.073 ms / 109.032 Mbps (390 / 0.000 / 3.577)
07-10 00:44:08.956  5674  6183 D WifiConnectivityMonitor: start WCM Poll.
07-10 00:44:11.737  5674  7726 D SemWifiUsabilityStatsMonitor: onWifiUsabilityStats - seqNum 21113, isSameBssidAndFreq true
07-10 00:44:11.744  5674  6128 I SemWifiLinkQualityMonitor: Link Qos Query: 0.073 ms / 109.032 Mbps (390 / 0.000 / 3.577)
07-10 00:44:11.746  6461  6461 D NetworkController.WifiSignalController: notifyListener: visible=true, connected=true, inetCondition=1, isDefault=true, wifiTestReported=true, receivedInetCondition=-1, hideDuringMobileSwitching=false
07-10 00:44:13.439  6461  6461 D NetworkController.WifiSignalController: notifyListener: visible=true, connected=true, inetCondition=1, isDefault=true, wifiTestReported=true, receivedInetCondition=-1, hideDuringMobileSwitching=false
07-10 00:44:13.442  6461  6566 D Tile.WifiTile: handleUpdateState isTransient=false transientEnabling =false cb.isTransient=false state.state = 2 mStateBeforeClick.value =false enabled =true
07-10 00:44:13.443  6461  6461 D MobileSignalController(0/1): notifyListener: enabled=true, connected=true, dataConnected=false, networkType=LTE (4G), emergencyOnly=false, roaming=true, isDefault=false, dataActivity=, level=1, ca=false, mmWave=false, disabledDataIcon=false, simCard=ETC
07-10 00:44:13.445  6461  6461 D MobileSignalController(1/2): notifyListener: enabled=true, connected=true, dataConnected=false, networkType=LTE (4G), emergencyOnly=false, roaming=false, isDefault=false, dataActivity=, level=1, ca=false, mmWave=false, disabledDataIcon=false, simCard=ETC
07-10 00:44:13.450  6461  6566 D Tile.WifiTile: handleUpdateState isTransient=false transientEnabling =false cb.isTransient=false state.state = 2 mStateBeforeClick.value =false enabled =true
07-10 00:44:14.781  5674  7726 D SemWifiUsabilityStatsMonitor: onWifiUsabilityStats - seqNum 21114, isSameBssidAndFreq true
07-10 00:44:14.782  5674  6128 I SemWifiLinkQualityMonitor: Link Qos Query: 0.073 ms / 109.032 Mbps (390 / 0.000 / 3.577)
07-10 00:44:14.904 29789 29789 D BoundBrokerSvc: onUnbind: Intent { act=com.google.android.gms.auth.api.identity.service.signin.START dat=chimera-action:/... cmp=com.google.android.gms/.chimera.GmsApiService }
07-10 00:44:15.049 29789 29789 D BoundBrokerSvc: onUnbind: Intent { act=com.google.android.gms.measurement.START pkg=com.google.android.gms }
07-10 00:44:15.166 16924 16924 D BoundBrokerSvc: onUnbind: Intent { act=com.google.android.gms.presencemanager.service.START dat=chimera-action:/... cmp=com.google.android.gms/.chimera.PersistentApiService }
07-10 00:44:15.169 16924 16924 D BoundBrokerSvc: onUnbind: Intent { act=com.google.android.gms.presencemanager.service.INTERNAL_IDENTITY dat=chimera-action:/... cmp=com.google.android.gms/.chimera.PersistentApiService }
07-10 00:44:17.822  5674  7726 D SemWifiUsabilityStatsMonitor: onWifiUsabilityStats - seqNum 21115, isSameBssidAndFreq true
07-10 00:44:17.828  5674  6128 I SemWifiLinkQualityMonitor: Link Qos Query: 0.034 ms / 234.000 Mbps (390 / 0.000 / 1.667)
07-10 00:44:17.829  6461  6461 D NetworkController.WifiSignalController: notifyListener: visible=true, connected=true, inetCondition=1, isDefault=true, wifiTestReported=true, receivedInetCondition=-1, hideDuringMobileSwitching=false
07-10 00:44:20.865  5674  7726 D SemWifiUsabilityStatsMonitor: onWifiUsabilityStats - seqNum 21116, isSameBssidAndFreq true
07-10 00:44:20.869  5674  6128 I SemWifiLinkQualityMonitor: Link Qos Query: 0.034 ms / 234.000 Mbps (390 / 0.000 / 1.667)
07-10 00:44:20.869  6461  6461 D NetworkController.WifiSignalController: notifyListener: visible=true, connected=true, inetCondition=1, isDefault=true, wifiTestReported=true, receivedInetCondition=-1, hideDuringMobileSwitching=false
07-10 00:44:23.922  5674  7726 D SemWifiUsabilityStatsMonitor: onWifiUsabilityStats - seqNum 21117, isSameBssidAndFreq true
07-10 00:44:23.927  6461  6461 D NetworkController.WifiSignalController: notifyListener: visible=true, connected=true, inetCondition=1, isDefault=true, wifiTestReported=true, receivedInetCondition=-1, hideDuringMobileSwitching=false
07-10 00:44:23.929  5674  6128 I SemWifiLinkQualityMonitor: Link Qos Query: 0.041 ms / 195.000 Mbps (390 / 0.000 / 2.000)
07-10 00:44:26.613 30967 31717 I ContactsProvider_EventLog: cp_s: [CONTACT con(158) dat(1091) acc({sim(3)=15, sec(6)=1, sim2(4)=1, google(2)=81, org.telegram.messenger(236)=100, com.whatsapp(14)=41}) calls([logtype:100 cnt:877, logtype:200 cnt:5, logtype:300 cnt:495, logtype:1000 cnt:632, logtype:1150 cnt:161]) Iso(RS) uId(0) ]
07-10 00:44:26.613 30967 31717 I ContactsProvider_EventLog: cp_s: [ agr({[2 ,2 ,14 ,236]=1, [2 ,14 ,236]=32, [3]=15, [14]=1, [4]=1, [2 ,14]=4, [2 ,2]=2, [2]=34, [6 ,14]=1, [2 ,236]=3, [236]=62, [2 ,236 ,14]=2}) ]
07-10 00:44:26.613 30967 31717 I ContactsProvider_EventLog: cp_s: [ cnt({acore(30967)=1}) ]
07-10 00:44:26.613 30967 31717 I ContactsProvider_EventLog: cp_s: [PROFILE con(1) dat(1) acc({vnd.sec.contact.phone=1}) ] [SAPROFILE ]
07-10 00:44:26.613 30967 31717 I ContactsProvider_EventLog: cp_s: [STATE R(T) ]
07-10 00:44:26.984  5674  7726 D SemWifiUsabilityStatsMonitor: onWifiUsabilityStats - seqNum 21118, isSameBssidAndFreq true
07-10 00:44:26.988  5674  6128 I SemWifiLinkQualityMonitor: Link Qos Query: 0.041 ms / 195.000 Mbps (390 / 0.000 / 2.000)
07-10 00:44:26.988  6461  6461 D NetworkController.WifiSignalController: notifyListener: visible=true, connected=true, inetCondition=1, isDefault=true, wifiTestReported=true, receivedInetCondition=-1, hideDuringMobileSwitching=false
07-10 00:44:26.993 31135 32652 I native  : I0000 00:00:1688942666.993209   32652 soda_async_impl.cc:1540] Current audio timestamp: 1688942666620242
07-10 00:44:28.049 31135 31465 I A       : (REDACTED) #onAudioData: %s bytes, getAudioReadSize %s
07-10 00:44:28.323  5306  5327 I SensorsHub: context 6 0 5 1,1,55,0,1,3, 144165156344876
07-10 00:44:28.324  5674  5859 D SensorHubManager: onGetSensorHubDataLocked: library(6) = 1, 1, 55, 0, 1, 3
07-10 00:44:28.326  5674  5860 D CAE     : onGetSensorHubData(SensorHubParserProvider.java:89) - onGetSensorHubData Event [event buffer len :6], AP_WAKEUP
07-10 00:44:28.326  5674  5860 I CAE     : parse(SensorHubParserProvider.java:190) - buffer size = 6
07-10 00:44:28.327  5674  5860 I CAE     : parse(SensorHubParserProvider.java:201) - 1, 1, 55, 0, 1, 3,
07-10 00:44:28.333  5674  5860 I CAE     : parse(SLocationRunner.java:88) - SLocationRunner parse start : 3
07-10 00:44:28.333  5674  5860 D CAE     : display(ContextProvider.java:375) - ================= SLOCATION_RUNNER =================
07-10 00:44:28.334  5674  5860 I CAE     : display(ContextProvider.java:391) - ExtraDataArray=[1, 1, 55, 0, 1, 3]
07-10 00:44:28.334  5674  5860 I CAE     : parse(SLocationRunner.java:96) - SLocationRunner parse end:6
07-10 00:44:28.338  5674  5857 D SemContextService: Service.updateContext() : service = SLocation Core
07-10 00:44:28.345  5674  5674 D SemContextManager: onSemContextChanged() : event = SLocation Core
07-10 00:44:28.348  5674  5674 D SLocation: SLocationCoreSem - SemContextChanged type = 47, packet received
07-10 00:44:28.352  5674  6793 I SLocation: SemContextParser -  parse start : 3
07-10 00:44:28.352  5674  6793 I SLocation: SemContextParser -  packet Length : 1packet total size : 6
07-10 00:44:28.354  5674  6793 I SLocation: SemContextParser - packet : [3]
07-10 00:44:28.354  5674  6793 D SLocation: GeofenceCoreManager - received Extra Data from core, len : 1
07-10 00:44:28.356  5674  6793 D SLocation: CommonCoreManager - received Extra Data from core, len : 1
07-10 00:44:28.356  5674  6793 D SLocation: PositionManager - last location time exceed threshold 322643 / 30000
07-10 00:44:28.357  5674  6793 D SLocation: GeopointGeofenceManager - getLastLocation is abnromal!
07-10 00:44:28.357  5674  6793 D SLocation: LocationProviderStatus - try to update provider status (GPS/NLP)
07-10 00:44:28.358  5674  6793 D SLocation: LocationProviderStatus - set isGpsOn : true, isNlpOn : true
07-10 00:44:28.358  5674  6793 D SLocation: LocationProviderStatus - gps & nlp status not changed
07-10 00:44:28.359  5674  6793 D SLocation: SContentManager - IsNetworkAvailable = true
07-10 00:44:28.359  5674  6793 D SLocation: PositionManager - requestLocationUpdates(1) : NETWORK_PROVIDER
07-10 00:44:28.359  5674  6793 D SLocation: NLPManager - requestUpdate - NLP
07-10 00:44:28.366  5674  6793 D LocationManagerService: network provider added registration from 1000/android[SLocationService]/4FF31C5B -> Request[@0 BALANCED, WorkSource{1000 android}]
07-10 00:44:28.406  7284  7370 I RequestManager_FLP: request from system, change packageName from system to system(slocation)
07-10 00:44:28.407  7284  7370 E RequestManager_FLP: [LocationManager] Location request 4FF31C5B(Listener) network interval=0ms (min=0ms) from system(slocation) (1000_FINE_unknown_false_foreground)
07-10 00:44:28.462  5674  5690 I system_server: Background young concurrent copying GC freed 410058(17MB) AllocSpace objects, 81(1616KB) LOS objects, 14% free, 107MB/126MB, paused 1.952ms,519us total 136.064ms
07-10 00:44:28.465 15049 15086 W libc    : Access denied finding property "sys.perf.boostopt"
07-10 00:44:28.465 15403 15507 W libc    : Access denied finding property "sys.perf.boostopt"
07-10 00:44:28.470  5262  5262 E audit   : type=1400 audit(1688942668.461:69463): avc:  denied  { read } for  pid=15049 comm="binder:15049_3" name="u:object_r:perf_prop:s0" dev="tmpfs" ino=10663 scontext=u:r:untrusted_app:s0:c73,c257,c512,c768 tcontext=u:object_r:perf_prop:s0 tclass=file permissive=0 SEPF_SM-A515F_13_0001 audit_filtered
07-10 00:44:28.471  5262  5262 E audit   : type=1400 audit(1688942668.461:69464): avc:  denied  { read } for  pid=15403 comm="binder:15403_3" name="u:object_r:perf_prop:s0" dev="tmpfs" ino=10663 scontext=u:r:untrusted_app:s0:c220,c256,c512,c768 tcontext=u:object_r:perf_prop:s0 tclass=file permissive=0 SEPF_SM-A515F_13_0001 audit_filtered
07-10 00:44:28.471  5262  5262 E audit   : type=1300 audit(1688942668.461:69463): arch=c00000b7 syscall=56 success=no exit=-13 a0=ffffff9c a1=7b213fe2f8 a2=88000 a3=0 items=0 ppid=5287 pid=15049 auid=4294967295 uid=10329 gid=10329 euid=10329 suid=10329 fsuid=10329 egid=10329 sgid=10329 fsgid=10329 tty=(none) ses=4294967295 comm="binder:15049_3" exe="/system/bin/app_process64" subj=u:r:untrusted_app:s0:c73,c257,c512,c768 key=(null)
07-10 00:44:28.471  5262  5262 E audit   : type=1300 audit(1688942668.461:69464): arch=c00000b7 syscall=56 success=no exit=-13 a0=ffffff9c a1=7b8a4f12f8 a2=88000 a3=0 items=0 ppid=5287 pid=15403 auid=4294967295 uid=10220 gid=10220 euid=10220 suid=10220 fsuid=10220 egid=10220 sgid=10220 fsgid=10220 tty=(none) ses=4294967295 comm="binder:15403_3" exe="/system/bin/app_process64" subj=u:r:untrusted_app:s0:c220,c256,c512,c768 key=(null)
07-10 00:44:28.471  5262  5262 E audit   : type=1327 audit(1688942668.461:69463): proctitle="com.Slack"
07-10 00:44:28.471  5262  5262 E audit   : type=1327 audit(1688942668.461:69464): proctitle="com.reddit.frontpage"
07-10 00:44:28.472  5674  5692 W System  : A resource failed to call close.
07-10 00:44:28.511 16924 17836 W SystemServiceRegistry: No service published for: wifirtt
07-10 00:44:28.565 22079 22079 I wpa_supplicant: nl80211: Drv Event 33 (NL80211_CMD_TRIGGER_SCAN) received for wlan0
07-10 00:44:28.567 22079 22079 I wpa_supplicant: wlan0: nl80211: Scan trigger
07-10 00:44:28.578  5325  5325 E sehhealth-service: Could not open /sys/class/power_supply/battery/lrp
07-10 00:44:28.599  6877  7137 I PhoneStateTracker<1>: onCellInfoChanged: xxxxx
07-10 00:44:28.606  6877  7137 I ImsCallSessionManager: onCellInfoChanged, phoneId: 1
07-10 00:44:28.606  6877  7137 I RegiMgr-Handler: handleMessage: EVENT_CELL_INFO_CHANGED
07-10 00:44:28.613  6877  7137 I RegiMgr<1>: updatePani RegisterTask[1][mProfile=Telenor Serbia IMS, mRegistrationRat=13, mPdnType=11, mState=REGISTERED, mObject=UserAgent - :
07-10 00:44:28.613  6877  7137 I RegiMgr<1>:  total records=812
07-10 00:44:28.613  6877  7137 I RegiMgr<1>:  rec[0]: time=07-10 00:17:03.418 processed=ReadyState org=RegisteredState dest=<null> what=34(0x22)
07-10 00:44:28.613  6877  7137 I RegiMgr<1>:  rec[1]: time=07-10 00:17:03.440 processed=RegisteredState org=RegisteredState dest=<null> what=2000(0x7d0)
07-10 00:44:28.613  6877  7137 I RegiMgr<1>:  rec[2]: time=07-10 00:17:06.472 processed=ReadyState org=RegisteredState dest=<null> what=34(0x22)
07-10 00:44:28.613  6877  7137 I RegiMgr<1>:  rec[3]: time=07-10 00:17:06.473 processed=RegisteredState org=RegisteredState dest=<null> what=2000(0x7d0)
07-10 00:44:28.613  6877  7137 I RegiMgr<1>:  rec[4]: time=07-10 00:22:32.615 processed=ReadyState org=RegisteredState dest=<null> what=34(0x22)
07-10 00:44:28.613  6877  7137 I RegiMgr<1>:  rec[5]: time=07-10 00:22:32.635 processed=RegisteredState org=RegisteredState dest=<null> what=2000(0x7d0)
07-10 00:44:28.613  6877  7137 I RegiMgr<1>:  rec[6]: time=07-10 00:22:35.872 processed=ReadyState org=RegisteredState dest=<null> what=34(0x22)
07-10 00:44:28.613  6877  7137 I RegiMgr<1>:  rec[7]: time=07-10 00:22:35.874 processed=RegisteredState org=RegisteredState dest=<null> what=2000(0x7d0)
07-10 00:44:28.613  6877  7137 I RegiMgr<1>:  rec[8]: time=07-10 00:28:01.891 processed=ReadyState org=RegisteredState dest=<null> what=34(0x22)
07-10 00:44:28.613  6877  7137 I RegiMgr<1>:  rec[9]: time=07-10 00:28:01.912 processed=RegisteredState org=RegisteredState dest=<null> what=2000(0x7d0)
07-10 00:44:28.613  6877  7137 I RegiMgr<1>:  rec[10]: time=07-10 00:28:05.093 processed=ReadyState org=RegisteredState dest=<null> what=34(0x22)
07-10 00:44:28.613  6877  7137 I RegiMgr<1>:  rec[11]: time=07-10 00:28:05.093 processed=RegisteredState org=RegisteredState dest=<null> what=2000(0x7d0)
07-10 00:44:28.613  6877  7137 I RegiMgr<1>:  rec[12]: time=07-10 00:33:30.273 processed=ReadyState org=RegisteredState dest=<null> what=34(0x22)
07-10 00:44:28.613  6877  7137 I RegiMgr<1>:  rec[13]: time=07-10 00:33:30.290 processed=RegisteredState org=RegisteredState dest=<null> what=2000(0x7d0)
07-10 00:44:28.613  6877  7137 I RegiMgr<1>:  rec[14]: time=07-10 00:33:33.631 processed=ReadyState org=RegisteredState dest=<null> what=34(0x22)
07-10 00:44:28.613  6877  7137 I RegiMgr<1>:  rec[15]: time=07-10 00:33:33.633 processed=RegisteredState org=RegisteredState dest=<null> what=2000(0x7d0)
07-10 00:44:28.613  6877  7137 I RegiMgr<1>:  rec[16]: time=07-10 00:38:59.728 processed=ReadyState org=RegisteredState dest=<null> what=34(0x22)
07-10 00:44:28.613  6877  7137 I RegiMgr<1>:  rec[17]: time=07-10 00:38:59.740 processed=RegisteredState org=RegisteredState dest=<null> what=2000(0x7d0)
07-10 00:44:28.613  6877  7137 I RegiMgr<1>:  rec[18]: time=07-10 00:39:02.885 processed=ReadyState org=RegisteredState dest=<null> what=34(0x22)
07-10 00:44:28.613  6877  7137 I RegiMgr<1>:  rec[19]: time=07-10 00:39:02.887 processed=RegisteredState org=RegisteredState dest=<null> what=2000(0x7d0)
07-10 00:44:28.613  6877  7137 I RegiMgr<1>: curState=RegisteredState
07-10 00:44:28.613  6877  7137 I RegiMgr<1>: , mReason=, mPcscfHostname=null, mDeregiReason=41]
07-10 00:44:28.619  6877  7137 I PaniGenerator<1>: generate: subId=2, network=13
07-10 00:44:28.619  6877  7137 I PaniGenerator<1>: generate: network=13, fallbackPlmn=22001
07-10 00:44:28.621  6877  7137 I PdnController<1>: getAllCellInfo mNeedCellLocationUpdate : false
07-10 00:44:28.621  6877  7137 I PaniGenerator: generate: change to NW PLMN(22001)
07-10 00:44:28.622  6877  7137 I PaniGenerator: setLkcForLastPani: No Last PANI header for Telenor Serbia IMS
07-10 00:44:28.622  6877  7137 I UserAgent<1>: updatePani: pani=3GPP-E-UTRAN-FDD;utran-cell-id-3gpp=220012b73017a501, updatePani: lastPani=
07-10 00:44:28.625  6877  7320 I StackIF : updatePani: 15 pani: [3GPP-E-UTRAN-FDD;utran-cell-id-3gpp=220012b73017a501]
07-10 00:44:28.625  6877  7137 I RegiMgr<1>: tryRegister:
07-10 00:44:28.627  6877  7137 I RegiMgr<0>: RegisterTask(s): Megafon VoLTE (IDLE)
07-10 00:44:28.628  6877  7137 I RegiMgr<1>: RegisterTask(s): Telenor Serbia IMS (REGISTERED, rat = 13, service = [mmtel-video, smsip, mmtel]), Global GC RCS (IDLE)
07-10 00:44:28.628  6877  7137 I RcsPolicyMgr<1>: pendingRcsRegister: mActiveDataPhoneId = 1
07-10 00:44:28.628  6877  7137 I RcsPolicyMgr<1>: pendingRcsRegister: mActiveDataPhoneId = 1
07-10 00:44:28.628  6877  7137 I RegisterTask: isSuspended: mSuspended(false) mSuspendByIrat(false)
07-10 00:44:28.629  6877  7137 I RegiMgr<1>: [Global GC RCS|IDLE] checkForTryRegister id: 1003
07-10 00:44:28.629  6877  7137 I RegiMgr : isPdnConnected: false, PdnType: 1
07-10 00:44:28.630  6877  7320 I SECIMSJ : [1510]> 140
07-10 00:44:28.633  6877  7137 I PdnController: getDefaultNetworkBearer:  WIFI
07-10 00:44:28.636  6877  7137 I PdnController: isWifiConnected: [type: WIFI[], state: CONNECTED/CONNECTED, reason: (unspecified), extra: , failover: false, available: true, roaming: false]
07-10 00:44:28.636  6877  7137 I RegiMgr-Utils<1>: findBestNetwork: WIFI needWifiNetwork = true
07-10 00:44:28.645  6877  7137 I RegiGvnBase<1>: isReadyToDualRegister : true
07-10 00:44:28.647  6877  7330 I [IMS6.0]: IMS_onResponse()
07-10 00:44:28.649  6877  7137 I RegiMgr<1>: [Global GC RCS|IDLE] checkInitialRegistrationIsReady: APM ON [false], Roamimg [false]
07-10 00:44:28.649  6877  7137 I RcsPolicyMgr<1>: pendingRcsRegister: mActiveDataPhoneId = 1
07-10 00:44:28.649  6877  7137 I ImsProfile: isRttSupportByCallApp : false ttyType : 1
07-10 00:44:28.649  6877  7137 I RegiMgr-Utils<1>: getPriorityRegiedTask : isPriority  High? true
07-10 00:44:28.652  6877  7137 I RegiGvnBase: checkRegiStatus: getState()=IDLE mIsUpdateRegistering=false
07-10 00:44:28.652  6877  7137 I RegiMgr<1>: getTelephonyCallStatus:
07-10 00:44:28.654  6877  7330 I StackIF : processMessage 2
07-10 00:44:28.654  6877  7330 I StackIF : Processing Response
07-10 00:44:28.655  6877  7330 I SECIMSJ : [1510]< 600
07-10 00:44:28.655  6877  7330 I StackIF : processResponse: reqId 600
07-10 00:44:28.655  6877  7330 I StackIF : processResponse: handle 15 result 0 reason 0
07-10 00:44:28.657  6877  7137 I ConfigProvider: query uri:xxxxx
07-10 00:44:28.672  6877  7137 I ConfigProvider: queryStorage path content://com.samsung.rcs.autoconfigurationprovider/parameter/version#simslot1
07-10 00:44:28.683  6877  7137 E GlobalSettingsRepoBase: globalgcsettings No matched key : dual_rcs_policy
07-10 00:44:28.685  6877  7137 I ImsServiceSwitchEur[1]:  isRcsEnabled: true mDefaultSms true mUpsmEnabled false mEmergencyEnabled false
07-10 00:44:28.688  6877  7137 I ConfigTrigger<1>: isWaitAutoConfig:
07-10 00:44:28.689  6877  7137 E GlobalSettingsRepoBase: globalgcsettings No matched key : dual_rcs_policy
07-10 00:44:28.690  6877  7137 I ImsServiceSwitchEur[1]:  isRcsEnabled: true mDefaultSms true mUpsmEnabled false mEmergencyEnabled false
07-10 00:44:28.691  6877  7137 I RegiMgr-Utils: selectPdnType: rat=18pdn=1
07-10 00:44:28.691  6877  7137 I RegiMgr<1>: getServiceForNetwork: network 18
07-10 00:44:28.691  6877  7137 I RegiMgr<1>: getServiceForNetwork: service {options, chatbot-communication, ft_http, im, euc, gls}
07-10 00:44:28.699  6877  7137 I ConfigTrigger<1>: isValidAcsVersion:
07-10 00:44:28.700  6877  7137 E GlobalSettingsRepoBase: globalgcsettings No matched key : dual_rcs_policy
07-10 00:44:28.701  6877  7137 I ConfigProvider: query uri:xxxxx
07-10 00:44:28.705  6877  7137 I ConfigProvider: queryStorage path content://com.samsung.rcs.autoconfigurationprovider/parameter/version#simslot1
07-10 00:44:28.708  5674  5694 D SecContentProvider2: query(), uri = 18 selection = isRCSEnabled
07-10 00:44:28.709  5674  5694 I PhoneRestrictionPolicy: isRCSEnabledInternal(), showMsg: false, columnName: enableRCS
07-10 00:44:28.710  5674  5694 E PhoneRestrictionPolicy: getEmergencyCall >>false
07-10 00:44:28.711  5674  5694 I PhoneRestrictionPolicy: isRCSEnabledInternal(), showMsg: false, columnName: enableRCSForSimSlot1
07-10 00:44:28.712  5674  5694 E PhoneRestrictionPolicy: getEmergencyCall >>false
07-10 00:44:28.713  6877  7137 I ConfigTrigger<1>: RCS switch: true, version: 0, isRcsAcsCompleted: true
07-10 00:44:28.713  6877  7137 I ConfigTrigger<1>: version is improper : 0
07-10 00:44:28.714  6877  7137 I RegiGvnBase: isVideoCallEnabled: Enable
07-10 00:44:28.714  6877  7137 I RegiMgr<1>: getServiceForNetwork: filtered service []
07-10 00:44:28.715  6877  7137 I RegiMgr<1>: Global GC RCS: no ims service for current rat18
07-10 00:44:28.716  6877  7137 I PdnController: slot[1]: stopPdnConnectivity: network 1, callback is null
07-10 00:44:28.717  6877  7137 E PdnController<1>: requestStopNetwork: callback not found
07-10 00:44:28.717  6877  7137 E #IMSCR  : 07-10 00:44:28 0x1101000B:1,FILTERED ALL:1
07-10 00:44:28.717  6877  7137 I PdnController: handleMessage: what 107
07-10 00:44:28.717  6877  7137 I PdnController: slot[1]: requestStopNetwork: network 1, callback is null
07-10 00:44:30.043  5674  7726 D SemWifiUsabilityStatsMonitor: onWifiUsabilityStats - seqNum 21119, isSameBssidAndFreq true
07-10 00:44:30.045  5674  6128 I SemWifiLinkQualityMonitor: Link Qos Query: 0.041 ms / 195.000 Mbps (390 / 0.000 / 2.000)
07-10 00:44:30.592  5353  5699 V APM_AudioPolicyManager: setAppState(portId:1005, state:1)
07-10 00:44:30.593  5353  5699 V APM_AudioPolicyManager: setAppState(portId:1005, state:1)
07-10 00:44:31.353  5674  5694 D WifiNl80211Manager: Scan result ready event
07-10 00:44:31.359 22079 22079 I wpa_supplicant: nl80211: Drv Event 34 (NL80211_CMD_NEW_SCAN_RESULTS) received for wlan0
07-10 00:44:31.361 22079 22079 I wpa_supplicant: wlan0: nl80211: New scan results available
07-10 00:44:31.362 22079 22079 I wpa_supplicant: nl80211: Scan probed for SSID ''
07-10 00:44:31.363  6576 22194 D IpClient/wlan0: interfaceLinkStateChanged: ifindex 11 up
07-10 00:44:31.363 22079 22079 I wpa_supplicant: nl80211: Scan included frequencies: 2412 2417 2422 2427 2432 2437 2442 2447 2452 2457 2462 2467 2472 5180 5200 5220 5240 5260 5280 5300 5320 5745 5765 5785 5805 5825
07-10 00:44:31.364  5674  5694 D WifiNative: Scan result ready event
07-10 00:44:31.397  5674  6115 D SemWifiScanPool: countryCode: RS, count: 8, totalSamples: 11, rate: 72.72727%
07-10 00:44:31.397  5674  6115 V SemWifiScanPool: updateScanResult, full scan:14 configKeys: 10 pool_bssid:34 pool_configKeys:23
07-10 00:44:31.398  5674  6115 D WifiConnectivityMonitor: onScanResultUpdated
07-10 00:44:31.398  5674  6115 D WifiConnectivityMonitor: mMaxScannedCountryCode : RS
07-10 00:44:31.478  5674  9851 V LocationManagerService: network provider registration 10234/com.google.android.as/403464A0 dropped delivery - too close
07-10 00:44:31.481  5674  6793 D SLocation: PositionManager - ActiveonLocationChanged network 1688942671347
07-10 00:44:31.481  7284  7370 I NlpMonitor_FLP: monitorNlp, package=system(slocation)/ interval=0
07-10 00:44:31.481  5674  9851 V LocationManagerService: passive provider registration 1000/android[SensorNotificationService]/3DC7BFCB dropped delivery - too close
07-10 00:44:31.481  5674  6793 D SLocation: ARDistanceBigData - BIGDATA ARD - receive location
07-10 00:44:31.481  5674  9851 V LocationManagerService: passive provider registration 5023/com.samsung.android.networkdiagnostic/4FDF9C6D dropped delivery - too close
07-10 00:44:31.481  5674  6793 D SLocation: ARDistanceBigData - BIGDATA ARD - end log 66, 144168314___BIGDATA ARD - end log 67, 144168314___BIGDATA ARD - end log 68, 144168314___BIGDATA ARD - end log 69, 144168314___BIGDATA ARD - end log 70, 144168314___BIGDATA ARD - end log 71, 144168314___BIGDATA ARD - end log 72, 144168314___BIGDATA ARD - end log 73, 144168314___BIGDATA ARD - end log 74, 144168315___BIGDATA ARD - end log 75, 144168315___BIGDATA ARD - end log 76, 144168315___
07-10 00:44:31.482  5674  6793 D SLocation: ARDistanceBigData - BIGDATA ARD - unique id 77
07-10 00:44:31.482  5674  6793 D SLocation: GeopointGeofenceManager - Location reported : fix method = 2 / 17.054
07-10 00:44:31.482  5674  6793 D SLocation: NLPManager - removeUpdates - NLP
07-10 00:44:31.482  5674  6793 D LocationManagerService: network provider removed registration from 1000/android[SLocationService]/4FF31C5B
07-10 00:44:31.483  5674  6793 W Settings: Setting airplane_mode_on has moved from android.provider.Settings.System to android.provider.Settings.Global, returning read-only value.
07-10 00:44:31.485  7284  7370 E RequestManager_FLP: [LocationManager] Location remove 4FF31C5B from system
07-10 00:44:31.486  7284  7370 I LocationRequestData_FLP: Remove in requestInfoList, 4FF31C5B / ListSize[network]=1
07-10 00:44:31.493  5674  6793 D SLocation: SLocationCoreSem - send to coreSem, packet length : 23 / [2, 26, 183, 30, 51, 12, 49, 246, 141, 0, 0, 0, 17, 2, 0, 0, 1, 137, 60, 211, 245, 243, 0]
07-10 00:44:31.494  5674  6793 D SemContextLocationCoreAttribute: setAttribute() mode : 0 action : 23
07-10 00:44:31.495  5674  6793 D SemContextService: lock : changeParameters
07-10 00:44:31.495  5674  6793 D SemContext.CaeProvider.LocationCoreImpl: setAttribute() mode : 0 action : 23
07-10 00:44:31.502  5674  6793 W CAE     : setCAProperty(ContextAwareService.java:513) - [setProperty 01] Mutex is locked for SLOCATION_RUNNER
07-10 00:44:31.504  5674  6793 I CAE     : setPropertyValue(SLocationRunner.java:116) - SLocationRunner setProperty header : 2, len : 23
07-10 00:44:31.504  5674  6793 I CAE     : sendCmdToSensorHub(SensorHubCommManager.java:156) - -63, 23, 55, 2, 26, -73, 30, 51, 12, 49, -10, -115, 0, 0, 0, 17, 2, 0, 0, 1, -119, 60, -45, -11, -13, 0,
07-10 00:44:31.506  5674  5862 D SensorService: setSContextDataLocked ints length 8 , byte length 26
07-10 00:44:31.506  5674  5862 D SensorService: setSContextDataLocked 23717c1
07-10 00:44:31.510 16924 17836 W SystemServiceRegistry: No service published for: wifirtt
07-10 00:44:31.519  5306  5306 I SensorsHub: SContextSensor::injecet_sensor_data
07-10 00:44:31.519  5306  5306 D SensorsHub: c1 17 37 02 1a b7 1e 33 0c 31 f6 8d 00 00 00 11
07-10 00:44:31.519  5306  5306 D SensorsHub: 02 00 00 01 89 3c d3 f5 f3 00
07-10 00:44:31.520  5306  5306 D SensorsHub: inject_scontext_data: New ssp_data_injection_fd(28)
07-10 00:44:31.520  5306  5306 D SensorsHub: SContext Data Injection return 26
07-10 00:44:31.520  5306  5327 I SensorsHub: context 10 0 9 1,1,55,0,5,2,2,0,0,0, 144168353469143
07-10 00:44:31.521  5674  6793 W CAE     : setCAProperty(ContextAwareService.java:519) - [setProperty 02] Mutex is unlocked for SLOCATION_RUNNER
07-10 00:44:31.521  5674  6793 D SemContextService: unlock : changeParameters
07-10 00:44:31.521  5674  6793 D SemContextManager:   .changeParameters : listener = com.samsung.android.location.semcontext.a@459a70d, service=SLocation Core
07-10 00:44:31.521  5674  5859 D SensorHubManager: onGetSensorHubDataLocked: library(10) = 1, 1, 55, 0, 5, 2, 2, 0, 0, 0
07-10 00:44:31.521  5674  6793 D SLocation: ARDistanceLibManager - try to register AR_DISTANCE_LIB from ARDistanceLibManager
07-10 00:44:31.521  5674  6793 D SLocation: ARDistanceLibManager - request distance diff to AR Distance Library
07-10 00:44:31.521  5674  6793 D SLocation: SLocationCoreSem - send to coreSem, packet length : 1 / [34]
07-10 00:44:31.521  5674  6793 D SemContextLocationCoreAttribute: setAttribute() mode : 0 action : 23
07-10 00:44:31.521  5674  6793 D SemContextService: lock : changeParameters
07-10 00:44:31.521  5674  6793 D SemContext.CaeProvider.LocationCoreImpl: setAttribute() mode : 0 action : 23
07-10 00:44:31.522  5674  5860 D CAE     : onGetSensorHubData(SensorHubParserProvider.java:89) - onGetSensorHubData Event [event buffer len :10], AP_WAKEUP
07-10 00:44:31.522  5674  6793 W CAE     : setCAProperty(ContextAwareService.java:513) - [setProperty 01] Mutex is locked for SLOCATION_RUNNER
07-10 00:44:31.522 22079 22079 I wpa_supplicant: nl80211: Drv Event 33 (NL80211_CMD_TRIGGER_SCAN) received for wlan0
07-10 00:44:31.522 22079 22079 I wpa_supplicant: wlan0: nl80211: Scan trigger
07-10 00:44:31.522  5674  5860 I CAE     : parse(SensorHubParserProvider.java:190) - buffer size = 10
07-10 00:44:31.522  5674  6793 I CAE     : setPropertyValue(SLocationRunner.java:116) - SLocationRunner setProperty header : 34, len : 1
07-10 00:44:31.522  5674  5860 I CAE     : parse(SensorHubParserProvider.java:201) - 1, 1, 55, 0, 5, 2, 2, 0, 0, 0,
07-10 00:44:31.522  5674  6793 I CAE     : sendCmdToSensorHub(SensorHubCommManager.java:156) - -63, 23, 55, 34,
07-10 00:44:31.522  5674  5860 I CAE     : parse(SLocationRunner.java:88) - SLocationRunner parse start : 3
07-10 00:44:31.523  5674  5862 D SensorService: setSContextDataLocked ints length 2 , byte length 4
07-10 00:44:31.523  5674  5860 D CAE     : display(ContextProvider.java:375) - ================= SLOCATION_RUNNER =================
07-10 00:44:31.523  5674  5862 D SensorService: setSContextDataLocked 223717c1
07-10 00:44:31.523  5674  5860 I CAE     : display(ContextProvider.java:391) - ExtraDataArray=[1, 1, 55, 0, 5, 2, 2, 0, 0, 0]
07-10 00:44:31.524  5674  5860 I CAE     : parse(SLocationRunner.java:96) - SLocationRunner parse end:10
