07-10 00:50:03.658  5674  5674 D SemContextManager: onSemContextChanged() : event = SLocation Core
07-10 00:50:03.659  5674  5674 D SLocation: SLocationCoreSem - SemContextChanged type = 47, packet received
07-10 00:50:03.659  5674  5860 I CAE     : parse(SLocationRunner.java:88) - SLocationRunner parse start : 3
07-10 00:50:03.659  5674  6793 I SLocation: SemContextParser -  parse start : 3
07-10 00:50:03.659  5674  6793 I SLocation: SemContextParser -  packet Length : 33packet total size : 38
07-10 00:50:03.659  5674  6793 I SLocation: SemContextParser - packet : [33, 0, 0, 0, 0, 23, 112, 73, 106, -70, 2, 38, 0, 26, -73, 29, 32, 12, 50, 3, 0, 0, 0, 0, 37, 4, -26, 112, -72, 0, 0, 5, 63]
07-10 00:50:03.659  5674  5860 D CAE     : display(ContextProvider.java:375) - ================= SLOCATION_RUNNER =================
07-10 00:50:03.659  5674  6793 D SLocation: GeofenceCoreManager - received Extra Data from core, len : 33
07-10 00:50:03.660  5674  6793 D SLocation: ARDistanceGetARDistance - convertSensorHubTimeToElapsedTime 1688928894201496833
07-10 00:50:03.660  5674  6793 D SLocation: ARDistanceGetARDistance - invalid location time from core pvt 1688928894201496833, do not use distance info
07-10 00:50:03.660  5674  6793 D SLocation: CommonCoreManager - received Extra Data from core, len : 33
07-10 00:50:03.661  5674  5860 I CAE     : display(ContextProvider.java:391) - ExtraDataArray=[1, 1, 55, 0, 5, 2, 34, 0, 0, 0]
07-10 00:50:03.661  5674  5860 I CAE     : parse(SLocationRunner.java:96) - SLocationRunner parse end:10
07-10 00:50:03.661  5674  5857 D SemContextService: Service.updateContext() : service = SLocation Core
07-10 00:50:03.662  5674  5674 D SemContextManager: onSemContextChanged() : event = SLocation Core
07-10 00:50:03.662  5674  5674 D SLocation: SLocationCoreSem - SemContextChanged type = 47, packet received
07-10 00:50:03.662  5674  6793 I SLocation: SemContextParser -  parse start : 3
07-10 00:50:03.662  5674  6793 I SLocation: SemContextParser -  packet Length : 5packet total size : 10
07-10 00:50:03.662  5674  6793 I SLocation: SemContextParser - packet : [2, 34, 0, 0, 0]
07-10 00:50:03.663  5674  6793 D SLocation: GeofenceCoreManager - received Extra Data from core, len : 5
07-10 00:50:03.663  5674  6793 D SLocation: GeofenceCoreManager - handleCommandCallback - UNKNOWN_CALLBACK 34 SUCCESS
07-10 00:50:03.663  5674  6793 D SLocation: ARDistanceLibManager - command callback received - CURRENT_LOCATION_REQUEST_DISTANCE ERROR CODE : ERROR_NONE
07-10 00:50:03.663  5674  6793 D SLocation: CommonCoreManager - received Extra Data from core, len : 5
07-10 00:50:04.667  5674  6523 D PackageManager: setEnabledSetting : userId = 0 packageName = com.Slack cmp = androidx.work.impl.background.systemalarm.RescheduleReceiver newState = 1 callingPackage = 10329/com.Slack
07-10 00:50:04.668  5674  6523 D ApplicationPolicy: getApplicationStateEnabled : pkg = com.Slack userId : 0
07-10 00:50:04.669  5674  6523 D ApplicationPolicy: getApplicationComponentState : pkg = com.Slack userId : 0
07-10 00:50:04.687  5353  5543 V APM_AudioPolicyManager: setAppState(portId:1005, state:1)
07-10 00:50:04.688  5674  5745 W libprocessgroup: Failed to open /dev/blkio//cgroup.procs: No such file or directory
07-10 00:50:04.704 15049 15246 D ConnectivityManager: StackLog: [android.net.ConnectivityManager.sendRequestForNetwork(ConnectivityManager.java:4300)] [android.net.ConnectivityManager.registerDefaultNetworkCallbackForUid(ConnectivityManager.java:4864)] [android.net.ConnectivityManager.registerDefaultNetworkCallback(ConnectivityManager.java:4831)] [android.net.ConnectivityManager.registerDefaultNetworkCallback(ConnectivityManager.java:4805)] [androidx.work.impl.utils.NetworkApi24.registerDefaultNetworkCallbackCompat(Unknown Source:11)] [androidx.work.impl.constraints.trackers.NetworkStateTracker24.startTracking(Unknown Source:15)] [androidx.work.impl.constraints.controllers.ConstraintController.replace(Unknown Source:130)] [androidx.work.impl.constraints.WorkConstraintsTrackerImpl.replace(Unknown Source:41)] [androidx.work.impl.background.greedy.GreedyScheduler.schedule(Unknown Source:302)] [androidx.work.impl.Schedulers.schedule(Unknown Source:155)] [androidx.work.impl.utils.EnqueueRunnable.run(Unknown Source:53)] [androidx.work.Worker$2.run$androidx$work$impl$utils$SerialExecutorImpl$Task(Unknown Source:4)] [androidx.work.Worker$2.run(Unknown Source:868)] [java.util.concurrent.ThreadPoolExecutor.runWorker(ThreadPoolExecutor.java:1137)] [java.util.concurrent.ThreadPoolExecutor$Worker.run(ThreadPoolExecutor.java:637)] [java.lang.Thread.run(Thread.java:1012)]
07-10 00:50:04.706  5674  6523 D ConnectivityService: requestNetwork for uid/pid:10329/15049 activeRequest: null callbackRequest: 16476 [NetworkRequest [ REQUEST id=16477, [ Capabilities: INTERNET&NOT_RESTRICTED&TRUSTED&NOT_VCN_MANAGED Uid: 10329 RequestorUid: 10329 RequestorPkg: com.Slack UnderlyingNetworks: Null] ]] callback flags: 0 order: 2147483647
07-10 00:50:04.707  5674  6055 D ConnectivityService:    accepting network in place of null
07-10 00:50:04.710  5674  6045 D WifiNetworkFactory: got request NetworkRequest [ REQUEST id=16477, [ Capabilities: INTERNET&NOT_RESTRICTED&TRUSTED&NOT_VCN_MANAGED Uid: 10329 RequestorUid: 10329 RequestorPkg: com.Slack UnderlyingNetworks: Null] ]
07-10 00:50:04.710  5674  6045 D UntrustedWifiNetworkFactory: got request NetworkRequest [ REQUEST id=16477, [ Capabilities: INTERNET&NOT_RESTRICTED&TRUSTED&NOT_VCN_MANAGED Uid: 10329 RequestorUid: 10329 RequestorPkg: com.Slack UnderlyingNetworks: Null] ]
07-10 00:50:04.710  5674  6045 D OemPaidWifiNetworkFactory: got request NetworkRequest [ REQUEST id=16477, [ Capabilities: INTERNET&NOT_RESTRICTED&TRUSTED&NOT_VCN_MANAGED Uid: 10329 RequestorUid: 10329 RequestorPkg: com.Slack UnderlyingNetworks: Null] ]
07-10 00:50:04.710  5674  6045 D MultiInternetWifiNetworkFactory: got request NetworkRequest [ REQUEST id=16477, [ Capabilities: INTERNET&NOT_RESTRICTED&TRUSTED&NOT_VCN_MANAGED Uid: 10329 RequestorUid: 10329 RequestorPkg: com.Slack UnderlyingNetworks: Null] ]
07-10 00:50:04.711  5674  6055 D ConnectivityService: Rematched networks [computed 0ms] [applied 1ms] [issued 3]
07-10 00:50:04.711  5674  6055 D ConnectivityService: NetworkReassignment :
07-10 00:50:04.711  5674  6055 D ConnectivityService:   16477 : null  118
07-10 00:50:04.727 15049 15049 D ConnectivityManager: StackLog: [android.net.ConnectivityManager.unregisterNetworkCallback(ConnectivityManager.java:4972)] [androidx.work.impl.utils.NetworkApi21.unregisterNetworkCallbackCompat(Unknown Source:11)] [androidx.work.impl.constraints.trackers.NetworkStateTracker24.stopTracking(Unknown Source:15)] [androidx.work.impl.constraints.trackers.ConstraintTracker.removeListener(Unknown Source:24)] [androidx.work.impl.constraints.controllers.ConstraintController.replace(Unknown Source:81)] [androidx.work.impl.constraints.WorkConstraintsTrackerImpl.replace(Unknown Source:41)] [androidx.work.impl.background.greedy.GreedyScheduler.onExecuted(Unknown Source:55)] [androidx.work.impl.Processor.onExecuted(Unknown Source:59)] [com.bugsnag.android.DeliveryDelegate$1.run(Unknown Source:212)]
07-10 00:50:04.728  5674  6055 D ConnectivityService:  Removing from current network [118 WIFI], leaving 152 requests.
07-10 00:50:04.736  5353  5543 V APM_AudioPolicyManager: setAppState(portId:1005, state:1)
07-10 00:50:04.738  5353  5543 V APM_AudioPolicyManager: setAppState(portId:1005, state:1)
07-10 00:50:04.891  5674  7726 D SemWifiUsabilityStatsMonitor: onWifiUsabilityStats - seqNum 21229, isSameBssidAndFreq true
07-10 00:50:04.893  5674  6128 I SemWifiLinkQualityMonitor: Link Qos Query: 0.134 ms / 59.547 Mbps (263 / 0.000 / 4.417)
07-10 00:50:05.031  5262  5262 E audit   : type=1400 audit(1688943005.029:69505): avc:  denied  { getattr } for  pid=5674 comm="BinderProcsColl" path="/sys/kernel/debug/binder/proc/5674" dev="debugfs" ino=32119 scontext=u:r:system_server:s0 tcontext=u:object_r:sec_debugfs:s0 tclass=file permissive=0 SEPF_SM-A515F_13_0001 audit_filtered
07-10 00:50:05.031  5262  5262 E audit   : type=1300 audit(1688943005.029:69505): arch=c00000b7 syscall=79 success=no exit=-13 a0=ffffff9c a1=7ad2331bc0 a2=79df9bd680 a3=0 items=0 ppid=5287 pid=5674 auid=4294967295 uid=1000 gid=1000 euid=1000 suid=1000 fsuid=1000 egid=1000 sgid=1000 fsgid=1000 tty=(none) ses=4294967295 comm="BinderProcsColl" exe="/system/bin/app_process64" subj=u:r:system_server:s0 key=(null)
07-10 00:50:05.031  5262  5262 E audit   : type=1327 audit(1688943005.029:69505): proctitle="system_server"
07-10 00:50:06.572  5674  6793 D SLocation: GeopointGeofenceManager - Location reported : fix method = 4 / 16.528
07-10 00:50:06.572  5674  6793 W Settings: Setting airplane_mode_on has moved from android.provider.Settings.System to android.provider.Settings.Global, returning read-only value.
07-10 00:50:06.577  5674  6793 D SLocation: LocationProcessingAlgorithm - entry condition - dist : 4650.5835 padding : 0.0, accuracy : 16.528, provider : network, dir : 2
07-10 00:50:06.578  5674  6793 D SLocation: LocationProcessingAlgorithm - entry condition - dist : 3807525.8 padding : 0.0, accuracy : 16.528, provider : network, dir : 2
07-10 00:50:06.578  5674  6793 D SLocation: LocationProcessingAlgorithm - entry condition - dist : 90747.555 padding : 0.0, accuracy : 16.528, provider : network, dir : 2
07-10 00:50:06.579  5674  6793 D SLocation: LocationProcessingAlgorithm - entry condition - dist : 3807949.2 padding : 0.0, accuracy : 16.528, provider : network, dir : 2
07-10 00:50:06.579  5674  6793 D SLocation: LocationProcessingAlgorithm - entry condition - dist : 683.7791 padding : 0.0, accuracy : 16.528, provider : network, dir : 2
07-10 00:50:06.580  5674  6793 D SLocation: LocationProcessingAlgorithm - entry condition - dist : 1917397.4 padding : 0.0, accuracy : 16.528, provider : network, dir : 2
07-10 00:50:06.580  5674  6793 D SLocation: LocationProcessingAlgorithm - entry condition - dist : 13348.103 padding : 0.0, accuracy : 16.528, provider : network, dir : 2
07-10 00:50:06.581  5674  6793 D SLocation: LocationProcessingAlgorithm - entry condition - dist : 3807949.2 padding : 0.0, accuracy : 16.528, provider : network, dir : 2
07-10 00:50:06.581  5674  6793 D SLocation: LocationProcessingAlgorithm - entry condition - dist : 1801178.1 padding : 0.0, accuracy : 16.528, provider : network, dir : 2
07-10 00:50:06.582  5674  6793 D SLocation: LocationProcessingAlgorithm - entry condition - dist : 663.3011 padding : 0.0, accuracy : 16.528, provider : network, dir : 2
07-10 00:50:06.582  5674  6793 D SLocation: ReceiverPairWithWifi - ignore direction of location due to wifi, id =11reason=400
07-10 00:50:06.583  5674  6793 D SLocation: LocationProcessingAlgorithm - entry condition - dist : 427.68933 padding : 0.0, accuracy : 16.528, provider : network, dir : 1
07-10 00:50:06.583  5674  6793 D SLocation: GeopointReceiver - send geopoint result - 1
07-10 00:50:07.928  5674  7726 D SemWifiUsabilityStatsMonitor: onWifiUsabilityStats - seqNum 21230, isSameBssidAndFreq true
07-10 00:50:07.930  5674  6128 I SemWifiLinkQualityMonitor: Link Qos Query: 0.055 ms / 146.000 Mbps (292 / 0.000 / 2.000)
07-10 00:50:07.930  6461  6461 D NetworkController.WifiSignalController: notifyListener: visible=true, connected=true, inetCondition=1, isDefault=true, wifiTestReported=true, receivedInetCondition=-1, hideDuringMobileSwitching=false
07-10 00:50:08.109  5353  5543 V APM_AudioPolicyManager: setAppState(portId:1005, state:1)
07-10 00:50:08.111  5674  5745 W libprocessgroup: Failed to open /dev/blkio//cgroup.procs: No such file or directory
07-10 00:50:08.130  5353  5543 V APM_AudioPolicyManager: setAppState(portId:1005, state:1)
07-10 00:50:08.130  5674  5745 W libprocessgroup: Failed to open /dev/blkio//cgroup.procs: No such file or directory
07-10 00:50:08.166  5353  5543 V APM_AudioPolicyManager: setAppState(portId:1005, state:1)
07-10 00:50:08.177  5353  5543 V APM_AudioPolicyManager: setAppState(portId:1005, state:1)
07-10 00:50:08.198  5353  5543 V APM_AudioPolicyManager: setAppState(portId:1005, state:1)
07-10 00:50:08.202  5353  5543 V APM_AudioPolicyManager: setAppState(portId:1005, state:1)
07-10 00:50:08.883  9837 10033 I SemDvfsHyPerManager: acquire hyper - SIOP_GPU_FREQ_MAX/9837@4, type = 536875010
07-10 00:50:08.884  5313  5394 I HYPER-HAL: [RequestManager.cpp]acquire(): Acquired ID : 48427565  [9837 / 4]    HINT :      list : [GPUMaxFreq / 949000]
07-10 00:50:08.884  9837 10033 I SemDvfsHyPerManager: acquire hyper - SIOP_ARM_MAX/9837@2, type = 301993986
07-10 00:50:08.885  5313  5394 I HYPER-HAL: [RequestManager.cpp]acquire(): Acquired ID : 48407882  [9837 / 2]    HINT :      list : [CPUMaxFreq / 2184000]
07-10 00:50:10.551  9754 10597 I AiAiStatsd: No op: the most recent atoms from the date 2023-07-08 have been uploaded.
07-10 00:50:10.975  5674  7726 D SemWifiUsabilityStatsMonitor: onWifiUsabilityStats - seqNum 21231, isSameBssidAndFreq true
07-10 00:50:10.979  5674  6128 I SemWifiLinkQualityMonitor: Link Qos Query: 0.055 ms / 146.000 Mbps (292 / 0.000 / 2.000)
07-10 00:50:10.979  6461  6461 D NetworkController.WifiSignalController: notifyListener: visible=true, connected=true, inetCondition=1, isDefault=true, wifiTestReported=true, receivedInetCondition=-1, hideDuringMobileSwitching=false
07-10 00:50:13.689  5674  5674 D SemWifiP2pGoPowerSave: GopsReceiver : received : com.samsung.intent.action.CHECK_SIOP_LEVEL
07-10 00:50:13.689  5674  5674 I SemWifiP2pGoPowerSave: siop_level = 0
07-10 00:50:13.692 31802 32077 I SystemBroadcastReceiver: [#CMH#] onReceive completed :  0
07-10 00:50:13.693 31802 31802 I PolicyManager: [#CMH#] onReceive action = EVENT_SIOP
07-10 00:50:13.889 11611 11645 D Benchmark: THERMAL THROTTLE DETECTED, SLEEPING FOR 90 SECONDS
07-10 00:50:14.003  5674  7726 D SemWifiUsabilityStatsMonitor: onWifiUsabilityStats - seqNum 21232, isSameBssidAndFreq true
07-10 00:50:14.003  5674  6055 D ConnectivityService: notifyType CALLBACK_CAP_CHANGED for [118 WIFI]
07-10 00:50:14.005  5674  6128 I SemWifiLinkQualityMonitor: Link Qos Query: 0.055 ms / 146.000 Mbps (292 / 0.000 / 2.000)
07-10 00:50:14.006  5674  6086 D SemWifiSwitchForIndividualAppsService: stopTCPMonitoring : already stopped
07-10 00:50:14.007  5674  6086 I WifiConnectivityMonitor.NCC: sNetworkCallback(oCC) FULL : 118(true/false)[ Transports: WIFI Capabilities: NOT_METERED&INTERNET&NOT_RESTRICTED&TRUSTED&NOT_VPN&VALIDATED&NOT_ROAMING&FOREGROUND&NOT_CONGESTED&NOT_SUSPENDED&NOT_VCN_MANAGED LinkUpBandwidth>=38087Kbps LinkDnBandwidth>=48162Kbps TransportInfo: <SSID: <unknown ssid>, BSSID: 02:00:00:**:**:00, MAC: 02:00:00:**:**:00, IP: /192.168.1.19, Security type: 2, Supplicant state: COMPLETED, Wi-Fi standard: 5, RSSI: -63, Link speed: 292Mbps, Tx Link speed: 292Mbps, Max Supported Tx Link speed: 433Mbps, Rx Link speed: 6Mbps, Max Supported Rx Link speed: 433Mbps, Frequency: 5180MHz, Net ID: -1, Metered hint: false, score: 60, isUsable: true, CarrierMerged: false, SubscriptionId: -1, IsPrimary: 1, Trusted: true, Restricted: false, Ephemeral: false, OEM paid: false, OEM private: false, OSU AP: false, FQDN: <none>, Provider friendly name: <none>, Requesting package name: <none><none>MLO Information: , AP MLD Address: <none>, AP MLO Link Id: <none>, AP MLO Affiliated links: <none>> SignalStrength: -63 AdminUids: [1000] SSID: "Talija" UnderlyingNetworks: Null]
07-10 00:50:14.008  5674  6164 I WifiConnectivityMonitor: current mode : 1
07-10 00:50:14.008  5674  6164 D OpenNetworkQos[4.00]: updateBssidNoInternet: mBssidNoInternet = false
07-10 00:50:14.008  5674  6164 D OpenNetworkQos[4.00]: getOpenNetworkQosNoInternetStatus: false
07-10 00:50:14.008  5674  6164 D OpenNetworkQos[4.00]: getOpenNetworkQosScores: 26 26 26
07-10 00:50:14.009  5674  6164 I WifiProfileShare: network QoS data was changed (internet), updateQoSData networkType: true, qosData: false
07-10 00:50:14.010  5674  7451 V WifiProfileShare.Caster: update wips network, size: 0
07-10 00:50:14.010  5674  7451 D WifiProfileShare: nearby scanning settings run
07-10 00:50:14.010  5674  7451 D WifiProfileShare: network score provider settings enabled
07-10 00:50:14.011  5674  7451 D OpenNetworkQos[4.00]: getOpenNetworkQosScores: 26 26 26
07-10 00:50:14.011  5674  7451 D OpenNetworkQos[4.00]: getOpenNetworkQosNoInternetStatus: false
07-10 00:50:14.011  5674  7451 I WifiProfileShare.Caster: current network type: 0, score: [26, 26, 26]
07-10 00:50:14.012  5674  7451 V WifiProfileShare.Cache: update network score 00:e4:06:**:**:90
07-10 00:50:14.012  5674  7451 D WifiProfileShare.ScanMatcher: getMcfDataList size:2
07-10 00:50:14.013  5674  7451 I WifiProfileShare.Caster: qos data was updated , before:type:QOS, pBssid:51:2e:90, qosData:7c after:type:QOS, pBssid:51:2e:90, qosData:7c
07-10 00:50:14.014  5674  7451 I [MCFSDK_android_1.2.4010]_4_b: isNetworkEnabled - type : 1 ret : true
07-10 00:50:14.014  5674  7451 D WifiProfileShare.McfCast: -ME--- mIsNetworkEnabled :true
07-10 00:50:14.014  5674  7451 D WifiProfileShare.McfCast: updateQoSData ignored, same contents
07-10 00:50:14.014  5674  7451 D WifiProfileShare.MCF: success update QosData !
07-10 00:50:14.016  5674  7451 I [MCFSDK_android_1.2.4010]_4_b: isNetworkEnabled - type : 1 ret : true
07-10 00:50:14.016  5674  7451 D WifiProfileShare.McfCast: -ME--- mIsNetworkEnabled :true
07-10 00:50:14.016  5674  7451 D WifiProfileShare.McfCast: -ME--- updatePasswordDate pwdData size:2
07-10 00:50:14.040  6461  6566 D NetworkController.WifiSignalController: notifyListener: visible=true, connected=true, inetCondition=1, isDefault=true, wifiTestReported=true, receivedInetCondition=-1, hideDuringMobileSwitching=false
07-10 00:50:14.043 16924 16970 I ChimeraSrvcProxy: NullBinder for android.net.action.RECOMMEND_NETWORKS triggering remote TransactionTooLargeException due to Service without Chimera impl
07-10 00:50:14.043 16924 16970 W .gms.persistent: Large reply transaction of 1056768 bytes, interface descriptor , code 1
07-10 00:50:15.697 31802 32118 I PolicyManager: [#CMH#] Is foreground game app: false
07-10 00:50:15.801 31802 32118 I ControllerUtils: [#CMH#] StoryService:  9, isNonJustShotRunningPossible: false, isStopHeavyTask: true
07-10 00:50:15.860 31802 32118 I ControllerUtils: [#CMH#] IPService:  5, isNonJustShotRunningPossible: false, isStopHeavyTask: true
07-10 00:50:15.926 31802 32118 I ControllerUtils: [#CMH#] FaceService:  2, isNonJustShotRunningPossible: false, isStopHeavyTask: true
07-10 00:50:17.058  5674  7726 D SemWifiUsabilityStatsMonitor: onWifiUsabilityStats - seqNum 21233, isSameBssidAndFreq true
07-10 00:50:17.062  5674  6128 I SemWifiLinkQualityMonitor: Link Qos Query: 0.046 ms / 175.500 Mbps (351 / 0.000 / 2.000)
07-10 00:50:17.063  6461  6461 D NetworkController.WifiSignalController: notifyListener: visible=true, connected=true, inetCondition=1, isDefault=true, wifiTestReported=true, receivedInetCondition=-1, hideDuringMobileSwitching=false
07-10 00:50:20.110  5674  7726 D SemWifiUsabilityStatsMonitor: onWifiUsabilityStats - seqNum 21234, isSameBssidAndFreq true
07-10 00:50:20.116  5674  6128 I SemWifiLinkQualityMonitor: Link Qos Query: 0.046 ms / 175.500 Mbps (351 / 0.000 / 2.000)
07-10 00:50:20.117  6461  6461 D NetworkController.WifiSignalController: notifyListener: visible=true, connected=true, inetCondition=1, isDefault=true, wifiTestReported=true, receivedInetCondition=-1, hideDuringMobileSwitching=false
07-10 00:50:20.544 16924  9298 I AlarmManager: setExactAndAllowWhileIdle [name: EQMon type: 2 triggerAtMillis: 144515216]
07-10 00:50:20.567  5306  5306 I SensorsHub: batch: handle=1 period=20000000 timeout=0
07-10 00:50:20.568  5306  5306 I SensorsHub: activate: handle 1 enable 1
07-10 00:50:20.569  5306  5306 I SensorsHub: type : 1, enable : 1
07-10 00:50:20.571 16924  9298 D SensorManager: registerListener :: 1, LSM6DSL Accelerometer, 20000, 0,
07-10 00:50:23.145  5674  7726 D SemWifiUsabilityStatsMonitor: onWifiUsabilityStats - seqNum 21235, isSameBssidAndFreq true
07-10 00:50:23.147  5674  6128 I SemWifiLinkQualityMonitor: Link Qos Query: 0.046 ms / 175.500 Mbps (351 / 0.000 / 2.000)
07-10 00:50:25.573 16924 15712 I AlarmManager: setExactAndAllowWhileIdle [name: EQMon type: 2 triggerAtMillis: 148122406]
07-10 00:50:25.655  5287  5287 D Zygote  : Forked child process 17542
07-10 00:50:25.718 17542 17542 I id.gms.unstable: Using CollectorTypeCC GC.
07-10 00:50:25.726 17542 17542 E id.gms.unstable: Not starting debugger since process cannot load the jdwp agent.
07-10 00:50:25.735 17542 17542 W libc    : Access denied finding property "sys.perf.boostopt"
07-10 00:50:25.736  5262  5262 E audit   : type=1400 audit(1688943025.733:69506): avc:  denied  { read } for  pid=17542 comm="id.gms.unstable" name="u:object_r:perf_prop:s0" dev="tmpfs" ino=10663 scontext=u:r:gmscore_app:s0:c512,c768 tcontext=u:object_r:perf_prop:s0 tclass=file permissive=0 SEPF_SM-A515F_13_0001 audit_filtered
07-10 00:50:25.736 17542 17554 W libc    : Access denied finding property "sys.perf.boostopt"
07-10 00:50:25.736  5262  5262 E audit   : type=1300 audit(1688943025.733:69506): arch=c00000b7 syscall=56 success=no exit=-13 a0=ffffff9c a1=7fcf7d5458 a2=88000 a3=0 items=0 ppid=5287 pid=17542 auid=4294967295 uid=10226 gid=10226 euid=10226 suid=10226 fsuid=10226 egid=10226 sgid=10226 fsgid=10226 tty=(none) ses=4294967295 comm="id.gms.unstable" exe="/system/bin/app_process64" subj=u:r:gmscore_app:s0:c512,c768 key=(null)
07-10 00:50:25.736  5262  5262 E audit   : type=1327 audit(1688943025.733:69506): proctitle="zygote64"
07-10 00:50:25.737  5262  5262 E audit   : type=1400 audit(1688943025.733:69507): avc:  denied  { read } for  pid=17542 comm="binder:17542_1" name="u:object_r:perf_prop:s0" dev="tmpfs" ino=10663 scontext=u:r:gmscore_app:s0:c512,c768 tcontext=u:object_r:perf_prop:s0 tclass=file permissive=0 SEPF_SM-A515F_13_0001 audit_filtered
07-10 00:50:25.737  5262  5262 E audit   : type=1300 audit(1688943025.733:69507): arch=c00000b7 syscall=56 success=no exit=-13 a0=ffffff9c a1=7b7d4522f8 a2=88000 a3=0 items=0 ppid=5287 pid=17542 auid=4294967295 uid=10226 gid=10226 euid=10226 suid=10226 fsuid=10226 egid=10226 sgid=10226 fsgid=10226 tty=(none) ses=4294967295 comm="binder:17542_1" exe="/system/bin/app_process64" subj=u:r:gmscore_app:s0:c512,c768 key=(null)
07-10 00:50:25.739 17542 17542 D ActivityThread: setConscryptValidator
07-10 00:50:25.739 17542 17542 D ActivityThread: setConscryptValidator - put
07-10 00:50:25.758 17542 17554 W libc    : Access denied finding property "sys.perf.boostopt"
07-10 00:50:25.761 17542 17542 D CompatibilityChangeReporter: Compat change id reported: 171979766; UID 10226; state: ENABLED
07-10 00:50:25.788 17542 17542 D nativeloader: Configuring classloader-namespace for other apk /system/framework/org.apache.http.legacy.jar. target_sdk_version=33, uses_libraries=ALL, library_path=/data/app/~~e8ouw1akU6W2gQxV1EBpmQ==/com.google.android.gms-hGaGeUGENve9dqYnT27Igw==/lib/arm64:/data/app/~~e8ouw1akU6W2gQxV1EBpmQ==/com.google.android.gms-hGaGeUGENve9dqYnT27Igw==/base.apk!/lib/arm64-v8a, permitted_path=/data:/mnt/expand:/data/user/0/com.google.android.gms
07-10 00:50:25.788 17542 17542 D nativeloader: Extending system_exposed_libraries: libhumantracking.arcsoft.so:libPortraitDistortionCorrection.arcsoft.so:libPortraitDistortionCorrectionCali.arcsoft.so:libface_landmark.arcsoft.so:libFacialStickerEngine.arcsoft.so:libveengine.arcsoft.so:liblow_light_hdr.arcsoft.so:libhigh_dynamic_range.arcsoft.so:libFacialAttributeDetection.arcsoft.so:libBeauty_v4.camera.samsung.so:libexifa.camera.samsung.so:libjpega.camera.samsung.so:libOpenCv.camera.samsung.so:libImageScreener.camera.samsung.so:libMyFilter.camera.samsung.so:libtensorflowLite.myfilter.camera.samsung.so:libtensorflowlite_inference_api.myfilter.camera.samsung.so:libEventFinder.camera.samsung.so:libHIDTSnapJNI.camera.samsung.so:libSmartScan.camera.samsung.so:libRectify.camera.samsung.so:libDocRectifyWrapper.camera.samsung.so:libUltraWideDistortionCorrection.camera.samsung.so:libHpr_RecGAE_cvFeature_v1.0.camera.samsung.so:libHprFace_GAE_api.camera.samsung.so:libFace_Landmark_API.camera.samsung.so:libHprFace_GAE_jni.camera.samsung.so:libFacialBasedSelfieCorrec
07-10 00:50:25.808 17542 17542 D nativeloader: Configuring classloader-namespace for other apk /system/framework/com.android.media.remotedisplay.jar. target_sdk_version=33, uses_libraries=ALL, library_path=/data/app/~~e8ouw1akU6W2gQxV1EBpmQ==/com.google.android.gms-hGaGeUGENve9dqYnT27Igw==/lib/arm64:/data/app/~~e8ouw1akU6W2gQxV1EBpmQ==/com.google.android.gms-hGaGeUGENve9dqYnT27Igw==/base.apk!/lib/arm64-v8a, permitted_path=/data:/mnt/expand:/data/user/0/com.google.android.gms
07-10 00:50:25.808 17542 17542 D nativeloader: Extending system_exposed_libraries: libhumantracking.arcsoft.so:libPortraitDistortionCorrection.arcsoft.so:libPortraitDistortionCorrectionCali.arcsoft.so:libface_landmark.arcsoft.so:libFacialStickerEngine.arcsoft.so:libveengine.arcsoft.so:liblow_light_hdr.arcsoft.so:libhigh_dynamic_range.arcsoft.so:libFacialAttributeDetection.arcsoft.so:libBeauty_v4.camera.samsung.so:libexifa.camera.samsung.so:libjpega.camera.samsung.so:libOpenCv.camera.samsung.so:libImageScreener.camera.samsung.so:libMyFilter.camera.samsung.so:libtensorflowLite.myfilter.camera.samsung.so:libtensorflowlite_inference_api.myfilter.camera.samsung.so:libEventFinder.camera.samsung.so:libHIDTSnapJNI.camera.samsung.so:libSmartScan.camera.samsung.so:libRectify.camera.samsung.so:libDocRectifyWrapper.camera.samsung.so:libUltraWideDistortionCorrection.camera.samsung.so:libHpr_RecGAE_cvFeature_v1.0.camera.samsung.so:libHprFace_GAE_api.camera.samsung.so:libFace_Landmark_API.camera.samsung.so:libHprFace_GAE_jni.camera.samsung.so:libFacialBasedSelfieCorrec
07-10 00:50:25.817 17542 17542 D nativeloader: Configuring classloader-namespace for other apk /system/framework/com.android.location.provider.jar. target_sdk_version=33, uses_libraries=ALL, library_path=/data/app/~~e8ouw1akU6W2gQxV1EBpmQ==/com.google.android.gms-hGaGeUGENve9dqYnT27Igw==/lib/arm64:/data/app/~~e8ouw1akU6W2gQxV1EBpmQ==/com.google.android.gms-hGaGeUGENve9dqYnT27Igw==/base.apk!/lib/arm64-v8a, permitted_path=/data:/mnt/expand:/data/user/0/com.google.android.gms
07-10 00:50:25.817 17542 17542 D nativeloader: Extending system_exposed_libraries: libhumantracking.arcsoft.so:libPortraitDistortionCorrection.arcsoft.so:libPortraitDistortionCorrectionCali.arcsoft.so:libface_landmark.arcsoft.so:libFacialStickerEngine.arcsoft.so:libveengine.arcsoft.so:liblow_light_hdr.arcsoft.so:libhigh_dynamic_range.arcsoft.so:libFacialAttributeDetection.arcsoft.so:libBeauty_v4.camera.samsung.so:libexifa.camera.samsung.so:libjpega.camera.samsung.so:libOpenCv.camera.samsung.so:libImageScreener.camera.samsung.so:libMyFilter.camera.samsung.so:libtensorflowLite.myfilter.camera.samsung.so:libtensorflowlite_inference_api.myfilter.camera.samsung.so:libEventFinder.camera.samsung.so:libHIDTSnapJNI.camera.samsung.so:libSmartScan.camera.samsung.so:libRectify.camera.samsung.so:libDocRectifyWrapper.camera.samsung.so:libUltraWideDistortionCorrection.camera.samsung.so:libHpr_RecGAE_cvFeature_v1.0.camera.samsung.so:libHprFace_GAE_api.camera.samsung.so:libFace_Landmark_API.camera.samsung.so:libHprFace_GAE_jni.camera.samsung.so:libFacialBasedSelfieCorrec
07-10 00:50:25.821 17542 17542 W ziparchive: Unable to open '/system_ext/framework/org.carconnectivity.android.digitalkey.timesync.dm': No such file or directory
07-10 00:50:25.821 17542 17542 W ziparchive: Unable to open '/system_ext/framework/org.carconnectivity.android.digitalkey.timesync.dm': No such file or directory
07-10 00:50:25.827 17542 17542 D nativeloader: Configuring classloader-namespace for other apk /system_ext/framework/org.carconnectivity.android.digitalkey.timesync.jar. target_sdk_version=33, uses_libraries=ALL, library_path=/data/app/~~e8ouw1akU6W2gQxV1EBpmQ==/com.google.android.gms-hGaGeUGENve9dqYnT27Igw==/lib/arm64:/data/app/~~e8ouw1akU6W2gQxV1EBpmQ==/com.google.android.gms-hGaGeUGENve9dqYnT27Igw==/base.apk!/lib/arm64-v8a, permitted_path=/data:/mnt/expand:/data/user/0/com.google.android.gms
07-10 00:50:25.827 17542 17542 D nativeloader: Extending system_exposed_libraries: libhumantracking.arcsoft.so:libPortraitDistortionCorrection.arcsoft.so:libPortraitDistortionCorrectionCali.arcsoft.so:libface_landmark.arcsoft.so:libFacialStickerEngine.arcsoft.so:libveengine.arcsoft.so:liblow_light_hdr.arcsoft.so:libhigh_dynamic_range.arcsoft.so:libFacialAttributeDetection.arcsoft.so:libBeauty_v4.camera.samsung.so:libexifa.camera.samsung.so:libjpega.camera.samsung.so:libOpenCv.camera.samsung.so:libImageScreener.camera.samsung.so:libMyFilter.camera.samsung.so:libtensorflowLite.myfilter.camera.samsung.so:libtensorflowlite_inference_api.myfilter.camera.samsung.so:libEventFinder.camera.samsung.so:libHIDTSnapJNI.camera.samsung.so:libSmartScan.camera.samsung.so:libRectify.camera.samsung.so:libDocRectifyWrapper.camera.samsung.so:libUltraWideDistortionCorrection.camera.samsung.so:libHpr_RecGAE_cvFeature_v1.0.camera.samsung.so:libHprFace_GAE_api.camera.samsung.so:libFace_Landmark_API.camera.samsung.so:libHprFace_GAE_jni.camera.samsung.so:libFacialBasedSelfieCorrec
07-10 00:50:25.849 17542 17542 D nativeloader: Configuring classloader-namespace for other apk /data/app/~~e8ouw1akU6W2gQxV1EBpmQ==/com.google.android.gms-hGaGeUGENve9dqYnT27Igw==/base.apk. target_sdk_version=33, uses_libraries=, library_path=/data/app/~~e8ouw1akU6W2gQxV1EBpmQ==/com.google.android.gms-hGaGeUGENve9dqYnT27Igw==/lib/arm64:/data/app/~~e8ouw1akU6W2gQxV1EBpmQ==/com.google.android.gms-hGaGeUGENve9dqYnT27Igw==/base.apk!/lib/arm64-v8a, permitted_path=/data:/mnt/expand:/data/user/0/com.google.android.gms
07-10 00:50:25.859 17542 17542 W id.gms.unstable: JIT profile information will not be recorded: profile file does not exist.
07-10 00:50:25.859 17542 17542 W id.gms.unstable: JIT profile information will not be recorded: profile file does not exist.
07-10 00:50:25.860 17542 17542 W id.gms.unstable: JIT profile information will not be recorded: profile file does not exist.
07-10 00:50:25.970 17542 17542 V GraphicsEnvironment: ANGLE Developer option for 'com.google.android.gms' set to: 'default'
07-10 00:50:25.970 17542 17542 V GraphicsEnvironment: ANGLE GameManagerService for com.google.android.gms: false
07-10 00:50:25.970 17542 17542 V GraphicsEnvironment: Neither updatable production driver nor prerelease driver is supported.
07-10 00:50:25.978 17542 17542 D NetworkSecurityConfig: Using Network Security Config from resource network_security_config debugBuild: false
07-10 00:50:25.983 17542 17542 D NetworkSecurityConfig: Using Network Security Config from resource network_security_config debugBuild: false
07-10 00:50:26.051  5674  5745 W libprocessgroup: Failed to open /dev/blkio//cgroup.procs: No such file or directory
07-10 00:50:26.188  5674  7726 D SemWifiUsabilityStatsMonitor: onWifiUsabilityStats - seqNum 21236, isSameBssidAndFreq true
07-10 00:50:26.190  5674  6128 I SemWifiLinkQualityMonitor: Link Qos Query: 0.046 ms / 175.500 Mbps (351 / 0.000 / 2.000)
07-10 00:50:26.258 17542 17542 W ProviderHelper: Unknown dynamite feature providerinstaller.dynamite
07-10 00:50:26.262 17542 17542 I DynamiteModule: Considering local module com.google.android.gms.providerinstaller.dynamite:1 and remote module com.google.android.gms.providerinstaller.dynamite:0
07-10 00:50:26.262 17542 17542 I DynamiteModule: Selected local version of com.google.android.gms.providerinstaller.dynamite
07-10 00:50:26.284 17542 17542 V NativeCrypto: Registering com/google/android/gms/org/conscrypt/NativeCrypto's 295 native methods...
07-10 00:50:26.337 17542 17542 I ProviderInstaller: Installed default security provider GmsCore_OpenSSL
07-10 00:50:26.388 17542 17573 I Watchcat: Started
07-10 00:50:26.394 17542 17573 I GMS_MM_Logger: (REDACTED) Start time: %s
07-10 00:50:26.395 17542 17542 W cwds    : Primes not initialized, returning default (no-op) Primes instance which will ignore all calls. Please call Primes.initialize(...) before using any Primes API.
07-10 00:50:26.395 17542 17542 W cwds    : djup: FULL
07-10 00:50:26.395 17542 17542 W cwds    : 	at d.I(:com.google.android.gms@232414044@23.24.14 (190400-544099984):0)
07-10 00:50:26.395 17542 17542 W cwds    : 	at cwds.a(:com.google.android.gms@232414044@23.24.14 (190400-544099984):2)
07-10 00:50:26.395 17542 17542 W cwds    : 	at com.google.android.gms.common.app.GmsApplication.onCreate(:com.google.android.gms@232414044@23.24.14 (190400-544099984):21)
07-10 00:50:26.395 17542 17542 W cwds    : 	at android.app.Instrumentation.callApplicationOnCreate(Instrumentation.java:1266)
07-10 00:50:26.395 17542 17542 W cwds    : 	at android.app.ActivityThread.handleBindApplication(ActivityThread.java:7614)
07-10 00:50:26.395 17542 17542 W cwds    : 	at android.app.ActivityThread.-$$Nest$mhandleBindApplication(Unknown Source:0)
07-10 00:50:26.395 17542 17542 W cwds    : 	at android.app.ActivityThread$H.handleMessage(ActivityThread.java:2400)
07-10 00:50:26.395 17542 17542 W cwds    : 	at android.os.Handler.dispatchMessage(Handler.java:106)
07-10 00:50:26.395 17542 17542 W cwds    : 	at android.os.Looper.loopOnce(Looper.java:226)
07-10 00:50:26.395 17542 17542 W cwds    : 	at android.os.Looper.loop(Looper.java:313)
07-10 00:50:26.395 17542 17542 W cwds    : 	at android.app.ActivityThread.main(ActivityThread.java:8757)
07-10 00:50:26.395 17542 17542 W cwds    : 	at java.lang.reflect.Method.invoke(Native Method)
07-10 00:50:26.395 17542 17542 W cwds    : 	at com.android.internal.os.RuntimeInit$MethodAndArgsCaller.run(RuntimeInit.java:571)
07-10 00:50:26.395 17542 17542 W cwds    : 	at com.android.internal.os.ZygoteInit.main(ZygoteInit.java:1067)
07-10 00:50:26.396 17542 17573 I GMS_MM_Logger: Started.
07-10 00:50:26.549 16924 16924 D BoundBrokerSvc: onBind: Intent { act=com.google.android.gms.phenotype.service.START dat=chimera-action:/... cmp=com.google.android.gms/.chimera.PersistentApiService }
07-10 00:50:26.550 16924 16924 D BoundBrokerSvc: Loading bound service for intent: Intent { act=com.google.android.gms.phenotype.service.START dat=chimera-action:/... cmp=com.google.android.gms/.chimera.PersistentApiService }
07-10 00:50:26.669 17542 17556 D nativeloader: Configuring classloader-namespace for other apk . target_sdk_version=33, uses_libraries=ALL, library_path=, permitted_path=/data:/mnt/expand
07-10 00:50:26.669 17542 17556 D nativeloader: Extending system_exposed_libraries: libhumantracking.arcsoft.so:libPortraitDistortionCorrection.arcsoft.so:libPortraitDistortionCorrectionCali.arcsoft.so:libface_landmark.arcsoft.so:libFacialStickerEngine.arcsoft.so:libveengine.arcsoft.so:liblow_light_hdr.arcsoft.so:libhigh_dynamic_range.arcsoft.so:libFacialAttributeDetection.arcsoft.so:libBeauty_v4.camera.samsung.so:libexifa.camera.samsung.so:libjpega.camera.samsung.so:libOpenCv.camera.samsung.so:libImageScreener.camera.samsung.so:libMyFilter.camera.samsung.so:libtensorflowLite.myfilter.camera.samsung.so:libtensorflowlite_inference_api.myfilter.camera.samsung.so:libEventFinder.camera.samsung.so:libHIDTSnapJNI.camera.samsung.so:libSmartScan.camera.samsung.so:libRectify.camera.samsung.so:libDocRectifyWrapper.camera.samsung.so:libUltraWideDistortionCorrection.camera.samsung.so:libHpr_RecGAE_cvFeature_v1.0.camera.samsung.so:libHprFace_GAE_api.camera.samsung.so:libFace_Landmark_API.camera.samsung.so:libHprFace_GAE_jni.camera.samsung.so:libFacialBasedSelfieCorrec
07-10 00:50:26.930 16924 16924 D BoundBrokerSvc: onBind: Intent { act=com.google.android.gms.auth.account.workaccount.START dat=chimera-action:/... cmp=com.google.android.gms/.chimera.PersistentApiService }
07-10 00:50:26.931 16924 16924 D BoundBrokerSvc: Loading bound service for intent: Intent { act=com.google.android.gms.auth.account.workaccount.START dat=chimera-action:/... cmp=com.google.android.gms/.chimera.PersistentApiService }
07-10 00:50:26.991 31135 32652 I native  : I0000 00:00:1688943026.991430   32652 soda_async_impl.cc:1540] Current audio timestamp: 1688943026620242
07-10 00:50:27.037  5674  6213 D NetdEventListenerService: DNS Requested by : 118, 10226
07-10 00:50:27.042 16924 17584 D TrafficStats: tagSocket(283) with statsTag=0x3000060a, statsUid=10226
07-10 00:50:27.088  5362  5362 I SurfaceFlinger: SFWD update time=133276458218135
07-10 00:50:27.180 16924 17584 W Conscrypt: Could not set socket write timeout: java.net.SocketException: Socket closed
07-10 00:50:27.181 16924 17584 W Conscrypt: 	at com.google.android.gms.org.conscrypt.Platform.setSocketWriteTimeout(:com.google.android.gms@232414044@23.24.14 (190400-544099984):2)
07-10 00:50:27.181 16924 17584 W Conscrypt: 	at com.google.android.gms.org.conscrypt.ConscryptFileDescriptorSocket.setSoWriteTimeout(:com.google.android.gms@232414044@23.24.14 (190400-544099984):0)
07-10 00:50:27.324 16924 17584 W Conscrypt: Could not set socket write timeout: java.net.SocketException: Socket closed
07-10 00:50:27.325 16924 17584 W Conscrypt: 	at com.google.android.gms.org.conscrypt.Platform.setSocketWriteTimeout(:com.google.android.gms@232414044@23.24.14 (190400-544099984):2)
07-10 00:50:27.325 16924 17584 W Conscrypt: 	at com.google.android.gms.org.conscrypt.ConscryptFileDescriptorSocket.setSoWriteTimeout(:com.google.android.gms@232414044@23.24.14 (190400-544099984):0)
07-10 00:50:27.375 30967 31717 I ContactsProvider_EventLog: cp_s: [CONTACT con(158) dat(1091) acc({sim(3)=15, sec(6)=1, sim2(4)=1, google(2)=81, org.telegram.messenger(236)=100, com.whatsapp(14)=41}) calls([logtype:100 cnt:877, logtype:200 cnt:5, logtype:300 cnt:495, logtype:1000 cnt:632, logtype:1150 cnt:161]) Iso(RS) uId(0) ]
07-10 00:50:27.375 30967 31717 I ContactsProvider_EventLog: cp_s: [ agr({[2 ,2 ,14 ,236]=1, [2 ,14 ,236]=32, [3]=15, [14]=1, [4]=1, [2 ,14]=4, [2 ,2]=2, [2]=34, [6 ,14]=1, [2 ,236]=3, [236]=62, [2 ,236 ,14]=2}) ]
07-10 00:50:27.375 30967 31717 I ContactsProvider_EventLog: cp_s: [ cnt({acore(30967)=1}) ]
07-10 00:50:27.375 30967 31717 I ContactsProvider_EventLog: cp_s: [PROFILE con(1) dat(1) acc({vnd.sec.contact.phone=1}) ] [SAPROFILE ]
07-10 00:50:27.375 30967 31717 I ContactsProvider_EventLog: cp_s: [STATE R(T) ]
07-10 00:50:27.458  5674  6112 I ChimeraAggressivePolicyHandler: executePolicy() - triggerSource: TRIGGER_SOURCE_LMKD
07-10 00:50:27.460  5674  6112 I ChimeraAggressivePolicyHandler: available memory: 1003340, free memory target: 870400, quit chimera
07-10 00:50:28.091 31135 31452 I A       : (REDACTED) #onAudioData: %s bytes, getAudioReadSize %s
07-10 00:50:28.287 29789 17591 I GmscoreIpa: Starting mediastore instant index [CONTEXT service_id=255 ]
07-10 00:50:29.062  5325  5325 E sehhealth-service: Could not open /sys/class/power_supply/battery/lrp
07-10 00:50:29.241  5674  7726 D SemWifiUsabilityStatsMonitor: onWifiUsabilityStats - seqNum 21237, isSameBssidAndFreq true
07-10 00:50:29.245  5674  6183 D WifiConnectivityMonitor: start WCM Poll.
07-10 00:50:29.246  6461  6461 D NetworkController.WifiSignalController: notifyListener: visible=true, connected=true, inetCondition=1, isDefault=true, wifiTestReported=true, receivedInetCondition=-1, hideDuringMobileSwitching=false
07-10 00:50:29.248  5674  6128 I SemWifiLinkQualityMonitor: Link Qos Query: 0.123 ms / 65.165 Mbps (234 / 0.000 / 3.591)
07-10 00:50:30.954  6461  6566 D MobileStatusTracker(0/1): onSignalStrengthsChanged level=2, vendorLevel=1
07-10 00:50:30.960  6461  6566 D MobileSignalController(0/1): notifyListener: enabled=true, connected=true, dataConnected=false, networkType=LTE (4G), emergencyOnly=false, roaming=true, isDefault=false, dataActivity=, level=1, ca=false, mmWave=false, disabledDataIcon=false, simCard=ETC
07-10 00:50:30.960  6461  6566 D NetworkController: SignalStrength from intent slotId=0
07-10 00:50:31.625  5674  5745 W libprocessgroup: Failed to open /dev/blkio//cgroup.procs: No such file or directory
07-10 00:50:31.637  5287  5287 D Zygote  : Forked child process 17597
07-10 00:50:31.645  4883  4883 I SmWidget.UpdateMgr: status : 1, Configuration : {1.1 220mcc1mnc [en_GB,ru_RU] ldltr sw411dp w411dp h832dp 420dpi nrml long port night finger -keyb/v/h -nav/h winConfig={ mBounds=Rect(0, 0 - 1080, 2400) mAppBounds=Rect(0, 88 - 1080, 2274) mMaxBounds=Rect(0, 0 - 1080, 2400) mDisplayRotation=ROTATION_0 mWindowingMode=fullscreen mDisplayWindowingMode=fullscreen mActivityType=undefined mAlwaysOnTop=undefined mRotation=ROTATION_0 mPopOver=undefined mStageConfig=undefined mFreeformTaskPinningState=undefined mFreeformStashState=undefined} s.2998 fontWeightAdjustment=0 ff=0 bf=0 bts=0 themeSeq=0 nightDim=-1}
07-10 00:50:31.663  4883  4883 I SmWidget.UpdateMgr: config loaded id 15 as widgetId: 15, BgColor: 0, BgOpacity: 100, TextColor: 1, matchDark: true, usageOption: 0
07-10 00:50:31.677  4883  4895 W ng.android.lool: Reducing the number of considered missed Gc histogram windows from 180 to 100
07-10 00:50:31.691 17597 17597 I microsoft.todos: Using CollectorTypeCC GC.
07-10 00:50:31.699 17597 17597 E microsoft.todos: Not starting debugger since process cannot load the jdwp agent.
07-10 00:50:31.706 17597 17597 W libc    : Access denied finding property "sys.perf.boostopt"
07-10 00:50:31.706  5262  5262 E audit   : type=1400 audit(1688943031.705:69509): avc:  denied  { read } for  pid=17597 comm="microsoft.todos" name="u:object_r:perf_prop:s0" dev="tmpfs" ino=10663 scontext=u:r:untrusted_app:s0:c16,c256,c512,c768 tcontext=u:object_r:perf_prop:s0 tclass=file permissive=0 SEPF_SM-A515F_13_0001 audit_filtered
07-10 00:50:31.706  5262  5262 E audit   : type=1300 audit(1688943031.705:69509): arch=c00000b7 syscall=56 success=no exit=-13 a0=ffffff9c a1=7fcf7d5458 a2=88000 a3=0 items=0 ppid=5287 pid=17597 auid=4294967295 uid=10016 gid=10016 euid=10016 suid=10016 fsuid=10016 egid=10016 sgid=10016 fsgid=10016 tty=(none) ses=4294967295 comm="microsoft.todos" exe="/system/bin/app_process64" subj=u:r:untrusted_app:s0:c16,c256,c512,c768 key=(null)
07-10 00:50:31.706  5262  5262 E audit   : type=1327 audit(1688943031.705:69509): proctitle="zygote64"
07-10 00:50:31.707 17597 17612 W libc    : Access denied finding property "sys.perf.boostopt"
07-10 00:50:31.708  5262  5262 E audit   : type=1400 audit(1688943031.705:69510): avc:  denied  { read } for  pid=17597 comm="binder:17597_1" name="u:object_r:perf_prop:s0" dev="tmpfs" ino=10663 scontext=u:r:untrusted_app:s0:c16,c256,c512,c768 tcontext=u:object_r:perf_prop:s0 tclass=file permissive=0 SEPF_SM-A515F_13_0001 audit_filtered
07-10 00:50:31.709 17597 17597 D ActivityThread: setConscryptValidator
07-10 00:50:31.709 17597 17597 D ActivityThread: setConscryptValidator - put
07-10 00:50:31.754  5353  5543 V APM_AudioPolicyManager: setAppState(portId:1005, state:1)
07-10 00:50:31.759 17597 17597 D CompatibilityChangeReporter: Compat change id reported: 171979766; UID 10016; state: ENABLED
07-10 00:50:31.796  4883  4883 I AppWidgetManager: updateAppWidget() appWidgetIds = [15]
07-10 00:50:31.824  5674  5690 I system_server: Background young concurrent copying GC freed 200644(9589KB) AllocSpace objects, 12(240KB) LOS objects, 6% free, 118MB/126MB, paused 530us,271us total 112.498ms
07-10 00:50:31.864 17597 17597 D nativeloader: Configuring classloader-namespace for other apk /data/app/~~tnggW2SDF4uGAy0VxqCxdg==/com.microsoft.todos-7oqGRcWShhSMkuFU9UIuuw==/base.apk. target_sdk_version=33, uses_libraries=, library_path=/data/app/~~tnggW2SDF4uGAy0VxqCxdg==/com.microsoft.todos-7oqGRcWShhSMkuFU9UIuuw==/lib/arm64:/data/app/~~tnggW2SDF4uGAy0VxqCxdg==/com.microsoft.todos-7oqGRcWShhSMkuFU9UIuuw==/base.apk!/lib/arm64-v8a, permitted_path=/data:/mnt/expand:/data/user/0/com.microsoft.todos
07-10 00:50:31.944 17597 17597 V GraphicsEnvironment: ANGLE Developer option for 'com.microsoft.todos' set to: 'default'
07-10 00:50:31.945 17597 17597 V GraphicsEnvironment: ANGLE GameManagerService for com.microsoft.todos: false
07-10 00:50:31.945 17597 17597 V GraphicsEnvironment: Neither updatable production driver nor prerelease driver is supported.
07-10 00:50:31.957 17597 17597 D NetworkSecurityConfig: No Network Security Config specified, using platform default
07-10 00:50:31.973 17597 17597 D NetworkSecurityConfig: No Network Security Config specified, using platform default
07-10 00:50:32.014 17597 17597 I MAMInfo : MAMInfo initialized. Debug=false, Agent=PRODUCTION, ManagedDialogDisabled=false, PolicyRequired=false, MultiIdentityEnabled=true, FullBackupContent=true, DataExtractionRules=true, UseDefaultEnrollment=false, ExceptionOnInit=false, Debuggable=false, IsolatedProcessesAllowed=false
07-10 00:50:32.047 17597 17597 I MultiDex: VM with version 2.1.0 has multidex support
07-10 00:50:32.047 17597 17597 I MultiDex: Installing application
07-10 00:50:32.048 17597 17597 I MultiDex: VM has multidex support, MultiDex support library is disabled.
07-10 00:50:32.099 17597 17597 D CompatibilityChangeReporter: Compat change id reported: 183155436; UID 10016; state: ENABLED
07-10 00:50:32.137 17597 17597 I FirebaseInitProvider: FirebaseApp initialization successful
07-10 00:50:32.264  5674  7726 D SemWifiUsabilityStatsMonitor: onWifiUsabilityStats - seqNum 21238, isSameBssidAndFreq true
07-10 00:50:32.266  5674  6128 I SemWifiLinkQualityMonitor: Link Qos Query: 0.068 ms / 117.000 Mbps (234 / 0.000 / 2.000)
07-10 00:50:32.514 17597 17597 D TokenSharingManager_v1.6.4: Library works in release mode
07-10 00:50:32.697  4613  4613 W keymaster_tee: [WRN]begin req PARAMS: A1 P4
07-10 00:50:32.699  5674  9952 D PackageManager: setEnabledSetting : userId = 0 packageName = com.microsoft.todos cmp = androidx.work.impl.background.systemjob.SystemJobService newState = 1 callingPackage = 10016/com.microsoft.todos
07-10 00:50:32.702  5674  9952 D ApplicationPolicy: getApplicationStateEnabled : pkg = com.microsoft.todos userId : 0
07-10 00:50:32.703  5674  9952 D ApplicationPolicy: getApplicationComponentState : pkg = com.microsoft.todos userId : 0
07-10 00:50:32.748 17597 17597 I WidgetProvider: onReceive received:ANDROID.APPWIDGET.ACTION.APPWIDGET_UPDATE
07-10 00:50:32.775 17597 17597 I WidgetProvider: onUpdate received
07-10 00:50:32.860 17597 17645 I WidgetProvider: updateWidget all widgets
07-10 00:50:32.890 17597 17656 I WidgetProvider: runAsync 161
07-10 00:50:32.907 17597 17656 D CompatibilityChangeReporter: Compat change id reported: 160794467; UID 10016; state: ENABLED
07-10 00:50:32.949 17597 17637 I WidgetProvider: updateWidget all widgets
07-10 00:50:32.977 17597 17648 D CompatibilityChangeReporter: Compat change id reported: 194532703; UID 10016; state: ENABLED
07-10 00:50:33.076 17597 17656 I AppWidgetManager: updateAppWidget() appWidgetIds = [20]
07-10 00:50:33.104 17597 17656 I AppWidgetManager: notifyAppWidgetViewDataChanged() appWidgetIds = [20], viewId = 2131296272
07-10 00:50:33.107 17597 17656 I WidgetProvider: runAsync 161
07-10 00:50:33.120 15865 19381 W BtGatt.GattService: unfreezeScan() - No AppScanStats found with uid: 10268
07-10 00:50:33.124  7952 20155 W libc    : Access denied finding property "sys.perf.boostopt"
07-10 00:50:33.124  5262  5262 E audit   : type=1400 audit(1688943033.121:69511): avc:  denied  { read } for  pid=7952 comm="binder:7952_B" name="u:object_r:perf_prop:s0" dev="tmpfs" ino=10663 scontext=u:r:untrusted_app_30:s0:c12,c257,c512,c768 tcontext=u:object_r:perf_prop:s0 tclass=file permissive=0 SEPF_SM-A515F_13_0001 audit_filtered
07-10 00:50:33.124  5262  5262 E audit   : type=1300 audit(1688943033.121:69511): arch=c00000b7 syscall=56 success=no exit=-13 a0=ffffff9c a1=7b89a132f8 a2=88000 a3=0 items=0 ppid=5287 pid=7952 auid=4294967295 uid=10268 gid=10268 euid=10268 suid=10268 fsuid=10268 egid=10268 sgid=10268 fsgid=10268 tty=(none) ses=4294967295 comm="binder:7952_B" exe="/system/bin/app_process64" subj=u:r:untrusted_app_30:s0:c12,c257,c512,c768 key=(null)
07-10 00:50:33.124  5262  5262 E audit   : type=1327 audit(1688943033.121:69511): proctitle="org.telegram.messenger"
07-10 00:50:33.126  5353  5543 V APM_AudioPolicyManager: setAppState(portId:1005, state:1)
07-10 00:50:33.126  5353  5543 V APM_AudioPolicyManager: setAppState(portId:1005, state:1)
07-10 00:50:33.145  5674  7315 W LocationManagerService: onFreezeStateChanged, uid[10268]=false
07-10 00:50:33.160  5674  7126 D PackageManager: setEnabledSetting : userId = 0 packageName = com.microsoft.todos cmp = androidx.work.impl.background.systemalarm.RescheduleReceiver newState = 1 callingPackage = 10016/com.microsoft.todos
07-10 00:50:33.162  5674  7126 D ApplicationPolicy: getApplicationStateEnabled : pkg = com.microsoft.todos userId : 0
07-10 00:50:33.163  5674  7126 D ApplicationPolicy: getApplicationComponentState : pkg = com.microsoft.todos userId : 0
07-10 00:50:33.213  5353  6075 V APM_AudioPolicyManager: setAppState(portId:1005, state:1)
07-10 00:50:33.215  5674  5745 W libprocessgroup: Failed to open /dev/blkio//cgroup.procs: No such file or directory
07-10 00:50:33.217 17597 17613 W libc    : Access denied finding property "sys.perf.boostopt"
07-10 00:50:33.217  5262  5262 E audit   : type=1400 audit(1688943033.213:69512): avc:  denied  { read } for  pid=17597 comm="binder:17597_2" name="u:object_r:perf_prop:s0" dev="tmpfs" ino=10663 scontext=u:r:untrusted_app:s0:c16,c256,c512,c768 tcontext=u:object_r:perf_prop:s0 tclass=file permissive=0 SEPF_SM-A515F_13_0001 audit_filtered
07-10 00:50:33.307  5674  7126 D PackageManager: setEnabledSetting : userId = 0 packageName = com.microsoft.todos cmp = androidx.work.impl.background.systemalarm.RescheduleReceiver newState = 1 callingPackage = 10016/com.microsoft.todos
07-10 00:50:33.309  5674  7126 D ApplicationPolicy: getApplicationStateEnabled : pkg = com.microsoft.todos userId : 0
07-10 00:50:33.310  5674  7126 D ApplicationPolicy: getApplicationComponentState : pkg = com.microsoft.todos userId : 0
07-10 00:50:33.318  7952  7952 I AppWidgetManager: updateAppWidget() appWidgetIds = [43]
