07-10 00:50:33.322  7952  7952 I AppWidgetManager: notifyAppWidgetViewDataChanged() appWidgetIds = [43], viewId = 2131230850
07-10 00:50:33.344  5353  6075 V APM_AudioPolicyManager: setAppState(portId:1005, state:1)
07-10 00:50:33.353  5287  5287 D Zygote  : Forked child process 17673
07-10 00:50:33.380 17597 17672 D ConnectivityManager: StackLog: [android.net.ConnectivityManager.sendRequestForNetwork(ConnectivityManager.java:4300)] [android.net.ConnectivityManager.registerDefaultNetworkCallbackForUid(ConnectivityManager.java:4864)] [android.net.ConnectivityManager.registerDefaultNetworkCallback(ConnectivityManager.java:4831)] [android.net.ConnectivityManager.registerDefaultNetworkCallback(ConnectivityManager.java:4805)] [androidx.work.impl.constraints.trackers.e.e(NetworkStateTracker.java:25)] [androidx.work.impl.constraints.trackers.d.a(ConstraintTracker.java:62)] [l1.c.e(ConstraintController.java:52)] [k1.d.d(WorkConstraintsTracker.java:28)] [i1.b.c(GreedyScheduler.java:231)] [h1.f.b(Schedulers.java:160)] [n1.b.f(EnqueueRunnable.java:19)] [n1.b.run(EnqueueRunnable.java:31)] [n1.i$a.run(SerialExecutor.java:3)] [java.util.concurrent.ThreadPoolExecutor.runWorker(ThreadPoolExecutor.java:1137)] [java.util.concurrent.ThreadPoolExecutor$Worker.run(ThreadPoolExecutor.java:637)] [java.lang.Thread.run(Thread.java:1012)]
07-10 00:50:33.383  5674  7126 D ConnectivityService: requestNetwork for uid/pid:10016/17597 activeRequest: null callbackRequest: 16478 [NetworkRequest [ REQUEST id=16479, [ Capabilities: INTERNET&NOT_RESTRICTED&TRUSTED&NOT_VCN_MANAGED Uid: 10016 RequestorUid: 10016 RequestorPkg: com.microsoft.todos UnderlyingNetworks: Null] ]] callback flags: 0 order: 2147483647
07-10 00:50:33.384  5674  6055 D ConnectivityService:    accepting network in place of null
07-10 00:50:33.387  5674  6045 D WifiNetworkFactory: got request NetworkRequest [ REQUEST id=16479, [ Capabilities: INTERNET&NOT_RESTRICTED&TRUSTED&NOT_VCN_MANAGED Uid: 10016 RequestorUid: 10016 RequestorPkg: com.microsoft.todos UnderlyingNetworks: Null] ]
07-10 00:50:33.387  5674  6045 D UntrustedWifiNetworkFactory: got request NetworkRequest [ REQUEST id=16479, [ Capabilities: INTERNET&NOT_RESTRICTED&TRUSTED&NOT_VCN_MANAGED Uid: 10016 RequestorUid: 10016 RequestorPkg: com.microsoft.todos UnderlyingNetworks: Null] ]
07-10 00:50:33.389  5674  6045 D OemPaidWifiNetworkFactory: got request NetworkRequest [ REQUEST id=16479, [ Capabilities: INTERNET&NOT_RESTRICTED&TRUSTED&NOT_VCN_MANAGED Uid: 10016 RequestorUid: 10016 RequestorPkg: com.microsoft.todos UnderlyingNetworks: Null] ]
07-10 00:50:33.389  5674  6045 D MultiInternetWifiNetworkFactory: got request NetworkRequest [ REQUEST id=16479, [ Capabilities: INTERNET&NOT_RESTRICTED&TRUSTED&NOT_VCN_MANAGED Uid: 10016 RequestorUid: 10016 RequestorPkg: com.microsoft.todos UnderlyingNetworks: Null] ]
07-10 00:50:33.392  5674  6055 D ConnectivityService: Rematched networks [computed 0ms] [applied 1ms] [issued 7]
07-10 00:50:33.392  5674  6055 D ConnectivityService: NetworkReassignment :
07-10 00:50:33.392  5674  6055 D ConnectivityService:   16479 : null  118
07-10 00:50:33.429 17673 17673 I x.weatherplugin: Using CollectorTypeCC GC.
07-10 00:50:33.430  5674  7126 D PackageManager: setEnabledSetting : userId = 0 packageName = com.microsoft.todos cmp = androidx.work.impl.background.systemalarm.RescheduleReceiver newState = 1 callingPackage = 10016/com.microsoft.todos
07-10 00:50:33.434  5674  7126 D ApplicationPolicy: getApplicationStateEnabled : pkg = com.microsoft.todos userId : 0
07-10 00:50:33.435  5674  7126 D ApplicationPolicy: getApplicationComponentState : pkg = com.microsoft.todos userId : 0
07-10 00:50:33.439 17673 17673 E x.weatherplugin: Not starting debugger since process cannot load the jdwp agent.
07-10 00:50:33.447 17673 17673 W libc    : Access denied finding property "sys.perf.boostopt"
07-10 00:50:33.448 17673 17687 W libc    : Access denied finding property "sys.perf.boostopt"
07-10 00:50:33.450 17673 17673 D ActivityThread: setConscryptValidator
07-10 00:50:33.450 17673 17673 D ActivityThread: setConscryptValidator - put
07-10 00:50:33.459  5353  6075 V APM_AudioPolicyManager: setAppState(portId:1005, state:1)
07-10 00:50:33.463 17673 17687 W libc    : Access denied finding property "sys.perf.boostopt"
07-10 00:50:33.469 17673 17673 D CompatibilityChangeReporter: Compat change id reported: 171979766; UID 10343; state: ENABLED
07-10 00:50:33.478  5674  7126 D PackageManager: setEnabledSetting : userId = 0 packageName = com.microsoft.todos cmp = androidx.work.impl.background.systemalarm.RescheduleReceiver newState = 1 callingPackage = 10016/com.microsoft.todos
07-10 00:50:33.479  5674  7126 D ApplicationPolicy: getApplicationStateEnabled : pkg = com.microsoft.todos userId : 0
07-10 00:50:33.480  5674  7126 D ApplicationPolicy: getApplicationComponentState : pkg = com.microsoft.todos userId : 0
07-10 00:50:33.578  5674  7463 D PackageManager: setEnabledSetting : userId = 0 packageName = com.microsoft.todos cmp = androidx.work.impl.background.systemalarm.RescheduleReceiver newState = 1 callingPackage = 10016/com.microsoft.todos
07-10 00:50:33.581  5674  7463 D ApplicationPolicy: getApplicationStateEnabled : pkg = com.microsoft.todos userId : 0
07-10 00:50:33.582  5674  7463 D ApplicationPolicy: getApplicationComponentState : pkg = com.microsoft.todos userId : 0
07-10 00:50:33.613 17673 17673 D nativeloader: Configuring classloader-namespace for other apk /system/framework/org.apache.http.legacy.jar. target_sdk_version=33, uses_libraries=ALL, library_path=/data/app/~~oH7fsuBWCP3jYXSHVGo-TQ==/ru.yandex.weatherplugin-4SPxCW6who4Yjr1VyLVoBA==/lib/arm64:/data/app/~~oH7fsuBWCP3jYXSHVGo-TQ==/ru.yandex.weatherplugin-4SPxCW6who4Yjr1VyLVoBA==/base.apk!/lib/arm64-v8a:/data/app/~~oH7fsuBWCP3jYXSHVGo-TQ==/ru.yandex.weatherplugin-4SPxCW6who4Yjr1VyLVoBA==/split_config.arm64_v8a.apk!/lib/arm64-v8a:/data/app/~~oH7fsuBWCP3jYXSHVGo-TQ==/ru.yandex.weatherplugin-4SPxCW6who4Yjr1VyLVoBA==/split_config.xxhdpi.apk!/lib/arm64-v8a, permitted_path=/data:/mnt/expand:/data/user/0/ru.yandex.weatherplugin
07-10 00:50:33.613 17673 17673 D nativeloader: Extending system_exposed_libraries: libhumantracking.arcsoft.so:libPortraitDistortionCorrection.arcsoft.so:libPortraitDistortionCorrectionCali.arcsoft.so:libface_landmark.arcsoft.so:libFacialStickerEngine.arcsoft.so:libveengine.arcsoft.so:liblow_light_hdr.arcsoft.so:libhigh_dynamic_range.arcsoft.so:libFacialAttributeDetection.arcsoft.so:libBeauty_v4.camera.samsung.so:libexifa.camera.samsung.so:libjpega.camera.samsung.so:libOpenCv.camera.samsung.so:libImageScreener.camera.samsung.so:libMyFilter.camera.samsung.so:libtensorflowLite.myfilter.camera.samsung.so:libtensorflowlite_inference_api.myfilter.camera.samsung.so:libEventFinder.camera.samsung.so:libHIDTSnapJNI.camera.samsung.so:libSmartScan.camera.samsung.so:libRectify.camera.samsung.so:libDocRectifyWrapper.camera.samsung.so:libUltraWideDistortionCorrection.camera.samsung.so:libHpr_RecGAE_cvFeature_v1.0.camera.samsung.so:libHprFace_GAE_api.camera.samsung.so:libFace_Landmark_API.camera.samsung.so:libHprFace_GAE_jni.camera.samsung.so:libFacialBasedSelfieCorrec
07-10 00:50:33.703  5674  7463 D PackageManager: setEnabledSetting : userId = 0 packageName = com.microsoft.todos cmp = androidx.work.impl.background.systemalarm.RescheduleReceiver newState = 1 callingPackage = 10016/com.microsoft.todos
07-10 00:50:33.707  5674  7463 D ApplicationPolicy: getApplicationStateEnabled : pkg = com.microsoft.todos userId : 0
07-10 00:50:33.709  5674  7463 D ApplicationPolicy: getApplicationComponentState : pkg = com.microsoft.todos userId : 0
07-10 00:50:33.745 17597 17690 D TrafficStats: tagSocket(95) with statsTag=0xffffffff, statsUid=-1
07-10 00:50:33.745  5674  6213 D NetdEventListenerService: DNS Requested by : 118, 10016
07-10 00:50:33.762  5674  9681 D PackageManager: setEnabledSetting : userId = 0 packageName = com.microsoft.todos cmp = androidx.work.impl.background.systemalarm.RescheduleReceiver newState = 1 callingPackage = 10016/com.microsoft.todos
07-10 00:50:33.764  5674  9681 D ApplicationPolicy: getApplicationStateEnabled : pkg = com.microsoft.todos userId : 0
07-10 00:50:33.765  5674  9681 D ApplicationPolicy: getApplicationComponentState : pkg = com.microsoft.todos userId : 0
07-10 00:50:33.767 17673 17673 W ziparchive: Unable to open '/data/app/~~oH7fsuBWCP3jYXSHVGo-TQ==/ru.yandex.weatherplugin-4SPxCW6who4Yjr1VyLVoBA==/split_config.arm64_v8a.dm': No such file or directory
07-10 00:50:33.768 17673 17673 W ziparchive: Unable to open '/data/app/~~oH7fsuBWCP3jYXSHVGo-TQ==/ru.yandex.weatherplugin-4SPxCW6who4Yjr1VyLVoBA==/split_config.arm64_v8a.dm': No such file or directory
07-10 00:50:33.772 17673 17673 W x.weatherplugin: Entry not found
07-10 00:50:33.777 17673 17673 W ziparchive: Unable to open '/data/app/~~oH7fsuBWCP3jYXSHVGo-TQ==/ru.yandex.weatherplugin-4SPxCW6who4Yjr1VyLVoBA==/split_config.xxhdpi.dm': No such file or directory
07-10 00:50:33.777 17673 17673 W ziparchive: Unable to open '/data/app/~~oH7fsuBWCP3jYXSHVGo-TQ==/ru.yandex.weatherplugin-4SPxCW6who4Yjr1VyLVoBA==/split_config.xxhdpi.dm': No such file or directory
07-10 00:50:33.785 17673 17673 W x.weatherplugin: Entry not found
07-10 00:50:33.789 17673 17673 D nativeloader: Configuring classloader-namespace for other apk /data/app/~~oH7fsuBWCP3jYXSHVGo-TQ==/ru.yandex.weatherplugin-4SPxCW6who4Yjr1VyLVoBA==/base.apk:/data/app/~~oH7fsuBWCP3jYXSHVGo-TQ==/ru.yandex.weatherplugin-4SPxCW6who4Yjr1VyLVoBA==/split_config.arm64_v8a.apk:/data/app/~~oH7fsuBWCP3jYXSHVGo-TQ==/ru.yandex.weatherplugin-4SPxCW6who4Yjr1VyLVoBA==/split_config.xxhdpi.apk. target_sdk_version=33, uses_libraries=, library_path=/data/app/~~oH7fsuBWCP3jYXSHVGo-TQ==/ru.yandex.weatherplugin-4SPxCW6who4Yjr1VyLVoBA==/lib/arm64:/data/app/~~oH7fsuBWCP3jYXSHVGo-TQ==/ru.yandex.weatherplugin-4SPxCW6who4Yjr1VyLVoBA==/base.apk!/lib/arm64-v8a:/data/app/~~oH7fsuBWCP3jYXSHVGo-TQ==/ru.yandex.weatherplugin-4SPxCW6who4Yjr1VyLVoBA==/split_config.arm64_v8a.apk!/lib/arm64-v8a:/data/app/~~oH7fsuBWCP3jYXSHVGo-TQ==/ru.yandex.weatherplugin-4SPxCW6who4Yjr1VyLVoBA==/split_config.xxhdpi.apk!/lib/arm64-v8a, permitted_path=/data:/mnt/expand:/data/user/0/ru.yandex.weatherplugin
07-10 00:50:33.798 17673 17673 W x.weatherplugin: JIT profile information will not be recorded: profile file does not exist.
07-10 00:50:33.799 17673 17673 W x.weatherplugin: JIT profile information will not be recorded: profile file does not exist.
07-10 00:50:33.899 17597 17675 E WM-WorkerWrapper: Didn't find WorkSpec for id 4d7c0aaf-b3c2-433b-b156-9ec4932a7220
07-10 00:50:33.912 17673 17673 V GraphicsEnvironment: ANGLE Developer option for 'ru.yandex.weatherplugin' set to: 'default'
07-10 00:50:33.914 17673 17673 V GraphicsEnvironment: ANGLE GameManagerService for ru.yandex.weatherplugin: false
07-10 00:50:33.915 17673 17673 V GraphicsEnvironment: Neither updatable production driver nor prerelease driver is supported.
07-10 00:50:33.970 17673 17673 D NetworkSecurityConfig: Using Network Security Config from resource network_security_config debugBuild: false
07-10 00:50:34.062 17673 17673 D NetworkSecurityConfig: Using Network Security Config from resource network_security_config debugBuild: false
07-10 00:50:34.293  5353  5543 V APM_AudioPolicyManager: setAppState(portId:1005, state:1)
07-10 00:50:34.305  5353  5543 V APM_AudioPolicyManager: setAppState(portId:1005, state:1)
07-10 00:50:34.468 17597 17597 D ConnectivityManager: StackLog: [android.net.ConnectivityManager.unregisterNetworkCallback(ConnectivityManager.java:4972)] [androidx.work.impl.constraints.trackers.e.f(NetworkStateTracker.java:25)] [androidx.work.impl.constraints.trackers.d.c(ConstraintTracker.java:20)] [l1.c.e(ConstraintController.java:46)] [k1.d.d(WorkConstraintsTracker.java:28)] [i1.b.i(GreedyScheduler.java:62)] [i1.b.e(GreedyScheduler.java:1)] [h1.d.e(Processor.java:68)] [h1.d$a.run(Processor.java:19)]
07-10 00:50:34.470  5674  6055 D ConnectivityService:  Removing from current network [118 WIFI], leaving 152 requests.
07-10 00:50:34.549 17673 17673 D CompatibilityChangeReporter: Compat change id reported: 183155436; UID 10343; state: ENABLED
07-10 00:50:34.568 17673 17673 I FirebaseApp: Device unlocked: initializing all Firebase APIs for app [DEFAULT]
07-10 00:50:34.624 17673 17673 I FirebaseCrashlytics: Initializing Firebase Crashlytics 18.2.13 for ru.yandex.weatherplugin
07-10 00:50:34.668  5674  7463 D PackageManager: setEnabledSetting : userId = 0 packageName = com.Slack cmp = androidx.work.impl.background.systemalarm.RescheduleReceiver newState = 1 callingPackage = 10329/com.Slack
07-10 00:50:34.671  5674  7463 D ApplicationPolicy: getApplicationStateEnabled : pkg = com.Slack userId : 0
07-10 00:50:34.672  5674  7463 D ApplicationPolicy: getApplicationComponentState : pkg = com.Slack userId : 0
07-10 00:50:34.701  5353  5543 V APM_AudioPolicyManager: setAppState(portId:1005, state:1)
07-10 00:50:34.704  5674  5745 W libprocessgroup: Failed to open /dev/blkio//cgroup.procs: No such file or directory
07-10 00:50:34.721 15049 15246 D ConnectivityManager: StackLog: [android.net.ConnectivityManager.sendRequestForNetwork(ConnectivityManager.java:4300)] [android.net.ConnectivityManager.registerDefaultNetworkCallbackForUid(ConnectivityManager.java:4864)] [android.net.ConnectivityManager.registerDefaultNetworkCallback(ConnectivityManager.java:4831)] [android.net.ConnectivityManager.registerDefaultNetworkCallback(ConnectivityManager.java:4805)] [androidx.work.impl.utils.NetworkApi24.registerDefaultNetworkCallbackCompat(Unknown Source:11)] [androidx.work.impl.constraints.trackers.NetworkStateTracker24.startTracking(Unknown Source:15)] [androidx.work.impl.constraints.controllers.ConstraintController.replace(Unknown Source:130)] [androidx.work.impl.constraints.WorkConstraintsTrackerImpl.replace(Unknown Source:41)] [androidx.work.impl.background.greedy.GreedyScheduler.schedule(Unknown Source:302)] [androidx.work.impl.Schedulers.schedule(Unknown Source:155)] [androidx.work.impl.utils.EnqueueRunnable.run(Unknown Source:53)] [androidx.work.Worker$2.run$androidx$work$impl$utils$SerialExecutorImpl$Task(Unknown Source:4)] [androidx.work.Worker$2.run(Unknown Source:868)] [java.util.concurrent.ThreadPoolExecutor.runWorker(ThreadPoolExecutor.java:1137)] [java.util.concurrent.ThreadPoolExecutor$Worker.run(ThreadPoolExecutor.java:637)] [java.lang.Thread.run(Thread.java:1012)]
07-10 00:50:34.723  5674  7463 D ConnectivityService: requestNetwork for uid/pid:10329/15049 activeRequest: null callbackRequest: 16480 [NetworkRequest [ REQUEST id=16481, [ Capabilities: INTERNET&NOT_RESTRICTED&TRUSTED&NOT_VCN_MANAGED Uid: 10329 RequestorUid: 10329 RequestorPkg: com.Slack UnderlyingNetworks: Null] ]] callback flags: 0 order: 2147483647
07-10 00:50:34.725  5674  6055 D ConnectivityService:    accepting network in place of null
07-10 00:50:34.731  5674  6045 D WifiNetworkFactory: got request NetworkRequest [ REQUEST id=16481, [ Capabilities: INTERNET&NOT_RESTRICTED&TRUSTED&NOT_VCN_MANAGED Uid: 10329 RequestorUid: 10329 RequestorPkg: com.Slack UnderlyingNetworks: Null] ]
07-10 00:50:34.734  5674  6045 D UntrustedWifiNetworkFactory: got request NetworkRequest [ REQUEST id=16481, [ Capabilities: INTERNET&NOT_RESTRICTED&TRUSTED&NOT_VCN_MANAGED Uid: 10329 RequestorUid: 10329 RequestorPkg: com.Slack UnderlyingNetworks: Null] ]
07-10 00:50:34.734  5674  6045 D OemPaidWifiNetworkFactory: got request NetworkRequest [ REQUEST id=16481, [ Capabilities: INTERNET&NOT_RESTRICTED&TRUSTED&NOT_VCN_MANAGED Uid: 10329 RequestorUid: 10329 RequestorPkg: com.Slack UnderlyingNetworks: Null] ]
07-10 00:50:34.735  5674  6045 D MultiInternetWifiNetworkFactory: got request NetworkRequest [ REQUEST id=16481, [ Capabilities: INTERNET&NOT_RESTRICTED&TRUSTED&NOT_VCN_MANAGED Uid: 10329 RequestorUid: 10329 RequestorPkg: com.Slack UnderlyingNetworks: Null] ]
07-10 00:50:34.740  5674  6055 D ConnectivityService: Rematched networks [computed 1ms] [applied 1ms] [issued 14]
07-10 00:50:34.740  5674  6055 D ConnectivityService: NetworkReassignment :
07-10 00:50:34.740  5674  6055 D ConnectivityService:   16481 : null  118
07-10 00:50:34.767 15049 15049 D ConnectivityManager: StackLog: [android.net.ConnectivityManager.unregisterNetworkCallback(ConnectivityManager.java:4972)] [androidx.work.impl.utils.NetworkApi21.unregisterNetworkCallbackCompat(Unknown Source:11)] [androidx.work.impl.constraints.trackers.NetworkStateTracker24.stopTracking(Unknown Source:15)] [androidx.work.impl.constraints.trackers.ConstraintTracker.removeListener(Unknown Source:24)] [androidx.work.impl.constraints.controllers.ConstraintController.replace(Unknown Source:81)] [androidx.work.impl.constraints.WorkConstraintsTrackerImpl.replace(Unknown Source:41)] [androidx.work.impl.background.greedy.GreedyScheduler.onExecuted(Unknown Source:55)] [androidx.work.impl.Processor.onExecuted(Unknown Source:59)] [com.bugsnag.android.DeliveryDelegate$1.run(Unknown Source:212)]
07-10 00:50:34.769  5674  6055 D ConnectivityService:  Removing from current network [118 WIFI], leaving 152 requests.
07-10 00:50:34.782  5353  5543 V APM_AudioPolicyManager: setAppState(portId:1005, state:1)
07-10 00:50:34.805  5353  5543 V APM_AudioPolicyManager: setAppState(portId:1005, state:1)
07-10 00:50:34.897 17673 17673 I FirebaseInitProvider: FirebaseApp initialization successful
07-10 00:50:34.926 17673 17714 I DynamiteModule: Considering local module com.google.android.gms.measurement.dynamite:83 and remote module com.google.android.gms.measurement.dynamite:93
07-10 00:50:34.935 17673 17714 I DynamiteModule: Selected remote version of com.google.android.gms.measurement.dynamite, version >= 93
07-10 00:50:34.935 17673 17714 V DynamiteModule: Dynamite loader version >= 2, using loadModule2NoCrashUtils
07-10 00:50:35.124 17673 17714 W System  : ClassLoader referenced unknown path:
07-10 00:50:35.125 17673 17714 D nativeloader: Configuring classloader-namespace for other apk . target_sdk_version=33, uses_libraries=, library_path=/data/app/~~e8ouw1akU6W2gQxV1EBpmQ==/com.google.android.gms-hGaGeUGENve9dqYnT27Igw==/lib/arm64:/data/app/~~e8ouw1akU6W2gQxV1EBpmQ==/com.google.android.gms-hGaGeUGENve9dqYnT27Igw==/base.apk!/lib/arm64-v8a, permitted_path=/data:/mnt/expand:/data/user/0/com.google.android.gms
07-10 00:50:35.127  5262  5262 E audit   : type=1400 audit(1688943035.125:69516): avc:  denied  { getattr } for  pid=5674 comm="BinderProcsColl" path="/sys/kernel/debug/binder/proc/5674" dev="debugfs" ino=32119 scontext=u:r:system_server:s0 tcontext=u:object_r:sec_debugfs:s0 tclass=file permissive=0 SEPF_SM-A515F_13_0001 audit_filtered
07-10 00:50:35.127  5262  5262 E audit   : type=1300 audit(1688943035.125:69516): arch=c00000b7 syscall=79 success=no exit=-13 a0=ffffff9c a1=7ad23e0020 a2=79df9bd680 a3=0 items=0 ppid=5287 pid=5674 auid=4294967295 uid=1000 gid=1000 euid=1000 suid=1000 fsuid=1000 egid=1000 sgid=1000 fsgid=1000 tty=(none) ses=4294967295 comm="BinderProcsColl" exe="/system/bin/app_process64" subj=u:r:system_server:s0 key=(null)
07-10 00:50:35.127  5262  5262 E audit   : type=1327 audit(1688943035.125:69516): proctitle="system_server"
07-10 00:50:35.144 17673 17736 I AppMetrica: Initializing of Metrica, Release type, Version 5.0.0, API Level 105, Dated 19.05.2022.
07-10 00:50:35.237 17673 17673 I WeatherApplication: Start application
07-10 00:50:35.260 17673 17738 W x.weatherplugin: Method void com.yandex.metrica.impl.ob.Vi.a(android.os.Bundle) failed lock verification and will run slower.
07-10 00:50:35.260 17673 17738 W x.weatherplugin: Common causes for lock verification issues are non-optimized dex code
07-10 00:50:35.260 17673 17738 W x.weatherplugin: and incorrect proguard optimizations.
07-10 00:50:35.293 17597 17709 D TokenSharingManager_v1.6.4: Library works in release mode
07-10 00:50:35.300  5674  7726 D SemWifiUsabilityStatsMonitor: onWifiUsabilityStats - seqNum 21239, isSameBssidAndFreq true
07-10 00:50:35.311  5674  6128 I SemWifiLinkQualityMonitor: Link Qos Query: 0.040 ms / 198.560 Mbps (292 / 0.000 / 1.471)
07-10 00:50:35.337 17673 17737 I AppMetrica: Activate reporter with APIKey 20799a27-xxxx-xxxx-xxxx-xxxxxxxx4180
07-10 00:50:35.378  5287  5287 D Zygote  : Forked child process 17749
07-10 00:50:35.451 17749 17749 I rplugin:Metrica: Using CollectorTypeCC GC.
07-10 00:50:35.458 17749 17749 E rplugin:Metrica: Not starting debugger since process cannot load the jdwp agent.
07-10 00:50:35.467 17749 17749 W libc    : Access denied finding property "sys.perf.boostopt"
07-10 00:50:35.468  5262  5262 E audit   : type=1400 audit(1688943035.465:69517): avc:  denied  { read } for  pid=17749 comm="rplugin:Metrica" name="u:object_r:perf_prop:s0" dev="tmpfs" ino=10663 scontext=u:r:untrusted_app:s0:c87,c257,c512,c768 tcontext=u:object_r:perf_prop:s0 tclass=file permissive=0 SEPF_SM-A515F_13_0001 audit_filtered
07-10 00:50:35.468 17749 17761 W libc    : Access denied finding property "sys.perf.boostopt"
07-10 00:50:35.469 17749 17749 D ActivityThread: setConscryptValidator
07-10 00:50:35.470 17749 17749 D ActivityThread: setConscryptValidator - put
07-10 00:50:35.487  5353  5543 V APM_AudioPolicyManager: setAppState(portId:1005, state:1)
07-10 00:50:35.494 17749 17749 D CompatibilityChangeReporter: Compat change id reported: 171979766; UID 10343; state: ENABLED
07-10 00:50:35.502 17673 17737 I AppMetrica: Activate reporter with APIKey 67bb016b-xxxx-xxxx-xxxx-xxxxxxxx03d3
07-10 00:50:35.549 17597 17709 D TrafficStats: tagSocket(99) with statsTag=0xffffffff, statsUid=-1
07-10 00:50:35.550  5674  6213 D NetdEventListenerService: DNS Requested by : 118, 10016
07-10 00:50:35.576 17749 17749 D nativeloader: Configuring classloader-namespace for other apk /system/framework/org.apache.http.legacy.jar. target_sdk_version=33, uses_libraries=ALL, library_path=/data/app/~~oH7fsuBWCP3jYXSHVGo-TQ==/ru.yandex.weatherplugin-4SPxCW6who4Yjr1VyLVoBA==/lib/arm64:/data/app/~~oH7fsuBWCP3jYXSHVGo-TQ==/ru.yandex.weatherplugin-4SPxCW6who4Yjr1VyLVoBA==/base.apk!/lib/arm64-v8a:/data/app/~~oH7fsuBWCP3jYXSHVGo-TQ==/ru.yandex.weatherplugin-4SPxCW6who4Yjr1VyLVoBA==/split_config.arm64_v8a.apk!/lib/arm64-v8a:/data/app/~~oH7fsuBWCP3jYXSHVGo-TQ==/ru.yandex.weatherplugin-4SPxCW6who4Yjr1VyLVoBA==/split_config.xxhdpi.apk!/lib/arm64-v8a, permitted_path=/data:/mnt/expand:/data/user/0/ru.yandex.weatherplugin
07-10 00:50:35.576 17749 17749 D nativeloader: Extending system_exposed_libraries: libhumantracking.arcsoft.so:libPortraitDistortionCorrection.arcsoft.so:libPortraitDistortionCorrectionCali.arcsoft.so:libface_landmark.arcsoft.so:libFacialStickerEngine.arcsoft.so:libveengine.arcsoft.so:liblow_light_hdr.arcsoft.so:libhigh_dynamic_range.arcsoft.so:libFacialAttributeDetection.arcsoft.so:libBeauty_v4.camera.samsung.so:libexifa.camera.samsung.so:libjpega.camera.samsung.so:libOpenCv.camera.samsung.so:libImageScreener.camera.samsung.so:libMyFilter.camera.samsung.so:libtensorflowLite.myfilter.camera.samsung.so:libtensorflowlite_inference_api.myfilter.camera.samsung.so:libEventFinder.camera.samsung.so:libHIDTSnapJNI.camera.samsung.so:libSmartScan.camera.samsung.so:libRectify.camera.samsung.so:libDocRectifyWrapper.camera.samsung.so:libUltraWideDistortionCorrection.camera.samsung.so:libHpr_RecGAE_cvFeature_v1.0.camera.samsung.so:libHprFace_GAE_api.camera.samsung.so:libFace_Landmark_API.camera.samsung.so:libHprFace_GAE_jni.camera.samsung.so:libFacialBasedSelfieCorrec
07-10 00:50:35.578  5674  7463 D PackageManager: setEnabledSetting : userId = 0 packageName = ru.yandex.weatherplugin cmp = androidx.work.impl.background.systemjob.SystemJobService newState = 1 callingPackage = 10343/ru.yandex.weatherplugin
07-10 00:50:35.580  5674  7463 D ApplicationPolicy: getApplicationStateEnabled : pkg = ru.yandex.weatherplugin userId : 0
07-10 00:50:35.582  5674  7463 D ApplicationPolicy: getApplicationComponentState : pkg = ru.yandex.weatherplugin userId : 0
07-10 00:50:35.608 17673 17673 D WidgetsWorkManager: scheduleRegularUpdateWidgetsFromNetwork()
07-10 00:50:35.618 17673 17673 D WidgetsWorkManager: scheduleRegularUpdateWidgetsFromCache()
07-10 00:50:35.643 17673 17673 D MetricaJob: Metrica tracking enabled: true
07-10 00:50:35.646 17749 17749 W ziparchive: Unable to open '/data/app/~~oH7fsuBWCP3jYXSHVGo-TQ==/ru.yandex.weatherplugin-4SPxCW6who4Yjr1VyLVoBA==/split_config.arm64_v8a.dm': No such file or directory
07-10 00:50:35.647 17749 17749 W ziparchive: Unable to open '/data/app/~~oH7fsuBWCP3jYXSHVGo-TQ==/ru.yandex.weatherplugin-4SPxCW6who4Yjr1VyLVoBA==/split_config.arm64_v8a.dm': No such file or directory
07-10 00:50:35.649 17749 17749 W rplugin:Metrica: Entry not found
07-10 00:50:35.659 17749 17749 W ziparchive: Unable to open '/data/app/~~oH7fsuBWCP3jYXSHVGo-TQ==/ru.yandex.weatherplugin-4SPxCW6who4Yjr1VyLVoBA==/split_config.xxhdpi.dm': No such file or directory
07-10 00:50:35.659 17749 17749 W ziparchive: Unable to open '/data/app/~~oH7fsuBWCP3jYXSHVGo-TQ==/ru.yandex.weatherplugin-4SPxCW6who4Yjr1VyLVoBA==/split_config.xxhdpi.dm': No such file or directory
07-10 00:50:35.661 17749 17749 W rplugin:Metrica: Entry not found
07-10 00:50:35.665 17749 17749 D nativeloader: Configuring classloader-namespace for other apk /data/app/~~oH7fsuBWCP3jYXSHVGo-TQ==/ru.yandex.weatherplugin-4SPxCW6who4Yjr1VyLVoBA==/base.apk:/data/app/~~oH7fsuBWCP3jYXSHVGo-TQ==/ru.yandex.weatherplugin-4SPxCW6who4Yjr1VyLVoBA==/split_config.arm64_v8a.apk:/data/app/~~oH7fsuBWCP3jYXSHVGo-TQ==/ru.yandex.weatherplugin-4SPxCW6who4Yjr1VyLVoBA==/split_config.xxhdpi.apk. target_sdk_version=33, uses_libraries=, library_path=/data/app/~~oH7fsuBWCP3jYXSHVGo-TQ==/ru.yandex.weatherplugin-4SPxCW6who4Yjr1VyLVoBA==/lib/arm64:/data/app/~~oH7fsuBWCP3jYXSHVGo-TQ==/ru.yandex.weatherplugin-4SPxCW6who4Yjr1VyLVoBA==/base.apk!/lib/arm64-v8a:/data/app/~~oH7fsuBWCP3jYXSHVGo-TQ==/ru.yandex.weatherplugin-4SPxCW6who4Yjr1VyLVoBA==/split_config.arm64_v8a.apk!/lib/arm64-v8a:/data/app/~~oH7fsuBWCP3jYXSHVGo-TQ==/ru.yandex.weatherplugin-4SPxCW6who4Yjr1VyLVoBA==/split_config.xxhdpi.apk!/lib/arm64-v8a, permitted_path=/data:/mnt/expand:/data/user/0/ru.yandex.weatherplugin
07-10 00:50:35.681 17749 17749 W rplugin:Metrica: JIT profile information will not be recorded: profile file does not exist.
07-10 00:50:35.681 17749 17749 W rplugin:Metrica: JIT profile information will not be recorded: profile file does not exist.
07-10 00:50:35.708 17673 17673 D CompatibilityChangeReporter: Compat change id reported: 194532703; UID 10343; state: ENABLED
07-10 00:50:35.717  5353  5543 V APM_AudioPolicyManager: setAppState(portId:1005, state:1)
07-10 00:50:35.719 17673 17689 W libc    : Access denied finding property "sys.perf.boostopt"
07-10 00:50:35.721 17673 17774 D CompatibilityChangeReporter: Compat change id reported: 160794467; UID 10343; state: ENABLED
07-10 00:50:35.735 17673 17673 D PushSdkInitializer: PushSdk initialized
07-10 00:50:35.751 17749 17749 V GraphicsEnvironment: ANGLE Developer option for 'ru.yandex.weatherplugin' set to: 'default'
07-10 00:50:35.762 17749 17749 V GraphicsEnvironment: ANGLE GameManagerService for ru.yandex.weatherplugin: false
07-10 00:50:35.763 17749 17749 V GraphicsEnvironment: Neither updatable production driver nor prerelease driver is supported.
07-10 00:50:35.773 17749 17749 D NetworkSecurityConfig: Using Network Security Config from resource network_security_config debugBuild: false
07-10 00:50:35.786 17673 17737 I AppMetrica: Activate AppMetrica with APIKey 2bc91ad6-xxxx-xxxx-xxxx-xxxxxxxx4c2e
07-10 00:50:35.787 17673 17737 I AppMetrica: Activate reporter with APIKey 0e5e9c33-xxxx-xxxx-xxxx-xxxxxxxx3f72
07-10 00:50:35.795 17673 17786 D ConfigLoader: Start loading flags
07-10 00:50:35.809 17749 17749 D NetworkSecurityConfig: Using Network Security Config from resource network_security_config debugBuild: false
07-10 00:50:35.842  5674  6213 D NetdEventListenerService: DNS Requested by : 118, 10343
07-10 00:50:35.842 17673 17786 D TrafficStats: tagSocket(101) with statsTag=0xffffffff, statsUid=-1
07-10 00:50:35.858 17673 17673 I [SL:BaseSearchLibImpl]: SL version: 6025000
07-10 00:50:35.915  5674  7463 D PackageManager: setEnabledSetting : userId = 0 packageName = ru.yandex.weatherplugin cmp = ru.yandex.searchlib.widget.ext.WidgetExt newState = 2 callingPackage = 10343/ru.yandex.weatherplugin
07-10 00:50:35.971 17673 17673 W YandexAds: [Integration] Please use Activity context for mediation ads. Several mediation adapters will not work without activity context.
07-10 00:50:35.973 17673 17737 I AppMetrica: Activate reporter with APIKey 478cb909-xxxx-xxxx-xxxx-xxxxxxxx9f93
07-10 00:50:36.015 17673 17673 D WeatherAppWidgetProvBas: onReceive()
07-10 00:50:36.017 17673 17673 D WeatherAppWidgetProvBas: onUpdate()
07-10 00:50:36.026 17673 17673 D WeatherAppWidgetProvBas: updateWidgetsFromCacheInstant()
07-10 00:50:36.027 17673 17673 D WidgetsWorkManager: updateWidgetsFromCacheInstant()
07-10 00:50:36.167 17749 17830 D CompatibilityChangeReporter: Compat change id reported: 183155436; UID 10343; state: ENABLED
07-10 00:50:36.177 17749 17830 I AppMetrica: Initializing of Metrica, Release type, Version 5.0.0, API Level 105, Dated 19.05.2022.
07-10 00:50:36.211 17673 17807 E x.weatherplugin: Invalid ID 0x00000000.
07-10 00:50:36.281 17749 17832 W rplugin:Metrica: Method void com.yandex.metrica.impl.ob.Vi.a(android.os.Bundle) failed lock verification and will run slower.
07-10 00:50:36.281 17749 17832 W rplugin:Metrica: Common causes for lock verification issues are non-optimized dex code
07-10 00:50:36.281 17749 17832 W rplugin:Metrica: and incorrect proguard optimizations.
07-10 00:50:36.299 17749 17830 I AppMetrica: Activate reporter with APIKey 20799a27-xxxx-xxxx-xxxx-xxxxxxxx4180
07-10 00:50:36.316 17673 17764 I FA      : App measurement initialized, version: 80006
07-10 00:50:36.316 17673 17764 I FA      : To enable debug logging run: adb shell setprop log.tag.FA VERBOSE
07-10 00:50:36.316 17673 17764 I FA      : To enable faster debug mode event logging run:
07-10 00:50:36.316 17673 17764 I FA      :   adb shell setprop debug.firebase.analytics.app ru.yandex.weatherplugin
07-10 00:50:36.405 29789 29789 D BoundBrokerSvc: onBind: Intent { act=com.google.android.gms.appset.service.START dat=chimera-action:/... cmp=com.google.android.gms/.chimera.GmsApiService }
07-10 00:50:36.406 29789 29789 D BoundBrokerSvc: Loading bound service for intent: Intent { act=com.google.android.gms.appset.service.START dat=chimera-action:/... cmp=com.google.android.gms/.chimera.GmsApiService }
07-10 00:50:36.561 17673 17786 D UaasExperimentLoader: Start loading flags
07-10 00:50:36.568 17673 17786 D UaasExperimentLoader: lastExperimentUpdate: 1688939816835
07-10 00:50:36.581 29789 29789 D BoundBrokerSvc: onBind: Intent { act=com.google.android.gms.measurement.START pkg=com.google.android.gms }
07-10 00:50:36.581 29789 29789 D BoundBrokerSvc: Loading bound service for intent: Intent { act=com.google.android.gms.measurement.START pkg=com.google.android.gms }
07-10 00:50:36.685 17673 17786 D ExperimentController: loadExperimentByChainInternal: Updated successfully
07-10 00:50:36.710 17749 17798 D CompatibilityChangeReporter: Compat change id reported: 194532703; UID 10343; state: ENABLED
07-10 00:50:36.723 17749 17829 D CompatibilityChangeReporter: Compat change id reported: 147600208; UID 10343; state: ENABLED
07-10 00:50:36.725  5674  5745 W libprocessgroup: Failed to open /dev/blkio//cgroup.procs: No such file or directory
07-10 00:50:36.725 17749 17762 W libc    : Access denied finding property "sys.perf.boostopt"
07-10 00:50:36.725  5262  5262 E audit   : type=1400 audit(1688943036.721:69520): avc:  denied  { read } for  pid=17749 comm="binder:17749_2" name="u:object_r:perf_prop:s0" dev="tmpfs" ino=10663 scontext=u:r:untrusted_app:s0:c87,c257,c512,c768 tcontext=u:object_r:perf_prop:s0 tclass=file permissive=0 SEPF_SM-A515F_13_0001 audit_filtered
07-10 00:50:36.725  5262  5262 E audit   : type=1300 audit(1688943036.721:69520): arch=c00000b7 syscall=56 success=no exit=-13 a0=ffffff9c a1=7b7d34c2f8 a2=88000 a3=0 items=0 ppid=5287 pid=17749 auid=4294967295 uid=10343 gid=10343 euid=10343 suid=10343 fsuid=10343 egid=10343 sgid=10343 fsgid=10343 tty=(none) ses=4294967295 comm="binder:17749_2" exe="/system/bin/app_process64" subj=u:r:untrusted_app:s0:c87,c257,c512,c768 key=(null)
07-10 00:50:36.725  5262  5262 E audit   : type=1327 audit(1688943036.721:69520): proctitle="ru.yandex.weatherplugin:Metrica"
07-10 00:50:36.733  5674  5745 W libprocessgroup: Failed to open /dev/blkio//cgroup.procs: No such file or directory
07-10 00:50:36.788 17749 17849 D TrafficStats: tagSocket(110) with statsTag=0xffffffff, statsUid=-1
07-10 00:50:36.792 17749 17809 I AppMetrica-Attribution: Choosing distribution data: ClidsInfo(chosen=Candidate(clids=null, source=APP), candidates=[Candidate(clids=null, source=APP)])
07-10 00:50:37.194 17749 17848 D TrafficStats: tagSocket(114) with statsTag=0xffffffff, statsUid=-1
07-10 00:50:37.428 17597 17637 I WidgetProvider: updateWidget all widgets
07-10 00:50:38.326  5674  7726 D SemWifiUsabilityStatsMonitor: onWifiUsabilityStats - seqNum 21240, isSameBssidAndFreq true
07-10 00:50:38.328  5674  6183 D WifiConnectivityMonitor: called startWcmPoll but already Ongoing
07-10 00:50:38.328  5674  6183 D SemWifiRssiBasePoller: RSSI_BASE_STOP
07-10 00:50:38.328  5674  6128 I SemWifiLinkQualityMonitor: Link Qos Query: 0.034 ms / 233.333 Mbps (325 / 0.000 / 1.393)
07-10 00:50:38.577 17673 17673 D WidgetDisplayer: showWeatherCaches: weatherCaches.size = 2
07-10 00:50:38.588 17673 17673 D WidgetDisplayer: showWeatherCaches: widgets.size = 1
07-10 00:50:38.589 17673 17673 D WidgetDisplayer: showWeatherCaches: created ui updater for widget ScreenWidget[id=13,locationId=-1,locationData=LocationData [id=-1; latitude=0.0; longitude=0.0; name=; shortName=; kind=]]
07-10 00:50:38.590 17673 17673 I ScreenWidgetUiUpdaterBa: updateWithData() ScreenWidgetUiUpdaterBase begin
07-10 00:50:38.607 17673 17673 I ScreenWidgetUiUpdaterBa: setTheme() BaseHorizontalWidgetUpdater begin
07-10 00:50:38.610 17673 17673 I ScreenWidgetUiUpdaterBa: setTheme() ScreenWidgetUiUpdaterBase end
07-10 00:50:38.625 17673 17673 D WWidget : isDefaultLauncher launcher = com.sec.android.app.launcher
07-10 00:50:38.684 17673 17673 I ScreenWidgetUiUpdaterBa: updateWithData() ScreenWidgetUiUpdaterBase end
07-10 00:50:38.685 17673 17673 D Now time: Remote: 1688939821
07-10 00:50:38.775 17673 17673 I AppWidgetManager: updateAppWidget() appWidgetIds = [13]
07-10 00:50:38.793 17673 17673 D WidgetDisplayer: showWeatherCaches: widgets.size = 1
07-10 00:50:38.795 17673 17673 D WidgetDisplayer: showWeatherCaches: created ui updater for widget ScreenWidget[id=13,locationId=-1,locationData=LocationData [id=-1; latitude=0.0; longitude=0.0; name=; shortName=; kind=]]
07-10 00:50:38.796 17673 17673 I ScreenWidgetUiUpdaterBa: updateWithData() ScreenWidgetUiUpdaterBase begin
07-10 00:50:38.800 17673 17673 I ScreenWidgetUiUpdaterBa: setTheme() BaseHorizontalWidgetUpdater begin
07-10 00:50:38.804 17673 17673 I ScreenWidgetUiUpdaterBa: setTheme() ScreenWidgetUiUpdaterBase end
07-10 00:50:38.815 17673 17673 D WWidget : isDefaultLauncher launcher = com.sec.android.app.launcher
07-10 00:50:38.836 17673 17673 I ScreenWidgetUiUpdaterBa: updateWithData() ScreenWidgetUiUpdaterBase end
07-10 00:50:38.837 17673 17673 D Now time: Remote: 1688939821
07-10 00:50:38.898 17673 17673 I AppWidgetManager: updateAppWidget() appWidgetIds = [13]
07-10 00:50:38.924  5674  5745 W libprocessgroup: Failed to open /dev/blkio//cgroup.procs: No such file or directory
07-10 00:50:38.924 17597 17597 I WidgetProvider: onReceive received:UPDATE_WIDGET
07-10 00:50:38.925  5353  5543 V APM_AudioPolicyManager: setAppState(portId:1005, state:1)
07-10 00:50:38.926  5674  5745 W libprocessgroup: Failed to open /dev/blkio//cgroup.procs: No such file or directory
07-10 00:50:38.928  5674  5745 W libprocessgroup: Failed to open /dev/blkio//cgroup.procs: No such file or directory
07-10 00:50:38.935  5674  7126 D PackageManager: setEnabledSetting : userId = 0 packageName = com.microsoft.todos cmp = androidx.work.impl.background.systemalarm.RescheduleReceiver newState = 1 callingPackage = 10016/com.microsoft.todos
07-10 00:50:38.937  5674  7126 D ApplicationPolicy: getApplicationStateEnabled : pkg = com.microsoft.todos userId : 0
07-10 00:50:38.938 17673 17736 I YandexAds: [Integration] Yandex Mobile Ads 5.8.0 initialized successfully
07-10 00:50:38.938  5674  7126 D ApplicationPolicy: getApplicationComponentState : pkg = com.microsoft.todos userId : 0
07-10 00:50:38.948 17673 17807 E x.weatherplugin: Invalid ID 0x00000000.
07-10 00:50:38.949  5262  5262 E audit   : type=1400 audit(1688943038.945:69521): avc:  denied  { read } for  pid=17749 comm="binder:17749_2" name="u:object_r:perf_prop:s0" dev="tmpfs" ino=10663 scontext=u:r:untrusted_app:s0:c87,c257,c512,c768 tcontext=u:object_r:perf_prop:s0 tclass=file permissive=0 SEPF_SM-A515F_13_0001 audit_filtered
07-10 00:50:38.950  5262  5262 E audit   : type=1300 audit(1688943038.945:69521): arch=c00000b7 syscall=56 success=no exit=-13 a0=ffffff9c a1=7b7d34c2f8 a2=88000 a3=0 items=0 ppid=5287 pid=17749 auid=4294967295 uid=10343 gid=10343 euid=10343 suid=10343 fsuid=10343 egid=10343 sgid=10343 fsgid=10343 tty=(none) ses=4294967295 comm="binder:17749_2" exe="/system/bin/app_process64" subj=u:r:untrusted_app:s0:c87,c257,c512,c768 key=(null)
07-10 00:50:38.950  5262  5262 E audit   : type=1327 audit(1688943038.945:69521): proctitle="ru.yandex.weatherplugin:Metrica"
07-10 00:50:38.950 17749 17762 W libc    : Access denied finding property "sys.perf.boostopt"
07-10 00:50:38.964 17673 17673 D WeatherApplication: initAds(): MobileAds initialized
07-10 00:50:38.969 17597 17597 I WidgetProvider: onReceive received:UPDATE_WIDGET
07-10 00:50:38.971 17749 17809 I AppMetrica-Attribution: Choosing distribution data: ClidsInfo(chosen=Candidate(clids=null, source=APP), candidates=[Candidate(clids=null, source=APP)])
07-10 00:50:38.980 17597 17597 I WidgetProvider: onReceive received:UPDATE_WIDGET
07-10 00:50:38.982 17749 17809 I AppMetrica-Attribution: Choosing distribution data: ClidsInfo(chosen=Candidate(clids=null, source=APP), candidates=[Candidate(clids=null, source=APP)])
07-10 00:50:38.992  9837 10033 I SemDvfsHyPerManager: acquire hyper - SIOP_ARM_MAX/9837@2, type = 301993986
07-10 00:50:38.992  5313  5394 I HYPER-HAL: [RequestManager.cpp]acquire(): Acquired ID : 48407882  [9837 / 2]    HINT :      list : [CPUMaxFreq / 2080000]
07-10 00:50:38.998  5353  5543 V APM_AudioPolicyManager: setAppState(portId:1005, state:1)
07-10 00:50:39.054 17749 17809 I AppMetrica-Attribution: Choosing distribution data: ClidsInfo(chosen=Candidate(clids=null, source=APP), candidates=[Candidate(clids=null, source=APP)])
07-10 00:50:39.056  5674  5745 W libprocessgroup: Failed to open /dev/blkio//cgroup.procs: No such file or directory
07-10 00:50:39.058  5353  5543 V APM_AudioPolicyManager: setAppState(portId:1005, state:1)
07-10 00:50:39.094  5353  5543 V APM_AudioPolicyManager: setAppState(portId:1005, state:1)
07-10 00:50:39.107  5353  5543 V APM_AudioPolicyManager: setAppState(portId:1005, state:1)
07-10 00:50:39.108  5674  6593 D PackageManager: setEnabledSetting : userId = 0 packageName = com.microsoft.todos cmp = androidx.work.impl.background.systemalarm.RescheduleReceiver newState = 1 callingPackage = 10016/com.microsoft.todos
07-10 00:50:39.110  5674  6593 D ApplicationPolicy: getApplicationStateEnabled : pkg = com.microsoft.todos userId : 0
07-10 00:50:39.112  5674  6593 D ApplicationPolicy: getApplicationComponentState : pkg = com.microsoft.todos userId : 0
07-10 00:50:39.117  5353  5543 V APM_AudioPolicyManager: setAppState(portId:1005, state:1)
07-10 00:50:39.132  5674  5745 W libprocessgroup: Failed to open /dev/blkio//cgroup.procs: No such file or directory
07-10 00:50:39.133  5353  5543 V APM_AudioPolicyManager: setAppState(portId:1005, state:1)
07-10 00:50:39.154  5353  5543 V APM_AudioPolicyManager: setAppState(portId:1005, state:1)
07-10 00:50:39.161  5674  7463 D PackageManager: setEnabledSetting : userId = 0 packageName = com.microsoft.todos cmp = androidx.work.impl.background.systemalarm.RescheduleReceiver newState = 1 callingPackage = 10016/com.microsoft.todos
07-10 00:50:39.162  5674  7463 D ApplicationPolicy: getApplicationStateEnabled : pkg = com.microsoft.todos userId : 0
07-10 00:50:39.163  5674  7463 D ApplicationPolicy: getApplicationComponentState : pkg = com.microsoft.todos userId : 0
07-10 00:50:39.167  5353  5543 V APM_AudioPolicyManager: setAppState(portId:1005, state:1)
07-10 00:50:39.184  5674  5745 W libprocessgroup: Failed to open /dev/blkio//cgroup.procs: No such file or directory
07-10 00:50:39.188  5353  5543 V APM_AudioPolicyManager: setAppState(portId:1005, state:1)
07-10 00:50:39.192 17749 17809 I AppMetrica-Attribution: Choosing distribution data: ClidsInfo(chosen=Candidate(clids=null, source=APP), candidates=[Candidate(clids=null, source=APP)])
07-10 00:50:39.230 17597 17697 I AppWidgetManager: updateAppWidget() appWidgetIds = [20]
07-10 00:50:39.231 17597 17697 I AppWidgetManager: notifyAppWidgetViewDataChanged() appWidgetIds = [20], viewId = 2131296272
07-10 00:50:39.245  5353  5543 V APM_AudioPolicyManager: setAppState(portId:1005, state:1)
07-10 00:50:39.248  5353  5543 V APM_AudioPolicyManager: setAppState(portId:1005, state:1)
07-10 00:50:39.264 17749 17809 I AppMetrica-Attribution: Choosing distribution data: ClidsInfo(chosen=Candidate(clids=null, source=APP), candidates=[Candidate(clids=null, source=APP)])
07-10 00:50:39.291 17749 17809 I AppMetrica-Attribution: Choosing distribution data: ClidsInfo(chosen=Candidate(clids=null, source=APP), candidates=[Candidate(clids=null, source=APP)])
07-10 00:50:39.333 17749 17809 I AppMetrica-Attribution: Choosing distribution data: ClidsInfo(chosen=Candidate(clids=null, source=APP), candidates=[Candidate(clids=null, source=APP)])
07-10 00:50:39.383 17749 17809 I AppMetrica-Attribution: Choosing distribution data: ClidsInfo(chosen=Candidate(clids=null, source=APP), candidates=[Candidate(clids=null, source=APP)])
07-10 00:50:39.499 17749 17862 I AppMetrica-Attribution: Choosing distribution data: ClidsInfo(chosen=Candidate(clids=null, source=APP), candidates=[Candidate(clids=null, source=APP)])
07-10 00:50:39.579 17749 17821 D TrafficStats: tagSocket(122) with statsTag=0xffffffff, statsUid=-1
07-10 00:50:39.581  5674  6213 D NetdEventListenerService: DNS Requested by : 118, 10343
07-10 00:50:40.546 17749 17759 W System  : A resource failed to call close.
07-10 00:50:41.380  5674  7726 D SemWifiUsabilityStatsMonitor: onWifiUsabilityStats - seqNum 21241, isSameBssidAndFreq true
07-10 00:50:41.383  5674  6128 I SemWifiLinkQualityMonitor: Link Qos Query: 0.037 ms / 216.667 Mbps (325 / 0.000 / 1.500)
07-10 00:50:41.580 16924 16924 D BoundBrokerSvc: onUnbind: Intent { act=com.google.android.gms.phenotype.service.START dat=chimera-action:/... cmp=com.google.android.gms/.chimera.PersistentApiService }
07-10 00:50:41.738 16924 16924 D BoundBrokerSvc: onBind: Intent { act=com.google.android.gms.common.telemetry.service.START dat=chimera-action:/... cmp=com.google.android.gms/.chimera.PersistentApiService }
07-10 00:50:41.739 16924 16924 D BoundBrokerSvc: Loading bound service for intent: Intent { act=com.google.android.gms.common.telemetry.service.START dat=chimera-action:/... cmp=com.google.android.gms/.chimera.PersistentApiService }
07-10 00:50:41.859 16924 15712 I PhenotypeProcessReaper: Memory state is: 125
07-10 00:50:41.947  5353  5543 V APM_AudioPolicyManager: setAppState(portId:1005, state:1)
07-10 00:50:41.952 16924 16924 D BoundBrokerSvc: onUnbind: Intent { act=com.google.android.gms.auth.account.workaccount.START dat=chimera-action:/... cmp=com.google.android.gms/.chimera.PersistentApiService }
07-10 00:50:41.961  5353  5543 V APM_AudioPolicyManager: setAppState(portId:1005, state:1)
07-10 00:50:42.061  5674  5690 I system_server: Background young concurrent copying GC freed 176224(7641KB) AllocSpace objects, 21(936KB) LOS objects, 6% free, 117MB/126MB, paused 475us,395us total 101.317ms
07-10 00:50:42.062 17597 17613 W libc    : Access denied finding property "sys.perf.boostopt"
07-10 00:50:42.062  5262  5262 E audit   : type=1400 audit(1688943042.061:69522): avc:  denied  { read } for  pid=17597 comm="binder:17597_2" name="u:object_r:perf_prop:s0" dev="tmpfs" ino=10663 scontext=u:r:untrusted_app:s0:c16,c256,c512,c768 tcontext=u:object_r:perf_prop:s0 tclass=file permissive=0 SEPF_SM-A515F_13_0001 audit_filtered
07-10 00:50:42.062  5353  5543 V APM_AudioPolicyManager: setAppState(portId:1005, state:1)
07-10 00:50:42.062  5262  5262 E audit   : type=1300 audit(1688943042.061:69522): arch=c00000b7 syscall=56 success=no exit=-13 a0=ffffff9c a1=7b7d3792f8 a2=88000 a3=0 items=0 ppid=5287 pid=17597 auid=4294967295 uid=10016 gid=10016 euid=10016 suid=10016 fsuid=10016 egid=10016 sgid=10016 fsgid=10016 tty=(none) ses=4294967295 comm="binder:17597_2" exe="/system/bin/app_process64" subj=u:r:untrusted_app:s0:c16,c256,c512,c768 key=(null)
07-10 00:50:42.062  5262  5262 E audit   : type=1327 audit(1688943042.061:69522): proctitle="com.microsoft.todos"
07-10 00:50:42.064 17749 17852 W libc    : Access denied finding property "sys.perf.boostopt"
07-10 00:50:42.065 17673 17689 W libc    : Access denied finding property "sys.perf.boostopt"
07-10 00:50:42.066  5262  5262 E audit   : type=1400 audit(1688943042.061:69523): avc:  denied  { read } for  pid=17749 comm="binder:17749_4" name="u:object_r:perf_prop:s0" dev="tmpfs" ino=10663 scontext=u:r:untrusted_app:s0:c87,c257,c512,c768 tcontext=u:object_r:perf_prop:s0 tclass=file permissive=0 SEPF_SM-A515F_13_0001 audit_filtered
07-10 00:50:42.066  5262  5262 E audit   : type=1300 audit(1688943042.061:69523): arch=c00000b7 syscall=56 success=no exit=-13 a0=ffffff9c a1=7b016672f8 a2=88000 a3=0 items=0 ppid=5287 pid=17749 auid=4294967295 uid=10343 gid=10343 euid=10343 suid=10343 fsuid=10343 egid=10343 sgid=10343 fsgid=10343 tty=(none) ses=4294967295 comm="binder:17749_4" exe="/system/bin/app_process64" subj=u:r:untrusted_app:s0:c87,c257,c512,c768 key=(null)
07-10 00:50:42.066  5262  5262 E audit   : type=1327 audit(1688943042.061:69523): proctitle="ru.yandex.weatherplugin:Metrica"
07-10 00:50:42.077  5353  5543 V APM_AudioPolicyManager: setAppState(portId:1005, state:1)
07-10 00:50:42.929 17673 17874 D WidgetsWorkManager: updateWidgetsFromCache()
07-10 00:50:42.949  5674  9952 D PackageManager: setEnabledSetting : userId = 0 packageName = ru.yandex.weatherplugin cmp = androidx.work.impl.background.systemalarm.RescheduleReceiver newState = 1 callingPackage = 10343/ru.yandex.weatherplugin
07-10 00:50:42.951  5674  9952 D ApplicationPolicy: getApplicationStateEnabled : pkg = ru.yandex.weatherplugin userId : 0
07-10 00:50:42.953  5674  9952 D ApplicationPolicy: getApplicationComponentState : pkg = ru.yandex.weatherplugin userId : 0
07-10 00:50:42.971  5353  5543 V APM_AudioPolicyManager: setAppState(portId:1005, state:1)
07-10 00:50:42.971  5674  5745 W libprocessgroup: Failed to open /dev/blkio//cgroup.procs: No such file or directory
07-10 00:50:42.974  5674  5745 W libprocessgroup: Failed to open /dev/blkio//cgroup.procs: No such file or directory
07-10 00:50:42.977  5674  5745 W libprocessgroup: Failed to open /dev/blkio//cgroup.procs: No such file or directory
07-10 00:50:44.415  5674  7726 D SemWifiUsabilityStatsMonitor: onWifiUsabilityStats - seqNum 21242, isSameBssidAndFreq true
07-10 00:50:44.416  5674  6055 D ConnectivityService: notifyType CALLBACK_CAP_CHANGED for [118 WIFI]
07-10 00:50:44.418  5674  6128 I SemWifiLinkQualityMonitor: Link Qos Query: 0.037 ms / 216.667 Mbps (325 / 0.000 / 1.500)
07-10 00:50:44.418  6461  6461 D NetworkController.WifiSignalController: notifyListener: visible=true, connected=true, inetCondition=1, isDefault=true, wifiTestReported=true, receivedInetCondition=-1, hideDuringMobileSwitching=false
07-10 00:50:44.419  5674  6086 D SemWifiSwitchForIndividualAppsService: stopTCPMonitoring : already stopped
07-10 00:50:44.420  5674  6086 I WifiConnectivityMonitor.NCC: sNetworkCallback(oCC) FULL : 118(true/false)[ Transports: WIFI Capabilities: NOT_METERED&INTERNET&NOT_RESTRICTED&TRUSTED&NOT_VPN&VALIDATED&NOT_ROAMING&FOREGROUND&NOT_CONGESTED&NOT_SUSPENDED&NOT_VCN_MANAGED LinkUpBandwidth>=15762Kbps LinkDnBandwidth>=38308Kbps TransportInfo: <SSID: <unknown ssid>, BSSID: 02:00:00:**:**:00, MAC: 02:00:00:**:**:00, IP: /192.168.1.19, Security type: 2, Supplicant state: COMPLETED, Wi-Fi standard: 5, RSSI: -64, Link speed: 325Mbps, Tx Link speed: 325Mbps, Max Supported Tx Link speed: 433Mbps, Rx Link speed: 6Mbps, Max Supported Rx Link speed: 433Mbps, Frequency: 5180MHz, Net ID: -1, Metered hint: false, score: 60, isUsable: true, CarrierMerged: false, SubscriptionId: -1, IsPrimary: 1, Trusted: true, Restricted: false, Ephemeral: false, OEM paid: false, OEM private: false, OSU AP: false, FQDN: <none>, Provider friendly name: <none>, Requesting package name: <none><none>MLO Information: , AP MLD Address: <none>, AP MLO Link Id: <none>, AP MLO Affiliated links: <none>> SignalStrength: -64 AdminUids: [1000] SSID: "Talija" UnderlyingNetworks: Null]
07-10 00:50:44.423  5674  6164 I WifiConnectivityMonitor: current mode : 1
07-10 00:50:44.423  5674  6164 D OpenNetworkQos[4.00]: updateBssidNoInternet: mBssidNoInternet = false
07-10 00:50:44.423  5674  6164 D OpenNetworkQos[4.00]: getOpenNetworkQosNoInternetStatus: false
07-10 00:50:44.423  5674  6164 D OpenNetworkQos[4.00]: getOpenNetworkQosScores: 26 26 26
07-10 00:50:44.424  5674  6164 I WifiProfileShare: network QoS data was changed (internet), updateQoSData networkType: true, qosData: false
07-10 00:50:44.425  5674  7451 V WifiProfileShare.Caster: update wips network, size: 0
07-10 00:50:44.425  5674  7451 D WifiProfileShare: nearby scanning settings run
