07-10 01:10:32.330 22458 22458 D nativeloader: Configuring classloader-namespace-shared for other apk /system/system_ext/priv-app/GoogleServicesFramework/GoogleServicesFramework.apk. target_sdk_version=33, uses_libraries=, library_path=/system/system_ext/priv-app/GoogleServicesFramework/lib/arm64:/system/system_ext/priv-app/GoogleServicesFramework/GoogleServicesFramework.apk!/lib/arm64-v8a:/system/lib64:/system/system_ext/lib64, permitted_path=/data:/mnt/expand:/data/user/0/com.google.android.gsf:/system/system_ext/priv-app/GoogleServicesFramework:/system/lib64:/system/system_ext/lib64
07-10 01:10:32.352 29789 24698 I TetheringManager: registerTetheringEventCallback:com.google.android.gms
07-10 01:10:32.368 22458 22458 V GraphicsEnvironment: ANGLE Developer option for 'com.google.android.gsf' set to: 'default'
07-10 01:10:32.369 22458 22458 V GraphicsEnvironment: ANGLE GameManagerService for com.google.android.gsf: false
07-10 01:10:32.369 22458 22458 V GraphicsEnvironment: Neither updatable production driver nor prerelease driver is supported.
07-10 01:10:32.374 22458 22458 D NetworkSecurityConfig: No Network Security Config specified, using platform default
07-10 01:10:32.377 22458 22458 D NetworkSecurityConfig: No Network Security Config specified, using platform default
07-10 01:10:32.435  5674  5745 W libprocessgroup: Failed to open /dev/blkio//cgroup.procs: No such file or directory
07-10 01:10:32.442 22458 22458 I GoogleHttpClient: GMS http client unavailable, use old client
07-10 01:10:32.465  5287  5287 D Zygote  : Forked child process 22479
07-10 01:10:32.517 22479 22479 I id.gms.unstable: Using CollectorTypeCC GC.
07-10 01:10:32.525 22479 22479 E id.gms.unstable: Not starting debugger since process cannot load the jdwp agent.
07-10 01:10:32.539 22479 22479 W libc    : Access denied finding property "sys.perf.boostopt"
07-10 01:10:32.540 22479 22491 W libc    : Access denied finding property "sys.perf.boostopt"
07-10 01:10:32.545 22479 22479 D ActivityThread: setConscryptValidator
07-10 01:10:32.545 22479 22479 D ActivityThread: setConscryptValidator - put
07-10 01:10:32.550 31102 31102 I Finsky  : [2] prz.f(8): HC: Probe [u50CvjFgI4N8BK_7VI5wqgrBLx4XC93qbnmKX3YNI1k] for hygiene pass
07-10 01:10:32.563 22479 22492 W libc    : Access denied finding property "sys.perf.boostopt"
07-10 01:10:32.567 22479 22479 D CompatibilityChangeReporter: Compat change id reported: 171979766; UID 10226; state: ENABLED
07-10 01:10:32.649 22479 22479 D nativeloader: Configuring classloader-namespace for other apk /system/framework/org.apache.http.legacy.jar. target_sdk_version=33, uses_libraries=ALL, library_path=/data/app/~~e8ouw1akU6W2gQxV1EBpmQ==/com.google.android.gms-hGaGeUGENve9dqYnT27Igw==/lib/arm64:/data/app/~~e8ouw1akU6W2gQxV1EBpmQ==/com.google.android.gms-hGaGeUGENve9dqYnT27Igw==/base.apk!/lib/arm64-v8a, permitted_path=/data:/mnt/expand:/data/user/0/com.google.android.gms
07-10 01:10:32.649 22479 22479 D nativeloader: Extending system_exposed_libraries: libhumantracking.arcsoft.so:libPortraitDistortionCorrection.arcsoft.so:libPortraitDistortionCorrectionCali.arcsoft.so:libface_landmark.arcsoft.so:libFacialStickerEngine.arcsoft.so:libveengine.arcsoft.so:liblow_light_hdr.arcsoft.so:libhigh_dynamic_range.arcsoft.so:libFacialAttributeDetection.arcsoft.so:libBeauty_v4.camera.samsung.so:libexifa.camera.samsung.so:libjpega.camera.samsung.so:libOpenCv.camera.samsung.so:libImageScreener.camera.samsung.so:libMyFilter.camera.samsung.so:libtensorflowLite.myfilter.camera.samsung.so:libtensorflowlite_inference_api.myfilter.camera.samsung.so:libEventFinder.camera.samsung.so:libHIDTSnapJNI.camera.samsung.so:libSmartScan.camera.samsung.so:libRectify.camera.samsung.so:libDocRectifyWrapper.camera.samsung.so:libUltraWideDistortionCorrection.camera.samsung.so:libHpr_RecGAE_cvFeature_v1.0.camera.samsung.so:libHprFace_GAE_api.camera.samsung.so:libFace_Landmark_API.camera.samsung.so:libHprFace_GAE_jni.camera.samsung.so:libFacialBasedSelfieCorrec
07-10 01:10:32.698 22479 22479 D nativeloader: Configuring classloader-namespace for other apk /system/framework/com.android.media.remotedisplay.jar. target_sdk_version=33, uses_libraries=ALL, library_path=/data/app/~~e8ouw1akU6W2gQxV1EBpmQ==/com.google.android.gms-hGaGeUGENve9dqYnT27Igw==/lib/arm64:/data/app/~~e8ouw1akU6W2gQxV1EBpmQ==/com.google.android.gms-hGaGeUGENve9dqYnT27Igw==/base.apk!/lib/arm64-v8a, permitted_path=/data:/mnt/expand:/data/user/0/com.google.android.gms
07-10 01:10:32.698 22479 22479 D nativeloader: Extending system_exposed_libraries: libhumantracking.arcsoft.so:libPortraitDistortionCorrection.arcsoft.so:libPortraitDistortionCorrectionCali.arcsoft.so:libface_landmark.arcsoft.so:libFacialStickerEngine.arcsoft.so:libveengine.arcsoft.so:liblow_light_hdr.arcsoft.so:libhigh_dynamic_range.arcsoft.so:libFacialAttributeDetection.arcsoft.so:libBeauty_v4.camera.samsung.so:libexifa.camera.samsung.so:libjpega.camera.samsung.so:libOpenCv.camera.samsung.so:libImageScreener.camera.samsung.so:libMyFilter.camera.samsung.so:libtensorflowLite.myfilter.camera.samsung.so:libtensorflowlite_inference_api.myfilter.camera.samsung.so:libEventFinder.camera.samsung.so:libHIDTSnapJNI.camera.samsung.so:libSmartScan.camera.samsung.so:libRectify.camera.samsung.so:libDocRectifyWrapper.camera.samsung.so:libUltraWideDistortionCorrection.camera.samsung.so:libHpr_RecGAE_cvFeature_v1.0.camera.samsung.so:libHprFace_GAE_api.camera.samsung.so:libFace_Landmark_API.camera.samsung.so:libHprFace_GAE_jni.camera.samsung.so:libFacialBasedSelfieCorrec
07-10 01:10:32.712 16924 16924 D BoundBrokerSvc: onBind: Intent { act=com.google.android.gms.auth.account.workaccount.START dat=chimera-action:/... cmp=com.google.android.gms/.chimera.PersistentApiService }
07-10 01:10:32.713 16924 16924 D BoundBrokerSvc: Loading bound service for intent: Intent { act=com.google.android.gms.auth.account.workaccount.START dat=chimera-action:/... cmp=com.google.android.gms/.chimera.PersistentApiService }
07-10 01:10:32.716 22479 22479 D nativeloader: Configuring classloader-namespace for other apk /system/framework/com.android.location.provider.jar. target_sdk_version=33, uses_libraries=ALL, library_path=/data/app/~~e8ouw1akU6W2gQxV1EBpmQ==/com.google.android.gms-hGaGeUGENve9dqYnT27Igw==/lib/arm64:/data/app/~~e8ouw1akU6W2gQxV1EBpmQ==/com.google.android.gms-hGaGeUGENve9dqYnT27Igw==/base.apk!/lib/arm64-v8a, permitted_path=/data:/mnt/expand:/data/user/0/com.google.android.gms
07-10 01:10:32.716 22479 22479 D nativeloader: Extending system_exposed_libraries: libhumantracking.arcsoft.so:libPortraitDistortionCorrection.arcsoft.so:libPortraitDistortionCorrectionCali.arcsoft.so:libface_landmark.arcsoft.so:libFacialStickerEngine.arcsoft.so:libveengine.arcsoft.so:liblow_light_hdr.arcsoft.so:libhigh_dynamic_range.arcsoft.so:libFacialAttributeDetection.arcsoft.so:libBeauty_v4.camera.samsung.so:libexifa.camera.samsung.so:libjpega.camera.samsung.so:libOpenCv.camera.samsung.so:libImageScreener.camera.samsung.so:libMyFilter.camera.samsung.so:libtensorflowLite.myfilter.camera.samsung.so:libtensorflowlite_inference_api.myfilter.camera.samsung.so:libEventFinder.camera.samsung.so:libHIDTSnapJNI.camera.samsung.so:libSmartScan.camera.samsung.so:libRectify.camera.samsung.so:libDocRectifyWrapper.camera.samsung.so:libUltraWideDistortionCorrection.camera.samsung.so:libHpr_RecGAE_cvFeature_v1.0.camera.samsung.so:libHprFace_GAE_api.camera.samsung.so:libFace_Landmark_API.camera.samsung.so:libHprFace_GAE_jni.camera.samsung.so:libFacialBasedSelfieCorrec
07-10 01:10:32.723 22479 22479 W ziparchive: Unable to open '/system_ext/framework/org.carconnectivity.android.digitalkey.timesync.dm': No such file or directory
07-10 01:10:32.723 22479 22479 W ziparchive: Unable to open '/system_ext/framework/org.carconnectivity.android.digitalkey.timesync.dm': No such file or directory
07-10 01:10:32.738 22479 22479 D nativeloader: Configuring classloader-namespace for other apk /system_ext/framework/org.carconnectivity.android.digitalkey.timesync.jar. target_sdk_version=33, uses_libraries=ALL, library_path=/data/app/~~e8ouw1akU6W2gQxV1EBpmQ==/com.google.android.gms-hGaGeUGENve9dqYnT27Igw==/lib/arm64:/data/app/~~e8ouw1akU6W2gQxV1EBpmQ==/com.google.android.gms-hGaGeUGENve9dqYnT27Igw==/base.apk!/lib/arm64-v8a, permitted_path=/data:/mnt/expand:/data/user/0/com.google.android.gms
07-10 01:10:32.738 22479 22479 D nativeloader: Extending system_exposed_libraries: libhumantracking.arcsoft.so:libPortraitDistortionCorrection.arcsoft.so:libPortraitDistortionCorrectionCali.arcsoft.so:libface_landmark.arcsoft.so:libFacialStickerEngine.arcsoft.so:libveengine.arcsoft.so:liblow_light_hdr.arcsoft.so:libhigh_dynamic_range.arcsoft.so:libFacialAttributeDetection.arcsoft.so:libBeauty_v4.camera.samsung.so:libexifa.camera.samsung.so:libjpega.camera.samsung.so:libOpenCv.camera.samsung.so:libImageScreener.camera.samsung.so:libMyFilter.camera.samsung.so:libtensorflowLite.myfilter.camera.samsung.so:libtensorflowlite_inference_api.myfilter.camera.samsung.so:libEventFinder.camera.samsung.so:libHIDTSnapJNI.camera.samsung.so:libSmartScan.camera.samsung.so:libRectify.camera.samsung.so:libDocRectifyWrapper.camera.samsung.so:libUltraWideDistortionCorrection.camera.samsung.so:libHpr_RecGAE_cvFeature_v1.0.camera.samsung.so:libHprFace_GAE_api.camera.samsung.so:libFace_Landmark_API.camera.samsung.so:libHprFace_GAE_jni.camera.samsung.so:libFacialBasedSelfieCorrec
07-10 01:10:32.784 22479 22479 D nativeloader: Configuring classloader-namespace for other apk /data/app/~~e8ouw1akU6W2gQxV1EBpmQ==/com.google.android.gms-hGaGeUGENve9dqYnT27Igw==/base.apk. target_sdk_version=33, uses_libraries=, library_path=/data/app/~~e8ouw1akU6W2gQxV1EBpmQ==/com.google.android.gms-hGaGeUGENve9dqYnT27Igw==/lib/arm64:/data/app/~~e8ouw1akU6W2gQxV1EBpmQ==/com.google.android.gms-hGaGeUGENve9dqYnT27Igw==/base.apk!/lib/arm64-v8a, permitted_path=/data:/mnt/expand:/data/user/0/com.google.android.gms
07-10 01:10:32.796 22479 22479 W id.gms.unstable: JIT profile information will not be recorded: profile file does not exist.
07-10 01:10:32.797 22479 22479 W id.gms.unstable: JIT profile information will not be recorded: profile file does not exist.
07-10 01:10:32.797 22479 22479 W id.gms.unstable: JIT profile information will not be recorded: profile file does not exist.
07-10 01:10:32.924  5674  6213 D NetdEventListenerService: DNS Requested by : 118, 10229
07-10 01:10:32.935 31102 31482 D TrafficStats: tagSocket(151) with statsTag=0x4be64f9b, statsUid=-1
07-10 01:10:32.945 22479 22479 V GraphicsEnvironment: ANGLE Developer option for 'com.google.android.gms' set to: 'default'
07-10 01:10:32.947 22479 22479 V GraphicsEnvironment: ANGLE GameManagerService for com.google.android.gms: false
07-10 01:10:32.947 22479 22479 V GraphicsEnvironment: Neither updatable production driver nor prerelease driver is supported.
07-10 01:10:32.961 22479 22479 D NetworkSecurityConfig: Using Network Security Config from resource network_security_config debugBuild: false
07-10 01:10:32.976 22479 22479 D NetworkSecurityConfig: Using Network Security Config from resource network_security_config debugBuild: false
07-10 01:10:33.432 22479 22479 W ProviderHelper: Unknown dynamite feature providerinstaller.dynamite
07-10 01:10:33.443 22479 22479 I DynamiteModule: Considering local module com.google.android.gms.providerinstaller.dynamite:1 and remote module com.google.android.gms.providerinstaller.dynamite:0
07-10 01:10:33.444 22479 22479 I DynamiteModule: Selected local version of com.google.android.gms.providerinstaller.dynamite
07-10 01:10:33.487 22479 22479 V NativeCrypto: Registering com/google/android/gms/org/conscrypt/NativeCrypto's 295 native methods...
07-10 01:10:33.567 31102 31383 I Finsky  : [147] mmu.a(41): [DeviceConfig] successfully updated device attribute payloads
07-10 01:10:33.571 31102 31102 I Finsky  : [2] zxq.b(2): Request device config token was successful when fetching experiments.
07-10 01:10:33.585 22479 22479 I ProviderInstaller: Installed default security provider GmsCore_OpenSSL
07-10 01:10:33.749  5674  5674 D SemWifiP2pGoPowerSave: GopsReceiver : received : com.samsung.intent.action.CHECK_SIOP_LEVEL
07-10 01:10:33.749  5674  5674 I SemWifiP2pGoPowerSave: siop_level = 0
07-10 01:10:33.750 22479 22517 I Watchcat: Started
07-10 01:10:33.750 31802 32077 I SystemBroadcastReceiver: [#CMH#] onReceive completed :  0
07-10 01:10:33.751 31802 31802 I PolicyManager: [#CMH#] onReceive action = EVENT_SIOP
07-10 01:10:33.759 22479 22479 W cwds    : Primes not initialized, returning default (no-op) Primes instance which will ignore all calls. Please call Primes.initialize(...) before using any Primes API.
07-10 01:10:33.759 22479 22479 W cwds    : djup: FULL
07-10 01:10:33.759 22479 22479 W cwds    : 	at d.I(:com.google.android.gms@232414044@23.24.14 (190400-544099984):0)
07-10 01:10:33.759 22479 22479 W cwds    : 	at cwds.a(:com.google.android.gms@232414044@23.24.14 (190400-544099984):2)
07-10 01:10:33.759 22479 22479 W cwds    : 	at com.google.android.gms.common.app.GmsApplication.onCreate(:com.google.android.gms@232414044@23.24.14 (190400-544099984):21)
07-10 01:10:33.759 22479 22479 W cwds    : 	at android.app.Instrumentation.callApplicationOnCreate(Instrumentation.java:1266)
07-10 01:10:33.759 22479 22479 W cwds    : 	at android.app.ActivityThread.handleBindApplication(ActivityThread.java:7614)
07-10 01:10:33.759 22479 22479 W cwds    : 	at android.app.ActivityThread.-$$Nest$mhandleBindApplication(Unknown Source:0)
07-10 01:10:33.759 22479 22479 W cwds    : 	at android.app.ActivityThread$H.handleMessage(ActivityThread.java:2400)
07-10 01:10:33.759 22479 22479 W cwds    : 	at android.os.Handler.dispatchMessage(Handler.java:106)
07-10 01:10:33.759 22479 22479 W cwds    : 	at android.os.Looper.loopOnce(Looper.java:226)
07-10 01:10:33.759 22479 22479 W cwds    : 	at android.os.Looper.loop(Looper.java:313)
07-10 01:10:33.759 22479 22479 W cwds    : 	at android.app.ActivityThread.main(ActivityThread.java:8757)
07-10 01:10:33.759 22479 22479 W cwds    : 	at java.lang.reflect.Method.invoke(Native Method)
07-10 01:10:33.759 22479 22479 W cwds    : 	at com.android.internal.os.RuntimeInit$MethodAndArgsCaller.run(RuntimeInit.java:571)
07-10 01:10:33.759 22479 22479 W cwds    : 	at com.android.internal.os.ZygoteInit.main(ZygoteInit.java:1067)
07-10 01:10:33.760 22479 22517 I GMS_MM_Logger: (REDACTED) Start time: %s
07-10 01:10:33.763 22479 22517 I GMS_MM_Logger: Started.
07-10 01:10:33.949 31102 22505 I Finsky  : [468] akri.e(2): Sending Heterodyne sync request for package com.android.vending
07-10 01:10:34.047 16924 16924 D BoundBrokerSvc: onBind: Intent { act=com.google.android.gms.phenotype.service.START dat=chimera-action:/... cmp=com.google.android.gms/.chimera.PersistentApiService }
07-10 01:10:34.047 16924 16924 D BoundBrokerSvc: Loading bound service for intent: Intent { act=com.google.android.gms.phenotype.service.START dat=chimera-action:/... cmp=com.google.android.gms/.chimera.PersistentApiService }
07-10 01:10:34.058  5262  5262 E audit   : type=1400 audit(1688944234.053:69705): avc:  denied  { read } for  pid=22479 comm="binder:22479_2" name="u:object_r:perf_prop:s0" dev="tmpfs" ino=10663 scontext=u:r:gmscore_app:s0:c512,c768 tcontext=u:object_r:perf_prop:s0 tclass=file permissive=0 SEPF_SM-A515F_13_0001 audit_filtered
07-10 01:10:34.058  5262  5262 E audit   : type=1300 audit(1688944234.053:69705): arch=c00000b7 syscall=56 success=no exit=-13 a0=ffffff9c a1=7b7d36c2f8 a2=88000 a3=0 items=0 ppid=5287 pid=22479 auid=4294967295 uid=10226 gid=10226 euid=10226 suid=10226 fsuid=10226 egid=10226 sgid=10226 fsgid=10226 tty=(none) ses=4294967295 comm="binder:22479_2" exe="/system/bin/app_process64" subj=u:r:gmscore_app:s0:c512,c768 key=(null)
07-10 01:10:34.058  5262  5262 E audit   : type=1327 audit(1688944234.053:69705): proctitle="<pre-initialized>"
07-10 01:10:34.058 22479 22492 W libc    : Access denied finding property "sys.perf.boostopt"
07-10 01:10:34.061  5674  6213 D NetdEventListenerService: DNS Requested by : 118, 10229
07-10 01:10:34.062 31102 22505 D TrafficStats: tagSocket(152) with statsTag=0xffffffff, statsUid=-1
07-10 01:10:34.188 31102 22505 I RequestAddCookies: Cookie store not available in HTTP context
07-10 01:10:34.196 22479 22493 D nativeloader: Configuring classloader-namespace for other apk . target_sdk_version=33, uses_libraries=ALL, library_path=, permitted_path=/data:/mnt/expand
07-10 01:10:34.196 22479 22493 D nativeloader: Extending system_exposed_libraries: libhumantracking.arcsoft.so:libPortraitDistortionCorrection.arcsoft.so:libPortraitDistortionCorrectionCali.arcsoft.so:libface_landmark.arcsoft.so:libFacialStickerEngine.arcsoft.so:libveengine.arcsoft.so:liblow_light_hdr.arcsoft.so:libhigh_dynamic_range.arcsoft.so:libFacialAttributeDetection.arcsoft.so:libBeauty_v4.camera.samsung.so:libexifa.camera.samsung.so:libjpega.camera.samsung.so:libOpenCv.camera.samsung.so:libImageScreener.camera.samsung.so:libMyFilter.camera.samsung.so:libtensorflowLite.myfilter.camera.samsung.so:libtensorflowlite_inference_api.myfilter.camera.samsung.so:libEventFinder.camera.samsung.so:libHIDTSnapJNI.camera.samsung.so:libSmartScan.camera.samsung.so:libRectify.camera.samsung.so:libDocRectifyWrapper.camera.samsung.so:libUltraWideDistortionCorrection.camera.samsung.so:libHpr_RecGAE_cvFeature_v1.0.camera.samsung.so:libHprFace_GAE_api.camera.samsung.so:libFace_Landmark_API.camera.samsung.so:libHprFace_GAE_jni.camera.samsung.so:libFacialBasedSelfieCorrec
07-10 01:10:34.349 31102 22505 I ResponseProcessCookies: Cookie store not available in HTTP context
07-10 01:10:34.415 31102 22505 I TrafficStats: untagSocket(152)
07-10 01:10:34.457 31102 22505 I Finsky  : [468] tpw.g(1): Received Heterodyne sync response. StatusCode=200
07-10 01:10:34.622 29789 29789 D BoundBrokerSvc: onBind: Intent { act=com.google.android.gms.safetynet.service.START dat=chimera-action:/... cmp=com.google.android.gms/.chimera.GmsBoundBrokerService }
07-10 01:10:34.623 29789 29789 D BoundBrokerSvc: Loading bound service for intent: Intent { act=com.google.android.gms.safetynet.service.START dat=chimera-action:/... cmp=com.google.android.gms/.chimera.GmsBoundBrokerService }
07-10 01:10:34.627  5353  6075 V APM_AudioPolicyManager: setAppState(portId:1005, state:1)
07-10 01:10:34.628  5353  6075 V APM_AudioPolicyManager: setAppState(portId:1005, state:1)
07-10 01:10:34.677  5674  8108 D PackageManager: setEnabledSetting : userId = 0 packageName = com.Slack cmp = androidx.work.impl.background.systemalarm.RescheduleReceiver newState = 1 callingPackage = 10329/com.Slack
07-10 01:10:34.678  5674  8108 D ApplicationPolicy: getApplicationStateEnabled : pkg = com.Slack userId : 0
07-10 01:10:34.680  5674  8108 D ApplicationPolicy: getApplicationComponentState : pkg = com.Slack userId : 0
07-10 01:10:34.705 31102 31128 I android.vending: Background young concurrent copying GC freed 142550(5042KB) AllocSpace objects, 9(352KB) LOS objects, 23% free, 16MB/21MB, paused 1.356ms,495us total 312.740ms
07-10 01:10:34.706 31102 31128 W android.vending: Reducing the number of considered missed Gc histogram windows from 185 to 100
07-10 01:10:34.708  5353  6075 V APM_AudioPolicyManager: setAppState(portId:1005, state:1)
07-10 01:10:34.708  5674  5745 W libprocessgroup: Failed to open /dev/blkio//cgroup.procs: No such file or directory
07-10 01:10:34.723 15049 15240 D ConnectivityManager: StackLog: [android.net.ConnectivityManager.sendRequestForNetwork(ConnectivityManager.java:4300)] [android.net.ConnectivityManager.registerDefaultNetworkCallbackForUid(ConnectivityManager.java:4864)] [android.net.ConnectivityManager.registerDefaultNetworkCallback(ConnectivityManager.java:4831)] [android.net.ConnectivityManager.registerDefaultNetworkCallback(ConnectivityManager.java:4805)] [androidx.work.impl.utils.NetworkApi24.registerDefaultNetworkCallbackCompat(Unknown Source:11)] [androidx.work.impl.constraints.trackers.NetworkStateTracker24.startTracking(Unknown Source:15)] [androidx.work.impl.constraints.controllers.ConstraintController.replace(Unknown Source:130)] [androidx.work.impl.constraints.WorkConstraintsTrackerImpl.replace(Unknown Source:41)] [androidx.work.impl.background.greedy.GreedyScheduler.schedule(Unknown Source:302)] [androidx.work.impl.Schedulers.schedule(Unknown Source:155)] [androidx.work.impl.utils.EnqueueRunnable.run(Unknown Source:53)] [androidx.work.Worker$2.run$androidx$work$impl$utils$SerialExecutorImpl$Task(Unknown Source:4)] [androidx.work.Worker$2.run(Unknown Source:868)] [java.util.concurrent.ThreadPoolExecutor.runWorker(ThreadPoolExecutor.java:1137)] [java.util.concurrent.ThreadPoolExecutor$Worker.run(ThreadPoolExecutor.java:637)] [java.lang.Thread.run(Thread.java:1012)]
07-10 01:10:34.724  5674  8108 D ConnectivityService: requestNetwork for uid/pid:10329/15049 activeRequest: null callbackRequest: 16604 [NetworkRequest [ REQUEST id=16605, [ Capabilities: INTERNET&NOT_RESTRICTED&TRUSTED&NOT_VCN_MANAGED Uid: 10329 RequestorUid: 10329 RequestorPkg: com.Slack UnderlyingNetworks: Null] ]] callback flags: 0 order: 2147483647
07-10 01:10:34.726  5674  6055 D ConnectivityService:    accepting network in place of null
07-10 01:10:34.732  5674  6045 D WifiNetworkFactory: got request NetworkRequest [ REQUEST id=16605, [ Capabilities: INTERNET&NOT_RESTRICTED&TRUSTED&NOT_VCN_MANAGED Uid: 10329 RequestorUid: 10329 RequestorPkg: com.Slack UnderlyingNetworks: Null] ]
07-10 01:10:34.733  5674  6045 D UntrustedWifiNetworkFactory: got request NetworkRequest [ REQUEST id=16605, [ Capabilities: INTERNET&NOT_RESTRICTED&TRUSTED&NOT_VCN_MANAGED Uid: 10329 RequestorUid: 10329 RequestorPkg: com.Slack UnderlyingNetworks: Null] ]
07-10 01:10:34.734  5674  6045 D OemPaidWifiNetworkFactory: got request NetworkRequest [ REQUEST id=16605, [ Capabilities: INTERNET&NOT_RESTRICTED&TRUSTED&NOT_VCN_MANAGED Uid: 10329 RequestorUid: 10329 RequestorPkg: com.Slack UnderlyingNetworks: Null] ]
07-10 01:10:34.737  5674  6045 D MultiInternetWifiNetworkFactory: got request NetworkRequest [ REQUEST id=16605, [ Capabilities: INTERNET&NOT_RESTRICTED&TRUSTED&NOT_VCN_MANAGED Uid: 10329 RequestorUid: 10329 RequestorPkg: com.Slack UnderlyingNetworks: Null] ]
07-10 01:10:34.739  4613  4613 W keymaster_tee: [WRN]begin req PARAMS: A32 B32 P1
07-10 01:10:34.741  5674  6055 D ConnectivityService: Rematched networks [computed 1ms] [applied 3ms] [issued 12]
07-10 01:10:34.741  5674  6055 D ConnectivityService: NetworkReassignment :
07-10 01:10:34.741  5674  6055 D ConnectivityService:   16605 : null → 118
07-10 01:10:34.758 15049 15049 D ConnectivityManager: StackLog: [android.net.ConnectivityManager.unregisterNetworkCallback(ConnectivityManager.java:4972)] [androidx.work.impl.utils.NetworkApi21.unregisterNetworkCallbackCompat(Unknown Source:11)] [androidx.work.impl.constraints.trackers.NetworkStateTracker24.stopTracking(Unknown Source:15)] [androidx.work.impl.constraints.trackers.ConstraintTracker.removeListener(Unknown Source:24)] [androidx.work.impl.constraints.controllers.ConstraintController.replace(Unknown Source:81)] [androidx.work.impl.constraints.WorkConstraintsTrackerImpl.replace(Unknown Source:41)] [androidx.work.impl.background.greedy.GreedyScheduler.onExecuted(Unknown Source:55)] [androidx.work.impl.Processor.onExecuted(Unknown Source:59)] [com.bugsnag.android.DeliveryDelegate$1.run(Unknown Source:212)]
07-10 01:10:34.760  5674  6055 D ConnectivityService:  Removing from current network [118 WIFI], leaving 161 requests.
07-10 01:10:34.763  5353  6075 V APM_AudioPolicyManager: setAppState(portId:1005, state:1)
07-10 01:10:34.765  5353  6075 V APM_AudioPolicyManager: setAppState(portId:1005, state:1)
07-10 01:10:34.766  4613  4613 W keymaster_tee: [WRN]begin req PARAMS: A3 D4
07-10 01:10:34.834 31102 22505 W ProxyAndroidLoggerBackend: Too many Flogger logs received before configuration. Dropping old logs.
07-10 01:10:34.834 29789 22450 I Authzen : [SyncManager] avoiding sync because the last sync was too recent
07-10 01:10:34.834 31102 22505 W ProxyAndroidLoggerBackend: Too many Flogger logs received before configuration. Dropping old logs.
07-10 01:10:34.834 29789 22450 I Authzen : [SyncManager] Sync requested for event 0, account <ELLIDED:117179854>, and components 3, with reason 4
07-10 01:10:34.834 29789 22450 I Authzen : [SyncManager] Triggering AuthZen registration check...
07-10 01:10:34.835 31102 22505 W ProxyAndroidLoggerBackend: Too many Flogger logs received before configuration. Dropping old logs.
07-10 01:10:34.835 31102 22505 W ProxyAndroidLoggerBackend: Too many Flogger logs received before configuration. Dropping old logs.
07-10 01:10:34.835 31102 22505 W ProxyAndroidLoggerBackend: Too many Flogger logs received before configuration. Dropping old logs.
07-10 01:10:34.836 31102 22505 W ProxyAndroidLoggerBackend: Too many Flogger logs received before configuration. Dropping old logs.
07-10 01:10:34.836 31102 22505 W ProxyAndroidLoggerBackend: Too many Flogger logs received before configuration. Dropping old logs.
07-10 01:10:34.837 31102 22505 W ProxyAndroidLoggerBackend: Too many Flogger logs received before configuration. Dropping old logs.
07-10 01:10:34.837 31102 22505 W ProxyAndroidLoggerBackend: Too many Flogger logs received before configuration. Dropping old logs.
07-10 01:10:34.837 31102 22505 W ProxyAndroidLoggerBackend: Too many Flogger logs received before configuration. Dropping old logs.
07-10 01:10:34.838 31102 22505 W ProxyAndroidLoggerBackend: Too many Flogger logs received before configuration. Dropping old logs.
07-10 01:10:34.838 31102 22505 W ProxyAndroidLoggerBackend: Too many Flogger logs received before configuration. Dropping old logs.
07-10 01:10:34.839 31102 22505 W ProxyAndroidLoggerBackend: Too many Flogger logs received before configuration. Dropping old logs.
07-10 01:10:34.839 31102 22505 W ProxyAndroidLoggerBackend: Too many Flogger logs received before configuration. Dropping old logs.
07-10 01:10:34.840 31102 22505 W ProxyAndroidLoggerBackend: Too many Flogger logs received before configuration. Dropping old logs.
07-10 01:10:34.840 31102 22505 W ProxyAndroidLoggerBackend: Too many Flogger logs received before configuration. Dropping old logs.
07-10 01:10:34.841 31102 22505 W ProxyAndroidLoggerBackend: Too many Flogger logs received before configuration. Dropping old logs.
07-10 01:10:34.841 31102 22505 W ProxyAndroidLoggerBackend: Too many Flogger logs received before configuration. Dropping old logs.
07-10 01:10:34.842 31102 22505 W ProxyAndroidLoggerBackend: Too many Flogger logs received before configuration. Dropping old logs.
07-10 01:10:34.842 31102 22505 W ProxyAndroidLoggerBackend: Too many Flogger logs received before configuration. Dropping old logs.
07-10 01:10:34.843 31102 22505 W ProxyAndroidLoggerBackend: Too many Flogger logs received before configuration. Dropping old logs.
07-10 01:10:34.843 31102 22505 W ProxyAndroidLoggerBackend: Too many Flogger logs received before configuration. Dropping old logs.
07-10 01:10:34.844 31102 22505 W ProxyAndroidLoggerBackend: Too many Flogger logs received before configuration. Dropping old logs.
07-10 01:10:34.844 31102 22505 W ProxyAndroidLoggerBackend: Too many Flogger logs received before configuration. Dropping old logs.
07-10 01:10:34.845 31102 22505 W ProxyAndroidLoggerBackend: Too many Flogger logs received before configuration. Dropping old logs.
07-10 01:10:34.845 31102 22505 W ProxyAndroidLoggerBackend: Too many Flogger logs received before configuration. Dropping old logs.
07-10 01:10:34.846 31102 22505 W ProxyAndroidLoggerBackend: Too many Flogger logs received before configuration. Dropping old logs.
07-10 01:10:34.846 31102 22505 W ProxyAndroidLoggerBackend: Too many Flogger logs received before configuration. Dropping old logs.
07-10 01:10:34.847 31102 22505 W ProxyAndroidLoggerBackend: Too many Flogger logs received before configuration. Dropping old logs.
07-10 01:10:34.847 31102 22505 W ProxyAndroidLoggerBackend: Too many Flogger logs received before configuration. Dropping old logs.
07-10 01:10:34.847 31102 22505 W ProxyAndroidLoggerBackend: Too many Flogger logs received before configuration. Dropping old logs.
07-10 01:10:34.848 31102 22505 W ProxyAndroidLoggerBackend: Too many Flogger logs received before configuration. Dropping old logs.
07-10 01:10:34.848 31102 22505 W ProxyAndroidLoggerBackend: Too many Flogger logs received before configuration. Dropping old logs.
07-10 01:10:34.849 31102 22505 W ProxyAndroidLoggerBackend: Too many Flogger logs received before configuration. Dropping old logs.
07-10 01:10:34.849 31102 22505 W ProxyAndroidLoggerBackend: Too many Flogger logs received before configuration. Dropping old logs.
07-10 01:10:34.849 29789 24698 I CryptauthV2: [EnrollKeyName] ClientName calling Cryptauth is AuthzenAccountRegistration
07-10 01:10:34.850 31102 22505 W ProxyAndroidLoggerBackend: Too many Flogger logs received before configuration. Dropping old logs.
07-10 01:10:34.850 31102 22505 W ProxyAndroidLoggerBackend: Too many Flogger logs received before configuration. Dropping old logs.
07-10 01:10:34.850 31102 22505 W ProxyAndroidLoggerBackend: Too many Flogger logs received before configuration. Dropping old logs.
07-10 01:10:34.851 31102 22505 W ProxyAndroidLoggerBackend: Too many Flogger logs received before configuration. Dropping old logs.
07-10 01:10:34.852 31102 22505 W ProxyAndroidLoggerBackend: Too many Flogger logs received before configuration. Dropping old logs.
07-10 01:10:34.852 31102 22505 W ProxyAndroidLoggerBackend: Too many Flogger logs received before configuration. Dropping old logs.
07-10 01:10:34.853 31102 22505 W ProxyAndroidLoggerBackend: Too many Flogger logs received before configuration. Dropping old logs.
07-10 01:10:34.853 31102 22505 W ProxyAndroidLoggerBackend: Too many Flogger logs received before configuration. Dropping old logs.
07-10 01:10:34.853 31102 22505 W ProxyAndroidLoggerBackend: Too many Flogger logs received before configuration. Dropping old logs.
07-10 01:10:34.854 31102 22505 W ProxyAndroidLoggerBackend: Too many Flogger logs received before configuration. Dropping old logs.
07-10 01:10:34.854 31102 22505 W ProxyAndroidLoggerBackend: Too many Flogger logs received before configuration. Dropping old logs.
07-10 01:10:34.855 31102 22505 W ProxyAndroidLoggerBackend: Too many Flogger logs received before configuration. Dropping old logs.
07-10 01:10:34.855 31102 22505 W ProxyAndroidLoggerBackend: Too many Flogger logs received before configuration. Dropping old logs.
07-10 01:10:34.856 31102 22505 W ProxyAndroidLoggerBackend: Too many Flogger logs received before configuration. Dropping old logs.
07-10 01:10:34.856 31102 22505 W ProxyAndroidLoggerBackend: Too many Flogger logs received before configuration. Dropping old logs.
07-10 01:10:34.856 31102 22505 W ProxyAndroidLoggerBackend: Too many Flogger logs received before configuration. Dropping old logs.
07-10 01:10:34.857 31102 22505 W ProxyAndroidLoggerBackend: Too many Flogger logs received before configuration. Dropping old logs.
07-10 01:10:34.857 31102 22505 W ProxyAndroidLoggerBackend: Too many Flogger logs received before configuration. Dropping old logs.
07-10 01:10:34.858 31102 22505 W ProxyAndroidLoggerBackend: Too many Flogger logs received before configuration. Dropping old logs.
07-10 01:10:34.858 31102 22505 W ProxyAndroidLoggerBackend: Too many Flogger logs received before configuration. Dropping old logs.
07-10 01:10:34.859 31102 22505 W ProxyAndroidLoggerBackend: Too many Flogger logs received before configuration. Dropping old logs.
07-10 01:10:34.859 31102 22505 W ProxyAndroidLoggerBackend: Too many Flogger logs received before configuration. Dropping old logs.
07-10 01:10:34.859 31102 22505 W ProxyAndroidLoggerBackend: Too many Flogger logs received before configuration. Dropping old logs.
07-10 01:10:34.860 31102 22505 W ProxyAndroidLoggerBackend: Too many Flogger logs received before configuration. Dropping old logs.
07-10 01:10:34.860 31102 22505 W ProxyAndroidLoggerBackend: Too many Flogger logs received before configuration. Dropping old logs.
07-10 01:10:34.861 31102 22505 W ProxyAndroidLoggerBackend: Too many Flogger logs received before configuration. Dropping old logs.
07-10 01:10:34.861 31102 22505 W ProxyAndroidLoggerBackend: Too many Flogger logs received before configuration. Dropping old logs.
07-10 01:10:34.861 31102 22505 W ProxyAndroidLoggerBackend: Too many Flogger logs received before configuration. Dropping old logs.
07-10 01:10:34.862 31102 22505 W ProxyAndroidLoggerBackend: Too many Flogger logs received before configuration. Dropping old logs.
07-10 01:10:34.862 31102 22505 W ProxyAndroidLoggerBackend: Too many Flogger logs received before configuration. Dropping old logs.
07-10 01:10:34.863 31102 22505 W ProxyAndroidLoggerBackend: Too many Flogger logs received before configuration. Dropping old logs.
07-10 01:10:34.863 31102 22505 W ProxyAndroidLoggerBackend: Too many Flogger logs received before configuration. Dropping old logs.
07-10 01:10:34.864 31102 22505 W ProxyAndroidLoggerBackend: Too many Flogger logs received before configuration. Dropping old logs.
07-10 01:10:34.864 31102 22505 W ProxyAndroidLoggerBackend: Too many Flogger logs received before configuration. Dropping old logs.
07-10 01:10:34.865 31102 22505 W ProxyAndroidLoggerBackend: Too many Flogger logs received before configuration. Dropping old logs.
07-10 01:10:34.865 31102 22505 W ProxyAndroidLoggerBackend: Too many Flogger logs received before configuration. Dropping old logs.
07-10 01:10:34.865 31102 22505 W ProxyAndroidLoggerBackend: Too many Flogger logs received before configuration. Dropping old logs.
07-10 01:10:34.866 31102 22505 W ProxyAndroidLoggerBackend: Too many Flogger logs received before configuration. Dropping old logs.
07-10 01:10:34.866 31102 22505 W ProxyAndroidLoggerBackend: Too many Flogger logs received before configuration. Dropping old logs.
07-10 01:10:34.867 31102 22505 W ProxyAndroidLoggerBackend: Too many Flogger logs received before configuration. Dropping old logs.
07-10 01:10:34.867 31102 22505 W ProxyAndroidLoggerBackend: Too many Flogger logs received before configuration. Dropping old logs.
07-10 01:10:34.868 31102 22505 W ProxyAndroidLoggerBackend: Too many Flogger logs received before configuration. Dropping old logs.
07-10 01:10:34.868 31102 22505 W ProxyAndroidLoggerBackend: Too many Flogger logs received before configuration. Dropping old logs.
07-10 01:10:34.868 31102 22505 W ProxyAndroidLoggerBackend: Too many Flogger logs received before configuration. Dropping old logs.
07-10 01:10:34.869 31102 22505 W ProxyAndroidLoggerBackend: Too many Flogger logs received before configuration. Dropping old logs.
07-10 01:10:34.869 31102 22505 W ProxyAndroidLoggerBackend: Too many Flogger logs received before configuration. Dropping old logs.
07-10 01:10:34.869 31102 22505 W ProxyAndroidLoggerBackend: Too many Flogger logs received before configuration. Dropping old logs.
07-10 01:10:34.870 31102 22505 W ProxyAndroidLoggerBackend: Too many Flogger logs received before configuration. Dropping old logs.
07-10 01:10:34.870 31102 22505 W ProxyAndroidLoggerBackend: Too many Flogger logs received before configuration. Dropping old logs.
07-10 01:10:34.871 31102 22505 W ProxyAndroidLoggerBackend: Too many Flogger logs received before configuration. Dropping old logs.
07-10 01:10:34.871 31102 22505 W ProxyAndroidLoggerBackend: Too many Flogger logs received before configuration. Dropping old logs.
07-10 01:10:34.872 31102 22505 W ProxyAndroidLoggerBackend: Too many Flogger logs received before configuration. Dropping old logs.
07-10 01:10:34.872 31102 22505 W ProxyAndroidLoggerBackend: Too many Flogger logs received before configuration. Dropping old logs.
07-10 01:10:34.873 31102 22505 W ProxyAndroidLoggerBackend: Too many Flogger logs received before configuration. Dropping old logs.
07-10 01:10:34.873 31102 22505 W ProxyAndroidLoggerBackend: Too many Flogger logs received before configuration. Dropping old logs.
07-10 01:10:34.873 31102 22505 W ProxyAndroidLoggerBackend: Too many Flogger logs received before configuration. Dropping old logs.
07-10 01:10:34.874 31102 22505 W ProxyAndroidLoggerBackend: Too many Flogger logs received before configuration. Dropping old logs.
07-10 01:10:34.874 31102 22505 W ProxyAndroidLoggerBackend: Too many Flogger logs received before configuration. Dropping old logs.
07-10 01:10:34.875 31102 22505 W ProxyAndroidLoggerBackend: Too many Flogger logs received before configuration. Dropping old logs.
07-10 01:10:34.875 31102 22505 W ProxyAndroidLoggerBackend: Too many Flogger logs received before configuration. Dropping old logs.
07-10 01:10:34.876 31102 22505 W ProxyAndroidLoggerBackend: Too many Flogger logs received before configuration. Dropping old logs.
07-10 01:10:34.876 31102 22505 W ProxyAndroidLoggerBackend: Too many Flogger logs received before configuration. Dropping old logs.
07-10 01:10:34.876 31102 22505 W ProxyAndroidLoggerBackend: Too many Flogger logs received before configuration. Dropping old logs.
07-10 01:10:34.877 31102 22505 W ProxyAndroidLoggerBackend: Too many Flogger logs received before configuration. Dropping old logs.
07-10 01:10:34.877 31102 22505 W ProxyAndroidLoggerBackend: Too many Flogger logs received before configuration. Dropping old logs.
07-10 01:10:34.878 31102 22505 W ProxyAndroidLoggerBackend: Too many Flogger logs received before configuration. Dropping old logs.
07-10 01:10:34.878 31102 22505 W ProxyAndroidLoggerBackend: Too many Flogger logs received before configuration. Dropping old logs.
07-10 01:10:34.879 31102 22505 W ProxyAndroidLoggerBackend: Too many Flogger logs received before configuration. Dropping old logs.
07-10 01:10:34.879 31102 22505 W ProxyAndroidLoggerBackend: Too many Flogger logs received before configuration. Dropping old logs.
07-10 01:10:34.879 31102 22505 W ProxyAndroidLoggerBackend: Too many Flogger logs received before configuration. Dropping old logs.
07-10 01:10:34.880 31102 22505 W ProxyAndroidLoggerBackend: Too many Flogger logs received before configuration. Dropping old logs.
07-10 01:10:34.880 31102 22505 W ProxyAndroidLoggerBackend: Too many Flogger logs received before configuration. Dropping old logs.
07-10 01:10:34.881 31102 22505 W ProxyAndroidLoggerBackend: Too many Flogger logs received before configuration. Dropping old logs.
07-10 01:10:34.881 31102 22505 W ProxyAndroidLoggerBackend: Too many Flogger logs received before configuration. Dropping old logs.
07-10 01:10:34.881 31102 22505 W ProxyAndroidLoggerBackend: Too many Flogger logs received before configuration. Dropping old logs.
07-10 01:10:34.882 31102 22505 W ProxyAndroidLoggerBackend: Too many Flogger logs received before configuration. Dropping old logs.
07-10 01:10:34.882 31102 22505 W ProxyAndroidLoggerBackend: Too many Flogger logs received before configuration. Dropping old logs.
07-10 01:10:34.883 31102 22505 W ProxyAndroidLoggerBackend: Too many Flogger logs received before configuration. Dropping old logs.
07-10 01:10:34.884 31102 22505 W ProxyAndroidLoggerBackend: Too many Flogger logs received before configuration. Dropping old logs.
07-10 01:10:34.884 31102 22505 W ProxyAndroidLoggerBackend: Too many Flogger logs received before configuration. Dropping old logs.
07-10 01:10:34.885 31102 22505 W ProxyAndroidLoggerBackend: Too many Flogger logs received before configuration. Dropping old logs.
07-10 01:10:34.885 31102 22505 W ProxyAndroidLoggerBackend: Too many Flogger logs received before configuration. Dropping old logs.
07-10 01:10:34.886 31102 22505 W ProxyAndroidLoggerBackend: Too many Flogger logs received before configuration. Dropping old logs.
07-10 01:10:34.886 31102 22505 W ProxyAndroidLoggerBackend: Too many Flogger logs received before configuration. Dropping old logs.
07-10 01:10:34.887 31102 22505 W ProxyAndroidLoggerBackend: Too many Flogger logs received before configuration. Dropping old logs.
07-10 01:10:34.887 31102 22505 W ProxyAndroidLoggerBackend: Too many Flogger logs received before configuration. Dropping old logs.
07-10 01:10:34.888 31102 22505 W ProxyAndroidLoggerBackend: Too many Flogger logs received before configuration. Dropping old logs.
07-10 01:10:34.888 31102 22505 W ProxyAndroidLoggerBackend: Too many Flogger logs received before configuration. Dropping old logs.
07-10 01:10:34.888 31102 22505 W ProxyAndroidLoggerBackend: Too many Flogger logs received before configuration. Dropping old logs.
07-10 01:10:34.889 31102 22505 W ProxyAndroidLoggerBackend: Too many Flogger logs received before configuration. Dropping old logs.
07-10 01:10:34.889 31102 22505 W ProxyAndroidLoggerBackend: Too many Flogger logs received before configuration. Dropping old logs.
07-10 01:10:34.890 31102 22505 W ProxyAndroidLoggerBackend: Too many Flogger logs received before configuration. Dropping old logs.
07-10 01:10:34.890 31102 22505 W ProxyAndroidLoggerBackend: Too many Flogger logs received before configuration. Dropping old logs.
07-10 01:10:34.891 31102 22505 W ProxyAndroidLoggerBackend: Too many Flogger logs received before configuration. Dropping old logs.
07-10 01:10:34.891 31102 22505 W ProxyAndroidLoggerBackend: Too many Flogger logs received before configuration. Dropping old logs.
07-10 01:10:34.892 31102 22505 W ProxyAndroidLoggerBackend: Too many Flogger logs received before configuration. Dropping old logs.
07-10 01:10:34.892 31102 22505 W ProxyAndroidLoggerBackend: Too many Flogger logs received before configuration. Dropping old logs.
07-10 01:10:34.892 31102 22505 W ProxyAndroidLoggerBackend: Too many Flogger logs received before configuration. Dropping old logs.
07-10 01:10:34.893 31102 22505 W ProxyAndroidLoggerBackend: Too many Flogger logs received before configuration. Dropping old logs.
07-10 01:10:34.893 31102 22505 W ProxyAndroidLoggerBackend: Too many Flogger logs received before configuration. Dropping old logs.
07-10 01:10:34.894 31102 22505 W ProxyAndroidLoggerBackend: Too many Flogger logs received before configuration. Dropping old logs.
07-10 01:10:34.894 31102 22505 W ProxyAndroidLoggerBackend: Too many Flogger logs received before configuration. Dropping old logs.
07-10 01:10:34.895 31102 22505 W ProxyAndroidLoggerBackend: Too many Flogger logs received before configuration. Dropping old logs.
07-10 01:10:34.895 31102 22505 W ProxyAndroidLoggerBackend: Too many Flogger logs received before configuration. Dropping old logs.
07-10 01:10:34.896 31102 22505 W ProxyAndroidLoggerBackend: Too many Flogger logs received before configuration. Dropping old logs.
07-10 01:10:34.896 31102 22505 W ProxyAndroidLoggerBackend: Too many Flogger logs received before configuration. Dropping old logs.
07-10 01:10:34.896 31102 22505 W ProxyAndroidLoggerBackend: Too many Flogger logs received before configuration. Dropping old logs.
07-10 01:10:34.897 31102 22505 W ProxyAndroidLoggerBackend: Too many Flogger logs received before configuration. Dropping old logs.
07-10 01:10:34.897 31102 22505 W ProxyAndroidLoggerBackend: Too many Flogger logs received before configuration. Dropping old logs.
07-10 01:10:34.898 31102 22505 W ProxyAndroidLoggerBackend: Too many Flogger logs received before configuration. Dropping old logs.
07-10 01:10:34.898 31102 22505 W ProxyAndroidLoggerBackend: Too many Flogger logs received before configuration. Dropping old logs.
07-10 01:10:34.899 31102 22505 W ProxyAndroidLoggerBackend: Too many Flogger logs received before configuration. Dropping old logs.
07-10 01:10:34.899 31102 22505 W ProxyAndroidLoggerBackend: Too many Flogger logs received before configuration. Dropping old logs.
07-10 01:10:34.899 31102 22505 W ProxyAndroidLoggerBackend: Too many Flogger logs received before configuration. Dropping old logs.
07-10 01:10:34.900 31102 22505 W ProxyAndroidLoggerBackend: Too many Flogger logs received before configuration. Dropping old logs.
07-10 01:10:34.900 31102 22505 W ProxyAndroidLoggerBackend: Too many Flogger logs received before configuration. Dropping old logs.
07-10 01:10:34.901 31102 22505 W ProxyAndroidLoggerBackend: Too many Flogger logs received before configuration. Dropping old logs.
07-10 01:10:34.901 31102 22505 W ProxyAndroidLoggerBackend: Too many Flogger logs received before configuration. Dropping old logs.
07-10 01:10:34.902 31102 22505 W ProxyAndroidLoggerBackend: Too many Flogger logs received before configuration. Dropping old logs.
07-10 01:10:34.902 31102 22505 W ProxyAndroidLoggerBackend: Too many Flogger logs received before configuration. Dropping old logs.
07-10 01:10:34.902 31102 22505 W ProxyAndroidLoggerBackend: Too many Flogger logs received before configuration. Dropping old logs.
07-10 01:10:34.903 31102 22505 W ProxyAndroidLoggerBackend: Too many Flogger logs received before configuration. Dropping old logs.
07-10 01:10:34.903 31102 22505 W ProxyAndroidLoggerBackend: Too many Flogger logs received before configuration. Dropping old logs.
07-10 01:10:34.904 31102 22505 W ProxyAndroidLoggerBackend: Too many Flogger logs received before configuration. Dropping old logs.
07-10 01:10:34.904 31102 22505 W ProxyAndroidLoggerBackend: Too many Flogger logs received before configuration. Dropping old logs.
07-10 01:10:34.905 31102 22505 W ProxyAndroidLoggerBackend: Too many Flogger logs received before configuration. Dropping old logs.
07-10 01:10:34.905 31102 22505 W ProxyAndroidLoggerBackend: Too many Flogger logs received before configuration. Dropping old logs.
07-10 01:10:34.905 31102 22505 W ProxyAndroidLoggerBackend: Too many Flogger logs received before configuration. Dropping old logs.
07-10 01:10:34.906 31102 22505 W ProxyAndroidLoggerBackend: Too many Flogger logs received before configuration. Dropping old logs.
07-10 01:10:34.906 31102 22505 W ProxyAndroidLoggerBackend: Too many Flogger logs received before configuration. Dropping old logs.
07-10 01:10:34.907 31102 22505 W ProxyAndroidLoggerBackend: Too many Flogger logs received before configuration. Dropping old logs.
07-10 01:10:34.907 31102 22505 W ProxyAndroidLoggerBackend: Too many Flogger logs received before configuration. Dropping old logs.
07-10 01:10:34.908 31102 22505 W ProxyAndroidLoggerBackend: Too many Flogger logs received before configuration. Dropping old logs.
07-10 01:10:34.908 31102 22505 W ProxyAndroidLoggerBackend: Too many Flogger logs received before configuration. Dropping old logs.
07-10 01:10:34.909 31102 22505 W ProxyAndroidLoggerBackend: Too many Flogger logs received before configuration. Dropping old logs.
07-10 01:10:34.909 31102 22505 W ProxyAndroidLoggerBackend: Too many Flogger logs received before configuration. Dropping old logs.
07-10 01:10:34.909 31102 22505 W ProxyAndroidLoggerBackend: Too many Flogger logs received before configuration. Dropping old logs.
07-10 01:10:34.910 31102 22505 W ProxyAndroidLoggerBackend: Too many Flogger logs received before configuration. Dropping old logs.
07-10 01:10:34.910 31102 22505 W ProxyAndroidLoggerBackend: Too many Flogger logs received before configuration. Dropping old logs.
07-10 01:10:34.911 31102 22505 W ProxyAndroidLoggerBackend: Too many Flogger logs received before configuration. Dropping old logs.
07-10 01:10:34.911 31102 22505 W ProxyAndroidLoggerBackend: Too many Flogger logs received before configuration. Dropping old logs.
07-10 01:10:34.912 31102 22505 W ProxyAndroidLoggerBackend: Too many Flogger logs received before configuration. Dropping old logs.
07-10 01:10:34.912 31102 22505 W ProxyAndroidLoggerBackend: Too many Flogger logs received before configuration. Dropping old logs.
07-10 01:10:34.913 31102 22505 W ProxyAndroidLoggerBackend: Too many Flogger logs received before configuration. Dropping old logs.
07-10 01:10:34.913 31102 22505 W ProxyAndroidLoggerBackend: Too many Flogger logs received before configuration. Dropping old logs.
07-10 01:10:34.914 31102 22505 W ProxyAndroidLoggerBackend: Too many Flogger logs received before configuration. Dropping old logs.
07-10 01:10:34.914 31102 22505 W ProxyAndroidLoggerBackend: Too many Flogger logs received before configuration. Dropping old logs.
07-10 01:10:34.915 31102 22505 W ProxyAndroidLoggerBackend: Too many Flogger logs received before configuration. Dropping old logs.
07-10 01:10:34.915 31102 22505 W ProxyAndroidLoggerBackend: Too many Flogger logs received before configuration. Dropping old logs.
07-10 01:10:34.916 31102 22505 W ProxyAndroidLoggerBackend: Too many Flogger logs received before configuration. Dropping old logs.
07-10 01:10:34.916 31102 22505 W ProxyAndroidLoggerBackend: Too many Flogger logs received before configuration. Dropping old logs.
07-10 01:10:34.917 31102 22505 W ProxyAndroidLoggerBackend: Too many Flogger logs received before configuration. Dropping old logs.
07-10 01:10:34.917 31102 22505 W ProxyAndroidLoggerBackend: Too many Flogger logs received before configuration. Dropping old logs.
07-10 01:10:34.918 31102 22505 W ProxyAndroidLoggerBackend: Too many Flogger logs received before configuration. Dropping old logs.
07-10 01:10:34.918 31102 22505 W ProxyAndroidLoggerBackend: Too many Flogger logs received before configuration. Dropping old logs.
07-10 01:10:34.919 31102 22505 W ProxyAndroidLoggerBackend: Too many Flogger logs received before configuration. Dropping old logs.
07-10 01:10:34.919 31102 22505 W ProxyAndroidLoggerBackend: Too many Flogger logs received before configuration. Dropping old logs.
07-10 01:10:34.920 31102 22505 W ProxyAndroidLoggerBackend: Too many Flogger logs received before configuration. Dropping old logs.
07-10 01:10:34.920 31102 22505 W ProxyAndroidLoggerBackend: Too many Flogger logs received before configuration. Dropping old logs.
