07-10 01:25:37.251 29666 29666 I Launcher.AppsPageDelegate: updateItemToNewPosition = title : BeoGRADSKI prevoz, rank : 10, screenId : 0, user: UserHandle{0}, screenType: 0, pos: 10, screen: 0
07-10 01:25:37.251 29666 29666 I Launcher.AppsPageDelegate: updateItemToNewPosition = title : Bing, rank : 11, screenId : 0, user: UserHandle{0}, screenType: 0, pos: 11, screen: 0
07-10 01:25:37.252 29666 29666 I Launcher.AppsPageDelegate: updateItemToNewPosition = title : AnkiDroid, rank : 4, screenId : 0, user: UserHandle{0}, screenType: 0, pos: 4, screen: 0
07-10 01:25:37.252 29666 29666 I Launcher.AppsPageDelegate: updateItemToNewPosition = title : Galaxy Store, rank : 11, screenId : 1, user: UserHandle{0}, screenType: 0, pos: 11, screen: 1
07-10 01:25:37.252 29666 29666 I Launcher.AppsPageDelegate: updateItemToNewPosition = title : Gallery, rank : 13, screenId : 1, user: UserHandle{0}, screenType: 0, pos: 13, screen: 1
07-10 01:25:37.252 29666 29666 I Launcher.AppsPageDelegate: updateItemToNewPosition = title : Game Launcher, rank : 14, screenId : 1, user: UserHandle{0}, screenType: 0, pos: 14, screen: 1
07-10 01:25:37.252 29666 29666 I Launcher.AppsPageDelegate: updateItemToNewPosition = title : Drive, rank : 1, screenId : 1, user: UserHandle{0}, screenType: 0, pos: 1, screen: 1
07-10 01:25:37.252 29666 29666 I Launcher.AppsPageDelegate: updateItemToNewPosition = title : Galaxy Wearable, rank : 12, screenId : 1, user: UserHandle{0}, screenType: 0, pos: 12, screen: 1
07-10 01:25:37.252 29666 29666 I Launcher.AppsPageDelegate: updateItemToNewPosition = title : Keep notes, rank : 28, screenId : 1, user: UserHandle{0}, screenType: 0, pos: 28, screen: 1
07-10 01:25:37.252 29666 29666 I Launcher.AppsPageDelegate: updateItemToNewPosition = title : Kaspersky, rank : 26, screenId : 1, user: UserHandle{0}, screenType: 0, pos: 26, screen: 1
07-10 01:25:37.252 29666 29666 I Launcher.AppsPageDelegate: updateItemToNewPosition = title : Firefox, rank : 8, screenId : 1, user: UserHandle{0}, screenType: 0, pos: 8, screen: 1
07-10 01:25:37.252 29666 29666 I Launcher.AppsPageDelegate: updateItemToNewPosition = title : Google Japanese Input, rank : 20, screenId : 1, user: UserHandle{0}, screenType: 0, pos: 20, screen: 1
07-10 01:25:37.252 29666 29666 I Launcher.AppsPageDelegate: updateItemToNewPosition = title : HiPER Scientific Calculator, rank : 23, screenId : 1, user: UserHandle{0}, screenType: 0, pos: 23, screen: 1
07-10 01:25:37.252 29666 29666 I Launcher.AppsPageDelegate: updateItemToNewPosition = title : DuckDuckGo, rank : 2, screenId : 1, user: UserHandle{0}, screenType: 0, pos: 2, screen: 1
07-10 01:25:37.252 29666 29666 I Launcher.AppsPageDelegate: updateItemToNewPosition = title : GitHub, rank : 18, screenId : 1, user: UserHandle{0}, screenType: 0, pos: 18, screen: 1
07-10 01:25:37.252 29666 29666 I Launcher.AppsPageDelegate: updateItemToNewPosition = title : Excel, rank : 5, screenId : 1, user: UserHandle{0}, screenType: 0, pos: 5, screen: 1
07-10 01:25:37.252 29666 29666 I Launcher.AppsPageDelegate: updateItemToNewPosition = title : Graphing Calc, rank : 22, screenId : 1, user: UserHandle{0}, screenType: 0, pos: 22, screen: 1
07-10 01:25:37.252 29666 29666 I Launcher.AppsPageDelegate: updateItemToNewPosition = title : Files, rank : 7, screenId : 1, user: UserHandle{0}, screenType: 0, pos: 7, screen: 1
07-10 01:25:37.252 29666 29666 I Launcher.AppsPageDelegate: updateItemToNewPosition = title : Gboard, rank : 17, screenId : 1, user: UserHandle{0}, screenType: 0, pos: 17, screen: 1
07-10 01:25:37.252 29666 29666 I Launcher.AppsPageDelegate: updateItemToNewPosition = title : Glovo, rank : 19, screenId : 1, user: UserHandle{0}, screenType: 0, pos: 19, screen: 1
07-10 01:25:37.252 29666 29666 I Launcher.AppsPageDelegate: updateItemToNewPosition = title : KDE Connect, rank : 27, screenId : 1, user: UserHandle{0}, screenType: 0, pos: 27, screen: 1
07-10 01:25:37.252 29666 29666 I Launcher.AppsPageDelegate: updateItemToNewPosition = title : KAlgebra, rank : 25, screenId : 1, user: UserHandle{0}, screenType: 0, pos: 25, screen: 1
07-10 01:25:37.252 29666 29666 I Launcher.AppsPageDelegate: updateItemToNewPosition = title : Game Plugins, rank : 15, screenId : 1, user: UserHandle{0}, screenType: 0, pos: 15, screen: 1
07-10 01:25:37.252 29666 29666 I Launcher.AppsPageDelegate: updateItemToNewPosition = title : Knowledge, rank : 29, screenId : 1, user: UserHandle{0}, screenType: 0, pos: 29, screen: 1
07-10 01:25:37.252 29666 29666 I Launcher.AppsPageDelegate: updateItemToNewPosition = title : Duolingo, rank : 3, screenId : 1, user: UserHandle{0}, screenType: 0, pos: 3, screen: 1
07-10 01:25:37.252 29666 29666 I Launcher.AppsPageDelegate: updateItemToNewPosition = title : Forest, rank : 10, screenId : 1, user: UserHandle{0}, screenType: 0, pos: 10, screen: 1
07-10 01:25:37.252 29666 29666 I Launcher.AppsPageDelegate: updateItemToNewPosition = title : Flipd, rank : 9, screenId : 1, user: UserHandle{0}, screenType: 0, pos: 9, screen: 1
07-10 01:25:37.252 29666 29666 I Launcher.AppsPageDelegate: updateItemToNewPosition = title : DontKillMyApp, rank : 0, screenId : 1, user: UserHandle{0}, screenType: 0, pos: 0, screen: 1
07-10 01:25:37.252 29666 29666 I Launcher.AppsPageDelegate: updateItemToNewPosition = title : Instagram, rank : 24, screenId : 1, user: UserHandle{0}, screenType: 0, pos: 24, screen: 1
07-10 01:25:37.252 29666 29666 I Launcher.AppsPageDelegate: updateItemToNewPosition = title : Durak, rank : 4, screenId : 1, user: UserHandle{0}, screenType: 0, pos: 4, screen: 1
07-10 01:25:37.253 29666 29666 I Launcher.AppsPageDelegate: updateItemToNewPosition = title : Games, rank : 16, screenId : 1, user: UserHandle{0}, screenType: 0, pos: 16, screen: 1
07-10 01:25:37.253 29666 29666 I Launcher.AppsPageDelegate: updateItemToNewPosition = title : Grammarly, rank : 21, screenId : 1, user: UserHandle{0}, screenType: 0, pos: 21, screen: 1
07-10 01:25:37.253 29666 29666 I Launcher.AppsPageDelegate: updateItemToNewPosition = title : F-Droid, rank : 6, screenId : 1, user: UserHandle{0}, screenType: 0, pos: 6, screen: 1
07-10 01:25:37.253 29666 29666 I Launcher.AppsPageDelegate: updateItemToNewPosition = title : OneDrive, rank : 22, screenId : 2, user: UserHandle{0}, screenType: 0, pos: 22, screen: 2
07-10 01:25:37.253 29666 29666 I Launcher.AppsPageDelegate: updateItemToNewPosition = title : Phone, rank : 26, screenId : 2, user: UserHandle{0}, screenType: 0, pos: 26, screen: 2
07-10 01:25:37.253 29666 29666 I Launcher.AppsPageDelegate: updateItemToNewPosition = title : Messages, rank : 10, screenId : 2, user: UserHandle{0}, screenType: 0, pos: 10, screen: 2
07-10 01:25:37.253 29666 29666 I Launcher.AppsPageDelegate: updateItemToNewPosition = title : Mail, rank : 3, screenId : 2, user: UserHandle{0}, screenType: 0, pos: 3, screen: 2
07-10 01:25:37.253 29666 29666 I Launcher.AppsPageDelegate: updateItemToNewPosition = title : Photos, rank : 29, screenId : 2, user: UserHandle{0}, screenType: 0, pos: 29, screen: 2
07-10 01:25:37.253 29666 29666 I Launcher.AppsPageDelegate: updateItemToNewPosition = title : Microsoft 365 (Office), rank : 11, screenId : 2, user: UserHandle{0}, screenType: 0, pos: 11, screen: 2
07-10 01:25:37.253 29666 29666 I Launcher.AppsPageDelegate: updateItemToNewPosition = title : Mail, rank : 4, screenId : 2, user: UserHandle{0}, screenType: 0, pos: 4, screen: 2
07-10 01:25:37.253 29666 29666 I Launcher.AppsPageDelegate: updateItemToNewPosition = title : Maps, rank : 5, screenId : 2, user: UserHandle{0}, screenType: 0, pos: 5, screen: 2
07-10 01:25:37.253 29666 29666 I Launcher.AppsPageDelegate: updateItemToNewPosition = title : PaintCAD, rank : 25, screenId : 2, user: UserHandle{0}, screenType: 0, pos: 25, screen: 2
07-10 01:25:37.253 29666 29666 I Launcher.AppsPageDelegate: updateItemToNewPosition = title : OONI Probe, rank : 23, screenId : 2, user: UserHandle{0}, screenType: 0, pos: 23, screen: 2
07-10 01:25:37.253 29666 29666 I Launcher.AppsPageDelegate: updateItemToNewPosition = title : Microsoft Launcher, rank : 12, screenId : 2, user: UserHandle{0}, screenType: 0, pos: 12, screen: 2
07-10 01:25:37.253 29666 29666 I Launcher.AppsPageDelegate: updateItemToNewPosition = title : my.itmo, rank : 18, screenId : 2, user: UserHandle{0}, screenType: 0, pos: 18, screen: 2
07-10 01:25:37.253 29666 29666 I Launcher.AppsPageDelegate: updateItemToNewPosition = title : Photomath, rank : 28, screenId : 2, user: UserHandle{0}, screenType: 0, pos: 28, screen: 2
07-10 01:25:37.253 29666 29666 I Launcher.AppsPageDelegate: updateItemToNewPosition = title : Orbot, rank : 24, screenId : 2, user: UserHandle{0}, screenType: 0, pos: 24, screen: 2
07-10 01:25:37.253 29666 29666 I Launcher.AppsPageDelegate: updateItemToNewPosition = title : Natural Scientific Calculator, rank : 19, screenId : 2, user: UserHandle{0}, screenType: 0, pos: 19, screen: 2
07-10 01:25:37.253 29666 29666 I Launcher.AppsPageDelegate: updateItemToNewPosition = title : meduza, rank : 6, screenId : 2, user: UserHandle{0}, screenType: 0, pos: 6, screen: 2
07-10 01:25:37.253 29666 29666 I Launcher.AppsPageDelegate: updateItemToNewPosition = title : Meet, rank : 7, screenId : 2, user: UserHandle{0}, screenType: 0, pos: 7, screen: 2
07-10 01:25:37.253 29666 29666 I Launcher.AppsPageDelegate: updateItemToNewPosition = title : PhoneAccount Abuse Detector, rank : 27, screenId : 2, user: UserHandle{0}, screenType: 0, pos: 27, screen: 2
07-10 01:25:37.253 29666 29666 I Launcher.AppsPageDelegate: updateItemToNewPosition = title : Lens, rank : 1, screenId : 2, user: UserHandle{0}, screenType: 0, pos: 1, screen: 2
07-10 01:25:37.253 29666 29666 I Launcher.AppsPageDelegate: updateItemToNewPosition = title : Moodle, rank : 15, screenId : 2, user: UserHandle{0}, screenType: 0, pos: 15, screen: 2
07-10 01:25:37.253 29666 29666 I Launcher.AppsPageDelegate: updateItemToNewPosition = title : Omnics, rank : 21, screenId : 2, user: UserHandle{0}, screenType: 0, pos: 21, screen: 2
07-10 01:25:37.253 29666 29666 I Launcher.AppsPageDelegate: updateItemToNewPosition = title : Moja mBanka, rank : 14, screenId : 2, user: UserHandle{0}, screenType: 0, pos: 14, screen: 2
07-10 01:25:37.253 29666 29666 I Launcher.AppsPageDelegate: updateItemToNewPosition = title : Meet (original), rank : 8, screenId : 2, user: UserHandle{0}, screenType: 0, pos: 8, screen: 2
07-10 01:25:37.253 29666 29666 I Launcher.AppsPageDelegate: updateItemToNewPosition = title : LinkedIn, rank : 2, screenId : 2, user: UserHandle{0}, screenType: 0, pos: 2, screen: 2
07-10 01:25:37.254 29666 29666 I Launcher.AppsPageDelegate: updateItemToNewPosition = title : Moovit, rank : 16, screenId : 2, user: UserHandle{0}, screenType: 0, pos: 16, screen: 2
07-10 01:25:37.254 29666 29666 I Launcher.AppsPageDelegate: updateItemToNewPosition = title : Notion, rank : 20, screenId : 2, user: UserHandle{0}, screenType: 0, pos: 20, screen: 2
07-10 01:25:37.254 29666 29666 I Launcher.AppsPageDelegate: updateItemToNewPosition = title : Moj Maxi, rank : 13, screenId : 2, user: UserHandle{0}, screenType: 0, pos: 13, screen: 2
07-10 01:25:37.254 29666 29666 I Launcher.AppsPageDelegate: updateItemToNewPosition = title : Music, rank : 17, screenId : 2, user: UserHandle{0}, screenType: 0, pos: 17, screen: 2
07-10 01:25:37.254 29666 29666 I Launcher.AppsPageDelegate: updateItemToNewPosition = title : MegaFonPRO, rank : 9, screenId : 2, user: UserHandle{0}, screenType: 0, pos: 9, screen: 2
07-10 01:25:37.254 29666 29666 I Launcher.AppsPageDelegate: updateItemToNewPosition = title : Kotlin playground, rank : 0, screenId : 2, user: UserHandle{0}, screenType: 0, pos: 0, screen: 2
07-10 01:25:37.254 29666 29666 I Launcher.AppsPageDelegate: updateItemToNewPosition = title : Play Store, rank : 3, screenId : 3, user: UserHandle{0}, screenType: 0, pos: 3, screen: 3
07-10 01:25:37.254 29666 29666 I Launcher.AppsPageDelegate: updateItemToNewPosition = title : Settings, rank : 16, screenId : 3, user: UserHandle{0}, screenType: 0, pos: 16, screen: 3
07-10 01:25:37.254 29666 29666 I Launcher.AppsPageDelegate: updateItemToNewPosition = title : Samsung Health, rank : 12, screenId : 3, user: UserHandle{0}, screenType: 0, pos: 12, screen: 3
07-10 01:25:37.254 29666 29666 I Launcher.AppsPageDelegate: updateItemToNewPosition = title : Samsung Members, rank : 13, screenId : 3, user: UserHandle{0}, screenType: 0, pos: 13, screen: 3
07-10 01:25:37.254 29666 29666 I Launcher.AppsPageDelegate: updateItemToNewPosition = title : Samsung Notes, rank : 14, screenId : 3, user: UserHandle{0}, screenType: 0, pos: 14, screen: 3
07-10 01:25:37.254 29666 29666 I Launcher.AppsPageDelegate: updateItemToNewPosition = title : Stepik, rank : 29, screenId : 3, user: UserHandle{0}, screenType: 0, pos: 29, screen: 3
07-10 01:25:37.254 29666 29666 I Launcher.AppsPageDelegate: updateItemToNewPosition = title : Sheets, rank : 18, screenId : 3, user: UserHandle{0}, screenType: 0, pos: 18, screen: 3
07-10 01:25:37.254 29666 29666 I Launcher.AppsPageDelegate: updateItemToNewPosition = title : QuickEdit, rank : 7, screenId : 3, user: UserHandle{0}, screenType: 0, pos: 7, screen: 3
07-10 01:25:37.254 29666 29666 I Launcher.AppsPageDelegate: updateItemToNewPosition = title : RAR, rank : 10, screenId : 3, user: UserHandle{0}, screenType: 0, pos: 10, screen: 3
07-10 01:25:37.254 29666 29666 I Launcher.AppsPageDelegate: updateItemToNewPosition = title : PhotoScan, rank : 0, screenId : 3, user: UserHandle{0}, screenType: 0, pos: 0, screen: 3
07-10 01:25:37.254 29666 29666 I Launcher.AppsPageDelegate: updateItemToNewPosition = title : Slides, rank : 21, screenId : 3, user: UserHandle{0}, screenType: 0, pos: 21, screen: 3
07-10 01:25:37.254 29666 29666 I Launcher.AppsPageDelegate: updateItemToNewPosition = title : Speedtest, rank : 25, screenId : 3, user: UserHandle{0}, screenType: 0, pos: 25, screen: 3
07-10 01:25:37.254 29666 29666 I Launcher.AppsPageDelegate: updateItemToNewPosition = title : Shazam, rank : 17, screenId : 3, user: UserHandle{0}, screenType: 0, pos: 17, screen: 3
07-10 01:25:37.254 29666 29666 I Launcher.AppsPageDelegate: updateItemToNewPosition = title : Pydroid 3, rank : 6, screenId : 3, user: UserHandle{0}, screenType: 0, pos: 6, screen: 3
07-10 01:25:37.254 29666 29666 I Launcher.AppsPageDelegate: updateItemToNewPosition = title : Slack, rank : 20, screenId : 3, user: UserHandle{0}, screenType: 0, pos: 20, screen: 3
07-10 01:25:37.254 29666 29666 I Launcher.AppsPageDelegate: updateItemToNewPosition = title : Skype, rank : 19, screenId : 3, user: UserHandle{0}, screenType: 0, pos: 19, screen: 3
07-10 01:25:37.254 29666 29666 I Launcher.AppsPageDelegate: updateItemToNewPosition = title : Play Music, rank : 2, screenId : 3, user: UserHandle{0}, screenType: 0, pos: 2, screen: 3
07-10 01:25:37.254 29666 29666 I Launcher.AppsPageDelegate: updateItemToNewPosition = title : Psiphon Pro, rank : 5, screenId : 3, user: UserHandle{0}, screenType: 0, pos: 5, screen: 3
07-10 01:25:37.254 29666 29666 I Launcher.AppsPageDelegate: updateItemToNewPosition = title : ScreenshotGo, rank : 15, screenId : 3, user: UserHandle{0}, screenType: 0, pos: 15, screen: 3
07-10 01:25:37.254 29666 29666 I Launcher.AppsPageDelegate: updateItemToNewPosition = title : Smart Tutor, rank : 22, screenId : 3, user: UserHandle{0}, screenType: 0, pos: 22, screen: 3
07-10 01:25:37.254 29666 29666 I Launcher.AppsPageDelegate: updateItemToNewPosition = title : RaiPay, rank : 9, screenId : 3, user: UserHandle{0}, screenType: 0, pos: 9, screen: 3
07-10 01:25:37.254 29666 29666 I Launcher.AppsPageDelegate: updateItemToNewPosition = title : Proton VPN, rank : 4, screenId : 3, user: UserHandle{0}, screenType: 0, pos: 4, screen: 3
07-10 01:25:37.255 29666 29666 I Launcher.AppsPageDelegate: updateItemToNewPosition = title : Quip, rank : 8, screenId : 3, user: UserHandle{0}, screenType: 0, pos: 8, screen: 3
07-10 01:25:37.255 29666 29666 I Launcher.AppsPageDelegate: updateItemToNewPosition = title : Splitwise, rank : 26, screenId : 3, user: UserHandle{0}, screenType: 0, pos: 26, screen: 3
07-10 01:25:37.255 29666 29666 I Launcher.AppsPageDelegate: updateItemToNewPosition = title : Space, rank : 23, screenId : 3, user: UserHandle{0}, screenType: 0, pos: 23, screen: 3
07-10 01:25:37.255 29666 29666 I Launcher.AppsPageDelegate: updateItemToNewPosition = title : Play Games, rank : 1, screenId : 3, user: UserHandle{0}, screenType: 0, pos: 1, screen: 3
07-10 01:25:37.255 29666 29666 I Launcher.AppsPageDelegate: updateItemToNewPosition = title : Reddit, rank : 11, screenId : 3, user: UserHandle{0}, screenType: 0, pos: 11, screen: 3
07-10 01:25:37.255 29666 29666 I Launcher.AppsPageDelegate: updateItemToNewPosition = title : SPACE, rank : 24, screenId : 3, user: UserHandle{0}, screenType: 0, pos: 24, screen: 3
07-10 01:25:37.255 29666 29666 I Launcher.AppsPageDelegate: updateItemToNewPosition = title : Srbija voz, rank : 27, screenId : 3, user: UserHandle{0}, screenType: 0, pos: 27, screen: 3
07-10 01:25:37.255 29666 29666 I Launcher.AppsPageDelegate: updateItemToNewPosition = title : Steam, rank : 28, screenId : 3, user: UserHandle{0}, screenType: 0, pos: 28, screen: 3
07-10 01:25:37.255 29666 29666 I Launcher.AppsPageDelegate: updateItemToNewPosition = title : Yandex Start, rank : 27, screenId : 4, user: UserHandle{0}, screenType: 0, pos: 27, screen: 4
07-10 01:25:37.255 29666 29666 I Launcher.AppsPageDelegate: updateItemToNewPosition = title : Voice Recorder, rank : 15, screenId : 4, user: UserHandle{0}, screenType: 0, pos: 15, screen: 4
07-10 01:25:37.255 29666 29666 I Launcher.AppsPageDelegate: updateItemToNewPosition = title : Tips, rank : 8, screenId : 4, user: UserHandle{0}, screenType: 0, pos: 8, screen: 4
07-10 01:25:37.255 29666 29666 I Launcher.AppsPageDelegate: updateItemToNewPosition = title : Telegram, rank : 3, screenId : 4, user: UserHandle{0}, screenType: 0, pos: 3, screen: 4
07-10 01:25:37.255 29666 29666 I Launcher.AppsPageDelegate: updateItemToNewPosition = title : WhatsApp, rank : 17, screenId : 4, user: UserHandle{0}, screenType: 0, pos: 17, screen: 4
07-10 01:25:37.255 29666 29666 I Launcher.AppsPageDelegate: updateItemToNewPosition = title : Translate, rank : 10, screenId : 4, user: UserHandle{0}, screenType: 0, pos: 10, screen: 4
07-10 01:25:37.255 29666 29666 I Launcher.AppsPageDelegate: updateItemToNewPosition = title : Tasks, rank : 0, screenId : 4, user: UserHandle{0}, screenType: 0, pos: 0, screen: 4
07-10 01:25:37.255 29666 29666 I Launcher.AppsPageDelegate: updateItemToNewPosition = title : Termux, rank : 5, screenId : 4, user: UserHandle{0}, screenType: 0, pos: 5, screen: 4
07-10 01:25:37.255 29666 29666 I Launcher.AppsPageDelegate: updateItemToNewPosition = title : Word, rank : 21, screenId : 4, user: UserHandle{0}, screenType: 0, pos: 21, screen: 4
07-10 01:25:37.255 29666 29666 I Launcher.AppsPageDelegate: updateItemToNewPosition = title : Yandex Disk, rank : 24, screenId : 4, user: UserHandle{0}, screenType: 0, pos: 24, screen: 4
07-10 01:25:37.255 29666 29666 I Launcher.AppsPageDelegate: updateItemToNewPosition = title : Yandex Navi, rank : 26, screenId : 4, user: UserHandle{0}, screenType: 0, pos: 26, screen: 4
07-10 01:25:37.255 29666 29666 I Launcher.AppsPageDelegate: updateItemToNewPosition = title : Wolfram Alpha, rank : 19, screenId : 4, user: UserHandle{0}, screenType: 0, pos: 19, screen: 4
07-10 01:25:37.255 29666 29666 I Launcher.AppsPageDelegate: updateItemToNewPosition = title : Translate, rank : 11, screenId : 4, user: UserHandle{0}, screenType: 0, pos: 11, screen: 4
07-10 01:25:37.255 29666 29666 I Launcher.AppsPageDelegate: updateItemToNewPosition = title : Termux Tutorial, rank : 6, screenId : 4, user: UserHandle{0}, screenType: 0, pos: 6, screen: 4
07-10 01:25:37.255 29666 29666 I Launcher.AppsPageDelegate: updateItemToNewPosition = title : Y.Weather, rank : 23, screenId : 4, user: UserHandle{0}, screenType: 0, pos: 23, screen: 4
07-10 01:25:37.255 29666 29666 I Launcher.AppsPageDelegate: updateItemToNewPosition = title : YandexGo, rank : 28, screenId : 4, user: UserHandle{0}, screenType: 0, pos: 28, screen: 4
07-10 01:25:37.255 29666 29666 I Launcher.AppsPageDelegate: updateItemToNewPosition = title : Twitch, rank : 12, screenId : 4, user: UserHandle{0}, screenType: 0, pos: 12, screen: 4
07-10 01:25:37.255 29666 29666 I Launcher.AppsPageDelegate: updateItemToNewPosition = title : Yandex Metro, rank : 25, screenId : 4, user: UserHandle{0}, screenType: 0, pos: 25, screen: 4
07-10 01:25:37.255 29666 29666 I Launcher.AppsPageDelegate: updateItemToNewPosition = title : Wallet, rank : 16, screenId : 4, user: UserHandle{0}, screenType: 0, pos: 16, screen: 4
07-10 01:25:37.255 29666 29666 I Launcher.AppsPageDelegate: updateItemToNewPosition = title : Yettel, rank : 29, screenId : 4, user: UserHandle{0}, screenType: 0, pos: 29, screen: 4
07-10 01:25:37.256 29666 29666 I Launcher.AppsPageDelegate: updateItemToNewPosition = title : Wolt, rank : 20, screenId : 4, user: UserHandle{0}, screenType: 0, pos: 20, screen: 4
07-10 01:25:37.256 29666 29666 I Launcher.AppsPageDelegate: updateItemToNewPosition = title : Teams, rank : 2, screenId : 4, user: UserHandle{0}, screenType: 0, pos: 2, screen: 4
07-10 01:25:37.256 29666 29666 I Launcher.AppsPageDelegate: updateItemToNewPosition = title : WiFiAnalyzer, rank : 18, screenId : 4, user: UserHandle{0}, screenType: 0, pos: 18, screen: 4
07-10 01:25:37.256 29666 29666 I Launcher.AppsPageDelegate: updateItemToNewPosition = title : To Do, rank : 9, screenId : 4, user: UserHandle{0}, screenType: 0, pos: 9, screen: 4
07-10 01:25:37.256 29666 29666 I Launcher.AppsPageDelegate: updateItemToNewPosition = title : Tinkoff, rank : 7, screenId : 4, user: UserHandle{0}, screenType: 0, pos: 7, screen: 4
07-10 01:25:37.256 29666 29666 I Launcher.AppsPageDelegate: updateItemToNewPosition = title : Twitter, rank : 13, screenId : 4, user: UserHandle{0}, screenType: 0, pos: 13, screen: 4
07-10 01:25:37.256 29666 29666 I Launcher.AppsPageDelegate: updateItemToNewPosition = title : Telemost, rank : 4, screenId : 4, user: UserHandle{0}, screenType: 0, pos: 4, screen: 4
07-10 01:25:37.256 29666 29666 I Launcher.AppsPageDelegate: updateItemToNewPosition = title : Xiaomi Home, rank : 22, screenId : 4, user: UserHandle{0}, screenType: 0, pos: 22, screen: 4
07-10 01:25:37.256 29666 29666 I Launcher.AppsPageDelegate: updateItemToNewPosition = title : TeamCityApp, rank : 1, screenId : 4, user: UserHandle{0}, screenType: 0, pos: 1, screen: 4
07-10 01:25:37.256 29666 29666 I Launcher.AppsPageDelegate: updateItemToNewPosition = title : Urban VPN, rank : 14, screenId : 4, user: UserHandle{0}, screenType: 0, pos: 14, screen: 4
07-10 01:25:37.256 29666 29666 I Launcher.AppsPageDelegate: updateItemToNewPosition = title : Магазин, rank : 6, screenId : 5, user: UserHandle{0}, screenType: 0, pos: 6, screen: 5
07-10 01:25:37.256 29666 29666 I Launcher.AppsPageDelegate: updateItemToNewPosition = title : Университет ИТМО, rank : 12, screenId : 5, user: UserHandle{0}, screenType: 0, pos: 12, screen: 5
07-10 01:25:37.256 29666 29666 I Launcher.AppsPageDelegate: updateItemToNewPosition = title : МегаФон, rank : 7, screenId : 5, user: UserHandle{0}, screenType: 0, pos: 7, screen: 5
07-10 01:25:37.256 29666 29666 I Launcher.AppsPageDelegate: updateItemToNewPosition = title : Теремок, rank : 10, screenId : 5, user: UserHandle{0}, screenType: 0, pos: 10, screen: 5
07-10 01:25:37.256 29666 29666 I Launcher.AppsPageDelegate: updateItemToNewPosition = title : Госуслуги, rank : 2, screenId : 5, user: UserHandle{0}, screenType: 0, pos: 2, screen: 5
07-10 01:25:37.256 29666 29666 I Launcher.AppsPageDelegate: updateItemToNewPosition = title : Мой Tele2, rank : 8, screenId : 5, user: UserHandle{0}, screenType: 0, pos: 8, screen: 5
07-10 01:25:37.256 29666 29666 I Launcher.AppsPageDelegate: updateItemToNewPosition = title : Инвестиции, rank : 4, screenId : 5, user: UserHandle{0}, screenType: 0, pos: 4, screen: 5
07-10 01:25:37.256 29666 29666 I Launcher.AppsPageDelegate: updateItemToNewPosition = title : Налоги ФЛ, rank : 9, screenId : 5, user: UserHandle{0}, screenType: 0, pos: 9, screen: 5
07-10 01:25:37.256 29666 29666 I Launcher.AppsPageDelegate: updateItemToNewPosition = title : Zoom, rank : 1, screenId : 5, user: UserHandle{0}, screenType: 0, pos: 1, screen: 5
07-10 01:25:37.256 29666 29666 I Launcher.AppsPageDelegate: updateItemToNewPosition = title : Евразия, rank : 3, screenId : 5, user: UserHandle{0}, screenType: 0, pos: 3, screen: 5
07-10 01:25:37.256 29666 29666 I Launcher.AppsPageDelegate: updateItemToNewPosition = title : YouTrack, rank : 0, screenId : 5, user: UserHandle{0}, screenType: 0, pos: 0, screen: 5
07-10 01:25:37.256 29666 29666 I Launcher.AppsPageDelegate: updateItemToNewPosition = title : М.Видео, rank : 5, screenId : 5, user: UserHandle{0}, screenType: 0, pos: 5, screen: 5
07-10 01:25:37.256 29666 29666 I Launcher.AppsPageDelegate: updateItemToNewPosition = title : Умный Дом, rank : 11, screenId : 5, user: UserHandle{0}, screenType: 0, pos: 11, screen: 5
07-10 01:25:37.256 29666 29666 I Launcher.AppsPageDelegate: rearrangeChildren took : 6
07-10 01:25:37.275 29666 29751 I WidgetsModel: EasyModeWidget will be excluded on WidgetList.
07-10 01:25:37.288 29666 29751 I PostPositionOperator: addItem() - com.microsoft.office.officehubrow, isWidgetOnly : true
07-10 01:25:37.289 29666 29751 W PackageUpdatedTask: refreshSearchLayout return, operation is not matched
07-10 01:25:37.354  6461  6566 D MobileStatusTracker(1/2): onSignalStrengthsChanged level=3, vendorLevel=3
07-10 01:25:37.355  6461  6566 D MobileSignalController(1/2): notifyListener: enabled=true, connected=true, dataConnected=false, networkType=LTE (4G), emergencyOnly=false, roaming=false, isDefault=false, dataActivity=, level=3, ca=false, mmWave=false, disabledDataIcon=false, simCard=ETC
07-10 01:25:37.360  6461  6566 D NetworkController: SignalStrength from intent slotId=1
07-10 01:25:37.386 29666 29666 I CapturePreview: sendMessageForCapture
07-10 01:25:37.846  5674  6067 I SearchManagerService: _updateSearchables
07-10 01:25:37.932  5674  6593 D PackageManager: setEnabledSetting : userId = 0 packageName = com.Slack cmp = androidx.work.impl.background.systemalarm.RescheduleReceiver newState = 1 callingPackage = 10329/com.Slack
07-10 01:25:37.933  5674  6593 D ApplicationPolicy: getApplicationStateEnabled : pkg = com.Slack userId : 0
07-10 01:25:37.935  5674  6593 D ApplicationPolicy: getApplicationComponentState : pkg = com.Slack userId : 0
07-10 01:25:37.961 27269 27291 D TrafficStats: tagSocket(116) with statsTag=0xd83ddc19, statsUid=-1
07-10 01:25:37.961  5674  5745 W libprocessgroup: Failed to open /dev/blkio//cgroup.procs: No such file or directory
07-10 01:25:37.962  5353  6075 V APM_AudioPolicyManager: setAppState(portId:1005, state:1)
07-10 01:25:37.963  5674  6213 D NetdEventListenerService: DNS Requested by : 118, 10263
07-10 01:25:37.981 25156 25218 D ConnectivityManager: StackLog: [android.net.ConnectivityManager.sendRequestForNetwork(ConnectivityManager.java:4300)] [android.net.ConnectivityManager.registerDefaultNetworkCallbackForUid(ConnectivityManager.java:4864)] [android.net.ConnectivityManager.registerDefaultNetworkCallback(ConnectivityManager.java:4831)] [android.net.ConnectivityManager.registerDefaultNetworkCallback(ConnectivityManager.java:4805)] [androidx.work.impl.utils.NetworkApi24.registerDefaultNetworkCallbackCompat(Unknown Source:11)] [androidx.work.impl.constraints.trackers.NetworkStateTracker24.startTracking(Unknown Source:15)] [androidx.work.impl.constraints.controllers.ConstraintController.replace(Unknown Source:130)] [androidx.work.impl.constraints.WorkConstraintsTrackerImpl.replace(Unknown Source:41)] [androidx.work.impl.background.greedy.GreedyScheduler.schedule(Unknown Source:302)] [androidx.work.impl.Schedulers.schedule(Unknown Source:155)] [androidx.work.impl.utils.EnqueueRunnable.run(Unknown Source:53)] [androidx.work.Worker$2.run$androidx$work$impl$utils$SerialExecutorImpl$Task(Unknown Source:4)] [androidx.work.Worker$2.run(Unknown Source:868)] [java.util.concurrent.ThreadPoolExecutor.runWorker(ThreadPoolExecutor.java:1137)] [java.util.concurrent.ThreadPoolExecutor$Worker.run(ThreadPoolExecutor.java:637)] [java.lang.Thread.run(Thread.java:1012)]
07-10 01:25:37.984  5674  9851 D ConnectivityService: requestNetwork for uid/pid:10329/25156 activeRequest: null callbackRequest: 16712 [NetworkRequest [ REQUEST id=16713, [ Capabilities: INTERNET&NOT_RESTRICTED&TRUSTED&NOT_VCN_MANAGED Uid: 10329 RequestorUid: 10329 RequestorPkg: com.Slack UnderlyingNetworks: Null] ]] callback flags: 0 order: 2147483647
07-10 01:25:37.985  5674  6055 D ConnectivityService:    accepting network in place of null
07-10 01:25:37.994  5674  6045 D WifiNetworkFactory: got request NetworkRequest [ REQUEST id=16713, [ Capabilities: INTERNET&NOT_RESTRICTED&TRUSTED&NOT_VCN_MANAGED Uid: 10329 RequestorUid: 10329 RequestorPkg: com.Slack UnderlyingNetworks: Null] ]
07-10 01:25:37.997  5674  6045 D UntrustedWifiNetworkFactory: got request NetworkRequest [ REQUEST id=16713, [ Capabilities: INTERNET&NOT_RESTRICTED&TRUSTED&NOT_VCN_MANAGED Uid: 10329 RequestorUid: 10329 RequestorPkg: com.Slack UnderlyingNetworks: Null] ]
07-10 01:25:37.999  5674  6045 D OemPaidWifiNetworkFactory: got request NetworkRequest [ REQUEST id=16713, [ Capabilities: INTERNET&NOT_RESTRICTED&TRUSTED&NOT_VCN_MANAGED Uid: 10329 RequestorUid: 10329 RequestorPkg: com.Slack UnderlyingNetworks: Null] ]
07-10 01:25:38.003  5674  6045 D MultiInternetWifiNetworkFactory: got request NetworkRequest [ REQUEST id=16713, [ Capabilities: INTERNET&NOT_RESTRICTED&TRUSTED&NOT_VCN_MANAGED Uid: 10329 RequestorUid: 10329 RequestorPkg: com.Slack UnderlyingNetworks: Null] ]
07-10 01:25:38.004  5674  6055 D ConnectivityService: Rematched networks [computed 0ms] [applied 2ms] [issued 17]
07-10 01:25:38.004  5674  6055 D ConnectivityService: NetworkReassignment :
07-10 01:25:38.004  5674  6055 D ConnectivityService:   16713 : null → 118
07-10 01:25:38.011 25156 25156 D ConnectivityManager: StackLog: [android.net.ConnectivityManager.unregisterNetworkCallback(ConnectivityManager.java:4972)] [androidx.work.impl.utils.NetworkApi21.unregisterNetworkCallbackCompat(Unknown Source:11)] [androidx.work.impl.constraints.trackers.NetworkStateTracker24.stopTracking(Unknown Source:15)] [androidx.work.impl.constraints.trackers.ConstraintTracker.removeListener(Unknown Source:24)] [androidx.work.impl.constraints.controllers.ConstraintController.replace(Unknown Source:81)] [androidx.work.impl.constraints.WorkConstraintsTrackerImpl.replace(Unknown Source:41)] [androidx.work.impl.background.greedy.GreedyScheduler.onExecuted(Unknown Source:55)] [androidx.work.impl.Processor.onExecuted(Unknown Source:59)] [com.bugsnag.android.DeliveryDelegate$1.run(Unknown Source:212)]
07-10 01:25:38.012  5674  6055 D ConnectivityService:  Removing from current network [118 WIFI], leaving 156 requests.
07-10 01:25:38.020  5353  6075 V APM_AudioPolicyManager: setAppState(portId:1005, state:1)
07-10 01:25:38.027  5353  6075 V APM_AudioPolicyManager: setAppState(portId:1005, state:1)
07-10 01:25:38.240 27269 27280 W System  : A resource failed to call close.
07-10 01:25:38.379  5674  6067 W SearchableInfo: Invalid searchable metadata for com.samsung.android.messaging/.ui.view.recipientspicker.PickerActivity: Search label must be a resource reference.
07-10 01:25:38.801  3584  3592 I com.kms.free: Background concurrent copying GC freed 240953(6879KB) AllocSpace objects, 25(1040KB) LOS objects, 49% free, 7797KB/15MB, paused 561us,219us total 397.941ms
07-10 01:25:38.801  3584  3592 W com.kms.free: Reducing the number of considered missed Gc histogram windows from 158 to 100
07-10 01:25:39.313 29666 29742 E SmartSuggestionsHelper: isSmartSuggestionsEnabled: Attempt to invoke virtual method 'android.os.Bundle android.content.ContentProviderClient.call(java.lang.String, java.lang.String, android.os.Bundle)' on a null object reference
07-10 01:25:39.416  5674  7726 D SemWifiUsabilityStatsMonitor: onWifiUsabilityStats - seqNum 21930, isSameBssidAndFreq true
07-10 01:25:39.418  5674  6128 I SemWifiLinkQualityMonitor: Link Qos Query: 0.028 ms / 289.059 Mbps (351 / 0.000 / 1.214)
07-10 01:25:39.664  5674  6067 I SearchManagerService: _updateSearchables completed.
07-10 01:25:40.395 29666 29666 I CapturePreview: canCapture status : false false false false true false
07-10 01:25:40.396 29666 29666 I CapturePreview: startCaptureScreen fail : com.android.launcher3.LauncherRootView{aec6692 V.E...... ......ID 0,0-1080,2400 #7f0a025e app:id/launcher}
07-10 01:25:40.544 27269 27432 I BackgroundTaskWorker: Service Worker. Action: com.microsoft.office.action.OFF_PEAK_HOURS_DAILY
07-10 01:25:40.549 27269 27432 W BackgroundTaskWorker: Skipping the BGService tasks as,Crash count: 4
07-10 01:25:40.563 27197 27231 I WM-WorkerWrapper: Worker result SUCCESS for Work [ id=f1731c91-f9fa-4699-bf3e-b27269398b55, tags={ com.microsoft.office.BackgroundTaskHost.BackgroundTaskWorker } ]
07-10 01:25:40.567  5674  6593 D PackageManager: setEnabledSetting : userId = 0 packageName = com.microsoft.office.officehubrow cmp = androidx.work.impl.background.systemalarm.RescheduleReceiver newState = 2 callingPackage = 10263/com.microsoft.office.officehubrow
07-10 01:25:40.583  5353  6075 V APM_AudioPolicyManager: setAppState(portId:1005, state:1)
07-10 01:25:40.586  5353  6075 V APM_AudioPolicyManager: setAppState(portId:1005, state:1)
07-10 01:25:40.616 27269 27388 D TrafficStats: tagSocket(6) with statsTag=0xffffffff, statsUid=-1
07-10 01:25:40.617  5674  6213 D NetdEventListenerService: DNS Requested by : 118, 10263
07-10 01:25:41.233 11611 11645 D Benchmark: THERMAL THROTTLE DETECTED, SLEEPING FOR 90 SECONDS
07-10 01:25:41.292 27269 27432 I TrafficStats: untagSocket(6)
07-10 01:25:41.321 27269 27432 I RegistryDBUtilities: Registry Database is disabled.
07-10 01:25:41.322 27269 27432 I RegistryDBUtilities: Registry Database is disabled.
07-10 01:25:41.322 27269 27432 I RegistryDBUtilities: Registry Database is disabled.
07-10 01:25:41.323 27269 27432 I RegistryDBUtilities: Registry Database is disabled.
07-10 01:25:41.357 27269 27432 D ConnectivityManager: StackLog: [android.net.ConnectivityManager.sendRequestForNetwork(ConnectivityManager.java:4300)] [android.net.ConnectivityManager.registerDefaultNetworkCallbackForUid(ConnectivityManager.java:4864)] [android.net.ConnectivityManager.registerDefaultNetworkCallback(ConnectivityManager.java:4831)] [android.net.ConnectivityManager.registerDefaultNetworkCallback(ConnectivityManager.java:4805)] [com.microsoft.applications.events.httpClient.<init>(Unknown Source:237)] [com.microsoft.office.ariaeventsink.OneSdkHttpClient.InitializeHttpClient(Unknown Source:14)] [com.microsoft.office.BackgroundTaskHost.LibletManager.forceUploadNative(Native Method)] [jm0.invokeSuspend(Unknown Source:33)] [jm0.invoke(Unknown Source:12)] [wbl.B(Unknown Source:4)] [wg5.E(Unknown Source:9)] [com.microsoft.office.BackgroundTaskHost.BackgroundTaskWorker.e(Unknown Source:9)] [km0.invokeSuspend(Unknown Source:189)] [km0.invoke(Unknown Source:12)] [wbl.B(Unknown Source:4)] [wg5.E(Unknown Source:9)] [cm0.invokeSuspend(Unknown Source:47)] [ip0.resumeWith(Unknown Source:8)] [rs3.run(Unknown Source:106)] [pl2.run(Unknown Source:82)]
07-10 01:25:41.360  5674  9929 D ConnectivityService: requestNetwork for uid/pid:10263/27269 activeRequest: null callbackRequest: 16714 [NetworkRequest [ REQUEST id=16715, [ Capabilities: INTERNET&NOT_RESTRICTED&TRUSTED&NOT_VCN_MANAGED Uid: 10263 RequestorUid: 10263 RequestorPkg: com.microsoft.office.officehubrow UnderlyingNetworks: Null] ]] callback flags: 0 order: 2147483647
07-10 01:25:41.362  5674  6055 D ConnectivityService:    accepting network in place of null
07-10 01:25:41.371  5674  6045 D WifiNetworkFactory: got request NetworkRequest [ REQUEST id=16715, [ Capabilities: INTERNET&NOT_RESTRICTED&TRUSTED&NOT_VCN_MANAGED Uid: 10263 RequestorUid: 10263 RequestorPkg: com.microsoft.office.officehubrow UnderlyingNetworks: Null] ]
07-10 01:25:41.372  5674  6045 D UntrustedWifiNetworkFactory: got request NetworkRequest [ REQUEST id=16715, [ Capabilities: INTERNET&NOT_RESTRICTED&TRUSTED&NOT_VCN_MANAGED Uid: 10263 RequestorUid: 10263 RequestorPkg: com.microsoft.office.officehubrow UnderlyingNetworks: Null] ]
07-10 01:25:41.375  5674  6045 D OemPaidWifiNetworkFactory: got request NetworkRequest [ REQUEST id=16715, [ Capabilities: INTERNET&NOT_RESTRICTED&TRUSTED&NOT_VCN_MANAGED Uid: 10263 RequestorUid: 10263 RequestorPkg: com.microsoft.office.officehubrow UnderlyingNetworks: Null] ]
07-10 01:25:41.376  5674  6045 D MultiInternetWifiNetworkFactory: got request NetworkRequest [ REQUEST id=16715, [ Capabilities: INTERNET&NOT_RESTRICTED&TRUSTED&NOT_VCN_MANAGED Uid: 10263 RequestorUid: 10263 RequestorPkg: com.microsoft.office.officehubrow UnderlyingNetworks: Null] ]
07-10 01:25:41.381  5674  6055 D ConnectivityService: Rematched networks [computed 1ms] [applied 2ms] [issued 17]
07-10 01:25:41.381  5674  6055 D ConnectivityService: NetworkReassignment :
07-10 01:25:41.381  5674  6055 D ConnectivityService:   16715 : null → 118
07-10 01:25:41.596  5674  5739 E system_server: No package ID 7f found for ID 0x7f080c4b.
07-10 01:25:41.597  5674  5739 E system_server: No package ID 7f found for ID 0x7f1305e3.
07-10 01:25:41.597  5674  5739 E system_server: No package ID 7f found for ID 0x7f0809dd.
07-10 01:25:41.597  5674  5739 E system_server: No package ID 7f found for ID 0x7f1304b1.
07-10 01:25:41.602  5674  5674 I AppWidgetServiceImpl: Received broadcast: android.intent.action.PACKAGE_CHANGED, Updates all providers with com.microsoft.office.officehubrow, userId: 0
07-10 01:25:41.607  5674  5722 I CompanionDeviceManagerService: onPackageModified() u0/com.microsoft.office.officehubrow
07-10 01:25:41.614 27310 27348 I PermissionControllerServiceImpl: Updating user sensitive for uid 10263
07-10 01:25:41.621  6429  6429 D CarrierSvcBindHelper: onPackageModified: com.microsoft.office.officehubrow
07-10 01:25:41.622  6429  6429 D CarrierSvcBindHelper: No carrier app for: 0
07-10 01:25:41.623  6429  6429 D CarrierSvcBindHelper: No carrier app for: 1
07-10 01:25:41.627  6461  6461 D SPluginManagerImpl: onReceive: android.intent.action.PACKAGE_CHANGED, size:{com.android.systemui.navigationbar.plugin.PluginBarInteractionManager$pluginListener$1@29d45b4=SPluginInstanceManager@228256491 (action=com.samsung.systemui.navigationbar.PLUGIN), com.samsung.android.systemui.multistar.MultiStarManager$2@515c19c=SPluginInstanceManager@189517896 (action=com.samsung.systemui.action.PLUGIN_MULTISTAR), com.android.systemui.volume.VolumeStarInteractor$1@6bc134f=SPluginInstanceManager@141414113 (action=com.samsung.systemui.volume.PLUGIN), com.android.systemui.slimindicator.SlimIndicatorPluginMediator@77b7710=SPluginInstanceManager@248501254 (action=com.samsung.systemui.action.SPLUGIN_SLIMINDICATOR), com.android.systemui.lockstar.PluginLockStarManager@815bda5=SPluginInstanceManager@62606023 (action=com.samsung.systemui.action.PLUGIN_LOCK_STAR), com.android.systemui.pluginlock.PluginLockMediatorImpl@bb386a6=SPluginInstanceManager@74557684 (action=com.samsung.systemui.action.PLUGIN_LOCK), com.android.systemui.noticenter.NotiCenterPlugin$NotiCenterPluginListener@e409ddc=SPluginInstanceManager@110589981 (action=com.samsung.systemui.action.PLUGIN_NOTICENTER)}
07-10 01:25:41.628  6461  6461 D KeyguardUpdateMonitor: received broadcast android.intent.action.PACKAGE_CHANGED
07-10 01:25:41.628  6461  6608 D PluginInstanceManager: queryPkg com.microsoft.office.officehubrow com.android.systemui.action.PLUGIN_GLOBAL_ACTIONS
07-10 01:25:41.629  6461  6608 D PluginInstanceManager: queryPkg com.microsoft.office.officehubrow com.android.systemui.action.PLUGIN_NOTIFICATION_MENU_ROW
07-10 01:25:41.629  6461  6608 D PluginInstanceManager: queryPkg com.microsoft.office.officehubrow com.samsung.systemui.action.PLUGIN_VIEW_COVER
07-10 01:25:41.629  6461  6608 D PluginInstanceManager: Too many of com.samsung.systemui.action.PLUGIN_VIEW_COVER
07-10 01:25:41.629  6461  6608 D PluginInstanceManager: queryPkg com.microsoft.office.officehubrow com.android.systemui.action.PLUGIN_NOTIFICATION_MENU_ROW
07-10 01:25:41.629  6461  6608 D PluginInstanceManager: queryPkg com.microsoft.office.officehubrow com.android.systemui.action.PLUGIN_TOAST
07-10 01:25:41.629  6461  6608 D PluginInstanceManager: queryPkg com.microsoft.office.officehubrow com.android.systemui.action.PLUGIN_OVERLAY
07-10 01:25:41.629  6461  6608 D PluginInstanceManager: queryPkg com.microsoft.office.officehubrow com.samsung.systemui.action.PLUGIN_FACE_WIDGET
07-10 01:25:41.629  6461  6608 D PluginInstanceManager: Too many of com.samsung.systemui.action.PLUGIN_FACE_WIDGET
07-10 01:25:41.629  6461  6608 D PluginInstanceManager: queryPkg com.microsoft.office.officehubrow com.android.systemui.action.PLUGIN_NOTIFICATION_ASSISTANT
07-10 01:25:41.629  6461  6608 D PluginInstanceManager: queryPkg com.microsoft.office.officehubrow com.android.systemui.action.PLUGIN_QS
07-10 01:25:41.629  6461  6608 D PluginInstanceManager: queryPkg com.microsoft.office.officehubrow com.android.systemui.action.PLUGIN_LOCKSCREEN_RIGHT_BUTTON
07-10 01:25:41.630  6461  6608 D PluginInstanceManager: queryPkg com.microsoft.office.officehubrow com.android.systemui.action.PLUGIN_CLOCK
07-10 01:25:41.630  6461  6608 D PluginInstanceManager: queryPkg com.microsoft.office.officehubrow com.android.systemui.action.PLUGIN_NOTIFICATION_MENU_ROW
07-10 01:25:41.630  6461  6608 D PluginInstanceManager: queryPkg com.microsoft.office.officehubrow com.android.systemui.action.PLUGIN_NOTIFICATION_MENU_ROW
07-10 01:25:41.630  6461  6608 D PluginInstanceManager: queryPkg com.microsoft.office.officehubrow com.android.systemui.action.PLUGIN_NOTIFICATION_MENU_ROW
07-10 01:25:41.630  6461  6608 D PluginInstanceManager: queryPkg com.microsoft.office.officehubrow com.android.systemui.action.PLUGIN_LOCKSCREEN_LEFT_BUTTON
07-10 01:25:41.630  6461  6608 D PluginInstanceManager: queryPkg com.microsoft.office.officehubrow com.android.systemui.action.PLUGIN_NOTIFICATION_MENU_ROW
07-10 01:25:41.630  6461  6608 D PluginInstanceManager: queryPkg com.microsoft.office.officehubrow com.android.systemui.action.PLUGIN_CLOCK
07-10 01:25:41.630  6461  6608 D PluginInstanceManager: queryPkg com.microsoft.office.officehubrow com.android.systemui.action.PLUGIN_NOTIFICATION_MENU_ROW
07-10 01:25:41.630  5674  5842 D SEP_UNION_SemDeviceInfoManagerService: onReceive : android.intent.action.PACKAGE_CHANGED, userId = 0
07-10 01:25:41.630  6461  6608 D PluginInstanceManager: queryPkg com.microsoft.office.officehubrow com.android.systemui.action.PLUGIN_QS_FACTORY
07-10 01:25:41.630  6461  6608 D PluginInstanceManager: queryPkg com.microsoft.office.officehubrow com.android.systemui.action.PLUGIN_NOTIFICATION_MENU_ROW
07-10 01:25:41.631  6461  6608 D PluginInstanceManager: queryPkg com.microsoft.office.officehubrow com.android.systemui.action.PLUGIN_LOCKSCREEN_RIGHT_BUTTON
07-10 01:25:41.631  6461  6608 D PluginInstanceManager: queryPkg com.microsoft.office.officehubrow com.android.systemui.action.PEOPLE_HUB_PERSON_EXTRACTOR
07-10 01:25:41.631  6461  6608 D PluginInstanceManager: queryPkg com.microsoft.office.officehubrow com.android.systemui.action.PLUGIN_NOTIFICATION_MENU_ROW
07-10 01:25:41.631  6461  6608 D PluginInstanceManager: queryPkg com.microsoft.office.officehubrow com.android.systemui.action.PLUGIN_LOCKSCREEN_LEFT_BUTTON
07-10 01:25:41.631  6461  6608 D PluginInstanceManager: queryPkg com.microsoft.office.officehubrow com.android.systemui.action.PLUGIN_NOTIFICATION_MENU_ROW
07-10 01:25:41.631  6461  6608 D PluginInstanceManager: queryPkg com.microsoft.office.officehubrow com.android.systemui.action.PLUGIN_NOTIFICATION_MENU_ROW
07-10 01:25:41.631  6461  6608 D PluginInstanceManager: queryPkg com.microsoft.office.officehubrow com.android.systemui.action.PLUGIN_NOTIFICATION_MENU_ROW
07-10 01:25:41.631  6461  6608 D PluginInstanceManager: queryPkg com.microsoft.office.officehubrow com.android.systemui.action.PLUGIN_NOTIFICATION_MENU_ROW
07-10 01:25:41.631  6461  6608 D PluginInstanceManager: queryPkg com.microsoft.office.officehubrow com.android.systemui.action.PLUGIN_SENSOR_MANAGER
07-10 01:25:41.631  6461  6608 D PluginInstanceManager: queryPkg com.microsoft.office.officehubrow com.android.systemui.action.PLUGIN_NOTIFICATION_MENU_ROW
07-10 01:25:41.632  6461  6608 D PluginInstanceManager: queryPkg com.microsoft.office.officehubrow com.android.systemui.action.PLUGIN_NOTIFICATION_MENU_ROW
07-10 01:25:41.632  6461  6608 D PluginInstanceManager: queryPkg com.microsoft.office.officehubrow com.android.systemui.action.PLUGIN_NOTIFICATION_MENU_ROW
07-10 01:25:41.632  6461  6608 D PluginInstanceManager: queryPkg com.microsoft.office.officehubrow com.android.systemui.action.PLUGIN_VOLUME
07-10 01:25:41.632  6461  6608 D PluginInstanceManager: queryPkg com.microsoft.office.officehubrow com.android.systemui.action.PLUGIN_NOTIFICATION_MENU_ROW
07-10 01:25:41.632  6461  6608 D PluginInstanceManager: queryPkg com.microsoft.office.officehubrow com.android.systemui.action.PLUGIN_NOTIFICATION_MENU_ROW
07-10 01:25:41.632  6461  6608 D PluginInstanceManager: queryPkg com.microsoft.office.officehubrow com.android.systemui.action.PLUGIN_NOTIFICATION_MENU_ROW
07-10 01:25:41.633 25568 25568 I SCS@AiSearch user 0: (PackageBroadcastReceiver) onReceive android.intent.action.PACKAGE_CHANGED
07-10 01:25:41.633 25568 25568 I SCS@AiSearch user 0: (PackageBroadcastReceiver) packageName: com.microsoft.office.officehubrow
07-10 01:25:41.633 25568 25568 I SCS@AiSearch user 0: (PackageBroadcastReceiver) Packages changed: [com.microsoft.office.officehubrow]
07-10 01:25:41.634 25568 25568 I SCS@AiSearch user 0: (AppsDataObserver) scheduling worker CMD_UPDATE_LIST
07-10 01:25:41.634 15865 15865 V AvrcpMediaPlayerList: mPackageChangedBroadcastReceiver: action: android.intent.action.PACKAGE_CHANGED
07-10 01:25:41.652  5674  5839 I RoleService: Granting default roles...
07-10 01:25:41.653  6461  6461 D FaceWidgetMetadataParser: updatePackage() com.microsoft.office.officehubrow false
07-10 01:25:41.656  5674  5842 D SEP_UNION_SemDeviceInfoManagerService: sendIntentAction() action = android.intent.action.PACKAGE_CHANGED, tag =
07-10 01:25:41.658  6461  6461 W FaceWidgetMetadataParser: updatePackage() there is no metadata
07-10 01:25:41.658  6461  6461 D FaceWidgetMetadataParser: removePackage() key = com.microsoft.office.officehubrow
07-10 01:25:41.661  6868  6868 D RegisteredNfcFServicesCache: Service unchanged, not updating
07-10 01:25:41.661  6429  6429 D ImsResolver: maybeAddedImsService, packageName: com.microsoft.office.officehubrow
07-10 01:25:41.664  6365 16060 I DWBLocalPackageManager: onPackageAdded Already Exist : com.microsoft.office.officehubrow
07-10 01:25:41.670  5674  5878 I InputReader: Reconfiguring input devices, changes=KEYBOARD_LAYOUTS |
07-10 01:25:41.674  5287  5287 D Zygote  : Forked child process 27441
07-10 01:25:41.674  5353  6075 D AF::TrackHandle: OpPlayAudio: track:829 usage:2 not muted
07-10 01:25:41.680  5674  9955 D PackageManager: setEnabledSetting : userId = 0 packageName = com.samsung.android.scs cmp = androidx.work.impl.background.systemalarm.RescheduleReceiver newState = 1 callingPackage = 10380/com.samsung.android.scs
07-10 01:25:41.681  5674  9955 D ApplicationPolicy: getApplicationStateEnabled : pkg = com.samsung.android.scs userId : 0
07-10 01:25:41.682  5353  6075 D AF::TrackHandle: OpPlayAudio: track:829 usage:2 not muted
07-10 01:25:41.682  5674  9955 D ApplicationPolicy: getApplicationComponentState : pkg = com.samsung.android.scs userId : 0
07-10 01:25:41.698  5353  6075 D AF::TrackHandle: OpPlayAudio: track:829 usage:2 not muted
07-10 01:25:41.698  5353  6075 D AF::TrackHandle: OpPlayAudio: track:829 usage:2 not muted
07-10 01:25:41.700  5353  6075 D AF::TrackHandle: OpPlayAudio: track:829 usage:2 not muted
07-10 01:25:41.719 16924 27440 I Fitness : (REDACTED) OnPackageChangedOperation got intent: %s
07-10 01:25:41.740  5674  5739 I SearchManagerService: updateSearchables
07-10 01:25:41.743 16924 27443 I Fitness : (REDACTED) FitCleanupIntentOperation received Intent %s
07-10 01:25:41.744 29666 29666 I Launcher.Model: isValidStateInKnoxMode:false user:UserHandle{0}
07-10 01:25:41.744 29666 29666 I Launcher.Model: package changed received : com.microsoft.office.officehubrow
07-10 01:25:41.746 29666 29751 I PackageUpdatedTask: mAllAppsList.updatePackage com.microsoft.office.officehubrow
07-10 01:25:41.747 27441 27441 I nder:appservice: Using CollectorTypeCC GC.
07-10 01:25:41.766 27441 27441 E nder:appservice: Not starting debugger since process cannot load the jdwp agent.
07-10 01:25:41.797 27441 27441 W libc    : Access denied finding property "sys.perf.boostopt"
07-10 01:25:41.798  5262  5262 E audit   : type=1400 audit(1688945141.793:70050): avc:  denied  { read } for  pid=27441 comm="nder:appservice" name="u:object_r:perf_prop:s0" dev="tmpfs" ino=10663 scontext=u:r:platform_app:s0:c512,c768 tcontext=u:object_r:perf_prop:s0 tclass=file permissive=0 SEPF_SM-A515F_13_0001 audit_filtered
07-10 01:25:41.798  5262  5262 E audit   : type=1300 audit(1688945141.793:70050): arch=c00000b7 syscall=56 success=no exit=-13 a0=ffffff9c a1=7fcf7d5458 a2=88000 a3=0 items=0 ppid=5287 pid=27441 auid=4294967295 uid=10077 gid=10077 euid=10077 suid=10077 fsuid=10077 egid=10077 sgid=10077 fsgid=10077 tty=(none) ses=4294967295 comm="nder:appservice" exe="/system/bin/app_process64" subj=u:r:platform_app:s0:c512,c768 key=(null)
07-10 01:25:41.798  5262  5262 E audit   : type=1327 audit(1688945141.793:70050): proctitle="zygote64"
07-10 01:25:41.817 27441 27461 W libc    : Access denied finding property "sys.perf.boostopt"
