07-10 01:30:47.716 11611 11645 I TestRunner: started: baselineFloat(org.jetbrains.android_benchmark.Wolf3dBenchmark)
07-10 01:30:47.719 11611 11611 I MonitoringInstr: Activities that are still in CREATED to STOPPED: 1
07-10 01:30:47.720 11611 11611 I MonitoringInstr: Finishing activity: androidx.benchmark.IsolationActivity@c9a4959
07-10 01:30:47.727 11611 11645 I GrantPermissionCallable: Permission: android.permission.WRITE_EXTERNAL_STORAGE is already granted!
07-10 01:30:47.727 11611 11645 I GrantPermissionCallable: Permission: android.permission.READ_EXTERNAL_STORAGE is already granted!
07-10 01:30:47.727 11611 11645 D Benchmark: -- Running org.jetbrains.android_benchmark.Wolf3dBenchmark#baselineFloat --
07-10 01:30:47.727 11611 11645 D PerfettoCapture: Supported ABIs: arm64-v8a, armeabi-v7a, armeabi
07-10 01:30:47.728 11611 11645 D PerfettoCapture: Recording perfetto trace
07-10 01:30:47.759 11611 11645 I PerfettoCapture: Cleanup perfetto before starting.
07-10 01:30:47.845 25568 25789 I SCS@AiSearch user 0: (BaseCollector::AOSP_MP) fetchInternal values : maxSyncId: 1000028446 indexCount: 19466 sourceCount: 19466
07-10 01:30:47.953 11611 11645 I PerfettoCapture: Perfetto output file cleanup -
07-10 01:30:47.953 11611 11645 I PerfettoCapture: Starting perfetto tracing with cmd: cat /storage/emulated/0/Android/data/org.jetbrains.android_benchmark.test/cache/trace_config.pb | perfetto --background -c - -o /data/misc/perfetto-traces/trace_output.pb
07-10 01:30:48.021 25568 25789 I SCS@AiSearch user 0: (IndexManager) [AOSP_MP-0] entering in addIndex():
07-10 01:30:48.026 25568 25789 I SCS@AiSearch user 0: (BaseCollector::AOSP_MP) fetch: fetching took  290 ms
07-10 01:30:48.027 25568 25789 I SCS@AiSearch user 0: (BaseCollector::AOSP_MP) fetchChanges: applied 0 items
07-10 01:30:48.028 25568 25789 I SCS@AiSearch user 0: (BaseCollector::AOSP_MP) Collect finished. Result: true
07-10 01:30:48.031 25568 25626 I WM-WorkerWrapper: Worker result SUCCESS for Work [ id=ece7d3e8-746c-4aa2-8120-47579fd8a9c2, tags={ com.sec.android.app.myfiles, com.samsung.android.scs.ai.search.data.collector.ObserverWorker } ]
07-10 01:30:48.033 25568 25789 I SCS@AiSearch user 0: (BaseCollector::AOSP_MP) enqueue ObserverWorker name: com.sec.android.app.myfiles, policy: APPEND_OR_REPLACE
07-10 01:30:48.041  5353  6075 V APM_AudioPolicyManager: setAppState(portId:1005, state:1)
07-10 01:30:48.065  5353  6075 V APM_AudioPolicyManager: setAppState(portId:1005, state:1)
07-10 01:30:48.117  5674  9681 D PackageManager: setEnabledSetting : userId = 0 packageName = com.samsung.android.scs cmp = androidx.work.impl.background.systemalarm.RescheduleReceiver newState = 1 callingPackage = 10380/com.samsung.android.scs
07-10 01:30:48.118  5674  9681 D ApplicationPolicy: getApplicationStateEnabled : pkg = com.samsung.android.scs userId : 0
07-10 01:30:48.119  5674  9681 D ApplicationPolicy: getApplicationComponentState : pkg = com.samsung.android.scs userId : 0
07-10 01:30:48.160 28251 28251 I perfetto:    perfetto_cmd.cc:1001 Connected to the Perfetto traced service, starting tracing
07-10 01:30:48.163  5436  5436 I perfetto: ing_service_impl.cc:953 Configured tracing session 331, #sources:4, duration:0 ms, #buffers:2, total buffer size:36864 KB, total sessions:1, uid:2000 session name: ""
07-10 01:30:48.164  5424  5424 I perfetto:  probes_producer.cc:139 Ftrace setup (target_buf=661)
07-10 01:30:48.201 11611 11645 I PerfettoCapture: Perfetto output - 28251
07-10 01:30:48.201 11611 11645 I PerfettoCapture: EXITCODE=0
07-10 01:30:48.232  4380  4380 I hwservicemanager: getTransport: Cannot find entry android.hardware.atrace@1.0::IAtraceDevice/default in either framework or device VINTF manifest.
07-10 01:30:48.245  5287  5287 D Zygote  : Forked child process 28259
07-10 01:30:48.263  5424  5424 I perfetto:    ftrace_procfs.cc:335 enabled ftrace in /sys/kernel/tracing/
07-10 01:30:48.290 31102 31102 I Finsky  : [2] ywt.onStartJob(4): SCH: job service start with id 9163.
07-10 01:30:48.321 11611 11645 I PerfettoCapture: Perfetto tracing started successfully with pid 28251.
07-10 01:30:48.365 28259 28259 I t_app_installer: Using CollectorTypeCC GC.
07-10 01:30:48.401 11611 11645 I PerfettoCapture: /sys/kernel/tracing/tracing_on = 1, polled 0 times, capture fully started
07-10 01:30:48.402 11611 11645 D Benchmark: Set 11645 (Bench thread) to priority -20. Was -8, now -20
07-10 01:30:48.402 11611 11645 D Benchmark: Set 11624 (Jit) to priority -15. Was 9, now -15
07-10 01:30:48.440 11611 11645 I _benchmark.test: Explicit concurrent copying GC freed 98325(2771KB) AllocSpace objects, 1(20KB) LOS objects, 66% free, 3028KB/9172KB, paused 329us,128us total 36.798ms
07-10 01:30:48.441 31102 28266 I Finsky  : [601] zhz.a(118): SCH: Satisfied jobs for 9163 are: 10-4
07-10 01:30:48.449 28259 28259 E t_app_installer: Not starting debugger since process cannot load the jdwp agent.
07-10 01:30:48.559 31102 28273 I Finsky  : [602] yvu.accept(68): SCH: Job 10-4 starting
07-10 01:30:48.621  5262  5262 E audit   : type=1400 audit(1688945448.617:70076): avc:  denied  { read } for  pid=28259 comm="t_app_installer" name="u:object_r:perf_prop:s0" dev="tmpfs" ino=10663 scontext=u:r:priv_app:s0:c512,c768 tcontext=u:object_r:perf_prop:s0 tclass=file permissive=0 SEPF_SM-A515F_13_0001 audit_filtered
07-10 01:30:48.621 28259 28259 W libc    : Access denied finding property "sys.perf.boostopt"
07-10 01:30:48.621  5262  5262 E audit   : type=1300 audit(1688945448.617:70076): arch=c00000b7 syscall=56 success=no exit=-13 a0=ffffff9c a1=7fcf7d5458 a2=88000 a3=0 items=0 ppid=5287 pid=28259 auid=4294967295 uid=10229 gid=10229 euid=10229 suid=10229 fsuid=10229 egid=10229 sgid=10229 fsgid=10229 tty=(none) ses=4294967295 comm="t_app_installer" exe="/system/bin/app_process64" subj=u:r:priv_app:s0:c512,c768 key=(null)
07-10 01:30:48.622  5262  5262 E audit   : type=1327 audit(1688945448.617:70076): proctitle="zygote64"
07-10 01:30:48.623 28259 28281 W libc    : Access denied finding property "sys.perf.boostopt"
07-10 01:30:48.623  5262  5262 E audit   : type=1400 audit(1688945448.621:70077): avc:  denied  { read } for  pid=28259 comm="binder:28259_1" name="u:object_r:perf_prop:s0" dev="tmpfs" ino=10663 scontext=u:r:priv_app:s0:c512,c768 tcontext=u:object_r:perf_prop:s0 tclass=file permissive=0 SEPF_SM-A515F_13_0001 audit_filtered
07-10 01:30:48.624  5262  5262 E audit   : type=1300 audit(1688945448.621:70077): arch=c00000b7 syscall=56 success=no exit=-13 a0=ffffff9c a1=7b7d4762f8 a2=88000 a3=0 items=0 ppid=5287 pid=28259 auid=4294967295 uid=10229 gid=10229 euid=10229 suid=10229 fsuid=10229 egid=10229 sgid=10229 fsgid=10229 tty=(none) ses=4294967295 comm="binder:28259_1" exe="/system/bin/app_process64" subj=u:r:priv_app:s0:c512,c768 key=(null)
07-10 01:30:48.624  5262  5262 E audit   : type=1327 audit(1688945448.621:70077): proctitle="zygote64"
07-10 01:30:48.703 28259 28259 D ActivityThread: setConscryptValidator
07-10 01:30:48.711 28259 28259 D ActivityThread: setConscryptValidator - put
07-10 01:30:48.855 28259 28282 W libc    : Access denied finding property "sys.perf.boostopt"
07-10 01:30:48.890 28259 28259 D CompatibilityChangeReporter: Compat change id reported: 171979766; UID 10229; state: ENABLED
07-10 01:30:48.911 16924 16924 D BoundBrokerSvc: onBind: Intent { act=com.google.android.gms.udc.service.START dat=chimera-action:/... cmp=com.google.android.gms/.chimera.PersistentApiService }
07-10 01:30:48.911 16924 16924 D BoundBrokerSvc: Loading bound service for intent: Intent { act=com.google.android.gms.udc.service.START dat=chimera-action:/... cmp=com.google.android.gms/.chimera.PersistentApiService }
07-10 01:30:49.077 28259 28259 D nativeloader: Configuring classloader-namespace for other apk /system/framework/org.apache.http.legacy.jar. target_sdk_version=33, uses_libraries=ALL, library_path=/data/app/~~oUd0JQQvw2Z7r9QXp0CF9g==/com.android.vending-M1wr_b29f5ixctQdVCPidg==/lib/arm64:/data/app/~~oUd0JQQvw2Z7r9QXp0CF9g==/com.android.vending-M1wr_b29f5ixctQdVCPidg==/base.apk!/lib/arm64-v8a:/data/app/~~oUd0JQQvw2Z7r9QXp0CF9g==/com.android.vending-M1wr_b29f5ixctQdVCPidg==/split_config.arm64_v8a.apk!/lib/arm64-v8a:/data/app/~~oUd0JQQvw2Z7r9QXp0CF9g==/com.android.vending-M1wr_b29f5ixctQdVCPidg==/split_config.en.apk!/lib/arm64-v8a:/data/app/~~oUd0JQQvw2Z7r9QXp0CF9g==/com.android.vending-M1wr_b29f5ixctQdVCPidg==/split_config.ru.apk!/lib/arm64-v8a:/data/app/~~oUd0JQQvw2Z7r9QXp0CF9g==/com.android.vending-M1wr_b29f5ixctQdVCPidg==/split_phonesky_data_loader.apk!/lib/arm64-v8a:/data/app/~~oUd0JQQvw2Z7r9QXp0CF9g==/com.android.vending-M1wr_b29f5ixctQdVCPidg==/split_phonesky_data_loader.config.arm64_v8a.apk!/lib/arm64-v8a, permitted_path=/data:/mnt/expand:/data/user
07-10 01:30:49.077 28259 28259 D nativeloader: Extending system_exposed_libraries: libhumantracking.arcsoft.so:libPortraitDistortionCorrection.arcsoft.so:libPortraitDistortionCorrectionCali.arcsoft.so:libface_landmark.arcsoft.so:libFacialStickerEngine.arcsoft.so:libveengine.arcsoft.so:liblow_light_hdr.arcsoft.so:libhigh_dynamic_range.arcsoft.so:libFacialAttributeDetection.arcsoft.so:libBeauty_v4.camera.samsung.so:libexifa.camera.samsung.so:libjpega.camera.samsung.so:libOpenCv.camera.samsung.so:libImageScreener.camera.samsung.so:libMyFilter.camera.samsung.so:libtensorflowLite.myfilter.camera.samsung.so:libtensorflowlite_inference_api.myfilter.camera.samsung.so:libEventFinder.camera.samsung.so:libHIDTSnapJNI.camera.samsung.so:libSmartScan.camera.samsung.so:libRectify.camera.samsung.so:libDocRectifyWrapper.camera.samsung.so:libUltraWideDistortionCorrection.camera.samsung.so:libHpr_RecGAE_cvFeature_v1.0.camera.samsung.so:libHprFace_GAE_api.camera.samsung.so:libFace_Landmark_API.camera.samsung.so:libHprFace_GAE_jni.camera.samsung.so:libFacialBasedSelfieCorrec
07-10 01:30:49.220 28259 28259 W ziparchive: Unable to open '/data/app/~~oUd0JQQvw2Z7r9QXp0CF9g==/com.android.vending-M1wr_b29f5ixctQdVCPidg==/split_config.arm64_v8a.dm': No such file or directory
07-10 01:30:49.220 28259 28259 W ziparchive: Unable to open '/data/app/~~oUd0JQQvw2Z7r9QXp0CF9g==/com.android.vending-M1wr_b29f5ixctQdVCPidg==/split_config.arm64_v8a.dm': No such file or directory
07-10 01:30:49.223 28259 28259 W t_app_installer: Entry not found
07-10 01:30:49.228 28259 28259 W ziparchive: Unable to open '/data/app/~~oUd0JQQvw2Z7r9QXp0CF9g==/com.android.vending-M1wr_b29f5ixctQdVCPidg==/split_config.en.dm': No such file or directory
07-10 01:30:49.228 28259 28259 W ziparchive: Unable to open '/data/app/~~oUd0JQQvw2Z7r9QXp0CF9g==/com.android.vending-M1wr_b29f5ixctQdVCPidg==/split_config.en.dm': No such file or directory
07-10 01:30:49.231 28259 28259 W t_app_installer: Entry not found
07-10 01:30:49.233 28259 28259 W ziparchive: Unable to open '/data/app/~~oUd0JQQvw2Z7r9QXp0CF9g==/com.android.vending-M1wr_b29f5ixctQdVCPidg==/split_config.ru.dm': No such file or directory
07-10 01:30:49.234 28259 28259 W ziparchive: Unable to open '/data/app/~~oUd0JQQvw2Z7r9QXp0CF9g==/com.android.vending-M1wr_b29f5ixctQdVCPidg==/split_config.ru.dm': No such file or directory
07-10 01:30:49.236 28259 28259 W t_app_installer: Entry not found
07-10 01:30:49.238 28259 28259 W ziparchive: Unable to open '/data/app/~~oUd0JQQvw2Z7r9QXp0CF9g==/com.android.vending-M1wr_b29f5ixctQdVCPidg==/split_phonesky_data_loader.dm': No such file or directory
07-10 01:30:49.238 28259 28259 W ziparchive: Unable to open '/data/app/~~oUd0JQQvw2Z7r9QXp0CF9g==/com.android.vending-M1wr_b29f5ixctQdVCPidg==/split_phonesky_data_loader.dm': No such file or directory
07-10 01:30:49.240 28259 28259 W t_app_installer: Entry not found
07-10 01:30:49.242 28259 28259 W ziparchive: Unable to open '/data/app/~~oUd0JQQvw2Z7r9QXp0CF9g==/com.android.vending-M1wr_b29f5ixctQdVCPidg==/split_phonesky_data_loader.config.arm64_v8a.dm': No such file or directory
07-10 01:30:49.242 28259 28259 W ziparchive: Unable to open '/data/app/~~oUd0JQQvw2Z7r9QXp0CF9g==/com.android.vending-M1wr_b29f5ixctQdVCPidg==/split_phonesky_data_loader.config.arm64_v8a.dm': No such file or directory
07-10 01:30:49.252 28259 28259 W t_app_installer: Entry not found
07-10 01:30:49.254 28259 28259 D nativeloader: Configuring classloader-namespace for other apk /data/app/~~oUd0JQQvw2Z7r9QXp0CF9g==/com.android.vending-M1wr_b29f5ixctQdVCPidg==/base.apk:/data/app/~~oUd0JQQvw2Z7r9QXp0CF9g==/com.android.vending-M1wr_b29f5ixctQdVCPidg==/split_config.arm64_v8a.apk:/data/app/~~oUd0JQQvw2Z7r9QXp0CF9g==/com.android.vending-M1wr_b29f5ixctQdVCPidg==/split_config.en.apk:/data/app/~~oUd0JQQvw2Z7r9QXp0CF9g==/com.android.vending-M1wr_b29f5ixctQdVCPidg==/split_config.ru.apk:/data/app/~~oUd0JQQvw2Z7r9QXp0CF9g==/com.android.vending-M1wr_b29f5ixctQdVCPidg==/split_phonesky_data_loader.apk:/data/app/~~oUd0JQQvw2Z7r9QXp0CF9g==/com.android.vending-M1wr_b29f5ixctQdVCPidg==/split_phonesky_data_loader.config.arm64_v8a.apk. target_sdk_version=33, uses_libraries=, library_path=/data/app/~~oUd0JQQvw2Z7r9QXp0CF9g==/com.android.vending-M1wr_b29f5ixctQdVCPidg==/lib/arm64:/data/app/~~oUd0JQQvw2Z7r9QXp0CF9g==/com.android.vending-M1wr_b29f5ixctQdVCPidg==/base.apk!/lib/arm64-v8a:/data/app/~~oUd0JQQvw2Z7r9QXp0CF9g==/com.android.vending-M1wr_b29f5ixctQdVCP
07-10 01:30:49.262 28259 28259 W t_app_installer: JIT profile information will not be recorded: profile file does not exist.
07-10 01:30:49.262 28259 28259 W t_app_installer: JIT profile information will not be recorded: profile file does not exist.
07-10 01:30:49.262 28259 28259 W t_app_installer: JIT profile information will not be recorded: profile file does not exist.
07-10 01:30:49.262 28259 28259 W t_app_installer: JIT profile information will not be recorded: profile file does not exist.
07-10 01:30:49.262 28259 28259 W t_app_installer: JIT profile information will not be recorded: profile file does not exist.
07-10 01:30:49.418 31102 28283 I Finsky  : [603] AppFreshnessHygieneJob.b(21): List of extra packages in InstallerDataStore : []
07-10 01:30:49.419 31102 28283 I Finsky  : [603] AppFreshnessHygieneJob.b(22): List of extra packages in packageStateRepo : []
07-10 01:30:49.430 28259 28259 V GraphicsEnvironment: ANGLE Developer option for 'com.android.vending' set to: 'default'
07-10 01:30:49.433 28259 28259 V GraphicsEnvironment: ANGLE GameManagerService for com.android.vending: false
07-10 01:30:49.434 28259 28259 V GraphicsEnvironment: Neither updatable production driver nor prerelease driver is supported.
07-10 01:30:49.489 28259 28259 D NetworkSecurityConfig: No Network Security Config specified, using platform default
07-10 01:30:49.521 28259 28259 D NetworkSecurityConfig: No Network Security Config specified, using platform default
07-10 01:30:49.648  5674  7726 D SemWifiUsabilityStatsMonitor: onWifiUsabilityStats - seqNum 22032, isSameBssidAndFreq true
07-10 01:30:49.651  5674  6128 I SemWifiLinkQualityMonitor: Link Qos Query: 0.037 ms / 219.167 Mbps (263 / 0.000 / 1.200)
07-10 01:30:49.652  6461  6461 D NetworkController.WifiSignalController: notifyListener: visible=true, connected=true, inetCondition=1, isDefault=true, wifiTestReported=true, receivedInetCondition=-1, hideDuringMobileSwitching=false
07-10 01:30:49.688 31102 28283 I Finsky  : [603] jkc.accept(33): AF: No appUsageStatsCacheEntry for com.google.ar.core
07-10 01:30:49.693 28259 28259 I Finsky:instant_app_inst: [2] jrb.i(6): Process created at version: 36.3.12-29 [0] [PR] 542033711
07-10 01:30:49.746 31102 28283 I Finsky  : [603] jkc.accept(33): AF: No appUsageStatsCacheEntry for com.dsi.ant.service.socket
07-10 01:30:49.774 31102 28283 I Finsky  : [603] jkc.accept(33): AF: No appUsageStatsCacheEntry for ru.yandex.yandexmaps
07-10 01:30:49.808 31102 28283 I Finsky  : [603] jkc.accept(33): AF: No appUsageStatsCacheEntry for ru.ifmo.main
07-10 01:30:49.811 28259 28259 D CompatibilityChangeReporter: Compat change id reported: 183155436; UID 10229; state: ENABLED
07-10 01:30:49.943 31102 28283 I Finsky  : [603] jkc.accept(33): AF: No appUsageStatsCacheEntry for ru.ifmo.main
07-10 01:30:49.956 31102 28283 I Finsky  : [603] jkc.accept(33): AF: No appUsageStatsCacheEntry for com.grammarly.android.keyboard
07-10 01:30:49.962 31102 28283 I Finsky  : [603] jkc.accept(33): AF: No appUsageStatsCacheEntry for com.grammarly.android.keyboard
07-10 01:30:49.972 31102 28283 I Finsky  : [603] jkc.accept(33): AF: No appUsageStatsCacheEntry for com.google.android.partnersetup
07-10 01:30:49.996 31102 31128 I android.vending: Background young concurrent copying GC freed 519804(19MB) AllocSpace objects, 6(512KB) LOS objects, 41% free, 26MB/45MB, paused 536us,277us total 332.622ms
07-10 01:30:50.000 31102 28283 I Finsky  : [603] jkc.accept(33): AF: No appUsageStatsCacheEntry for com.google.mainline.primary.libs
07-10 01:30:50.004 31102 28283 I Finsky  : [603] jkc.accept(33): AF: No appUsageStatsCacheEntry for com.google.mainline.primary.libs
07-10 01:30:50.023 31102 28283 I Finsky  : [603] jkc.accept(33): AF: No appUsageStatsCacheEntry for ru.megafon.mlk
07-10 01:30:50.033 31102 28283 I Finsky  : [603] jkc.accept(33): AF: No appUsageStatsCacheEntry for com.evrasia
07-10 01:30:50.035 31102 28283 I Finsky  : [603] jkc.accept(33): AF: No appUsageStatsCacheEntry for com.evrasia
07-10 01:30:50.049 31102 28283 I Finsky  : [603] jkc.accept(33): AF: No appUsageStatsCacheEntry for jp.co.canon.android.printservice.plugin
07-10 01:30:50.052 31102 28283 I Finsky  : [603] jkc.accept(33): AF: No appUsageStatsCacheEntry for jp.co.canon.android.printservice.plugin
07-10 01:30:50.057 31102 28283 I Finsky  : [603] jkc.accept(33): AF: No appUsageStatsCacheEntry for io.meduza.meduza
07-10 01:30:50.059 31102 28283 I Finsky  : [603] jkc.accept(33): AF: No appUsageStatsCacheEntry for io.meduza.meduza
07-10 01:30:50.064 31102 28283 I Finsky  : [603] jkc.accept(33): AF: No appUsageStatsCacheEntry for com.Splitwise.SplitwiseMobile
07-10 01:30:50.070 31102 28283 I Finsky  : [603] jkc.accept(33): AF: No appUsageStatsCacheEntry for org.microemu.android.paintcad.PaintCAD
07-10 01:30:50.072 31102 28283 I Finsky  : [603] jkc.accept(33): AF: No appUsageStatsCacheEntry for org.microemu.android.paintcad.PaintCAD
07-10 01:30:50.077 31102 28283 I Finsky  : [603] jkc.accept(33): AF: No appUsageStatsCacheEntry for ru.fns.lkfl
07-10 01:30:50.079 31102 28283 I Finsky  : [603] jkc.accept(33): AF: No appUsageStatsCacheEntry for ru.fns.lkfl
07-10 01:30:50.084 31102 28283 I Finsky  : [603] jkc.accept(33): AF: No appUsageStatsCacheEntry for ru.iiec.cxxdroid
07-10 01:30:50.087 31102 28283 I Finsky  : [603] jkc.accept(33): AF: No appUsageStatsCacheEntry for ru.iiec.cxxdroid
07-10 01:30:50.093 16924 16924 D BoundBrokerSvc: onBind: Intent { act=com.google.android.gms.udc.service.START pkg=com.google.android.gms }
07-10 01:30:50.093 16924 16924 D BoundBrokerSvc: Loading bound service for intent: Intent { act=com.google.android.gms.udc.service.START pkg=com.google.android.gms }
07-10 01:30:50.101 31102 28283 I Finsky  : [603] jkc.accept(33): AF: No appUsageStatsCacheEntry for com.termux.api
07-10 01:30:50.104 31102 28283 I Finsky  : [603] jkc.accept(33): AF: No appUsageStatsCacheEntry for com.termux.api
07-10 01:30:50.111 31102 28283 I Finsky  : [603] jkc.accept(33): AF: No appUsageStatsCacheEntry for com.microsoft.launcher
07-10 01:30:50.112 31102 28283 I Finsky  : [603] jkc.accept(33): AF: No appUsageStatsCacheEntry for com.microsoft.launcher
07-10 01:30:50.125 31102 28283 I Finsky  : [603] jkc.accept(33): AF: No appUsageStatsCacheEntry for com.google.android.apps.googleassistant
07-10 01:30:50.127 31102 28283 I Finsky  : [603] jkc.accept(33): AF: No appUsageStatsCacheEntry for com.google.android.apps.googleassistant
07-10 01:30:50.147 31102 28283 I Finsky  : [603] jkc.accept(33): AF: No appUsageStatsCacheEntry for com.google.android.apps.docs.editors.docs
07-10 01:30:50.166 31102 28283 I Finsky  : [603] jkc.accept(33): AF: No appUsageStatsCacheEntry for com.urbandroid.dontkillmyapp
07-10 01:30:50.168 31102 28283 I Finsky  : [603] jkc.accept(33): AF: No appUsageStatsCacheEntry for com.urbandroid.dontkillmyapp
07-10 01:30:50.180 31102 28283 I Finsky  : [603] jkc.accept(33): AF: No appUsageStatsCacheEntry for com.microblink.photomath
07-10 01:30:50.184 31102 28283 I Finsky  : [603] jkc.accept(33): AF: No appUsageStatsCacheEntry for com.microblink.photomath
07-10 01:30:50.196 31102 28283 I Finsky  : [603] jkc.accept(33): AF: No appUsageStatsCacheEntry for org.torproject.android
07-10 01:30:50.198 31102 28283 I Finsky  : [603] jkc.accept(33): AF: No appUsageStatsCacheEntry for org.torproject.android
07-10 01:30:50.208 31102 28283 I Finsky  : [603] jkc.accept(33): AF: No appUsageStatsCacheEntry for com.google.android.appsearch
07-10 01:30:50.209 31102 28283 I Finsky  : [603] jkc.accept(33): AF: No appUsageStatsCacheEntry for com.google.android.appsearch
07-10 01:30:50.213 31102 28283 I Finsky  : [603] jkc.accept(33): AF: No appUsageStatsCacheEntry for com.google.android.art
07-10 01:30:50.214 31102 28283 I Finsky  : [603] jkc.accept(33): AF: No appUsageStatsCacheEntry for com.google.android.art
07-10 01:30:50.237 31102 28283 I Finsky  : [603] jkc.accept(33): AF: No appUsageStatsCacheEntry for tv.twitch.android.app
07-10 01:30:50.239 31102 28283 I Finsky  : [603] jkc.accept(33): AF: No appUsageStatsCacheEntry for tv.twitch.android.app
07-10 01:30:50.244 31102 28283 I Finsky  : [603] jkc.accept(33): AF: No appUsageStatsCacheEntry for com.valvesoftware.android.steam.community
07-10 01:30:50.246 31102 28283 I Finsky  : [603] jkc.accept(33): AF: No appUsageStatsCacheEntry for com.valvesoftware.android.steam.community
07-10 01:30:50.256 31102 28283 I Finsky  : [603] jkc.accept(33): AF: No appUsageStatsCacheEntry for com.google.mainline.adservices
07-10 01:30:50.259 28259 28299 I PlayCommon: [136] alqc.j(32): Preparing logs for uploading
07-10 01:30:50.261 31102 28283 I Finsky  : [603] jkc.accept(33): AF: No appUsageStatsCacheEntry for com.google.android.mediaprovider
07-10 01:30:50.262 31102 28283 I Finsky  : [603] jkc.accept(33): AF: No appUsageStatsCacheEntry for com.google.android.mediaprovider
07-10 01:30:50.267 31102 28283 I Finsky  : [603] jkc.accept(33): AF: No appUsageStatsCacheEntry for com.paprbit.dcoder
07-10 01:30:50.269 31102 28283 I Finsky  : [603] jkc.accept(33): AF: No appUsageStatsCacheEntry for com.paprbit.dcoder
07-10 01:30:50.275 31102 28283 I Finsky  : [603] jkc.accept(33): AF: No appUsageStatsCacheEntry for com.samsung.android.voc
07-10 01:30:50.280 31102 28283 I Finsky  : [603] jkc.accept(33): AF: No appUsageStatsCacheEntry for com.AXgamesoft.TurbopropFS
07-10 01:30:50.282 31102 28283 I Finsky  : [603] jkc.accept(33): AF: No appUsageStatsCacheEntry for com.AXgamesoft.TurbopropFS
07-10 01:30:50.286 31102 28283 I Finsky  : [603] jkc.accept(33): AF: No appUsageStatsCacheEntry for com.rarlab.rar
07-10 01:30:50.288 31102 28283 I Finsky  : [603] jkc.accept(33): AF: No appUsageStatsCacheEntry for com.rarlab.rar
07-10 01:30:50.288 28259 28299 I PlayCommon: [136] alqc.j(149): Connecting to server for timestamp: https://play.googleapis.com/play/log/timestamp
07-10 01:30:50.293 31102 28283 I Finsky  : [603] jkc.accept(33): AF: No appUsageStatsCacheEntry for com.bukhmastov.cdoitmo
07-10 01:30:50.296 31102 28283 I Finsky  : [603] jkc.accept(33): AF: No appUsageStatsCacheEntry for com.bukhmastov.cdoitmo
07-10 01:30:50.302 31102 28283 I Finsky  : [603] jkc.accept(33): AF: No appUsageStatsCacheEntry for com.google.android.apps.photos.scanner
07-10 01:30:50.304 31102 28283 I Finsky  : [603] jkc.accept(33): AF: No appUsageStatsCacheEntry for com.google.android.apps.photos.scanner
07-10 01:30:50.310 31102 28283 I Finsky  : [603] jkc.accept(33): AF: No appUsageStatsCacheEntry for com.google.android.apps.docs.editors.slides
07-10 01:30:50.312 31102 28283 I Finsky  : [603] jkc.accept(33): AF: No appUsageStatsCacheEntry for com.google.android.apps.docs.editors.slides
07-10 01:30:50.316 31102 28283 I Finsky  : [603] jkc.accept(33): AF: No appUsageStatsCacheEntry for com.google.android.resolv
07-10 01:30:50.318 31102 28283 I Finsky  : [603] jkc.accept(33): AF: No appUsageStatsCacheEntry for com.google.android.resolv
07-10 01:30:50.328 31102 28283 I Finsky  : [603] jkc.accept(33): AF: No appUsageStatsCacheEntry for com.google.android.media
07-10 01:30:50.330 31102 28283 I Finsky  : [603] jkc.accept(33): AF: No appUsageStatsCacheEntry for com.google.android.media
07-10 01:30:50.336  5674  6213 D NetdEventListenerService: DNS Requested by : 118, 10229
07-10 01:30:50.337 28259 28299 D TrafficStats: tagSocket(84) with statsTag=0xffffffff, statsUid=-1
07-10 01:30:50.344 31102 28283 I Finsky  : [603] jkc.accept(33): AF: No appUsageStatsCacheEntry for com.google.android.modulemetadata
07-10 01:30:50.350 31102 28283 I Finsky  : [603] jkc.accept(33): AF: No appUsageStatsCacheEntry for com.psiphon3.subscription
07-10 01:30:50.352 31102 28283 I Finsky  : [603] jkc.accept(33): AF: No appUsageStatsCacheEntry for com.psiphon3.subscription
07-10 01:30:50.362 31102 28283 I Finsky  : [603] jkc.accept(33): AF: No appUsageStatsCacheEntry for com.google.android.play.games
07-10 01:30:50.363 31102 28283 I Finsky  : [603] jkc.accept(33): AF: No appUsageStatsCacheEntry for com.google.android.play.games
07-10 01:30:50.367 31102 28283 I Finsky  : [603] jkc.accept(33): AF: No appUsageStatsCacheEntry for com.delhaize.maxi.loyalty
07-10 01:30:50.375 31102 28283 I Finsky  : [603] jkc.accept(33): AF: No appUsageStatsCacheEntry for com.teapotgames.avionflightsimulator
07-10 01:30:50.378 31102 28283 I Finsky  : [603] jkc.accept(33): AF: No appUsageStatsCacheEntry for com.teapotgames.avionflightsimulator
07-10 01:30:50.382 31102 28283 I Finsky  : [603] jkc.accept(33): AF: No appUsageStatsCacheEntry for com.google.android.documentsui
07-10 01:30:50.384 31102 28283 I Finsky  : [603] jkc.accept(33): AF: No appUsageStatsCacheEntry for com.google.android.documentsui
07-10 01:30:50.400 31102 28283 I Finsky  : [603] jkc.accept(33): AF: No appUsageStatsCacheEntry for com.rstgames.durak
07-10 01:30:50.403 31102 28283 I Finsky  : [603] jkc.accept(33): AF: No appUsageStatsCacheEntry for com.rstgames.durak
07-10 01:30:50.419 31102 28283 I Finsky  : [603] jkc.accept(33): AF: No appUsageStatsCacheEntry for com.google.android.sdkext
07-10 01:30:50.422 31102 28283 I Finsky  : [603] jkc.accept(33): AF: No appUsageStatsCacheEntry for com.google.android.sdkext
07-10 01:30:50.427 31102 28283 I Finsky  : [603] jkc.accept(33): AF: No appUsageStatsCacheEntry for com.jetbrains.youtrack.mobile.app
07-10 01:30:50.439 31102 28283 I Finsky  : [603] jkc.accept(33): AF: No appUsageStatsCacheEntry for com.google.android.adservices
07-10 01:30:50.441 31102 28283 I Finsky  : [603] jkc.accept(33): AF: No appUsageStatsCacheEntry for com.google.android.adservices
07-10 01:30:50.445 31102 28283 I Finsky  : [603] jkc.accept(33): AF: No appUsageStatsCacheEntry for com.google.android.tethering
07-10 01:30:50.446 31102 28283 I Finsky  : [603] jkc.accept(33): AF: No appUsageStatsCacheEntry for com.google.android.tethering
07-10 01:30:50.450 31102 28283 I Finsky  : [603] jkc.accept(33): AF: No appUsageStatsCacheEntry for ru.ifmo.itmostudents
07-10 01:30:50.452 31102 28283 I Finsky  : [603] jkc.accept(33): AF: No appUsageStatsCacheEntry for ru.ifmo.itmostudents
07-10 01:30:50.464 31102 28283 I Finsky  : [603] jkc.accept(33): AF: No appUsageStatsCacheEntry for com.google.android.captiveportallogin
07-10 01:30:50.471 31102 28283 I Finsky  : [603] jkc.accept(33): AF: No appUsageStatsCacheEntry for com.github.android
07-10 01:30:50.492 31102 28283 I Finsky  : [603] jkc.accept(33): AF: No appUsageStatsCacheEntry for com.google.android.gms.supervision
07-10 01:30:50.497 31102 28283 I Finsky  : [603] jkc.accept(33): AF: No appUsageStatsCacheEntry for org.geogebra.android
07-10 01:30:50.499 31102 28283 I Finsky  : [603] jkc.accept(33): AF: No appUsageStatsCacheEntry for org.geogebra.android
07-10 01:30:50.504 31102 28283 I Finsky  : [603] jkc.accept(33): AF: No appUsageStatsCacheEntry for com.skype.raider
07-10 01:30:50.506 31102 28283 I Finsky  : [603] jkc.accept(33): AF: No appUsageStatsCacheEntry for com.skype.raider
07-10 01:30:50.516 31102 28283 I Finsky  : [603] jkc.accept(33): AF: No appUsageStatsCacheEntry for com.google.android.cellbroadcast
07-10 01:30:50.518 31102 28283 I Finsky  : [603] jkc.accept(33): AF: No appUsageStatsCacheEntry for com.google.android.cellbroadcast
07-10 01:30:50.524 31102 28283 I Finsky  : [603] jkc.accept(33): AF: No appUsageStatsCacheEntry for space.linuxct.phoneaccountdetector
07-10 01:30:50.526 31102 28283 I Finsky  : [603] jkc.accept(33): AF: No appUsageStatsCacheEntry for space.linuxct.phoneaccountdetector
07-10 01:30:50.531 31102 28283 I Finsky  : [603] jkc.accept(33): AF: No appUsageStatsCacheEntry for ru.tinkoff.investing
07-10 01:30:50.533 31102 28283 I Finsky  : [603] jkc.accept(33): AF: No appUsageStatsCacheEntry for ru.tinkoff.investing
07-10 01:30:50.538 31102 28283 I Finsky  : [603] jkc.accept(33): AF: No appUsageStatsCacheEntry for org.kde.kdeconnect_tp
07-10 01:30:50.544 31102 28283 I Finsky  : [603] jkc.accept(33): AF: No appUsageStatsCacheEntry for com.google.android.apps.carrier.carrierwifi
07-10 01:30:50.572 31102 28283 I Finsky  : [603] jkc.accept(33): AF: No appUsageStatsCacheEntry for com.moodle.moodlemobile
07-10 01:30:50.575 31102 28283 I Finsky  : [603] jkc.accept(33): AF: No appUsageStatsCacheEntry for com.moodle.moodlemobile
07-10 01:30:50.580 31102 28283 I Finsky  : [603] jkc.accept(33): AF: No appUsageStatsCacheEntry for ru.rostel
07-10 01:30:50.583 31102 28283 I Finsky  : [603] jkc.accept(33): AF: No appUsageStatsCacheEntry for ru.rostel
07-10 01:30:50.587 31102 28283 I Finsky  : [603] jkc.accept(33): AF: No appUsageStatsCacheEntry for com.rhmsoft.edit
07-10 01:30:50.589 31102 28283 I Finsky  : [603] jkc.accept(33): AF: No appUsageStatsCacheEntry for com.rhmsoft.edit
07-10 01:30:50.594 31102 28283 I Finsky  : [603] jkc.accept(33): AF: No appUsageStatsCacheEntry for org.mozilla.screenshot.go
07-10 01:30:50.597 31102 28283 I Finsky  : [603] jkc.accept(33): AF: No appUsageStatsCacheEntry for org.mozilla.screenshot.go
07-10 01:30:50.602 31102 28283 I Finsky  : [603] jkc.accept(33): AF: No appUsageStatsCacheEntry for com.google.android.apps.cloudprint
07-10 01:30:50.605 31102 28283 I Finsky  : [603] jkc.accept(33): AF: No appUsageStatsCacheEntry for com.google.android.apps.cloudprint
07-10 01:30:50.610 31102 28283 I Finsky  : [603] jkc.accept(33): AF: No appUsageStatsCacheEntry for org.zwanoo.android.speedtest
07-10 01:30:50.612 31102 28283 I Finsky  : [603] jkc.accept(33): AF: No appUsageStatsCacheEntry for org.zwanoo.android.speedtest
07-10 01:30:50.624 31102 28283 I Finsky  : [603] jkc.accept(33): AF: No appUsageStatsCacheEntry for com.discord
07-10 01:30:50.631 31102 28283 I Finsky  : [603] jkc.accept(33): AF: No appUsageStatsCacheEntry for com.playstation.knowledge
07-10 01:30:50.633 31102 28283 I Finsky  : [603] jkc.accept(33): AF: No appUsageStatsCacheEntry for com.playstation.knowledge
07-10 01:30:50.637 31102 28283 I Finsky  : [603] jkc.accept(33): AF: No appUsageStatsCacheEntry for com.sec.spp.push
07-10 01:30:50.643 31102 28283 I Finsky  : [603] jkc.accept(33): AF: No appUsageStatsCacheEntry for com.google.android.tzdata4
07-10 01:30:50.645 31102 28283 I Finsky  : [603] jkc.accept(33): AF: No appUsageStatsCacheEntry for com.google.android.tzdata4
07-10 01:30:50.649 31102 28283 I Finsky  : [603] jkc.accept(33): AF: No appUsageStatsCacheEntry for com.google.mainline.telemetry
07-10 01:30:50.676 31102 28283 I Finsky  : [603] jkc.accept(33): AF: No appUsageStatsCacheEntry for com.google.android.permission
07-10 01:30:50.679 31102 28283 I Finsky  : [603] jkc.accept(33): AF: No appUsageStatsCacheEntry for com.google.android.permission
07-10 01:30:50.690 31102 28283 I Finsky  : [603] jkc.accept(33): AF: No appUsageStatsCacheEntry for org.openobservatory.ooniprobe
07-10 01:30:50.693 31102 28283 I Finsky  : [603] jkc.accept(33): AF: No appUsageStatsCacheEntry for org.openobservatory.ooniprobe
07-10 01:30:50.708 31102 28283 I Finsky  : [603] jkc.accept(33): AF: No appUsageStatsCacheEntry for com.facebook.katana
07-10 01:30:50.710 31102 28283 I Finsky  : [603] jkc.accept(33): AF: No appUsageStatsCacheEntry for com.facebook.katana
07-10 01:30:50.716 31102 28283 I Finsky  : [603] jkc.accept(33): AF: No appUsageStatsCacheEntry for com.xiaomi.smarthome
07-10 01:30:50.722 31102 28283 I Finsky  : [603] jkc.accept(33): AF: No appUsageStatsCacheEntry for com.tranzmate
07-10 01:30:50.724 31102 28283 I Finsky  : [603] jkc.accept(33): AF: No appUsageStatsCacheEntry for com.tranzmate
07-10 01:30:50.729 31102 28283 I Finsky  : [603] jkc.accept(33): AF: No appUsageStatsCacheEntry for cc.forestapp
07-10 01:30:50.731 31102 28283 I Finsky  : [603] jkc.accept(33): AF: No appUsageStatsCacheEntry for cc.forestapp
07-10 01:30:50.735 31102 28283 I Finsky  : [603] jkc.accept(33): AF: No appUsageStatsCacheEntry for com.srbijavoz.app
07-10 01:30:50.747 31102 28283 I Finsky  : [603] jkc.accept(33): AF: No appUsageStatsCacheEntry for roviminteractive.materialcopy
07-10 01:30:50.750 31102 28283 I Finsky  : [603] jkc.accept(33): AF: No appUsageStatsCacheEntry for roviminteractive.materialcopy
07-10 01:30:50.756 31102 28283 I Finsky  : [603] jkc.accept(33): AF: No appUsageStatsCacheEntry for com.microsoft.office.officelens
07-10 01:30:50.759 31102 28283 I Finsky  : [603] jkc.accept(33): AF: No appUsageStatsCacheEntry for com.microsoft.office.officelens
07-10 01:30:50.769 31102 28283 I Finsky  : [603] jkc.accept(33): AF: No appUsageStatsCacheEntry for com.google.android.apps.translate
07-10 01:30:50.774 31102 28283 I Finsky  : [603] jkc.accept(33): AF: No appUsageStatsCacheEntry for cz.hipercalc
07-10 01:30:50.776 31102 28283 I Finsky  : [603] jkc.accept(33): AF: No appUsageStatsCacheEntry for cz.hipercalc
07-10 01:30:50.785 31102 28283 I Finsky  : [603] jkc.accept(33): AF: No appUsageStatsCacheEntry for com.busplus
07-10 01:30:50.787 31102 28283 I Finsky  : [603] jkc.accept(33): AF: No appUsageStatsCacheEntry for com.busplus
07-10 01:30:50.798 31102 28283 I Finsky  : [603] jkc.accept(33): AF: No appUsageStatsCacheEntry for com.jetbrains.space
07-10 01:30:50.801 28259 28299 I PlayCommon: [136] alqc.j(183): Connecting to server: https://play.googleapis.com/play/log?format=raw&proto_v2=true
07-10 01:30:50.814 31102 28283 I Finsky  : [603] jkc.accept(33): AF: No appUsageStatsCacheEntry for com.google.android.apps.meetings
07-10 01:30:50.816 31102 28283 I Finsky  : [603] jkc.accept(33): AF: No appUsageStatsCacheEntry for com.google.android.apps.meetings
07-10 01:30:50.833 31102 28283 I Finsky  : [603] jkc.accept(33): AF: No appUsageStatsCacheEntry for com.sec.android.app.popupcalculator
07-10 01:30:50.835 31102 28283 I Finsky  : [603] jkc.accept(33): AF: No appUsageStatsCacheEntry for com.sec.android.app.popupcalculator
07-10 01:30:50.873 31102 28283 I Finsky  : [603] jkc.accept(33): AF: No appUsageStatsCacheEntry for com.glovo
07-10 01:30:50.875 31102 28283 I Finsky  : [603] jkc.accept(33): AF: No appUsageStatsCacheEntry for com.glovo
07-10 01:30:50.878 28259 28299 I PlayCommon: [136] alqc.j(220): Successfully uploaded logs.
07-10 01:30:50.879 31102 28283 I Finsky  : [603] jkc.accept(33): AF: No appUsageStatsCacheEntry for com.google.android.media.swcodec
07-10 01:30:50.880 31102 28283 I Finsky  : [603] jkc.accept(33): AF: No appUsageStatsCacheEntry for com.google.android.media.swcodec
07-10 01:30:50.897 31102 28283 I Finsky  : [603] jkc.accept(33): AF: No appUsageStatsCacheEntry for com.sec.android.app.voicenote
07-10 01:30:50.900 31102 28283 I Finsky  : [603] jkc.accept(33): AF: No appUsageStatsCacheEntry for com.sec.android.app.voicenote
07-10 01:30:50.917 31102 28283 I Finsky  : [603] jkc.accept(33): AF: No appUsageStatsCacheEntry for com.samsung.knox.securefolder
07-10 01:30:50.923 31102 28283 I Finsky  : [603] jkc.accept(33): AF: No appUsageStatsCacheEntry for com.google.android.apps.docs.editors.sheets
07-10 01:30:50.925 31102 28283 I Finsky  : [603] jkc.accept(33): AF: No appUsageStatsCacheEntry for com.google.android.apps.docs.editors.sheets
07-10 01:30:50.930 31102 28283 I Finsky  : [603] jkc.accept(33): AF: No appUsageStatsCacheEntry for com.appcargo.user
07-10 01:30:50.933 31102 28283 I Finsky  : [603] jkc.accept(33): AF: No appUsageStatsCacheEntry for com.appcargo.user
07-10 01:30:50.939 31102 28283 I Finsky  : [603] jkc.accept(33): AF: No appUsageStatsCacheEntry for com.google.android.music
07-10 01:30:50.943 31102 28283 I Finsky  : [603] jkc.accept(33): AF: No appUsageStatsCacheEntry for com.google.android.music
07-10 01:30:50.958 31102 28283 I Finsky  : [603] jkc.accept(33): AF: No appUsageStatsCacheEntry for com.github.vase4kin.teamcityapp
07-10 01:30:50.960 31102 28283 I Finsky  : [603] jkc.accept(33): AF: No appUsageStatsCacheEntry for com.github.vase4kin.teamcityapp
07-10 01:30:50.984 31102 28283 I Finsky  : [603] jkc.accept(33): AF: No appUsageStatsCacheEntry for com.google.android.apps.walletnfcrel
07-10 01:30:50.987 31102 28283 I Finsky  : [603] jkc.accept(33): AF: No appUsageStatsCacheEntry for com.google.android.apps.walletnfcrel
07-10 01:30:51.000 31102 28283 I Finsky  : [603] jkc.accept(33): AF: No appUsageStatsCacheEntry for com.google.android.adbd
07-10 01:30:51.002 31102 28283 I Finsky  : [603] jkc.accept(33): AF: No appUsageStatsCacheEntry for com.google.android.adbd
07-10 01:30:51.006 31102 28283 I Finsky  : [603] jkc.accept(33): AF: No appUsageStatsCacheEntry for com.dsi.ant.plugins.antplus
07-10 01:30:51.014 31102 28283 I Finsky  : [603] jkc.accept(33): AF: No appUsageStatsCacheEntry for com.fungames.flightpilot
07-10 01:30:51.016 31102 28283 I Finsky  : [603] jkc.accept(33): AF: No appUsageStatsCacheEntry for com.fungames.flightpilot
07-10 01:30:51.019 31102 28283 I Finsky  : [603] jkc.accept(33): AF: No appUsageStatsCacheEntry for com.google.android.conscrypt
07-10 01:30:51.023 31102 28283 I Finsky  : [603] jkc.accept(33): AF: No appUsageStatsCacheEntry for com.google.android.conscrypt
07-10 01:30:51.035 31102 28283 I Finsky  : [603] jkc.accept(33): AF: No appUsageStatsCacheEntry for us.zoom.videomeetings
07-10 01:30:51.037 31102 28283 I Finsky  : [603] jkc.accept(33): AF: No appUsageStatsCacheEntry for us.zoom.videomeetings
07-10 01:30:51.050 31102 28283 I Finsky  : [603] jkc.accept(33): AF: No appUsageStatsCacheEntry for com.shazam.android
07-10 01:30:51.053 31102 28283 I Finsky  : [603] jkc.accept(33): AF: No appUsageStatsCacheEntry for com.shazam.android
07-10 01:30:51.059 31102 28283 I Finsky  : [603] jkc.accept(33): AF: No appUsageStatsCacheEntry for ru.yandex.metro
07-10 01:30:51.062 31102 28283 I Finsky  : [603] jkc.accept(33): AF: No appUsageStatsCacheEntry for ru.yandex.metro
07-10 01:30:51.068 31102 28283 I Finsky  : [603] jkc.accept(33): AF: No appUsageStatsCacheEntry for org.mozilla.firefox
07-10 01:30:51.076 31102 28283 I Finsky  : [603] jkc.accept(33): AF: No appUsageStatsCacheEntry for ru.iiec.pydroid3
07-10 01:30:51.078 31102 28283 I Finsky  : [603] jkc.accept(33): AF: No appUsageStatsCacheEntry for ru.iiec.pydroid3
07-10 01:30:51.089 31102 28283 I Finsky  : [603] jkc.accept(33): AF: No appUsageStatsCacheEntry for com.google.audio.hearing.visualization.accessibility.scribe
07-10 01:30:51.091 31102 28283 I Finsky  : [603] jkc.accept(33): AF: No appUsageStatsCacheEntry for com.google.audio.hearing.visualization.accessibility.scribe
07-10 01:30:51.094 31102 28283 I Finsky  : [603] jkc.accept(33): AF: No appUsageStatsCacheEntry for com.google.android.neuralnetworks
07-10 01:30:51.095 31102 28283 I Finsky  : [603] jkc.accept(33): AF: No appUsageStatsCacheEntry for com.google.android.neuralnetworks
07-10 01:30:51.108 31102 28283 I Finsky  : [603] jkc.accept(33): AF: No appUsageStatsCacheEntry for com.vrem.wifianalyzer
07-10 01:30:51.110 31102 28283 I Finsky  : [603] jkc.accept(33): AF: No appUsageStatsCacheEntry for com.vrem.wifianalyzer
07-10 01:30:51.121 31102 28283 I Finsky  : [603] jkc.accept(33): AF: No appUsageStatsCacheEntry for com.google.android.inputmethod.japanese
07-10 01:30:51.124 31102 28283 I Finsky  : [603] jkc.accept(33): AF: No appUsageStatsCacheEntry for com.google.android.inputmethod.japanese
07-10 01:30:51.128 31102 28283 I Finsky  : [603] jkc.accept(33): AF: No appUsageStatsCacheEntry for com.google.android.ipsec
07-10 01:30:51.130 31102 28283 I Finsky  : [603] jkc.accept(33): AF: No appUsageStatsCacheEntry for com.google.android.ipsec
07-10 01:30:51.135 31102 28283 I Finsky  : [603] jkc.accept(33): AF: No appUsageStatsCacheEntry for com.google.android.as.oss
07-10 01:30:51.148 31102 28283 I Finsky  : [603] jkc.accept(33): AF: No appUsageStatsCacheEntry for org.geogebra.android.g3d
07-10 01:30:51.149 31102 28283 I Finsky  : [603] jkc.accept(33): AF: No appUsageStatsCacheEntry for org.geogebra.android.g3d
07-10 01:30:51.153 31102 28283 I Finsky  : [603] jkc.accept(33): AF: No appUsageStatsCacheEntry for com.google.android.ondevicepersonalization
07-10 01:30:51.156 31102 28283 I Finsky  : [603] jkc.accept(33): AF: No appUsageStatsCacheEntry for com.google.android.ondevicepersonalization
07-10 01:30:51.160 31102 28283 I Finsky  : [603] jkc.accept(33): AF: No appUsageStatsCacheEntry for com.google.android.apps.turbo
07-10 01:30:51.166 31102 28283 I Finsky  : [603] jkc.accept(33): AF: No appUsageStatsCacheEntry for pl.aidemmedia.RealisticBridge
07-10 01:30:51.169 31102 28283 I Finsky  : [603] jkc.accept(33): AF: No appUsageStatsCacheEntry for pl.aidemmedia.RealisticBridge
07-10 01:30:51.175 31102 28283 I Finsky  : [603] jkc.accept(33): AF: No appUsageStatsCacheEntry for com.duckduckgo.mobile.android
07-10 01:30:51.178 31102 28283 I Finsky  : [603] jkc.accept(33): AF: No appUsageStatsCacheEntry for com.duckduckgo.mobile.android
07-10 01:30:51.188 31102 28283 I Finsky  : [603] jkc.accept(33): AF: No appUsageStatsCacheEntry for org.stepic.droid
07-10 01:30:51.190 31102 28283 I Finsky  : [603] jkc.accept(33): AF: No appUsageStatsCacheEntry for org.stepic.droid
07-10 01:30:51.194 31102 28283 I Finsky  : [603] jkc.accept(33): AF: No appUsageStatsCacheEntry for com.teremok.keys
07-10 01:30:51.197 31102 28283 I Finsky  : [603] jkc.accept(33): AF: No appUsageStatsCacheEntry for com.teremok.keys
07-10 01:30:51.206 31102 28283 I Finsky  : [603] jkc.accept(33): AF: No appUsageStatsCacheEntry for com.google.android.extservices
07-10 01:30:51.209 31102 28283 I Finsky  : [603] jkc.accept(33): AF: No appUsageStatsCacheEntry for com.google.android.extservices
07-10 01:30:51.213 31102 28283 I Finsky  : [603] jkc.accept(33): AF: No appUsageStatsCacheEntry for ru.filit.mvideo.b2c
07-10 01:30:51.215 31102 28283 I Finsky  : [603] jkc.accept(33): AF: No appUsageStatsCacheEntry for ru.filit.mvideo.b2c
07-10 01:30:51.229 31102 28283 I Finsky  : [603] jkc.accept(33): AF: No appUsageStatsCacheEntry for com.flipd.app
07-10 01:30:51.231 31102 28283 I Finsky  : [603] jkc.accept(33): AF: No appUsageStatsCacheEntry for com.flipd.app
07-10 01:30:51.237 31102 28283 I Finsky  : [603] jkc.accept(33): AF: No appUsageStatsCacheEntry for com.google.android.youtube
07-10 01:30:51.243 31102 28283 I Finsky  : [603] jkc.accept(33): AF: No appUsageStatsCacheEntry for com.google.android.os.statsd
07-10 01:30:51.244 31102 28283 I Finsky  : [603] jkc.accept(33): AF: No appUsageStatsCacheEntry for com.google.android.os.statsd
07-10 01:30:51.249 31102 28283 I Finsky  : [603] jkc.accept(33): AF: No appUsageStatsCacheEntry for ru.yandex.telemost
07-10 01:30:51.250 31102 28283 I Finsky  : [603] jkc.accept(33): AF: No appUsageStatsCacheEntry for ru.yandex.telemost
07-10 01:30:51.254 31102 28283 I Finsky  : [603] jkc.accept(33): AF: No appUsageStatsCacheEntry for com.urbanvpn.android
07-10 01:30:51.257 31102 28283 I Finsky  : [603] jkc.accept(33): AF: No appUsageStatsCacheEntry for com.urbanvpn.android
07-10 01:30:51.262 31102 28283 I Finsky  : [603] jkc.accept(33): AF: No appUsageStatsCacheEntry for org.kde.kalgebramobile
07-10 01:30:51.264 31102 28283 I Finsky  : [603] jkc.accept(33): AF: No appUsageStatsCacheEntry for org.kde.kalgebramobile
07-10 01:30:51.271 31102 28283 I Finsky  : [603] jkc.accept(33): AF: No appUsageStatsCacheEntry for ru.tele2.mytele2
07-10 01:30:51.294 31102 28283 I Finsky  : [603] jkc.accept(33): AF: No appUsageStatsCacheEntry for com.samsung.android.privateshare
07-10 01:30:51.296 31102 28283 I Finsky  : [603] jkc.accept(33): AF: No appUsageStatsCacheEntry for com.samsung.android.privateshare
07-10 01:30:51.299 31102 28283 I Finsky  : [603] jkc.accept(33): AF: No appUsageStatsCacheEntry for com.google.android.scheduling
07-10 01:30:51.301 31102 28283 I Finsky  : [603] jkc.accept(33): AF: No appUsageStatsCacheEntry for com.google.android.scheduling
07-10 01:30:52.485 31102 28283 I Finsky  : [603] yvh.r(4): SCH: jobFinished: 10-4. TimeElapsed: 3921ms.
07-10 01:30:52.515 31102 31383 I Finsky  : [147] yct.accept(36): SCH: Scheduling phonesky job Id: 1-1337, CT: 1688944237349, Constraints: [{ L: 43170044, D: 86370044, C: 1, I: 1, N: 1 }]
07-10 01:30:52.526 31102 31361 I Finsky  : [141] yeu.apply(14): SCH: Scheduling 1 system job(s)
07-10 01:30:52.530 31102 31361 I Finsky  : [141] yvf.d(19): SCH: Scheduling system job Id: 9165, L: 41954867, D: 85154867, C: false, I: false, N: 1
07-10 01:30:52.543 31102 28273 I Finsky  : [602] ywt.a(16): SCH: job service finished with id 9163.
07-10 01:30:52.682  5674  7726 D SemWifiUsabilityStatsMonitor: onWifiUsabilityStats - seqNum 22033, isSameBssidAndFreq true
07-10 01:30:52.684  5674  6128 I SemWifiLinkQualityMonitor: Link Qos Query: 0.034 ms / 238.333 Mbps (390 / 0.000 / 1.636)
07-10 01:30:52.685  6461  6461 D NetworkController.WifiSignalController: notifyListener: visible=true, connected=true, inetCondition=1, isDefault=true, wifiTestReported=true, receivedInetCondition=-1, hideDuringMobileSwitching=false
07-10 01:30:54.566  5674  6183 D WifiConnectivityMonitor: called startWcmPoll but already Ongoing
07-10 01:30:54.567  5674  6183 D SemWifiRssiBasePoller: RSSI_BASE_STOP
07-10 01:30:55.138 16924 16924 D BoundBrokerSvc: onUnbind: Intent { act=com.google.android.gms.udc.service.START pkg=com.google.android.gms }
07-10 01:30:55.716  5674  7726 D SemWifiUsabilityStatsMonitor: onWifiUsabilityStats - seqNum 22034, isSameBssidAndFreq true
07-10 01:30:55.718  5674  6128 I SemWifiLinkQualityMonitor: Link Qos Query: 0.034 ms / 238.333 Mbps (390 / 0.000 / 1.636)
07-10 01:30:55.719  6461  6461 D NetworkController.WifiSignalController: notifyListener: visible=true, connected=true, inetCondition=1, isDefault=true, wifiTestReported=true, receivedInetCondition=-1, hideDuringMobileSwitching=false
07-10 01:30:56.720 29789 28312 I GmscoreIpa: Starting mediastore instant index [CONTEXT service_id=255 ]
07-10 01:30:56.992 31135 32652 I native  : I0000 00:00:1688945456.991871   32652 soda_async_impl.cc:1540] Current audio timestamp: 1688945456620242
07-10 01:30:57.047  5674  5745 W libprocessgroup: Failed to open /dev/blkio//cgroup.procs: No such file or directory
07-10 01:30:57.048  5353  6075 V APM_AudioPolicyManager: setAppState(portId:1005, state:1)
07-10 01:30:57.073  5674  5745 W libprocessgroup: Failed to open /dev/blkio//cgroup.procs: No such file or directory
07-10 01:30:57.076  5353  6075 V APM_AudioPolicyManager: setAppState(portId:1005, state:1)
07-10 01:30:57.117  5353  6075 V APM_AudioPolicyManager: setAppState(portId:1005, state:1)
07-10 01:30:57.119  5353  6075 V APM_AudioPolicyManager: setAppState(portId:1005, state:1)
07-10 01:30:57.135  5362  5362 I SurfaceFlinger: SFWD update time=135706505158012
07-10 01:30:57.152  5353  6075 V APM_AudioPolicyManager: setAppState(portId:1005, state:1)
07-10 01:30:57.158  5353  6075 V APM_AudioPolicyManager: setAppState(portId:1005, state:1)
07-10 01:30:58.688 31135 31452 I A       : (REDACTED) #onAudioData: %s bytes, getAudioReadSize %s
07-10 01:30:58.753  5674  7726 D SemWifiUsabilityStatsMonitor: onWifiUsabilityStats - seqNum 22035, isSameBssidAndFreq true
07-10 01:30:58.758  5674  6128 I SemWifiLinkQualityMonitor: Link Qos Query: 0.034 ms / 238.333 Mbps (390 / 0.000 / 1.636)
07-10 01:31:00.015  6461  7078 D QSClockBellTower: onReceive(android.intent.action.TIME_TICK) mTimeZoneString:null
07-10 01:31:00.034  6461  6461 D KeyguardUpdateMonitor: received broadcast android.intent.action.TIME_TICK
07-10 01:31:00.064  6461  6461 D QSClockBellTower: He is ready to ring the bell. (((QSClockBellSound - TimeText:01:31, TimeContentDescription:01:31, DateText:Mon, 10 July, ShortDateText:Mon, 10 Jul, Demo:false, QuickStar-Second(false|12:34:56))))
07-10 01:31:00.069  6461  6461 D QSClockIndicatorView: Home Indicator status_bar_clock 01:31 notifyTimeChanged(QSClockBellSound - TimeText:01:31, TimeContentDescription:01:31, DateText:Mon, 10 July, ShortDateText:Mon, 10 Jul, Demo:false, QuickStar-Second(false|12:34:56)) ClockVisibleByPolicy:true, ClockVisibleByUser:true, visible?false, parent:android.widget.LinearLayout{503272 V.E...... ........ 0,0-0,55 #7f0b04f0 app:id/left_clock_container}
07-10 01:31:00.070  6461  6461 D QSClockBellTower: Everyone heard the bell. run(currentTime:1688945460061,   getTime():Mon Jul 10 01:31:00 GMT+02:00 2023,   getTimeZone():libcore.util.ZoneInfo[mDstSavings=3600000,mUseDst=true,mDelegate=[id="Europe/Belgrade",mRawOffset=3600000,mEarliestRawOffset=4920000,transitions=119]])
07-10 01:31:00.292  6461  6461 I FaceWidgetPositionAlgorithm: getClockContainerHeight() supplier = 270, bottom margin = 0, real height = 333
07-10 01:31:00.314  6461  6461 I FaceWidgetPositionAlgorithm: getClockContainerHeight() supplier = 270, bottom margin = 63, real height = 333
07-10 01:31:00.314  6461  6461 I FaceWidgetPositionAlgorithm: getMediaContainerHeight() height = 0 container Visibility = 8, isValid = false, mIsDozing = false, fraction = 1.0, source = 0, target = 0
07-10 01:31:00.315  6461  6461 I FaceWidgetPositionAlgorithm: getMediaContainerHeight() supplier = 0
