07-10 00:51:14.512 17917 17917 E GameLauncher: [(null:11):b] -> [(SourceFile:1):a] RESOURCE RESULT ERROR TYPE : com.samsung.android.game.gamehome.utility.resource.MbaPolicyNotShowedException
07-10 00:51:14.513 17917 17917 E GameLauncher: [(SourceFile:7):a] UpdatePlayTimeTask[e:3] ERROR  ----> result Resource ERROR com.samsung.android.game.gamehome.utility.resource.MbaPolicyNotShowedException
07-10 00:51:14.514 17917 17917 E GameLauncher: [(SourceFile:5):S] ERROR
07-10 00:51:14.515 17917 17917 E GameLauncher: [(SourceFile:5):R] -> [(SourceFile:1):a] RESOURCE RESULT ERROR TYPE : com.samsung.android.game.gamehome.utility.resource.MbaPolicyNotShowedException
07-10 00:51:14.520 17917 17917 E GameLauncher: [(null:11):b] -> [(SourceFile:1):a] RESOURCE RESULT ERROR TYPE : null
07-10 00:51:14.521 17917 17917 E GameLauncher: [(SourceFile:7):a] SendPackageTotalUsageTimeTask[b:2] ERROR  ----> result Resource ERROR null
07-10 00:51:14.667 17918 18004 D CompatibilityChangeReporter: Compat change id reported: 194532703; UID 10278; state: ENABLED
07-10 00:51:14.682  5674  5745 W libprocessgroup: Failed to open /dev/blkio//cgroup.procs: No such file or directory
07-10 00:51:14.687  5674  5745 W libprocessgroup: Failed to open /dev/blkio//cgroup.procs: No such file or directory
07-10 00:51:14.699 17918 17918 D ConnectivityManager: StackLog: [android.net.ConnectivityManager.sendRequestForNetwork(ConnectivityManager.java:4300)] [android.net.ConnectivityManager.registerDefaultNetworkCallbackForUid(ConnectivityManager.java:4864)] [android.net.ConnectivityManager.registerDefaultNetworkCallback(ConnectivityManager.java:4831)] [X.35C.BV5(:541710)] [X.0m0.handleMessage(:107267)]
07-10 00:51:14.702  5674  9952 D ConnectivityService: requestNetwork for uid/pid:10278/17918 activeRequest: null callbackRequest: 16484 [NetworkRequest [ REQUEST id=16485, [ Capabilities: INTERNET&NOT_RESTRICTED&TRUSTED&NOT_VCN_MANAGED Uid: 10278 RequestorUid: 10278 RequestorPkg: com.whatsapp UnderlyingNetworks: Null] ]] callback flags: 0 order: 2147483647
07-10 00:51:14.704  5674  6055 D ConnectivityService:    accepting network in place of null
07-10 00:51:14.707  5674  6045 D WifiNetworkFactory: got request NetworkRequest [ REQUEST id=16485, [ Capabilities: INTERNET&NOT_RESTRICTED&TRUSTED&NOT_VCN_MANAGED Uid: 10278 RequestorUid: 10278 RequestorPkg: com.whatsapp UnderlyingNetworks: Null] ]
07-10 00:51:14.708  5674  6045 D UntrustedWifiNetworkFactory: got request NetworkRequest [ REQUEST id=16485, [ Capabilities: INTERNET&NOT_RESTRICTED&TRUSTED&NOT_VCN_MANAGED Uid: 10278 RequestorUid: 10278 RequestorPkg: com.whatsapp UnderlyingNetworks: Null] ]
07-10 00:51:14.709  5674  6045 D OemPaidWifiNetworkFactory: got request NetworkRequest [ REQUEST id=16485, [ Capabilities: INTERNET&NOT_RESTRICTED&TRUSTED&NOT_VCN_MANAGED Uid: 10278 RequestorUid: 10278 RequestorPkg: com.whatsapp UnderlyingNetworks: Null] ]
07-10 00:51:14.711  5674  6045 D MultiInternetWifiNetworkFactory: got request NetworkRequest [ REQUEST id=16485, [ Capabilities: INTERNET&NOT_RESTRICTED&TRUSTED&NOT_VCN_MANAGED Uid: 10278 RequestorUid: 10278 RequestorPkg: com.whatsapp UnderlyingNetworks: Null] ]
07-10 00:51:14.713  5674  6055 D ConnectivityService: Rematched networks [computed 0ms] [applied 1ms] [issued 8]
07-10 00:51:14.713  5674  6055 D ConnectivityService: NetworkReassignment :
07-10 00:51:14.713  5674  6055 D ConnectivityService:   16485 : null  118
07-10 00:51:14.743  5674  6213 D NetdEventListenerService: DNS Requested by : 118, 10278
07-10 00:51:14.747 17918 18011 D TrafficStats: tagSocket(110) with statsTag=0x1, statsUid=-1
07-10 00:51:14.776  5674  9681 D PackageManager: setEnabledSetting : userId = 0 packageName = com.whatsapp cmp = androidx.work.impl.background.systemjob.SystemJobService newState = 1 callingPackage = 10278/com.whatsapp
07-10 00:51:14.777  5674  9681 D ApplicationPolicy: getApplicationStateEnabled : pkg = com.whatsapp userId : 0
07-10 00:51:14.778  5674  9681 D ApplicationPolicy: getApplicationComponentState : pkg = com.whatsapp userId : 0
07-10 00:51:14.781 17918 18016 D WM-PackageManagerHelper: androidx.work.impl.background.systemjob.SystemJobService enabled
07-10 00:51:14.781 17918 18016 D WM-Schedulers: Created SystemJobScheduler and enabled SystemJobService
07-10 00:51:14.806 17918 18019 D WM-ForceStopRunnable: The default process name was not specified.
07-10 00:51:14.807 17918 18019 D WM-ForceStopRunnable: Performing cleanup operations.
07-10 00:51:14.821  4613  4613 W keymaster_tee: [WRN]begin req PARAMS: A32 B32 P1
07-10 00:51:14.924  5674  7726 D SemWifiUsabilityStatsMonitor: onWifiUsabilityStats - seqNum 21252, isSameBssidAndFreq true
07-10 00:51:14.927  5674  6128 I SemWifiLinkQualityMonitor: Link Qos Query: 0.052 ms / 153.563 Mbps (351 / 0.000 / 2.286)
07-10 00:51:14.932  5674  6213 D NetdEventListenerService: DNS Requested by : 118, 10278
07-10 00:51:14.936 17918 18016 D TrafficStats: tagSocket(127) with statsTag=0x4, statsUid=-1
07-10 00:51:15.029  5674  5745 W libprocessgroup: Failed to open /dev/blkio//cgroup.procs: No such file or directory
07-10 00:51:15.035  5674  5745 W libprocessgroup: Failed to open /dev/blkio//cgroup.procs: No such file or directory
07-10 00:51:15.062  5674  6213 D NetdEventListenerService: DNS Requested by : 118, 10278
07-10 00:51:15.065 17918 18001 D TrafficStats: tagSocket(135) with statsTag=0x3, statsUid=-1
07-10 00:51:15.211  5674  9952 D PackageManager: setEnabledSetting : userId = 0 packageName = com.whatsapp cmp = androidx.work.impl.background.systemalarm.RescheduleReceiver newState = 1 callingPackage = 10278/com.whatsapp
07-10 00:51:15.212  5674  9952 D ApplicationPolicy: getApplicationStateEnabled : pkg = com.whatsapp userId : 0
07-10 00:51:15.215  5674  9952 D ApplicationPolicy: getApplicationComponentState : pkg = com.whatsapp userId : 0
07-10 00:51:15.217 17918 18019 D WM-PackageManagerHelper: androidx.work.impl.background.systemalarm.RescheduleReceiver enabled
07-10 00:51:15.265 17918 18019 D WM-SystemJobScheduler: Scheduling work ID 01545e62-054d-4cb8-b67c-0d2fc257cd15Job ID 5262
07-10 00:51:15.299  5674  5745 W libprocessgroup: Failed to open /dev/blkio//cgroup.procs: No such file or directory
07-10 00:51:15.302  5674  5745 W libprocessgroup: Failed to open /dev/blkio//cgroup.procs: No such file or directory
07-10 00:51:15.317 17918 17918 D CompatibilityChangeReporter: Compat change id reported: 147600208; UID 10278; state: ENABLED
07-10 00:51:15.397  5674  5879 D BluetoothManagerService: mDisableBleCallbacks count 20
07-10 00:51:15.399 17918 18004 I BluetoothAdapter: BluetoothAdapter() : com.whatsapp
07-10 00:51:15.404 17918 18004 D BluetoothHeadset: BTStateChangeCB is registed by 17918 @ com.whatsapp
07-10 00:51:15.508  5674  5879 I BluetoothManagerService: addProxy from com.whatsapp (11)
07-10 00:51:15.510 17918 17948 D BluetoothHeadset: Proxy object connected
07-10 00:51:15.559  5353  6075 V APM_AudioPolicyManager: setAppState(portId:1005, state:1)
07-10 00:51:15.560  5353  6075 V APM_AudioPolicyManager: setAppState(portId:1005, state:1)
07-10 00:51:15.562  5353  6075 V APM_AudioPolicyManager: setAppState(portId:1005, state:1)
07-10 00:51:15.566  5353  6075 V APM_AudioPolicyManager: setAppState(portId:1005, state:1)
07-10 00:51:17.740  5674  5690 I system_server: Background young concurrent copying GC freed 167687(7551KB) AllocSpace objects, 13(260KB) LOS objects, 5% free, 118MB/126MB, paused 1.125ms,418us total 134.273ms
07-10 00:51:17.742  5262  5262 E audit   : type=1400 audit(1688943077.737:69540): avc:  denied  { read } for  pid=17918 comm="binder:17918_2" name="u:object_r:perf_prop:s0" dev="tmpfs" ino=10663 scontext=u:r:untrusted_app:s0:c22,c257,c512,c768 tcontext=u:object_r:perf_prop:s0 tclass=file permissive=0 SEPF_SM-A515F_13_0001 audit_filtered
07-10 00:51:17.742  5262  5262 E audit   : type=1300 audit(1688943077.737:69540): arch=c00000b7 syscall=56 success=no exit=-13 a0=ffffff9c a1=7b7d35c2f8 a2=88000 a3=0 items=0 ppid=5287 pid=17918 auid=4294967295 uid=10278 gid=10278 euid=10278 suid=10278 fsuid=10278 egid=10278 sgid=10278 fsgid=10278 tty=(none) ses=4294967295 comm="binder:17918_2" exe="/system/bin/app_process64" subj=u:r:untrusted_app:s0:c22,c257,c512,c768 key=(null)
07-10 00:51:17.742  5262  5262 E audit   : type=1327 audit(1688943077.737:69540): proctitle="<pre-initialized>"
07-10 00:51:17.742 17918 17947 W libc    : Access denied finding property "sys.perf.boostopt"
07-10 00:51:17.746 17673 17779 W libc    : Access denied finding property "sys.perf.boostopt"
07-10 00:51:17.747  5262  5262 E audit   : type=1400 audit(1688943077.741:69541): avc:  denied  { read } for  pid=17673 comm="binder:17673_4" name="u:object_r:perf_prop:s0" dev="tmpfs" ino=10663 scontext=u:r:untrusted_app:s0:c87,c257,c512,c768 tcontext=u:object_r:perf_prop:s0 tclass=file permissive=0 SEPF_SM-A515F_13_0001 audit_filtered
07-10 00:51:17.748  5674  5692 W System  : A resource failed to call close.
07-10 00:51:17.949  5674  6055 D ConnectivityService: notifyType CALLBACK_CAP_CHANGED for [118 WIFI]
07-10 00:51:17.950  5674  7726 D SemWifiUsabilityStatsMonitor: onWifiUsabilityStats - seqNum 21253, isSameBssidAndFreq true
07-10 00:51:17.951  5674  6128 I SemWifiLinkQualityMonitor: Link Qos Query: 0.052 ms / 153.563 Mbps (351 / 0.000 / 2.286)
07-10 00:51:17.952  5674  6086 D SemWifiSwitchForIndividualAppsService: stopTCPMonitoring : already stopped
07-10 00:51:17.953  5674  6086 I WifiConnectivityMonitor.NCC: sNetworkCallback(oCC) FULL : 118(true/false)[ Transports: WIFI Capabilities: NOT_METERED&INTERNET&NOT_RESTRICTED&TRUSTED&NOT_VPN&VALIDATED&NOT_ROAMING&FOREGROUND&NOT_CONGESTED&NOT_SUSPENDED&NOT_VCN_MANAGED LinkUpBandwidth>=38087Kbps LinkDnBandwidth>=48162Kbps TransportInfo: <SSID: <unknown ssid>, BSSID: 02:00:00:**:**:00, MAC: 02:00:00:**:**:00, IP: /192.168.1.19, Security type: 2, Supplicant state: COMPLETED, Wi-Fi standard: 5, RSSI: -63, Link speed: 351Mbps, Tx Link speed: 351Mbps, Max Supported Tx Link speed: 433Mbps, Rx Link speed: 6Mbps, Max Supported Rx Link speed: 433Mbps, Frequency: 5180MHz, Net ID: -1, Metered hint: false, score: 60, isUsable: true, CarrierMerged: false, SubscriptionId: -1, IsPrimary: 1, Trusted: true, Restricted: false, Ephemeral: false, OEM paid: false, OEM private: false, OSU AP: false, FQDN: <none>, Provider friendly name: <none>, Requesting package name: <none><none>MLO Information: , AP MLD Address: <none>, AP MLO Link Id: <none>, AP MLO Affiliated links: <none>> SignalStrength: -63 AdminUids: [1000] SSID: "Talija" UnderlyingNetworks: Null]
07-10 00:51:17.954  5674  6164 I WifiConnectivityMonitor: current mode : 1
07-10 00:51:17.955  5674  6164 D OpenNetworkQos[4.00]: updateBssidNoInternet: mBssidNoInternet = false
07-10 00:51:17.955  5674  6164 D OpenNetworkQos[4.00]: getOpenNetworkQosNoInternetStatus: false
07-10 00:51:17.955  5674  6164 D OpenNetworkQos[4.00]: getOpenNetworkQosScores: 26 26 26
07-10 00:51:17.955  5674  6164 I WifiProfileShare: network QoS data was changed (internet), updateQoSData networkType: true, qosData: false
07-10 00:51:17.956  5674  7451 V WifiProfileShare.Caster: update wips network, size: 0
07-10 00:51:17.957  5674  7451 D WifiProfileShare: nearby scanning settings run
07-10 00:51:17.957  5674  7451 D WifiProfileShare: network score provider settings enabled
07-10 00:51:17.957  5674  7451 D OpenNetworkQos[4.00]: getOpenNetworkQosScores: 26 26 26
07-10 00:51:17.957  5674  7451 D OpenNetworkQos[4.00]: getOpenNetworkQosNoInternetStatus: false
07-10 00:51:17.957  5674  7451 I WifiProfileShare.Caster: current network type: 0, score: [26, 26, 26]
07-10 00:51:17.959  5674  7451 V WifiProfileShare.Cache: update network score 00:e4:06:**:**:90
07-10 00:51:17.960  5674  7451 D WifiProfileShare.ScanMatcher: getMcfDataList size:2
07-10 00:51:17.960  5674  7451 I WifiProfileShare.Caster: qos data was updated , before:type:QOS, pBssid:51:2e:90, qosData:7c after:type:QOS, pBssid:51:2e:90, qosData:7c
07-10 00:51:17.963  5674  7451 I [MCFSDK_android_1.2.4010]_4_b: isNetworkEnabled - type : 1 ret : true
07-10 00:51:17.963  5674  7451 D WifiProfileShare.McfCast: -ME--- mIsNetworkEnabled :true
07-10 00:51:17.963  5674  7451 D WifiProfileShare.McfCast: updateQoSData ignored, same contents
07-10 00:51:17.963  5674  7451 D WifiProfileShare.MCF: success update QosData !
07-10 00:51:17.965  5674  7451 I [MCFSDK_android_1.2.4010]_4_b: isNetworkEnabled - type : 1 ret : true
07-10 00:51:17.965  5674  7451 D WifiProfileShare.McfCast: -ME--- mIsNetworkEnabled :true
07-10 00:51:17.965  5674  7451 D WifiProfileShare.McfCast: -ME--- updatePasswordDate pwdData size:2
07-10 00:51:17.992  6461  6566 D NetworkController.WifiSignalController: notifyListener: visible=true, connected=true, inetCondition=1, isDefault=true, wifiTestReported=true, receivedInetCondition=-1, hideDuringMobileSwitching=false
07-10 00:51:17.994 16924 16959 I ChimeraSrvcProxy: NullBinder for android.net.action.RECOMMEND_NETWORKS triggering remote TransactionTooLargeException due to Service without Chimera impl
07-10 00:51:17.994 16924 16959 W .gms.persistent: Large reply transaction of 1056768 bytes, interface descriptor , code 1
07-10 00:51:19.194  9837 10033 I SemDvfsHyPerManager: acquire hyper - SIOP_ARM_MAX/9837@2, type = 301993986
07-10 00:51:19.196  5313  5394 I HYPER-HAL: [RequestManager.cpp]acquire(): Acquired ID : 48407882  [9837 / 2]    HINT :      list : [CPUMaxFreq / 1898000]
07-10 00:51:20.999  5674  7726 D SemWifiUsabilityStatsMonitor: onWifiUsabilityStats - seqNum 21254, isSameBssidAndFreq true
07-10 00:51:21.005  5674  6128 I SemWifiLinkQualityMonitor: Link Qos Query: 0.052 ms / 153.563 Mbps (351 / 0.000 / 2.286)
07-10 00:51:21.006  6461  6461 D NetworkController.WifiSignalController: notifyListener: visible=true, connected=true, inetCondition=1, isDefault=true, wifiTestReported=true, receivedInetCondition=-1, hideDuringMobileSwitching=false
07-10 00:51:24.073  5674  7726 D SemWifiUsabilityStatsMonitor: onWifiUsabilityStats - seqNum 21255, isSameBssidAndFreq true
07-10 00:51:24.076  5674  6128 I SemWifiLinkQualityMonitor: Link Qos Query: 0.052 ms / 153.563 Mbps (351 / 0.000 / 2.286)
07-10 00:51:24.572 29789 29789 D BoundBrokerSvc: onUnbind: Intent { act=com.google.android.gms.measurement.START pkg=com.google.android.gms }
07-10 00:51:26.993 31135 32652 I native  : I0000 00:00:1688943086.992953   32652 soda_async_impl.cc:1540] Current audio timestamp: 1688943086620242
07-10 00:51:27.114  5674  7726 D SemWifiUsabilityStatsMonitor: onWifiUsabilityStats - seqNum 21256, isSameBssidAndFreq true
07-10 00:51:27.116  5674  6128 I SemWifiLinkQualityMonitor: Link Qos Query: 0.082 ms / 97.333 Mbps (292 / 0.000 / 3.000)
07-10 00:51:27.117  6461  6461 D NetworkController.WifiSignalController: notifyListener: visible=true, connected=true, inetCondition=1, isDefault=true, wifiTestReported=true, receivedInetCondition=-1, hideDuringMobileSwitching=false
07-10 00:51:27.432 30967 31717 I ContactsProvider_EventLog: cp_s: [CONTACT con(158) dat(1091) acc({sim(3)=15, sec(6)=1, sim2(4)=1, google(2)=81, org.telegram.messenger(236)=100, com.whatsapp(14)=41}) calls([logtype:100 cnt:877, logtype:200 cnt:5, logtype:300 cnt:495, logtype:1000 cnt:632, logtype:1150 cnt:161]) Iso(RS) uId(0) ]
07-10 00:51:27.432 30967 31717 I ContactsProvider_EventLog: cp_s: [ agr({[2 ,2 ,14 ,236]=1, [2 ,14 ,236]=32, [3]=15, [14]=1, [4]=1, [2 ,14]=4, [2 ,2]=2, [2]=34, [6 ,14]=1, [2 ,236]=3, [236]=62, [2 ,236 ,14]=2}) ]
07-10 00:51:27.432 30967 31717 I ContactsProvider_EventLog: cp_s: [ cnt({acore(30967)=1, com.whatsapp(17918)=1}) ]
07-10 00:51:27.432 30967 31717 I ContactsProvider_EventLog: cp_s: [PROFILE con(1) dat(1) acc({vnd.sec.contact.phone=1}) ] [SAPROFILE ]
07-10 00:51:27.432 30967 31717 I ContactsProvider_EventLog: cp_s: [STATE R(T) ]
07-10 00:51:28.092 31135 31447 I A       : (REDACTED) #onAudioData: %s bytes, getAudioReadSize %s
07-10 00:51:29.244  9837 10033 I SemDvfsHyPerManager: acquire hyper - SIOP_GPU_FREQ_MAX/9837@4, type = 536875010
07-10 00:51:29.246  5313  5394 I HYPER-HAL: [RequestManager.cpp]acquire(): Acquired ID : 48427565  [9837 / 4]    HINT :      list : [GPUMaxFreq / 764000]
07-10 00:51:29.247  9837 10033 I SemDvfsHyPerManager: acquire hyper - SIOP_ARM_MAX/9837@2, type = 301993986
07-10 00:51:29.248  5313  5394 I HYPER-HAL: [RequestManager.cpp]acquire(): Acquired ID : 48407882  [9837 / 2]    HINT :      list : [CPUMaxFreq / 1768000]
07-10 00:51:29.276  5325  5325 E sehhealth-service: Could not open /sys/class/power_supply/battery/lrp
07-10 00:51:30.168  5674  7726 D SemWifiUsabilityStatsMonitor: onWifiUsabilityStats - seqNum 21257, isSameBssidAndFreq true
07-10 00:51:30.175  5674  6128 I SemWifiLinkQualityMonitor: Link Qos Query: 0.082 ms / 97.333 Mbps (292 / 0.000 / 3.000)
07-10 00:51:30.176  6461  6461 D NetworkController.WifiSignalController: notifyListener: visible=true, connected=true, inetCondition=1, isDefault=true, wifiTestReported=true, receivedInetCondition=-1, hideDuringMobileSwitching=false
07-10 00:51:30.273  6461  6566 D TileLifecycleManager: onStopListening
07-10 00:51:33.213  5674  7726 D SemWifiUsabilityStatsMonitor: onWifiUsabilityStats - seqNum 21258, isSameBssidAndFreq true
07-10 00:51:33.216  5674  6128 I SemWifiLinkQualityMonitor: Link Qos Query: 0.046 ms / 175.500 Mbps (351 / 0.000 / 2.000)
07-10 00:51:33.216  6461  6461 D NetworkController.WifiSignalController: notifyListener: visible=true, connected=true, inetCondition=1, isDefault=true, wifiTestReported=true, receivedInetCondition=-1, hideDuringMobileSwitching=false
07-10 00:51:33.702 31802 32077 I SystemBroadcastReceiver: [#CMH#] onReceive completed :  0
07-10 00:51:33.703 31802 31802 I PolicyManager: [#CMH#] onReceive action = EVENT_SIOP
07-10 00:51:33.704  5674  5674 D SemWifiP2pGoPowerSave: GopsReceiver : received : com.samsung.intent.action.CHECK_SIOP_LEVEL
07-10 00:51:33.704  5674  5674 I SemWifiP2pGoPowerSave: siop_level = -1
07-10 00:51:34.677  5674  9681 D PackageManager: setEnabledSetting : userId = 0 packageName = com.Slack cmp = androidx.work.impl.background.systemalarm.RescheduleReceiver newState = 1 callingPackage = 10329/com.Slack
07-10 00:51:34.680  5674  9681 D ApplicationPolicy: getApplicationStateEnabled : pkg = com.Slack userId : 0
07-10 00:51:34.682  5674  9681 D ApplicationPolicy: getApplicationComponentState : pkg = com.Slack userId : 0
07-10 00:51:34.711  5353  6075 V APM_AudioPolicyManager: setAppState(portId:1005, state:1)
07-10 00:51:34.715  5674  5745 W libprocessgroup: Failed to open /dev/blkio//cgroup.procs: No such file or directory
07-10 00:51:34.731 15049 15209 D ConnectivityManager: StackLog: [android.net.ConnectivityManager.sendRequestForNetwork(ConnectivityManager.java:4300)] [android.net.ConnectivityManager.registerDefaultNetworkCallbackForUid(ConnectivityManager.java:4864)] [android.net.ConnectivityManager.registerDefaultNetworkCallback(ConnectivityManager.java:4831)] [android.net.ConnectivityManager.registerDefaultNetworkCallback(ConnectivityManager.java:4805)] [androidx.work.impl.utils.NetworkApi24.registerDefaultNetworkCallbackCompat(Unknown Source:11)] [androidx.work.impl.constraints.trackers.NetworkStateTracker24.startTracking(Unknown Source:15)] [androidx.work.impl.constraints.controllers.ConstraintController.replace(Unknown Source:130)] [androidx.work.impl.constraints.WorkConstraintsTrackerImpl.replace(Unknown Source:41)] [androidx.work.impl.background.greedy.GreedyScheduler.schedule(Unknown Source:302)] [androidx.work.impl.Schedulers.schedule(Unknown Source:155)] [androidx.work.impl.utils.EnqueueRunnable.run(Unknown Source:53)] [androidx.work.Worker$2.run$androidx$work$impl$utils$SerialExecutorImpl$Task(Unknown Source:4)] [androidx.work.Worker$2.run(Unknown Source:868)] [java.util.concurrent.ThreadPoolExecutor.runWorker(ThreadPoolExecutor.java:1137)] [java.util.concurrent.ThreadPoolExecutor$Worker.run(ThreadPoolExecutor.java:637)] [java.lang.Thread.run(Thread.java:1012)]
07-10 00:51:34.733  5674  9952 D ConnectivityService: requestNetwork for uid/pid:10329/15049 activeRequest: null callbackRequest: 16486 [NetworkRequest [ REQUEST id=16487, [ Capabilities: INTERNET&NOT_RESTRICTED&TRUSTED&NOT_VCN_MANAGED Uid: 10329 RequestorUid: 10329 RequestorPkg: com.Slack UnderlyingNetworks: Null] ]] callback flags: 0 order: 2147483647
07-10 00:51:34.735  5674  6055 D ConnectivityService:    accepting network in place of null
07-10 00:51:34.738  5674  6045 D WifiNetworkFactory: got request NetworkRequest [ REQUEST id=16487, [ Capabilities: INTERNET&NOT_RESTRICTED&TRUSTED&NOT_VCN_MANAGED Uid: 10329 RequestorUid: 10329 RequestorPkg: com.Slack UnderlyingNetworks: Null] ]
07-10 00:51:34.738  5674  6045 D UntrustedWifiNetworkFactory: got request NetworkRequest [ REQUEST id=16487, [ Capabilities: INTERNET&NOT_RESTRICTED&TRUSTED&NOT_VCN_MANAGED Uid: 10329 RequestorUid: 10329 RequestorPkg: com.Slack UnderlyingNetworks: Null] ]
07-10 00:51:34.739  5674  6045 D OemPaidWifiNetworkFactory: got request NetworkRequest [ REQUEST id=16487, [ Capabilities: INTERNET&NOT_RESTRICTED&TRUSTED&NOT_VCN_MANAGED Uid: 10329 RequestorUid: 10329 RequestorPkg: com.Slack UnderlyingNetworks: Null] ]
07-10 00:51:34.739  5674  6045 D MultiInternetWifiNetworkFactory: got request NetworkRequest [ REQUEST id=16487, [ Capabilities: INTERNET&NOT_RESTRICTED&TRUSTED&NOT_VCN_MANAGED Uid: 10329 RequestorUid: 10329 RequestorPkg: com.Slack UnderlyingNetworks: Null] ]
07-10 00:51:34.742  5674  6055 D ConnectivityService: Rematched networks [computed 0ms] [applied 1ms] [issued 6]
07-10 00:51:34.743  5674  6055 D ConnectivityService: NetworkReassignment :
07-10 00:51:34.743  5674  6055 D ConnectivityService:   16487 : null  118
07-10 00:51:34.775 15049 15049 D ConnectivityManager: StackLog: [android.net.ConnectivityManager.unregisterNetworkCallback(ConnectivityManager.java:4972)] [androidx.work.impl.utils.NetworkApi21.unregisterNetworkCallbackCompat(Unknown Source:11)] [androidx.work.impl.constraints.trackers.NetworkStateTracker24.stopTracking(Unknown Source:15)] [androidx.work.impl.constraints.trackers.ConstraintTracker.removeListener(Unknown Source:24)] [androidx.work.impl.constraints.controllers.ConstraintController.replace(Unknown Source:81)] [androidx.work.impl.constraints.WorkConstraintsTrackerImpl.replace(Unknown Source:41)] [androidx.work.impl.background.greedy.GreedyScheduler.onExecuted(Unknown Source:55)] [androidx.work.impl.Processor.onExecuted(Unknown Source:59)] [com.bugsnag.android.DeliveryDelegate$1.run(Unknown Source:212)]
07-10 00:51:34.777  5674  6055 D ConnectivityService:  Removing from current network [118 WIFI], leaving 153 requests.
07-10 00:51:34.791  5353  6075 V APM_AudioPolicyManager: setAppState(portId:1005, state:1)
07-10 00:51:34.795  5353  6075 V APM_AudioPolicyManager: setAppState(portId:1005, state:1)
07-10 00:51:35.338  5262  5262 E audit   : type=1400 audit(1688943095.333:69542): avc:  denied  { getattr } for  pid=5674 comm="BinderProcsColl" path="/sys/kernel/debug/binder/proc/5674" dev="debugfs" ino=32119 scontext=u:r:system_server:s0 tcontext=u:object_r:sec_debugfs:s0 tclass=file permissive=0 SEPF_SM-A515F_13_0001 audit_filtered
07-10 00:51:35.338  5262  5262 E audit   : type=1300 audit(1688943095.333:69542): arch=c00000b7 syscall=79 success=no exit=-13 a0=ffffff9c a1=7ad28a21e0 a2=79df9bd680 a3=0 items=0 ppid=5287 pid=5674 auid=4294967295 uid=1000 gid=1000 euid=1000 suid=1000 fsuid=1000 egid=1000 sgid=1000 fsgid=1000 tty=(none) ses=4294967295 comm="BinderProcsColl" exe="/system/bin/app_process64" subj=u:r:system_server:s0 key=(null)
07-10 00:51:35.338  5262  5262 E audit   : type=1327 audit(1688943095.333:69542): proctitle="system_server"
07-10 00:51:35.715 31802 32118 I PolicyManager: [#CMH#] Is foreground game app: false
07-10 00:51:35.815 31802 32118 I ControllerUtils: [#CMH#] StoryService:  9, isNonJustShotRunningPossible: false, isStopHeavyTask: true
07-10 00:51:35.877 31802 32118 I ControllerUtils: [#CMH#] IPService:  5, isNonJustShotRunningPossible: false, isStopHeavyTask: true
07-10 00:51:35.939 31802 32118 I ControllerUtils: [#CMH#] FaceService:  2, isNonJustShotRunningPossible: false, isStopHeavyTask: true
07-10 00:51:36.243  5674  7726 D SemWifiUsabilityStatsMonitor: onWifiUsabilityStats - seqNum 21259, isSameBssidAndFreq true
07-10 00:51:36.246  5674  6128 I SemWifiLinkQualityMonitor: Link Qos Query: 0.046 ms / 175.500 Mbps (351 / 0.000 / 2.000)
07-10 00:51:36.246  6461  6461 D NetworkController.WifiSignalController: notifyListener: visible=true, connected=true, inetCondition=1, isDefault=true, wifiTestReported=true, receivedInetCondition=-1, hideDuringMobileSwitching=false
07-10 00:51:39.292  5674  7726 D SemWifiUsabilityStatsMonitor: onWifiUsabilityStats - seqNum 21260, isSameBssidAndFreq true
07-10 00:51:39.296  5313  5394 I HYPER-HAL: [RequestManager.cpp]releaseLocked(): Released ID : 48407882
07-10 00:51:39.297  5674  6128 I SemWifiLinkQualityMonitor: Link Qos Query: 0.021 ms / 390.000 Mbps (390 / 0.000 / 1.000)
07-10 00:51:39.299  6461  6461 D NetworkController.WifiSignalController: notifyListener: visible=true, connected=true, inetCondition=1, isDefault=true, wifiTestReported=true, receivedInetCondition=-1, hideDuringMobileSwitching=false
07-10 00:51:41.391  5353  6075 V APM_AudioPolicyManager: setAppState(portId:1005, state:1)
07-10 00:51:41.427  5353  6075 V APM_AudioPolicyManager: setAppState(portId:1005, state:1)
07-10 00:51:41.439  5674  5745 W libprocessgroup: Failed to open /dev/blkio//cgroup.procs: No such file or directory
07-10 00:51:41.464  5353  6075 V APM_AudioPolicyManager: setAppState(portId:1005, state:1)
07-10 00:51:41.466  5353  6075 V APM_AudioPolicyManager: setAppState(portId:1005, state:1)
07-10 00:51:41.994 17918 18004 D TrafficStats: tagSocket(6) with statsTag=0x17, statsUid=-1
07-10 00:51:42.237 17918 18004 D TrafficStats: tagSocket(6) with statsTag=0x17, statsUid=-1
07-10 00:51:42.336  5674  7726 D SemWifiUsabilityStatsMonitor: onWifiUsabilityStats - seqNum 21261, isSameBssidAndFreq true
07-10 00:51:42.342  5674  6128 I SemWifiLinkQualityMonitor: Link Qos Query: 0.053 ms / 149.946 Mbps (292 / 0.000 / 1.947)
07-10 00:51:42.580 17918 18004 D TrafficStats: tagSocket(6) with statsTag=0x17, statsUid=-1
07-10 00:51:43.703  5674  5674 D SemWifiP2pGoPowerSave: GopsReceiver : received : com.samsung.intent.action.CHECK_SIOP_LEVEL
07-10 00:51:43.703  5674  5674 I SemWifiP2pGoPowerSave: siop_level = 0
07-10 00:51:43.705 31802 32077 I SystemBroadcastReceiver: [#CMH#] onReceive completed :  0
07-10 00:51:43.708 31802 31802 I PolicyManager: [#CMH#] onReceive action = EVENT_SIOP
07-10 00:51:44.524  5674  6183 D WifiConnectivityMonitor: start WCM Poll.
07-10 00:51:44.921 11611 11645 D Benchmark: timeNs[ 0:10]: 753 692 673 698 706 703 726 737 757 678
07-10 00:51:44.921 11611 11645 D Benchmark: timeNs[10:20]: 667 688 699 714 708 685 735 706 670 692
07-10 00:51:44.921 11611 11645 D Benchmark: timeNs[20:30]: 657 720 711 675 681 737 723 680 675 690
07-10 00:51:44.921 11611 11645 D Benchmark: timeNs[30:40]: 705 833 723 685 724 717 672 692 708 697
07-10 00:51:44.921 11611 11645 D Benchmark: timeNs[40:50]: 691 679 733 773 681 675 678 699 688 684
07-10 00:51:45.092 11611 11645 D Benchmark: allocationCount[ 0:10]: 10 9 10 10 9
07-10 00:51:45.092 11611 11645 D Benchmark: Set 11645 (Bench thread) to priority -8. Was -20, now -8
07-10 00:51:45.092 11611 11645 D Benchmark: Set 11624 (Jit) to priority 9. Was -15, now 9
07-10 00:51:45.092 11611 11645 D Benchmark: Warmup: t=7.865, iter=2594643, fastAvg=3425, slowAvg=3462
07-10 00:51:45.093 11611 11645 I PerfettoCapture: Stopping perfetto.
07-10 00:51:45.135 17495 17495 I perfetto:    perfetto_cmd.cc:1168 SIGINT/SIGTERM received: disabling tracing.
07-10 00:51:45.139 11611 11645 D Benchmark: kill -TERM command output -
07-10 00:51:45.144  5424  5424 I perfetto:  probes_producer.cc:396 Producer stop (id=1225)
07-10 00:51:45.147  5424  5424 I perfetto:    ftrace_procfs.cc:342 disabled ftrace in /sys/kernel/tracing/
07-10 00:51:45.203  4380  4380 I hwservicemanager: getTransport: Cannot find entry android.hardware.atrace@1.0::IAtraceDevice/default in either framework or device VINTF manifest.
07-10 00:51:45.210  5424  5424 I perfetto:  probes_producer.cc:396 Producer stop (id=1226)
07-10 00:51:45.211  5424  5424 I perfetto:  probes_producer.cc:396 Producer stop (id=1227)
07-10 00:51:45.259 17495 17495 I perfetto:    perfetto_cmd.cc:1124 Trace written into the output file
07-10 00:51:45.275  5436  5436 I perfetto: ng_service_impl.cc:2426 Tracing session 307 ended, total sessions:0
07-10 00:51:45.372  5674  7726 D SemWifiUsabilityStatsMonitor: onWifiUsabilityStats - seqNum 21262, isSameBssidAndFreq true
07-10 00:51:45.375  5674  6128 I SemWifiLinkQualityMonitor: Link Qos Query: 0.027 ms / 292.500 Mbps (351 / 0.000 / 1.200)
07-10 00:51:45.717 31802 32118 I PolicyManager: [#CMH#] Is foreground game app: false
07-10 00:51:45.763 11611 11645 D Benchmark: Waiting 500 ms for [ProcessPid(processName=perfetto, pid=17495)] to die
07-10 00:51:45.803 31802 32118 I ControllerUtils: [#CMH#] StoryService:  9, isNonJustShotRunningPossible: false, isStopHeavyTask: true
07-10 00:51:45.863 31802 32118 I ControllerUtils: [#CMH#] IPService:  5, isNonJustShotRunningPossible: false, isStopHeavyTask: true
07-10 00:51:45.895 11611 11645 I PerfettoCapture: Writing to /storage/emulated/0/Android/data/org.jetbrains.android_benchmark.test/cache/BoxRecreationBenchmark_valuePreserveBoxFloat_2023-07-09-22-51-45.perfetto-trace.
07-10 00:51:45.922 31802 32118 I ControllerUtils: [#CMH#] FaceService:  2, isNonJustShotRunningPossible: false, isStopHeavyTask: true
07-10 00:51:46.279 11611 11645 D Benchmark: Copying /storage/emulated/0/Android/data/org.jetbrains.android_benchmark.test/cache/BoxRecreationBenchmark_valuePreserveBoxFloat_2023-07-09-22-51-45.perfetto-trace to /sdcard/Android/media/org.jetbrains.android_benchmark.test/additional_test_output/BoxRecreationBenchmark_valuePreserveBoxFloat_2023-07-09-22-51-45.perfetto-trace
07-10 00:51:46.318  9843 17376 W MediaProvider: isAppCloneUserPair for user 0: false
07-10 00:51:46.461  5674  9957 D SyncManager: userId - 0 auto - true
07-10 00:51:46.597  5674  5745 W libprocessgroup: Failed to open /dev/blkio//cgroup.procs: No such file or directory
07-10 00:51:46.608 16924 18106 I NetworkScheduler.Stats: (REDACTED) Task %s/%s started execution. cause:%s exec_start_elapsed_seconds: %s
07-10 00:51:46.615 16924 18060 I NetworkScheduler.Stats: (REDACTED) Task %s/%s finished executing. cause:%s result: %s elapsed_millis: %s uptime_millis: %s exec_start_elapsed_seconds: %s
07-10 00:51:46.902 11611 11645 I Benchmark: BoxRecreationBenchmark.valuePreserveBoxFloat[Metric (timeNs) results: median 697.8725936836336, min 657.3992943755566, max 833.1374597520038, standardDeviation: 31.315669709843657, Metric (allocationCount) results: median 10.0, min 9.999931492772488, max 10.0, standardDeviation: 3.0637363533551025E-5]count=29194
07-10 00:51:46.913 11611 11645 D Benchmark: writing results to /storage/emulated/0/Android/data/org.jetbrains.android_benchmark.test/cache/org.jetbrains.android_benchmark.test-benchmarkData.json
07-10 00:51:46.938 11611 11645 D Benchmark: Copying /storage/emulated/0/Android/data/org.jetbrains.android_benchmark.test/cache/org.jetbrains.android_benchmark.test-benchmarkData.json to /sdcard/Android/media/org.jetbrains.android_benchmark.test/additional_test_output/org.jetbrains.android_benchmark.test-benchmarkData.json
07-10 00:51:46.976  5674  5745 W libprocessgroup: Failed to open /dev/blkio//cgroup.procs: No such file or directory
07-10 00:51:46.977  5353  6075 V APM_AudioPolicyManager: setAppState(portId:1005, state:1)
07-10 00:51:46.984  9843 17284 I MediaProvider: Deleted 0 0 0 0 0 0 0 items on external_primary due to org.jetbrains.android_benchmark.test
07-10 00:51:46.996 11611 11645 I TestRunner: finished: valuePreserveBoxFloat(org.jetbrains.android_benchmark.BoxRecreationBenchmark)
