07-10 01:19:38.028  5674  6055 D ConnectivityService: Rematched networks [computed 1ms] [applied 4ms] [issued 16]
07-10 01:19:38.028  5674  6055 D ConnectivityService: NetworkReassignment :
07-10 01:19:38.028  5674  6055 D ConnectivityService:   16680 : null  118
07-10 01:19:38.031 25156 25156 D ConnectivityManager: StackLog: [android.net.ConnectivityManager.unregisterNetworkCallback(ConnectivityManager.java:4972)] [androidx.work.impl.utils.NetworkApi21.unregisterNetworkCallbackCompat(Unknown Source:11)] [androidx.work.impl.constraints.trackers.NetworkStateTracker24.stopTracking(Unknown Source:15)] [androidx.work.impl.constraints.trackers.ConstraintTracker.removeListener(Unknown Source:24)] [androidx.work.impl.constraints.controllers.ConstraintController.replace(Unknown Source:81)] [androidx.work.impl.constraints.WorkConstraintsTrackerImpl.replace(Unknown Source:41)] [androidx.work.impl.background.greedy.GreedyScheduler.onExecuted(Unknown Source:55)] [androidx.work.impl.Processor.onExecuted(Unknown Source:59)] [com.bugsnag.android.DeliveryDelegate$1.run(Unknown Source:212)]
07-10 01:19:38.033  5674  6055 D ConnectivityService:  Removing from current network [118 WIFI], leaving 155 requests.
07-10 01:19:38.040  5353  6075 V APM_AudioPolicyManager: setAppState(portId:1005, state:1)
07-10 01:19:38.043  5353  6075 V APM_AudioPolicyManager: setAppState(portId:1005, state:1)
07-10 01:19:38.781 16924 16924 D BoundBrokerSvc: onUnbind: Intent { act=com.google.android.gms.phenotype.service.START pkg=com.google.android.gms }
07-10 01:19:39.840  5674  7726 D SemWifiUsabilityStatsMonitor: onWifiUsabilityStats - seqNum 21812, isSameBssidAndFreq true
07-10 01:19:39.843  5674  6128 I SemWifiLinkQualityMonitor: Link Qos Query: 0.062 ms / 130.000 Mbps (130 / 0.000 / 1.000)
07-10 01:19:41.159  5262  5262 E audit   : type=1400 audit(1688944781.157:69994): avc:  denied  { getattr } for  pid=5674 comm="BinderProcsColl" path="/sys/kernel/debug/binder/proc/5674" dev="debugfs" ino=32119 scontext=u:r:system_server:s0 tcontext=u:object_r:sec_debugfs:s0 tclass=file permissive=0 SEPF_SM-A515F_13_0001 audit_filtered
07-10 01:19:41.159  5262  5262 E audit   : type=1300 audit(1688944781.157:69994): arch=c00000b7 syscall=79 success=no exit=-13 a0=ffffff9c a1=7ad24646b0 a2=79df9bd680 a3=0 items=0 ppid=5287 pid=5674 auid=4294967295 uid=1000 gid=1000 euid=1000 suid=1000 fsuid=1000 egid=1000 sgid=1000 fsgid=1000 tty=(none) ses=4294967295 comm="BinderProcsColl" exe="/system/bin/app_process64" subj=u:r:system_server:s0 key=(null)
07-10 01:19:41.159  5262  5262 E audit   : type=1327 audit(1688944781.157:69994): proctitle="system_server"
07-10 01:19:42.901  5674  7726 D SemWifiUsabilityStatsMonitor: onWifiUsabilityStats - seqNum 21813, isSameBssidAndFreq true
07-10 01:19:42.905  5674  6128 I SemWifiLinkQualityMonitor: Link Qos Query: 0.062 ms / 130.000 Mbps (130 / 0.000 / 1.000)
07-10 01:19:42.906  6461  6461 D NetworkController.WifiSignalController: notifyListener: visible=true, connected=true, inetCondition=1, isDefault=true, wifiTestReported=true, receivedInetCondition=-1, hideDuringMobileSwitching=false
07-10 01:19:45.960  5674  7726 D SemWifiUsabilityStatsMonitor: onWifiUsabilityStats - seqNum 21814, isSameBssidAndFreq true
07-10 01:19:45.968  5674  6128 I SemWifiLinkQualityMonitor: Link Qos Query: 0.082 ms / 97.500 Mbps (195 / 0.000 / 2.000)
07-10 01:19:45.968  6461  6461 D NetworkController.WifiSignalController: notifyListener: visible=true, connected=true, inetCondition=1, isDefault=true, wifiTestReported=true, receivedInetCondition=-1, hideDuringMobileSwitching=false
07-10 01:19:49.028  5674  7726 D SemWifiUsabilityStatsMonitor: onWifiUsabilityStats - seqNum 21815, isSameBssidAndFreq true
07-10 01:19:49.033  5674  6128 I SemWifiLinkQualityMonitor: Link Qos Query: 0.082 ms / 97.500 Mbps (195 / 0.000 / 2.000)
07-10 01:19:49.034  6461  6461 D NetworkController.WifiSignalController: notifyListener: visible=true, connected=true, inetCondition=1, isDefault=true, wifiTestReported=true, receivedInetCondition=-1, hideDuringMobileSwitching=false
07-10 01:19:52.071  5674  7726 D SemWifiUsabilityStatsMonitor: onWifiUsabilityStats - seqNum 21816, isSameBssidAndFreq true
07-10 01:19:52.074  5674  6128 I SemWifiLinkQualityMonitor: Link Qos Query: 0.082 ms / 97.500 Mbps (195 / 0.000 / 2.000)
07-10 01:19:53.470  5674  6164 D WifiConnectivityMonitor: Stop WCM Poll. cnt : 9
07-10 01:19:55.133  5674  7726 D SemWifiUsabilityStatsMonitor: onWifiUsabilityStats - seqNum 21817, isSameBssidAndFreq true
07-10 01:19:55.137  5674  6128 I SemWifiLinkQualityMonitor: Link Qos Query: 0.082 ms / 97.500 Mbps (195 / 0.000 / 2.000)
07-10 01:19:56.988 31135 32652 I native  : I0000 00:00:1688944796.988279   32652 soda_async_impl.cc:1540] Current audio timestamp: 1688944796620242
07-10 01:19:57.124  5362  5362 I SurfaceFlinger: SFWD update time=135046494010753
07-10 01:19:58.197  5674  7726 D SemWifiUsabilityStatsMonitor: onWifiUsabilityStats - seqNum 21818, isSameBssidAndFreq true
07-10 01:19:58.202  6461  6461 D NetworkController.WifiSignalController: notifyListener: visible=true, connected=true, inetCondition=1, isDefault=true, wifiTestReported=true, receivedInetCondition=-1, hideDuringMobileSwitching=false
07-10 01:19:58.202  5674  6128 I SemWifiLinkQualityMonitor: Link Qos Query: 0.040 ms / 202.222 Mbps (260 / 0.000 / 1.286)
07-10 01:19:58.366 25319 25418 I nightwatch-target: monitor resources last 600 iteration: 301088 msec
07-10 01:19:58.440 16924  9298 W Nearby  : [MBleClient] Ignore outdated onLost runnable from cycle : 15, current cycle : 48 [CONTEXT service_id=49 ]
07-10 01:19:58.442 16924  9298 W Nearby  : [MBleClient] Ignore outdated onLost runnable from cycle : 16, current cycle : 48 [CONTEXT service_id=49 ]
07-10 01:19:58.471 31135 31465 I A       : (REDACTED) #onAudioData: %s bytes, getAudioReadSize %s
07-10 01:19:59.465  5674  6213 D NetdEventListenerService: DNS Requested by : 118, 10076
07-10 01:19:59.469 25553 25664 D TrafficStats: tagSocket(6) with statsTag=0xffffffff, statsUid=-1
07-10 01:20:00.017  6461  7078 D QSClockBellTower: onReceive(android.intent.action.TIME_TICK) mTimeZoneString:null
07-10 01:20:00.069  6461  6461 D KeyguardUpdateMonitor: received broadcast android.intent.action.TIME_TICK
07-10 01:20:00.072  6461  6461 D QSClockBellTower: He is ready to ring the bell. (((QSClockBellSound - TimeText:01:20, TimeContentDescription:01:20, DateText:Mon, 10 July, ShortDateText:Mon, 10 Jul, Demo:false, QuickStar-Second(false|12:34:56))))
07-10 01:20:00.074  6461  6461 D QSClockIndicatorView: Home Indicator status_bar_clock 01:20 notifyTimeChanged(QSClockBellSound - TimeText:01:20, TimeContentDescription:01:20, DateText:Mon, 10 July, ShortDateText:Mon, 10 Jul, Demo:false, QuickStar-Second(false|12:34:56)) ClockVisibleByPolicy:true, ClockVisibleByUser:true, visible?false, parent:android.widget.LinearLayout{503272 V.E...... ........ 0,0-0,55 #7f0b04f0 app:id/left_clock_container}
07-10 01:20:00.076  6461  6461 D QSClockBellTower: Everyone heard the bell. run(currentTime:1688944800070,   getTime():Mon Jul 10 01:20:00 GMT+02:00 2023,   getTimeZone():libcore.util.ZoneInfo[mDstSavings=3600000,mUseDst=true,mDelegate=[id="Europe/Belgrade",mRawOffset=3600000,mEarliestRawOffset=4920000,transitions=119]])
07-10 01:20:00.096  6461  6461 I FaceWidgetPositionAlgorithm: getClockContainerHeight() supplier = 270, bottom margin = 0, real height = 333
07-10 01:20:00.097  6461  6461 I FaceWidgetPositionAlgorithm: getClockContainerHeight() supplier = 270, bottom margin = 63, real height = 333
07-10 01:20:00.097  6461  6461 I FaceWidgetPositionAlgorithm: getMediaContainerHeight() height = 0 container Visibility = 8, isValid = false, mIsDozing = false, fraction = 1.0, source = 0, target = 0
07-10 01:20:00.097  6461  6461 I FaceWidgetPositionAlgorithm: getMediaContainerHeight() supplier = 0
07-10 01:20:00.102  6461  6461 V QsExpandAnimator: setQsExpansionPosition 0.0
07-10 01:20:00.114  6461  6461 D KeyguardUpdateMonitor: handleTimeUpdate
07-10 01:20:00.116  6461  6461 D FaceWidgetPagesController: onTimeChanged()
07-10 01:20:00.116  6461  6461 V QsExpandAnimator: updateAnimators
07-10 01:20:00.116  6461  6461 V QsExpandAnimator: clearAnimationState
07-10 01:20:00.118  6461  6461 V QsExpandAnimator: updateViews
07-10 01:20:00.122  6461  6461 V QsExpandAnimator: updateTileAnimator
07-10 01:20:00.125  6461  6461 V QsExpandAnimator: updateHeaderAnimator
07-10 01:20:00.126  6461  6461 V QsExpandAnimator: updateBarAnimator
07-10 01:20:00.126  6461  6461 V QsExpandAnimator: setQsExpansionPosition 0.0
07-10 01:20:00.126  6461  6461 V QsExpandAnimator: onAnimationAtStart
07-10 01:20:00.756  5674  5690 I system_server: Background concurrent copying GC freed 520716(21MB) AllocSpace objects, 88(2652KB) LOS objects, 19% free, 101MB/125MB, paused 563us,263us total 709.015ms
07-10 01:20:00.769 24980 24996 W libc    : Access denied finding property "sys.perf.boostopt"
07-10 01:20:00.769  5262  5262 E audit   : type=1400 audit(1688944800.765:69995): avc:  denied  { read } for  pid=24980 comm="binder:24980_1" name="u:object_r:perf_prop:s0" dev="tmpfs" ino=10663 scontext=u:r:priv_app:s0:c512,c768 tcontext=u:object_r:perf_prop:s0 tclass=file permissive=0 SEPF_SM-A515F_13_0001 audit_filtered
07-10 01:20:00.769  5262  5262 E audit   : type=1300 audit(1688944800.765:69995): arch=c00000b7 syscall=56 success=no exit=-13 a0=ffffff9c a1=7b7d4712f8 a2=88000 a3=0 items=0 ppid=5287 pid=24980 auid=4294967295 uid=10226 gid=10226 euid=10226 suid=10226 fsuid=10226 egid=10226 sgid=10226 fsgid=10226 tty=(none) ses=4294967295 comm="binder:24980_1" exe="/system/bin/app_process64" subj=u:r:priv_app:s0:c512,c768 key=(null)
07-10 01:20:00.770  5262  5262 E audit   : type=1327 audit(1688944800.765:69995): proctitle="zygote64"
07-10 01:20:00.776  5262  5262 E audit   : type=1400 audit(1688944800.773:69996): avc:  denied  { read } for  pid=25156 comm="binder:25156_6" name="u:object_r:perf_prop:s0" dev="tmpfs" ino=10663 scontext=u:r:untrusted_app:s0:c73,c257,c512,c768 tcontext=u:object_r:perf_prop:s0 tclass=file permissive=0 SEPF_SM-A515F_13_0001 audit_filtered
07-10 01:20:00.776  5262  5262 E audit   : type=1300 audit(1688944800.773:69996): arch=c00000b7 syscall=56 success=no exit=-13 a0=ffffff9c a1=7b8a4fd2f8 a2=88000 a3=0 items=0 ppid=5287 pid=25156 auid=4294967295 uid=10329 gid=10329 euid=10329 suid=10329 fsuid=10329 egid=10329 sgid=10329 fsgid=10329 tty=(none) ses=4294967295 comm="binder:25156_6" exe="/system/bin/app_process64" subj=u:r:untrusted_app:s0:c73,c257,c512,c768 key=(null)
07-10 01:20:00.777 25156 26170 W libc    : Access denied finding property "sys.perf.boostopt"
07-10 01:20:00.777  5674  5692 W System  : A resource failed to call close.
07-10 01:20:00.778  5674  5692 W System  : A resource failed to call close.
07-10 01:20:01.246  5674  7726 D SemWifiUsabilityStatsMonitor: onWifiUsabilityStats - seqNum 21819, isSameBssidAndFreq true
07-10 01:20:01.248  5674  6128 I SemWifiLinkQualityMonitor: Link Qos Query: 0.041 ms / 195.000 Mbps (390 / 0.000 / 2.000)
07-10 01:20:01.570  5325  5325 E sehhealth-service: Could not open /sys/class/power_supply/battery/lrp
07-10 01:20:04.310  5674  7726 D SemWifiUsabilityStatsMonitor: onWifiUsabilityStats - seqNum 21820, isSameBssidAndFreq true
07-10 01:20:04.315  5674  6128 I SemWifiLinkQualityMonitor: Link Qos Query: 0.041 ms / 195.000 Mbps (390 / 0.000 / 2.000)
07-10 01:20:04.316  6461  6461 D NetworkController.WifiSignalController: notifyListener: visible=true, connected=true, inetCondition=1, isDefault=true, wifiTestReported=true, receivedInetCondition=-1, hideDuringMobileSwitching=false
07-10 01:20:05.316  9837 10033 I SemDvfsHyPerManager: acquire hyper - SIOP_ARM_MAX/9837@2, type = 301993986
07-10 01:20:05.318  5313  5394 I HYPER-HAL: [RequestManager.cpp]acquire(): Acquired ID : 48407882  [9837 / 2]    HINT :      list : [CPUMaxFreq / 2184000]
07-10 01:20:07.364  5674  7726 D SemWifiUsabilityStatsMonitor: onWifiUsabilityStats - seqNum 21821, isSameBssidAndFreq true
07-10 01:20:07.368  5674  6128 I SemWifiLinkQualityMonitor: Link Qos Query: 0.041 ms / 195.000 Mbps (390 / 0.000 / 2.000)
07-10 01:20:07.940  5674  6523 D PackageManager: setEnabledSetting : userId = 0 packageName = com.Slack cmp = androidx.work.impl.background.systemalarm.RescheduleReceiver newState = 1 callingPackage = 10329/com.Slack
07-10 01:20:07.942  5674  6523 D ApplicationPolicy: getApplicationStateEnabled : pkg = com.Slack userId : 0
07-10 01:20:07.944  5674  6523 D ApplicationPolicy: getApplicationComponentState : pkg = com.Slack userId : 0
07-10 01:20:07.979  5674  5745 W libprocessgroup: Failed to open /dev/blkio//cgroup.procs: No such file or directory
07-10 01:20:07.985  5353  6075 V APM_AudioPolicyManager: setAppState(portId:1005, state:1)
07-10 01:20:07.998 25156 25230 D ConnectivityManager: StackLog: [android.net.ConnectivityManager.sendRequestForNetwork(ConnectivityManager.java:4300)] [android.net.ConnectivityManager.registerDefaultNetworkCallbackForUid(ConnectivityManager.java:4864)] [android.net.ConnectivityManager.registerDefaultNetworkCallback(ConnectivityManager.java:4831)] [android.net.ConnectivityManager.registerDefaultNetworkCallback(ConnectivityManager.java:4805)] [androidx.work.impl.utils.NetworkApi24.registerDefaultNetworkCallbackCompat(Unknown Source:11)] [androidx.work.impl.constraints.trackers.NetworkStateTracker24.startTracking(Unknown Source:15)] [androidx.work.impl.constraints.controllers.ConstraintController.replace(Unknown Source:130)] [androidx.work.impl.constraints.WorkConstraintsTrackerImpl.replace(Unknown Source:41)] [androidx.work.impl.background.greedy.GreedyScheduler.schedule(Unknown Source:302)] [androidx.work.impl.Schedulers.schedule(Unknown Source:155)] [androidx.work.impl.utils.EnqueueRunnable.run(Unknown Source:53)] [androidx.work.Worker$2.run$androidx$work$impl$utils$SerialExecutorImpl$Task(Unknown Source:4)] [androidx.work.Worker$2.run(Unknown Source:868)] [java.util.concurrent.ThreadPoolExecutor.runWorker(ThreadPoolExecutor.java:1137)] [java.util.concurrent.ThreadPoolExecutor$Worker.run(ThreadPoolExecutor.java:637)] [java.lang.Thread.run(Thread.java:1012)]
07-10 01:20:07.999  5674  9952 D ConnectivityService: requestNetwork for uid/pid:10329/25156 activeRequest: null callbackRequest: 16681 [NetworkRequest [ REQUEST id=16682, [ Capabilities: INTERNET&NOT_RESTRICTED&TRUSTED&NOT_VCN_MANAGED Uid: 10329 RequestorUid: 10329 RequestorPkg: com.Slack UnderlyingNetworks: Null] ]] callback flags: 0 order: 2147483647
07-10 01:20:08.001  5674  6055 D ConnectivityService:    accepting network in place of null
07-10 01:20:08.006  5674  6045 D WifiNetworkFactory: got request NetworkRequest [ REQUEST id=16682, [ Capabilities: INTERNET&NOT_RESTRICTED&TRUSTED&NOT_VCN_MANAGED Uid: 10329 RequestorUid: 10329 RequestorPkg: com.Slack UnderlyingNetworks: Null] ]
07-10 01:20:08.007  5674  6045 D UntrustedWifiNetworkFactory: got request NetworkRequest [ REQUEST id=16682, [ Capabilities: INTERNET&NOT_RESTRICTED&TRUSTED&NOT_VCN_MANAGED Uid: 10329 RequestorUid: 10329 RequestorPkg: com.Slack UnderlyingNetworks: Null] ]
07-10 01:20:08.009  5674  6045 D OemPaidWifiNetworkFactory: got request NetworkRequest [ REQUEST id=16682, [ Capabilities: INTERNET&NOT_RESTRICTED&TRUSTED&NOT_VCN_MANAGED Uid: 10329 RequestorUid: 10329 RequestorPkg: com.Slack UnderlyingNetworks: Null] ]
07-10 01:20:08.010  5674  6045 D MultiInternetWifiNetworkFactory: got request NetworkRequest [ REQUEST id=16682, [ Capabilities: INTERNET&NOT_RESTRICTED&TRUSTED&NOT_VCN_MANAGED Uid: 10329 RequestorUid: 10329 RequestorPkg: com.Slack UnderlyingNetworks: Null] ]
07-10 01:20:08.013  5674  6055 D ConnectivityService: Rematched networks [computed 0ms] [applied 2ms] [issued 10]
07-10 01:20:08.013  5674  6055 D ConnectivityService: NetworkReassignment :
07-10 01:20:08.013  5674  6055 D ConnectivityService:   16682 : null  118
07-10 01:20:08.019 25156 25156 D ConnectivityManager: StackLog: [android.net.ConnectivityManager.unregisterNetworkCallback(ConnectivityManager.java:4972)] [androidx.work.impl.utils.NetworkApi21.unregisterNetworkCallbackCompat(Unknown Source:11)] [androidx.work.impl.constraints.trackers.NetworkStateTracker24.stopTracking(Unknown Source:15)] [androidx.work.impl.constraints.trackers.ConstraintTracker.removeListener(Unknown Source:24)] [androidx.work.impl.constraints.controllers.ConstraintController.replace(Unknown Source:81)] [androidx.work.impl.constraints.WorkConstraintsTrackerImpl.replace(Unknown Source:41)] [androidx.work.impl.background.greedy.GreedyScheduler.onExecuted(Unknown Source:55)] [androidx.work.impl.Processor.onExecuted(Unknown Source:59)] [com.bugsnag.android.DeliveryDelegate$1.run(Unknown Source:212)]
07-10 01:20:08.022  5674  6055 D ConnectivityService:  Removing from current network [118 WIFI], leaving 155 requests.
07-10 01:20:08.029  5353  6075 V APM_AudioPolicyManager: setAppState(portId:1005, state:1)
07-10 01:20:08.033  5353  6075 V APM_AudioPolicyManager: setAppState(portId:1005, state:1)
07-10 01:20:10.413  5674  7726 D SemWifiUsabilityStatsMonitor: onWifiUsabilityStats - seqNum 21822, isSameBssidAndFreq true
07-10 01:20:10.417  5674  6128 I SemWifiLinkQualityMonitor: Link Qos Query: 0.074 ms / 108.333 Mbps (325 / 0.000 / 3.000)
07-10 01:20:10.418  6461  6461 D NetworkController.WifiSignalController: notifyListener: visible=true, connected=true, inetCondition=1, isDefault=true, wifiTestReported=true, receivedInetCondition=-1, hideDuringMobileSwitching=false
07-10 01:20:11.244  5262  5262 E audit   : type=1400 audit(1688944811.241:69997): avc:  denied  { getattr } for  pid=5674 comm="BinderProcsColl" path="/sys/kernel/debug/binder/proc/5674" dev="debugfs" ino=32119 scontext=u:r:system_server:s0 tcontext=u:object_r:sec_debugfs:s0 tclass=file permissive=0 SEPF_SM-A515F_13_0001 audit_filtered
07-10 01:20:11.244  5262  5262 E audit   : type=1300 audit(1688944811.241:69997): arch=c00000b7 syscall=79 success=no exit=-13 a0=ffffff9c a1=7ad2330690 a2=79df9bd680 a3=0 items=0 ppid=5287 pid=5674 auid=4294967295 uid=1000 gid=1000 euid=1000 suid=1000 fsuid=1000 egid=1000 sgid=1000 fsgid=1000 tty=(none) ses=4294967295 comm="BinderProcsColl" exe="/system/bin/app_process64" subj=u:r:system_server:s0 key=(null)
07-10 01:20:11.244  5262  5262 E audit   : type=1327 audit(1688944811.241:69997): proctitle="system_server"
07-10 01:20:11.551  5674  6213 D NetdEventListenerService: DNS Requested by : 118, 10299
07-10 01:20:13.480  5674  7726 D SemWifiUsabilityStatsMonitor: onWifiUsabilityStats - seqNum 21823, isSameBssidAndFreq true
07-10 01:20:13.488  5674  6128 I SemWifiLinkQualityMonitor: Link Qos Query: 0.584 ms / 13.694 Mbps (58 / 0.000 / 4.235)
07-10 01:20:15.357  9837 10033 I SemDvfsHyPerManager: acquire hyper - SIOP_GPU_FREQ_MAX/9837@4, type = 536875010
07-10 01:20:15.360  5313  5394 I HYPER-HAL: [RequestManager.cpp]acquire(): Acquired ID : 48427565  [9837 / 4]    HINT :      list : [GPUMaxFreq / 949000]
07-10 01:20:15.360  9837 10033 I SemDvfsHyPerManager: acquire hyper - SIOP_ARM_MAX/9837@2, type = 301993986
07-10 01:20:15.363  5313  5394 I HYPER-HAL: [RequestManager.cpp]acquire(): Acquired ID : 48407882  [9837 / 2]    HINT :      list : [CPUMaxFreq / 2080000]
07-10 01:20:15.511  5674  6183 D WifiConnectivityMonitor: start WCM Poll.
07-10 01:20:16.551  5674  7726 D SemWifiUsabilityStatsMonitor: onWifiUsabilityStats - seqNum 21824, isSameBssidAndFreq true
07-10 01:20:16.553  5674  6128 I SemWifiLinkQualityMonitor: Link Qos Query: 0.584 ms / 13.694 Mbps (58 / 0.000 / 4.235)
07-10 01:20:16.554  6461  6461 D NetworkController.WifiSignalController: notifyListener: visible=true, connected=true, inetCondition=1, isDefault=true, wifiTestReported=true, receivedInetCondition=-1, hideDuringMobileSwitching=false
07-10 01:20:18.415  5674 26579 D TrafficStats: tagSocket(967) with statsTag=0xffffffff, statsUid=-1
07-10 01:20:18.622  5674 26579 D WifiConnectivityMonitor.DnsThread:  [|209]
07-10 01:20:18.623  5674  6182 D WifiConnectivityMonitor.NetworkStatsAnalyzer: DNS resultType : 0, responseTime : 209
07-10 01:20:18.625  5674  6164 D OpenNetworkQos[4.00]: updateBssidLatestDnsResultType - result: 0
07-10 01:20:18.625  5674  6164 D OpenNetworkQos[4.00]: updateBssidNoInternet: mBssidNoInternet = false
07-10 01:20:18.625  5674  6164 D OpenNetworkQos[4.00]: getOpenNetworkQosNoInternetStatus: false
07-10 01:20:18.625  5674  6164 D OpenNetworkQos[4.00]: getOpenNetworkQosScores: 26 26 26
07-10 01:20:18.626  5674  6164 I WifiProfileShare: network QoS data was changed (internet), updateQoSData networkType: true, qosData: false
07-10 01:20:18.627  5674  7451 V WifiProfileShare.Caster: update wips network, size: 0
07-10 01:20:18.628  5674  7451 D WifiProfileShare: nearby scanning settings run
07-10 01:20:18.628  5674  7451 D WifiProfileShare: network score provider settings enabled
07-10 01:20:18.629  5674  7451 D OpenNetworkQos[4.00]: getOpenNetworkQosScores: 26 26 26
07-10 01:20:18.629  5674  7451 D OpenNetworkQos[4.00]: getOpenNetworkQosNoInternetStatus: false
07-10 01:20:18.629  5674  7451 I WifiProfileShare.Caster: current network type: 0, score: [26, 26, 26]
07-10 01:20:18.631  5674  7451 V WifiProfileShare.Cache: update network score 00:e4:06:**:**:90
07-10 01:20:18.632  5674  7451 D WifiProfileShare.ScanMatcher: getMcfDataList size:2
07-10 01:20:18.633  5674  7451 I WifiProfileShare.Caster: qos data was updated , before:type:QOS, pBssid:51:2e:90, qosData:7c after:type:QOS, pBssid:51:2e:90, qosData:7c
07-10 01:20:18.637  5674  7451 I [MCFSDK_android_1.2.4010]_4_b: isNetworkEnabled - type : 1 ret : true
07-10 01:20:18.637  5674  7451 D WifiProfileShare.McfCast: -ME--- mIsNetworkEnabled :true
07-10 01:20:18.638  5674  7451 D WifiProfileShare.McfCast: updateQoSData ignored, same contents
07-10 01:20:18.638  5674  7451 D WifiProfileShare.MCF: success update QosData !
07-10 01:20:18.640  5674  7451 I [MCFSDK_android_1.2.4010]_4_b: isNetworkEnabled - type : 1 ret : true
07-10 01:20:18.640  5674  7451 D WifiProfileShare.McfCast: -ME--- mIsNetworkEnabled :true
07-10 01:20:18.640  5674  7451 D WifiProfileShare.McfCast: -ME--- updatePasswordDate pwdData size:2
07-10 01:20:19.574  5674  7726 D SemWifiUsabilityStatsMonitor: onWifiUsabilityStats - seqNum 21825, isSameBssidAndFreq true
07-10 01:20:19.578  5674  6128 I SemWifiLinkQualityMonitor: Link Qos Query: 0.092 ms / 87.000 Mbps (87 / 0.000 / 1.000)
07-10 01:20:19.579  6461  6461 D NetworkController.WifiSignalController: notifyListener: visible=true, connected=true, inetCondition=1, isDefault=true, wifiTestReported=true, receivedInetCondition=-1, hideDuringMobileSwitching=false
07-10 01:20:22.638  5674  7726 D SemWifiUsabilityStatsMonitor: onWifiUsabilityStats - seqNum 21826, isSameBssidAndFreq true
07-10 01:20:22.642  5674  6128 I SemWifiLinkQualityMonitor: Link Qos Query: 0.092 ms / 87.000 Mbps (87 / 0.000 / 1.000)
07-10 01:20:22.643  6461  6461 D NetworkController.WifiSignalController: notifyListener: visible=true, connected=true, inetCondition=1, isDefault=true, wifiTestReported=true, receivedInetCondition=-1, hideDuringMobileSwitching=false
07-10 01:20:23.673 26464 26464 W GmsTaskScheduler: com.google.android.gms.common.systemhealthutils.restart.GmsRestartPersistentService is not available. This may cause the task to be lost.
07-10 01:20:23.688 16924 16924 D BoundBrokerSvc: onBind: Intent { act=com.google.android.gms.scheduler.ACTION_PROXY_SCHEDULE pkg=com.google.android.gms }
07-10 01:20:23.688 16924 16924 D BoundBrokerSvc: Loading bound service for intent: Intent { act=com.google.android.gms.scheduler.ACTION_PROXY_SCHEDULE pkg=com.google.android.gms }
07-10 01:20:23.768 31802 32077 I SystemBroadcastReceiver: [#CMH#] onReceive completed :  0
07-10 01:20:23.769 31802 31802 I PolicyManager: [#CMH#] onReceive action = EVENT_SIOP
07-10 01:20:23.774  5674  5674 D SemWifiP2pGoPowerSave: GopsReceiver : received : com.samsung.intent.action.CHECK_SIOP_LEVEL
07-10 01:20:23.774  5674  5674 I SemWifiP2pGoPowerSave: siop_level = -1
07-10 01:20:25.400  5313  5394 I HYPER-HAL: [RequestManager.cpp]releaseLocked(): Released ID : 48407882
07-10 01:20:25.688  5674  7726 D SemWifiUsabilityStatsMonitor: onWifiUsabilityStats - seqNum 21827, isSameBssidAndFreq true
07-10 01:20:25.693  5674  6128 I SemWifiLinkQualityMonitor: Link Qos Query: 0.276 ms / 29.000 Mbps (87 / 0.000 / 3.000)
07-10 01:20:25.693  6461  6461 D NetworkController.WifiSignalController: notifyListener: visible=true, connected=true, inetCondition=1, isDefault=true, wifiTestReported=true, receivedInetCondition=-1, hideDuringMobileSwitching=false
07-10 01:20:25.775 31802 32118 I PolicyManager: [#CMH#] Is foreground game app: false
07-10 01:20:25.870 31802 32118 I ControllerUtils: [#CMH#] StoryService:  9, isNonJustShotRunningPossible: false, isStopHeavyTask: true
07-10 01:20:25.926 31802 32118 I ControllerUtils: [#CMH#] IPService:  5, isNonJustShotRunningPossible: false, isStopHeavyTask: true
07-10 01:20:25.982 31802 32118 I ControllerUtils: [#CMH#] FaceService:  2, isNonJustShotRunningPossible: false, isStopHeavyTask: true
07-10 01:20:26.992 31135 32652 I native  : I0000 00:00:1688944826.992349   32652 soda_async_impl.cc:1540] Current audio timestamp: 1688944826620242
07-10 01:20:27.125  5362  5362 I SurfaceFlinger: SFWD update time=135076494789693
07-10 01:20:28.490 31135 31452 I A       : (REDACTED) #onAudioData: %s bytes, getAudioReadSize %s
07-10 01:20:28.731  5674  7726 D SemWifiUsabilityStatsMonitor: onWifiUsabilityStats - seqNum 21828, isSameBssidAndFreq true
07-10 01:20:28.732  5674  6128 I SemWifiLinkQualityMonitor: Link Qos Query: 0.092 ms / 87.000 Mbps (87 / 0.000 / 1.000)
07-10 01:20:31.121 30967 31717 I ContactsProvider_EventLog: cp_s: [CONTACT con(158) dat(1091) acc({sim(3)=15, sec(6)=1, sim2(4)=1, google(2)=81, org.telegram.messenger(236)=100, com.whatsapp(14)=41}) calls([logtype:100 cnt:877, logtype:200 cnt:5, logtype:300 cnt:495, logtype:1000 cnt:632, logtype:1150 cnt:161]) Iso(RS) uId(0) ]
07-10 01:20:31.121 30967 31717 I ContactsProvider_EventLog: cp_s: [ agr({[2 ,2 ,14 ,236]=1, [2 ,14 ,236]=32, [3]=15, [14]=1, [4]=1, [2 ,14]=4, [2 ,2]=2, [2]=34, [6 ,14]=1, [2 ,236]=3, [236]=62, [2 ,236 ,14]=2}) ]
07-10 01:20:31.121 30967 31717 I ContactsProvider_EventLog: cp_s: [ cnt({acore(30967)=1}) ]
07-10 01:20:31.121 30967 31717 I ContactsProvider_EventLog: cp_s: [PROFILE con(1) dat(1) acc({vnd.sec.contact.phone=1}) ] [SAPROFILE ]
07-10 01:20:31.121 30967 31717 I ContactsProvider_EventLog: cp_s: [STATE R(T) ]
07-10 01:20:31.618  5325  5325 E sehhealth-service: Could not open /sys/class/power_supply/battery/lrp
07-10 01:20:31.633  5674  5745 W libprocessgroup: Failed to open /dev/blkio//cgroup.procs: No such file or directory
07-10 01:20:31.656  4883  4883 I SmWidget.UpdateMgr: status : 1, Configuration : {1.1 220mcc1mnc [en_GB,ru_RU] ldltr sw411dp w411dp h832dp 420dpi nrml long port night finger -keyb/v/h -nav/h winConfig={ mBounds=Rect(0, 0 - 1080, 2400) mAppBounds=Rect(0, 88 - 1080, 2274) mMaxBounds=Rect(0, 0 - 1080, 2400) mDisplayRotation=ROTATION_0 mWindowingMode=fullscreen mDisplayWindowingMode=fullscreen mActivityType=undefined mAlwaysOnTop=undefined mRotation=ROTATION_0 mPopOver=undefined mStageConfig=undefined mFreeformTaskPinningState=undefined mFreeformStashState=undefined} s.2998 fontWeightAdjustment=0 ff=0 bf=0 bts=0 themeSeq=0 nightDim=-1}
07-10 01:20:31.672  5287  5287 D Zygote  : Forked child process 26595
07-10 01:20:31.673  4883  4883 I SmWidget.UpdateMgr: config loaded id 15 as widgetId: 15, BgColor: 0, BgOpacity: 100, TextColor: 1, matchDark: true, usageOption: 0
07-10 01:20:31.717 26595 26595 I microsoft.todos: Using CollectorTypeCC GC.
07-10 01:20:31.725 26595 26595 E microsoft.todos: Not starting debugger since process cannot load the jdwp agent.
07-10 01:20:31.746 26595 26595 W libc    : Access denied finding property "sys.perf.boostopt"
07-10 01:20:31.746  5262  5262 E audit   : type=1400 audit(1688944831.741:69998): avc:  denied  { read } for  pid=26595 comm="microsoft.todos" name="u:object_r:perf_prop:s0" dev="tmpfs" ino=10663 scontext=u:r:untrusted_app:s0:c16,c256,c512,c768 tcontext=u:object_r:perf_prop:s0 tclass=file permissive=0 SEPF_SM-A515F_13_0001 audit_filtered
07-10 01:20:31.746  5262  5262 E audit   : type=1300 audit(1688944831.741:69998): arch=c00000b7 syscall=56 success=no exit=-13 a0=ffffff9c a1=7fcf7d5458 a2=88000 a3=0 items=0 ppid=5287 pid=26595 auid=4294967295 uid=10016 gid=10016 euid=10016 suid=10016 fsuid=10016 egid=10016 sgid=10016 fsgid=10016 tty=(none) ses=4294967295 comm="microsoft.todos" exe="/system/bin/app_process64" subj=u:r:untrusted_app:s0:c16,c256,c512,c768 key=(null)
07-10 01:20:31.748 26595 26595 D ActivityThread: setConscryptValidator
07-10 01:20:31.749 26595 26595 D ActivityThread: setConscryptValidator - put
07-10 01:20:31.750  5262  5262 E audit   : type=1327 audit(1688944831.741:69998): proctitle="zygote64"
07-10 01:20:31.751 26595 26607 W libc    : Access denied finding property "sys.perf.boostopt"
07-10 01:20:31.751  5262  5262 E audit   : type=1400 audit(1688944831.749:69999): avc:  denied  { read } for  pid=26595 comm="binder:26595_1" name="u:object_r:perf_prop:s0" dev="tmpfs" ino=10663 scontext=u:r:untrusted_app:s0:c16,c256,c512,c768 tcontext=u:object_r:perf_prop:s0 tclass=file permissive=0 SEPF_SM-A515F_13_0001 audit_filtered
07-10 01:20:31.751  5262  5262 E audit   : type=1300 audit(1688944831.749:69999): arch=c00000b7 syscall=56 success=no exit=-13 a0=ffffff9c a1=7b7d45b2f8 a2=88000 a3=0 items=0 ppid=5287 pid=26595 auid=4294967295 uid=10016 gid=10016 euid=10016 suid=10016 fsuid=10016 egid=10016 sgid=10016 fsgid=10016 tty=(none) ses=4294967295 comm="binder:26595_1" exe="/system/bin/app_process64" subj=u:r:untrusted_app:s0:c16,c256,c512,c768 key=(null)
07-10 01:20:31.759  5674  7726 D SemWifiUsabilityStatsMonitor: onWifiUsabilityStats - seqNum 21829, isSameBssidAndFreq true
07-10 01:20:31.762  5674  6128 I SemWifiLinkQualityMonitor: Link Qos Query: 0.092 ms / 87.000 Mbps (87 / 0.000 / 1.000)
07-10 01:20:31.762  6461  6461 D NetworkController.WifiSignalController: notifyListener: visible=true, connected=true, inetCondition=1, isDefault=true, wifiTestReported=true, receivedInetCondition=-1, hideDuringMobileSwitching=false
07-10 01:20:31.769 26595 26608 W libc    : Access denied finding property "sys.perf.boostopt"
07-10 01:20:31.771  5353  6075 V APM_AudioPolicyManager: setAppState(portId:1005, state:1)
07-10 01:20:31.773 26595 26595 D CompatibilityChangeReporter: Compat change id reported: 171979766; UID 10016; state: ENABLED
07-10 01:20:31.839  4883  4883 I AppWidgetManager: updateAppWidget() appWidgetIds = [15]
07-10 01:20:31.842 26595 26595 D nativeloader: Configuring classloader-namespace for other apk /data/app/~~tnggW2SDF4uGAy0VxqCxdg==/com.microsoft.todos-7oqGRcWShhSMkuFU9UIuuw==/base.apk. target_sdk_version=33, uses_libraries=, library_path=/data/app/~~tnggW2SDF4uGAy0VxqCxdg==/com.microsoft.todos-7oqGRcWShhSMkuFU9UIuuw==/lib/arm64:/data/app/~~tnggW2SDF4uGAy0VxqCxdg==/com.microsoft.todos-7oqGRcWShhSMkuFU9UIuuw==/base.apk!/lib/arm64-v8a, permitted_path=/data:/mnt/expand:/data/user/0/com.microsoft.todos
07-10 01:20:31.913 26595 26595 V GraphicsEnvironment: ANGLE Developer option for 'com.microsoft.todos' set to: 'default'
07-10 01:20:31.914 26595 26595 V GraphicsEnvironment: ANGLE GameManagerService for com.microsoft.todos: false
07-10 01:20:31.915 26595 26595 V GraphicsEnvironment: Neither updatable production driver nor prerelease driver is supported.
07-10 01:20:31.925 26595 26595 D NetworkSecurityConfig: No Network Security Config specified, using platform default
07-10 01:20:31.947 26595 26595 D NetworkSecurityConfig: No Network Security Config specified, using platform default
07-10 01:20:31.984 26595 26595 I MAMInfo : MAMInfo initialized. Debug=false, Agent=PRODUCTION, ManagedDialogDisabled=false, PolicyRequired=false, MultiIdentityEnabled=true, FullBackupContent=true, DataExtractionRules=true, UseDefaultEnrollment=false, ExceptionOnInit=false, Debuggable=false, IsolatedProcessesAllowed=false
07-10 01:20:32.010 26595 26595 I MultiDex: VM with version 2.1.0 has multidex support
07-10 01:20:32.011 26595 26595 I MultiDex: Installing application
07-10 01:20:32.011 26595 26595 I MultiDex: VM has multidex support, MultiDex support library is disabled.
07-10 01:20:32.045 26595 26595 D CompatibilityChangeReporter: Compat change id reported: 183155436; UID 10016; state: ENABLED
07-10 01:20:32.070 26595 26595 I FirebaseInitProvider: FirebaseApp initialization successful
07-10 01:20:32.437 26595 26595 D TokenSharingManager_v1.6.4: Library works in release mode
07-10 01:20:32.606  5674  9955 D PackageManager: setEnabledSetting : userId = 0 packageName = com.microsoft.todos cmp = androidx.work.impl.background.systemjob.SystemJobService newState = 1 callingPackage = 10016/com.microsoft.todos
07-10 01:20:32.607  5674  9955 D ApplicationPolicy: getApplicationStateEnabled : pkg = com.microsoft.todos userId : 0
07-10 01:20:32.609  5674  9955 D ApplicationPolicy: getApplicationComponentState : pkg = com.microsoft.todos userId : 0
07-10 01:20:32.673 26595 26595 I WidgetProvider: onReceive received:ANDROID.APPWIDGET.ACTION.APPWIDGET_UPDATE
07-10 01:20:32.695 26595 26595 I WidgetProvider: onUpdate received
07-10 01:20:32.747  4613  4613 W keymaster_tee: [WRN]begin req PARAMS: A1 P4
07-10 01:20:32.746 26595 26651 I WidgetProvider: runAsync 163
07-10 01:20:32.780 26595 26651 D CompatibilityChangeReporter: Compat change id reported: 160794467; UID 10016; state: ENABLED
07-10 01:20:32.878 26595 26651 I AppWidgetManager: updateAppWidget() appWidgetIds = [20]
07-10 01:20:32.896 26595 26651 I AppWidgetManager: notifyAppWidgetViewDataChanged() appWidgetIds = [20], viewId = 2131296272
07-10 01:20:32.902 26595 26651 I WidgetProvider: runAsync 163
07-10 01:20:32.922  5353  5543 V APM_AudioPolicyManager: setAppState(portId:1005, state:1)
07-10 01:20:32.938 26595 26646 I WidgetProvider: updateWidget all widgets
07-10 01:20:32.952  5353  5543 V APM_AudioPolicyManager: setAppState(portId:1005, state:1)
07-10 01:20:32.953 26595 26595 I WidgetProvider: onReceive received:UPDATE_WIDGET
07-10 01:20:32.958 26595 26630 I WidgetProvider: updateWidget all widgets
07-10 01:20:32.961  5353  5543 V APM_AudioPolicyManager: setAppState(portId:1005, state:1)
07-10 01:20:32.966  5353  5543 V APM_AudioPolicyManager: setAppState(portId:1005, state:1)
07-10 01:20:32.968 26595 26595 I WidgetProvider: onReceive received:UPDATE_WIDGET
07-10 01:20:32.983  5353  5543 V APM_AudioPolicyManager: setAppState(portId:1005, state:1)
07-10 01:20:33.047 26595 26641 D CompatibilityChangeReporter: Compat change id reported: 194532703; UID 10016; state: ENABLED
07-10 01:20:33.134  5674  6523 D PackageManager: setEnabledSetting : userId = 0 packageName = com.microsoft.todos cmp = androidx.work.impl.background.systemalarm.RescheduleReceiver newState = 1 callingPackage = 10016/com.microsoft.todos
07-10 01:20:33.139  5674  6523 D ApplicationPolicy: getApplicationStateEnabled : pkg = com.microsoft.todos userId : 0
07-10 01:20:33.140  5674  6523 D ApplicationPolicy: getApplicationComponentState : pkg = com.microsoft.todos userId : 0
07-10 01:20:33.160  5353  5543 V APM_AudioPolicyManager: setAppState(portId:1005, state:1)
07-10 01:20:33.160  5674  5745 W libprocessgroup: Failed to open /dev/blkio//cgroup.procs: No such file or directory
07-10 01:20:33.199  5674  9952 D PackageManager: setEnabledSetting : userId = 0 packageName = com.microsoft.todos cmp = androidx.work.impl.background.systemalarm.RescheduleReceiver newState = 1 callingPackage = 10016/com.microsoft.todos
07-10 01:20:33.203  5674  9952 D ApplicationPolicy: getApplicationStateEnabled : pkg = com.microsoft.todos userId : 0
07-10 01:20:33.205  5674  9952 D ApplicationPolicy: getApplicationComponentState : pkg = com.microsoft.todos userId : 0
07-10 01:20:33.271 26595 26664 D ConnectivityManager: StackLog: [android.net.ConnectivityManager.sendRequestForNetwork(ConnectivityManager.java:4300)] [android.net.ConnectivityManager.registerDefaultNetworkCallbackForUid(ConnectivityManager.java:4864)] [android.net.ConnectivityManager.registerDefaultNetworkCallback(ConnectivityManager.java:4831)] [android.net.ConnectivityManager.registerDefaultNetworkCallback(ConnectivityManager.java:4805)] [androidx.work.impl.constraints.trackers.e.e(NetworkStateTracker.java:25)] [androidx.work.impl.constraints.trackers.d.a(ConstraintTracker.java:62)] [l1.c.e(ConstraintController.java:52)] [k1.d.d(WorkConstraintsTracker.java:28)] [i1.b.c(GreedyScheduler.java:231)] [h1.f.b(Schedulers.java:160)] [n1.b.f(EnqueueRunnable.java:19)] [n1.b.run(EnqueueRunnable.java:31)] [n1.i$a.run(SerialExecutor.java:3)] [java.util.concurrent.ThreadPoolExecutor.runWorker(ThreadPoolExecutor.java:1137)] [java.util.concurrent.ThreadPoolExecutor$Worker.run(ThreadPoolExecutor.java:637)] [java.lang.Thread.run(Thread.java:1012)]
07-10 01:20:33.274  5674  6523 D ConnectivityService: requestNetwork for uid/pid:10016/26595 activeRequest: null callbackRequest: 16683 [NetworkRequest [ REQUEST id=16684, [ Capabilities: INTERNET&NOT_RESTRICTED&TRUSTED&NOT_VCN_MANAGED Uid: 10016 RequestorUid: 10016 RequestorPkg: com.microsoft.todos UnderlyingNetworks: Null] ]] callback flags: 0 order: 2147483647
07-10 01:20:33.276  5674  6055 D ConnectivityService:    accepting network in place of null
07-10 01:20:33.280  5674  6045 D WifiNetworkFactory: got request NetworkRequest [ REQUEST id=16684, [ Capabilities: INTERNET&NOT_RESTRICTED&TRUSTED&NOT_VCN_MANAGED Uid: 10016 RequestorUid: 10016 RequestorPkg: com.microsoft.todos UnderlyingNetworks: Null] ]
07-10 01:20:33.281  5674  6045 D UntrustedWifiNetworkFactory: got request NetworkRequest [ REQUEST id=16684, [ Capabilities: INTERNET&NOT_RESTRICTED&TRUSTED&NOT_VCN_MANAGED Uid: 10016 RequestorUid: 10016 RequestorPkg: com.microsoft.todos UnderlyingNetworks: Null] ]
07-10 01:20:33.282  5674  6045 D OemPaidWifiNetworkFactory: got request NetworkRequest [ REQUEST id=16684, [ Capabilities: INTERNET&NOT_RESTRICTED&TRUSTED&NOT_VCN_MANAGED Uid: 10016 RequestorUid: 10016 RequestorPkg: com.microsoft.todos UnderlyingNetworks: Null] ]
07-10 01:20:33.283  5674  6045 D MultiInternetWifiNetworkFactory: got request NetworkRequest [ REQUEST id=16684, [ Capabilities: INTERNET&NOT_RESTRICTED&TRUSTED&NOT_VCN_MANAGED Uid: 10016 RequestorUid: 10016 RequestorPkg: com.microsoft.todos UnderlyingNetworks: Null] ]
07-10 01:20:33.288  5674  6055 D ConnectivityService: Rematched networks [computed 1ms] [applied 1ms] [issued 11]
07-10 01:20:33.288  5674  6055 D ConnectivityService: NetworkReassignment :
07-10 01:20:33.288  5674  6055 D ConnectivityService:   16684 : null  118
07-10 01:20:33.347  5674  9952 D PackageManager: setEnabledSetting : userId = 0 packageName = com.microsoft.todos cmp = androidx.work.impl.background.systemalarm.RescheduleReceiver newState = 1 callingPackage = 10016/com.microsoft.todos
07-10 01:20:33.349  5674  9952 D ApplicationPolicy: getApplicationStateEnabled : pkg = com.microsoft.todos userId : 0
07-10 01:20:33.351  5674  9952 D ApplicationPolicy: getApplicationComponentState : pkg = com.microsoft.todos userId : 0
07-10 01:20:33.411  5674  9955 D PackageManager: setEnabledSetting : userId = 0 packageName = com.microsoft.todos cmp = androidx.work.impl.background.systemalarm.RescheduleReceiver newState = 1 callingPackage = 10016/com.microsoft.todos
07-10 01:20:33.412  5674  9955 D ApplicationPolicy: getApplicationStateEnabled : pkg = com.microsoft.todos userId : 0
07-10 01:20:33.413  5674  9955 D ApplicationPolicy: getApplicationComponentState : pkg = com.microsoft.todos userId : 0
07-10 01:20:33.454  5674  9952 D PackageManager: setEnabledSetting : userId = 0 packageName = com.microsoft.todos cmp = androidx.work.impl.background.systemalarm.RescheduleReceiver newState = 1 callingPackage = 10016/com.microsoft.todos
07-10 01:20:33.455  5674  9952 D ApplicationPolicy: getApplicationStateEnabled : pkg = com.microsoft.todos userId : 0
07-10 01:20:33.456  5674  9952 D ApplicationPolicy: getApplicationComponentState : pkg = com.microsoft.todos userId : 0
07-10 01:20:33.496  5674  9952 D PackageManager: setEnabledSetting : userId = 0 packageName = com.microsoft.todos cmp = androidx.work.impl.background.systemalarm.RescheduleReceiver newState = 1 callingPackage = 10016/com.microsoft.todos
07-10 01:20:33.498  5674  9952 D ApplicationPolicy: getApplicationStateEnabled : pkg = com.microsoft.todos userId : 0
07-10 01:20:33.499  5674  9952 D ApplicationPolicy: getApplicationComponentState : pkg = com.microsoft.todos userId : 0
07-10 01:20:33.552  5674  9952 D PackageManager: setEnabledSetting : userId = 0 packageName = com.microsoft.todos cmp = androidx.work.impl.background.systemalarm.RescheduleReceiver newState = 1 callingPackage = 10016/com.microsoft.todos
07-10 01:20:33.553  5674  9952 D ApplicationPolicy: getApplicationStateEnabled : pkg = com.microsoft.todos userId : 0
07-10 01:20:33.554  5674  9952 D ApplicationPolicy: getApplicationComponentState : pkg = com.microsoft.todos userId : 0
07-10 01:20:33.560 26595 26667 D TrafficStats: tagSocket(95) with statsTag=0xffffffff, statsUid=-1
07-10 01:20:33.561  5674  6213 D NetdEventListenerService: DNS Requested by : 118, 10016
07-10 01:20:33.591  5674  9955 D PackageManager: setEnabledSetting : userId = 0 packageName = com.microsoft.todos cmp = androidx.work.impl.background.systemalarm.RescheduleReceiver newState = 1 callingPackage = 10016/com.microsoft.todos
07-10 01:20:33.592  5674  9955 D ApplicationPolicy: getApplicationStateEnabled : pkg = com.microsoft.todos userId : 0
07-10 01:20:33.593  5674  9955 D ApplicationPolicy: getApplicationComponentState : pkg = com.microsoft.todos userId : 0
07-10 01:20:33.624  5674  9955 D PackageManager: setEnabledSetting : userId = 0 packageName = com.microsoft.todos cmp = androidx.work.impl.background.systemalarm.RescheduleReceiver newState = 1 callingPackage = 10016/com.microsoft.todos
07-10 01:20:33.625  5674  9955 D ApplicationPolicy: getApplicationStateEnabled : pkg = com.microsoft.todos userId : 0
07-10 01:20:33.626  5674  9955 D ApplicationPolicy: getApplicationComponentState : pkg = com.microsoft.todos userId : 0
07-10 01:20:33.722 26595 26641 E WM-WorkerWrapper: Didn't find WorkSpec for id 48af1fd5-2123-4309-9b17-f6ead358afa1
07-10 01:20:33.848 26595 26674 I AppWidgetManager: updateAppWidget() appWidgetIds = [20]
07-10 01:20:33.851 26595 26674 I AppWidgetManager: notifyAppWidgetViewDataChanged() appWidgetIds = [20], viewId = 2131296272
07-10 01:20:33.926  5674  6213 D NetdEventListenerService: DNS Requested by : 118, 10016
07-10 01:20:33.951 26595 26677 D TrafficStats: tagSocket(100) with statsTag=0xffffffff, statsUid=-1
07-10 01:20:34.246  5353  5543 V APM_AudioPolicyManager: setAppState(portId:1005, state:1)
07-10 01:20:34.249  5353  5543 V APM_AudioPolicyManager: setAppState(portId:1005, state:1)
07-10 01:20:34.329 26595 26595 D ConnectivityManager: StackLog: [android.net.ConnectivityManager.unregisterNetworkCallback(ConnectivityManager.java:4972)] [androidx.work.impl.constraints.trackers.e.f(NetworkStateTracker.java:25)] [androidx.work.impl.constraints.trackers.d.c(ConstraintTracker.java:20)] [l1.c.e(ConstraintController.java:46)] [k1.d.d(WorkConstraintsTracker.java:28)] [i1.b.i(GreedyScheduler.java:62)] [i1.b.e(GreedyScheduler.java:1)] [h1.d.e(Processor.java:68)] [h1.d$a.run(Processor.java:19)]
07-10 01:20:34.332  5674  6055 D ConnectivityService:  Removing from current network [118 WIFI], leaving 155 requests.
07-10 01:20:34.588  5674  7126 D PackageManager: setEnabledSetting : userId = 0 packageName = com.microsoft.todos cmp = androidx.work.impl.background.systemalarm.RescheduleReceiver newState = 1 callingPackage = 10016/com.microsoft.todos
07-10 01:20:34.589  5674  7126 D ApplicationPolicy: getApplicationStateEnabled : pkg = com.microsoft.todos userId : 0
07-10 01:20:34.591  5674  7126 D ApplicationPolicy: getApplicationComponentState : pkg = com.microsoft.todos userId : 0
07-10 01:20:34.619  5674  5745 W libprocessgroup: Failed to open /dev/blkio//cgroup.procs: No such file or directory
07-10 01:20:34.619  5353  5543 V APM_AudioPolicyManager: setAppState(portId:1005, state:1)
07-10 01:20:34.636 26595 26664 D ConnectivityManager: StackLog: [android.net.ConnectivityManager.sendRequestForNetwork(ConnectivityManager.java:4300)] [android.net.ConnectivityManager.registerDefaultNetworkCallbackForUid(ConnectivityManager.java:4864)] [android.net.ConnectivityManager.registerDefaultNetworkCallback(ConnectivityManager.java:4831)] [android.net.ConnectivityManager.registerDefaultNetworkCallback(ConnectivityManager.java:4805)] [androidx.work.impl.constraints.trackers.e.e(NetworkStateTracker.java:25)] [androidx.work.impl.constraints.trackers.d.a(ConstraintTracker.java:62)] [l1.c.e(ConstraintController.java:52)] [k1.d.d(WorkConstraintsTracker.java:28)] [i1.b.c(GreedyScheduler.java:231)] [h1.f.b(Schedulers.java:160)] [n1.b.f(EnqueueRunnable.java:19)] [n1.b.run(EnqueueRunnable.java:31)] [n1.i$a.run(SerialExecutor.java:3)] [java.util.concurrent.ThreadPoolExecutor.runWorker(ThreadPoolExecutor.java:1137)] [java.util.concurrent.ThreadPoolExecutor$Worker.run(ThreadPoolExecutor.java:637)] [java.lang.Thread.run(Thread.java:1012)]
07-10 01:20:34.639  5674  9952 D ConnectivityService: requestNetwork for uid/pid:10016/26595 activeRequest: null callbackRequest: 16685 [NetworkRequest [ REQUEST id=16686, [ Capabilities: INTERNET&NOT_RESTRICTED&TRUSTED&NOT_VCN_MANAGED Uid: 10016 RequestorUid: 10016 RequestorPkg: com.microsoft.todos UnderlyingNetworks: Null] ]] callback flags: 0 order: 2147483647
07-10 01:20:34.640  5674  6055 D ConnectivityService:    accepting network in place of null
07-10 01:20:34.649  5674  6045 D WifiNetworkFactory: got request NetworkRequest [ REQUEST id=16686, [ Capabilities: INTERNET&NOT_RESTRICTED&TRUSTED&NOT_VCN_MANAGED Uid: 10016 RequestorUid: 10016 RequestorPkg: com.microsoft.todos UnderlyingNetworks: Null] ]
07-10 01:20:34.650  5674  6045 D UntrustedWifiNetworkFactory: got request NetworkRequest [ REQUEST id=16686, [ Capabilities: INTERNET&NOT_RESTRICTED&TRUSTED&NOT_VCN_MANAGED Uid: 10016 RequestorUid: 10016 RequestorPkg: com.microsoft.todos UnderlyingNetworks: Null] ]
07-10 01:20:34.652  5674  6045 D OemPaidWifiNetworkFactory: got request NetworkRequest [ REQUEST id=16686, [ Capabilities: INTERNET&NOT_RESTRICTED&TRUSTED&NOT_VCN_MANAGED Uid: 10016 RequestorUid: 10016 RequestorPkg: com.microsoft.todos UnderlyingNetworks: Null] ]
07-10 01:20:34.653  5674  6045 D MultiInternetWifiNetworkFactory: got request NetworkRequest [ REQUEST id=16686, [ Capabilities: INTERNET&NOT_RESTRICTED&TRUSTED&NOT_VCN_MANAGED Uid: 10016 RequestorUid: 10016 RequestorPkg: com.microsoft.todos UnderlyingNetworks: Null] ]
07-10 01:20:34.658  5674  6055 D ConnectivityService: Rematched networks [computed 0ms] [applied 4ms] [issued 14]
07-10 01:20:34.659  5674  6055 D ConnectivityService: NetworkReassignment :
07-10 01:20:34.659  5674  6055 D ConnectivityService:   16686 : null  118
07-10 01:20:34.682  5353  5543 V APM_AudioPolicyManager: setAppState(portId:1005, state:1)
07-10 01:20:34.685  5353  5543 V APM_AudioPolicyManager: setAppState(portId:1005, state:1)
07-10 01:20:34.716 26595 26595 D ConnectivityManager: StackLog: [android.net.ConnectivityManager.unregisterNetworkCallback(ConnectivityManager.java:4972)] [androidx.work.impl.constraints.trackers.e.f(NetworkStateTracker.java:25)] [androidx.work.impl.constraints.trackers.d.c(ConstraintTracker.java:20)] [l1.c.e(ConstraintController.java:46)] [k1.d.d(WorkConstraintsTracker.java:28)] [i1.b.i(GreedyScheduler.java:62)] [i1.b.e(GreedyScheduler.java:1)] [h1.d.e(Processor.java:68)] [h1.d$a.run(Processor.java:19)]
07-10 01:20:34.719  5674  6055 D ConnectivityService:  Removing from current network [118 WIFI], leaving 155 requests.
07-10 01:20:34.785  5674  7726 D SemWifiUsabilityStatsMonitor: onWifiUsabilityStats - seqNum 21830, isSameBssidAndFreq true
07-10 01:20:34.789  6461  6461 D NetworkController.WifiSignalController: notifyListener: visible=true, connected=true, inetCondition=1, isDefault=true, wifiTestReported=true, receivedInetCondition=-1, hideDuringMobileSwitching=false
07-10 01:20:34.790  5674  6128 I SemWifiLinkQualityMonitor: Link Qos Query: 0.038 ms / 210.811 Mbps (260 / 0.000 / 1.233)
07-10 01:20:35.024 26595 26685 D TokenSharingManager_v1.6.4: Library works in release mode
07-10 01:20:35.163 26595 26685 D TrafficStats: tagSocket(102) with statsTag=0xffffffff, statsUid=-1
07-10 01:20:35.165  5674  6213 D NetdEventListenerService: DNS Requested by : 118, 10016
07-10 01:20:35.434  5313  5394 I HYPER-HAL: [RequestManager.cpp]releaseLocked(): Released ID : 48427565
07-10 01:20:36.325  5674  6112 I ChimeraAggressivePolicyHandler: executePolicy() - triggerSource: TRIGGER_SOURCE_LMKD
07-10 01:20:36.328  5674  6112 I ChimeraAggressivePolicyHandler: available memory: 1230472, free memory target: 870400, quit chimera
07-10 01:20:36.542  5674  6183 D WifiConnectivityMonitor: called startWcmPoll but already Ongoing
07-10 01:20:36.543  5674  6183 D SemWifiRssiBasePoller: RSSI_BASE_STOP
07-10 01:20:37.365 26595 26630 I WidgetProvider: updateWidget all widgets
07-10 01:20:37.376 26595 26595 I WidgetProvider: onReceive received:UPDATE_WIDGET
07-10 01:20:37.376  5353  5543 V APM_AudioPolicyManager: setAppState(portId:1005, state:1)
07-10 01:20:37.386  5353  5543 V APM_AudioPolicyManager: setAppState(portId:1005, state:1)
07-10 01:20:37.386  5674  9950 D PackageManager: setEnabledSetting : userId = 0 packageName = com.microsoft.todos cmp = androidx.work.impl.background.systemalarm.RescheduleReceiver newState = 1 callingPackage = 10016/com.microsoft.todos
07-10 01:20:37.387  5674  9950 D ApplicationPolicy: getApplicationStateEnabled : pkg = com.microsoft.todos userId : 0
07-10 01:20:37.389  5674  9950 D ApplicationPolicy: getApplicationComponentState : pkg = com.microsoft.todos userId : 0
