07-10 01:32:06.980 11611 11645 I TestRunner: started: valueOnlyBodiesDouble(org.jetbrains.android_benchmark.Wolf3dBenchmark)
07-10 01:32:06.983 11611 11611 I MonitoringInstr: Activities that are still in CREATED to STOPPED: 1
07-10 01:32:06.983 11611 11611 I MonitoringInstr: Finishing activity: androidx.benchmark.IsolationActivity@c9a4959
07-10 01:32:06.990 11611 11645 I GrantPermissionCallable: Permission: android.permission.WRITE_EXTERNAL_STORAGE is already granted!
07-10 01:32:06.990 11611 11645 I GrantPermissionCallable: Permission: android.permission.READ_EXTERNAL_STORAGE is already granted!
07-10 01:32:06.990 11611 11645 D Benchmark: -- Running org.jetbrains.android_benchmark.Wolf3dBenchmark#valueOnlyBodiesDouble --
07-10 01:32:06.991 11611 11645 D PerfettoCapture: Supported ABIs: arm64-v8a, armeabi-v7a, armeabi
07-10 01:32:06.991 11611 11645 D PerfettoCapture: Recording perfetto trace
07-10 01:32:07.025 11611 11645 I PerfettoCapture: Cleanup perfetto before starting.
07-10 01:32:07.206 11611 11645 I PerfettoCapture: Perfetto output file cleanup -
07-10 01:32:07.206 11611 11645 I PerfettoCapture: Starting perfetto tracing with cmd: cat /storage/emulated/0/Android/data/org.jetbrains.android_benchmark.test/cache/trace_config.pb | perfetto --background -c - -o /data/misc/perfetto-traces/trace_output.pb
07-10 01:32:07.316  5353  6075 V APM_AudioPolicyManager: setAppState(portId:1005, state:1)
07-10 01:32:07.318  5674  5745 W libprocessgroup: Failed to open /dev/blkio//cgroup.procs: No such file or directory
07-10 01:32:07.348 25568 25568 I SCS@AiSearch user 0: (ObserverWorker::AOSP_MP) [main] entering in startWork():
07-10 01:32:07.349 25568 25568 I SCS@AiSearch user 0: (BaseCollector::AOSP_MP) [main] entering in onChange():
07-10 01:32:07.350 25568 25789 I SCS@AiSearch user 0: (BaseCollector::AOSP_MP) [AOSP_MP-0] entering in collectChanges():
07-10 01:32:07.367  5674  9681 D PackageManager: setEnabledSetting : userId = 0 packageName = com.samsung.android.scs cmp = androidx.work.impl.background.systemalarm.RescheduleReceiver newState = 1 callingPackage = 10380/com.samsung.android.scs
07-10 01:32:07.368  5674  9681 D ApplicationPolicy: getApplicationStateEnabled : pkg = com.samsung.android.scs userId : 0
07-10 01:32:07.370  5674  9681 D ApplicationPolicy: getApplicationComponentState : pkg = com.samsung.android.scs userId : 0
07-10 01:32:07.399 28524 28524 I perfetto:    perfetto_cmd.cc:1001 Connected to the Perfetto traced service, starting tracing
07-10 01:32:07.400  5436  5436 I perfetto: ing_service_impl.cc:953 Configured tracing session 333, #sources:4, duration:0 ms, #buffers:2, total buffer size:36864 KB, total sessions:1, uid:2000 session name: ""
07-10 01:32:07.402  5424  5424 I perfetto:  probes_producer.cc:139 Ftrace setup (target_buf=665)
07-10 01:32:07.441 11611 11645 I PerfettoCapture: Perfetto output - 28524
07-10 01:32:07.441 11611 11645 I PerfettoCapture: EXITCODE=0
07-10 01:32:07.470  4380  4380 I hwservicemanager: getTransport: Cannot find entry android.hardware.atrace@1.0::IAtraceDevice/default in either framework or device VINTF manifest.
07-10 01:32:07.496  5424  5424 I perfetto:    ftrace_procfs.cc:335 enabled ftrace in /sys/kernel/tracing/
07-10 01:32:07.556 25568 25789 I SCS@AiSearch user 0: (BaseCollector::AOSP_MP) fetchInternal values : maxSyncId: 1000028446 indexCount: 19466 sourceCount: 19466
07-10 01:32:07.573 11611 11645 I PerfettoCapture: Perfetto tracing started successfully with pid 28524.
07-10 01:32:07.667 11611 11645 I PerfettoCapture: /sys/kernel/tracing/tracing_on = 1, polled 0 times, capture fully started
07-10 01:32:07.669 11611 11645 D Benchmark: Set 11645 (Bench thread) to priority -20. Was -8, now -20
07-10 01:32:07.669 11611 11645 D Benchmark: Set 11624 (Jit) to priority -15. Was 9, now -15
07-10 01:32:07.687 25568 25789 I SCS@AiSearch user 0: (IndexManager) [AOSP_MP-0] entering in addIndex():
07-10 01:32:07.695 25568 25789 I SCS@AiSearch user 0: (BaseCollector::AOSP_MP) fetch: fetching took  243 ms
07-10 01:32:07.695 25568 25789 I SCS@AiSearch user 0: (BaseCollector::AOSP_MP) fetchChanges: applied 0 items
07-10 01:32:07.696 25568 25789 I SCS@AiSearch user 0: (BaseCollector::AOSP_MP) Collect finished. Result: true
07-10 01:32:07.699 25568 25605 I WM-WorkerWrapper: Worker result SUCCESS for Work [ id=a64fe960-4860-4520-8093-cd28ee876d3c, tags={ com.sec.android.app.myfiles, com.samsung.android.scs.ai.search.data.collector.ObserverWorker } ]
07-10 01:32:07.705 25568 25789 I SCS@AiSearch user 0: (BaseCollector::AOSP_MP) enqueue ObserverWorker name: com.sec.android.app.myfiles, policy: APPEND_OR_REPLACE
07-10 01:32:07.708 11611 11645 I _benchmark.test: Explicit concurrent copying GC freed 9665(712KB) AllocSpace objects, 1(20KB) LOS objects, 66% free, 3030KB/9174KB, paused 363us,116us total 38.917ms
07-10 01:32:07.717  5353  6075 V APM_AudioPolicyManager: setAppState(portId:1005, state:1)
07-10 01:32:07.744  5353  6075 V APM_AudioPolicyManager: setAppState(portId:1005, state:1)
07-10 01:32:07.808  5674  9957 D PackageManager: setEnabledSetting : userId = 0 packageName = com.samsung.android.scs cmp = androidx.work.impl.background.systemalarm.RescheduleReceiver newState = 1 callingPackage = 10380/com.samsung.android.scs
07-10 01:32:07.811  5674  9957 D ApplicationPolicy: getApplicationStateEnabled : pkg = com.samsung.android.scs userId : 0
07-10 01:32:07.812  5674  9957 D ApplicationPolicy: getApplicationComponentState : pkg = com.samsung.android.scs userId : 0
07-10 01:32:07.939  5674  9681 D PackageManager: setEnabledSetting : userId = 0 packageName = com.Slack cmp = androidx.work.impl.background.systemalarm.RescheduleReceiver newState = 1 callingPackage = 10329/com.Slack
07-10 01:32:07.940  5674  9681 D ApplicationPolicy: getApplicationStateEnabled : pkg = com.Slack userId : 0
07-10 01:32:07.942  5674  9681 D ApplicationPolicy: getApplicationComponentState : pkg = com.Slack userId : 0
07-10 01:32:07.970  5353  6075 V APM_AudioPolicyManager: setAppState(portId:1005, state:1)
07-10 01:32:07.972  5674  5745 W libprocessgroup: Failed to open /dev/blkio//cgroup.procs: No such file or directory
07-10 01:32:07.985 25156 25230 D ConnectivityManager: StackLog: [android.net.ConnectivityManager.sendRequestForNetwork(ConnectivityManager.java:4300)] [android.net.ConnectivityManager.registerDefaultNetworkCallbackForUid(ConnectivityManager.java:4864)] [android.net.ConnectivityManager.registerDefaultNetworkCallback(ConnectivityManager.java:4831)] [android.net.ConnectivityManager.registerDefaultNetworkCallback(ConnectivityManager.java:4805)] [androidx.work.impl.utils.NetworkApi24.registerDefaultNetworkCallbackCompat(Unknown Source:11)] [androidx.work.impl.constraints.trackers.NetworkStateTracker24.startTracking(Unknown Source:15)] [androidx.work.impl.constraints.controllers.ConstraintController.replace(Unknown Source:130)] [androidx.work.impl.constraints.WorkConstraintsTrackerImpl.replace(Unknown Source:41)] [androidx.work.impl.background.greedy.GreedyScheduler.schedule(Unknown Source:302)] [androidx.work.impl.Schedulers.schedule(Unknown Source:155)] [androidx.work.impl.utils.EnqueueRunnable.run(Unknown Source:53)] [androidx.work.Worker$2.run$androidx$work$impl$utils$SerialExecutorImpl$Task(Unknown Source:4)] [androidx.work.Worker$2.run(Unknown Source:868)] [java.util.concurrent.ThreadPoolExecutor.runWorker(ThreadPoolExecutor.java:1137)] [java.util.concurrent.ThreadPoolExecutor$Worker.run(ThreadPoolExecutor.java:637)] [java.lang.Thread.run(Thread.java:1012)]
07-10 01:32:07.988  5674  6593 D ConnectivityService: requestNetwork for uid/pid:10329/25156 activeRequest: null callbackRequest: 16755 [NetworkRequest [ REQUEST id=16756, [ Capabilities: INTERNET&NOT_RESTRICTED&TRUSTED&NOT_VCN_MANAGED Uid: 10329 RequestorUid: 10329 RequestorPkg: com.Slack UnderlyingNetworks: Null] ]] callback flags: 0 order: 2147483647
07-10 01:32:07.991  5674  6055 D ConnectivityService:    accepting network in place of null
07-10 01:32:07.998  5674  6045 D WifiNetworkFactory: got request NetworkRequest [ REQUEST id=16756, [ Capabilities: INTERNET&NOT_RESTRICTED&TRUSTED&NOT_VCN_MANAGED Uid: 10329 RequestorUid: 10329 RequestorPkg: com.Slack UnderlyingNetworks: Null] ]
07-10 01:32:07.999  5674  6045 D UntrustedWifiNetworkFactory: got request NetworkRequest [ REQUEST id=16756, [ Capabilities: INTERNET&NOT_RESTRICTED&TRUSTED&NOT_VCN_MANAGED Uid: 10329 RequestorUid: 10329 RequestorPkg: com.Slack UnderlyingNetworks: Null] ]
07-10 01:32:08.002  5674  6045 D OemPaidWifiNetworkFactory: got request NetworkRequest [ REQUEST id=16756, [ Capabilities: INTERNET&NOT_RESTRICTED&TRUSTED&NOT_VCN_MANAGED Uid: 10329 RequestorUid: 10329 RequestorPkg: com.Slack UnderlyingNetworks: Null] ]
07-10 01:32:08.003  5674  6045 D MultiInternetWifiNetworkFactory: got request NetworkRequest [ REQUEST id=16756, [ Capabilities: INTERNET&NOT_RESTRICTED&TRUSTED&NOT_VCN_MANAGED Uid: 10329 RequestorUid: 10329 RequestorPkg: com.Slack UnderlyingNetworks: Null] ]
07-10 01:32:08.009  5674  6055 D ConnectivityService: Rematched networks [computed 1ms] [applied 2ms] [issued 16]
07-10 01:32:08.009  5674  6055 D ConnectivityService: NetworkReassignment :
07-10 01:32:08.009  5674  6055 D ConnectivityService:   16756 : null → 118
07-10 01:32:08.020 25156 25156 D ConnectivityManager: StackLog: [android.net.ConnectivityManager.unregisterNetworkCallback(ConnectivityManager.java:4972)] [androidx.work.impl.utils.NetworkApi21.unregisterNetworkCallbackCompat(Unknown Source:11)] [androidx.work.impl.constraints.trackers.NetworkStateTracker24.stopTracking(Unknown Source:15)] [androidx.work.impl.constraints.trackers.ConstraintTracker.removeListener(Unknown Source:24)] [androidx.work.impl.constraints.controllers.ConstraintController.replace(Unknown Source:81)] [androidx.work.impl.constraints.WorkConstraintsTrackerImpl.replace(Unknown Source:41)] [androidx.work.impl.background.greedy.GreedyScheduler.onExecuted(Unknown Source:55)] [androidx.work.impl.Processor.onExecuted(Unknown Source:59)] [com.bugsnag.android.DeliveryDelegate$1.run(Unknown Source:212)]
07-10 01:32:08.027  5674  6055 D ConnectivityService:  Removing from current network [118 WIFI], leaving 158 requests.
07-10 01:32:08.053  5353  6075 V APM_AudioPolicyManager: setAppState(portId:1005, state:1)
07-10 01:32:08.073  5353  6075 V APM_AudioPolicyManager: setAppState(portId:1005, state:1)
07-10 01:32:08.271  5674  5690 I system_server: Background young concurrent copying GC freed 509846(21MB) AllocSpace objects, 63(2096KB) LOS objects, 18% free, 101MB/125MB, paused 4.434ms,475us total 247.434ms
07-10 01:32:08.285 28259 28284 W libc    : Access denied finding property "sys.perf.boostopt"
07-10 01:32:08.287  5262  5262 E audit   : type=1400 audit(1688945528.281:70083): avc:  denied  { read } for  pid=28259 comm="binder:28259_3" name="u:object_r:perf_prop:s0" dev="tmpfs" ino=10663 scontext=u:r:priv_app:s0:c512,c768 tcontext=u:object_r:perf_prop:s0 tclass=file permissive=0 SEPF_SM-A515F_13_0001 audit_filtered
07-10 01:32:08.288  5262  5262 E audit   : type=1300 audit(1688945528.281:70083): arch=c00000b7 syscall=56 success=no exit=-13 a0=ffffff9c a1=7b7d27a2f8 a2=88000 a3=0 items=0 ppid=5287 pid=28259 auid=4294967295 uid=10229 gid=10229 euid=10229 suid=10229 fsuid=10229 egid=10229 sgid=10229 fsgid=10229 tty=(none) ses=4294967295 comm="binder:28259_3" exe="/system/bin/app_process64" subj=u:r:priv_app:s0:c512,c768 key=(null)
07-10 01:32:08.288  5262  5262 E audit   : type=1327 audit(1688945528.281:70083): proctitle="com.android.vending:instant_app_installer"
07-10 01:32:08.290  5674  5692 W System  : A resource failed to call close.
07-10 01:32:08.797  5674  7726 D SemWifiUsabilityStatsMonitor: onWifiUsabilityStats - seqNum 22058, isSameBssidAndFreq true
07-10 01:32:08.799  5674  6128 I SemWifiLinkQualityMonitor: Link Qos Query: 0.082 ms / 97.333 Mbps (292 / 0.000 / 3.000)
07-10 01:32:11.843  5674  7726 D SemWifiUsabilityStatsMonitor: onWifiUsabilityStats - seqNum 22059, isSameBssidAndFreq true
07-10 01:32:11.846  5674  6128 I SemWifiLinkQualityMonitor: Link Qos Query: 0.033 ms / 243.750 Mbps (390 / 0.000 / 1.600)
07-10 01:32:13.774  5262  5262 E audit   : type=1400 audit(1688945533.773:70084): avc:  denied  { getattr } for  pid=5674 comm="BinderProcsColl" path="/sys/kernel/debug/binder/proc/5674" dev="debugfs" ino=32119 scontext=u:r:system_server:s0 tcontext=u:object_r:sec_debugfs:s0 tclass=file permissive=0 SEPF_SM-A515F_13_0001 audit_filtered
07-10 01:32:13.774  5262  5262 E audit   : type=1300 audit(1688945533.773:70084): arch=c00000b7 syscall=79 success=no exit=-13 a0=ffffff9c a1=7af0525170 a2=79df9bd680 a3=0 items=0 ppid=5287 pid=5674 auid=4294967295 uid=1000 gid=1000 euid=1000 suid=1000 fsuid=1000 egid=1000 sgid=1000 fsgid=1000 tty=(none) ses=4294967295 comm="BinderProcsColl" exe="/system/bin/app_process64" subj=u:r:system_server:s0 key=(null)
07-10 01:32:13.775  5262  5262 E audit   : type=1327 audit(1688945533.773:70084): proctitle="system_server"
07-10 01:32:14.913  5674  7726 D SemWifiUsabilityStatsMonitor: onWifiUsabilityStats - seqNum 22060, isSameBssidAndFreq true
07-10 01:32:14.915  5674  6128 I SemWifiLinkQualityMonitor: Link Qos Query: 0.021 ms / 390.000 Mbps (390 / 0.000 / 1.000)
07-10 01:32:14.916  5674  6055 D ConnectivityService: notifyType CALLBACK_CAP_CHANGED for [118 WIFI]
07-10 01:32:14.922  5674  6086 D SemWifiSwitchForIndividualAppsService: stopTCPMonitoring : already stopped
07-10 01:32:14.924  5674  6086 I WifiConnectivityMonitor.NCC: sNetworkCallback(oCC) FULL : 118(true/false)[ Transports: WIFI Capabilities: NOT_METERED&INTERNET&NOT_RESTRICTED&TRUSTED&NOT_VPN&VALIDATED&NOT_ROAMING&FOREGROUND&NOT_CONGESTED&NOT_SUSPENDED&NOT_VCN_MANAGED LinkUpBandwidth>=15762Kbps LinkDnBandwidth>=38308Kbps TransportInfo: <SSID: <unknown ssid>, BSSID: 02:00:00:**:**:00, MAC: 02:00:00:**:**:00, IP: /192.168.1.19, Security type: 2, Supplicant state: COMPLETED, Wi-Fi standard: 5, RSSI: -64, Link speed: 390Mbps, Tx Link speed: 390Mbps, Max Supported Tx Link speed: 433Mbps, Rx Link speed: 6Mbps, Max Supported Rx Link speed: 433Mbps, Frequency: 5180MHz, Net ID: -1, Metered hint: false, score: 60, isUsable: true, CarrierMerged: false, SubscriptionId: -1, IsPrimary: 1, Trusted: true, Restricted: false, Ephemeral: false, OEM paid: false, OEM private: false, OSU AP: false, FQDN: <none>, Provider friendly name: <none>, Requesting package name: <none><none>MLO Information: , AP MLD Address: <none>, AP MLO Link Id: <none>, AP MLO Affiliated links: <none>> SignalStrength: -64 AdminUids: [1000] SSID: "Talija" UnderlyingNetworks: Null]
07-10 01:32:14.937  5674  6164 I WifiConnectivityMonitor: current mode : 1
07-10 01:32:14.937  5674  6164 D OpenNetworkQos[4.00]: updateBssidNoInternet: mBssidNoInternet = false
07-10 01:32:14.937  5674  6164 D OpenNetworkQos[4.00]: getOpenNetworkQosNoInternetStatus: false
07-10 01:32:14.937  5674  6164 D OpenNetworkQos[4.00]: getOpenNetworkQosScores: 26 26 26
07-10 01:32:14.938  5674  6164 I WifiProfileShare: network QoS data was changed (internet), updateQoSData networkType: true, qosData: false
07-10 01:32:14.939  5674  7451 V WifiProfileShare.Caster: update wips network, size: 0
07-10 01:32:14.940  5674  7451 D WifiProfileShare: nearby scanning settings run
07-10 01:32:14.940  5674  7451 D WifiProfileShare: network score provider settings enabled
07-10 01:32:14.940  5674  7451 D OpenNetworkQos[4.00]: getOpenNetworkQosScores: 26 26 26
07-10 01:32:14.940  5674  7451 D OpenNetworkQos[4.00]: getOpenNetworkQosNoInternetStatus: false
07-10 01:32:14.940  5674  7451 I WifiProfileShare.Caster: current network type: 0, score: [26, 26, 26]
07-10 01:32:14.942  5674  7451 V WifiProfileShare.Cache: update network score 00:e4:06:**:**:90
07-10 01:32:14.942  5674  7451 D WifiProfileShare.ScanMatcher: getMcfDataList size:2
07-10 01:32:14.942  5674  7451 I WifiProfileShare.Caster: qos data was updated , before:type:QOS, pBssid:51:2e:90, qosData:7c after:type:QOS, pBssid:51:2e:90, qosData:7c
07-10 01:32:14.947  5674  7451 I [MCFSDK_android_1.2.4010]_4_b: isNetworkEnabled - type : 1 ret : true
07-10 01:32:14.948  5674  7451 D WifiProfileShare.McfCast: -ME--- mIsNetworkEnabled :true
07-10 01:32:14.948  5674  7451 D WifiProfileShare.McfCast: updateQoSData ignored, same contents
07-10 01:32:14.948  5674  7451 D WifiProfileShare.MCF: success update QosData !
07-10 01:32:14.950  5674  7451 I [MCFSDK_android_1.2.4010]_4_b: isNetworkEnabled - type : 1 ret : true
07-10 01:32:14.950  5674  7451 D WifiProfileShare.McfCast: -ME--- mIsNetworkEnabled :true
07-10 01:32:14.950  5674  7451 D WifiProfileShare.McfCast: -ME--- updatePasswordDate pwdData size:2
07-10 01:32:14.986 16924 16964 I ChimeraSrvcProxy: NullBinder for android.net.action.RECOMMEND_NETWORKS triggering remote TransactionTooLargeException due to Service without Chimera impl
07-10 01:32:14.987 16924 16964 W .gms.persistent: Large reply transaction of 1056768 bytes, interface descriptor , code 1
07-10 01:32:15.006  6461  6566 D NetworkController.WifiSignalController: notifyListener: visible=true, connected=true, inetCondition=1, isDefault=true, wifiTestReported=true, receivedInetCondition=-1, hideDuringMobileSwitching=false
07-10 01:32:15.006 27800 27813 W libc    : Access denied finding property "sys.perf.boostopt"
07-10 01:32:15.006  5262  5262 E audit   : type=1400 audit(1688945535.001:70085): avc:  denied  { read } for  pid=27800 comm="binder:27800_2" name="u:object_r:perf_prop:s0" dev="tmpfs" ino=10663 scontext=u:r:untrusted_app:s0:c6,c256,c512,c768 tcontext=u:object_r:perf_prop:s0 tclass=file permissive=0 SEPF_SM-A515F_13_0001 audit_filtered
07-10 01:32:15.006  5262  5262 E audit   : type=1300 audit(1688945535.001:70085): arch=c00000b7 syscall=56 success=no exit=-13 a0=ffffff9c a1=7b7d3412f8 a2=88000 a3=0 items=0 ppid=5287 pid=27800 auid=4294967295 uid=10006 gid=10006 euid=10006 suid=10006 fsuid=10006 egid=10006 sgid=10006 fsgid=10006 tty=(none) ses=4294967295 comm="binder:27800_2" exe="/system/bin/app_process64" subj=u:r:untrusted_app:s0:c6,c256,c512,c768 key=(null)
07-10 01:32:15.006  5262  5262 E audit   : type=1327 audit(1688945535.001:70085): proctitle="<pre-initialized>"
07-10 01:32:15.348  5674  6112 I ChimeraAggressivePolicyHandler: executePolicy() - triggerSource: TRIGGER_SOURCE_LMKD
07-10 01:32:15.351  5674  6112 I ChimeraAggressivePolicyHandler: available memory: 1009684, free memory target: 870400, quit chimera
07-10 01:32:15.672  4378  4378 I lmkd    : 0(delay), 0(swap), 50(freelimit), 0(reentrymode) memory pressure events were skipped after a kill!
07-10 01:32:16.830  5353  6075 V APM_AudioPolicyManager: setAppState(portId:1005, state:1)
07-10 01:32:16.832  5674  5745 W libprocessgroup: Failed to open /dev/blkio//cgroup.procs: No such file or directory
07-10 01:32:16.857  5674  5745 W libprocessgroup: Failed to open /dev/blkio//cgroup.procs: No such file or directory
07-10 01:32:16.858  5353  6075 V APM_AudioPolicyManager: setAppState(portId:1005, state:1)
07-10 01:32:16.901  5353  6075 V APM_AudioPolicyManager: setAppState(portId:1005, state:1)
07-10 01:32:16.907  5353  6075 V APM_AudioPolicyManager: setAppState(portId:1005, state:1)
07-10 01:32:16.936  5353  6075 V APM_AudioPolicyManager: setAppState(portId:1005, state:1)
07-10 01:32:16.942  5353  6075 V APM_AudioPolicyManager: setAppState(portId:1005, state:1)
07-10 01:32:17.962  5674  7726 D SemWifiUsabilityStatsMonitor: onWifiUsabilityStats - seqNum 22061, isSameBssidAndFreq true
07-10 01:32:17.963  5674  6055 D ConnectivityService: notifyType CALLBACK_CAP_CHANGED for [118 WIFI]
07-10 01:32:17.966  5674  6128 I SemWifiLinkQualityMonitor: Link Qos Query: 0.021 ms / 390.000 Mbps (390 / 0.000 / 1.000)
07-10 01:32:17.976  6461  6461 D NetworkController.WifiSignalController: notifyListener: visible=true, connected=true, inetCondition=1, isDefault=true, wifiTestReported=true, receivedInetCondition=-1, hideDuringMobileSwitching=false
07-10 01:32:17.977  5674  6086 D SemWifiSwitchForIndividualAppsService: stopTCPMonitoring : already stopped
07-10 01:32:17.978  5674  6086 I WifiConnectivityMonitor.NCC: sNetworkCallback(oCC) FULL : 118(true/false)[ Transports: WIFI Capabilities: NOT_METERED&INTERNET&NOT_RESTRICTED&TRUSTED&NOT_VPN&VALIDATED&NOT_ROAMING&FOREGROUND&NOT_CONGESTED&NOT_SUSPENDED&NOT_VCN_MANAGED LinkUpBandwidth>=38087Kbps LinkDnBandwidth>=48162Kbps TransportInfo: <SSID: <unknown ssid>, BSSID: 02:00:00:**:**:00, MAC: 02:00:00:**:**:00, IP: /192.168.1.19, Security type: 2, Supplicant state: COMPLETED, Wi-Fi standard: 5, RSSI: -62, Link speed: 390Mbps, Tx Link speed: 390Mbps, Max Supported Tx Link speed: 433Mbps, Rx Link speed: 6Mbps, Max Supported Rx Link speed: 433Mbps, Frequency: 5180MHz, Net ID: -1, Metered hint: false, score: 60, isUsable: true, CarrierMerged: false, SubscriptionId: -1, IsPrimary: 1, Trusted: true, Restricted: false, Ephemeral: false, OEM paid: false, OEM private: false, OSU AP: false, FQDN: <none>, Provider friendly name: <none>, Requesting package name: <none><none>MLO Information: , AP MLD Address: <none>, AP MLO Link Id: <none>, AP MLO Affiliated links: <none>> SignalStrength: -62 AdminUids: [1000] SSID: "Talija" UnderlyingNetworks: Null]
07-10 01:32:17.985  5674  6164 I WifiConnectivityMonitor: current mode : 1
07-10 01:32:17.985  5674  6164 D OpenNetworkQos[4.00]: updateBssidNoInternet: mBssidNoInternet = false
07-10 01:32:17.985  5674  6164 D OpenNetworkQos[4.00]: getOpenNetworkQosNoInternetStatus: false
07-10 01:32:17.985  5674  6164 D OpenNetworkQos[4.00]: getOpenNetworkQosScores: 26 26 26
07-10 01:32:17.986  5674  6164 I WifiProfileShare: network QoS data was changed (internet), updateQoSData networkType: true, qosData: false
07-10 01:32:17.987  5674  7451 V WifiProfileShare.Caster: update wips network, size: 0
07-10 01:32:17.987  5674  7451 D WifiProfileShare: nearby scanning settings run
07-10 01:32:17.987  5674  7451 D WifiProfileShare: network score provider settings enabled
07-10 01:32:17.987  5674  7451 D OpenNetworkQos[4.00]: getOpenNetworkQosScores: 26 26 26
07-10 01:32:17.987  5674  7451 D OpenNetworkQos[4.00]: getOpenNetworkQosNoInternetStatus: false
07-10 01:32:17.987  5674  7451 I WifiProfileShare.Caster: current network type: 0, score: [26, 26, 26]
07-10 01:32:17.988  5674  7451 V WifiProfileShare.Cache: update network score 00:e4:06:**:**:90
07-10 01:32:17.988  5674  7451 D WifiProfileShare.ScanMatcher: getMcfDataList size:2
07-10 01:32:17.988  5674  7451 I WifiProfileShare.Caster: qos data was updated , before:type:QOS, pBssid:51:2e:90, qosData:7c after:type:QOS, pBssid:51:2e:90, qosData:7c
07-10 01:32:17.989  5674  7451 I [MCFSDK_android_1.2.4010]_4_b: isNetworkEnabled - type : 1 ret : true
07-10 01:32:17.989  5674  7451 D WifiProfileShare.McfCast: -ME--- mIsNetworkEnabled :true
07-10 01:32:17.989  5674  7451 D WifiProfileShare.McfCast: updateQoSData ignored, same contents
07-10 01:32:17.989  5674  7451 D WifiProfileShare.MCF: success update QosData !
07-10 01:32:17.990  5674  7451 I [MCFSDK_android_1.2.4010]_4_b: isNetworkEnabled - type : 1 ret : true
07-10 01:32:17.990  5674  7451 D WifiProfileShare.McfCast: -ME--- mIsNetworkEnabled :true
07-10 01:32:17.990  5674  7451 D WifiProfileShare.McfCast: -ME--- updatePasswordDate pwdData size:2
07-10 01:32:17.992  6461  6566 D NetworkController.WifiSignalController: notifyListener: visible=true, connected=true, inetCondition=1, isDefault=true, wifiTestReported=true, receivedInetCondition=-1, hideDuringMobileSwitching=false
07-10 01:32:18.002 16924 16964 I ChimeraSrvcProxy: NullBinder for android.net.action.RECOMMEND_NETWORKS triggering remote TransactionTooLargeException due to Service without Chimera impl
07-10 01:32:18.004 16924 16964 W .gms.persistent: Large reply transaction of 1056768 bytes, interface descriptor , code 1
07-10 01:32:20.402 29789 28553 I GmscoreIpa: Starting mediastore instant index [CONTEXT service_id=255 ]
07-10 01:32:21.009  5674  7726 D SemWifiUsabilityStatsMonitor: onWifiUsabilityStats - seqNum 22062, isSameBssidAndFreq true
07-10 01:32:21.014  5674  6128 I SemWifiLinkQualityMonitor: Link Qos Query: 0.068 ms / 117.000 Mbps (351 / 0.000 / 3.000)
07-10 01:32:21.014  6461  6461 D NetworkController.WifiSignalController: notifyListener: visible=true, connected=true, inetCondition=1, isDefault=true, wifiTestReported=true, receivedInetCondition=-1, hideDuringMobileSwitching=false
07-10 01:32:24.057  5674  7726 D SemWifiUsabilityStatsMonitor: onWifiUsabilityStats - seqNum 22063, isSameBssidAndFreq true
07-10 01:32:24.060  5674  6128 I SemWifiLinkQualityMonitor: Link Qos Query: 0.068 ms / 117.000 Mbps (351 / 0.000 / 3.000)
07-10 01:32:24.062  6461  6461 D NetworkController.WifiSignalController: notifyListener: visible=true, connected=true, inetCondition=1, isDefault=true, wifiTestReported=true, receivedInetCondition=-1, hideDuringMobileSwitching=false
07-10 01:32:26.990 31135 32652 I native  : I0000 00:00:1688945546.990484   32652 soda_async_impl.cc:1540] Current audio timestamp: 1688945546620242
07-10 01:32:27.115  5674  6055 D ConnectivityService: notifyType CALLBACK_CAP_CHANGED for [118 WIFI]
07-10 01:32:27.116  5674  7726 D SemWifiUsabilityStatsMonitor: onWifiUsabilityStats - seqNum 22064, isSameBssidAndFreq true
07-10 01:32:27.120  5674  6128 I SemWifiLinkQualityMonitor: Link Qos Query: 0.068 ms / 117.000 Mbps (351 / 0.000 / 3.000)
07-10 01:32:27.120  5674  6086 D SemWifiSwitchForIndividualAppsService: stopTCPMonitoring : already stopped
07-10 01:32:27.121  5674  6086 I WifiConnectivityMonitor.NCC: sNetworkCallback(oCC) FULL : 118(true/false)[ Transports: WIFI Capabilities: NOT_METERED&INTERNET&NOT_RESTRICTED&TRUSTED&NOT_VPN&VALIDATED&NOT_ROAMING&FOREGROUND&NOT_CONGESTED&NOT_SUSPENDED&NOT_VCN_MANAGED LinkUpBandwidth>=15762Kbps LinkDnBandwidth>=38308Kbps TransportInfo: <SSID: <unknown ssid>, BSSID: 02:00:00:**:**:00, MAC: 02:00:00:**:**:00, IP: /192.168.1.19, Security type: 2, Supplicant state: COMPLETED, Wi-Fi standard: 5, RSSI: -64, Link speed: 351Mbps, Tx Link speed: 351Mbps, Max Supported Tx Link speed: 433Mbps, Rx Link speed: 6Mbps, Max Supported Rx Link speed: 433Mbps, Frequency: 5180MHz, Net ID: -1, Metered hint: false, score: 60, isUsable: true, CarrierMerged: false, SubscriptionId: -1, IsPrimary: 1, Trusted: true, Restricted: false, Ephemeral: false, OEM paid: false, OEM private: false, OSU AP: false, FQDN: <none>, Provider friendly name: <none>, Requesting package name: <none><none>MLO Information: , AP MLD Address: <none>, AP MLO Link Id: <none>, AP MLO Affiliated links: <none>> SignalStrength: -64 AdminUids: [1000] SSID: "Talija" UnderlyingNetworks: Null]
07-10 01:32:27.122  5674  6164 I WifiConnectivityMonitor: current mode : 1
07-10 01:32:27.122  5674  6164 D OpenNetworkQos[4.00]: updateBssidNoInternet: mBssidNoInternet = false
07-10 01:32:27.122  5674  6164 D OpenNetworkQos[4.00]: getOpenNetworkQosNoInternetStatus: false
07-10 01:32:27.123  5674  6164 D OpenNetworkQos[4.00]: getOpenNetworkQosScores: 26 26 26
07-10 01:32:27.123  5674  6164 I WifiProfileShare: network QoS data was changed (internet), updateQoSData networkType: true, qosData: false
07-10 01:32:27.124  5674  7451 V WifiProfileShare.Caster: update wips network, size: 0
07-10 01:32:27.124  5674  7451 D WifiProfileShare: nearby scanning settings run
07-10 01:32:27.125  5674  7451 D WifiProfileShare: network score provider settings enabled
07-10 01:32:27.125  5674  7451 D OpenNetworkQos[4.00]: getOpenNetworkQosScores: 26 26 26
07-10 01:32:27.125  5674  7451 D OpenNetworkQos[4.00]: getOpenNetworkQosNoInternetStatus: false
07-10 01:32:27.125  5674  7451 I WifiProfileShare.Caster: current network type: 0, score: [26, 26, 26]
07-10 01:32:27.126  5674  7451 V WifiProfileShare.Cache: update network score 00:e4:06:**:**:90
07-10 01:32:27.127  5674  7451 D WifiProfileShare.ScanMatcher: getMcfDataList size:2
07-10 01:32:27.128  5674  7451 I WifiProfileShare.Caster: qos data was updated , before:type:QOS, pBssid:51:2e:90, qosData:7c after:type:QOS, pBssid:51:2e:90, qosData:7c
07-10 01:32:27.132  5674  7451 I [MCFSDK_android_1.2.4010]_4_b: isNetworkEnabled - type : 1 ret : true
07-10 01:32:27.132  5674  7451 D WifiProfileShare.McfCast: -ME--- mIsNetworkEnabled :true
07-10 01:32:27.141  5674  7451 D WifiProfileShare.McfCast: updateQoSData ignored, same contents
07-10 01:32:27.141  5674  7451 D WifiProfileShare.MCF: success update QosData !
07-10 01:32:27.147 16924 19143 I ChimeraSrvcProxy: NullBinder for android.net.action.RECOMMEND_NETWORKS triggering remote TransactionTooLargeException due to Service without Chimera impl
07-10 01:32:27.147 16924 19143 W .gms.persistent: Large reply transaction of 1056768 bytes, interface descriptor , code 1
07-10 01:32:27.148  5674  7451 I [MCFSDK_android_1.2.4010]_4_b: isNetworkEnabled - type : 1 ret : true
07-10 01:32:27.148  5674  7451 D WifiProfileShare.McfCast: -ME--- mIsNetworkEnabled :true
07-10 01:32:27.148  5674  7451 D WifiProfileShare.McfCast: -ME--- updatePasswordDate pwdData size:2
07-10 01:32:27.150  6461  6566 D NetworkController.WifiSignalController: notifyListener: visible=true, connected=true, inetCondition=1, isDefault=true, wifiTestReported=true, receivedInetCondition=-1, hideDuringMobileSwitching=false
07-10 01:32:28.711 31135 31454 I A       : (REDACTED) #onAudioData: %s bytes, getAudioReadSize %s
07-10 01:32:30.162  5674  7726 D SemWifiUsabilityStatsMonitor: onWifiUsabilityStats - seqNum 22065, isSameBssidAndFreq true
07-10 01:32:30.163  5674  6055 D ConnectivityService: notifyType CALLBACK_CAP_CHANGED for [118 WIFI]
07-10 01:32:30.166  5674  6128 I SemWifiLinkQualityMonitor: Link Qos Query: 0.041 ms / 195.000 Mbps (390 / 0.000 / 2.000)
07-10 01:32:30.167  5674  6086 D SemWifiSwitchForIndividualAppsService: stopTCPMonitoring : already stopped
07-10 01:32:30.168  6461  6461 D NetworkController.WifiSignalController: notifyListener: visible=true, connected=true, inetCondition=1, isDefault=true, wifiTestReported=true, receivedInetCondition=-1, hideDuringMobileSwitching=false
07-10 01:32:30.168  5674  6086 I WifiConnectivityMonitor.NCC: sNetworkCallback(oCC) FULL : 118(true/false)[ Transports: WIFI Capabilities: NOT_METERED&INTERNET&NOT_RESTRICTED&TRUSTED&NOT_VPN&VALIDATED&NOT_ROAMING&FOREGROUND&NOT_CONGESTED&NOT_SUSPENDED&NOT_VCN_MANAGED LinkUpBandwidth>=38087Kbps LinkDnBandwidth>=48162Kbps TransportInfo: <SSID: <unknown ssid>, BSSID: 02:00:00:**:**:00, MAC: 02:00:00:**:**:00, IP: /192.168.1.19, Security type: 2, Supplicant state: COMPLETED, Wi-Fi standard: 5, RSSI: -63, Link speed: 390Mbps, Tx Link speed: 390Mbps, Max Supported Tx Link speed: 433Mbps, Rx Link speed: 87Mbps, Max Supported Rx Link speed: 433Mbps, Frequency: 5180MHz, Net ID: -1, Metered hint: false, score: 60, isUsable: true, CarrierMerged: false, SubscriptionId: -1, IsPrimary: 1, Trusted: true, Restricted: false, Ephemeral: false, OEM paid: false, OEM private: false, OSU AP: false, FQDN: <none>, Provider friendly name: <none>, Requesting package name: <none><none>MLO Information: , AP MLD Address: <none>, AP MLO Link Id: <none>, AP MLO Affiliated links: <none>> SignalStrength: -63 AdminUids: [1000] SSID: "Talija" UnderlyingNetworks: Null]
07-10 01:32:30.176  5674  6164 I WifiConnectivityMonitor: current mode : 1
07-10 01:32:30.176  5674  6164 D OpenNetworkQos[4.00]: updateBssidNoInternet: mBssidNoInternet = false
07-10 01:32:30.176  5674  6164 D OpenNetworkQos[4.00]: getOpenNetworkQosNoInternetStatus: false
07-10 01:32:30.176  5674  6164 D OpenNetworkQos[4.00]: getOpenNetworkQosScores: 26 26 26
07-10 01:32:30.177  5674  6164 I WifiProfileShare: network QoS data was changed (internet), updateQoSData networkType: true, qosData: false
07-10 01:32:30.178  5674  7451 V WifiProfileShare.Caster: update wips network, size: 0
07-10 01:32:30.178  5674  7451 D WifiProfileShare: nearby scanning settings run
07-10 01:32:30.178  5674  7451 D WifiProfileShare: network score provider settings enabled
07-10 01:32:30.178  5674  7451 D OpenNetworkQos[4.00]: getOpenNetworkQosScores: 26 26 26
07-10 01:32:30.178  5674  7451 D OpenNetworkQos[4.00]: getOpenNetworkQosNoInternetStatus: false
07-10 01:32:30.179  5674  7451 I WifiProfileShare.Caster: current network type: 0, score: [26, 26, 26]
07-10 01:32:30.184  5674  7451 V WifiProfileShare.Cache: update network score 00:e4:06:**:**:90
07-10 01:32:30.185  5674  7451 D WifiProfileShare.ScanMatcher: getMcfDataList size:2
07-10 01:32:30.185  5674  7451 I WifiProfileShare.Caster: qos data was updated , before:type:QOS, pBssid:51:2e:90, qosData:7c after:type:QOS, pBssid:51:2e:90, qosData:7c
07-10 01:32:30.186  5674  7451 I [MCFSDK_android_1.2.4010]_4_b: isNetworkEnabled - type : 1 ret : true
07-10 01:32:30.187  5674  7451 D WifiProfileShare.McfCast: -ME--- mIsNetworkEnabled :true
07-10 01:32:30.187  5674  7451 D WifiProfileShare.McfCast: updateQoSData ignored, same contents
07-10 01:32:30.187  5674  7451 D WifiProfileShare.MCF: success update QosData !
07-10 01:32:30.188  5674  7451 I [MCFSDK_android_1.2.4010]_4_b: isNetworkEnabled - type : 1 ret : true
07-10 01:32:30.188  5674  7451 D WifiProfileShare.McfCast: -ME--- mIsNetworkEnabled :true
07-10 01:32:30.188  5674  7451 D WifiProfileShare.McfCast: -ME--- updatePasswordDate pwdData size:2
07-10 01:32:30.191 16924 19143 I ChimeraSrvcProxy: NullBinder for android.net.action.RECOMMEND_NETWORKS triggering remote TransactionTooLargeException due to Service without Chimera impl
07-10 01:32:30.191  6461  6566 D NetworkController.WifiSignalController: notifyListener: visible=true, connected=true, inetCondition=1, isDefault=true, wifiTestReported=true, receivedInetCondition=-1, hideDuringMobileSwitching=false
07-10 01:32:30.191 16924 19143 W .gms.persistent: Large reply transaction of 1056768 bytes, interface descriptor , code 1
07-10 01:32:30.837  5674 28568 D TrafficStats: tagSocket(969) with statsTag=0xffffffff, statsUid=-1
07-10 01:32:31.044  5674 28568 D WifiConnectivityMonitor.DnsThread:  [|209]
07-10 01:32:31.045  5674  6182 D WifiConnectivityMonitor.NetworkStatsAnalyzer: DNS resultType : 0, responseTime : 209
07-10 01:32:31.047  5674  6164 D OpenNetworkQos[4.00]: updateBssidLatestDnsResultType - result: 0
07-10 01:32:31.047  5674  6164 D OpenNetworkQos[4.00]: updateBssidNoInternet: mBssidNoInternet = false
07-10 01:32:31.047  5674  6164 D OpenNetworkQos[4.00]: getOpenNetworkQosNoInternetStatus: false
07-10 01:32:31.048  5674  6164 D OpenNetworkQos[4.00]: getOpenNetworkQosScores: 26 26 26
07-10 01:32:31.049  5674  6164 I WifiProfileShare: network QoS data was changed (internet), updateQoSData networkType: true, qosData: false
07-10 01:32:31.051  5674  7451 V WifiProfileShare.Caster: update wips network, size: 0
07-10 01:32:31.051  5674  7451 D WifiProfileShare: nearby scanning settings run
07-10 01:32:31.052  5674  7451 D WifiProfileShare: network score provider settings enabled
07-10 01:32:31.052  5674  7451 D OpenNetworkQos[4.00]: getOpenNetworkQosScores: 26 26 26
07-10 01:32:31.052  5674  7451 D OpenNetworkQos[4.00]: getOpenNetworkQosNoInternetStatus: false
07-10 01:32:31.052  5674  7451 I WifiProfileShare.Caster: current network type: 0, score: [26, 26, 26]
07-10 01:32:31.054  5674  7451 V WifiProfileShare.Cache: update network score 00:e4:06:**:**:90
07-10 01:32:31.055  5674  7451 D WifiProfileShare.ScanMatcher: getMcfDataList size:2
07-10 01:32:31.056  5674  7451 I WifiProfileShare.Caster: qos data was updated , before:type:QOS, pBssid:51:2e:90, qosData:7c after:type:QOS, pBssid:51:2e:90, qosData:7c
07-10 01:32:31.057  5674  7451 I [MCFSDK_android_1.2.4010]_4_b: isNetworkEnabled - type : 1 ret : true
07-10 01:32:31.057  5674  7451 D WifiProfileShare.McfCast: -ME--- mIsNetworkEnabled :true
07-10 01:32:31.057  5674  7451 D WifiProfileShare.McfCast: updateQoSData ignored, same contents
07-10 01:32:31.057  5674  7451 D WifiProfileShare.MCF: success update QosData !
07-10 01:32:31.059  5674  7451 I [MCFSDK_android_1.2.4010]_4_b: isNetworkEnabled - type : 1 ret : true
07-10 01:32:31.059  5674  7451 D WifiProfileShare.McfCast: -ME--- mIsNetworkEnabled :true
07-10 01:32:31.059  5674  7451 D WifiProfileShare.McfCast: -ME--- updatePasswordDate pwdData size:2
07-10 01:32:31.415  6461  6566 D NetworkController.WifiSignalController: notifyListener: visible=true, connected=true, inetCondition=1, isDefault=true, wifiTestReported=true, receivedInetCondition=-1, hideDuringMobileSwitching=false
07-10 01:32:31.429  6461  6566 D MobileSignalController(0/1): notifyListener: enabled=true, connected=true, dataConnected=false, networkType=LTE (4G), emergencyOnly=false, roaming=true, isDefault=false, dataActivity=, level=1, ca=false, mmWave=false, disabledDataIcon=false, simCard=ETC
07-10 01:32:31.430  6461  6566 D MobileSignalController(1/2): notifyListener: enabled=true, connected=true, dataConnected=false, networkType=LTE (4G), emergencyOnly=false, roaming=false, isDefault=false, dataActivity=, level=3, ca=false, mmWave=false, disabledDataIcon=false, simCard=ETC
07-10 01:32:31.479  6461  6566 D Tile.MobileDataTile: handleUpdateState : state true
07-10 01:32:31.508  6461  6566 I Tile.HotspotTile: handleUpdateState
07-10 01:32:31.516  6461  6461 I Tile.HotspotTile: onDataSaverChanged: false
07-10 01:32:31.517  6461  6461 I Tile.HotspotTile: onHotspotChanged: false
07-10 01:32:31.518  6461  6566 I Tile.HotspotTile: handleUpdateState
07-10 01:32:31.520  6461  6566 I Tile.HotspotTile: handleUpdateState
07-10 01:32:31.523  6461  6566 I Tile.HotspotTile: handleUpdateState
07-10 01:32:31.523  5674  6593 I SemWifiApTetheredClientInfo: getWifiApStaListDetail
07-10 01:32:31.524  6461  6461 D Tile.HotspotTile: updateItems
07-10 01:32:31.524  6461  6461 D Tile.HotspotTile:  updateConnectedDeviceList mConnectedDevices = []
07-10 01:32:31.537  6461  6566 D Tile.DndTile: handleUpdateState zen 1  state = BooleanState[spec=Dnd,icon=ResourceIcon[resId=0x7f0809c1],iconSupplier=null,label=Do not
07-10 01:32:31.537  6461  6566 D Tile.DndTile: disturb,secondaryLabel=null,contentDescription=null,stateDescription=null,dualLabelContentDescription=null,expandedAccessibilityClassName=null,disabledByPolicy=false,dualTarget=true,isTransient=false,state=2,slash="null",sideViewCustomDrawable=null,tileClassName=null,value=true,forceExpandIcon=false]
07-10 01:32:31.542  5674  6523 D SyncManager: userId - 0 auto - true
07-10 01:32:31.549  6461  6566 D Tile.SyncTile: hasUserRestriction: false
07-10 01:32:31.561  6461  6566 W Settings: Setting all_sound_off has moved from android.provider.Settings.System to android.provider.Settings.Global, returning read-only value.
07-10 01:32:31.585  6461  6566 D Tile.RotationLockTile:  handleUpdateState: true orientation = true
07-10 01:32:31.587  6461  6566 D Tile.RotationLockTile:  handleUpdateState: true orientation = true
07-10 01:32:31.588  6461  6566 D Tile.RotationLockTile:  handleUpdateState: true orientation = true
07-10 01:32:31.592  6461  6566 D NetworkController: IsPowerOffServiceState is false: 0
07-10 01:32:31.592  6461  6566 D Tile.AirplaneModeTile:  handleUpdateState: airplane mode is disabled : enter mSetting.getValue() == 0 mIsWiFiOnlyDevice false isNoSimState false !isPowerOffServiceState true
07-10 01:32:31.592  6461  6566 D Tile.AirplaneModeTile:  handleUpdateState:  value = false, state = 1
07-10 01:32:31.608  6461  6566 D Tile.BluetoothTile:  handleUpdateState enabled = true connected = false connecting = false changedState =false bluetoothState = 12 enabledChanging = false state = BooleanState[spec=Bluetooth,icon=ResourceIcon[resId=0x7f0809bd],iconSupplier=null,label=Bluetooth,secondaryLabel=null,contentDescription=Bluetooth,On,stateDescription=null,dualLabelContentDescription=Connected to Евгений's Watch5 Pro.,expandedAccessibilityClassName=null,disabledByPolicy=false,dualTarget=true,isTransient=false,state=2,slash="null",sideViewCustomDrawable=null,tileClassName=null,value=true,forceExpandIcon=false]
07-10 01:32:31.611  6461  6461 D Tile.BluetoothTile: onBluetoothStateChange = true
07-10 01:32:31.628  6461  6566 D Tile.BluetoothTile:  handleUpdateState enabled = true connected = false connecting = false changedState =false bluetoothState = 12 enabledChanging = false state = BooleanState[spec=Bluetooth,icon=ResourceIcon[resId=0x7f0809bd],iconSupplier=null,label=Bluetooth,secondaryLabel=null,contentDescription=Bluetooth,On,stateDescription=null,dualLabelContentDescription=Connected to Евгений's Watch5 Pro.,expandedAccessibilityClassName=null,disabledByPolicy=false,dualTarget=true,isTransient=false,state=2,slash="null",sideViewCustomDrawable=null,tileClassName=null,value=true,forceExpandIcon=false]
07-10 01:32:32.479 30967 31717 I ContactsProvider_EventLog: cp_s: [CONTACT con(158) dat(1091) acc({sim(3)=15, sec(6)=1, sim2(4)=1, google(2)=81, org.telegram.messenger(236)=100, com.whatsapp(14)=41}) calls([logtype:100 cnt:877, logtype:200 cnt:5, logtype:300 cnt:495, logtype:1000 cnt:632, logtype:1150 cnt:161]) Iso(RS) uId(0) ]
07-10 01:32:32.479 30967 31717 I ContactsProvider_EventLog: cp_s: [ agr({[2 ,2 ,14 ,236]=1, [2 ,14 ,236]=32, [3]=15, [14]=1, [4]=1, [2 ,14]=4, [2 ,2]=2, [2]=34, [6 ,14]=1, [2 ,236]=3, [236]=62, [2 ,236 ,14]=2}) ]
07-10 01:32:32.479 30967 31717 I ContactsProvider_EventLog: cp_s: [ cnt({acore(30967)=1}) ]
07-10 01:32:32.479 30967 31717 I ContactsProvider_EventLog: cp_s: [PROFILE con(1) dat(1) acc({vnd.sec.contact.phone=1}) ] [SAPROFILE ]
07-10 01:32:32.479 30967 31717 I ContactsProvider_EventLog: cp_s: [STATE R(T) ]
07-10 01:32:32.602  5325  5325 E sehhealth-service: Could not open /sys/class/power_supply/battery/lrp
07-10 01:32:33.215  5674  7726 D SemWifiUsabilityStatsMonitor: onWifiUsabilityStats - seqNum 22066, isSameBssidAndFreq true
07-10 01:32:33.215  5674  6055 D ConnectivityService: notifyType CALLBACK_CAP_CHANGED for [118 WIFI]
07-10 01:32:33.217  5674  6128 I SemWifiLinkQualityMonitor: Link Qos Query: 0.123 ms / 64.889 Mbps (292 / 0.000 / 4.500)
07-10 01:32:33.219  5674  6086 D SemWifiSwitchForIndividualAppsService: stopTCPMonitoring : already stopped
07-10 01:32:33.220  5674  6086 I WifiConnectivityMonitor.NCC: sNetworkCallback(oCC) FULL : 118(true/false)[ Transports: WIFI Capabilities: NOT_METERED&INTERNET&NOT_RESTRICTED&TRUSTED&NOT_VPN&VALIDATED&NOT_ROAMING&FOREGROUND&NOT_CONGESTED&NOT_SUSPENDED&NOT_VCN_MANAGED LinkUpBandwidth>=15762Kbps LinkDnBandwidth>=38308Kbps TransportInfo: <SSID: <unknown ssid>, BSSID: 02:00:00:**:**:00, MAC: 02:00:00:**:**:00, IP: /192.168.1.19, Security type: 2, Supplicant state: COMPLETED, Wi-Fi standard: 5, RSSI: -65, Link speed: 292Mbps, Tx Link speed: 292Mbps, Max Supported Tx Link speed: 433Mbps, Rx Link speed: 6Mbps, Max Supported Rx Link speed: 433Mbps, Frequency: 5180MHz, Net ID: -1, Metered hint: false, score: 60, isUsable: true, CarrierMerged: false, SubscriptionId: -1, IsPrimary: 1, Trusted: true, Restricted: false, Ephemeral: false, OEM paid: false, OEM private: false, OSU AP: false, FQDN: <none>, Provider friendly name: <none>, Requesting package name: <none><none>MLO Information: , AP MLD Address: <none>, AP MLO Link Id: <none>, AP MLO Affiliated links: <none>> SignalStrength: -65 AdminUids: [1000] SSID: "Talija" UnderlyingNetworks: Null]
07-10 01:32:33.221  5674  6164 I WifiConnectivityMonitor: current mode : 1
07-10 01:32:33.221  5674  6164 D OpenNetworkQos[4.00]: updateBssidNoInternet: mBssidNoInternet = false
07-10 01:32:33.221  5674  6164 D OpenNetworkQos[4.00]: getOpenNetworkQosNoInternetStatus: false
07-10 01:32:33.221  5674  6164 D OpenNetworkQos[4.00]: getOpenNetworkQosScores: 26 26 26
07-10 01:32:33.221  5674  6164 I WifiProfileShare: network QoS data was changed (internet), updateQoSData networkType: true, qosData: false
07-10 01:32:33.222  5674  7451 V WifiProfileShare.Caster: update wips network, size: 0
07-10 01:32:33.222  5674  7451 D WifiProfileShare: nearby scanning settings run
07-10 01:32:33.223  5674  7451 D WifiProfileShare: network score provider settings enabled
07-10 01:32:33.223  5674  7451 D OpenNetworkQos[4.00]: getOpenNetworkQosScores: 26 26 26
07-10 01:32:33.223  5674  7451 D OpenNetworkQos[4.00]: getOpenNetworkQosNoInternetStatus: false
07-10 01:32:33.223  5674  7451 I WifiProfileShare.Caster: current network type: 0, score: [26, 26, 26]
07-10 01:32:33.224  5674  7451 V WifiProfileShare.Cache: update network score 00:e4:06:**:**:90
07-10 01:32:33.224  5674  7451 D WifiProfileShare.ScanMatcher: getMcfDataList size:2
07-10 01:32:33.225  5674  7451 I WifiProfileShare.Caster: qos data was updated , before:type:QOS, pBssid:51:2e:90, qosData:7c after:type:QOS, pBssid:51:2e:90, qosData:7c
07-10 01:32:33.227  5674  7451 I [MCFSDK_android_1.2.4010]_4_b: isNetworkEnabled - type : 1 ret : true
07-10 01:32:33.227  5674  7451 D WifiProfileShare.McfCast: -ME--- mIsNetworkEnabled :true
07-10 01:32:33.227  5674  7451 D WifiProfileShare.McfCast: updateQoSData ignored, same contents
07-10 01:32:33.227  5674  7451 D WifiProfileShare.MCF: success update QosData !
07-10 01:32:33.231  5674  7451 I [MCFSDK_android_1.2.4010]_4_b: isNetworkEnabled - type : 1 ret : true
07-10 01:32:33.231  5674  7451 D WifiProfileShare.McfCast: -ME--- mIsNetworkEnabled :true
07-10 01:32:33.231  5674  7451 D WifiProfileShare.McfCast: -ME--- updatePasswordDate pwdData size:2
07-10 01:32:33.240 16924 19143 I ChimeraSrvcProxy: NullBinder for android.net.action.RECOMMEND_NETWORKS triggering remote TransactionTooLargeException due to Service without Chimera impl
07-10 01:32:33.241 16924 19143 W .gms.persistent: Large reply transaction of 1056768 bytes, interface descriptor , code 1
07-10 01:32:33.251  6461  6566 D NetworkController.WifiSignalController: notifyListener: visible=true, connected=true, inetCondition=1, isDefault=true, wifiTestReported=true, receivedInetCondition=-1, hideDuringMobileSwitching=false
07-10 01:32:36.274  5674  7726 D SemWifiUsabilityStatsMonitor: onWifiUsabilityStats - seqNum 22067, isSameBssidAndFreq true
07-10 01:32:36.278  5674  6128 I SemWifiLinkQualityMonitor: Link Qos Query: 0.192 ms / 41.714 Mbps (292 / 0.000 / 7.000)
07-10 01:32:37.753  5674  6183 D WifiConnectivityMonitor: start WCM Poll.
07-10 01:32:37.944  5674  9681 D PackageManager: setEnabledSetting : userId = 0 packageName = com.Slack cmp = androidx.work.impl.background.systemalarm.RescheduleReceiver newState = 1 callingPackage = 10329/com.Slack
07-10 01:32:37.946  5674  9681 D ApplicationPolicy: getApplicationStateEnabled : pkg = com.Slack userId : 0
07-10 01:32:37.948  5674  9681 D ApplicationPolicy: getApplicationComponentState : pkg = com.Slack userId : 0
07-10 01:32:37.969  5674  5745 W libprocessgroup: Failed to open /dev/blkio//cgroup.procs: No such file or directory
07-10 01:32:37.970  5353  6075 V APM_AudioPolicyManager: setAppState(portId:1005, state:1)
07-10 01:32:37.987 25156 25218 D ConnectivityManager: StackLog: [android.net.ConnectivityManager.sendRequestForNetwork(ConnectivityManager.java:4300)] [android.net.ConnectivityManager.registerDefaultNetworkCallbackForUid(ConnectivityManager.java:4864)] [android.net.ConnectivityManager.registerDefaultNetworkCallback(ConnectivityManager.java:4831)] [android.net.ConnectivityManager.registerDefaultNetworkCallback(ConnectivityManager.java:4805)] [androidx.work.impl.utils.NetworkApi24.registerDefaultNetworkCallbackCompat(Unknown Source:11)] [androidx.work.impl.constraints.trackers.NetworkStateTracker24.startTracking(Unknown Source:15)] [androidx.work.impl.constraints.controllers.ConstraintController.replace(Unknown Source:130)] [androidx.work.impl.constraints.WorkConstraintsTrackerImpl.replace(Unknown Source:41)] [androidx.work.impl.background.greedy.GreedyScheduler.schedule(Unknown Source:302)] [androidx.work.impl.Schedulers.schedule(Unknown Source:155)] [androidx.work.impl.utils.EnqueueRunnable.run(Unknown Source:53)] [androidx.work.Worker$2.run$androidx$work$impl$utils$SerialExecutorImpl$Task(Unknown Source:4)] [androidx.work.Worker$2.run(Unknown Source:868)] [java.util.concurrent.ThreadPoolExecutor.runWorker(ThreadPoolExecutor.java:1137)] [java.util.concurrent.ThreadPoolExecutor$Worker.run(ThreadPoolExecutor.java:637)] [java.lang.Thread.run(Thread.java:1012)]
07-10 01:32:37.990  5674  9681 D ConnectivityService: requestNetwork for uid/pid:10329/25156 activeRequest: null callbackRequest: 16757 [NetworkRequest [ REQUEST id=16758, [ Capabilities: INTERNET&NOT_RESTRICTED&TRUSTED&NOT_VCN_MANAGED Uid: 10329 RequestorUid: 10329 RequestorPkg: com.Slack UnderlyingNetworks: Null] ]] callback flags: 0 order: 2147483647
07-10 01:32:37.991  5674  6055 D ConnectivityService:    accepting network in place of null
07-10 01:32:37.994  5674  6045 D WifiNetworkFactory: got request NetworkRequest [ REQUEST id=16758, [ Capabilities: INTERNET&NOT_RESTRICTED&TRUSTED&NOT_VCN_MANAGED Uid: 10329 RequestorUid: 10329 RequestorPkg: com.Slack UnderlyingNetworks: Null] ]
07-10 01:32:37.994  5674  6045 D UntrustedWifiNetworkFactory: got request NetworkRequest [ REQUEST id=16758, [ Capabilities: INTERNET&NOT_RESTRICTED&TRUSTED&NOT_VCN_MANAGED Uid: 10329 RequestorUid: 10329 RequestorPkg: com.Slack UnderlyingNetworks: Null] ]
07-10 01:32:37.994  5674  6045 D OemPaidWifiNetworkFactory: got request NetworkRequest [ REQUEST id=16758, [ Capabilities: INTERNET&NOT_RESTRICTED&TRUSTED&NOT_VCN_MANAGED Uid: 10329 RequestorUid: 10329 RequestorPkg: com.Slack UnderlyingNetworks: Null] ]
07-10 01:32:37.995  5674  6045 D MultiInternetWifiNetworkFactory: got request NetworkRequest [ REQUEST id=16758, [ Capabilities: INTERNET&NOT_RESTRICTED&TRUSTED&NOT_VCN_MANAGED Uid: 10329 RequestorUid: 10329 RequestorPkg: com.Slack UnderlyingNetworks: Null] ]
07-10 01:32:37.996  5674  6055 D ConnectivityService: Rematched networks [computed 0ms] [applied 1ms] [issued 4]
07-10 01:32:37.996  5674  6055 D ConnectivityService: NetworkReassignment :
07-10 01:32:37.996  5674  6055 D ConnectivityService:   16758 : null → 118
