07-10 00:40:03.395  9809 10508 I DMASA[D][wl34fppqc3]: [DiagmonProvider]Signature Check Success
07-10 00:40:03.396  9809 10508 I DMASA[D][wl34fppqc3]: [DiagmonProvider]Action : Request deviceID
07-10 00:40:03.399  9809 10508 W DMASA[D][wl34fppqc3]: [DiagmonProvider]DeviceId failed : user binary or info null
07-10 00:40:03.418 13068 13068 I CapsuleProvider_1.0.23: onCreate
07-10 00:40:03.464  4378  4378 I lmkd    : cached 1, sandbox(not0) 0
07-10 00:40:03.470  4378  4378 I lmkd    : Reclaim 'com.android.chrome' (12163), uid 10238, oom_score_adj 999, state 19 to free 43512kB rss, 24896kb swap
07-10 00:40:03.471  4378  4378 I lmkd    : Reclaimed 68408kB at oom_score_adj 850
07-10 00:40:03.507  5674 10616 D PackageManager: setEnabledSetting : userId = 0 packageName = com.samsung.android.app.routines cmp = androidx.work.impl.background.systemjob.SystemJobService newState = 1 callingPackage = 10054/com.samsung.android.app.routines
07-10 00:40:03.511  5674 10616 D ApplicationPolicy: getApplicationStateEnabled : pkg = com.samsung.android.app.routines userId : 0
07-10 00:40:03.512  5674 10616 D ApplicationPolicy: getApplicationComponentState : pkg = com.samsung.android.app.routines userId : 0
07-10 00:40:03.595 13068 13068 I ModeListHolder: update: query...
07-10 00:40:03.630  5674  6522 D PackageManager: setEnabledSetting : userId = 0 packageName = com.microsoft.appmanager cmp = com.microsoft.appmanager.quicksettings.WindowsLinkTileService newState = 2 callingPackage = 10142/com.microsoft.appmanager
07-10 00:40:03.676  5674  5743 I libprocessgroup: Successfully killed process cgroup uid 10238 pid 12163 in 0ms
07-10 00:40:03.683  5288  5288 I Zygote  : Process 12163 exited due to signal 9 (Killed)
07-10 00:40:03.802  5262  5262 E audit   : type=1400 audit(1688942403.797:69355): avc:  denied  { read } for  pid=10641 comm="binder:10641_1" name="u:object_r:perf_prop:s0" dev="tmpfs" ino=10663 scontext=u:r:untrusted_app:s0:c252,c256,c512,c768 tcontext=u:object_r:perf_prop:s0 tclass=file permissive=0 SEPF_SM-A515F_13_0001 audit_filtered
07-10 00:40:03.802  5262  5262 E audit   : type=1300 audit(1688942403.797:69355): arch=c00000b7 syscall=56 success=no exit=-13 a0=ffffff9c a1=7b89da12f8 a2=88000 a3=0 items=0 ppid=5287 pid=10641 auid=4294967295 uid=10252 gid=10252 euid=10252 suid=10252 fsuid=10252 egid=10252 sgid=10252 fsgid=10252 tty=(none) ses=4294967295 comm="binder:10641_1" exe="/system/bin/app_process64" subj=u:r:untrusted_app:s0:c252,c256,c512,c768 key=(null)
07-10 00:40:03.802  5262  5262 E audit   : type=1327 audit(1688942403.797:69355): proctitle="<pre-initialized>"
07-10 00:40:03.802 10641 10682 W libc    : Access denied finding property "sys.perf.boostopt"
07-10 00:40:03.803  5353  5699 V APM_AudioPolicyManager: setAppState(portId:1005, state:1)
07-10 00:40:03.808  5353  5699 V APM_AudioPolicyManager: setAppState(portId:1005, state:1)
07-10 00:40:03.855  5674  6522 D PackageManager: setEnabledSetting : userId = 0 packageName = com.microsoft.appmanager cmp = androidx.work.impl.background.systemjob.SystemJobService newState = 1 callingPackage = 10142/com.microsoft.appmanager
07-10 00:40:03.856  5674  6522 D ApplicationPolicy: getApplicationStateEnabled : pkg = com.microsoft.appmanager userId : 0
07-10 00:40:03.857  5674  6522 D ApplicationPolicy: getApplicationComponentState : pkg = com.microsoft.appmanager userId : 0
07-10 00:40:03.859 13008 13025 I WindowsLink: (YpcSignatureChecker) isSignatureAllowed in
07-10 00:40:03.896 13008 13025 I WindowsLink: (BaseContentProvider) call: method = capability_get_last_anr / subMethod = capability_get_last_anr
07-10 00:40:03.897 13008 13025 I WindowsLink: (BaseContentProvider) call: method = capability_get_last_anr / subMethod = capability_get_last_anr
07-10 00:40:03.909 12753 13135 D ConnectivityManager: StackLog: [android.net.ConnectivityManager.sendRequestForNetwork(ConnectivityManager.java:4300)] [android.net.ConnectivityManager.sendRequestForNetwork(ConnectivityManager.java:4342)] [android.net.ConnectivityManager.registerNetworkCallback(ConnectivityManager.java:4724)] [android.net.ConnectivityManager.registerNetworkCallback(ConnectivityManager.java:4694)] [com.microsoft.appcenter.utils.NetworkStateHelper.reopen(NetworkStateHelper.java:26)] [com.microsoft.appcenter.utils.NetworkStateHelper.<init>(NetworkStateHelper.java:28)] [com.microsoft.appcenter.utils.NetworkStateHelper.getSharedInstance(NetworkStateHelper.java:10)] [com.microsoft.appcenter.http.HttpUtils.createHttpClientWithoutRetryer(HttpUtils.java:6)] [com.microsoft.appcenter.http.HttpUtils.createHttpClient(HttpUtils.java:2)] [com.microsoft.appcenter.http.HttpUtils.createHttpClient(HttpUtils.java:1)] [com.microsoft.appcenter.AppCenter.finishConfiguration(AppCenter.java:44)] [com.microsoft.appcenter.AppCenter.f(AppCenter.java:1)] [com.microsoft.appcenter.AppCenter$5.run(AppCenter.java:5)]
07-10 00:40:03.925  5674  6055 D ConnectivityService: Rematched networks [computed 0ms] [applied 2ms] [issued 10]
07-10 00:40:03.925  5674  6055 D ConnectivityService: NetworkReassignment : no changes
07-10 00:40:03.930 13008 13025 I AAOW_RemoteAppModeService: mRemoteAppModeManager : com.samsung.android.remoteappmode.SemRemoteAppModeManager@8cd1800, Version : 7
07-10 00:40:03.932 13008 13046 I DIAGMON_SDK[605056][wl34fppqc3] : Agreement value: D
07-10 00:40:03.939  5674  6609 D [RAMS]RemoteAppModeService: isAllowed = true
07-10 00:40:04.043 29789 29789 D BoundBrokerSvc: onBind: Intent { act=com.google.android.gms.measurement.START pkg=com.google.android.gms }
07-10 00:40:04.043 29789 29789 D BoundBrokerSvc: Loading bound service for intent: Intent { act=com.google.android.gms.measurement.START pkg=com.google.android.gms }
07-10 00:40:04.093 13068 13068 I ModeListHolder: update: size(1) [ModeMeta(id=1, uuid=100, iconResourceId=2131230952, iconStatusResourceId=2131231235, displayName=Sleep, isRunning=false, runningReason=, runningReasonCondition=, order=0)]
07-10 00:40:04.181 13068 13068 I GTS_CELL:  version 1.2.26
07-10 00:40:04.204 12753 13144 D CompatibilityChangeReporter: Compat change id reported: 160794467; UID 10142; state: ENABLED
07-10 00:40:04.226 12753 12763 W soft.appmanager: Suspending all threads took: 6.897ms
07-10 00:40:03.932 13008 13046 I DIAGMON_SDK[605056][wl34fppqc3] : Request Service Registration
07-10 00:40:04.274 13008 13025 I WindowsLink: (YpcSignatureChecker) isSignatureAllowed in
07-10 00:40:04.274 13008 13025 I WindowsLink: (BaseContentProvider) call: method = DeviceInfo@getLastAnr / subMethod = getLastAnr
07-10 00:40:04.275 13008 13008 I WindowsLink: (SystemPropertyWrapperImpl) setSoftInputVisibleState: in = true
07-10 00:40:04.276  5674  9950 D [RAMS]RemoteAppModeService: isAllowed = true
07-10 00:40:04.280 13008 13008 I WindowsLink: (SystemPropertyWrapperImpl) isSoftInputForceUpdated: in / ret = false
07-10 00:40:04.281 13008 13008 I WindowsLink: (SystemPropertyWrapperImpl) setSoftInputVisibleState: Tried to set true but the setting is not updated by this function. Skip changing
07-10 00:40:04.281 13008 13008 I WindowsLink: (SystemPropertyWrapperImpl) setSoftInputForceUpdatedFlag : in = false
07-10 00:40:04.282 13008 13008 I WindowsLink: (SystemPropertyWrapperImpl) setInputInjectorProperty : in = false
07-10 00:40:04.283 13008 13008 I WindowsLink: (SystemPropertyWrapperImpl) isInputInjectorPropertySet: in / ret = false
07-10 00:40:04.283 13008 13008 I WindowsLink: (SystemPropertyWrapperImpl) setInputInjectorProperty: Tried to false but the setting was not updated by this function. Skip changing.
07-10 00:40:04.283 13008 13008 I WindowsLink: (SystemPropertyWrapperImpl) setInputInjectorPropertyFlag : in = false
07-10 00:40:04.310  5674  9950 I AnrCollector: isAnrFileModifiedLater - anr_2023-07-08-08-51-15-186lastModified : 1688799075000, lastTimestamp : 1688933257688
07-10 00:40:04.312  5674  9950 I AnrCollector: isAnrFileModifiedLater - anr_2023-07-08-08-51-47-706lastModified : 1688799110000, lastTimestamp : 1688933257688
07-10 00:40:04.314  5674  6609 D SecContentProvider: query(), uri = 17 selection = isSettingsChangesAllowed
07-10 00:40:04.322  5674  9950 I AnrCollector: gatLastAnr - lastAnrFile : null
07-10 00:40:04.325  5674 13151 I AnrCollector: write : 0
07-10 00:40:04.326  5674 13151 I AnrCollector: mOut.close()
07-10 00:40:04.328 13008 13008 I WindowsLink: (CoverRepository) disableCoverManager() : false
07-10 00:40:04.333  5262  5262 E audit   : type=1400 audit(1688942404.329:69356): avc:  denied  { getopt } for  pid=5674 comm="WriteANRInfoThr" scontext=u:r:system_server:s0 tcontext=u:r:priv_app:s0:c512,c768 tclass=unix_stream_socket permissive=0 SEPF_SM-A515F_13_0001 audit_filtered
07-10 00:40:04.334 12063 12426 I WidgetProvider: updateWidget all widgets
07-10 00:40:04.357  5674  6609 D SEP_UNION_CoverManager_CoverDisabler: disableCoverManagerLocked : disable=false pkg=com.samsung.android.mdx token=android.os.BinderProxy@ed468e3
07-10 00:40:04.384 13068 13068 I Routine@Core[4.1.00.12]: Routine: Routine:onCreate: sIsDebugLevelMid=true, secLevel=false
07-10 00:40:04.394 13068 13068 I Routine@Core[4.1.00.12]: RoutineHistoryDumpImpl: [APPLICATION] Routine@Core[4.1.00.12](pid:13068) onCreate: sIsDebugLevelMid=true, secLevel=false
07-10 00:40:04.434 13068 13068 I Routine@Core[4.1.00.12]: SALogger: setConfiguration start
07-10 00:40:04.440 13068 13068 I Routine@Core[4.1.00.12]: SALogger: registerSharedPreferences
07-10 00:40:04.458 11611 11645 D Benchmark: THERMAL THROTTLE DETECTED, SLEEPING FOR 90 SECONDS
07-10 00:40:04.475 12753 12765 W System  : A resource failed to call close.
07-10 00:40:04.493  9809 10508 I DMASA[D][wl34fppqc3]: [DiagmonProvider]Received msg based on provider : registration / register_service
07-10 00:40:04.499  9809 10508 I DMASA[D][wl34fppqc3]: [DiagmonProvider]Signature Check Success
07-10 00:40:04.500  9809 10508 I DMASA[D][wl34fppqc3]: [DiagmonProvider]Action : Register service
07-10 00:40:04.505  9809 10508 I DMASA[D][wl34fppqc3]: [b]Service Agree: true
07-10 00:40:04.508  9809 10508 I DMASA[D][wl34fppqc3]: [b]Device ID is null or empty
07-10 00:40:04.508  9809 10508 I DMASA[D][wl34fppqc3]: [b]Tracking ID is null or empty
07-10 00:40:04.511  9809 10508 I DMASA[D][wl34fppqc3]: [DiagmonProvider]SERVICE INFO already registered to server [wl34fppqc3]
07-10 00:40:04.526 13068 13068 I Routine@Core[4.1.00.12]: SALogger: setConfiguration done
07-10 00:40:04.527 13068 13068 I DIAGMON_SDK[605054]: DiagMonAgent type: 2
07-10 00:40:04.529 13068 13068 I DIAGMON_SDK[605054][br23r9jsjw] : generated SR object
07-10 00:40:04.531 13068 13068 I CapsuleProvider_1.0.23: releasing initialize wait lock.
07-10 00:40:04.612 13068 13068 I Routine@Core[4.1.00.12]: BroadcastRegister: registerReceivers
07-10 00:40:04.617 13068 13068 I Routine@Core[4.1.00.12]: DeviceMemoryStatusHelper: updateStatus TotalMemory : + 3743662080, isLowMemoryDevice = true
07-10 00:40:04.624 13068 13161 I Routine@Core[4.1.00.12]: Pref: putSharedPrefsData() key=debug_mode_features
07-10 00:40:04.635 13068 13068 I SEP_UNION_SemUnionManager: initializeManagerMapData(10054) context = android.app.ContextImpl@3127a01
07-10 00:40:04.659 13068 13068 I SEP_UNION_SemUnionManager: getUnionService(semeventdelegator)
07-10 00:40:04.660 13068 13068 I SEP_UNION_SemUnionManager: getSemSystemService : semeventdelegator
07-10 00:40:04.662  5674  6609 D SEP_UNION_SemUnionMainServiceImpl: getSemSystemService - semeventdelegator
07-10 00:40:04.668 13068 13161 I Routine@Core[4.1.00.12]: DebugModeRepository: initialized.
07-10 00:40:04.669  5674  6522 D SEP_UNION_SemDeviceInfoManagerService: registerPendingIntentInternal() action = android.intent.action.PACKAGE_CHANGED, android.intent.action.PACKAGE_ADDED, android.intent.action.PACKAGE_FULLY_REMOVED, android.intent.action.MY_PACKAGE_REPLACED, android.intent.action.PACKAGE_REPLACED, android.intent.action.PACKAGE_REMOVED, callingPackage = com.samsung.android.app.routines, userId = 0, flag = 1, conditions = [com.samsung.android.app.routines, com.samsung.android.app.routineplus, com.samsung.android.smartmirroring, com.samsung.android.waterplugin, com.sec.android.app.clockpackage, com.samsung.android.mdx, com.android.settings, com.android.systemui, com.samsung.android.app.cocktailbarservice, com.samsung.android.lool, com.sec.android.app.soundalive, com.samsung.android.app.aodservice, com.samsung.android.app.smartwidget, com.samsung.android.service.aircommand, com.samsung.android.app.smartcapture, com.samsung.accessibility, com.sec.android.desktopmode.uiservice, com.samsung.android.honeyboard, com.samsung.android.heartplugin, com.samsung.android.fast, com.samsung.android.mdecservice, com.samsung.android.app.sharelive, com.samsung.android.app.dressroom]
07-10 00:40:04.669 13068 13068 I SEP_UNION_SemUnionManager: getUnionService(semeventdelegator)
07-10 00:40:04.670  5674  6522 D SEP_UNION_SemDeviceInfoManagerService: Same PendingIntent is in com.samsung.android.app.routines
07-10 00:40:04.671  5674  6522 D SEP_UNION_SemDeviceInfoManagerService: Same PendingIntent is in com.samsung.android.app.routines
07-10 00:40:04.671  5674  6522 D SEP_UNION_SemDeviceInfoManagerService: Same PendingIntent is in com.samsung.android.app.routines
07-10 00:40:04.671  5674  6522 D SEP_UNION_SemDeviceInfoManagerService: Same PendingIntent is in com.samsung.android.app.routines
07-10 00:40:04.671  5674  6522 D SEP_UNION_SemDeviceInfoManagerService: Same PendingIntent is in com.samsung.android.app.routines
07-10 00:40:04.671  5674  6522 D SEP_UNION_SemDeviceInfoManagerService: Same PendingIntent is in com.samsung.android.app.routines
07-10 00:40:04.672  5674  6522 D SEP_UNION_SemDeviceInfoManagerService: registerPendingIntentInternal() action = android.intent.action.DATE_CHANGED, callingPackage = com.samsung.android.app.routines, userId = 0, flag = 0, conditions = null
07-10 00:40:04.672  5674  6522 D SEP_UNION_SemDeviceInfoManagerService: Same PendingIntent is in com.samsung.android.app.routines
07-10 00:40:04.676 13068 13068 I SEP_UNION_SemUnionManager: getUnionService(semeventdelegator)
07-10 00:40:04.677  5674  9950 D SEP_UNION_SemDeviceInfoManagerService: registerPendingIntentInternal() action = android.intent.action.LOCALE_CHANGED, callingPackage = com.samsung.android.app.routines, userId = 0, flag = 0, conditions = null
07-10 00:40:04.678 13068 13161 I Routine@Core[4.1.00.12]: Routine: Routine::initWatchComplication - initializeWearFeature
07-10 00:40:04.679  5674  9950 D SEP_UNION_SemDeviceInfoManagerService: Same PendingIntent is in com.samsung.android.app.routines
07-10 00:40:04.681 13068 13068 I SEP_UNION_SemUnionManager: getUnionService(semeventdelegator)
07-10 00:40:04.682  5674  6609 D SEP_UNION_SemDeviceInfoManagerService: registerPendingIntentInternal() action = android.location.PROVIDERS_CHANGED, callingPackage = com.samsung.android.app.routines, userId = 0, flag = 0, conditions = null
07-10 00:40:04.684  5674  6609 D SEP_UNION_SemDeviceInfoManagerService: Same PendingIntent is in com.samsung.android.app.routines
07-10 00:40:04.684 13068 13068 I SEP_UNION_SemUnionManager: getUnionService(semeventdelegator)
07-10 00:40:04.684 12753 13115 W soft.appmanager: Long monitor contention with owner ForkJoinPool.commonPool-worker-5 (13116) at void com.microsoft.appmanager.experiments.ExpManagerImpl.refreshSync(org.joda.time.Duration)(ExpManagerImpl.java:35) waiters=0 in void com.microsoft.appmanager.experiments.ExpManagerImpl.refreshSync(org.joda.time.Duration) for 161ms
07-10 00:40:04.688  5674  9950 D SEP_UNION_SemDeviceInfoManagerService: registerPendingIntentInternal() action = android.intent.action.PACKAGE_DATA_CLEARED, callingPackage = com.samsung.android.app.routines, userId = 0, flag = 0, conditions = null
07-10 00:40:04.689  5674  9950 D SEP_UNION_SemDeviceInfoManagerService: Same PendingIntent is in com.samsung.android.app.routines
07-10 00:40:04.690 13068 13068 I SEP_UNION_SemUnionManager: getUnionService(semeventdelegator)
07-10 00:40:04.691 13008 13046 I DIAGMON_SDK[605056][wl34fppqc3] : Results : Success
07-10 00:40:04.692  5674  9950 D SEP_UNION_SemDeviceInfoManagerService: registerPendingIntentInternal() action = com.samsung.android.theme.themecenter.THEME_APPLY, callingPackage = com.samsung.android.app.routines, userId = 0, flag = 0, conditions = null
07-10 00:40:04.693  5674  9950 D SEP_UNION_SemDeviceInfoManagerService: Same PendingIntent is in com.samsung.android.app.routines
07-10 00:40:04.695 13068 13161 I Routine@Core[4.1.00.12]: WearSyncObserver: registerObservers: registered
07-10 00:40:04.696 13068 13161 I Routine@Core[4.1.00.12]: ModeManagerImpl: start(a4f75ce)
07-10 00:40:04.733 13068 13068 I Routine@Core[4.1.00.12]: LifestyleModeTileHelper: observeModeInfo
07-10 00:40:04.735 13068 13164 I Routine@Core[4.1.00.12]: ModeLocalDataSource: isCompanionWatchSupportModeMirror, result: false
07-10 00:40:04.735 13068 13164 I Routine@Core[4.1.00.12]: ModeManagerImpl: checkCapability, isSupportedCache: false
07-10 00:40:04.735 13068 13164 I Routine@Core[4.1.00.12]: ModeManagerImpl: updateState, isSupported: false
07-10 00:40:04.740 13068 13068 I Routine@Core[4.1.00.12]: Routine: registerModeMetaObserver:
07-10 00:40:04.745 13068 13068 I [RoutineSdk3.0-3.1.5]: RoutineSdkImpl: setHandler - conditionHandler initialized
07-10 00:40:04.745 13068 13068 I [RoutineSdk3.0-3.1.5]: RoutineSdkImpl: setHandler - actionHandler initialized
07-10 00:40:04.745 13068 13068 I Routine@Core[4.1.00.12]: LifestyleModeTileHelper: setLifestyleModeTile
07-10 00:40:04.747  5674  6522 D PackageManager: setEnabledSetting : userId = 0 packageName = com.samsung.android.app.routines cmp = com.samsung.android.app.routines.LifestyleModeTile newState = 1 callingPackage = 10054/com.samsung.android.app.routines
07-10 00:40:04.749  5674  6522 D ApplicationPolicy: getApplicationStateEnabled : pkg = com.samsung.android.app.routines userId : 0
07-10 00:40:04.750  5674  6522 D ApplicationPolicy: getApplicationComponentState : pkg = com.samsung.android.app.routines userId : 0
07-10 00:40:04.827 13068 13068 I Routine@Core[4.1.00.12]: RoutineHistoryDumpImpl: [PRELOAD_CONDITION_SERVICE] onCreate
07-10 00:40:04.830  5674  5745 W libprocessgroup: Failed to open /dev/blkio//cgroup.procs: No such file or directory
07-10 00:40:04.832 13068 13068 I Routine@Core[4.1.00.12]: UsageWatcherManager: updateUsageStateWatcher: 0
07-10 00:40:04.835 13068 13068 I Routine@Core[4.1.00.12]: UsageWatcherManager: unregisterUsageStatesWatcher mActivityWatcher=null
07-10 00:40:04.835 13068 13068 I Routine@Core[4.1.00.12]: Pref: removeSharedPrefsData() key=condition_launch_app_data_resume_pkg
07-10 00:40:04.836 13068 13068 I Routine@Core[4.1.00.12]: PreloadConditionService: onEnd: tag=launch_app, stop service.
07-10 00:40:04.846 13068 13068 I Routine@Core[4.1.00.12]: UsageWatcherManager: updateUsageStateWatcher: 0
07-10 00:40:04.847 13068 13068 I Routine@Core[4.1.00.12]: UsageWatcherManager: unregisterUsageStatesWatcher mActivityWatcher=null
07-10 00:40:04.847 13068 13068 I Routine@Core[4.1.00.12]: Pref: removeSharedPrefsData() key=condition_launch_game_data_resume_pkg
07-10 00:40:04.848 13068 13068 I Routine@Core[4.1.00.12]: PreloadConditionService: onEnd: tag=launch_game, stop service.
07-10 00:40:04.929 13068 13068 I Routine@Core[4.1.00.12]: RoutineHistoryDumpImpl: [PRELOAD_CONDITION_SERVICE] onStartCommand: START_NOT_STICKY. no running tags
07-10 00:40:05.018  5674  5879 D BluetoothManagerService: mDisableBleCallbacks count 20
07-10 00:40:05.019 12753 12753 I BluetoothAdapter: BluetoothAdapter() : com.microsoft.appmanager
07-10 00:40:05.028 13068 13068 I Routine@Core[4.1.00.12]: PreloadConditionService: onDestroy
07-10 00:40:05.028 12753 12753 I BluetoothAdapter: STATE_ON
07-10 00:40:05.029  5674  7726 D SemWifiUsabilityStatsMonitor: onWifiUsabilityStats - seqNum 21032, isSameBssidAndFreq true
07-10 00:40:05.030 13068 13068 I Routine@Core[4.1.00.12]: RoutineHistoryDumpImpl: [PRELOAD_CONDITION_SERVICE] onDestroy
07-10 00:40:05.035  5674  6128 I SemWifiLinkQualityMonitor: Link Qos Query: 0.047 ms / 168.831 Mbps (325 / 0.000 / 1.925)
07-10 00:40:05.151  9809 10508 I DMASA[D][br23r9jsjw]: [DiagmonProvider]Received msg based on provider : request_deviceid / request_deviceid
07-10 00:40:05.157  9809 10508 I DMASA[D][br23r9jsjw]: [DiagmonProvider]Signature Check Success
07-10 00:40:05.157  9809 10508 I DMASA[D][br23r9jsjw]: [DiagmonProvider]Action : Request deviceID
07-10 00:40:05.160  9809 10508 W DMASA[D][br23r9jsjw]: [DiagmonProvider]DeviceId failed : user binary or info null
07-10 00:40:05.219 13068 13153 I DIAGMON_SDK[605054][br23r9jsjw] : Agreement value: D
07-10 00:40:05.220 13068 13153 I DIAGMON_SDK[605054][br23r9jsjw] : Request Service Registration
07-10 00:40:05.309  9809 10508 I DMASA[D][br23r9jsjw]: [DiagmonProvider]Received msg based on provider : registration / register_service
07-10 00:40:05.315  9809 10508 I DMASA[D][br23r9jsjw]: [DiagmonProvider]Signature Check Success
07-10 00:40:05.315  9809 10508 I DMASA[D][br23r9jsjw]: [DiagmonProvider]Action : Register service
07-10 00:40:05.319  9809 10508 I DMASA[D][br23r9jsjw]: [b]Service Agree: true
07-10 00:40:05.320  9809 10508 I DMASA[D][br23r9jsjw]: [b]Device ID is null or empty
07-10 00:40:05.320  9809 10508 I DMASA[D][br23r9jsjw]: [b]Tracking ID is null or empty
07-10 00:40:05.322  9809 10508 I DMASA[D][br23r9jsjw]: [DiagmonProvider]SERVICE INFO already registered to server [br23r9jsjw]
07-10 00:40:05.390 13068 13153 I DIAGMON_SDK[605054][br23r9jsjw] : Results : Success
07-10 00:40:05.631 13008 13025 I WindowsLink: (YpcSignatureChecker) isSignatureAllowed in
07-10 00:40:05.633 13008 13025 I WindowsLink: (BaseContentProvider) call: method = capability_android_apps_on_windows / subMethod = capability_android_apps_on_windows
07-10 00:40:05.633 13008 13025 I WindowsLink: (BaseContentProvider) call: method = capability_android_apps_on_windows / subMethod = capability_android_apps_on_windows
07-10 00:40:05.642 13008 13025 I WindowsLink: (YpcSignatureChecker) isSignatureAllowed in
07-10 00:40:05.644 13008 13025 I WindowsLink: (BaseContentProvider) call: method = capability_remote_lock_simulation / subMethod = capability_remote_lock_simulation
07-10 00:40:05.645 13008 13025 I WindowsLink: (BaseContentProvider) call: method = capability_remote_lock_simulation / subMethod = capability_remote_lock_simulation
07-10 00:40:05.651  5674  6522 D PackageManager: setEnabledSetting : userId = 0 packageName = com.microsoft.appmanager cmp = com.microsoft.appmanager.StartUpCoreActivity newState = 2 callingPackage = 10142/com.microsoft.appmanager
07-10 00:40:05.665  5674  9950 D PackageManager: setEnabledSetting : userId = 0 packageName = com.microsoft.appmanager cmp = com.microsoft.appmanager.oem.account.AccountAuthenticatorService newState = 1 callingPackage = 10142/com.microsoft.appmanager
07-10 00:40:05.666  5674  9950 D ApplicationPolicy: getApplicationStateEnabled : pkg = com.microsoft.appmanager userId : 0
07-10 00:40:05.668 10639 10825 I SCS@AiSearch user 0: (IndexManager) [AOSP_MP-0] entering in deleteIndex():  ids.size():1
07-10 00:40:05.670 10639 10825 I SCS@AiSearch user 0: (IndexManager) getIndexWriter(): indexName com.google.android.providers.media
07-10 00:40:05.671  5674  9950 D ApplicationPolicy: getApplicationComponentState : pkg = com.microsoft.appmanager userId : 0
07-10 00:40:05.688 13008 13025 I WindowsLink: (YpcSignatureChecker) isSignatureAllowed in
07-10 00:40:05.688 13008 13025 I WindowsLink: (BaseContentProvider) call: method = WindowsLinkTileRequest@setStateFRE / subMethod = setStateFRE
07-10 00:40:05.689 13008 13025 I WindowsLink: (StateContentProvider) METHOD_SET_TILE_FRE in
07-10 00:40:05.704  5674  9950 D SecContentProvider: query(), uri = 17 selection = isSettingsChangesAllowed
07-10 00:40:05.731  5674  6213 D NetdEventListenerService: DNS Requested by : 118, 10142
07-10 00:40:05.743 12753 13194 D TrafficStats: tagSocket(84) with statsTag=0xffffffff, statsUid=-1
07-10 00:40:05.763  5353  5699 V APM_AudioPolicyManager: setAppState(portId:1005, state:1)
07-10 00:40:05.764  5674  5745 W libprocessgroup: Failed to open /dev/blkio//cgroup.procs: No such file or directory
07-10 00:40:05.776 13008 13025 I WindowsLink: (YpcSignatureChecker) isSignatureAllowed in
07-10 00:40:05.777 13008 13025 I WindowsLink: (BaseContentProvider) call: method = capability_tablet_support / subMethod = capability_tablet_support
07-10 00:40:05.777 13008 13025 I WindowsLink: (BaseContentProvider) call: method = capability_tablet_support / subMethod = capability_tablet_support
07-10 00:40:05.784 13008 13025 I WindowsLink: (YpcSignatureChecker) isSignatureAllowed in
07-10 00:40:05.785 13008 13025 I WindowsLink: (BaseContentProvider) call: method = capability_message_support / subMethod = capability_message_support
07-10 00:40:05.786 13008 13025 I WindowsLink: (BaseContentProvider) call: method = capability_message_support / subMethod = capability_message_support
07-10 00:40:05.938  5353  5699 V APM_AudioPolicyManager: setAppState(portId:1005, state:1)
07-10 00:40:05.944  5353  5699 V APM_AudioPolicyManager: setAppState(portId:1005, state:1)
07-10 00:40:05.954 13008 13025 I WindowsLink: (YpcSignatureChecker) isSignatureAllowed in
07-10 00:40:05.955 13008 13025 I WindowsLink: (BaseContentProvider) call: method = capability_tablet_support / subMethod = capability_tablet_support
07-10 00:40:05.955 13008 13025 I WindowsLink: (BaseContentProvider) call: method = capability_tablet_support / subMethod = capability_tablet_support
07-10 00:40:05.958 10639 10825 I SCS@AiSearch user 0: (IndexManager) [DELETE] indexName=[com.google.android.providers.media], #ids= 1
07-10 00:40:05.963 10639 10825 I SCS@AiSearch user 0: (IndexSearcherManager) [AOSP_MP-0] entering in refreshSearcherManager():  refreshSearcherManager for com.google.android.providers.media
07-10 00:40:05.963 10639 10825 I SCS@AiSearch user 0: (IndexSearcherManager) remove: indexName: com.google.android.providers.media
07-10 00:40:05.964 10639 10825 I SCS@AiSearch user 0: (IndexManager) getIndexWriter(): indexName com.google.android.providers.media
07-10 00:40:05.972 13008 13025 I WindowsLink: (YpcSignatureChecker) isSignatureAllowed in
07-10 00:40:05.972 13008 13025 I WindowsLink: (BaseContentProvider) call: method = capability_call_support / subMethod = capability_call_support
07-10 00:40:05.973 13008 13025 I WindowsLink: (BaseContentProvider) call: method = capability_call_support / subMethod = capability_call_support
07-10 00:40:05.979 13008 13025 I WindowsLink: (YpcSignatureChecker) isSignatureAllowed in
07-10 00:40:05.979 13008 13025 I WindowsLink: (BaseContentProvider) call: method = capability_tablet_support / subMethod = capability_tablet_support
07-10 00:40:05.979 13008 13025 I WindowsLink: (BaseContentProvider) call: method = capability_tablet_support / subMethod = capability_tablet_support
07-10 00:40:05.991 13008 13025 I WindowsLink: (YpcSignatureChecker) isSignatureAllowed in
07-10 00:40:05.992 13008 13025 I WindowsLink: (BaseContentProvider) call: method = capability_call_support / subMethod = capability_call_support
07-10 00:40:05.992 13008 13025 I WindowsLink: (BaseContentProvider) call: method = capability_call_support / subMethod = capability_call_support
07-10 00:40:05.999 12753 13212 D TrafficStats: tagSocket(95) with statsTag=0xffffffff, statsUid=-1
07-10 00:40:06.003  5674  6213 D NetdEventListenerService: DNS Requested by : 118, 10142
07-10 00:40:06.004 13008 13025 I WindowsLink: (YpcSignatureChecker) isSignatureAllowed in
07-10 00:40:06.005 13008 13025 I WindowsLink: (BaseContentProvider) call: method = capability_tablet_support / subMethod = capability_tablet_support
07-10 00:40:06.005 13008 13025 I WindowsLink: (BaseContentProvider) call: method = capability_tablet_support / subMethod = capability_tablet_support
07-10 00:40:06.016 13008 13025 I WindowsLink: (YpcSignatureChecker) isSignatureAllowed in
07-10 00:40:06.017 13008 13025 I WindowsLink: (BaseContentProvider) call: method = capability_call_support / subMethod = capability_call_support
07-10 00:40:06.017 13008 13025 I WindowsLink: (BaseContentProvider) call: method = capability_call_support / subMethod = capability_call_support
07-10 00:40:06.030 13008 13025 I WindowsLink: (YpcSignatureChecker) isSignatureAllowed in
07-10 00:40:06.031 13008 13025 I WindowsLink: (BaseContentProvider) call: method = capability_input_inject / subMethod = capability_input_inject
07-10 00:40:06.031 13008 13025 I WindowsLink: (BaseContentProvider) call: method = capability_input_inject / subMethod = capability_input_inject
07-10 00:40:06.047 13008 13025 I WindowsLink: (YpcSignatureChecker) isSignatureAllowed in
07-10 00:40:06.048 13008 13025 I WindowsLink: (BaseContentProvider) call: method = capability_black_screen_control / subMethod = capability_black_screen_control
07-10 00:40:06.048 13008 13025 I WindowsLink: (BaseContentProvider) call: method = capability_black_screen_control / subMethod = capability_black_screen_control
07-10 00:40:06.050  5674  6213 D NetdEventListenerService: DNS Requested by : 118, 10142
07-10 00:40:06.052 12753 13213 D TrafficStats: tagSocket(96) with statsTag=0xffffffff, statsUid=-1
07-10 00:40:06.060 13008 13025 I WindowsLink: (YpcSignatureChecker) isSignatureAllowed in
07-10 00:40:06.061 13008 13025 I WindowsLink: (BaseContentProvider) call: method = capability_clipboard_redirector / subMethod = capability_clipboard_redirector
07-10 00:40:06.062 13008 13025 I WindowsLink: (BaseContentProvider) call: method = capability_clipboard_redirector / subMethod = capability_clipboard_redirector
07-10 00:40:06.074 13008 13025 I WindowsLink: (YpcSignatureChecker) isSignatureAllowed in
07-10 00:40:06.075 13008 13025 I WindowsLink: (BaseContentProvider) call: method = capability_drag_and_drop_broker / subMethod = capability_drag_and_drop_broker
07-10 00:40:06.076 13008 13025 I WindowsLink: (BaseContentProvider) call: method = capability_drag_and_drop_broker / subMethod = capability_drag_and_drop_broker
07-10 00:40:06.233 12753 13211 D TrafficStats: tagSocket(99) with statsTag=0xffffffff, statsUid=-1
07-10 00:40:06.282  5674  9950 D PackageManager: setEnabledSetting : userId = 0 packageName = com.microsoft.appmanager cmp = com.microsoft.mmx.agents.PhoneNotificationsListenerService newState = 1 callingPackage = 10142/com.microsoft.appmanager
07-10 00:40:06.285  5674  9950 D ApplicationPolicy: getApplicationStateEnabled : pkg = com.microsoft.appmanager userId : 0
07-10 00:40:06.287  5674  9950 D ApplicationPolicy: getApplicationComponentState : pkg = com.microsoft.appmanager userId : 0
07-10 00:40:06.291  5674  6522 D PackageManager: setEnabledSetting : userId = 0 packageName = com.microsoft.appmanager cmp = com.microsoft.mmx.agents.notifications.messenger.PhoneNotificationMessengerService newState = 1 callingPackage = 10142/com.microsoft.appmanager
07-10 00:40:06.292  5674  6522 D ApplicationPolicy: getApplicationStateEnabled : pkg = com.microsoft.appmanager userId : 0
07-10 00:40:06.293  5674  6522 D ApplicationPolicy: getApplicationComponentState : pkg = com.microsoft.appmanager userId : 0
07-10 00:40:06.352  5674  6213 D NetdEventListenerService: DNS Requested by : 118, 10142
07-10 00:40:06.362 10639 10825 I SCS@AiSearch user 0: (IndexSearcherManager) Searcher created successfully for com.google.android.providers.media
07-10 00:40:06.362 10639 10825 I SCS@AiSearch user 0: (IndexSearcherManager) [AOSP_MP-0] leaving from refreshSearcherManager():
07-10 00:40:06.363 10639 10825 I SCS@AiSearch user 0: (IndexManager) [AOSP_MP-0] entering in waitUntilCommitTaskFinished (idx=com.google.android.providers.media)():
07-10 00:40:06.366 10639 13233 I SCS@AiSearch user 0: (IndexManager) [pool-14-thread-1] entering in commitIndexWriter():
07-10 00:40:06.373  5674  5745 W libprocessgroup: Failed to open /dev/blkio//cgroup.procs: No such file or directory
07-10 00:40:06.426 12753 12753 I WallpaperResourcesInfo: parsingJson: [{"isDefault":true,"index":0,"which":1,"screen":0,"type":0,"filename":"default_wallpaper.png","frame_no":-1,"cmf_info":[""]},{"isDefault":true,"index":1,"which":2,"screen":0,"type":8,"filename":"video_black.mp4","frame_no":0,"cmf_info":[""]},{"isDefault":false,"index":2,"which":2,"screen":0,"type":8,"filename":"video_silver.mp4","frame_no":22,"cmf_info":["ms"]},{"isDefault":false,"index":3,"which":1,"screen":0,"type":0,"filename":"default_wallpaper_silver.png","frame_no":-1,"cmf_info":["ms"]},{"isDefault":false,"index":4,"which":1,"screen":0,"type":0,"filename":"essential_built_in_wallpaper_1.png","frame_no":-1,"cmf_info":[""]},{"isDefault":false,"index":5,"which":1,"screen":0,"type":0,"filename":"essential_built_in_wallpaper_2.png","frame_no":-1,"cmf_info":[""]},{"isDefault":false,"index":6,"which":1,"screen":0,"type":0,"filename":"essential_built_in_wallpaper_3.png","frame_no":-1,"cmf_info":[""]},{"isDefault":false,"index":7,"which":1,"screen":0,"type":0,"filename":"essential_built_in_wallpaper_4.png","frame_no":-1,"cmf_info":[""]}]
07-10 00:40:06.444 10639 13233 I SCS@AiSearch user 0: (IndexManager) [pool-14-thread-1] leaving from commitIndexWriter():
07-10 00:40:06.445 10639 10825 I SCS@AiSearch user 0: (IndexManager) [AOSP_MP-0] leaving from waitUntilCommitTaskFinished (idx=com.google.android.providers.media)():
07-10 00:40:06.450 10639 10825 I SCS@AiSearch user 0: (BaseCollector::AOSP_MP) syncDeletedItems: deleted items = 1
07-10 00:40:06.450 10639 10825 I SCS@AiSearch user 0: (SyncCursor) [AOSP_MP-0] entering in close():
07-10 00:40:06.469 13008 13025 I WindowsLink: (YpcSignatureChecker) isSignatureAllowed in
07-10 00:40:06.471 13008 13025 I WindowsLink: (BaseContentProvider) call: method = method_get_connected_action_intent_name / subMethod = method_get_connected_action_intent_name
07-10 00:40:06.477 13008 13025 I WindowsLink: (YpcSignatureChecker) isSignatureAllowed in
07-10 00:40:06.478 13008 13025 I WindowsLink: (BaseContentProvider) call: method = capability_bluetooth_transport / subMethod = capability_bluetooth_transport
07-10 00:40:06.478 13008 13025 I WindowsLink: (BaseContentProvider) call: method = capability_bluetooth_transport / subMethod = capability_bluetooth_transport
07-10 00:40:06.479  5674 10616 D [RAMS]RemoteAppModeService: isAllowed = true
07-10 00:40:06.490 10639 10825 I SCS@AiSearch user 0: (SyncCursor) [AOSP_MP-0] leaving from close():
07-10 00:40:06.497 10639 10825 I SCS@AiSearch user 0: (BaseCollector::AOSP_MP) fetch: fetching took  37828 ms
07-10 00:40:06.498 10639 10825 I SCS@AiSearch user 0: (BaseCollector::AOSP_MP) fetchChanges: applied 1 items
07-10 00:40:06.800 13008 13025 I WindowsLink: (YpcSignatureChecker) isSignatureAllowed in
07-10 00:40:06.801 13008 13025 I WindowsLink: (BaseContentProvider) call: method = capability_proximity / subMethod = capability_proximity
07-10 00:40:06.801 13008 13025 I WindowsLink: (BaseContentProvider) call: method = capability_proximity / subMethod = capability_proximity
07-10 00:40:06.803  5674 10616 D [RAMS]RemoteAppModeService: isAllowed = true
07-10 00:40:06.810 13008 13020 W System  : A resource failed to call close.
07-10 00:40:06.836 13008 13025 I WindowsLink: (YpcSignatureChecker) isSignatureAllowed in
07-10 00:40:06.836 13008 13025 I WindowsLink: (BaseContentProvider) call: method = capability_proximity / subMethod = capability_proximity
07-10 00:40:06.837 13008 13025 I WindowsLink: (BaseContentProvider) call: method = capability_proximity / subMethod = capability_proximity
07-10 00:40:06.838  5674 10616 D [RAMS]RemoteAppModeService: isAllowed = true
07-10 00:40:06.846 13008 13025 I WindowsLink: (YpcSignatureChecker) isSignatureAllowed in
07-10 00:40:06.847 13008 13025 I WindowsLink: (BaseContentProvider) call: method = capability_proximity / subMethod = capability_proximity
07-10 00:40:06.847 13008 13025 I WindowsLink: (BaseContentProvider) call: method = capability_proximity / subMethod = capability_proximity
07-10 00:40:06.849  5674 10616 D [RAMS]RemoteAppModeService: isAllowed = true
07-10 00:40:06.887  5353  5699 V APM_AudioPolicyManager: setAppState(portId:1005, state:1)
07-10 00:40:06.888  5353  5699 V APM_AudioPolicyManager: setAppState(portId:1005, state:1)
07-10 00:40:06.891  5353  5543 V APM_AudioPolicyManager: setAppState(portId:1005, state:1)
07-10 00:40:06.902  5287  5287 D Zygote  : Forked child process 13249
07-10 00:40:06.951 13249 13249 I id.bixby.wakeup: Using CollectorTypeCC GC.
07-10 00:40:06.952  9837 10033 I SemDvfsHyPerManager: acquire hyper - SIOP_GPU_FREQ_MAX/9837@4, type = 536875010
07-10 00:40:06.952  5313  5394 I HYPER-HAL: [RequestManager.cpp]acquire(): Acquired ID : 48427565  [9837 / 4]    HINT :      list : [GPUMaxFreq / 839000]
07-10 00:40:06.953  9837 10033 I SemDvfsHyPerManager: acquire hyper - SIOP_ARM_MAX/9837@2, type = 301993986
07-10 00:40:06.956  5313  5394 I HYPER-HAL: [RequestManager.cpp]acquire(): Acquired ID : 48407882  [9837 / 2]    HINT :      list : [CPUMaxFreq / 2184000]
07-10 00:40:06.960 13249 13249 E id.bixby.wakeup: Not starting debugger since process cannot load the jdwp agent.
07-10 00:40:06.965  4613  4613 W keymaster_tee: [WRN]begin req PARAMS: A32 B32 P1
07-10 00:40:06.968 13249 13249 W libc    : Access denied finding property "sys.perf.boostopt"
07-10 00:40:06.968  5262  5262 E audit   : type=1400 audit(1688942406.965:69357): avc:  denied  { read } for  pid=13249 comm="id.bixby.wakeup" name="u:object_r:perf_prop:s0" dev="tmpfs" ino=10663 scontext=u:r:system_app:s0 tcontext=u:object_r:perf_prop:s0 tclass=file permissive=0 SEPF_SM-A515F_13_0001 audit_filtered
07-10 00:40:06.968  5262  5262 E audit   : type=1300 audit(1688942406.965:69357): arch=c00000b7 syscall=56 success=no exit=-13 a0=ffffff9c a1=7fcf7d5458 a2=88000 a3=0 items=0 ppid=5287 pid=13249 auid=4294967295 uid=1000 gid=1000 euid=1000 suid=1000 fsuid=1000 egid=1000 sgid=1000 fsgid=1000 tty=(none) ses=4294967295 comm="id.bixby.wakeup" exe="/system/bin/app_process64" subj=u:r:system_app:s0 key=(null)
07-10 00:40:06.968  5262  5262 E audit   : type=1327 audit(1688942406.965:69357): proctitle="zygote64"
07-10 00:40:06.969 13249 13263 W libc    : Access denied finding property "sys.perf.boostopt"
07-10 00:40:06.970  5262  5262 E audit   : type=1400 audit(1688942406.965:69358): avc:  denied  { read } for  pid=13249 comm="binder:13249_1" name="u:object_r:perf_prop:s0" dev="tmpfs" ino=10663 scontext=u:r:system_app:s0 tcontext=u:object_r:perf_prop:s0 tclass=file permissive=0 SEPF_SM-A515F_13_0001 audit_filtered
07-10 00:40:06.972 13249 13249 D ActivityThread: setConscryptValidator
07-10 00:40:06.972 13249 13249 D ActivityThread: setConscryptValidator - put
07-10 00:40:06.985  4613  4613 W keymaster_tee: [WRN]begin req PARAMS: A32 B32 P1
07-10 00:40:07.004 13249 13264 W libc    : Access denied finding property "sys.perf.boostopt"
07-10 00:40:07.008 13249 13249 D CompatibilityChangeReporter: Compat change id reported: 171979766; UID 1000; state: ENABLED
07-10 00:40:07.021  4613  4613 W keymaster_tee: [WRN]begin req PARAMS: A32 B32 P1
07-10 00:40:07.072  4613  4613 W keymaster_tee: [WRN]begin req PARAMS: A32 B32 P1
07-10 00:40:07.092  4613  4613 W keymaster_tee: [WRN]begin req PARAMS: A32 B32 P1
07-10 00:40:07.106  4613  4613 W keymaster_tee: [WRN]begin req PARAMS: A32 B32 P1
07-10 00:40:07.124 12753 13115 I EngineFactory: Provider GmsCore_OpenSSL not available
07-10 00:40:07.258 12753 13194 D TrafficStats: tagSocket(105) with statsTag=0xd83ddc19, statsUid=-1
07-10 00:40:07.263  5674  6213 D NetdEventListenerService: DNS Requested by : 118, 10142
07-10 00:40:07.267 13249 13249 I SummaryContentProvider: Ph_onCreate [main]
07-10 00:40:07.306  5674  9950 D PackageManager: setEnabledSetting : userId = 0 packageName = com.samsung.android.bixby.wakeup cmp = androidx.work.impl.background.systemjob.SystemJobService newState = 1 callingPackage = 1000/com.samsung.android.bixby.wakeup
07-10 00:40:07.308  5674  9950 D ApplicationPolicy: getApplicationStateEnabled : pkg = com.samsung.android.bixby.wakeup userId : 0
07-10 00:40:07.309  5674  9950 D ApplicationPolicy: getApplicationComponentState : pkg = com.samsung.android.bixby.wakeup userId : 0
07-10 00:40:07.318  5674  5690 I system_server: Background young concurrent copying GC freed 168880(14MB) AllocSpace objects, 18(420KB) LOS objects, 7% free, 117MB/127MB, paused 847us,441us total 102.666ms
07-10 00:40:07.327 13249 13249 I BWU@VoiceWakeupApp: Ph_onCreate() [main]
07-10 00:40:07.332 13249 13249 I BWU@VoiceWakeupApp: Ph_2.1.45.16 [main]
07-10 00:40:07.343 13249 13249 I BWU@DeviceInfo: Ph_salesCode  = SER [main]
07-10 00:40:07.349 13249 13249 I BWU@DeviceInfo: Ph_isShopDemo : false [main]
07-10 00:40:07.351 13249 13249 I BWU@DeviceInfo: Ph_isVzwShopDemo : false [main]
07-10 00:40:07.352 13249 13249 I BWU@DeviceInfo: Ph_productCode : SM-A515FZKMSER [main]
07-10 00:40:07.355 13249 13249 I BWU@DeviceInfo: Ph_salesCode  = SER [main]
07-10 00:40:07.356 13249 13249 I BWU@DeviceInfo: Ph_isShopDemo : false [main]
07-10 00:40:07.357 13249 13249 I BWU@DeviceInfo: Ph_isVzwShopDemo : false [main]
07-10 00:40:07.357 13249 13249 I BWU@DeviceInfo: Ph_productCode : SM-A515FZKMSER [main]
07-10 00:40:07.393  5674  9950 I SoundTriggerMiddlewareLogging: listModules[this=com.android.server.soundtrigger_middleware.SoundTriggerMiddlewareImpl@5a73e1, client=android.media.permission.Identity{uid: 1000, pid: 13249, packageName: null, attributionTag: null}]() -> [  ]
07-10 00:40:07.395 13249 13249 I BWU@VoiceWakeupInfo: Ph_isDspModuleEnabled() : false [main]
07-10 00:40:07.398 13249 13249 I BWU@VoiceWakeupInfo: Ph_setDSPSupport() : false [main]
07-10 00:40:07.404 13249 13249 I BWU@VoiceWakeupApp: Ph_setDefaultUncaughtExceptionHandler com.samsung.android.voicewakeup.util.VoiceWakeupApp$a@b90c45d [main]
07-10 00:40:07.428  5674  5743 I libprocessgroup: Successfully killed process cgroup uid 10222 pid 11253 in 4ms
07-10 00:40:07.441 13249 13279 I SEP_UNION_SemUnionManager: initializeManagerMapData(1000) context = android.app.ContextImpl@5fc49a0
07-10 00:40:07.442 13249 13278 I DIAGMON_SDK[605054]: DiagMonAgent type: 2
07-10 00:40:07.443 13249 13278 I DIAGMON_SDK[605054][797-397-529898] : generated SR object
07-10 00:40:07.447  5287  5287 D Zygote  : Forked child process 13283
07-10 00:40:07.454 13249 13279 I SEP_UNION_SemUnionManager: getUnionService(semcustomdump)
07-10 00:40:07.456 13249 13279 I SEP_UNION_SemCustomDumpManager: setDumpState : /data/log/BixbyWakeup.log
07-10 00:40:07.457  5674 10616 D SEP_UNION_SemUnionMainServiceImpl: setDumpEnabled = Wakeup
07-10 00:40:07.458  5674 10616 D SEP_UNION_SemUnionMainServiceImpl: setDumpEnabled Already Exist
07-10 00:40:07.459 13249 13279 I SEP_UNION_SemCustomDumpManager: setDumpState : /data/log/BixbyWakeupSettings.log
07-10 00:40:07.459  5674 10616 D SEP_UNION_SemUnionMainServiceImpl: setDumpEnabled = WakeupSetting
07-10 00:40:07.459  5674 10616 D SEP_UNION_SemUnionMainServiceImpl: setDumpEnabled Already Exist
07-10 00:40:07.493  5674  6055 D ConnectivityService: releasing NetworkRequest [ REQUEST id=16416, [ Capabilities: INTERNET&NOT_RESTRICTED&TRUSTED&NOT_VCN_MANAGED Uid: 10222 RequestorUid: 10222 RequestorPkg: ru.yandex.searchplugin UnderlyingNetworks: Null] ] (release request)
07-10 00:40:07.495  5674  6055 D ConnectivityService:  Removing from current network [118 WIFI], leaving 155 requests.
07-10 00:40:07.495  5287  5287 I Zygote  : Process 11253 exited due to signal 9 (Killed)
07-10 00:40:07.496 13283 13283 I oid.ipsgeofence: Using CollectorTypeCC GC.
07-10 00:40:07.507 13283 13283 E oid.ipsgeofence: Not starting debugger since process cannot load the jdwp agent.
07-10 00:40:07.513  5674  5743 I libprocessgroup: Successfully killed process cgroup uid 10226 pid 5255 in 9ms
07-10 00:40:07.520 13283 13283 W libc    : Access denied finding property "sys.perf.boostopt"
07-10 00:40:07.521 13283 13297 W libc    : Access denied finding property "sys.perf.boostopt"
07-10 00:40:07.524 13283 13283 D ActivityThread: setConscryptValidator
07-10 00:40:07.524 13283 13283 D ActivityThread: setConscryptValidator - put
07-10 00:40:07.539  5287  5287 I Zygote  : Process 5255 exited due to signal 9 (Killed)
07-10 00:40:07.555 13283 13297 W libc    : Access denied finding property "sys.perf.boostopt"
07-10 00:40:07.558 13283 13299 W libc    : Access denied finding property "sys.perf.boostopt"
07-10 00:40:07.560 13283 13283 D CompatibilityChangeReporter: Compat change id reported: 171979766; UID 5022; state: ENABLED
07-10 00:40:07.597  9809 10508 I DMASA[D][797-397-529898]: [DiagmonProvider]Received msg based on provider : request_deviceid / request_deviceid
07-10 00:40:07.604  9809 10508 I DMASA[D][797-397-529898]: [DiagmonProvider]Signature Check Success
07-10 00:40:07.605  9809 10508 I DMASA[D][797-397-529898]: [DiagmonProvider]Action : Request deviceID
07-10 00:40:07.607  9809 10508 W DMASA[D][797-397-529898]: [DiagmonProvider]DeviceId failed : user binary or info null
07-10 00:40:07.639 13249 13282 I DIAGMON_SDK[605054][797-397-529898] : Agreement value: D
07-10 00:40:07.639 13249 13282 I DIAGMON_SDK[605054][797-397-529898] : Request Service Registration
07-10 00:40:07.670  9809 10508 I DMASA[D][797-397-529898]: [DiagmonProvider]Received msg based on provider : registration / register_service
07-10 00:40:07.672  9809 10508 I DMASA[D][797-397-529898]: [DiagmonProvider]Signature Check Success
07-10 00:40:07.672  9809 10508 I DMASA[D][797-397-529898]: [DiagmonProvider]Action : Register service
07-10 00:40:07.673  9809 10508 I DMASA[D][797-397-529898]: [b]Service Agree: true
07-10 00:40:07.674  9809 10508 I DMASA[D][797-397-529898]: [b]Device ID is null or empty
07-10 00:40:07.675  9809 10508 I DMASA[D][797-397-529898]: [b]Tracking ID is null or empty
07-10 00:40:07.677  9809 10508 I DMASA[D][797-397-529898]: [DiagmonProvider]SERVICE INFO already registered to server [797-397-529898]
07-10 00:40:07.688 13249 13282 I DIAGMON_SDK[605054][797-397-529898] : Results : Success
07-10 00:40:07.780 13283 13283 I [IPSA] CommonUtil: setApplication
07-10 00:40:07.940 13283 13283 I FirebaseInitProvider: FirebaseApp initialization successful
07-10 00:40:07.981  5674  6593 D PackageManager: setEnabledSetting : userId = 0 packageName = com.samsung.android.ipsgeofence cmp = androidx.work.impl.background.systemjob.SystemJobService newState = 1 callingPackage = 5022/com.samsung.android.ipsgeofence
07-10 00:40:07.982  5674  6593 D ApplicationPolicy: getApplicationStateEnabled : pkg = com.samsung.android.ipsgeofence userId : 0
07-10 00:40:07.984  5674  6593 D ApplicationPolicy: getApplicationComponentState : pkg = com.samsung.android.ipsgeofence userId : 0
07-10 00:40:08.044 13283 13283 I [IPSA-C] IpsApplication: onCreate : is official=true, is debug=false, feature_vi=true, mcc=220, IPS is available, feature_ea=true
07-10 00:40:08.057  5674  7726 D SemWifiUsabilityStatsMonitor: onWifiUsabilityStats - seqNum 21033, isSameBssidAndFreq true
07-10 00:40:08.059  5674  6128 I SemWifiLinkQualityMonitor: Link Qos Query: 0.028 ms / 284.831 Mbps (325 / 0.000 / 1.141)
07-10 00:40:08.163  4613  4613 W keymaster_tee: [WRN]begin req PARAMS: A32 B32 P1
07-10 00:40:08.193  4613  4613 W keymaster_tee: [WRN]begin req PARAMS: A32 B32 P1
07-10 00:40:08.212 13283 13283 I k5.a0   : Provider GmsCore_OpenSSL not available
07-10 00:40:08.259 13283 13283 I [IPSA] DebugMenuPrefs: getDebugModeEnabled : false
07-10 00:40:08.263 13283 13283 I [IPSA-C] IpsApplication: onCreate : all ids are exist
07-10 00:40:08.285  4613  4613 W keymaster_tee: [WRN]begin req PARAMS: A32 B2 P64
07-10 00:40:08.298 13283 13283 I [IPSA-C] IpsGeofenceGeofenceDb: getRoomDb
07-10 00:40:08.327 13283 13283 I [IPSA-C] IpsUtilityFunction: checkSelfLocationPermission: current=true, last=true
07-10 00:40:08.332 13283 13283 I [IPSA-C] ClientDataClearedEventReceiver: onReceive
07-10 00:40:08.375  4613  4613 W keymaster_tee: [WRN]begin req PARAMS: A32 B2 P64
07-10 00:40:08.386 13283 13327 I [IPSA-C] IpsGeofenceMainDb: getMainDb
07-10 00:40:08.603 10639 10825 I SCS@AiSearch user 0: (BaseCollector::AOSP_MP) doesDataKeepChanging: postpone count: 0 - source count: very first = 26350, previous = 26350, current = 26350
07-10 00:40:08.603 10639 10825 I SCS@AiSearch user 0: (BaseCollector::AOSP_MP) [AOSP_MP-0] entering in collectChanges():
07-10 00:40:08.605 13283 13327 W [IPSA-C] ClientEventReceiverUtil: cleanPackageContext : clientInfo for org.jetbrains.android_benchmark.test is null
07-10 00:40:08.606 13283 13283 I [IPSA-C] ClientDataClearedEventReceiver: onReceive : is client data removed? false
07-10 00:40:08.620  5353  5699 V APM_AudioPolicyManager: setAppState(portId:1005, state:1)
07-10 00:40:08.637  5353  5699 V APM_AudioPolicyManager: setAppState(portId:1005, state:1)
07-10 00:40:08.641 10639 10639 I SCS@AiSearch user 0: (PackageBroadcastReceiver) onReceive android.intent.action.PACKAGE_DATA_CLEARED
07-10 00:40:08.641 10639 10639 I SCS@AiSearch user 0: (PackageBroadcastReceiver) packageName: org.jetbrains.android_benchmark.test
07-10 00:40:08.673  5287  5287 D Zygote  : Forked child process 13328
07-10 00:40:08.678  5287  5287 I Zygote  : Process 11179 exited due to signal 9 (Killed)
07-10 00:40:08.681  5674  5743 I libprocessgroup: Successfully killed process cgroup uid 10271 pid 11179 in 51ms
07-10 00:40:08.711 13328 13328 I ng.storyservice: Using CollectorTypeCC GC.
07-10 00:40:08.718 13328 13328 E ng.storyservice: Not starting debugger since process cannot load the jdwp agent.
07-10 00:40:08.726 13328 13328 W libc    : Access denied finding property "sys.perf.boostopt"
07-10 00:40:08.727  5262  5262 E audit   : type=1400 audit(1688942408.725:69364): avc:  denied  { read } for  pid=13328 comm="ng.storyservice" name="u:object_r:perf_prop:s0" dev="tmpfs" ino=10663 scontext=u:r:platform_app:s0:c512,c768 tcontext=u:object_r:perf_prop:s0 tclass=file permissive=0 SEPF_SM-A515F_13_0001 audit_filtered
