07-10 00:41:56.130 11611 11645 I TestRunner: started: valuePreserveBoxDouble(org.jetbrains.android_benchmark.AckermannBenchmark)
07-10 00:41:56.132 11611 11611 I MonitoringInstr: Activities that are still in CREATED to STOPPED: 1
07-10 00:41:56.132 11611 11611 I MonitoringInstr: Finishing activity: androidx.benchmark.IsolationActivity@c9a4959
07-10 00:41:56.137 11611 11645 I GrantPermissionCallable: Permission: android.permission.WRITE_EXTERNAL_STORAGE is already granted!
07-10 00:41:56.137 11611 11645 I GrantPermissionCallable: Permission: android.permission.READ_EXTERNAL_STORAGE is already granted!
07-10 00:41:56.137 11611 11645 D Benchmark: -- Running org.jetbrains.android_benchmark.AckermannBenchmark#valuePreserveBoxDouble --
07-10 00:41:56.138 11611 11645 D PerfettoCapture: Supported ABIs: arm64-v8a, armeabi-v7a, armeabi
07-10 00:41:56.138 11611 11645 D PerfettoCapture: Recording perfetto trace
07-10 00:41:56.180 11611 11645 I PerfettoCapture: Cleanup perfetto before starting.
07-10 00:41:56.390 11611 11645 I PerfettoCapture: Perfetto output file cleanup -
07-10 00:41:56.391 11611 11645 I PerfettoCapture: Starting perfetto tracing with cmd: cat /storage/emulated/0/Android/data/org.jetbrains.android_benchmark.test/cache/trace_config.pb | perfetto --background -c - -o /data/misc/perfetto-traces/trace_output.pb
07-10 00:41:56.509  5674  5745 W libprocessgroup: Failed to open /dev/blkio//cgroup.procs: No such file or directory
07-10 00:41:56.510  5353  6075 V APM_AudioPolicyManager: setAppState(portId:1005, state:1)
07-10 00:41:56.527 10639 10639 I SCS@AiSearch user 0: (ObserverWorker::AOSP_MP) [main] entering in startWork():
07-10 00:41:56.528 10639 10639 I SCS@AiSearch user 0: (BaseCollector::AOSP_MP) [main] entering in onChange():
07-10 00:41:56.528 10639 10825 I SCS@AiSearch user 0: (BaseCollector::AOSP_MP) [AOSP_MP-0] entering in collectChanges():
07-10 00:41:56.543  5674  9952 D PackageManager: setEnabledSetting : userId = 0 packageName = com.samsung.android.scs cmp = androidx.work.impl.background.systemalarm.RescheduleReceiver newState = 1 callingPackage = 10380/com.samsung.android.scs
07-10 00:41:56.545  5674  9952 D ApplicationPolicy: getApplicationStateEnabled : pkg = com.samsung.android.scs userId : 0
07-10 00:41:56.547  5674  9952 D ApplicationPolicy: getApplicationComponentState : pkg = com.samsung.android.scs userId : 0
07-10 00:41:56.553 14379 14379 I perfetto:    perfetto_cmd.cc:1001 Connected to the Perfetto traced service, starting tracing
07-10 00:41:56.555  5436  5436 I perfetto: ing_service_impl.cc:953 Configured tracing session 280, #sources:4, duration:0 ms, #buffers:2, total buffer size:36864 KB, total sessions:1, uid:2000 session name: ""
07-10 00:41:56.556  5424  5424 I perfetto:  probes_producer.cc:139 Ftrace setup (target_buf=559)
07-10 00:41:56.588 11611 11645 I PerfettoCapture: Perfetto output - 14379
07-10 00:41:56.588 11611 11645 I PerfettoCapture: EXITCODE=0
07-10 00:41:56.611  4380  4380 I hwservicemanager: getTransport: Cannot find entry android.hardware.atrace@1.0::IAtraceDevice/default in either framework or device VINTF manifest.
07-10 00:41:56.636  5424  5424 I perfetto:    ftrace_procfs.cc:335 enabled ftrace in /sys/kernel/tracing/
07-10 00:41:56.683 11611 11645 I PerfettoCapture: Perfetto tracing started successfully with pid 14379.
07-10 00:41:56.695 10639 10825 I SCS@AiSearch user 0: (BaseCollector::AOSP_MP) fetchInternal values : maxSyncId: 1000028446 indexCount: 19466 sourceCount: 19466
07-10 00:41:56.765 11611 11645 I PerfettoCapture: /sys/kernel/tracing/tracing_on = 1, polled 0 times, capture fully started
07-10 00:41:56.766 11611 11645 D Benchmark: Set 11645 (Bench thread) to priority -20. Was -8, now -20
07-10 00:41:56.766 11611 11645 D Benchmark: Set 11624 (Jit) to priority -15. Was 9, now -15
07-10 00:41:56.797 11611 11645 I _benchmark.test: Explicit concurrent copying GC freed 628(140KB) AllocSpace objects, 0(0B) LOS objects, 67% free, 2930KB/9074KB, paused 323us,79us total 30.367ms
07-10 00:41:56.812 10639 10825 I SCS@AiSearch user 0: (IndexManager) [AOSP_MP-0] entering in addIndex():
07-10 00:41:56.818 10639 10825 I SCS@AiSearch user 0: (BaseCollector::AOSP_MP) fetch: fetching took  203 ms
07-10 00:41:56.819 10639 10825 I SCS@AiSearch user 0: (BaseCollector::AOSP_MP) fetchChanges: applied 0 items
07-10 00:41:56.819 10639 10825 I SCS@AiSearch user 0: (BaseCollector::AOSP_MP) Collect finished. Result: true
07-10 00:41:56.821 10639 10825 I SCS@AiSearch user 0: (BaseCollector::AOSP_MP) enqueue ObserverWorker name: com.sec.android.app.myfiles, policy: APPEND_OR_REPLACE
07-10 00:41:56.821 10639 10779 I WM-WorkerWrapper: Worker result SUCCESS for Work [ id=16db4b27-4f67-4e8a-af4a-094d0eee2fdd, tags={ com.sec.android.app.myfiles, com.samsung.android.scs.ai.search.data.collector.ObserverWorker } ]
07-10 00:41:56.834  5353  6075 V APM_AudioPolicyManager: setAppState(portId:1005, state:1)
07-10 00:41:56.840  5353  6075 V APM_AudioPolicyManager: setAppState(portId:1005, state:1)
07-10 00:41:56.894  5674  9957 D PackageManager: setEnabledSetting : userId = 0 packageName = com.samsung.android.scs cmp = androidx.work.impl.background.systemalarm.RescheduleReceiver newState = 1 callingPackage = 10380/com.samsung.android.scs
07-10 00:41:56.897  5674  9957 D ApplicationPolicy: getApplicationStateEnabled : pkg = com.samsung.android.scs userId : 0
07-10 00:41:56.900  5674  9957 D ApplicationPolicy: getApplicationComponentState : pkg = com.samsung.android.scs userId : 0
07-10 00:41:56.989 31135 32652 I native  : I0000 00:00:1688942516.989339   32652 soda_async_impl.cc:1540] Current audio timestamp: 1688942516620242
07-10 00:41:57.756  5674  6055 D ConnectivityService: notifyType CALLBACK_CAP_CHANGED for [118 WIFI]
07-10 00:41:57.756  5674  7726 D SemWifiUsabilityStatsMonitor: onWifiUsabilityStats - seqNum 21069, isSameBssidAndFreq true
07-10 00:41:57.759  5674  6128 I SemWifiLinkQualityMonitor: Link Qos Query: 0.045 ms / 177.273 Mbps (325 / 0.000 / 1.833)
07-10 00:41:57.761  6461  6461 D NetworkController.WifiSignalController: notifyListener: visible=true, connected=true, inetCondition=1, isDefault=true, wifiTestReported=true, receivedInetCondition=-1, hideDuringMobileSwitching=false
07-10 00:41:57.762  5674  6086 D SemWifiSwitchForIndividualAppsService: stopTCPMonitoring : already stopped
07-10 00:41:57.763  5674  6086 I WifiConnectivityMonitor.NCC: sNetworkCallback(oCC) FULL : 118(true/false)[ Transports: WIFI Capabilities: NOT_METERED&INTERNET&NOT_RESTRICTED&TRUSTED&NOT_VPN&VALIDATED&NOT_ROAMING&FOREGROUND&NOT_CONGESTED&NOT_SUSPENDED&NOT_VCN_MANAGED LinkUpBandwidth>=38087Kbps LinkDnBandwidth>=48162Kbps TransportInfo: <SSID: <unknown ssid>, BSSID: 02:00:00:**:**:00, MAC: 02:00:00:**:**:00, IP: /192.168.1.19, Security type: 2, Supplicant state: COMPLETED, Wi-Fi standard: 5, RSSI: -63, Link speed: 325Mbps, Tx Link speed: 325Mbps, Max Supported Tx Link speed: 433Mbps, Rx Link speed: 6Mbps, Max Supported Rx Link speed: 433Mbps, Frequency: 5180MHz, Net ID: -1, Metered hint: false, score: 60, isUsable: true, CarrierMerged: false, SubscriptionId: -1, IsPrimary: 1, Trusted: true, Restricted: false, Ephemeral: false, OEM paid: false, OEM private: false, OSU AP: false, FQDN: <none>, Provider friendly name: <none>, Requesting package name: <none><none>MLO Information: , AP MLD Address: <none>, AP MLO Link Id: <none>, AP MLO Affiliated links: <none>> SignalStrength: -63 AdminUids: [1000] SSID: "Talija" UnderlyingNetworks: Null]
07-10 00:41:57.765  5674  6164 I WifiConnectivityMonitor: current mode : 1
07-10 00:41:57.765  5674  6164 D OpenNetworkQos[4.00]: updateBssidNoInternet: mBssidNoInternet = false
07-10 00:41:57.765  5674  6164 D OpenNetworkQos[4.00]: getOpenNetworkQosNoInternetStatus: false
07-10 00:41:57.765  5674  6164 D OpenNetworkQos[4.00]: getOpenNetworkQosScores: 26 26 26
07-10 00:41:57.768  5674  6164 I WifiProfileShare: network QoS data was changed (internet), updateQoSData networkType: true, qosData: false
07-10 00:41:57.768  5674  7451 V WifiProfileShare.Caster: update wips network, size: 0
07-10 00:41:57.768  5674  7451 D WifiProfileShare: nearby scanning settings run
07-10 00:41:57.768  5674  7451 D WifiProfileShare: network score provider settings enabled
07-10 00:41:57.768  5674  7451 D OpenNetworkQos[4.00]: getOpenNetworkQosScores: 26 26 26
07-10 00:41:57.769  5674  7451 D OpenNetworkQos[4.00]: getOpenNetworkQosNoInternetStatus: false
07-10 00:41:57.769  5674  7451 I WifiProfileShare.Caster: current network type: 0, score: [26, 26, 26]
07-10 00:41:57.769  5674  7451 V WifiProfileShare.Cache: update network score 00:e4:06:**:**:90
07-10 00:41:57.769  5674  7451 D WifiProfileShare.ScanMatcher: getMcfDataList size:2
07-10 00:41:57.769  5674  7451 I WifiProfileShare.Caster: qos data was updated , before:type:QOS, pBssid:51:2e:90, qosData:7c after:type:QOS, pBssid:51:2e:90, qosData:7c
07-10 00:41:57.770  5674  7451 I [MCFSDK_android_1.2.4010]_4_b: isNetworkEnabled - type : 1 ret : true
07-10 00:41:57.770  5674  7451 D WifiProfileShare.McfCast: -ME--- mIsNetworkEnabled :true
07-10 00:41:57.770  5674  7451 D WifiProfileShare.McfCast: updateQoSData ignored, same contents
07-10 00:41:57.770  5674  7451 D WifiProfileShare.MCF: success update QosData !
07-10 00:41:57.775  5674  7451 I [MCFSDK_android_1.2.4010]_4_b: isNetworkEnabled - type : 1 ret : true
07-10 00:41:57.775  5674  7451 D WifiProfileShare.McfCast: -ME--- mIsNetworkEnabled :true
07-10 00:41:57.775  5674  7451 D WifiProfileShare.McfCast: -ME--- updatePasswordDate pwdData size:2
07-10 00:41:57.779  6461  6566 D NetworkController.WifiSignalController: notifyListener: visible=true, connected=true, inetCondition=1, isDefault=true, wifiTestReported=true, receivedInetCondition=-1, hideDuringMobileSwitching=false
07-10 00:41:57.779 16924 18725 I ChimeraSrvcProxy: NullBinder for android.net.action.RECOMMEND_NETWORKS triggering remote TransactionTooLargeException due to Service without Chimera impl
07-10 00:41:57.779 16924 18725 W .gms.persistent: Large reply transaction of 1056768 bytes, interface descriptor , code 1
07-10 00:41:57.784 13881 13985 I Carnival-NetworkErrorManager(): onAvailable
07-10 00:41:57.787 13881 13985 I Carnival-NetworkErrorManager(): onNetworkRecovered
07-10 00:41:57.788 13881 13985 I Carnival-SamsungAccountManager(): onNetworkRecovered
07-10 00:41:58.011 31135 31464 I A       : (REDACTED) #onAudioData: %s bytes, getAudioReadSize %s
07-10 00:41:58.381  5325  5325 E sehhealth-service: Could not open /sys/class/power_supply/battery/lrp
07-10 00:42:00.009  6461  6461 D KeyguardUpdateMonitor: received broadcast android.intent.action.TIME_TICK
07-10 00:42:00.009  6461  7078 D QSClockBellTower: onReceive(android.intent.action.TIME_TICK) mTimeZoneString:null
07-10 00:42:00.010  6461  6461 D KeyguardUpdateMonitor: handleTimeUpdate
07-10 00:42:00.012  6461  6461 D FaceWidgetPagesController: onTimeChanged()
07-10 00:42:00.018  6461  6461 D QSClockBellTower: He is ready to ring the bell. (((QSClockBellSound - TimeText:00:42, TimeContentDescription:00:42, DateText:Mon, 10 July, ShortDateText:Mon, 10 Jul, Demo:false, QuickStar-Second(false|12:34:56))))
07-10 00:42:00.020  6461  6461 D QSClockIndicatorView: Home Indicator status_bar_clock 00:42 notifyTimeChanged(QSClockBellSound - TimeText:00:42, TimeContentDescription:00:42, DateText:Mon, 10 July, ShortDateText:Mon, 10 Jul, Demo:false, QuickStar-Second(false|12:34:56)) ClockVisibleByPolicy:true, ClockVisibleByUser:true, visible?false, parent:android.widget.LinearLayout{503272 V.E...... ......I. 0,0-0,55 #7f0b04f0 app:id/left_clock_container}
07-10 00:42:00.020  6461  6461 D QSClockBellTower: Everyone heard the bell. run(currentTime:1688942520013,   getTime():Mon Jul 10 00:42:00 GMT+02:00 2023,   getTimeZone():libcore.util.ZoneInfo[mDstSavings=3600000,mUseDst=true,mDelegate=[id="Europe/Belgrade",mRawOffset=3600000,mEarliestRawOffset=4920000,transitions=119]])
07-10 00:42:00.033  6461  6461 I FaceWidgetPositionAlgorithm: getClockContainerHeight() supplier = 270, bottom margin = 0, real height = 333
07-10 00:42:00.034  6461  6461 I FaceWidgetPositionAlgorithm: getClockContainerHeight() supplier = 270, bottom margin = 63, real height = 333
07-10 00:42:00.034  6461  6461 I FaceWidgetPositionAlgorithm: getMediaContainerHeight() height = 0 container Visibility = 8, isValid = false, mIsDozing = false, fraction = 1.0, source = 0, target = 0
07-10 00:42:00.034  6461  6461 I FaceWidgetPositionAlgorithm: getMediaContainerHeight() supplier = 0
07-10 00:42:00.037  6461  6461 V QsExpandAnimator: setQsExpansionPosition 0.0
07-10 00:42:00.101  6461  6461 V QsExpandAnimator: updateAnimators
07-10 00:42:00.101  6461  6461 V QsExpandAnimator: clearAnimationState
07-10 00:42:00.101  6461  6461 V QsExpandAnimator: updateViews
07-10 00:42:00.104  6461  6461 V QsExpandAnimator: updateTileAnimator
07-10 00:42:00.105  6461  6461 V QsExpandAnimator: updateHeaderAnimator
07-10 00:42:00.106  6461  6461 V QsExpandAnimator: updateBarAnimator
07-10 00:42:00.106  6461  6461 V QsExpandAnimator: setQsExpansionPosition 0.0
07-10 00:42:00.106  6461  6461 V QsExpandAnimator: onAnimationAtStart
07-10 00:42:00.788  5674  7726 D SemWifiUsabilityStatsMonitor: onWifiUsabilityStats - seqNum 21070, isSameBssidAndFreq true
07-10 00:42:00.791  5674  6128 I SemWifiLinkQualityMonitor: Link Qos Query: 0.045 ms / 177.273 Mbps (325 / 0.000 / 1.833)
07-10 00:42:01.970  5674  6112 I ChimeraAggressivePolicyHandler: executePolicy() - triggerSource: TRIGGER_SOURCE_LMKD
07-10 00:42:01.974  5674  6112 I ChimeraAggressivePolicyHandler: available memory: 950056, free memory target: 870400, quit chimera
07-10 00:42:03.482  5262  5262 E audit   : type=1400 audit(1688942523.477:69424): avc:  denied  { getattr } for  pid=5674 comm="BinderProcsColl" path="/sys/kernel/debug/binder/proc/5674" dev="debugfs" ino=32119 scontext=u:r:system_server:s0 tcontext=u:object_r:sec_debugfs:s0 tclass=file permissive=0 SEPF_SM-A515F_13_0001 audit_filtered
07-10 00:42:03.482  5262  5262 E audit   : type=1300 audit(1688942523.477:69424): arch=c00000b7 syscall=79 success=no exit=-13 a0=ffffff9c a1=7af04e1cd0 a2=79df9bd680 a3=0 items=0 ppid=5287 pid=5674 auid=4294967295 uid=1000 gid=1000 euid=1000 suid=1000 fsuid=1000 egid=1000 sgid=1000 fsgid=1000 tty=(none) ses=4294967295 comm="BinderProcsColl" exe="/system/bin/app_process64" subj=u:r:system_server:s0 key=(null)
07-10 00:42:03.482  5262  5262 E audit   : type=1327 audit(1688942523.477:69424): proctitle="system_server"
07-10 00:42:03.827  5674  7726 D SemWifiUsabilityStatsMonitor: onWifiUsabilityStats - seqNum 21071, isSameBssidAndFreq true
07-10 00:42:03.831  5674  6128 I SemWifiLinkQualityMonitor: Link Qos Query: 0.041 ms / 195.000 Mbps (390 / 0.000 / 2.000)
07-10 00:42:03.832  6461  6461 D NetworkController.WifiSignalController: notifyListener: visible=true, connected=true, inetCondition=1, isDefault=true, wifiTestReported=true, receivedInetCondition=-1, hideDuringMobileSwitching=false
07-10 00:42:06.055  5287  5287 D Zygote  : Forked child process 14404
07-10 00:42:06.078  5287  5287 D Zygote  : Forked child process 14405
07-10 00:42:06.119 14404 14404 I oid.apps.photos: Using CollectorTypeCC GC.
07-10 00:42:06.129 14404 14404 E oid.apps.photos: Not starting debugger since process cannot load the jdwp agent.
07-10 00:42:06.131 14405 14405 I om.adobe.reader: Using CollectorTypeCC GC.
07-10 00:42:06.139 14405 14405 E om.adobe.reader: Not starting debugger since process cannot load the jdwp agent.
07-10 00:42:06.144  5262  5262 E audit   : type=1400 audit(1688942526.141:69425): avc:  denied  { read } for  pid=14404 comm="oid.apps.photos" name="u:object_r:perf_prop:s0" dev="tmpfs" ino=10663 scontext=u:r:untrusted_app:s0:c252,c256,c512,c768 tcontext=u:object_r:perf_prop:s0 tclass=file permissive=0 SEPF_SM-A515F_13_0001 audit_filtered
07-10 00:42:06.144 14404 14404 W libc    : Access denied finding property "sys.perf.boostopt"
07-10 00:42:06.144  5262  5262 E audit   : type=1300 audit(1688942526.141:69425): arch=c00000b7 syscall=56 success=no exit=-13 a0=ffffff9c a1=7fcf7d5458 a2=88000 a3=0 items=0 ppid=5287 pid=14404 auid=4294967295 uid=10252 gid=10252 euid=10252 suid=10252 fsuid=10252 egid=10252 sgid=10252 fsgid=10252 tty=(none) ses=4294967295 comm="oid.apps.photos" exe="/system/bin/app_process64" subj=u:r:untrusted_app:s0:c252,c256,c512,c768 key=(null)
07-10 00:42:06.144  5262  5262 E audit   : type=1327 audit(1688942526.141:69425): proctitle="zygote64"
07-10 00:42:06.147 14404 14428 W libc    : Access denied finding property "sys.perf.boostopt"
07-10 00:42:06.149  5262  5262 E audit   : type=1400 audit(1688942526.145:69426): avc:  denied  { read } for  pid=14404 comm="binder:14404_1" name="u:object_r:perf_prop:s0" dev="tmpfs" ino=10663 scontext=u:r:untrusted_app:s0:c252,c256,c512,c768 tcontext=u:object_r:perf_prop:s0 tclass=file permissive=0 SEPF_SM-A515F_13_0001 audit_filtered
07-10 00:42:06.149  5262  5262 E audit   : type=1300 audit(1688942526.145:69426): arch=c00000b7 syscall=56 success=no exit=-13 a0=ffffff9c a1=7b7d4542f8 a2=88000 a3=0 items=0 ppid=5287 pid=14404 auid=4294967295 uid=10252 gid=10252 euid=10252 suid=10252 fsuid=10252 egid=10252 sgid=10252 fsgid=10252 tty=(none) ses=4294967295 comm="binder:14404_1" exe="/system/bin/app_process64" subj=u:r:untrusted_app:s0:c252,c256,c512,c768 key=(null)
07-10 00:42:06.149  5262  5262 E audit   : type=1327 audit(1688942526.145:69426): proctitle="com.microsoft.todos"
07-10 00:42:06.151 14405 14405 W libc    : Access denied finding property "sys.perf.boostopt"
07-10 00:42:06.152  5262  5262 E audit   : type=1400 audit(1688942526.149:69427): avc:  denied  { read } for  pid=14405 comm="om.adobe.reader" name="u:object_r:perf_prop:s0" dev="tmpfs" ino=10663 scontext=u:r:untrusted_app:s0:c75,c257,c512,c768 tcontext=u:object_r:perf_prop:s0 tclass=file permissive=0 SEPF_SM-A515F_13_0001 audit_filtered
07-10 00:42:06.153 14405 14430 W libc    : Access denied finding property "sys.perf.boostopt"
07-10 00:42:06.154 14404 14404 D ActivityThread: setConscryptValidator
07-10 00:42:06.154 14404 14404 D ActivityThread: setConscryptValidator - put
07-10 00:42:06.154 14405 14405 D ActivityThread: setConscryptValidator
07-10 00:42:06.155 14405 14405 D ActivityThread: setConscryptValidator - put
07-10 00:42:06.174  5353  6075 V APM_AudioPolicyManager: setAppState(portId:1005, state:1)
07-10 00:42:06.175 14404 14428 W libc    : Access denied finding property "sys.perf.boostopt"
07-10 00:42:06.179 14404 14404 D CompatibilityChangeReporter: Compat change id reported: 171979766; UID 10252; state: ENABLED
07-10 00:42:06.183  5353  5699 V APM_AudioPolicyManager: setAppState(portId:1005, state:1)
07-10 00:42:06.190 14405 14431 W libc    : Access denied finding property "sys.perf.boostopt"
07-10 00:42:06.192 14405 14405 D CompatibilityChangeReporter: Compat change id reported: 171979766; UID 10331; state: ENABLED
07-10 00:42:06.204 14404 14404 D nativeloader: Configuring classloader-namespace for other apk /system/framework/org.apache.http.legacy.jar. target_sdk_version=33, uses_libraries=ALL, library_path=/data/app/~~Sb_Gj75u9HynF8chA_tDeg==/com.google.android.apps.photos-swXhlNNYdL6Q3JBBP2QMgw==/lib/arm64:/data/app/~~Sb_Gj75u9HynF8chA_tDeg==/com.google.android.apps.photos-swXhlNNYdL6Q3JBBP2QMgw==/base.apk!/lib/arm64-v8a:/data/app/~~Sb_Gj75u9HynF8chA_tDeg==/com.google.android.apps.photos-swXhlNNYdL6Q3JBBP2QMgw==/split_config.en.apk!/lib/arm64-v8a:/data/app/~~Sb_Gj75u9HynF8chA_tDeg==/com.google.android.apps.photos-swXhlNNYdL6Q3JBBP2QMgw==/split_config.ru.apk!/lib/arm64-v8a:/data/app/~~Sb_Gj75u9HynF8chA_tDeg==/com.google.android.apps.photos-swXhlNNYdL6Q3JBBP2QMgw==/split_config.xxhdpi.apk!/lib/arm64-v8a, permitted_path=/data:/mnt/expand:/data/user/0/com.google.android.apps.photos
07-10 00:42:06.204 14404 14404 D nativeloader: Extending system_exposed_libraries: libhumantracking.arcsoft.so:libPortraitDistortionCorrection.arcsoft.so:libPortraitDistortionCorrectionCali.arcsoft.so:libface_landmark.arcsoft.so:libFacialStickerEngine.arcsoft.so:libveengine.arcsoft.so:liblow_light_hdr.arcsoft.so:libhigh_dynamic_range.arcsoft.so:libFacialAttributeDetection.arcsoft.so:libBeauty_v4.camera.samsung.so:libexifa.camera.samsung.so:libjpega.camera.samsung.so:libOpenCv.camera.samsung.so:libImageScreener.camera.samsung.so:libMyFilter.camera.samsung.so:libtensorflowLite.myfilter.camera.samsung.so:libtensorflowlite_inference_api.myfilter.camera.samsung.so:libEventFinder.camera.samsung.so:libHIDTSnapJNI.camera.samsung.so:libSmartScan.camera.samsung.so:libRectify.camera.samsung.so:libDocRectifyWrapper.camera.samsung.so:libUltraWideDistortionCorrection.camera.samsung.so:libHpr_RecGAE_cvFeature_v1.0.camera.samsung.so:libHprFace_GAE_api.camera.samsung.so:libFace_Landmark_API.camera.samsung.so:libHprFace_GAE_jni.camera.samsung.so:libFacialBasedSelfieCorrec
07-10 00:42:06.258 14405 14405 W ziparchive: Unable to open '/data/app/~~JbZS8tNUmPqx_frkCPETqg==/com.adobe.reader-T375fC77b4L0KX_kk7nl1Q==/split_FASOpenCVDF.config.arm64_v8a.dm': No such file or directory
07-10 00:42:06.258 14405 14405 W ziparchive: Unable to open '/data/app/~~JbZS8tNUmPqx_frkCPETqg==/com.adobe.reader-T375fC77b4L0KX_kk7nl1Q==/split_FASOpenCVDF.config.arm64_v8a.dm': No such file or directory
07-10 00:42:06.261 14405 14405 W om.adobe.reader: Entry not found
07-10 00:42:06.263 14405 14405 W ziparchive: Unable to open '/data/app/~~JbZS8tNUmPqx_frkCPETqg==/com.adobe.reader-T375fC77b4L0KX_kk7nl1Q==/split_FASOpenCVDF.config.xxhdpi.dm': No such file or directory
07-10 00:42:06.263 14405 14405 W ziparchive: Unable to open '/data/app/~~JbZS8tNUmPqx_frkCPETqg==/com.adobe.reader-T375fC77b4L0KX_kk7nl1Q==/split_FASOpenCVDF.config.xxhdpi.dm': No such file or directory
07-10 00:42:06.264 14404 14404 W ziparchive: Unable to open '/data/app/~~Sb_Gj75u9HynF8chA_tDeg==/com.google.android.apps.photos-swXhlNNYdL6Q3JBBP2QMgw==/split_config.en.dm': No such file or directory
07-10 00:42:06.264 14405 14405 W om.adobe.reader: Entry not found
07-10 00:42:06.264 14404 14404 W ziparchive: Unable to open '/data/app/~~Sb_Gj75u9HynF8chA_tDeg==/com.google.android.apps.photos-swXhlNNYdL6Q3JBBP2QMgw==/split_config.en.dm': No such file or directory
07-10 00:42:06.266 14404 14404 W oid.apps.photos: Entry not found
07-10 00:42:06.268 14404 14404 W ziparchive: Unable to open '/data/app/~~Sb_Gj75u9HynF8chA_tDeg==/com.google.android.apps.photos-swXhlNNYdL6Q3JBBP2QMgw==/split_config.ru.dm': No such file or directory
07-10 00:42:06.268 14404 14404 W ziparchive: Unable to open '/data/app/~~Sb_Gj75u9HynF8chA_tDeg==/com.google.android.apps.photos-swXhlNNYdL6Q3JBBP2QMgw==/split_config.ru.dm': No such file or directory
07-10 00:42:06.270 14404 14404 W oid.apps.photos: Entry not found
07-10 00:42:06.271 14404 14404 W ziparchive: Unable to open '/data/app/~~Sb_Gj75u9HynF8chA_tDeg==/com.google.android.apps.photos-swXhlNNYdL6Q3JBBP2QMgw==/split_config.xxhdpi.dm': No such file or directory
07-10 00:42:06.271 14404 14404 W ziparchive: Unable to open '/data/app/~~Sb_Gj75u9HynF8chA_tDeg==/com.google.android.apps.photos-swXhlNNYdL6Q3JBBP2QMgw==/split_config.xxhdpi.dm': No such file or directory
07-10 00:42:06.272 14404 14404 W oid.apps.photos: Entry not found
07-10 00:42:06.273 14405 14405 W ziparchive: Unable to open '/data/app/~~JbZS8tNUmPqx_frkCPETqg==/com.adobe.reader-T375fC77b4L0KX_kk7nl1Q==/split_LMCODModelDF.config.arm64_v8a.dm': No such file or directory
07-10 00:42:06.273 14405 14405 W ziparchive: Unable to open '/data/app/~~JbZS8tNUmPqx_frkCPETqg==/com.adobe.reader-T375fC77b4L0KX_kk7nl1Q==/split_LMCODModelDF.config.arm64_v8a.dm': No such file or directory
07-10 00:42:06.274 14404 14404 D nativeloader: Configuring classloader-namespace for other apk /data/app/~~Sb_Gj75u9HynF8chA_tDeg==/com.google.android.apps.photos-swXhlNNYdL6Q3JBBP2QMgw==/base.apk:/data/app/~~Sb_Gj75u9HynF8chA_tDeg==/com.google.android.apps.photos-swXhlNNYdL6Q3JBBP2QMgw==/split_config.en.apk:/data/app/~~Sb_Gj75u9HynF8chA_tDeg==/com.google.android.apps.photos-swXhlNNYdL6Q3JBBP2QMgw==/split_config.ru.apk:/data/app/~~Sb_Gj75u9HynF8chA_tDeg==/com.google.android.apps.photos-swXhlNNYdL6Q3JBBP2QMgw==/split_config.xxhdpi.apk. target_sdk_version=33, uses_libraries=libOpenCL.so, library_path=/data/app/~~Sb_Gj75u9HynF8chA_tDeg==/com.google.android.apps.photos-swXhlNNYdL6Q3JBBP2QMgw==/lib/arm64:/data/app/~~Sb_Gj75u9HynF8chA_tDeg==/com.google.android.apps.photos-swXhlNNYdL6Q3JBBP2QMgw==/base.apk!/lib/arm64-v8a:/data/app/~~Sb_Gj75u9HynF8chA_tDeg==/com.google.android.apps.photos-swXhlNNYdL6Q3JBBP2QMgw==/split_config.en.apk!/lib/arm64-v8a:/data/app/~~Sb_Gj75u9HynF8chA_tDeg==/com.google.android.apps.photos-swXhlNNYdL6Q3JBBP2QMgw==/split_config.ru.apk!/li
07-10 00:42:06.275 14405 14405 W om.adobe.reader: Entry not found
07-10 00:42:06.277 14405 14405 W ziparchive: Unable to open '/data/app/~~JbZS8tNUmPqx_frkCPETqg==/com.adobe.reader-T375fC77b4L0KX_kk7nl1Q==/split_LMCODModelDF.config.xxhdpi.dm': No such file or directory
07-10 00:42:06.277 14405 14405 W ziparchive: Unable to open '/data/app/~~JbZS8tNUmPqx_frkCPETqg==/com.adobe.reader-T375fC77b4L0KX_kk7nl1Q==/split_LMCODModelDF.config.xxhdpi.dm': No such file or directory
07-10 00:42:06.278 14404 14404 W oid.apps.photos: JIT profile information will not be recorded: profile file does not exist.
07-10 00:42:06.278 14404 14404 W oid.apps.photos: JIT profile information will not be recorded: profile file does not exist.
07-10 00:42:06.278 14404 14404 W oid.apps.photos: JIT profile information will not be recorded: profile file does not exist.
07-10 00:42:06.278 14405 14405 W om.adobe.reader: Entry not found
07-10 00:42:06.280 14405 14405 W ziparchive: Unable to open '/data/app/~~JbZS8tNUmPqx_frkCPETqg==/com.adobe.reader-T375fC77b4L0KX_kk7nl1Q==/split_PDFEditFontsDF.dm': No such file or directory
07-10 00:42:06.280 14405 14405 W ziparchive: Unable to open '/data/app/~~JbZS8tNUmPqx_frkCPETqg==/com.adobe.reader-T375fC77b4L0KX_kk7nl1Q==/split_PDFEditFontsDF.dm': No such file or directory
07-10 00:42:06.287 14405 14405 W om.adobe.reader: Entry not found
07-10 00:42:06.288 14405 14405 W ziparchive: Unable to open '/data/app/~~JbZS8tNUmPqx_frkCPETqg==/com.adobe.reader-T375fC77b4L0KX_kk7nl1Q==/split_PDFEditFontsDF.config.xxhdpi.dm': No such file or directory
07-10 00:42:06.288 14405 14405 W ziparchive: Unable to open '/data/app/~~JbZS8tNUmPqx_frkCPETqg==/com.adobe.reader-T375fC77b4L0KX_kk7nl1Q==/split_PDFEditFontsDF.config.xxhdpi.dm': No such file or directory
07-10 00:42:06.290 14405 14405 W om.adobe.reader: Entry not found
07-10 00:42:06.295 14405 14405 W ziparchive: Unable to open '/data/app/~~JbZS8tNUmPqx_frkCPETqg==/com.adobe.reader-T375fC77b4L0KX_kk7nl1Q==/split_config.arm64_v8a.dm': No such file or directory
07-10 00:42:06.295 14405 14405 W ziparchive: Unable to open '/data/app/~~JbZS8tNUmPqx_frkCPETqg==/com.adobe.reader-T375fC77b4L0KX_kk7nl1Q==/split_config.arm64_v8a.dm': No such file or directory
07-10 00:42:06.300 14405 14405 W om.adobe.reader: Entry not found
07-10 00:42:06.301 14405 14405 W ziparchive: Unable to open '/data/app/~~JbZS8tNUmPqx_frkCPETqg==/com.adobe.reader-T375fC77b4L0KX_kk7nl1Q==/split_config.en.dm': No such file or directory
07-10 00:42:06.301 14405 14405 W ziparchive: Unable to open '/data/app/~~JbZS8tNUmPqx_frkCPETqg==/com.adobe.reader-T375fC77b4L0KX_kk7nl1Q==/split_config.en.dm': No such file or directory
07-10 00:42:06.303 14405 14405 W om.adobe.reader: Entry not found
07-10 00:42:06.305 14405 14405 W ziparchive: Unable to open '/data/app/~~JbZS8tNUmPqx_frkCPETqg==/com.adobe.reader-T375fC77b4L0KX_kk7nl1Q==/split_config.ru.dm': No such file or directory
07-10 00:42:06.305 14405 14405 W ziparchive: Unable to open '/data/app/~~JbZS8tNUmPqx_frkCPETqg==/com.adobe.reader-T375fC77b4L0KX_kk7nl1Q==/split_config.ru.dm': No such file or directory
07-10 00:42:06.308 14405 14405 W om.adobe.reader: Entry not found
07-10 00:42:06.309 14405 14405 W ziparchive: Unable to open '/data/app/~~JbZS8tNUmPqx_frkCPETqg==/com.adobe.reader-T375fC77b4L0KX_kk7nl1Q==/split_config.xxhdpi.dm': No such file or directory
07-10 00:42:06.309 14405 14405 W ziparchive: Unable to open '/data/app/~~JbZS8tNUmPqx_frkCPETqg==/com.adobe.reader-T375fC77b4L0KX_kk7nl1Q==/split_config.xxhdpi.dm': No such file or directory
07-10 00:42:06.312 14405 14405 W om.adobe.reader: Entry not found
07-10 00:42:06.316 14405 14405 D nativeloader: Configuring classloader-namespace for other apk /data/app/~~JbZS8tNUmPqx_frkCPETqg==/com.adobe.reader-T375fC77b4L0KX_kk7nl1Q==/base.apk:/data/app/~~JbZS8tNUmPqx_frkCPETqg==/com.adobe.reader-T375fC77b4L0KX_kk7nl1Q==/split_FASOpenCVDF.apk:/data/app/~~JbZS8tNUmPqx_frkCPETqg==/com.adobe.reader-T375fC77b4L0KX_kk7nl1Q==/split_FASOpenCVDF.config.arm64_v8a.apk:/data/app/~~JbZS8tNUmPqx_frkCPETqg==/com.adobe.reader-T375fC77b4L0KX_kk7nl1Q==/split_FASOpenCVDF.config.xxhdpi.apk:/data/app/~~JbZS8tNUmPqx_frkCPETqg==/com.adobe.reader-T375fC77b4L0KX_kk7nl1Q==/split_LMCODModelDF.apk:/data/app/~~JbZS8tNUmPqx_frkCPETqg==/com.adobe.reader-T375fC77b4L0KX_kk7nl1Q==/split_LMCODModelDF.config.arm64_v8a.apk:/data/app/~~JbZS8tNUmPqx_frkCPETqg==/com.adobe.reader-T375fC77b4L0KX_kk7nl1Q==/split_LMCODModelDF.config.xxhdpi.apk:/data/app/~~JbZS8tNUmPqx_frkCPETqg==/com.adobe.reader-T375fC77b4L0KX_kk7nl1Q==/split_PDFEditFontsDF.apk:/data/app/~~JbZS8tNUmPqx_frkCPETqg==/com.adobe.reader-T375fC77b4L0KX_kk7nl1Q==/split_PDFEditFontsDF.config.xxhdp
07-10 00:42:06.329 14405 14405 W om.adobe.reader: JIT profile information will not be recorded: profile file does not exist.
07-10 00:42:06.330 14405 14405 W om.adobe.reader: JIT profile information will not be recorded: profile file does not exist.
07-10 00:42:06.330 14405 14405 W om.adobe.reader: JIT profile information will not be recorded: profile file does not exist.
07-10 00:42:06.330 14405 14405 W om.adobe.reader: JIT profile information will not be recorded: profile file does not exist.
07-10 00:42:06.330 14405 14405 W om.adobe.reader: JIT profile information will not be recorded: profile file does not exist.
07-10 00:42:06.330 14405 14405 W om.adobe.reader: JIT profile information will not be recorded: profile file does not exist.
07-10 00:42:06.330 14405 14405 W om.adobe.reader: JIT profile information will not be recorded: profile file does not exist.
07-10 00:42:06.330 14405 14405 W om.adobe.reader: JIT profile information will not be recorded: profile file does not exist.
07-10 00:42:06.331 14405 14405 W om.adobe.reader: JIT profile information will not be recorded: profile file does not exist.
07-10 00:42:06.331 14405 14405 W om.adobe.reader: JIT profile information will not be recorded: profile file does not exist.
07-10 00:42:06.333 14404 14404 V GraphicsEnvironment: ANGLE Developer option for 'com.google.android.apps.photos' set to: 'default'
07-10 00:42:06.335 14404 14404 V GraphicsEnvironment: ANGLE GameManagerService for com.google.android.apps.photos: false
07-10 00:42:06.335 14404 14404 V GraphicsEnvironment: Neither updatable production driver nor prerelease driver is supported.
07-10 00:42:06.343 14404 14404 D NetworkSecurityConfig: No Network Security Config specified, using platform default
07-10 00:42:06.356 14404 14404 D NetworkSecurityConfig: No Network Security Config specified, using platform default
07-10 00:42:06.373 14405 14405 V GraphicsEnvironment: ANGLE Developer option for 'com.adobe.reader' set to: 'default'
07-10 00:42:06.375 14405 14405 V GraphicsEnvironment: ANGLE GameManagerService for com.adobe.reader: false
07-10 00:42:06.375 14405 14405 V GraphicsEnvironment: Neither updatable production driver nor prerelease driver is supported.
07-10 00:42:06.384 14405 14405 I LoadedApk: No resource references to update in package com.adobe.reader.FASOpenCVDF
07-10 00:42:06.385 14405 14405 D NetworkSecurityConfig: Using Network Security Config from resource network_security_config debugBuild: false
07-10 00:42:06.391 14405 14405 D NetworkSecurityConfig: Using Network Security Config from resource network_security_config debugBuild: false
07-10 00:42:06.447 14405 14405 I MSMAM - lt.c: MAMInfo initialized. Debug=false, Agent=PRODUCTION, ManagedDialogDisabled=false, PolicyRequired=false, MultiIdentityEnabled=true, FullBackupContent=true, DataExtractionRules=true, UseDefaultEnrollment=false, ExceptionOnInit=false, Debuggable=false, IsolatedProcessesAllowed=false
07-10 00:42:06.474 14404 14404 W oid.apps.photos: Accessing hidden field Ljava/util/Collections$SynchronizedCollection;->mutex:Ljava/lang/Object; (max-target-o, reflection, denied)
07-10 00:42:06.476 14404 14404 W oid.apps.photos: Accessing hidden method Ljava/util/Collections$SynchronizedSet;-><init>(Ljava/util/Set;Ljava/lang/Object;)V (max-target-o, reflection, denied)
07-10 00:42:06.477 14404 14404 W oid.apps.photos: Accessing hidden method Ljava/util/Collections$SynchronizedCollection;-><init>(Ljava/util/Collection;Ljava/lang/Object;)V (max-target-o, reflection, denied)
07-10 00:42:06.497 14404 14404 D CompatibilityChangeReporter: Compat change id reported: 183155436; UID 10252; state: ENABLED
07-10 00:42:06.546 14405 14405 D CompatibilityChangeReporter: Compat change id reported: 183155436; UID 10331; state: ENABLED
07-10 00:42:06.547 14405 14405 I FirebaseApp: Device unlocked: initializing all Firebase APIs for app [DEFAULT]
07-10 00:42:06.574 14405 14447 I DynamiteModule: Considering local module com.google.android.gms.measurement.dynamite:14 and remote module com.google.android.gms.measurement.dynamite:0
07-10 00:42:06.574 14405 14447 I DynamiteModule: Selected local version of com.google.android.gms.measurement.dynamite
07-10 00:42:06.594 14405 14405 I FirebaseCrashlytics: Initializing Firebase Crashlytics 18.2.6 for com.adobe.reader
07-10 00:42:06.687 14404 14453 D CompatibilityChangeReporter: Compat change id reported: 194532703; UID 10252; state: ENABLED
07-10 00:42:06.689 14405 14461 D libcrashlytics: Initializing libcrashlytics version 3.2.0
07-10 00:42:06.707 11611 11645 D Benchmark: timeNs[ 0:10]: 163801 163107 166862 162549 157703 160981 156962 159636 174149 161473
07-10 00:42:06.707 11611 11645 D Benchmark: timeNs[10:20]: 159181 167746 170401 155668 156500 156718 160561 158508 157341 159474
07-10 00:42:06.707 11611 11645 D Benchmark: timeNs[20:30]: 161257 160692 169000 154828 156655 162765 165414 158331 158482 154212
07-10 00:42:06.707 11611 11645 D Benchmark: timeNs[30:40]: 157269 166731 170706 157116 159325 169822 155248 156749 155189 165420
07-10 00:42:06.707 11611 11645 D Benchmark: timeNs[40:50]: 164965 160128 165943 164944 168893 175063 171685 162787 169663 176796
07-10 00:42:06.713 14405 14461 D libcrashlytics: Initializing native crash handling successful.
07-10 00:42:06.760 14405 14405 W lj.k0   : The value for AdvertiserIDCollectionEnabled is currently set to FALSE so you're sending app events without collecting Advertiser ID. This can affect the quality of your advertising and analytics results.
07-10 00:42:06.767 14405 14482 W ak.a0   : Apps that target Android API 30+ (Android 11+) cannot call Facebook native apps unless the package visibility needs are declared. Please follow https://developers.facebook.com/docs/android/troubleshooting/#faq_267321845055988 to make the declaration.
07-10 00:42:06.792 14405 14482 E lj.z    : GraphRequest can't be used when Facebook SDK isn't fully initialized
07-10 00:42:06.792 14405 14463 I FA      : App measurement initialized, version: 29000
07-10 00:42:06.792 14405 14463 I FA      : To enable debug logging run: adb shell setprop log.tag.FA VERBOSE
07-10 00:42:06.792 14405 14463 I FA      : To enable faster debug mode event logging run:
07-10 00:42:06.792 14405 14463 I FA      :   adb shell setprop debug.firebase.analytics.app com.adobe.reader
07-10 00:42:06.793 14405 14481 E lj.z    : GraphRequest can't be used when Facebook SDK isn't fully initialized
07-10 00:42:06.794 14405 14481 E lj.z    : GraphRequest can't be used when Facebook SDK isn't fully initialized
07-10 00:42:06.795 14405 14482 E lj.z    : GraphRequest can't be used when Facebook SDK isn't fully initialized
07-10 00:42:06.824 16924 16924 D BoundBrokerSvc: onBind: Intent { act=com.google.android.gms.phenotype.service.START pkg=com.google.android.gms }
07-10 00:42:06.824 16924 16924 D BoundBrokerSvc: Loading bound service for intent: Intent { act=com.google.android.gms.phenotype.service.START pkg=com.google.android.gms }
07-10 00:42:06.855  5674  7726 D SemWifiUsabilityStatsMonitor: onWifiUsabilityStats - seqNum 21072, isSameBssidAndFreq true
07-10 00:42:06.856  5674  6128 I SemWifiLinkQualityMonitor: Link Qos Query: 0.041 ms / 195.000 Mbps (390 / 0.000 / 2.000)
07-10 00:42:06.857  6461  6461 D NetworkController.WifiSignalController: notifyListener: visible=true, connected=true, inetCondition=1, isDefault=true, wifiTestReported=true, receivedInetCondition=-1, hideDuringMobileSwitching=false
07-10 00:42:06.873 14404 14453 D ConnectivityManager: StackLog: [android.net.ConnectivityManager.sendRequestForNetwork(ConnectivityManager.java:4300)] [android.net.ConnectivityManager.registerDefaultNetworkCallbackForUid(ConnectivityManager.java:4864)] [android.net.ConnectivityManager.registerDefaultNetworkCallback(ConnectivityManager.java:4831)] [android.net.ConnectivityManager.registerDefaultNetworkCallback(ConnectivityManager.java:4805)] [ede.b(PG:2)] [edh.b(PG:3)] [ecj.o(PG:1)] [ecg.a(PG:1)] [_6.<init>(PG:13)] [_1012.<init>(PG:1)] [ecu.a(PG:2)] [ecw.b(PG:8)] [drk.d(PG:1)] [_969.G(PG:1)] [npx.b(PG:2)] [enb.ay(PG:870)] [enb.c(PG:6)] [enb.b(PG:1)] [ajze.C(PG:9)] [ajze.k(PG:2)] [ajze.h(PG:2)] [autb.call(PG:47)] [ahvh.call(PG:1)] [ahvy.call(PG:2)] [ahvp.run(PG:8)] [java.util.concurrent.ThreadPoolExecutor.runWorker(ThreadPoolExecutor.java:1137)] [java.util.concurrent.ThreadPoolExecutor$Worker.run(ThreadPoolExecutor.java:637)] [java.lang.Thread.run(Thread.java:1012)] [ahvb.run(PG:2)]
07-10 00:42:06.877  5674  6523 D ConnectivityService: requestNetwork for uid/pid:10252/14404 activeRequest: null callbackRequest: 16432 [NetworkRequest [ REQUEST id=16433, [ Capabilities: INTERNET&NOT_RESTRICTED&TRUSTED&NOT_VCN_MANAGED Uid: 10252 RequestorUid: 10252 RequestorPkg: com.google.android.apps.photos UnderlyingNetworks: Null] ]] callback flags: 0 order: 2147483647
07-10 00:42:06.878  5674  6055 D ConnectivityService:    accepting network in place of null
07-10 00:42:06.880  5674  6045 D WifiNetworkFactory: got request NetworkRequest [ REQUEST id=16433, [ Capabilities: INTERNET&NOT_RESTRICTED&TRUSTED&NOT_VCN_MANAGED Uid: 10252 RequestorUid: 10252 RequestorPkg: com.google.android.apps.photos UnderlyingNetworks: Null] ]
07-10 00:42:06.881  5674  6045 D UntrustedWifiNetworkFactory: got request NetworkRequest [ REQUEST id=16433, [ Capabilities: INTERNET&NOT_RESTRICTED&TRUSTED&NOT_VCN_MANAGED Uid: 10252 RequestorUid: 10252 RequestorPkg: com.google.android.apps.photos UnderlyingNetworks: Null] ]
07-10 00:42:06.881  5674  6045 D OemPaidWifiNetworkFactory: got request NetworkRequest [ REQUEST id=16433, [ Capabilities: INTERNET&NOT_RESTRICTED&TRUSTED&NOT_VCN_MANAGED Uid: 10252 RequestorUid: 10252 RequestorPkg: com.google.android.apps.photos UnderlyingNetworks: Null] ]
07-10 00:42:06.881  5674  6045 D MultiInternetWifiNetworkFactory: got request NetworkRequest [ REQUEST id=16433, [ Capabilities: INTERNET&NOT_RESTRICTED&TRUSTED&NOT_VCN_MANAGED Uid: 10252 RequestorUid: 10252 RequestorPkg: com.google.android.apps.photos UnderlyingNetworks: Null] ]
07-10 00:42:06.882  5674  6055 D ConnectivityService: Rematched networks [computed 0ms] [applied 1ms] [issued 3]
07-10 00:42:06.883  5674  6055 D ConnectivityService: NetworkReassignment :
07-10 00:42:06.883  5674  6055 D ConnectivityService:   16433 : null → 118
07-10 00:42:06.900  5674  5745 W libprocessgroup: Failed to open /dev/blkio//cgroup.procs: No such file or directory
07-10 00:42:06.911 29789 29789 D BoundBrokerSvc: onBind: Intent { act=com.google.android.gms.measurement.START pkg=com.google.android.gms }
07-10 00:42:06.911 29789 29789 D BoundBrokerSvc: Loading bound service for intent: Intent { act=com.google.android.gms.measurement.START pkg=com.google.android.gms }
07-10 00:42:07.039 14404 14477 W oid.apps.photos: Long monitor contention with owner Thread-5 (14471) at android.database.sqlite.SQLiteDatabase android.database.sqlite.SQLiteOpenHelper.getReadableDatabase()(SQLiteOpenHelper.java:437) waiters=0 in android.database.sqlite.SQLiteDatabase kki.getReadableDatabase() for 226ms
07-10 00:42:07.064 14404 14453 D CompatibilityChangeReporter: Compat change id reported: 210923482; UID 10252; state: ENABLED
07-10 00:42:07.232 16924 16948 I .gms.persistent: Background young concurrent copying GC freed 234262(11MB) AllocSpace objects, 6(232KB) LOS objects, 29% free, 27MB/39MB, paused 335us,276us total 279.355ms
07-10 00:42:07.232 14404 14510 D CompatibilityChangeReporter: Compat change id reported: 170233598; UID 10252; state: DISABLED
07-10 00:42:07.235 13881 13904 W libc    : Access denied finding property "sys.perf.boostopt"
07-10 00:42:07.235  5262  5262 E audit   : type=1400 audit(1688942527.233:69431): avc:  denied  { read } for  pid=13881 comm="binder:13881_2" name="u:object_r:perf_prop:s0" dev="tmpfs" ino=10663 scontext=u:r:platform_app:s0:c512,c768 tcontext=u:object_r:perf_prop:s0 tclass=file permissive=0 SEPF_SM-A515F_13_0001 audit_filtered
07-10 00:42:07.235  5262  5262 E audit   : type=1300 audit(1688942527.233:69431): arch=c00000b7 syscall=56 success=no exit=-13 a0=ffffff9c a1=7b7d35e2f8 a2=88000 a3=0 items=0 ppid=5287 pid=13881 auid=4294967295 uid=10061 gid=10061 euid=10061 suid=10061 fsuid=10061 egid=10061 sgid=10061 fsgid=10061 tty=(none) ses=4294967295 comm="binder:13881_2" exe="/system/bin/app_process64" subj=u:r:platform_app:s0:c512,c768 key=(null)
07-10 00:42:07.235  5262  5262 E audit   : type=1327 audit(1688942527.233:69431): proctitle="com.samsung.android.app.spage"
07-10 00:42:07.302  5674  9681 D PackageManager: setEnabledSetting : userId = 0 packageName = com.adobe.reader cmp = androidx.work.impl.background.systemjob.SystemJobService newState = 1 callingPackage = 10331/com.adobe.reader
07-10 00:42:07.304  5674  9681 D ApplicationPolicy: getApplicationStateEnabled : pkg = com.adobe.reader userId : 0
07-10 00:42:07.305  5674  9681 D ApplicationPolicy: getApplicationComponentState : pkg = com.adobe.reader userId : 0
07-10 00:42:07.331 14405 14544 D CompatibilityChangeReporter: Compat change id reported: 160794467; UID 10331; state: ENABLED
07-10 00:42:07.370  5674  9952 D PackageManager: setEnabledSetting : userId = 0 packageName = com.adobe.reader cmp = com.adobe.reader.share.ARShareIntentEditPDFActivity newState = 2 callingPackage = 10331/com.adobe.reader
07-10 00:42:07.397 14405 14481 E lj.z    : GraphRequest can't be used when Facebook SDK isn't fully initialized
07-10 00:42:07.458 14405 14405 D CompatibilityChangeReporter: Compat change id reported: 194532703; UID 10331; state: ENABLED
07-10 00:42:07.489 31102 16098 I Finsky  : [305] kmb.a(17): com.adobe.reader: Account determined from installer data - [u50CvjFgI4N8BK_7VI5wqgrBLx4XC93qbnmKX3YNI1k]
07-10 00:42:07.495 14405 14482 E lj.z    : GraphRequest can't be used when Facebook SDK isn't fully initialized
07-10 00:42:07.511 31102 16098 I Finsky  : [305] kmb.a(67): Billing preferred account via installer for com.adobe.reader: [u50CvjFgI4N8BK_7VI5wqgrBLx4XC93qbnmKX3YNI1k]
07-10 00:42:07.528 31102 16098 I Finsky  : [305] kmb.a(17): com.adobe.reader: Account determined from installer data - [u50CvjFgI4N8BK_7VI5wqgrBLx4XC93qbnmKX3YNI1k]
07-10 00:42:07.529 31102 16098 I Finsky  : [305] kmb.a(67): Billing preferred account via installer for com.adobe.reader: [u50CvjFgI4N8BK_7VI5wqgrBLx4XC93qbnmKX3YNI1k]
07-10 00:42:07.553  5353  6075 V APM_AudioPolicyManager: setAppState(portId:1005, state:1)
07-10 00:42:07.562  5353  6075 V APM_AudioPolicyManager: setAppState(portId:1005, state:1)
07-10 00:42:07.572 11611 11645 D Benchmark: allocationCount[ 0:10]: 1880 1880 1880 1880 1880
07-10 00:42:07.572 11611 11645 D Benchmark: Set 11645 (Bench thread) to priority -8. Was -20, now -8
07-10 00:42:07.572 14405 14482 E lj.z    : GraphRequest can't be used when Facebook SDK isn't fully initialized
07-10 00:42:07.572 11611 11645 D Benchmark: Set 11624 (Jit) to priority 9. Was -15, now 9
07-10 00:42:07.572 11611 11645 D Benchmark: Warmup: t=4.492, iter=25832, fastAvg=152630, slowAvg=155424
07-10 00:42:07.573 11611 11645 I PerfettoCapture: Stopping perfetto.
07-10 00:42:07.573 31102 16098 I Finsky  : [305] kmb.a(17): com.adobe.reader: Account determined from installer data - [u50CvjFgI4N8BK_7VI5wqgrBLx4XC93qbnmKX3YNI1k]
07-10 00:42:07.573  5674  5743 I libprocessgroup: Successfully killed process cgroup uid 5022 pid 13283 in 8ms
07-10 00:42:07.576 31102 16098 I Finsky  : [305] kmb.a(67): Billing preferred account via installer for com.adobe.reader: [u50CvjFgI4N8BK_7VI5wqgrBLx4XC93qbnmKX3YNI1k]
07-10 00:42:07.625 14379 14379 I perfetto:    perfetto_cmd.cc:1168 SIGINT/SIGTERM received: disabling tracing.
07-10 00:42:07.627 11611 11645 D Benchmark: kill -TERM command output -
07-10 00:42:07.628  5287  5287 I Zygote  : Process 13283 exited due to signal 9 (Killed)
07-10 00:42:07.646  5674  5743 I libprocessgroup: Successfully killed process cgroup uid 10160 pid 13359 in 0ms
07-10 00:42:07.651  5353  6075 V APM_AudioPolicyManager: setAppState(portId:1005, state:1)
07-10 00:42:07.652  5353  6075 V APM_AudioPolicyManager: setAppState(portId:1005, state:1)
07-10 00:42:07.665  5424  5424 I perfetto:  probes_producer.cc:396 Producer stop (id=1117)
07-10 00:42:07.668  5424  5424 I perfetto:    ftrace_procfs.cc:342 disabled ftrace in /sys/kernel/tracing/
07-10 00:42:07.733  5287  5287 I Zygote  : Process 13008 exited due to signal 9 (Killed)
07-10 00:42:07.761  5287  5287 I Zygote  : Process 13328 exited due to signal 9 (Killed)
07-10 00:42:07.776  4380  4380 I hwservicemanager: getTransport: Cannot find entry android.hardware.atrace@1.0::IAtraceDevice/default in either framework or device VINTF manifest.
07-10 00:42:07.785  5424  5424 I perfetto:  probes_producer.cc:396 Producer stop (id=1118)
07-10 00:42:07.792  5424  5424 I perfetto:  probes_producer.cc:396 Producer stop (id=1119)
07-10 00:42:07.872  5674  5743 I libprocessgroup: Successfully killed process cgroup uid 5004 pid 13328 in 0ms
07-10 00:42:07.873  5674  5743 I libprocessgroup: Successfully killed process cgroup uid 10090 pid 13008 in 0ms
07-10 00:42:07.883  5287  5287 I Zygote  : Process 13359 exited due to signal 9 (Killed)
07-10 00:42:07.930  5353  5543 V APM_AudioPolicyManager: setAppState(portId:1005, state:1)
07-10 00:42:07.937  5353  5543 V APM_AudioPolicyManager: setAppState(portId:1005, state:1)
07-10 00:42:07.950 14379 14379 I perfetto:    perfetto_cmd.cc:1124 Trace written into the output file
07-10 00:42:07.968  5436  5436 I perfetto: ng_service_impl.cc:2426 Tracing session 280 ended, total sessions:0
07-10 00:42:08.007  5287  5287 I Zygote  : Process 12900 exited due to signal 9 (Killed)
07-10 00:42:08.012  5674  5743 I libprocessgroup: Successfully killed process cgroup uid 1000 pid 12900 in 61ms
07-10 00:42:08.049 14405 14531 I TextToSpeech: Sucessfully bound to com.google.android.tts
07-10 00:42:08.094   381   381 I GoogleTtsServicePeer: Creating Google TTS service, version googletts.google-speech-apk_20230612.01_p1.540072880
07-10 00:42:08.167   381   381 I GoogleTTSServiceImpl: currentLocale = sr
07-10 00:42:08.175 14405 14433 I TextToSpeech: Connected to TTS engine
07-10 00:42:08.198  5674  6522 D PackageManager: setEnabledSetting : userId = 0 packageName = com.adobe.reader cmp = com.adobe.libs.installpromotion.IntentCheckPSXView newState = 2 callingPackage = 10331/com.adobe.reader
07-10 00:42:08.200   381   395 W LegacyVoicePolicyManage: The requested voice is not available for this app identifier
07-10 00:42:08.200   381   395 W LegacyVoicePolicyManage: The requested voice is not available for this app identifier
07-10 00:42:08.200   381   395 W LegacyVoicePolicyManage: The requested voice is not available for this app identifier
07-10 00:42:08.200   381   395 W LegacyVoicePolicyManage: The requested voice is not available for this app identifier
07-10 00:42:08.200   381   395 W LegacyVoicePolicyManage: The requested voice is not available for this app identifier
07-10 00:42:08.201   381   395 W LegacyVoicePolicyManage: The requested voice is not available for this app identifier
07-10 00:42:08.201   381   395 W LegacyVoicePolicyManage: The requested voice is not available for this app identifier
07-10 00:42:08.201   381   395 W LegacyVoicePolicyManage: The requested voice is not available for this app identifier
07-10 00:42:08.201   381   395 W LegacyVoicePolicyManage: The requested voice is not available for this app identifier
07-10 00:42:08.201   381   395 W LegacyVoicePolicyManage: The requested voice is not available for this app identifier
07-10 00:42:08.201   381   395 W LegacyVoicePolicyManage: The requested voice is not available for this app identifier
07-10 00:42:08.201   381   395 W LegacyVoicePolicyManage: The requested voice is not available for this app identifier
07-10 00:42:08.201   381   395 W LegacyVoicePolicyManage: The requested voice is not available for this app identifier
07-10 00:42:08.201   381   395 W LegacyVoicePolicyManage: The requested voice is not available for this app identifier
07-10 00:42:08.201   381   395 W LegacyVoicePolicyManage: The requested voice is not available for this app identifier
07-10 00:42:08.201   381   395 W LegacyVoicePolicyManage: The requested voice is not available for this app identifier
07-10 00:42:08.201   381   395 W LegacyVoicePolicyManage: The requested voice is not available for this app identifier
07-10 00:42:08.201   381   395 W LegacyVoicePolicyManage: The requested voice is not available for this app identifier
07-10 00:42:08.201   381   395 W LegacyVoicePolicyManage: The requested voice is not available for this app identifier
