07-10 00:42:08.229   381   395 W LegacyVoicePolicyManage: The requested voice is not available for this app identifier
07-10 00:42:08.230   381   395 W LegacyVoicePolicyManage: The requested voice is not available for this app identifier
07-10 00:42:08.230   381   395 W LegacyVoicePolicyManage: The requested voice is not available for this app identifier
07-10 00:42:08.230   381   395 W LegacyVoicePolicyManage: The requested voice is not available for this app identifier
07-10 00:42:08.230   381   395 W LegacyVoicePolicyManage: The requested voice is not available for this app identifier
07-10 00:42:08.230   381   395 W LegacyVoicePolicyManage: The requested voice is not available for this app identifier
07-10 00:42:08.230   381   395 W LegacyVoicePolicyManage: The requested voice is not available for this app identifier
07-10 00:42:08.230   381   395 W LegacyVoicePolicyManage: The requested voice is not available for this app identifier
07-10 00:42:08.230   381   395 W LegacyVoicePolicyManage: The requested voice is not available for this app identifier
07-10 00:42:08.230   381   395 W LegacyVoicePolicyManage: The requested voice is not available for this app identifier
07-10 00:42:08.230   381   395 W LegacyVoicePolicyManage: The requested voice is not available for this app identifier
07-10 00:42:08.230   381   395 W LegacyVoicePolicyManage: The requested voice is not available for this app identifier
07-10 00:42:08.230   381   395 W LegacyVoicePolicyManage: The requested voice is not available for this app identifier
07-10 00:42:08.230   381   395 W LegacyVoicePolicyManage: The requested voice is not available for this app identifier
07-10 00:42:08.230   381   395 W LegacyVoicePolicyManage: The requested voice is not available for this app identifier
07-10 00:42:08.230   381   395 W LegacyVoicePolicyManage: The requested voice is not available for this app identifier
07-10 00:42:08.230   381   395 W LegacyVoicePolicyManage: The requested voice is not available for this app identifier
07-10 00:42:08.230   381   395 W LegacyVoicePolicyManage: The requested voice is not available for this app identifier
07-10 00:42:08.230   381   395 W LegacyVoicePolicyManage: The requested voice is not available for this app identifier
07-10 00:42:08.230   381   395 W LegacyVoicePolicyManage: The requested voice is not available for this app identifier
07-10 00:42:08.231   381   395 W LegacyVoicePolicyManage: The requested voice is not available for this app identifier
07-10 00:42:08.231   381   395 W RankedDispatcher: The requested voice is not available for this app identifier
07-10 00:42:08.232 14405 14482 I TextToSpeech: Setting up the connection to TTS engine...
07-10 00:42:08.247 14405 14606 I PlayCore: UID: [10331]  PID: [14405] AppUpdateService : Initiate binding to the service.
07-10 00:42:08.249 11611 11645 D Benchmark: Waiting 500 ms for [ProcessPid(processName=perfetto, pid=14379)] to die
07-10 00:42:08.290 14405 14405 I PlayCore: UID: [10331]  PID: [14405] AppUpdateService : ServiceConnectionImpl.onServiceConnected(ComponentInfo{com.android.vending/com.google.android.finsky.installservice.DevTriggeredUpdateService})
07-10 00:42:08.295 14405 14606 I PlayCore: UID: [10331]  PID: [14405] AppUpdateService : linkToDeath
07-10 00:42:08.334 11611 11645 I PerfettoCapture: Writing to /storage/emulated/0/Android/data/org.jetbrains.android_benchmark.test/cache/AckermannBenchmark_valuePreserveBoxDouble_2023-07-09-22-42-07.perfetto-trace.
07-10 00:42:08.339 31102  1901 I Finsky  : [218] kmb.a(17): com.adobe.reader: Account determined from installer data - [u50CvjFgI4N8BK_7VI5wqgrBLx4XC93qbnmKX3YNI1k]
07-10 00:42:08.341 31102  1901 I Finsky  : [218] kmb.a(67): Billing preferred account via installer for com.adobe.reader: [u50CvjFgI4N8BK_7VI5wqgrBLx4XC93qbnmKX3YNI1k]
07-10 00:42:08.376 31102  1901 I Finsky  : [218] kmb.a(17): com.adobe.reader: Account determined from installer data - [u50CvjFgI4N8BK_7VI5wqgrBLx4XC93qbnmKX3YNI1k]
07-10 00:42:08.380 31102  1901 I Finsky  : [218] kmb.a(67): Billing preferred account via installer for com.adobe.reader: [u50CvjFgI4N8BK_7VI5wqgrBLx4XC93qbnmKX3YNI1k]
07-10 00:42:08.411 14405 14610 D Queue   : enqueueConcurrent
07-10 00:42:08.503 14405 14433 I PlayCore: UID: [10331]  PID: [14405] OnRequestInstallCallback : onRequestInfo
07-10 00:42:08.506 14405 14606 I PlayCore: UID: [10331]  PID: [14405] AppUpdateService : Unbind from service.
07-10 00:42:08.687 14405 14618 D Queue   : enqueueIO
07-10 00:42:08.694 11611 11645 D Benchmark: Copying /storage/emulated/0/Android/data/org.jetbrains.android_benchmark.test/cache/AckermannBenchmark_valuePreserveBoxDouble_2023-07-09-22-42-07.perfetto-trace to /sdcard/Android/media/org.jetbrains.android_benchmark.test/additional_test_output/AckermannBenchmark_valuePreserveBoxDouble_2023-07-09-22-42-07.perfetto-trace
07-10 00:42:08.703 14405 14618 D Queue   : enqueueConcurrent
07-10 00:42:08.718 14405 14618 D Queue   : enqueueIO
07-10 00:42:08.723 14405 14618 D Queue   : enqueueConcurrent
07-10 00:42:08.729  9843 14286 W MediaProvider: isAppCloneUserPair for user 0: false
07-10 00:42:08.735 14405 14630 D Queue   : enqueueConcurrent
07-10 00:42:08.741 14405 14632 D Queue   : enqueueConcurrent
07-10 00:42:08.764 14405 14618 D ConnectivityManager: StackLog: [android.net.ConnectivityManager.sendRequestForNetwork(ConnectivityManager.java:4300)] [android.net.ConnectivityManager.sendRequestForNetwork(ConnectivityManager.java:4342)] [android.net.ConnectivityManager.registerNetworkCallback(ConnectivityManager.java:4724)] [android.net.ConnectivityManager.registerNetworkCallback(ConnectivityManager.java:4694)] [com.adobe.creativesdk.foundation.internal.analytics.f.f(SourceFile:35)] [com.adobe.creativesdk.foundation.internal.analytics.f.<init>(SourceFile:11)] [com.adobe.creativesdk.foundation.internal.analytics.c.<init>(SourceFile:27)] [com.adobe.creativesdk.foundation.internal.analytics.c.g(SourceFile:14)] [com.adobe.creativesdk.foundation.internal.analytics.b.b(SourceFile:19)] [com.adobe.creativesdk.foundation.adobeinternal.analytics.a.j(Unknown Source:0)] [com.adobe.engagementsdk.AdobeEngagementInternal.callAnalytics(SourceFile:105)] [java.lang.reflect.Method.invoke(Native Method)] [com.adobe.engagementsdk.AdobeEngagementInternal.handleCall(SourceFile:262)] [com.adobe.engagementsdk.Queue$Task.execute(Native Method)] [com.adobe.engagementsdk.Queue$3.run(SourceFile:3)] [java.util.concurrent.ThreadPoolExecutor.runWorker(ThreadPoolExecutor.java:1137)] [java.util.concurrent.ThreadPoolExecutor$Worker.run(ThreadPoolExecutor.java:637)] [java.lang.Thread.run(Thread.java:1012)]
07-10 00:42:08.771  5674  9952 D SyncManager: userId - 0 auto - true
07-10 00:42:08.783  5674  6055 D ConnectivityService: Rematched networks [computed 0ms] [applied 1ms] [issued 6]
07-10 00:42:08.783  5674  6055 D ConnectivityService: NetworkReassignment : no changes
07-10 00:42:08.900  5674  5745 W libprocessgroup: Failed to open /dev/blkio//cgroup.procs: No such file or directory
07-10 00:42:08.934 16924 10473 I NetworkScheduler.Stats: (REDACTED) Task %s/%s started execution. cause:%s exec_start_elapsed_seconds: %s
07-10 00:42:08.958 16924 14353 I NetworkScheduler.Stats: (REDACTED) Task %s/%s finished executing. cause:%s result: %s elapsed_millis: %s uptime_millis: %s exec_start_elapsed_seconds: %s
07-10 00:42:09.055  5287  5287 D Zygote  : Forked child process 14648
07-10 00:42:09.071 11611 11645 I Benchmark: AckermannBenchmark.valuePreserveBoxDouble[Metric (timeNs) results: median 161119.37786259543, min 154212.15572519085, max 176796.30076335877, standardDeviation: 5832.186301368745, Metric (allocationCount) results: median 1880.0045801526717, min 1880.0015267175572, max 1880.012213740458, standardDeviation: 0.004451108316717892]count=655
07-10 00:42:09.075 11611 11645 D Benchmark: writing results to /storage/emulated/0/Android/data/org.jetbrains.android_benchmark.test/cache/org.jetbrains.android_benchmark.test-benchmarkData.json
07-10 00:42:09.078 11611 11645 D Benchmark: Copying /storage/emulated/0/Android/data/org.jetbrains.android_benchmark.test/cache/org.jetbrains.android_benchmark.test-benchmarkData.json to /sdcard/Android/media/org.jetbrains.android_benchmark.test/additional_test_output/org.jetbrains.android_benchmark.test-benchmarkData.json
07-10 00:42:09.109  9843 14222 I MediaProvider: Deleted 0 0 0 0 0 0 0 items on external_primary due to org.jetbrains.android_benchmark.test
07-10 00:42:09.116 14648 14648 I e.process.gapps: Using CollectorTypeCC GC.
07-10 00:42:09.123 14648 14648 E e.process.gapps: Not starting debugger since process cannot load the jdwp agent.
07-10 00:42:09.130 14648 14648 W libc    : Access denied finding property "sys.perf.boostopt"
07-10 00:42:09.130  5262  5262 E audit   : type=1400 audit(1688942529.125:69432): avc:  denied  { read } for  pid=14648 comm="e.process.gapps" name="u:object_r:perf_prop:s0" dev="tmpfs" ino=10663 scontext=u:r:priv_app:s0:c512,c768 tcontext=u:object_r:perf_prop:s0 tclass=file permissive=0 SEPF_SM-A515F_13_0001 audit_filtered
07-10 00:42:09.130  5262  5262 E audit   : type=1300 audit(1688942529.125:69432): arch=c00000b7 syscall=56 success=no exit=-13 a0=ffffff9c a1=7fcf7d5458 a2=88000 a3=0 items=0 ppid=5287 pid=14648 auid=4294967295 uid=10226 gid=10226 euid=10226 suid=10226 fsuid=10226 egid=10226 sgid=10226 fsgid=10226 tty=(none) ses=4294967295 comm="e.process.gapps" exe="/system/bin/app_process64" subj=u:r:priv_app:s0:c512,c768 key=(null)
07-10 00:42:09.130  5262  5262 E audit   : type=1327 audit(1688942529.125:69432): proctitle="zygote64"
07-10 00:42:09.131 14648 14660 W libc    : Access denied finding property "sys.perf.boostopt"
07-10 00:42:09.131  5262  5262 E audit   : type=1400 audit(1688942529.129:69433): avc:  denied  { read } for  pid=14648 comm="binder:14648_1" name="u:object_r:perf_prop:s0" dev="tmpfs" ino=10663 scontext=u:r:priv_app:s0:c512,c768 tcontext=u:object_r:perf_prop:s0 tclass=file permissive=0 SEPF_SM-A515F_13_0001 audit_filtered
07-10 00:42:09.131  5262  5262 E audit   : type=1300 audit(1688942529.129:69433): arch=c00000b7 syscall=56 success=no exit=-13 a0=ffffff9c a1=7b7d4432f8 a2=88000 a3=0 items=0 ppid=5287 pid=14648 auid=4294967295 uid=10226 gid=10226 euid=10226 suid=10226 fsuid=10226 egid=10226 sgid=10226 fsgid=10226 tty=(none) ses=4294967295 comm="binder:14648_1" exe="/system/bin/app_process64" subj=u:r:priv_app:s0:c512,c768 key=(null)
07-10 00:42:09.132 14648 14648 D ActivityThread: setConscryptValidator
07-10 00:42:09.132 14648 14648 D ActivityThread: setConscryptValidator - put
07-10 00:42:09.141 14648 14648 D CompatibilityChangeReporter: Compat change id reported: 171979766; UID 10226; state: ENABLED
07-10 00:42:09.165 14648 14648 D nativeloader: Configuring classloader-namespace-shared for other apk /system/framework/org.apache.http.legacy.jar. target_sdk_version=33, uses_libraries=ALL, library_path=/system/system_ext/priv-app/GoogleServicesFramework/lib/arm64:/system/system_ext/priv-app/GoogleServicesFramework/GoogleServicesFramework.apk!/lib/arm64-v8a:/system/lib64:/system/system_ext/lib64, permitted_path=/data:/mnt/expand:/data/user/0/com.google.android.gsf:/system/system_ext/priv-app/GoogleServicesFramework:/system/lib64:/system/system_ext/lib64
07-10 00:42:09.165 14648 14648 D nativeloader: Extending system_exposed_libraries: libhumantracking.arcsoft.so:libPortraitDistortionCorrection.arcsoft.so:libPortraitDistortionCorrectionCali.arcsoft.so:libface_landmark.arcsoft.so:libFacialStickerEngine.arcsoft.so:libveengine.arcsoft.so:liblow_light_hdr.arcsoft.so:libhigh_dynamic_range.arcsoft.so:libFacialAttributeDetection.arcsoft.so:libBeauty_v4.camera.samsung.so:libexifa.camera.samsung.so:libjpega.camera.samsung.so:libOpenCv.camera.samsung.so:libImageScreener.camera.samsung.so:libMyFilter.camera.samsung.so:libtensorflowLite.myfilter.camera.samsung.so:libtensorflowlite_inference_api.myfilter.camera.samsung.so:libEventFinder.camera.samsung.so:libHIDTSnapJNI.camera.samsung.so:libSmartScan.camera.samsung.so:libRectify.camera.samsung.so:libDocRectifyWrapper.camera.samsung.so:libUltraWideDistortionCorrection.camera.samsung.so:libHpr_RecGAE_cvFeature_v1.0.camera.samsung.so:libHprFace_GAE_api.camera.samsung.so:libFace_Landmark_API.camera.samsung.so:libHprFace_GAE_jni.camera.samsung.so:libFacialBasedSelfieCorrec
07-10 00:42:09.171 14648 14648 D nativeloader: Configuring classloader-namespace-shared for other apk /system/system_ext/priv-app/GoogleServicesFramework/GoogleServicesFramework.apk. target_sdk_version=33, uses_libraries=, library_path=/system/system_ext/priv-app/GoogleServicesFramework/lib/arm64:/system/system_ext/priv-app/GoogleServicesFramework/GoogleServicesFramework.apk!/lib/arm64-v8a:/system/lib64:/system/system_ext/lib64, permitted_path=/data:/mnt/expand:/data/user/0/com.google.android.gsf:/system/system_ext/priv-app/GoogleServicesFramework:/system/lib64:/system/system_ext/lib64
07-10 00:42:09.190 14648 14648 V GraphicsEnvironment: ANGLE Developer option for 'com.google.android.gsf' set to: 'default'
07-10 00:42:09.190 14648 14648 V GraphicsEnvironment: ANGLE GameManagerService for com.google.android.gsf: false
07-10 00:42:09.190 14648 14648 V GraphicsEnvironment: Neither updatable production driver nor prerelease driver is supported.
07-10 00:42:09.195 14648 14648 D NetworkSecurityConfig: No Network Security Config specified, using platform default
07-10 00:42:09.197 14648 14648 D NetworkSecurityConfig: No Network Security Config specified, using platform default
07-10 00:42:09.240 11611 11645 I TestRunner: finished: valuePreserveBoxDouble(org.jetbrains.android_benchmark.AckermannBenchmark)
