07-10 01:00:32.862  5674  6045 D OemPaidWifiNetworkFactory: got request NetworkRequest [ REQUEST id=16540, [ Capabilities: INTERNET&NOT_RESTRICTED&TRUSTED&NOT_VCN_MANAGED Uid: 10309 RequestorUid: 10309 RequestorPkg: ru.yandex.disk UnderlyingNetworks: Null] ]
07-10 01:00:32.864  5674  6045 D MultiInternetWifiNetworkFactory: got request NetworkRequest [ REQUEST id=16540, [ Capabilities: INTERNET&NOT_RESTRICTED&TRUSTED&NOT_VCN_MANAGED Uid: 10309 RequestorUid: 10309 RequestorPkg: ru.yandex.disk UnderlyingNetworks: Null] ]
07-10 01:00:32.879  5674  6055 D ConnectivityService: Rematched networks [computed 1ms] [applied 2ms] [issued 27]
07-10 01:00:32.879  5674  6055 D ConnectivityService: NetworkReassignment :
07-10 01:00:32.879  5674  6055 D ConnectivityService:   16540 : null → 118
07-10 01:00:32.887 20093 20124 W ex.disk:Metrica: Method void com.yandex.metrica.impl.ob.xi.a(android.os.Bundle) failed lock verification and will run slower.
07-10 01:00:32.887 20093 20124 W ex.disk:Metrica: Common causes for lock verification issues are non-optimized dex code
07-10 01:00:32.887 20093 20124 W ex.disk:Metrica: and incorrect proguard optimizations.
07-10 01:00:32.941 20040 20040 I Choreographer: Skipped 33 frames!  The application may be doing too much work on its main thread.
07-10 01:00:32.944  6365 20041 I DWBUsageDataManager: updateDailyData of 1688770831673
07-10 01:00:32.944  6365 20041 I DWBUsageDataManager: RETRIEVE_ALL_DATA is Progressing
07-10 01:00:32.969 20093 20118 W libc    : Access denied finding property "sys.perf.boostopt"
07-10 01:00:32.974  5262  5262 E audit   : type=1400 audit(1688943632.965:69595): avc:  denied  { read } for  pid=20093 comm="binder:20093_3" name="u:object_r:perf_prop:s0" dev="tmpfs" ino=10663 scontext=u:r:untrusted_app:s0:c53,c257,c512,c768 tcontext=u:object_r:perf_prop:s0 tclass=file permissive=0 SEPF_SM-A515F_13_0001 audit_filtered
07-10 01:00:32.974  5262  5262 E audit   : type=1300 audit(1688943632.965:69595): arch=c00000b7 syscall=56 success=no exit=-13 a0=ffffff9c a1=7b7d2562f8 a2=88000 a3=0 items=0 ppid=5287 pid=20093 auid=4294967295 uid=10309 gid=10309 euid=10309 suid=10309 fsuid=10309 egid=10309 sgid=10309 fsgid=10309 tty=(none) ses=4294967295 comm="binder:20093_3" exe="/system/bin/app_process64" subj=u:r:untrusted_app:s0:c53,c257,c512,c768 key=(null)
07-10 01:00:32.975  5262  5262 E audit   : type=1327 audit(1688943632.965:69595): proctitle="ru.yandex.disk:Metrica"
07-10 01:00:32.975 20093 20123 I AppMetrica: Activate AppMetrica with APIKey a7d6c160-xxxx-xxxx-xxxx-xxxxxxxx0a08
07-10 01:00:32.981 20093 20123 I AppMetrica: Activate reporter with APIKey 20799a27-xxxx-xxxx-xxxx-xxxxxxxx4180
07-10 01:00:33.009 20040 20073 D Volley  : [141] am0.a: Changing log tag to Yandex Mobile Ads
07-10 01:00:33.131 20040 20157 D TrafficStats: tagSocket(112) with statsTag=0x63e782f2, statsUid=-1
07-10 01:00:33.344 16924  4919 E WakeLock: WearableBluetooth ** IS FORCE-RELEASED ON TIMEOUT **
07-10 01:00:33.358 29789 29789 D BoundBrokerSvc: onBind: Intent { act=com.google.android.gms.appset.service.START dat=chimera-action:/... cmp=com.google.android.gms/.chimera.GmsApiService }
07-10 01:00:33.358 29789 29789 D BoundBrokerSvc: Loading bound service for intent: Intent { act=com.google.android.gms.appset.service.START dat=chimera-action:/... cmp=com.google.android.gms/.chimera.GmsApiService }
07-10 01:00:33.430  6365 20041 I DWBUsageDataManager: updateDailyData of 1688684431673
07-10 01:00:33.430  6365 20041 I DWBUsageDataManager: RETRIEVE_ALL_DATA is Progressing
07-10 01:00:33.494 20040 20179 W ru.yandex.disk: Long monitor contention with owner gallerySyncExecutor #-1 (20172) at ru.yandex.disk.gallery.data.database.GalleryDataProvider ru.yandex.disk.Yatagan$CoreComponent$UserComponentsImpl.w8()(SourceFile:-1) waiters=0 in ru.yandex.disk.gallery.data.database.GalleryDataProvider ru.yandex.disk.Yatagan$CoreComponent$UserComponentsImpl.w8() for 110ms
07-10 01:00:33.522  5287  5287 D Zygote  : Forked child process 20184
07-10 01:00:33.585 20184 20184 I x.disk:passport: Using CollectorTypeCC GC.
07-10 01:00:33.599 20184 20184 E x.disk:passport: Not starting debugger since process cannot load the jdwp agent.
07-10 01:00:33.608 20184 20184 W libc    : Access denied finding property "sys.perf.boostopt"
07-10 01:00:33.608  5262  5262 E audit   : type=1400 audit(1688943633.605:69596): avc:  denied  { read } for  pid=20184 comm="x.disk:passport" name="u:object_r:perf_prop:s0" dev="tmpfs" ino=10663 scontext=u:r:untrusted_app:s0:c53,c257,c512,c768 tcontext=u:object_r:perf_prop:s0 tclass=file permissive=0 SEPF_SM-A515F_13_0001 audit_filtered
07-10 01:00:33.609 20184 20201 W libc    : Access denied finding property "sys.perf.boostopt"
07-10 01:00:33.613 20184 20184 D ActivityThread: setConscryptValidator
07-10 01:00:33.613 20184 20184 D ActivityThread: setConscryptValidator - put
07-10 01:00:33.623  5674  6213 D NetdEventListenerService: DNS Requested by : 118, 10309
07-10 01:00:33.640 20040 20166 D TrafficStats: tagSocket(121) with statsTag=0x1, statsUid=-1
07-10 01:00:33.658 20184 20201 W libc    : Access denied finding property "sys.perf.boostopt"
07-10 01:00:33.662 20184 20184 D CompatibilityChangeReporter: Compat change id reported: 171979766; UID 10309; state: ENABLED
07-10 01:00:33.730 20093 20136 I AppMetrica-Attribution: Choosing distribution data: ClidsInfo(chosen=Candidate(clids=null, source=APP), candidates=[Candidate(clids=null, source=APP)])
07-10 01:00:33.732 20093 20205 D TrafficStats: tagSocket(107) with statsTag=0xffffffff, statsUid=-1
07-10 01:00:33.751 20093 20205 D TrafficStats: tagSocket(107) with statsTag=0xffffffff, statsUid=-1
07-10 01:00:33.757 20093 20162 D CompatibilityChangeReporter: Compat change id reported: 147600208; UID 10309; state: ENABLED
07-10 01:00:33.777  6365 20041 I DWBUsageDataManager: updateDailyData of 1688598031673
07-10 01:00:33.777  6365 20041 I DWBUsageDataManager: RETRIEVE_ALL_DATA is Progressing
07-10 01:00:33.779 20040 20166 W ru.yandex.disk: Accessing hidden method Lcom/android/org/conscrypt/ConscryptEngineSocket;->setUseSessionTickets(Z)V (max-target-q,core-platform-api, reflection, denied)
07-10 01:00:33.810 20040 20166 W ru.yandex.disk: Accessing hidden method Lcom/android/org/conscrypt/OpenSSLSocketImpl;->setUseSessionTickets(Z)V (max-target-q,core-platform-api, reflection, denied)
07-10 01:00:33.810 20040 20166 W ru.yandex.disk: Accessing hidden method Lcom/android/org/conscrypt/AbstractConscryptSocket;->setUseSessionTickets(Z)V (max-target-q, reflection, denied)
07-10 01:00:33.811 20040 20166 W ru.yandex.disk: Accessing hidden method Lcom/android/org/conscrypt/ConscryptEngineSocket;->setHostname(Ljava/lang/String;)V (max-target-q,core-platform-api, reflection, denied)
07-10 01:00:33.811 20040 20166 W ru.yandex.disk: Accessing hidden method Lcom/android/org/conscrypt/OpenSSLSocketImpl;->setHostname(Ljava/lang/String;)V (max-target-q,core-platform-api, reflection, denied)
07-10 01:00:33.811 20040 20166 W ru.yandex.disk: Accessing hidden method Lcom/android/org/conscrypt/AbstractConscryptSocket;->setHostname(Ljava/lang/String;)V (max-target-q, reflection, denied)
07-10 01:00:33.812 20040 20166 W ru.yandex.disk: Accessing hidden method Lcom/android/org/conscrypt/OpenSSLSocketImpl;->setAlpnProtocols([B)V (max-target-q,core-platform-api, reflection, denied)
07-10 01:00:33.812 20040 20166 W ru.yandex.disk: Accessing hidden method Lcom/android/org/conscrypt/AbstractConscryptSocket;->setAlpnProtocols([B)V (max-target-q, reflection, denied)
07-10 01:00:33.869 20184 20184 W ziparchive: Unable to open '/data/app/~~jHMlvHleUwFKmvzTztApwA==/ru.yandex.disk-0B60BW5RIogOcr68FkzKGQ==/split_config.arm64_v8a.dm': No such file or directory
07-10 01:00:33.875 20093 20136 I AppMetrica-Attribution: Choosing distribution data: ClidsInfo(chosen=Candidate(clids=null, source=APP), candidates=[Candidate(clids=null, source=APP)])
07-10 01:00:33.897 20184 20184 W ziparchive: Unable to open '/data/app/~~jHMlvHleUwFKmvzTztApwA==/ru.yandex.disk-0B60BW5RIogOcr68FkzKGQ==/split_config.arm64_v8a.dm': No such file or directory
07-10 01:00:33.902 20184 20184 W x.disk:passport: Entry not found
07-10 01:00:33.911 20093 20136 I AppMetrica-Attribution: Choosing distribution data: ClidsInfo(chosen=Candidate(clids=null, source=APP), candidates=[Candidate(clids=null, source=APP)])
07-10 01:00:33.925 20184 20184 W ziparchive: Unable to open '/data/app/~~jHMlvHleUwFKmvzTztApwA==/ru.yandex.disk-0B60BW5RIogOcr68FkzKGQ==/split_config.xxhdpi.dm': No such file or directory
07-10 01:00:33.925 20184 20184 W ziparchive: Unable to open '/data/app/~~jHMlvHleUwFKmvzTztApwA==/ru.yandex.disk-0B60BW5RIogOcr68FkzKGQ==/split_config.xxhdpi.dm': No such file or directory
07-10 01:00:33.945 20184 20184 W x.disk:passport: Entry not found
07-10 01:00:33.965 20184 20184 D nativeloader: Configuring classloader-namespace for other apk /data/app/~~jHMlvHleUwFKmvzTztApwA==/ru.yandex.disk-0B60BW5RIogOcr68FkzKGQ==/base.apk:/data/app/~~jHMlvHleUwFKmvzTztApwA==/ru.yandex.disk-0B60BW5RIogOcr68FkzKGQ==/split_config.arm64_v8a.apk:/data/app/~~jHMlvHleUwFKmvzTztApwA==/ru.yandex.disk-0B60BW5RIogOcr68FkzKGQ==/split_config.xxhdpi.apk. target_sdk_version=33, uses_libraries=, library_path=/data/app/~~jHMlvHleUwFKmvzTztApwA==/ru.yandex.disk-0B60BW5RIogOcr68FkzKGQ==/lib/arm64:/data/app/~~jHMlvHleUwFKmvzTztApwA==/ru.yandex.disk-0B60BW5RIogOcr68FkzKGQ==/base.apk!/lib/arm64-v8a:/data/app/~~jHMlvHleUwFKmvzTztApwA==/ru.yandex.disk-0B60BW5RIogOcr68FkzKGQ==/split_config.arm64_v8a.apk!/lib/arm64-v8a:/data/app/~~jHMlvHleUwFKmvzTztApwA==/ru.yandex.disk-0B60BW5RIogOcr68FkzKGQ==/split_config.xxhdpi.apk!/lib/arm64-v8a, permitted_path=/data:/mnt/expand:/data/user/0/ru.yandex.disk
07-10 01:00:33.982 20184 20184 W x.disk:passport: JIT profile information will not be recorded: profile file does not exist.
07-10 01:00:33.982 20184 20184 W x.disk:passport: JIT profile information will not be recorded: profile file does not exist.
07-10 01:00:33.996 20093 20136 I AppMetrica-Attribution: Choosing distribution data: ClidsInfo(chosen=Candidate(clids=null, source=APP), candidates=[Candidate(clids=null, source=APP)])
07-10 01:00:34.048 20184 20184 V GraphicsEnvironment: ANGLE Developer option for 'ru.yandex.disk' set to: 'default'
07-10 01:00:34.053 20184 20184 V GraphicsEnvironment: ANGLE GameManagerService for ru.yandex.disk: false
07-10 01:00:34.053 20184 20184 V GraphicsEnvironment: Neither updatable production driver nor prerelease driver is supported.
07-10 01:00:34.061 20184 20184 D NetworkSecurityConfig: Using Network Security Config from resource network_security_config debugBuild: false
07-10 01:00:34.068 20093 20136 I AppMetrica-Attribution: Choosing distribution data: ClidsInfo(chosen=Candidate(clids=null, source=APP), candidates=[Candidate(clids=null, source=APP)])
07-10 01:00:34.081 20184 20184 D NetworkSecurityConfig: Using Network Security Config from resource network_security_config debugBuild: false
07-10 01:00:34.102  5674  6213 D NetdEventListenerService: DNS Requested by : 118, 10309
07-10 01:00:34.105 20040 20218 D TrafficStats: tagSocket(122) with statsTag=0x8afc03d2, statsUid=-1
07-10 01:00:34.144 20184 20184 D AmModule: hack enabled: false
07-10 01:00:34.159 20093 20136 I AppMetrica-Attribution: Choosing distribution data: ClidsInfo(chosen=Candidate(clids=null, source=APP), candidates=[Candidate(clids=null, source=APP)])
07-10 01:00:34.165 20184 20228 D CompatibilityChangeReporter: Compat change id reported: 183155436; UID 10309; state: ENABLED
07-10 01:00:34.176 20184 20228 I AppMetrica: Initializing of Metrica, Release type, Version 5.2.0, API Level 105, Dated 15.09.2022.
07-10 01:00:34.181  6365 20041 I DWBUsageDataManager: updateDailyData of 1688511631673
07-10 01:00:34.181  6365 20041 I DWBUsageDataManager: RETRIEVE_ALL_DATA is Progressing
07-10 01:00:34.274 20093 20204 D TrafficStats: tagSocket(114) with statsTag=0xffffffff, statsUid=-1
07-10 01:00:34.299 20093 20136 I AppMetrica-Attribution: Choosing distribution data: ClidsInfo(chosen=Candidate(clids=null, source=APP), candidates=[Candidate(clids=null, source=APP)])
07-10 01:00:34.356 20184 20229 W x.disk:passport: Method void com.yandex.metrica.impl.ob.xi.a(android.os.Bundle) failed lock verification and will run slower.
07-10 01:00:34.356 20184 20229 W x.disk:passport: Common causes for lock verification issues are non-optimized dex code
07-10 01:00:34.356 20184 20229 W x.disk:passport: and incorrect proguard optimizations.
07-10 01:00:34.371 20184 20228 I AppMetrica: Activate reporter with APIKey 67bb016b-xxxx-xxxx-xxxx-xxxxxxxx03d3
07-10 01:00:34.391 20184 20228 I AppMetrica: Activate reporter with APIKey 20799a27-xxxx-xxxx-xxxx-xxxxxxxx4180
07-10 01:00:34.445 20093 20136 I AppMetrica-Attribution: Choosing distribution data: ClidsInfo(chosen=Candidate(clids=null, source=APP), candidates=[Candidate(clids=null, source=APP)])
07-10 01:00:34.617 20093 20211 I AppMetrica-Attribution: Choosing distribution data: ClidsInfo(chosen=Candidate(clids=null, source=APP), candidates=[Candidate(clids=null, source=APP)])
07-10 01:00:34.651 20093 20204 D TrafficStats: tagSocket(116) with statsTag=0xffffffff, statsUid=-1
07-10 01:00:34.658 20093 20136 I AppMetrica-Attribution: Choosing distribution data: ClidsInfo(chosen=Candidate(clids=null, source=APP), candidates=[Candidate(clids=null, source=APP)])
07-10 01:00:34.679  5674  9954 D PackageManager: setEnabledSetting : userId = 0 packageName = com.Slack cmp = androidx.work.impl.background.systemalarm.RescheduleReceiver newState = 1 callingPackage = 10329/com.Slack
07-10 01:00:34.680  5674  9954 D ApplicationPolicy: getApplicationStateEnabled : pkg = com.Slack userId : 0
07-10 01:00:34.682  5674  9954 D ApplicationPolicy: getApplicationComponentState : pkg = com.Slack userId : 0
07-10 01:00:34.714 20093 20136 I AppMetrica-Attribution: Choosing distribution data: ClidsInfo(chosen=Candidate(clids=null, source=APP), candidates=[Candidate(clids=null, source=APP)])
07-10 01:00:34.729  5674  5745 W libprocessgroup: Failed to open /dev/blkio//cgroup.procs: No such file or directory
07-10 01:00:34.732  5353  5543 V APM_AudioPolicyManager: setAppState(portId:1005, state:1)
07-10 01:00:34.744  5674  6213 D NetdEventListenerService: DNS Requested by : 118, 10309
07-10 01:00:34.744 15049 15246 D ConnectivityManager: StackLog: [android.net.ConnectivityManager.sendRequestForNetwork(ConnectivityManager.java:4300)] [android.net.ConnectivityManager.registerDefaultNetworkCallbackForUid(ConnectivityManager.java:4864)] [android.net.ConnectivityManager.registerDefaultNetworkCallback(ConnectivityManager.java:4831)] [android.net.ConnectivityManager.registerDefaultNetworkCallback(ConnectivityManager.java:4805)] [androidx.work.impl.utils.NetworkApi24.registerDefaultNetworkCallbackCompat(Unknown Source:11)] [androidx.work.impl.constraints.trackers.NetworkStateTracker24.startTracking(Unknown Source:15)] [androidx.work.impl.constraints.controllers.ConstraintController.replace(Unknown Source:130)] [androidx.work.impl.constraints.WorkConstraintsTrackerImpl.replace(Unknown Source:41)] [androidx.work.impl.background.greedy.GreedyScheduler.schedule(Unknown Source:302)] [androidx.work.impl.Schedulers.schedule(Unknown Source:155)] [androidx.work.impl.utils.EnqueueRunnable.run(Unknown Source:53)] [androidx.work.Worker$2.run$androidx$work$impl$utils$SerialExecutorImpl$Task(Unknown Source:4)] [androidx.work.Worker$2.run(Unknown Source:868)] [java.util.concurrent.ThreadPoolExecutor.runWorker(ThreadPoolExecutor.java:1137)] [java.util.concurrent.ThreadPoolExecutor$Worker.run(ThreadPoolExecutor.java:637)] [java.lang.Thread.run(Thread.java:1012)]
07-10 01:00:34.745 20093 20147 D TrafficStats: tagSocket(119) with statsTag=0xffffffff, statsUid=-1
07-10 01:00:34.747  5674  9954 D ConnectivityService: requestNetwork for uid/pid:10329/15049 activeRequest: null callbackRequest: 16541 [NetworkRequest [ REQUEST id=16542, [ Capabilities: INTERNET&NOT_RESTRICTED&TRUSTED&NOT_VCN_MANAGED Uid: 10329 RequestorUid: 10329 RequestorPkg: com.Slack UnderlyingNetworks: Null] ]] callback flags: 0 order: 2147483647
07-10 01:00:34.750  5674  6055 D ConnectivityService:    accepting network in place of null
07-10 01:00:34.758  5674  6045 D WifiNetworkFactory: got request NetworkRequest [ REQUEST id=16542, [ Capabilities: INTERNET&NOT_RESTRICTED&TRUSTED&NOT_VCN_MANAGED Uid: 10329 RequestorUid: 10329 RequestorPkg: com.Slack UnderlyingNetworks: Null] ]
07-10 01:00:34.759  5674  6045 D UntrustedWifiNetworkFactory: got request NetworkRequest [ REQUEST id=16542, [ Capabilities: INTERNET&NOT_RESTRICTED&TRUSTED&NOT_VCN_MANAGED Uid: 10329 RequestorUid: 10329 RequestorPkg: com.Slack UnderlyingNetworks: Null] ]
07-10 01:00:34.760  5674  6045 D OemPaidWifiNetworkFactory: got request NetworkRequest [ REQUEST id=16542, [ Capabilities: INTERNET&NOT_RESTRICTED&TRUSTED&NOT_VCN_MANAGED Uid: 10329 RequestorUid: 10329 RequestorPkg: com.Slack UnderlyingNetworks: Null] ]
07-10 01:00:34.762  5674  6045 D MultiInternetWifiNetworkFactory: got request NetworkRequest [ REQUEST id=16542, [ Capabilities: INTERNET&NOT_RESTRICTED&TRUSTED&NOT_VCN_MANAGED Uid: 10329 RequestorUid: 10329 RequestorPkg: com.Slack UnderlyingNetworks: Null] ]
07-10 01:00:34.769  5674  6055 D ConnectivityService: Rematched networks [computed 1ms] [applied 2ms] [issued 16]
07-10 01:00:34.769  5674  6055 D ConnectivityService: NetworkReassignment :
07-10 01:00:34.769  5674  6055 D ConnectivityService:   16542 : null → 118
07-10 01:00:34.797 20184 20241 W x.disk:passport: Long monitor contention with owner DefaultDispatcher-worker-2 (20240) at java.lang.Object gc.d.get()(SourceFile:-1) waiters=0 in java.lang.Object gc.d.get() for 345ms
07-10 01:00:34.806 15049 15049 D ConnectivityManager: StackLog: [android.net.ConnectivityManager.unregisterNetworkCallback(ConnectivityManager.java:4972)] [androidx.work.impl.utils.NetworkApi21.unregisterNetworkCallbackCompat(Unknown Source:11)] [androidx.work.impl.constraints.trackers.NetworkStateTracker24.stopTracking(Unknown Source:15)] [androidx.work.impl.constraints.trackers.ConstraintTracker.removeListener(Unknown Source:24)] [androidx.work.impl.constraints.controllers.ConstraintController.replace(Unknown Source:81)] [androidx.work.impl.constraints.WorkConstraintsTrackerImpl.replace(Unknown Source:41)] [androidx.work.impl.background.greedy.GreedyScheduler.onExecuted(Unknown Source:55)] [androidx.work.impl.Processor.onExecuted(Unknown Source:59)] [com.bugsnag.android.DeliveryDelegate$1.run(Unknown Source:212)]
07-10 01:00:34.808  5674  6055 D ConnectivityService:  Removing from current network [118 WIFI], leaving 156 requests.
07-10 01:00:34.809 20184 20240 D CompatibilityChangeReporter: Compat change id reported: 194532703; UID 10309; state: ENABLED
07-10 01:00:34.819  5353  5543 V APM_AudioPolicyManager: setAppState(portId:1005, state:1)
07-10 01:00:34.819  5353  5543 V APM_AudioPolicyManager: setAppState(portId:1005, state:1)
07-10 01:00:34.827 20184 20202 W libc    : Access denied finding property "sys.perf.boostopt"
07-10 01:00:34.828  5674  5745 W libprocessgroup: Failed to open /dev/blkio//cgroup.procs: No such file or directory
07-10 01:00:34.829  5262  5262 E audit   : type=1400 audit(1688943634.825:69599): avc:  denied  { read } for  pid=20184 comm="binder:20184_2" name="u:object_r:perf_prop:s0" dev="tmpfs" ino=10663 scontext=u:r:untrusted_app:s0:c53,c257,c512,c768 tcontext=u:object_r:perf_prop:s0 tclass=file permissive=0 SEPF_SM-A515F_13_0001 audit_filtered
07-10 01:00:34.829  5262  5262 E audit   : type=1300 audit(1688943634.825:69599): arch=c00000b7 syscall=56 success=no exit=-13 a0=ffffff9c a1=7b89c802f8 a2=88000 a3=0 items=0 ppid=5287 pid=20184 auid=4294967295 uid=10309 gid=10309 euid=10309 suid=10309 fsuid=10309 egid=10309 sgid=10309 fsgid=10309 tty=(none) ses=4294967295 comm="binder:20184_2" exe="/system/bin/app_process64" subj=u:r:untrusted_app:s0:c53,c257,c512,c768 key=(null)
07-10 01:00:34.829  5262  5262 E audit   : type=1327 audit(1688943634.825:69599): proctitle="ru.yandex.disk:passport"
07-10 01:00:34.832  5674  5745 W libprocessgroup: Failed to open /dev/blkio//cgroup.procs: No such file or directory
07-10 01:00:34.832 20093 20136 I AppMetrica-Attribution: Choosing distribution data: ClidsInfo(chosen=Candidate(clids=null, source=APP), candidates=[Candidate(clids=null, source=APP)])
07-10 01:00:34.834  5674  5745 W libprocessgroup: Failed to open /dev/blkio//cgroup.procs: No such file or directory
07-10 01:00:34.840 20093 20220 I AppMetrica-Attribution: Choosing distribution data: ClidsInfo(chosen=Candidate(clids=null, source=APP), candidates=[Candidate(clids=null, source=APP)])
07-10 01:00:34.891 20040 20166 W ru.yandex.disk: Accessing hidden method Lcom/android/org/conscrypt/OpenSSLSocketImpl;->getAlpnSelectedProtocol()[B (max-target-q,core-platform-api, reflection, denied)
07-10 01:00:34.891 20040 20166 W ru.yandex.disk: Accessing hidden method Lcom/android/org/conscrypt/AbstractConscryptSocket;->getAlpnSelectedProtocol()[B (max-target-q, reflection, denied)
07-10 01:00:34.896 20093 20136 I AppMetrica-Attribution: Choosing distribution data: ClidsInfo(chosen=Candidate(clids=null, source=APP), candidates=[Candidate(clids=null, source=APP)])
07-10 01:00:34.898 20093 20136 I AppMetrica-Attribution: Choosing distribution data: ClidsInfo(chosen=Candidate(clids=null, source=APP), candidates=[Candidate(clids=null, source=APP)])
07-10 01:00:34.906 20093 20136 I AppMetrica-Attribution: Choosing distribution data: ClidsInfo(chosen=Candidate(clids=null, source=APP), candidates=[Candidate(clids=null, source=APP)])
07-10 01:00:34.954  6365 20041 I DWBUsageDataManager: updateDailyData of 1688425231673
07-10 01:00:34.954  6365 20041 I DWBUsageDataManager: RETRIEVE_ALL_DATA is Progressing
07-10 01:00:35.022 20040 20040 I YandexAdsIntegrityCheck: Yandex Mobile Ads 5.3.2 initialized successfully
07-10 01:00:35.022  5674  5745 W libprocessgroup: Failed to open /dev/blkio//cgroup.procs: No such file or directory
07-10 01:00:35.085  5674  7726 D SemWifiUsabilityStatsMonitor: onWifiUsabilityStats - seqNum 21436, isSameBssidAndFreq true
07-10 01:00:35.086  6461  6461 D NetworkController.WifiSignalController: notifyListener: visible=true, connected=true, inetCondition=1, isDefault=true, wifiTestReported=true, receivedInetCondition=-1, hideDuringMobileSwitching=false
07-10 01:00:35.089  5674  6128 I SemWifiLinkQualityMonitor: Link Qos Query: 0.027 ms / 292.145 Mbps (433 / 0.000 / 1.482)
07-10 01:00:35.161  5674  6213 D NetdEventListenerService: DNS Requested by : 118, 10309
07-10 01:00:35.161 20093 20147 I AppMetrica-Attribution: Choosing distribution data: ClidsInfo(chosen=Candidate(clids=null, source=APP), candidates=[Candidate(clids=null, source=APP)])
07-10 01:00:35.162 20184 20263 D TrafficStats: tagSocket(85) with statsTag=0x1, statsUid=-1
07-10 01:00:35.239  6365 20041 I DWBUsageDataManager: updateDailyData of 1688338831673
07-10 01:00:35.241 20184 20240 I FirebaseApp: Device unlocked: initializing all Firebase APIs for app [DEFAULT]
07-10 01:00:35.243  6365 20041 I DWBUsageDataManager: RETRIEVE_ALL_DATA is Progressing
07-10 01:00:35.247 20184 20263 W x.disk:passport: Accessing hidden method Lcom/android/org/conscrypt/ConscryptEngineSocket;->setUseSessionTickets(Z)V (max-target-q,core-platform-api, reflection, denied)
07-10 01:00:35.248 20184 20263 W x.disk:passport: Accessing hidden method Lcom/android/org/conscrypt/OpenSSLSocketImpl;->setUseSessionTickets(Z)V (max-target-q,core-platform-api, reflection, denied)
07-10 01:00:35.248 20184 20263 W x.disk:passport: Accessing hidden method Lcom/android/org/conscrypt/AbstractConscryptSocket;->setUseSessionTickets(Z)V (max-target-q, reflection, denied)
07-10 01:00:35.248 20184 20263 W x.disk:passport: Accessing hidden method Lcom/android/org/conscrypt/ConscryptEngineSocket;->setHostname(Ljava/lang/String;)V (max-target-q,core-platform-api, reflection, denied)
07-10 01:00:35.249 20184 20263 W x.disk:passport: Accessing hidden method Lcom/android/org/conscrypt/OpenSSLSocketImpl;->setHostname(Ljava/lang/String;)V (max-target-q,core-platform-api, reflection, denied)
07-10 01:00:35.249 20184 20263 W x.disk:passport: Accessing hidden method Lcom/android/org/conscrypt/AbstractConscryptSocket;->setHostname(Ljava/lang/String;)V (max-target-q, reflection, denied)
07-10 01:00:35.249 20184 20263 W x.disk:passport: Accessing hidden method Lcom/android/org/conscrypt/OpenSSLSocketImpl;->setAlpnProtocols([B)V (max-target-q,core-platform-api, reflection, denied)
07-10 01:00:35.250 20184 20263 W x.disk:passport: Accessing hidden method Lcom/android/org/conscrypt/AbstractConscryptSocket;->setAlpnProtocols([B)V (max-target-q, reflection, denied)
07-10 01:00:35.422 20093 20211 I AppMetrica-Attribution: Choosing distribution data: ClidsInfo(chosen=Candidate(clids=null, source=APP), candidates=[Candidate(clids=null, source=APP)])
07-10 01:00:35.477 20093 20211 I AppMetrica-Attribution: Choosing distribution data: ClidsInfo(chosen=Candidate(clids=null, source=APP), candidates=[Candidate(clids=null, source=APP)])
07-10 01:00:35.541 20184 20263 W x.disk:passport: Accessing hidden method Lcom/android/org/conscrypt/OpenSSLSocketImpl;->getAlpnSelectedProtocol()[B (max-target-q,core-platform-api, reflection, denied)
07-10 01:00:35.541 20184 20263 W x.disk:passport: Accessing hidden method Lcom/android/org/conscrypt/AbstractConscryptSocket;->getAlpnSelectedProtocol()[B (max-target-q, reflection, denied)
07-10 01:00:35.629  6365 20041 I DWBUsageDataManager: updateDailyData of 1688252431673
07-10 01:00:35.629  6365 20041 I DWBUsageDataManager: RETRIEVE_ALL_DATA is Progressing
07-10 01:00:35.667 20093 20211 I AppMetrica-Attribution: Choosing distribution data: ClidsInfo(chosen=Candidate(clids=null, source=APP), candidates=[Candidate(clids=null, source=APP)])
07-10 01:00:35.701 20093 20211 I AppMetrica-Attribution: Choosing distribution data: ClidsInfo(chosen=Candidate(clids=null, source=APP), candidates=[Candidate(clids=null, source=APP)])
07-10 01:00:35.707 20093 20147 I AppMetrica-Attribution: Choosing distribution data: ClidsInfo(chosen=Candidate(clids=null, source=APP), candidates=[Candidate(clids=null, source=APP)])
07-10 01:00:35.758 20093 20211 I AppMetrica-Attribution: Choosing distribution data: ClidsInfo(chosen=Candidate(clids=null, source=APP), candidates=[Candidate(clids=null, source=APP)])
07-10 01:00:35.776 20093 20211 I AppMetrica-Attribution: Choosing distribution data: ClidsInfo(chosen=Candidate(clids=null, source=APP), candidates=[Candidate(clids=null, source=APP)])
07-10 01:00:35.793  5262  5262 E audit   : type=1400 audit(1688943635.789:69600): avc:  denied  { read } for  pid=20093 comm="binder:20093_1" name="u:object_r:perf_prop:s0" dev="tmpfs" ino=10663 scontext=u:r:untrusted_app:s0:c53,c257,c512,c768 tcontext=u:object_r:perf_prop:s0 tclass=file permissive=0 SEPF_SM-A515F_13_0001 audit_filtered
07-10 01:00:35.794 20093 20115 W libc    : Access denied finding property "sys.perf.boostopt"
07-10 01:00:35.808 20093 20211 I AppMetrica-Attribution: Choosing distribution data: ClidsInfo(chosen=Candidate(clids=null, source=APP), candidates=[Candidate(clids=null, source=APP)])
07-10 01:00:35.829 20093 20211 I AppMetrica-Attribution: Choosing distribution data: ClidsInfo(chosen=Candidate(clids=null, source=APP), candidates=[Candidate(clids=null, source=APP)])
07-10 01:00:35.903 20093 20211 I AppMetrica-Attribution: Choosing distribution data: ClidsInfo(chosen=Candidate(clids=null, source=APP), candidates=[Candidate(clids=null, source=APP)])
07-10 01:00:35.923 20093 20147 I AppMetrica-Attribution: Choosing distribution data: ClidsInfo(chosen=Candidate(clids=null, source=APP), candidates=[Candidate(clids=null, source=APP)])
07-10 01:00:35.939 20093 20211 I AppMetrica-Attribution: Choosing distribution data: ClidsInfo(chosen=Candidate(clids=null, source=APP), candidates=[Candidate(clids=null, source=APP)])
07-10 01:00:35.986  5353  5699 V APM_AudioPolicyManager: setAppState(portId:1005, state:1)
07-10 01:00:36.018  5353  5699 V APM_AudioPolicyManager: setAppState(portId:1005, state:1)
07-10 01:00:36.034 20093 20211 I AppMetrica-Attribution: Choosing distribution data: ClidsInfo(chosen=Candidate(clids=null, source=APP), candidates=[Candidate(clids=null, source=APP)])
07-10 01:00:36.060 20093 20211 I AppMetrica-Attribution: Choosing distribution data: ClidsInfo(chosen=Candidate(clids=null, source=APP), candidates=[Candidate(clids=null, source=APP)])
07-10 01:00:36.084  6365 20041 I DWBUsageDataManager: updateDailyData of 1688166031673
07-10 01:00:36.084  6365 20041 I DWBUsageDataManager: RETRIEVE_ALL_DATA is Progressing
07-10 01:00:36.091 20093 20211 I AppMetrica-Attribution: Choosing distribution data: ClidsInfo(chosen=Candidate(clids=null, source=APP), candidates=[Candidate(clids=null, source=APP)])
07-10 01:00:36.122 20093 20211 I AppMetrica-Attribution: Choosing distribution data: ClidsInfo(chosen=Candidate(clids=null, source=APP), candidates=[Candidate(clids=null, source=APP)])
07-10 01:00:36.144 20093 20211 I AppMetrica-Attribution: Choosing distribution data: ClidsInfo(chosen=Candidate(clids=null, source=APP), candidates=[Candidate(clids=null, source=APP)])
07-10 01:00:36.199 20093 20211 I AppMetrica-Attribution: Choosing distribution data: ClidsInfo(chosen=Candidate(clids=null, source=APP), candidates=[Candidate(clids=null, source=APP)])
07-10 01:00:36.223 20093 20147 I AppMetrica-Attribution: Choosing distribution data: ClidsInfo(chosen=Candidate(clids=null, source=APP), candidates=[Candidate(clids=null, source=APP)])
07-10 01:00:36.250 20093 20211 I AppMetrica-Attribution: Choosing distribution data: ClidsInfo(chosen=Candidate(clids=null, source=APP), candidates=[Candidate(clids=null, source=APP)])
07-10 01:00:36.265 20093 20211 I AppMetrica-Attribution: Choosing distribution data: ClidsInfo(chosen=Candidate(clids=null, source=APP), candidates=[Candidate(clids=null, source=APP)])
07-10 01:00:36.289 20093 20211 I AppMetrica-Attribution: Choosing distribution data: ClidsInfo(chosen=Candidate(clids=null, source=APP), candidates=[Candidate(clids=null, source=APP)])
07-10 01:00:36.316 20093 20211 I AppMetrica-Attribution: Choosing distribution data: ClidsInfo(chosen=Candidate(clids=null, source=APP), candidates=[Candidate(clids=null, source=APP)])
07-10 01:00:36.338 20093 20211 I AppMetrica-Attribution: Choosing distribution data: ClidsInfo(chosen=Candidate(clids=null, source=APP), candidates=[Candidate(clids=null, source=APP)])
07-10 01:00:36.352 20093 20211 I AppMetrica-Attribution: Choosing distribution data: ClidsInfo(chosen=Candidate(clids=null, source=APP), candidates=[Candidate(clids=null, source=APP)])
07-10 01:00:36.363 20093 20211 I AppMetrica-Attribution: Choosing distribution data: ClidsInfo(chosen=Candidate(clids=null, source=APP), candidates=[Candidate(clids=null, source=APP)])
07-10 01:00:36.381 20093 20211 I AppMetrica-Attribution: Choosing distribution data: ClidsInfo(chosen=Candidate(clids=null, source=APP), candidates=[Candidate(clids=null, source=APP)])
07-10 01:00:36.411 20093 20211 I AppMetrica-Attribution: Choosing distribution data: ClidsInfo(chosen=Candidate(clids=null, source=APP), candidates=[Candidate(clids=null, source=APP)])
07-10 01:00:36.431 20093 20147 I AppMetrica-Attribution: Choosing distribution data: ClidsInfo(chosen=Candidate(clids=null, source=APP), candidates=[Candidate(clids=null, source=APP)])
07-10 01:00:36.439 20093 20211 I AppMetrica-Attribution: Choosing distribution data: ClidsInfo(chosen=Candidate(clids=null, source=APP), candidates=[Candidate(clids=null, source=APP)])
07-10 01:00:36.467 20093 20211 I AppMetrica-Attribution: Choosing distribution data: ClidsInfo(chosen=Candidate(clids=null, source=APP), candidates=[Candidate(clids=null, source=APP)])
07-10 01:00:36.487 20093 20211 I AppMetrica-Attribution: Choosing distribution data: ClidsInfo(chosen=Candidate(clids=null, source=APP), candidates=[Candidate(clids=null, source=APP)])
07-10 01:00:36.501 20093 20211 I AppMetrica-Attribution: Choosing distribution data: ClidsInfo(chosen=Candidate(clids=null, source=APP), candidates=[Candidate(clids=null, source=APP)])
07-10 01:00:36.522 20093 20211 I AppMetrica-Attribution: Choosing distribution data: ClidsInfo(chosen=Candidate(clids=null, source=APP), candidates=[Candidate(clids=null, source=APP)])
07-10 01:00:36.536 20093 20211 I AppMetrica-Attribution: Choosing distribution data: ClidsInfo(chosen=Candidate(clids=null, source=APP), candidates=[Candidate(clids=null, source=APP)])
07-10 01:00:36.553 20093 20211 I AppMetrica-Attribution: Choosing distribution data: ClidsInfo(chosen=Candidate(clids=null, source=APP), candidates=[Candidate(clids=null, source=APP)])
07-10 01:00:36.582  6365 20041 I DWBUsageDataManager: updateDailyData of 1688079631673
07-10 01:00:36.582  6365 20041 I DWBUsageDataManager: RETRIEVE_ALL_DATA is Progressing
07-10 01:00:36.604 20093 20211 I AppMetrica-Attribution: Choosing distribution data: ClidsInfo(chosen=Candidate(clids=null, source=APP), candidates=[Candidate(clids=null, source=APP)])
07-10 01:00:36.617 20093 20147 I AppMetrica-Attribution: Choosing distribution data: ClidsInfo(chosen=Candidate(clids=null, source=APP), candidates=[Candidate(clids=null, source=APP)])
07-10 01:00:36.622  5674  6183 D WifiConnectivityMonitor: start WCM Poll.
07-10 01:00:36.899  6365 20041 I DWBUsageDataManager: updateDailyData of 1687993231673
07-10 01:00:36.900  6365 20041 I DWBUsageDataManager: RETRIEVE_ALL_DATA is Progressing
07-10 01:00:37.173  5262  5262 E audit   : type=1400 audit(1688943637.169:69601): avc:  denied  { getattr } for  pid=5674 comm="BinderProcsColl" path="/sys/kernel/debug/binder/proc/5674" dev="debugfs" ino=32119 scontext=u:r:system_server:s0 tcontext=u:object_r:sec_debugfs:s0 tclass=file permissive=0 SEPF_SM-A515F_13_0001 audit_filtered
07-10 01:00:37.173  5262  5262 E audit   : type=1300 audit(1688943637.169:69601): arch=c00000b7 syscall=79 success=no exit=-13 a0=ffffff9c a1=7ad2463450 a2=79df9bd680 a3=0 items=0 ppid=5287 pid=5674 auid=4294967295 uid=1000 gid=1000 euid=1000 suid=1000 fsuid=1000 egid=1000 sgid=1000 fsgid=1000 tty=(none) ses=4294967295 comm="BinderProcsColl" exe="/system/bin/app_process64" subj=u:r:system_server:s0 key=(null)
07-10 01:00:37.173  5262  5262 E audit   : type=1327 audit(1688943637.169:69601): proctitle="system_server"
07-10 01:00:37.175  6365 20041 I DWBUsageDataManager: updateDailyData of 1687906831673
07-10 01:00:37.175  6365 20041 I DWBUsageDataManager: RETRIEVE_ALL_DATA is Progressing
07-10 01:00:37.513  6365 20041 I DWBUsageDataManager: updateDailyData of 1687820431673
07-10 01:00:37.514  6365 20041 I DWBUsageDataManager: RETRIEVE_ALL_DATA is Progressing
07-10 01:00:37.783 20093 20113 W System  : A resource failed to call close.
07-10 01:00:37.784 20093 20113 W System  : A resource failed to call close.
07-10 01:00:37.820  6365 20041 I DWBUsageDataManager: updateDailyData of 1687734031673
07-10 01:00:37.820  6365 20041 I DWBUsageDataManager: RETRIEVE_ALL_DATA is Progressing
07-10 01:00:37.880  5353  5699 V APM_AudioPolicyManager: setAppState(portId:1005, state:1)
07-10 01:00:37.883  5674  5745 W libprocessgroup: Failed to open /dev/blkio//cgroup.procs: No such file or directory
07-10 01:00:37.883  5674  5745 W libprocessgroup: Failed to open /dev/blkio//cgroup.procs: No such file or directory
07-10 01:00:37.884  5674  5745 W libprocessgroup: Failed to open /dev/blkio//cgroup.procs: No such file or directory
07-10 01:00:37.884  5674  5745 W libprocessgroup: Failed to open /dev/blkio//cgroup.procs: No such file or directory
07-10 01:00:37.999 20040 20287 D TrafficStats: tagSocket(76) with statsTag=0x1, statsUid=-1
07-10 01:00:38.000  5674  6213 D NetdEventListenerService: DNS Requested by : 118, 10309
07-10 01:00:38.071 20093 20211 I AppMetrica-Attribution: Choosing distribution data: ClidsInfo(chosen=Candidate(clids=null, source=APP), candidates=[Candidate(clids=null, source=APP)])
07-10 01:00:38.111  5674  7726 D SemWifiUsabilityStatsMonitor: onWifiUsabilityStats - seqNum 21437, isSameBssidAndFreq true
07-10 01:00:38.114  5674  6128 I SemWifiLinkQualityMonitor: Link Qos Query: 0.032 ms / 252.000 Mbps (390 / 0.000 / 1.548)
07-10 01:00:38.127 20040 20287 W ru.yandex.disk: Accessing hidden method Lcom/android/org/conscrypt/ConscryptEngineSocket;->setUseSessionTickets(Z)V (max-target-q,core-platform-api, reflection, denied)
07-10 01:00:38.127 20040 20287 W ru.yandex.disk: Accessing hidden method Lcom/android/org/conscrypt/OpenSSLSocketImpl;->setUseSessionTickets(Z)V (max-target-q,core-platform-api, reflection, denied)
07-10 01:00:38.127 20040 20287 W ru.yandex.disk: Accessing hidden method Lcom/android/org/conscrypt/AbstractConscryptSocket;->setUseSessionTickets(Z)V (max-target-q, reflection, denied)
07-10 01:00:38.128 20040 20287 W ru.yandex.disk: Accessing hidden method Lcom/android/org/conscrypt/ConscryptEngineSocket;->setHostname(Ljava/lang/String;)V (max-target-q,core-platform-api, reflection, denied)
07-10 01:00:38.128 20040 20287 W ru.yandex.disk: Accessing hidden method Lcom/android/org/conscrypt/OpenSSLSocketImpl;->setHostname(Ljava/lang/String;)V (max-target-q,core-platform-api, reflection, denied)
07-10 01:00:38.128 20040 20287 W ru.yandex.disk: Accessing hidden method Lcom/android/org/conscrypt/AbstractConscryptSocket;->setHostname(Ljava/lang/String;)V (max-target-q, reflection, denied)
07-10 01:00:38.129 20040 20287 W ru.yandex.disk: Accessing hidden method Lcom/android/org/conscrypt/OpenSSLSocketImpl;->setAlpnProtocols([B)V (max-target-q,core-platform-api, reflection, denied)
07-10 01:00:38.129 20040 20287 W ru.yandex.disk: Accessing hidden method Lcom/android/org/conscrypt/AbstractConscryptSocket;->setAlpnProtocols([B)V (max-target-q, reflection, denied)
07-10 01:00:38.200 20040 20168 I downloadWifiLock: [Download Executor Thread:ru.yandex.disk.download.e] wifi lock released WifiLock{ 25fffbe; not refcounted }
07-10 01:00:38.200 20040 20168 I ru.yandex.disk: wifi lock released WifiLock{ 25fffbe; not refcounted }
07-10 01:00:38.236 20040 20293 D ProfileInstaller: Skipping profile installation for ru.yandex.disk
07-10 01:00:38.333  6365 20041 I DWBUsageDataManager: updateDailyData of 1687647631673
07-10 01:00:38.333  6365 20041 I DWBUsageDataManager: RETRIEVE_ALL_DATA is Progressing
07-10 01:00:38.366 20901 20973 W stagram.android: Long monitor contention with owner IgExecutorV2 #6 (21187) at X.1Pf X.1Jq.startRequest(X.1Os, X.1Oz, X.1P6)(:61) waiters=1 in X.1Pf X.1Jq.startRequest(X.1Os, X.1Oz, X.1P6) for 263ms
07-10 01:00:38.377 20040 20295 D ConnectivityManager: StackLog: [android.net.ConnectivityManager.sendRequestForNetwork(ConnectivityManager.java:4300)] [android.net.ConnectivityManager.registerDefaultNetworkCallbackForUid(ConnectivityManager.java:4864)] [android.net.ConnectivityManager.registerDefaultNetworkCallback(ConnectivityManager.java:4831)] [android.net.ConnectivityManager.registerDefaultNetworkCallback(ConnectivityManager.java:4805)] [com.bumptech.glide.manager.SingletonConnectivityReceiver$FrameworkConnectivityMonitorPostApi24.register(Unknown Source:31)] [com.bumptech.glide.manager.SingletonConnectivityReceiver.maybeRegisterReceiver(Unknown Source:15)] [com.bumptech.glide.manager.SingletonConnectivityReceiver.register(Unknown Source:6)] [com.bumptech.glide.manager.DefaultConnectivityMonitor.register(Unknown Source:8)] [com.bumptech.glide.manager.DefaultConnectivityMonitor.onStart(Unknown Source:0)] [com.bumptech.glide.manager.ApplicationLifecycle.addListener(Unknown Source:0)] [com.bumptech.glide.RequestManager.<init>(SourceFile:17)] [com.bumptech.glide.RequestManager.<init>(SourceFile:3)] [com.bumptech.glide.manager.RequestManagerRetriever$1.build(Unknown Source:2)] [com.bumptech.glide.manager.RequestManagerRetriever.getApplicationManager(Unknown Source:33)] [com.bumptech.glide.manager.RequestManagerRetriever.get(SourceFile:9)] [com.bumptech.glide.Glide.with(SourceFile:1)] [ru.yandex.disk.photoslice.b.<init>(Unknown Source:64)] [ru.yandex.disk.photoslice.f1.<init>(Unknown Source:116)] [ru.yandex.disk.Yatagan$CoreComponent$UserComponentsImpl$UserCommandComponentImpl.x(Unknown Source:281)] [ru.yandex.disk.Yatagan$CoreComponent$UserComponentsImpl$UserCommandComponentImpl$ProviderImpl.get(Unknown Source:4)] [ru.yandex.disk.photoslice.m1.a(Unknown Source:15)] [ru.yandex.disk.photoslice.m1.c(Unknown Source:2)] [nl.b.c(Unknown Source:0)] [nl.b.g(Unknown Source:0)] [nl.b.f(Unknown Source:125)] [nl.b.a(Unknown Source:0)] [nl.a.run(Unknown Source:10)] [ru.yandex.disk.util.n1$b.b(Unknown Source:26)] [ru.yandex.disk.util.n1$b.a(Unknown Source:0)] [ru.yandex.disk.util.o1.run(Unknown Source:4)] [java.util.concurrent.ThreadPoolExecutor.runWorker(ThreadPoolExecutor.java:1137)] [java.util.concurrent.ThreadPoolExecutor$Worker.run(ThreadPoolExecutor.java:637)] [java.lang.Thread.run(Thread.java:1012)]
07-10 01:00:38.384  5674  5873 D ConnectivityService: requestNetwork for uid/pid:10309/20040 activeRequest: null callbackRequest: 16543 [NetworkRequest [ REQUEST id=16544, [ Capabilities: INTERNET&NOT_RESTRICTED&TRUSTED&NOT_VCN_MANAGED Uid: 10309 RequestorUid: 10309 RequestorPkg: ru.yandex.disk UnderlyingNetworks: Null] ]] callback flags: 0 order: 2147483647
07-10 01:00:38.386  5674  6055 D ConnectivityService:    accepting network in place of null
07-10 01:00:38.398  5674  6045 D WifiNetworkFactory: got request NetworkRequest [ REQUEST id=16544, [ Capabilities: INTERNET&NOT_RESTRICTED&TRUSTED&NOT_VCN_MANAGED Uid: 10309 RequestorUid: 10309 RequestorPkg: ru.yandex.disk UnderlyingNetworks: Null] ]
07-10 01:00:38.399  5674  6045 D UntrustedWifiNetworkFactory: got request NetworkRequest [ REQUEST id=16544, [ Capabilities: INTERNET&NOT_RESTRICTED&TRUSTED&NOT_VCN_MANAGED Uid: 10309 RequestorUid: 10309 RequestorPkg: ru.yandex.disk UnderlyingNetworks: Null] ]
07-10 01:00:38.402  5674  6045 D OemPaidWifiNetworkFactory: got request NetworkRequest [ REQUEST id=16544, [ Capabilities: INTERNET&NOT_RESTRICTED&TRUSTED&NOT_VCN_MANAGED Uid: 10309 RequestorUid: 10309 RequestorPkg: ru.yandex.disk UnderlyingNetworks: Null] ]
07-10 01:00:38.403  5674  6045 D MultiInternetWifiNetworkFactory: got request NetworkRequest [ REQUEST id=16544, [ Capabilities: INTERNET&NOT_RESTRICTED&TRUSTED&NOT_VCN_MANAGED Uid: 10309 RequestorUid: 10309 RequestorPkg: ru.yandex.disk UnderlyingNetworks: Null] ]
07-10 01:00:38.412  5674  6055 D ConnectivityService: Rematched networks [computed 1ms] [applied 5ms] [issued 21]
07-10 01:00:38.412  5674  6055 D ConnectivityService: NetworkReassignment :
07-10 01:00:38.412  5674  6055 D ConnectivityService:   16544 : null → 118
07-10 01:00:38.437 20040 20170 D TrafficStats: tagSocket(130) with statsTag=0x1, statsUid=-1
07-10 01:00:38.437  5674  6213 D NetdEventListenerService: DNS Requested by : 118, 10309
07-10 01:00:38.467 20040 20287 W ru.yandex.disk: Accessing hidden method Lcom/android/org/conscrypt/OpenSSLSocketImpl;->getAlpnSelectedProtocol()[B (max-target-q,core-platform-api, reflection, denied)
07-10 01:00:38.467 20040 20287 W ru.yandex.disk: Accessing hidden method Lcom/android/org/conscrypt/AbstractConscryptSocket;->getAlpnSelectedProtocol()[B (max-target-q, reflection, denied)
07-10 01:00:38.476  5674  5690 I system_server: Background young concurrent copying GC freed 362148(22MB) AllocSpace objects, 25(1404KB) LOS objects, 19% free, 101MB/125MB, paused 525us,383us total 121.392ms
07-10 01:00:38.478  5262  5262 E audit   : type=1400 audit(1688943638.473:69602): avc:  denied  { read } for  pid=20040 comm="binder:20040_3" name="u:object_r:perf_prop:s0" dev="tmpfs" ino=10663 scontext=u:r:untrusted_app:s0:c53,c257,c512,c768 tcontext=u:object_r:perf_prop:s0 tclass=file permissive=0 SEPF_SM-A515F_13_0001 audit_filtered
07-10 01:00:38.478 20040 20055 W libc    : Access denied finding property "sys.perf.boostopt"
07-10 01:00:38.478  5262  5262 E audit   : type=1300 audit(1688943638.473:69602): arch=c00000b7 syscall=56 success=no exit=-13 a0=ffffff9c a1=7b7d26c2f8 a2=88000 a3=0 items=0 ppid=5287 pid=20040 auid=4294967295 uid=10309 gid=10309 euid=10309 suid=10309 fsuid=10309 egid=10309 sgid=10309 fsgid=10309 tty=(none) ses=4294967295 comm="binder:20040_3" exe="/system/bin/app_process64" subj=u:r:untrusted_app:s0:c53,c257,c512,c768 key=(null)
07-10 01:00:38.478  5262  5262 E audit   : type=1327 audit(1688943638.473:69602): proctitle="ru.yandex.disk"
07-10 01:00:38.479 20184 20203 W libc    : Access denied finding property "sys.perf.boostopt"
07-10 01:00:38.479 20093 20115 W libc    : Access denied finding property "sys.perf.boostopt"
07-10 01:00:38.480  5262  5262 E audit   : type=1400 audit(1688943638.477:69604): avc:  denied  { read } for  pid=20184 comm="binder:20184_3" name="u:object_r:perf_prop:s0" dev="tmpfs" ino=10663 scontext=u:r:untrusted_app:s0:c53,c257,c512,c768 tcontext=u:object_r:perf_prop:s0 tclass=file permissive=0 SEPF_SM-A515F_13_0001 audit_filtered
07-10 01:00:38.480  5262  5262 E audit   : type=1400 audit(1688943638.477:69603): avc:  denied  { read } for  pid=20093 comm="binder:20093_1" name="u:object_r:perf_prop:s0" dev="tmpfs" ino=10663 scontext=u:r:untrusted_app:s0:c53,c257,c512,c768 tcontext=u:object_r:perf_prop:s0 tclass=file permissive=0 SEPF_SM-A515F_13_0001 audit_filtered
07-10 01:00:38.525 20040 20170 W ru.yandex.disk: Accessing hidden method Lcom/android/org/conscrypt/ConscryptEngineSocket;->setUseSessionTickets(Z)V (max-target-q,core-platform-api, reflection, denied)
07-10 01:00:38.525 20040 20170 W ru.yandex.disk: Accessing hidden method Lcom/android/org/conscrypt/OpenSSLSocketImpl;->setUseSessionTickets(Z)V (max-target-q,core-platform-api, reflection, denied)
07-10 01:00:38.526 20040 20170 W ru.yandex.disk: Accessing hidden method Lcom/android/org/conscrypt/AbstractConscryptSocket;->setUseSessionTickets(Z)V (max-target-q, reflection, denied)
07-10 01:00:38.539 20040 20170 W ru.yandex.disk: Accessing hidden method Lcom/android/org/conscrypt/ConscryptEngineSocket;->setHostname(Ljava/lang/String;)V (max-target-q,core-platform-api, reflection, denied)
07-10 01:00:38.543 20040 20170 W ru.yandex.disk: Accessing hidden method Lcom/android/org/conscrypt/OpenSSLSocketImpl;->setHostname(Ljava/lang/String;)V (max-target-q,core-platform-api, reflection, denied)
07-10 01:00:38.543 20040 20170 W ru.yandex.disk: Accessing hidden method Lcom/android/org/conscrypt/AbstractConscryptSocket;->setHostname(Ljava/lang/String;)V (max-target-q, reflection, denied)
07-10 01:00:38.544 20040 20170 W ru.yandex.disk: Accessing hidden method Lcom/android/org/conscrypt/OpenSSLSocketImpl;->setAlpnProtocols([B)V (max-target-q,core-platform-api, reflection, denied)
07-10 01:00:38.544 20040 20170 W ru.yandex.disk: Accessing hidden method Lcom/android/org/conscrypt/AbstractConscryptSocket;->setAlpnProtocols([B)V (max-target-q, reflection, denied)
07-10 01:00:38.579 20040 20292 D TrafficStats: tagSocket(133) with statsTag=0x1, statsUid=-1
07-10 01:00:38.660 16924 16924 D BoundBrokerSvc: onBind: Intent { act=com.google.android.gms.common.telemetry.service.START dat=chimera-action:/... cmp=com.google.android.gms/.chimera.PersistentApiService }
07-10 01:00:38.661 16924 16924 D BoundBrokerSvc: Loading bound service for intent: Intent { act=com.google.android.gms.common.telemetry.service.START dat=chimera-action:/... cmp=com.google.android.gms/.chimera.PersistentApiService }
07-10 01:00:38.674 20040 20292 W ru.yandex.disk: Accessing hidden method Lcom/android/org/conscrypt/ConscryptEngineSocket;->setUseSessionTickets(Z)V (max-target-q,core-platform-api, reflection, denied)
07-10 01:00:38.674 20040 20292 W ru.yandex.disk: Accessing hidden method Lcom/android/org/conscrypt/OpenSSLSocketImpl;->setUseSessionTickets(Z)V (max-target-q,core-platform-api, reflection, denied)
07-10 01:00:38.674 20040 20292 W ru.yandex.disk: Accessing hidden method Lcom/android/org/conscrypt/AbstractConscryptSocket;->setUseSessionTickets(Z)V (max-target-q, reflection, denied)
07-10 01:00:38.675 20040 20292 W ru.yandex.disk: Accessing hidden method Lcom/android/org/conscrypt/ConscryptEngineSocket;->setHostname(Ljava/lang/String;)V (max-target-q,core-platform-api, reflection, denied)
07-10 01:00:38.675 20040 20292 W ru.yandex.disk: Accessing hidden method Lcom/android/org/conscrypt/OpenSSLSocketImpl;->setHostname(Ljava/lang/String;)V (max-target-q,core-platform-api, reflection, denied)
07-10 01:00:38.675 20040 20292 W ru.yandex.disk: Accessing hidden method Lcom/android/org/conscrypt/AbstractConscryptSocket;->setHostname(Ljava/lang/String;)V (max-target-q, reflection, denied)
07-10 01:00:38.676 20040 20292 W ru.yandex.disk: Accessing hidden method Lcom/android/org/conscrypt/OpenSSLSocketImpl;->setAlpnProtocols([B)V (max-target-q,core-platform-api, reflection, denied)
07-10 01:00:38.676 20040 20292 W ru.yandex.disk: Accessing hidden method Lcom/android/org/conscrypt/AbstractConscryptSocket;->setAlpnProtocols([B)V (max-target-q, reflection, denied)
07-10 01:00:38.738  6365 20041 I DWBUsageDataManager: updateDailyData of 1687561231673
07-10 01:00:38.738  6365 20041 I DWBUsageDataManager: RETRIEVE_ALL_DATA is Progressing
07-10 01:00:38.903 20040 20170 W ru.yandex.disk: Accessing hidden method Lcom/android/org/conscrypt/OpenSSLSocketImpl;->getAlpnSelectedProtocol()[B (max-target-q,core-platform-api, reflection, denied)
07-10 01:00:38.904 20040 20170 W ru.yandex.disk: Accessing hidden method Lcom/android/org/conscrypt/AbstractConscryptSocket;->getAlpnSelectedProtocol()[B (max-target-q, reflection, denied)
07-10 01:00:38.958 20040 20292 W ru.yandex.disk: Accessing hidden method Lcom/android/org/conscrypt/OpenSSLSocketImpl;->getAlpnSelectedProtocol()[B (max-target-q,core-platform-api, reflection, denied)
07-10 01:00:38.959 20040 20292 W ru.yandex.disk: Accessing hidden method Lcom/android/org/conscrypt/AbstractConscryptSocket;->getAlpnSelectedProtocol()[B (max-target-q, reflection, denied)
