07-10 01:33:55.042  5674  6793 D SLocation: GeofenceCoreManager - handleCommandCallback - UNKNOWN_CALLBACK 2 SUCCESS
07-10 01:33:55.042  5674  6793 D SLocation: CommonCoreManager - received Extra Data from core, len : 5
07-10 01:33:55.042  5674  6793 D SLocation: CommonCoreManager - handleCommandCallback - FUNC_TYPE : SET_LOCATION ERROR_CODE : ERROR_NONE
07-10 01:33:55.042  5674  6793 I SLocation: SemContextParser -  parse start : 3
07-10 01:33:55.042  5674  6793 I SLocation: SemContextParser -  packet Length : 5packet total size : 10
07-10 01:33:55.042  5674  6793 I SLocation: SemContextParser - packet : [2, 34, 0, 0, 0]
07-10 01:33:55.042  5674  6793 D SLocation: GeofenceCoreManager - received Extra Data from core, len : 33
07-10 01:33:55.042  5674  6793 D SLocation: ARDistanceGetARDistance - convertSensorHubTimeToElapsedTime 1688928894201496833
07-10 01:33:55.042  5674  6793 D SLocation: ARDistanceGetARDistance - invalid location time from core pvt 1688928894201496833, do not use distance info
07-10 01:33:55.042  5674  6793 D SLocation: CommonCoreManager - received Extra Data from core, len : 33
07-10 01:33:55.042  5674  6793 D SLocation: GeofenceCoreManager - received Extra Data from core, len : 5
07-10 01:33:55.042  5674  6793 D SLocation: GeofenceCoreManager - handleCommandCallback - UNKNOWN_CALLBACK 34 SUCCESS
07-10 01:33:55.043  5674  6793 D SLocation: ARDistanceLibManager - command callback received - CURRENT_LOCATION_REQUEST_DISTANCE ERROR CODE : ERROR_NONE
07-10 01:33:55.043  5674  6793 D SLocation: CommonCoreManager - received Extra Data from core, len : 5
07-10 01:33:55.056 22079 22079 I wpa_supplicant: nl80211: Drv Event 33 (NL80211_CMD_TRIGGER_SCAN) received for wlan0
07-10 01:33:55.056 22079 22079 I wpa_supplicant: wlan0: nl80211: Scan trigger
07-10 01:33:55.065  6877  7137 I PhoneStateTracker<1>: onCellInfoChanged: xxxxx
07-10 01:33:55.065  6877  7137 I ImsCallSessionManager: onCellInfoChanged, phoneId: 1
07-10 01:33:55.065  6877  7137 I RegiMgr-Handler: handleMessage: EVENT_CELL_INFO_CHANGED
07-10 01:33:55.069  6877  7137 I RegiMgr<1>: updatePani RegisterTask[1][mProfile=Telenor Serbia IMS, mRegistrationRat=13, mPdnType=11, mState=REGISTERED, mObject=UserAgent - :
07-10 01:33:55.069  6877  7137 I RegiMgr<1>:  total records=856
07-10 01:33:55.069  6877  7137 I RegiMgr<1>:  rec[0]: time=07-10 01:06:28.521 processed=ReadyState org=RegisteredState dest=<null> what=34(0x22)
07-10 01:33:55.069  6877  7137 I RegiMgr<1>:  rec[1]: time=07-10 01:06:28.522 processed=RegisteredState org=RegisteredState dest=<null> what=2000(0x7d0)
07-10 01:33:55.069  6877  7137 I RegiMgr<1>:  rec[2]: time=07-10 01:11:54.913 processed=ReadyState org=RegisteredState dest=<null> what=34(0x22)
07-10 01:33:55.069  6877  7137 I RegiMgr<1>:  rec[3]: time=07-10 01:11:54.933 processed=RegisteredState org=RegisteredState dest=<null> what=2000(0x7d0)
07-10 01:33:55.069  6877  7137 I RegiMgr<1>:  rec[4]: time=07-10 01:11:57.896 processed=ReadyState org=RegisteredState dest=<null> what=34(0x22)
07-10 01:33:55.069  6877  7137 I RegiMgr<1>:  rec[5]: time=07-10 01:11:57.898 processed=RegisteredState org=RegisteredState dest=<null> what=2000(0x7d0)
07-10 01:33:55.069  6877  7137 I RegiMgr<1>:  rec[6]: time=07-10 01:17:23.929 processed=ReadyState org=RegisteredState dest=<null> what=34(0x22)
07-10 01:33:55.069  6877  7137 I RegiMgr<1>:  rec[7]: time=07-10 01:17:23.948 processed=RegisteredState org=RegisteredState dest=<null> what=2000(0x7d0)
07-10 01:33:55.069  6877  7137 I RegiMgr<1>:  rec[8]: time=07-10 01:17:27.177 processed=ReadyState org=RegisteredState dest=<null> what=34(0x22)
07-10 01:33:55.069  6877  7137 I RegiMgr<1>:  rec[9]: time=07-10 01:17:27.179 processed=RegisteredState org=RegisteredState dest=<null> what=2000(0x7d0)
07-10 01:33:55.069  6877  7137 I RegiMgr<1>:  rec[10]: time=07-10 01:22:53.306 processed=ReadyState org=RegisteredState dest=<null> what=34(0x22)
07-10 01:33:55.069  6877  7137 I RegiMgr<1>:  rec[11]: time=07-10 01:22:53.331 processed=RegisteredState org=RegisteredState dest=<null> what=2000(0x7d0)
07-10 01:33:55.069  6877  7137 I RegiMgr<1>:  rec[12]: time=07-10 01:22:56.277 processed=ReadyState org=RegisteredState dest=<null> what=34(0x22)
07-10 01:33:55.069  6877  7137 I RegiMgr<1>:  rec[13]: time=07-10 01:22:56.279 processed=RegisteredState org=RegisteredState dest=<null> what=2000(0x7d0)
07-10 01:33:55.069  6877  7137 I RegiMgr<1>:  rec[14]: time=07-10 01:28:22.737 processed=ReadyState org=RegisteredState dest=<null> what=34(0x22)
07-10 01:33:55.069  6877  7137 I RegiMgr<1>:  rec[15]: time=07-10 01:28:22.810 processed=RegisteredState org=RegisteredState dest=<null> what=2000(0x7d0)
07-10 01:33:55.069  6877  7137 I RegiMgr<1>:  rec[16]: time=07-10 01:28:25.834 processed=ReadyState org=RegisteredState dest=<null> what=34(0x22)
07-10 01:33:55.069  6877  7137 I RegiMgr<1>:  rec[17]: time=07-10 01:28:25.835 processed=RegisteredState org=RegisteredState dest=<null> what=2000(0x7d0)
07-10 01:33:55.069  6877  7137 I RegiMgr<1>:  rec[18]: time=07-10 01:33:51.904 processed=ReadyState org=RegisteredState dest=<null> what=34(0x22)
07-10 01:33:55.069  6877  7137 I RegiMgr<1>:  rec[19]: time=07-10 01:33:51.926 processed=RegisteredState org=RegisteredState dest=<null> what=2000(0x7d0)
07-10 01:33:55.069  6877  7137 I RegiMgr<1>: curState=RegisteredState
07-10 01:33:55.069  6877  7137 I RegiMgr<1>: , mReason=, mPcscfHostname=null, mDeregiReason=41]
07-10 01:33:55.071  6877  7137 I PaniGenerator<1>: generate: subId=2, network=13
07-10 01:33:55.071  6877  7137 I PaniGenerator<1>: generate: network=13, fallbackPlmn=22001
07-10 01:33:55.071  6877  7137 I PdnController<1>: getAllCellInfo mNeedCellLocationUpdate : false
07-10 01:33:55.071  6877  7137 I PaniGenerator: generate: change to NW PLMN(22001)
07-10 01:33:55.071  6877  7137 I PaniGenerator: setLkcForLastPani: No Last PANI header for Telenor Serbia IMS
07-10 01:33:55.071  6877  7137 I UserAgent<1>: updatePani: pani=3GPP-E-UTRAN-FDD;utran-cell-id-3gpp=220012b73017a51f, updatePani: lastPani=
07-10 01:33:55.072  6877  7320 I StackIF : updatePani: 15 pani: [3GPP-E-UTRAN-FDD;utran-cell-id-3gpp=220012b73017a51f]
07-10 01:33:55.072  6877  7320 I SECIMSJ : [1534]> 140
07-10 01:33:55.072  6877  7137 I RegiMgr<1>: tryRegister:
07-10 01:33:55.073  6877  7137 I RegiMgr<0>: RegisterTask(s): Megafon VoLTE (IDLE)
07-10 01:33:55.073  6877  7137 I RegiMgr<1>: RegisterTask(s): Telenor Serbia IMS (REGISTERED, rat = 13, service = [mmtel-video, smsip, mmtel]), Global GC RCS (IDLE)
07-10 01:33:55.073  6877  7137 I RcsPolicyMgr<1>: pendingRcsRegister: mActiveDataPhoneId = 1
07-10 01:33:55.073  6877  7137 I RcsPolicyMgr<1>: pendingRcsRegister: mActiveDataPhoneId = 1
07-10 01:33:55.073  6877  7137 I RegisterTask: isSuspended: mSuspended(false) mSuspendByIrat(false)
07-10 01:33:55.073  6877  7137 I RegiMgr<1>: [Global GC RCS|IDLE] checkForTryRegister id: 1003
07-10 01:33:55.073  6877  7137 I RegiMgr : isPdnConnected: false, PdnType: 1
07-10 01:33:55.075  6877  7330 I [IMS6.0]: IMS_onResponse()
07-10 01:33:55.075  6877  7330 I StackIF : processMessage 2
07-10 01:33:55.075  6877  7330 I StackIF : Processing Response
07-10 01:33:55.075  6877  7330 I SECIMSJ : [1534]< 600
07-10 01:33:55.075  6877  7330 I StackIF : processResponse: reqId 600
07-10 01:33:55.075  6877  7330 I StackIF : processResponse: handle 15 result 0 reason 0
07-10 01:33:55.077  6877  7137 I PdnController: getDefaultNetworkBearer:  WIFI
07-10 01:33:55.079  6877  7137 I PdnController: isWifiConnected: [type: WIFI[], state: CONNECTED/CONNECTED, reason: (unspecified), extra: , failover: false, available: true, roaming: false]
07-10 01:33:55.079  6877  7137 I RegiMgr-Utils<1>: findBestNetwork: WIFI needWifiNetwork = true
07-10 01:33:55.080  6877  7137 I RegiGvnBase<1>: isReadyToDualRegister : true
07-10 01:33:55.084  6877  7137 I RegiMgr<1>: [Global GC RCS|IDLE] checkInitialRegistrationIsReady: APM ON [false], Roamimg [false]
07-10 01:33:55.084  6877  7137 I RcsPolicyMgr<1>: pendingRcsRegister: mActiveDataPhoneId = 1
07-10 01:33:55.084  6877  7137 I ImsProfile: isRttSupportByCallApp : false ttyType : 1
07-10 01:33:55.084  6877  7137 I RegiMgr-Utils<1>: getPriorityRegiedTask : isPriority  High? true
07-10 01:33:55.085  6877  7137 I RegiGvnBase: checkRegiStatus: getState()=IDLE mIsUpdateRegistering=false
07-10 01:33:55.085  6877  7137 I RegiMgr<1>: getTelephonyCallStatus:
07-10 01:33:55.088  6877  7137 I ConfigProvider: query uri:xxxxx
07-10 01:33:55.095  6877  7137 I ConfigProvider: queryStorage path content://com.samsung.rcs.autoconfigurationprovider/parameter/version#simslot1
07-10 01:33:55.115  6877  7137 E GlobalSettingsRepoBase: globalgcsettings No matched key : dual_rcs_policy
07-10 01:33:55.117  6877  7137 I ImsServiceSwitchEur[1]:  isRcsEnabled: true mDefaultSms true mUpsmEnabled false mEmergencyEnabled false
07-10 01:33:55.122  6877  7137 I ConfigTrigger<1>: isWaitAutoConfig:
07-10 01:33:55.123  6877  7137 E GlobalSettingsRepoBase: globalgcsettings No matched key : dual_rcs_policy
07-10 01:33:55.125  6877  7137 I ImsServiceSwitchEur[1]:  isRcsEnabled: true mDefaultSms true mUpsmEnabled false mEmergencyEnabled false
07-10 01:33:55.125  6877  7137 I RegiMgr-Utils: selectPdnType: rat=18pdn=1
07-10 01:33:55.125  6877  7137 I RegiMgr<1>: getServiceForNetwork: network 18
07-10 01:33:55.126  6877  7137 I RegiMgr<1>: getServiceForNetwork: service {options, chatbot-communication, ft_http, im, euc, gls}
07-10 01:33:55.136  6877  7137 I ConfigTrigger<1>: isValidAcsVersion:
07-10 01:33:55.136  6877  7137 E GlobalSettingsRepoBase: globalgcsettings No matched key : dual_rcs_policy
07-10 01:33:55.139  6877  7137 I ConfigProvider: query uri:xxxxx
07-10 01:33:55.145  6877  7137 I ConfigProvider: queryStorage path content://com.samsung.rcs.autoconfigurationprovider/parameter/version#simslot1
07-10 01:33:55.148  5674  9957 D SecContentProvider2: query(), uri = 18 selection = isRCSEnabled
07-10 01:33:55.148  5674  9957 I PhoneRestrictionPolicy: isRCSEnabledInternal(), showMsg: false, columnName: enableRCS
07-10 01:33:55.149  5674  9957 E PhoneRestrictionPolicy: getEmergencyCall >>false
07-10 01:33:55.150  5674  9957 I PhoneRestrictionPolicy: isRCSEnabledInternal(), showMsg: false, columnName: enableRCSForSimSlot1
07-10 01:33:55.151  5674  9957 E PhoneRestrictionPolicy: getEmergencyCall >>false
07-10 01:33:55.152  6877  7137 I ConfigTrigger<1>: RCS switch: true, version: 0, isRcsAcsCompleted: true
07-10 01:33:55.152  6877  7137 I ConfigTrigger<1>: version is improper : 0
07-10 01:33:55.155  6877  7137 I RegiGvnBase: isVideoCallEnabled: Enable
07-10 01:33:55.155  6877  7137 I RegiMgr<1>: getServiceForNetwork: filtered service []
07-10 01:33:55.155  6877  7137 I RegiMgr<1>: Global GC RCS: no ims service for current rat18
07-10 01:33:55.157  6877  7137 I PdnController: slot[1]: stopPdnConnectivity: network 1, callback is null
07-10 01:33:55.158  6877  7137 E PdnController<1>: requestStopNetwork: callback not found
07-10 01:33:55.158  6877  7137 E #IMSCR  : 07-10 01:33:55 0x1101000B:1,FILTERED ALL:1
07-10 01:33:55.158  6877  7137 I PdnController: handleMessage: what 107
07-10 01:33:55.158  6877  7137 I PdnController: slot[1]: requestStopNetwork: network 1, callback is null
07-10 01:33:55.565  5674  7726 D SemWifiUsabilityStatsMonitor: onWifiUsabilityStats - seqNum 22093, isSameBssidAndFreq true
07-10 01:33:55.565  5674  6055 D ConnectivityService: notifyType CALLBACK_CAP_CHANGED for [118 WIFI]
07-10 01:33:55.569  5674  6128 I SemWifiLinkQualityMonitor: Link Qos Query: 0.041 ms / 195.000 Mbps (390 / 0.000 / 2.000)
07-10 01:33:55.570  5674  6086 D SemWifiSwitchForIndividualAppsService: stopTCPMonitoring : already stopped
07-10 01:33:55.571  5674  6086 I WifiConnectivityMonitor.NCC: sNetworkCallback(oCC) FULL : 118(true/false)[ Transports: WIFI Capabilities: NOT_METERED&INTERNET&NOT_RESTRICTED&TRUSTED&NOT_VPN&VALIDATED&NOT_ROAMING&FOREGROUND&NOT_CONGESTED&NOT_SUSPENDED&NOT_VCN_MANAGED LinkUpBandwidth>=15762Kbps LinkDnBandwidth>=38308Kbps TransportInfo: <SSID: <unknown ssid>, BSSID: 02:00:00:**:**:00, MAC: 02:00:00:**:**:00, IP: /192.168.1.19, Security type: 2, Supplicant state: COMPLETED, Wi-Fi standard: 5, RSSI: -64, Link speed: 390Mbps, Tx Link speed: 390Mbps, Max Supported Tx Link speed: 433Mbps, Rx Link speed: 6Mbps, Max Supported Rx Link speed: 433Mbps, Frequency: 5180MHz, Net ID: -1, Metered hint: false, score: 60, isUsable: true, CarrierMerged: false, SubscriptionId: -1, IsPrimary: 1, Trusted: true, Restricted: false, Ephemeral: false, OEM paid: false, OEM private: false, OSU AP: false, FQDN: <none>, Provider friendly name: <none>, Requesting package name: <none><none>MLO Information: , AP MLD Address: <none>, AP MLO Link Id: <none>, AP MLO Affiliated links: <none>> SignalStrength: -64 AdminUids: [1000] SSID: "Talija" UnderlyingNetworks: Null]
07-10 01:33:55.574  5674  6164 I WifiConnectivityMonitor: current mode : 1
07-10 01:33:55.574  5674  6164 D OpenNetworkQos[4.00]: updateBssidNoInternet: mBssidNoInternet = false
07-10 01:33:55.574  5674  6164 D OpenNetworkQos[4.00]: getOpenNetworkQosNoInternetStatus: false
07-10 01:33:55.574  5674  6164 D OpenNetworkQos[4.00]: getOpenNetworkQosScores: 26 26 26
07-10 01:33:55.575  5674  6164 I WifiProfileShare: network QoS data was changed (internet), updateQoSData networkType: true, qosData: false
07-10 01:33:55.575  5674  7451 V WifiProfileShare.Caster: update wips network, size: 0
07-10 01:33:55.576  5674  7451 D WifiProfileShare: nearby scanning settings run
07-10 01:33:55.576  5674  7451 D WifiProfileShare: network score provider settings enabled
07-10 01:33:55.576  5674  7451 D OpenNetworkQos[4.00]: getOpenNetworkQosScores: 26 26 26
07-10 01:33:55.576  5674  7451 D OpenNetworkQos[4.00]: getOpenNetworkQosNoInternetStatus: false
07-10 01:33:55.576  5674  7451 I WifiProfileShare.Caster: current network type: 0, score: [26, 26, 26]
07-10 01:33:55.577  5674  7451 V WifiProfileShare.Cache: update network score 00:e4:06:**:**:90
07-10 01:33:55.577  5674  7451 D WifiProfileShare.ScanMatcher: getMcfDataList size:2
07-10 01:33:55.578  5674  7451 I WifiProfileShare.Caster: qos data was updated , before:type:QOS, pBssid:51:2e:90, qosData:7c after:type:QOS, pBssid:51:2e:90, qosData:7c
07-10 01:33:55.580  5674  7451 I [MCFSDK_android_1.2.4010]_4_b: isNetworkEnabled - type : 1 ret : true
07-10 01:33:55.580  5674  7451 D WifiProfileShare.McfCast: -ME--- mIsNetworkEnabled :true
07-10 01:33:55.580  5674  7451 D WifiProfileShare.McfCast: updateQoSData ignored, same contents
07-10 01:33:55.580  5674  7451 D WifiProfileShare.MCF: success update QosData !
07-10 01:33:55.581  5674  7451 I [MCFSDK_android_1.2.4010]_4_b: isNetworkEnabled - type : 1 ret : true
07-10 01:33:55.581  5674  7451 D WifiProfileShare.McfCast: -ME--- mIsNetworkEnabled :true
07-10 01:33:55.581  5674  7451 D WifiProfileShare.McfCast: -ME--- updatePasswordDate pwdData size:2
07-10 01:33:55.601  6461  6566 D NetworkController.WifiSignalController: notifyListener: visible=true, connected=true, inetCondition=1, isDefault=true, wifiTestReported=true, receivedInetCondition=-1, hideDuringMobileSwitching=false
07-10 01:33:55.602 16924 19143 I ChimeraSrvcProxy: NullBinder for android.net.action.RECOMMEND_NETWORKS triggering remote TransactionTooLargeException due to Service without Chimera impl
07-10 01:33:55.603 16924 19143 W .gms.persistent: Large reply transaction of 1056768 bytes, interface descriptor , code 1
07-10 01:33:56.992 31135 32652 I native  : I0000 00:00:1688945636.991747   32652 soda_async_impl.cc:1540] Current audio timestamp: 1688945636620242
07-10 01:33:57.997 22079 22079 I wpa_supplicant: nl80211: Drv Event 34 (NL80211_CMD_NEW_SCAN_RESULTS) received for wlan0
07-10 01:33:57.997 22079 22079 I wpa_supplicant: wlan0: nl80211: New scan results available
07-10 01:33:57.997 22079 22079 I wpa_supplicant: nl80211: Scan probed for SSID ''
07-10 01:33:57.998 22079 22079 I wpa_supplicant: nl80211: Scan included frequencies: 2412 2417 2422 2427 2432 2437 2442 2447 2452 2457 2462 2467 2472 5180 5200 5220 5240 5260 5280 5300 5320 5745 5765 5785 5805 5825
07-10 01:33:57.998  5674  6523 D WifiNl80211Manager: Scan result ready event
07-10 01:33:57.998  5674  6523 D WifiNative: Scan result ready event
07-10 01:33:58.000  6576 22194 D IpClient/wlan0: interfaceLinkStateChanged: ifindex 11 up
07-10 01:33:58.011  5674  6049 D WificondScannerImpl: Filtering out 3 scan results.
07-10 01:33:58.025  5674  6115 D SemWifiScanPool: countryCode: RS, count: 9, totalSamples: 12, rate: 75.0%
07-10 01:33:58.026  5674  6115 V SemWifiScanPool: updateScanResult, full scan:20 configKeys: 16 pool_bssid:34 pool_configKeys:22
07-10 01:33:58.026  5674  6115 D WifiConnectivityMonitor: onScanResultUpdated
07-10 01:33:58.026  5674  6115 D WifiConnectivityMonitor: mMaxScannedCountryCode : RS
07-10 01:33:58.176  5674  9681 V LocationManagerService: network provider registration 10234/com.google.android.as/403464A0 dropped delivery - too close
07-10 01:33:58.178  5674  9681 V LocationManagerService: passive provider registration 1000/android[SensorNotificationService]/3DC7BFCB dropped delivery - too close
07-10 01:33:58.180  5674  9681 V LocationManagerService: passive provider registration 5023/com.samsung.android.networkdiagnostic/4FDF9C6D dropped delivery - too close
07-10 01:33:58.184  5674  5690 I system_server: Background young concurrent copying GC freed 480741(18MB) AllocSpace objects, 56(1116KB) LOS objects, 15% free, 105MB/125MB, paused 801us,452us total 139.835ms
07-10 01:33:58.187  7284  7370 I NlpMonitor_FLP: monitorNlp, package=com.google.android.as/ interval=21600000
07-10 01:33:58.192  5674  6793 D SLocation: PositionManager - PassiveonLocationChanged network 1688945637997
07-10 01:33:58.193  5674  6793 D SLocation: ARDistanceBigData - BIGDATA ARD - receive location
07-10 01:33:58.193  5674  6793 D SLocation: GeofenceLocationFilter - location sent before 3191, need to filter / provider : network, accuracy : 17.278
07-10 01:33:58.193  5674  6793 I SLocation: GeofenceLocationFilter - alarm set, next time to send location : 147137835, com.samsung.android.location.geofence.geopoint.d@69762f1
07-10 01:33:58.196  5674  6793 D SLocation: SLocationCoreSem - send to coreSem, packet length : 23 / [2, 26, 183, 29, 235, 12, 49, 249, 123, 0, 0, 0, 17, 2, 0, 0, 1, 137, 61, 1, 58, 109, 0]
07-10 01:33:58.196  5674  6793 D SemContextLocationCoreAttribute: setAttribute() mode : 0 action : 23
07-10 01:33:58.196  5674  6793 D SemContextService: lock : changeParameters
07-10 01:33:58.196  5674  6793 D SemContext.CaeProvider.LocationCoreImpl: setAttribute() mode : 0 action : 23
07-10 01:33:58.196  5674  5692 W System  : A resource failed to call close.
07-10 01:33:58.196  5674  6793 W CAE     : setCAProperty(ContextAwareService.java:513) - [setProperty 01] Mutex is locked for SLOCATION_RUNNER
07-10 01:33:58.197  5674  6793 I CAE     : setPropertyValue(SLocationRunner.java:116) - SLocationRunner setProperty header : 2, len : 23
07-10 01:33:58.197  5674  6793 I CAE     : sendCmdToSensorHub(SensorHubCommManager.java:156) - -63, 23, 55, 2, 26, -73, 29, -21, 12, 49, -7, 123, 0, 0, 0, 17, 2, 0, 0, 1, -119, 61, 1, 58, 109, 0,
07-10 01:33:58.198  5674  5862 D SensorService: setSContextDataLocked ints length 8 , byte length 26
07-10 01:33:58.198  5674  5862 D SensorService: setSContextDataLocked 23717c1
07-10 01:33:58.198  5674  5692 W System  : A resource failed to call close.
07-10 01:33:58.199  5306  5306 I SensorsHub: SContextSensor::injecet_sensor_data
07-10 01:33:58.199  5306  5306 D SensorsHub: c1 17 37 02 1a b7 1d eb 0c 31 f9 7b 00 00 00 11
07-10 01:33:58.199  5306  5306 D SensorsHub: 02 00 00 01 89 3d 01 3a 6d 00
07-10 01:33:58.199  5306  5306 D SensorsHub: inject_scontext_data: New ssp_data_injection_fd(28)
07-10 01:33:58.199  5306  5306 D SensorsHub: SContext Data Injection return 26
07-10 01:33:58.200  5306  5327 I SensorsHub: context 10 0 9 1,1,55,0,5,2,2,0,0,0, 147135032785213
07-10 01:33:58.200  5674  6793 W CAE     : setCAProperty(ContextAwareService.java:519) - [setProperty 02] Mutex is unlocked for SLOCATION_RUNNER
07-10 01:33:58.200  5674  6793 D SemContextService: unlock : changeParameters
07-10 01:33:58.200  5674  6793 D SemContextManager:   .changeParameters : listener = com.samsung.android.location.semcontext.a@459a70d, service=SLocation Core
07-10 01:33:58.201  5674  5859 D SensorHubManager: onGetSensorHubDataLocked: library(10) = 1, 1, 55, 0, 5, 2, 2, 0, 0, 0
07-10 01:33:58.201  5674  6793 D SLocation: ARDistanceLibManager - request distance diff to AR Distance Library
07-10 01:33:58.201  5674  6793 D SLocation: SLocationCoreSem - send to coreSem, packet length : 1 / [34]
07-10 01:33:58.201  5674  6793 D SemContextLocationCoreAttribute: setAttribute() mode : 0 action : 23
07-10 01:33:58.201  5674  6793 D SemContextService: lock : changeParameters
07-10 01:33:58.201  5674  5860 D CAE     : onGetSensorHubData(SensorHubParserProvider.java:89) - onGetSensorHubData Event [event buffer len :10], AP_WAKEUP
07-10 01:33:58.201  5674  6793 D SemContext.CaeProvider.LocationCoreImpl: setAttribute() mode : 0 action : 23
07-10 01:33:58.202  5674  5860 I CAE     : parse(SensorHubParserProvider.java:190) - buffer size = 10
07-10 01:33:58.202  5674  6793 W CAE     : setCAProperty(ContextAwareService.java:513) - [setProperty 01] Mutex is locked for SLOCATION_RUNNER
07-10 01:33:58.203  5674  5860 I CAE     : parse(SensorHubParserProvider.java:201) - 1, 1, 55, 0, 5, 2, 2, 0, 0, 0,
07-10 01:33:58.203  5674  6793 I CAE     : setPropertyValue(SLocationRunner.java:116) - SLocationRunner setProperty header : 34, len : 1
07-10 01:33:58.203  5674  5860 I CAE     : parse(SLocationRunner.java:88) - SLocationRunner parse start : 3
07-10 01:33:58.203  5674  6793 I CAE     : sendCmdToSensorHub(SensorHubCommManager.java:156) - -63, 23, 55, 34,
07-10 01:33:58.203  5674  5860 D CAE     : display(ContextProvider.java:375) - ================= SLOCATION_RUNNER =================
07-10 01:33:58.204  5674  5862 D SensorService: setSContextDataLocked ints length 2 , byte length 4
07-10 01:33:58.204  5674  5862 D SensorService: setSContextDataLocked 223717c1
07-10 01:33:58.204  5674  5860 I CAE     : display(ContextProvider.java:391) - ExtraDataArray=[1, 1, 55, 0, 5, 2, 2, 0, 0, 0]
07-10 01:33:58.204  5674  5860 I CAE     : parse(SLocationRunner.java:96) - SLocationRunner parse end:10
07-10 01:33:58.205  5306  5306 I SensorsHub: SContextSensor::injecet_sensor_data
07-10 01:33:58.205  5306  5306 D SensorsHub: c1 17 37 22
07-10 01:33:58.205  5674  5857 D SemContextService: Service.updateContext() : service = SLocation Core
07-10 01:33:58.205  5306  5306 D SensorsHub: inject_scontext_data: New ssp_data_injection_fd(28)
07-10 01:33:58.205  5306  5306 D SensorsHub: SContext Data Injection return 4
07-10 01:33:58.206  5674  5674 D SemContextManager: onSemContextChanged() : event = SLocation Core
07-10 01:33:58.206  5674  5674 D SLocation: SLocationCoreSem - SemContextChanged type = 47, packet received
07-10 01:33:58.206  5306  5327 I SensorsHub: context 38 0 37 1,1,55,0,33,33,0,0,0,0,23,112,73,106,186,2,38,0,26,183,29,32,12,50,3,0,0,0,0,37,5,14,185,56,0,0,5,63, 147135038676021
07-10 01:33:58.206  5306  5327 I SensorsHub: context 10 0 9 1,1,55,0,5,2,34,0,0,0, 147135038703290
07-10 01:33:58.206  5674  6793 W CAE     : setCAProperty(ContextAwareService.java:519) - [setProperty 02] Mutex is unlocked for SLOCATION_RUNNER
07-10 01:33:58.206  5674  5859 D SensorHubManager: onGetSensorHubDataLocked: library(38) = 1, 1, 55, 0, 33, 33, 0, 0, 0, 0, 23, 112, 73, 106, -70, 2, 38, 0, 26, -73, 29, 32, 12, 50, 3, 0, 0, 0, 0, 37, 5, 14, -71, 56, 0, 0, 5, 63
07-10 01:33:58.206  5674  6793 D SemContextService: unlock : changeParameters
07-10 01:33:58.207  5674  5859 D SensorHubManager: onGetSensorHubDataLocked: library(10) = 1, 1, 55, 0, 5, 2, 34, 0, 0, 0
07-10 01:33:58.207  5674  6793 D SemContextManager:   .changeParameters : listener = com.samsung.android.location.semcontext.a@459a70d, service=SLocation Core
07-10 01:33:58.207  5674  6793 I SLocation: SemContextParser -  parse start : 3
07-10 01:33:58.207  5674  6793 I SLocation: SemContextParser -  packet Length : 5packet total size : 10
07-10 01:33:58.207  5674  6793 I SLocation: SemContextParser - packet : [2, 2, 0, 0, 0]
07-10 01:33:58.207  5674  5860 D CAE     : onGetSensorHubData(SensorHubParserProvider.java:89) - onGetSensorHubData Event [event buffer len :38], AP_WAKEUP
07-10 01:33:58.208  5674  6793 D SLocation: GeofenceCoreManager - received Extra Data from core, len : 5
07-10 01:33:58.208  5674  6793 D SLocation: GeofenceCoreManager - handleCommandCallback - UNKNOWN_CALLBACK 2 SUCCESS
07-10 01:33:58.208  5674  6793 D SLocation: CommonCoreManager - received Extra Data from core, len : 5
07-10 01:33:58.208  5674  6793 D SLocation: CommonCoreManager - handleCommandCallback - FUNC_TYPE : SET_LOCATION ERROR_CODE : ERROR_NONE
07-10 01:33:58.208  5674  5860 I CAE     : parse(SensorHubParserProvider.java:190) - buffer size = 38
07-10 01:33:58.209  5674  5860 I CAE     : parse(SensorHubParserProvider.java:201) - 1, 1, 55, 0, 33, 33, 0, 0, 0, 0, 23, 112, 73, 106, -70, 2, 38, 0, 26, -73, 29, 32, 12, 50, 3, 0, 0, 0, 0, 37, 5, 14, -71, 56, 0, 0, 5, 63,
07-10 01:33:58.209  5674  5860 I CAE     : parse(SLocationRunner.java:88) - SLocationRunner parse start : 3
07-10 01:33:58.210  5674  5860 D CAE     : display(ContextProvider.java:375) - ================= SLOCATION_RUNNER =================
07-10 01:33:58.211  5674  5860 I CAE     : display(ContextProvider.java:391) - ExtraDataArray=[1, 1, 55, 0, 33, 33, 0, 0, 0, 0, 23, 112, 73, 106, -70, 2, 38, 0, 26, -73, 29, 32, 12, 50, 3, 0, 0, 0, 0, 37, 5, 14, -71, 56, 0, 0, 5, 63]
07-10 01:33:58.211  5674  5860 I CAE     : parse(SLocationRunner.java:96) - SLocationRunner parse end:38
07-10 01:33:58.212  5674  5857 D SemContextService: Service.updateContext() : service = SLocation Core
07-10 01:33:58.212  5674  5674 D SemContextManager: onSemContextChanged() : event = SLocation Core
07-10 01:33:58.212  5674  5674 D SLocation: SLocationCoreSem - SemContextChanged type = 47, packet received
07-10 01:33:58.212  5674  5860 D CAE     : onGetSensorHubData(SensorHubParserProvider.java:89) - onGetSensorHubData Event [event buffer len :10], AP_WAKEUP
07-10 01:33:58.212  5674  6793 I SLocation: SemContextParser -  parse start : 3
07-10 01:33:58.212  5674  6793 I SLocation: SemContextParser -  packet Length : 33packet total size : 38
07-10 01:33:58.212  5674  5860 I CAE     : parse(SensorHubParserProvider.java:190) - buffer size = 10
07-10 01:33:58.213  5674  6793 I SLocation: SemContextParser - packet : [33, 0, 0, 0, 0, 23, 112, 73, 106, -70, 2, 38, 0, 26, -73, 29, 32, 12, 50, 3, 0, 0, 0, 0, 37, 5, 14, -71, 56, 0, 0, 5, 63]
07-10 01:33:58.213  5674  6793 D SLocation: GeofenceCoreManager - received Extra Data from core, len : 33
07-10 01:33:58.213  5674  5860 I CAE     : parse(SensorHubParserProvider.java:201) - 1, 1, 55, 0, 5, 2, 34, 0, 0, 0,
07-10 01:33:58.213  5674  6793 D SLocation: ARDistanceGetARDistance - convertSensorHubTimeToElapsedTime 1688928894201496833
07-10 01:33:58.213  5674  6793 D SLocation: ARDistanceGetARDistance - invalid location time from core pvt 1688928894201496833, do not use distance info
07-10 01:33:58.213  5674  6793 D SLocation: CommonCoreManager - received Extra Data from core, len : 33
07-10 01:33:58.213  5674  5860 I CAE     : parse(SLocationRunner.java:88) - SLocationRunner parse start : 3
07-10 01:33:58.213  5674  5860 D CAE     : display(ContextProvider.java:375) - ================= SLOCATION_RUNNER =================
07-10 01:33:58.214  5674  5860 I CAE     : display(ContextProvider.java:391) - ExtraDataArray=[1, 1, 55, 0, 5, 2, 34, 0, 0, 0]
07-10 01:33:58.215  5674  5857 D SemContextService: Service.updateContext() : service = SLocation Core
07-10 01:33:58.215  5674  5674 D SemContextManager: onSemContextChanged() : event = SLocation Core
07-10 01:33:58.215  5674  5860 I CAE     : parse(SLocationRunner.java:96) - SLocationRunner parse end:10
07-10 01:33:58.215  5674  5674 D SLocation: SLocationCoreSem - SemContextChanged type = 47, packet received
07-10 01:33:58.216  5674  6793 I SLocation: SemContextParser -  parse start : 3
07-10 01:33:58.216  5674  6793 I SLocation: SemContextParser -  packet Length : 5packet total size : 10
07-10 01:33:58.216  5674  6793 I SLocation: SemContextParser - packet : [2, 34, 0, 0, 0]
07-10 01:33:58.216  5674  6793 D SLocation: GeofenceCoreManager - received Extra Data from core, len : 5
07-10 01:33:58.216  5674  6793 D SLocation: GeofenceCoreManager - handleCommandCallback - UNKNOWN_CALLBACK 34 SUCCESS
07-10 01:33:58.216  5674  6793 D SLocation: ARDistanceLibManager - command callback received - CURRENT_LOCATION_REQUEST_DISTANCE ERROR CODE : ERROR_NONE
07-10 01:33:58.216  5674  6793 D SLocation: CommonCoreManager - received Extra Data from core, len : 5
07-10 01:33:58.602  5674  7726 D SemWifiUsabilityStatsMonitor: onWifiUsabilityStats - seqNum 22094, isSameBssidAndFreq true
07-10 01:33:58.604  5674  6128 I SemWifiLinkQualityMonitor: Link Qos Query: 0.041 ms / 195.000 Mbps (390 / 0.000 / 2.000)
07-10 01:33:58.711 31135 31464 I A       : (REDACTED) #onAudioData: %s bytes, getAudioReadSize %s
07-10 01:34:00.003  6461  6461 D KeyguardUpdateMonitor: received broadcast android.intent.action.TIME_TICK
07-10 01:34:00.004  6461  6461 D KeyguardUpdateMonitor: handleTimeUpdate
07-10 01:34:00.006  6461  6461 D FaceWidgetPagesController: onTimeChanged()
07-10 01:34:00.010  6461  7078 D QSClockBellTower: onReceive(android.intent.action.TIME_TICK) mTimeZoneString:null
07-10 01:34:00.058  6461  6461 D QSClockBellTower: He is ready to ring the bell. (((QSClockBellSound - TimeText:01:34, TimeContentDescription:01:34, DateText:Mon, 10 July, ShortDateText:Mon, 10 Jul, Demo:false, QuickStar-Second(false|12:34:56))))
07-10 01:34:00.059  6461  6461 D QSClockIndicatorView: Home Indicator status_bar_clock 01:34 notifyTimeChanged(QSClockBellSound - TimeText:01:34, TimeContentDescription:01:34, DateText:Mon, 10 July, ShortDateText:Mon, 10 Jul, Demo:false, QuickStar-Second(false|12:34:56)) ClockVisibleByPolicy:true, ClockVisibleByUser:true, visible?false, parent:android.widget.LinearLayout{503272 V.E...... ........ 0,0-0,55 #7f0b04f0 app:id/left_clock_container}
07-10 01:34:00.059  6461  6461 D QSClockBellTower: Everyone heard the bell. run(currentTime:1688945640057,   getTime():Mon Jul 10 01:34:00 GMT+02:00 2023,   getTimeZone():libcore.util.ZoneInfo[mDstSavings=3600000,mUseDst=true,mDelegate=[id="Europe/Belgrade",mRawOffset=3600000,mEarliestRawOffset=4920000,transitions=119]])
07-10 01:34:00.067  6461  6461 I FaceWidgetPositionAlgorithm: getClockContainerHeight() supplier = 270, bottom margin = 0, real height = 333
07-10 01:34:00.067  6461  6461 I FaceWidgetPositionAlgorithm: getClockContainerHeight() supplier = 270, bottom margin = 63, real height = 333
07-10 01:34:00.068  6461  6461 I FaceWidgetPositionAlgorithm: getMediaContainerHeight() height = 0 container Visibility = 8, isValid = false, mIsDozing = false, fraction = 1.0, source = 0, target = 0
07-10 01:34:00.068  6461  6461 I FaceWidgetPositionAlgorithm: getMediaContainerHeight() supplier = 0
07-10 01:34:00.069  6461  6461 V QsExpandAnimator: setQsExpansionPosition 0.0
07-10 01:34:00.073  6461  6461 V QsExpandAnimator: updateAnimators
07-10 01:34:00.073  6461  6461 V QsExpandAnimator: clearAnimationState
07-10 01:34:00.074  6461  6461 V QsExpandAnimator: updateViews
07-10 01:34:00.076  6461  6461 V QsExpandAnimator: updateTileAnimator
07-10 01:34:00.079  6461  6461 V QsExpandAnimator: updateHeaderAnimator
07-10 01:34:00.080  6461  6461 V QsExpandAnimator: updateBarAnimator
07-10 01:34:00.080  6461  6461 V QsExpandAnimator: setQsExpansionPosition 0.0
07-10 01:34:00.080  6461  6461 V QsExpandAnimator: onAnimationAtStart
07-10 01:34:01.004  5674  6793 D SLocation: GeopointGeofenceManager - Location reported : fix method = 4 / 17.278
07-10 01:34:01.006  5674  6793 W Settings: Setting airplane_mode_on has moved from android.provider.Settings.System to android.provider.Settings.Global, returning read-only value.
07-10 01:34:01.016  5674  6793 D SLocation: LocationProcessingAlgorithm - entry condition - dist : 4655.7495 padding : 0.0, accuracy : 17.278, provider : network, dir : 2
07-10 01:34:01.016  5674  6793 D SLocation: LocationProcessingAlgorithm - entry condition - dist : 3807520.2 padding : 0.0, accuracy : 17.278, provider : network, dir : 2
07-10 01:34:01.018  5674  6793 D SLocation: LocationProcessingAlgorithm - entry condition - dist : 90752.91 padding : 0.0, accuracy : 17.278, provider : network, dir : 2
07-10 01:34:01.019  5674  6793 D SLocation: LocationProcessingAlgorithm - entry condition - dist : 3807943.8 padding : 0.0, accuracy : 17.278, provider : network, dir : 2
07-10 01:34:01.020  5674  6793 D SLocation: LocationProcessingAlgorithm - entry condition - dist : 684.1178 padding : 0.0, accuracy : 17.278, provider : network, dir : 2
07-10 01:34:01.020  5674  6793 D SLocation: LocationProcessingAlgorithm - entry condition - dist : 1917396.4 padding : 0.0, accuracy : 17.278, provider : network, dir : 2
07-10 01:34:01.020  5674  6793 D SLocation: LocationProcessingAlgorithm - entry condition - dist : 13353.646 padding : 0.0, accuracy : 17.278, provider : network, dir : 2
07-10 01:34:01.021  5674  6793 D SLocation: LocationProcessingAlgorithm - entry condition - dist : 3807943.8 padding : 0.0, accuracy : 17.278, provider : network, dir : 2
07-10 01:34:01.021  5674  6793 D SLocation: LocationProcessingAlgorithm - entry condition - dist : 1801177.0 padding : 0.0, accuracy : 17.278, provider : network, dir : 2
07-10 01:34:01.021  5674  6793 D SLocation: LocationProcessingAlgorithm - entry condition - dist : 663.232 padding : 0.0, accuracy : 17.278, provider : network, dir : 2
07-10 01:34:01.022  5674  6793 D SLocation: ReceiverPairWithWifi - ignore direction of location due to wifi, id =11reason=400
07-10 01:34:01.023  5674  6793 D SLocation: LocationProcessingAlgorithm - entry condition - dist : 428.3422 padding : 0.0, accuracy : 17.278, provider : network, dir : 1
07-10 01:34:01.023  5674  6793 D SLocation: GeopointReceiver - send geopoint result - 1
07-10 01:34:01.643  5674  7726 D SemWifiUsabilityStatsMonitor: onWifiUsabilityStats - seqNum 22095, isSameBssidAndFreq true
07-10 01:34:01.644  5674  6055 D ConnectivityService: notifyType CALLBACK_CAP_CHANGED for [118 WIFI]
07-10 01:34:01.646  5674  6128 I SemWifiLinkQualityMonitor: Link Qos Query: 0.041 ms / 195.000 Mbps (390 / 0.000 / 2.000)
07-10 01:34:01.648  5674  6086 D SemWifiSwitchForIndividualAppsService: stopTCPMonitoring : already stopped
07-10 01:34:01.649  5674  6086 I WifiConnectivityMonitor.NCC: sNetworkCallback(oCC) FULL : 118(true/false)[ Transports: WIFI Capabilities: NOT_METERED&INTERNET&NOT_RESTRICTED&TRUSTED&NOT_VPN&VALIDATED&NOT_ROAMING&FOREGROUND&NOT_CONGESTED&NOT_SUSPENDED&NOT_VCN_MANAGED LinkUpBandwidth>=38087Kbps LinkDnBandwidth>=48162Kbps TransportInfo: <SSID: <unknown ssid>, BSSID: 02:00:00:**:**:00, MAC: 02:00:00:**:**:00, IP: /192.168.1.19, Security type: 2, Supplicant state: COMPLETED, Wi-Fi standard: 5, RSSI: -62, Link speed: 390Mbps, Tx Link speed: 390Mbps, Max Supported Tx Link speed: 433Mbps, Rx Link speed: 6Mbps, Max Supported Rx Link speed: 433Mbps, Frequency: 5180MHz, Net ID: -1, Metered hint: false, score: 60, isUsable: true, CarrierMerged: false, SubscriptionId: -1, IsPrimary: 1, Trusted: true, Restricted: false, Ephemeral: false, OEM paid: false, OEM private: false, OSU AP: false, FQDN: <none>, Provider friendly name: <none>, Requesting package name: <none><none>MLO Information: , AP MLD Address: <none>, AP MLO Link Id: <none>, AP MLO Affiliated links: <none>> SignalStrength: -62 AdminUids: [1000] SSID: "Talija" UnderlyingNetworks: Null]
07-10 01:34:01.650  5674  6164 I WifiConnectivityMonitor: current mode : 1
07-10 01:34:01.650  5674  6164 D OpenNetworkQos[4.00]: updateBssidNoInternet: mBssidNoInternet = false
07-10 01:34:01.650  5674  6164 D OpenNetworkQos[4.00]: getOpenNetworkQosNoInternetStatus: false
07-10 01:34:01.650  5674  6164 D OpenNetworkQos[4.00]: getOpenNetworkQosScores: 26 26 26
07-10 01:34:01.651  5674  6164 I WifiProfileShare: network QoS data was changed (internet), updateQoSData networkType: true, qosData: false
07-10 01:34:01.653  5674  7451 V WifiProfileShare.Caster: update wips network, size: 0
07-10 01:34:01.654  5674  7451 D WifiProfileShare: nearby scanning settings run
07-10 01:34:01.654  5674  7451 D WifiProfileShare: network score provider settings enabled
07-10 01:34:01.654  5674  7451 D OpenNetworkQos[4.00]: getOpenNetworkQosScores: 26 26 26
07-10 01:34:01.654  5674  7451 D OpenNetworkQos[4.00]: getOpenNetworkQosNoInternetStatus: false
07-10 01:34:01.654  5674  7451 I WifiProfileShare.Caster: current network type: 0, score: [26, 26, 26]
07-10 01:34:01.655  5674  7451 V WifiProfileShare.Cache: update network score 00:e4:06:**:**:90
07-10 01:34:01.655  5674  7451 D WifiProfileShare.ScanMatcher: getMcfDataList size:2
07-10 01:34:01.656  5674  7451 I WifiProfileShare.Caster: qos data was updated , before:type:QOS, pBssid:51:2e:90, qosData:7c after:type:QOS, pBssid:51:2e:90, qosData:7c
07-10 01:34:01.657  5674  7451 I [MCFSDK_android_1.2.4010]_4_b: isNetworkEnabled - type : 1 ret : true
07-10 01:34:01.657  5674  7451 D WifiProfileShare.McfCast: -ME--- mIsNetworkEnabled :true
07-10 01:34:01.657  5674  7451 D WifiProfileShare.McfCast: updateQoSData ignored, same contents
07-10 01:34:01.658  5674  7451 D WifiProfileShare.MCF: success update QosData !
07-10 01:34:01.659  5674  7451 I [MCFSDK_android_1.2.4010]_4_b: isNetworkEnabled - type : 1 ret : true
07-10 01:34:01.659  5674  7451 D WifiProfileShare.McfCast: -ME--- mIsNetworkEnabled :true
07-10 01:34:01.660  5674  7451 D WifiProfileShare.McfCast: -ME--- updatePasswordDate pwdData size:2
07-10 01:34:01.682  6461  6566 D NetworkController.WifiSignalController: notifyListener: visible=true, connected=true, inetCondition=1, isDefault=true, wifiTestReported=true, receivedInetCondition=-1, hideDuringMobileSwitching=false
07-10 01:34:01.683 16924 24032 I ChimeraSrvcProxy: NullBinder for android.net.action.RECOMMEND_NETWORKS triggering remote TransactionTooLargeException due to Service without Chimera impl
07-10 01:34:01.683 16924 24032 W .gms.persistent: Large reply transaction of 1056768 bytes, interface descriptor , code 1
07-10 01:34:02.676  5325  5325 E sehhealth-service: Could not open /sys/class/power_supply/battery/lrp
07-10 01:34:04.688  5674  7726 D SemWifiUsabilityStatsMonitor: onWifiUsabilityStats - seqNum 22096, isSameBssidAndFreq true
07-10 01:34:04.691  5674  6128 I SemWifiLinkQualityMonitor: Link Qos Query: 0.041 ms / 195.000 Mbps (390 / 0.000 / 2.000)
07-10 01:34:06.698  5674  6055 D ConnectivityService: reportNetworkActive, notify 0 listeners
07-10 01:34:07.733  5674  7726 D SemWifiUsabilityStatsMonitor: onWifiUsabilityStats - seqNum 22097, isSameBssidAndFreq true
07-10 01:34:07.735  5674  6128 I SemWifiLinkQualityMonitor: Link Qos Query: 0.074 ms / 108.333 Mbps (325 / 0.000 / 3.000)
07-10 01:34:07.736  6461  6461 D NetworkController.WifiSignalController: notifyListener: visible=true, connected=true, inetCondition=1, isDefault=true, wifiTestReported=true, receivedInetCondition=-1, hideDuringMobileSwitching=false
07-10 01:34:07.947  5674  6593 D PackageManager: setEnabledSetting : userId = 0 packageName = com.Slack cmp = androidx.work.impl.background.systemalarm.RescheduleReceiver newState = 1 callingPackage = 10329/com.Slack
07-10 01:34:07.949  5674  6593 D ApplicationPolicy: getApplicationStateEnabled : pkg = com.Slack userId : 0
07-10 01:34:07.951  5674  6593 D ApplicationPolicy: getApplicationComponentState : pkg = com.Slack userId : 0
07-10 01:34:07.970  5353  6075 V APM_AudioPolicyManager: setAppState(portId:1005, state:1)
07-10 01:34:07.972  5674  5745 W libprocessgroup: Failed to open /dev/blkio//cgroup.procs: No such file or directory
07-10 01:34:07.990 25156 25218 D ConnectivityManager: StackLog: [android.net.ConnectivityManager.sendRequestForNetwork(ConnectivityManager.java:4300)] [android.net.ConnectivityManager.registerDefaultNetworkCallbackForUid(ConnectivityManager.java:4864)] [android.net.ConnectivityManager.registerDefaultNetworkCallback(ConnectivityManager.java:4831)] [android.net.ConnectivityManager.registerDefaultNetworkCallback(ConnectivityManager.java:4805)] [androidx.work.impl.utils.NetworkApi24.registerDefaultNetworkCallbackCompat(Unknown Source:11)] [androidx.work.impl.constraints.trackers.NetworkStateTracker24.startTracking(Unknown Source:15)] [androidx.work.impl.constraints.controllers.ConstraintController.replace(Unknown Source:130)] [androidx.work.impl.constraints.WorkConstraintsTrackerImpl.replace(Unknown Source:41)] [androidx.work.impl.background.greedy.GreedyScheduler.schedule(Unknown Source:302)] [androidx.work.impl.Schedulers.schedule(Unknown Source:155)] [androidx.work.impl.utils.EnqueueRunnable.run(Unknown Source:53)] [androidx.work.Worker$2.run$androidx$work$impl$utils$SerialExecutorImpl$Task(Unknown Source:4)] [androidx.work.Worker$2.run(Unknown Source:868)] [java.util.concurrent.ThreadPoolExecutor.runWorker(ThreadPoolExecutor.java:1137)] [java.util.concurrent.ThreadPoolExecutor$Worker.run(ThreadPoolExecutor.java:637)] [java.lang.Thread.run(Thread.java:1012)]
07-10 01:34:07.992  5674  9681 D ConnectivityService: requestNetwork for uid/pid:10329/25156 activeRequest: null callbackRequest: 16763 [NetworkRequest [ REQUEST id=16764, [ Capabilities: INTERNET&NOT_RESTRICTED&TRUSTED&NOT_VCN_MANAGED Uid: 10329 RequestorUid: 10329 RequestorPkg: com.Slack UnderlyingNetworks: Null] ]] callback flags: 0 order: 2147483647
07-10 01:34:07.995  5674  6055 D ConnectivityService:    accepting network in place of null
07-10 01:34:08.002  5674  6045 D WifiNetworkFactory: got request NetworkRequest [ REQUEST id=16764, [ Capabilities: INTERNET&NOT_RESTRICTED&TRUSTED&NOT_VCN_MANAGED Uid: 10329 RequestorUid: 10329 RequestorPkg: com.Slack UnderlyingNetworks: Null] ]
07-10 01:34:08.004  5674  6045 D UntrustedWifiNetworkFactory: got request NetworkRequest [ REQUEST id=16764, [ Capabilities: INTERNET&NOT_RESTRICTED&TRUSTED&NOT_VCN_MANAGED Uid: 10329 RequestorUid: 10329 RequestorPkg: com.Slack UnderlyingNetworks: Null] ]
07-10 01:34:08.005  5674  6045 D OemPaidWifiNetworkFactory: got request NetworkRequest [ REQUEST id=16764, [ Capabilities: INTERNET&NOT_RESTRICTED&TRUSTED&NOT_VCN_MANAGED Uid: 10329 RequestorUid: 10329 RequestorPkg: com.Slack UnderlyingNetworks: Null] ]
07-10 01:34:08.007  5674  6045 D MultiInternetWifiNetworkFactory: got request NetworkRequest [ REQUEST id=16764, [ Capabilities: INTERNET&NOT_RESTRICTED&TRUSTED&NOT_VCN_MANAGED Uid: 10329 RequestorUid: 10329 RequestorPkg: com.Slack UnderlyingNetworks: Null] ]
07-10 01:34:08.012  5674  6055 D ConnectivityService: Rematched networks [computed 1ms] [applied 2ms] [issued 15]
07-10 01:34:08.012  5674  6055 D ConnectivityService: NetworkReassignment :
07-10 01:34:08.012  5674  6055 D ConnectivityService:   16764 : null → 118
07-10 01:34:08.018 25156 25156 D ConnectivityManager: StackLog: [android.net.ConnectivityManager.unregisterNetworkCallback(ConnectivityManager.java:4972)] [androidx.work.impl.utils.NetworkApi21.unregisterNetworkCallbackCompat(Unknown Source:11)] [androidx.work.impl.constraints.trackers.NetworkStateTracker24.stopTracking(Unknown Source:15)] [androidx.work.impl.constraints.trackers.ConstraintTracker.removeListener(Unknown Source:24)] [androidx.work.impl.constraints.controllers.ConstraintController.replace(Unknown Source:81)] [androidx.work.impl.constraints.WorkConstraintsTrackerImpl.replace(Unknown Source:41)] [androidx.work.impl.background.greedy.GreedyScheduler.onExecuted(Unknown Source:55)] [androidx.work.impl.Processor.onExecuted(Unknown Source:59)] [com.bugsnag.android.DeliveryDelegate$1.run(Unknown Source:212)]
07-10 01:34:08.020  5674  6055 D ConnectivityService:  Removing from current network [118 WIFI], leaving 158 requests.
07-10 01:34:08.028  5353  6075 V APM_AudioPolicyManager: setAppState(portId:1005, state:1)
07-10 01:34:08.031  5353  6075 V APM_AudioPolicyManager: setAppState(portId:1005, state:1)
07-10 01:34:10.763  5674  7726 D SemWifiUsabilityStatsMonitor: onWifiUsabilityStats - seqNum 22098, isSameBssidAndFreq true
07-10 01:34:10.765  5674  6128 I SemWifiLinkQualityMonitor: Link Qos Query: 0.041 ms / 195.000 Mbps (390 / 0.000 / 2.000)
07-10 01:34:13.783  6461  6461 D NetworkController.WifiSignalController: notifyListener: visible=true, connected=true, inetCondition=1, isDefault=true, wifiTestReported=true, receivedInetCondition=-1, hideDuringMobileSwitching=false
07-10 01:34:13.784  6461  6461 D MobileSignalController(0/1): notifyListener: enabled=true, connected=true, dataConnected=false, networkType=LTE (4G), emergencyOnly=false, roaming=true, isDefault=false, dataActivity=, level=1, ca=false, mmWave=false, disabledDataIcon=false, simCard=ETC
07-10 01:34:13.785  6461  6461 D MobileSignalController(1/2): notifyListener: enabled=true, connected=true, dataConnected=false, networkType=LTE (4G), emergencyOnly=false, roaming=false, isDefault=false, dataActivity=, level=3, ca=false, mmWave=false, disabledDataIcon=false, simCard=ETC
07-10 01:34:13.786  6461  6566 D Tile.WifiTile: handleUpdateState isTransient=false transientEnabling =false cb.isTransient=false state.state = 2 mStateBeforeClick.value =false enabled =true
07-10 01:34:13.793  6461  6566 D Tile.WifiTile: handleUpdateState isTransient=false transientEnabling =false cb.isTransient=false state.state = 2 mStateBeforeClick.value =false enabled =true
07-10 01:34:13.812  5674  7726 D SemWifiUsabilityStatsMonitor: onWifiUsabilityStats - seqNum 22099, isSameBssidAndFreq true
07-10 01:34:13.821  5674  6128 I SemWifiLinkQualityMonitor: Link Qos Query: 0.068 ms / 117.000 Mbps (390 / 0.000 / 3.333)
07-10 01:34:14.190  5262  5262 E audit   : type=1400 audit(1688945654.185:70091): avc:  denied  { getattr } for  pid=5674 comm="BinderProcsColl" path="/sys/kernel/debug/binder/proc/5674" dev="debugfs" ino=32119 scontext=u:r:system_server:s0 tcontext=u:object_r:sec_debugfs:s0 tclass=file permissive=0 SEPF_SM-A515F_13_0001 audit_filtered
07-10 01:34:14.190  5262  5262 E audit   : type=1300 audit(1688945654.185:70091): arch=c00000b7 syscall=79 success=no exit=-13 a0=ffffff9c a1=7ad2330780 a2=79df9bd680 a3=0 items=0 ppid=5287 pid=5674 auid=4294967295 uid=1000 gid=1000 euid=1000 suid=1000 fsuid=1000 egid=1000 sgid=1000 fsgid=1000 tty=(none) ses=4294967295 comm="BinderProcsColl" exe="/system/bin/app_process64" subj=u:r:system_server:s0 key=(null)
07-10 01:34:14.190  5262  5262 E audit   : type=1327 audit(1688945654.185:70091): proctitle="system_server"
07-10 01:34:16.870  5674  7726 D SemWifiUsabilityStatsMonitor: onWifiUsabilityStats - seqNum 22100, isSameBssidAndFreq true
07-10 01:34:16.871  5674  6055 D ConnectivityService: notifyType CALLBACK_CAP_CHANGED for [118 WIFI]
07-10 01:34:16.874  5674  6128 I SemWifiLinkQualityMonitor: Link Qos Query: 0.068 ms / 117.000 Mbps (390 / 0.000 / 3.333)
07-10 01:34:16.874  6461  6461 D NetworkController.WifiSignalController: notifyListener: visible=true, connected=true, inetCondition=1, isDefault=true, wifiTestReported=true, receivedInetCondition=-1, hideDuringMobileSwitching=false
07-10 01:34:16.875  5674  6086 D SemWifiSwitchForIndividualAppsService: stopTCPMonitoring : already stopped
07-10 01:34:16.877  5674  6086 I WifiConnectivityMonitor.NCC: sNetworkCallback(oCC) FULL : 118(true/false)[ Transports: WIFI Capabilities: NOT_METERED&INTERNET&NOT_RESTRICTED&TRUSTED&NOT_VPN&VALIDATED&NOT_ROAMING&FOREGROUND&NOT_CONGESTED&NOT_SUSPENDED&NOT_VCN_MANAGED LinkUpBandwidth>=15762Kbps LinkDnBandwidth>=38308Kbps TransportInfo: <SSID: <unknown ssid>, BSSID: 02:00:00:**:**:00, MAC: 02:00:00:**:**:00, IP: /192.168.1.19, Security type: 2, Supplicant state: COMPLETED, Wi-Fi standard: 5, RSSI: -64, Link speed: 390Mbps, Tx Link speed: 390Mbps, Max Supported Tx Link speed: 433Mbps, Rx Link speed: 6Mbps, Max Supported Rx Link speed: 433Mbps, Frequency: 5180MHz, Net ID: -1, Metered hint: false, score: 60, isUsable: true, CarrierMerged: false, SubscriptionId: -1, IsPrimary: 1, Trusted: true, Restricted: false, Ephemeral: false, OEM paid: false, OEM private: false, OSU AP: false, FQDN: <none>, Provider friendly name: <none>, Requesting package name: <none><none>MLO Information: , AP MLD Address: <none>, AP MLO Link Id: <none>, AP MLO Affiliated links: <none>> SignalStrength: -64 AdminUids: [1000] SSID: "Talija" UnderlyingNetworks: Null]
07-10 01:34:16.879  5674  6164 I WifiConnectivityMonitor: current mode : 1
07-10 01:34:16.880  5674  6164 D OpenNetworkQos[4.00]: updateBssidNoInternet: mBssidNoInternet = false
07-10 01:34:16.880  5674  6164 D OpenNetworkQos[4.00]: getOpenNetworkQosNoInternetStatus: false
07-10 01:34:16.880  5674  6164 D OpenNetworkQos[4.00]: getOpenNetworkQosScores: 26 26 26
07-10 01:34:16.881  5674  6164 I WifiProfileShare: network QoS data was changed (internet), updateQoSData networkType: true, qosData: false
07-10 01:34:16.883  5674  7451 V WifiProfileShare.Caster: update wips network, size: 0
07-10 01:34:16.883  5674  7451 D WifiProfileShare: nearby scanning settings run
07-10 01:34:16.883  5674  7451 D WifiProfileShare: network score provider settings enabled
07-10 01:34:16.884  5674  7451 D OpenNetworkQos[4.00]: getOpenNetworkQosScores: 26 26 26
07-10 01:34:16.884  5674  7451 D OpenNetworkQos[4.00]: getOpenNetworkQosNoInternetStatus: false
07-10 01:34:16.884  5674  7451 I WifiProfileShare.Caster: current network type: 0, score: [26, 26, 26]
07-10 01:34:16.885  5674  7451 V WifiProfileShare.Cache: update network score 00:e4:06:**:**:90
07-10 01:34:16.885  5674  7451 D WifiProfileShare.ScanMatcher: getMcfDataList size:2
