07-10 00:57:28.146 30967 31717 I ContactsProvider_EventLog: cp_s: [PROFILE con(1) dat(1) acc({vnd.sec.contact.phone=1}) ] [SAPROFILE ]
07-10 00:57:28.146 30967 31717 I ContactsProvider_EventLog: cp_s: [STATE R(T) ]
07-10 00:57:28.208 31135 31465 I A       : (REDACTED) #onAudioData: %s bytes, getAudioReadSize %s
07-10 00:57:29.281  5674  7726 D SemWifiUsabilityStatsMonitor: onWifiUsabilityStats - seqNum 21375, isSameBssidAndFreq true
07-10 00:57:29.285  5674  6128 I SemWifiLinkQualityMonitor: Link Qos Query: 0.046 ms / 175.500 Mbps (351 / 0.000 / 2.000)
07-10 00:57:29.285  6461  6461 D NetworkController.WifiSignalController: notifyListener: visible=true, connected=true, inetCondition=1, isDefault=true, wifiTestReported=true, receivedInetCondition=-1, hideDuringMobileSwitching=false
07-10 00:57:29.744  5325  5325 E sehhealth-service: Could not open /sys/class/power_supply/battery/lrp
07-10 00:57:30.536  6461  6566 D TileLifecycleManager: onStopListening
07-10 00:57:32.339  5674  7726 D SemWifiUsabilityStatsMonitor: onWifiUsabilityStats - seqNum 21376, isSameBssidAndFreq true
07-10 00:57:32.343  5674  6128 I SemWifiLinkQualityMonitor: Link Qos Query: 0.046 ms / 175.500 Mbps (351 / 0.000 / 2.000)
07-10 00:57:34.670  5674  9951 D PackageManager: setEnabledSetting : userId = 0 packageName = com.Slack cmp = androidx.work.impl.background.systemalarm.RescheduleReceiver newState = 1 callingPackage = 10329/com.Slack
07-10 00:57:34.671  5674  9951 D ApplicationPolicy: getApplicationStateEnabled : pkg = com.Slack userId : 0
07-10 00:57:34.674  5674  9951 D ApplicationPolicy: getApplicationComponentState : pkg = com.Slack userId : 0
07-10 00:57:34.704  5353  5543 V APM_AudioPolicyManager: setAppState(portId:1005, state:1)
07-10 00:57:34.707  5674  5745 W libprocessgroup: Failed to open /dev/blkio//cgroup.procs: No such file or directory
07-10 00:57:34.732 15049 15247 D ConnectivityManager: StackLog: [android.net.ConnectivityManager.sendRequestForNetwork(ConnectivityManager.java:4300)] [android.net.ConnectivityManager.registerDefaultNetworkCallbackForUid(ConnectivityManager.java:4864)] [android.net.ConnectivityManager.registerDefaultNetworkCallback(ConnectivityManager.java:4831)] [android.net.ConnectivityManager.registerDefaultNetworkCallback(ConnectivityManager.java:4805)] [androidx.work.impl.utils.NetworkApi24.registerDefaultNetworkCallbackCompat(Unknown Source:11)] [androidx.work.impl.constraints.trackers.NetworkStateTracker24.startTracking(Unknown Source:15)] [androidx.work.impl.constraints.controllers.ConstraintController.replace(Unknown Source:130)] [androidx.work.impl.constraints.WorkConstraintsTrackerImpl.replace(Unknown Source:41)] [androidx.work.impl.background.greedy.GreedyScheduler.schedule(Unknown Source:302)] [androidx.work.impl.Schedulers.schedule(Unknown Source:155)] [androidx.work.impl.utils.EnqueueRunnable.run(Unknown Source:53)] [androidx.work.Worker$2.run$androidx$work$impl$utils$SerialExecutorImpl$Task(Unknown Source:4)] [androidx.work.Worker$2.run(Unknown Source:868)] [java.util.concurrent.ThreadPoolExecutor.runWorker(ThreadPoolExecutor.java:1137)] [java.util.concurrent.ThreadPoolExecutor$Worker.run(ThreadPoolExecutor.java:637)] [java.lang.Thread.run(Thread.java:1012)]
07-10 00:57:34.736  5674  9952 D ConnectivityService: requestNetwork for uid/pid:10329/15049 activeRequest: null callbackRequest: 16516 [NetworkRequest [ REQUEST id=16517, [ Capabilities: INTERNET&NOT_RESTRICTED&TRUSTED&NOT_VCN_MANAGED Uid: 10329 RequestorUid: 10329 RequestorPkg: com.Slack UnderlyingNetworks: Null] ]] callback flags: 0 order: 2147483647
07-10 00:57:34.738  5674  6055 D ConnectivityService:    accepting network in place of null
07-10 00:57:34.747  5674  6045 D WifiNetworkFactory: got request NetworkRequest [ REQUEST id=16517, [ Capabilities: INTERNET&NOT_RESTRICTED&TRUSTED&NOT_VCN_MANAGED Uid: 10329 RequestorUid: 10329 RequestorPkg: com.Slack UnderlyingNetworks: Null] ]
07-10 00:57:34.748  5674  6045 D UntrustedWifiNetworkFactory: got request NetworkRequest [ REQUEST id=16517, [ Capabilities: INTERNET&NOT_RESTRICTED&TRUSTED&NOT_VCN_MANAGED Uid: 10329 RequestorUid: 10329 RequestorPkg: com.Slack UnderlyingNetworks: Null] ]
07-10 00:57:34.751  5674  6045 D OemPaidWifiNetworkFactory: got request NetworkRequest [ REQUEST id=16517, [ Capabilities: INTERNET&NOT_RESTRICTED&TRUSTED&NOT_VCN_MANAGED Uid: 10329 RequestorUid: 10329 RequestorPkg: com.Slack UnderlyingNetworks: Null] ]
07-10 00:57:34.752  5674  6045 D MultiInternetWifiNetworkFactory: got request NetworkRequest [ REQUEST id=16517, [ Capabilities: INTERNET&NOT_RESTRICTED&TRUSTED&NOT_VCN_MANAGED Uid: 10329 RequestorUid: 10329 RequestorPkg: com.Slack UnderlyingNetworks: Null] ]
07-10 00:57:34.758  5674  6055 D ConnectivityService: Rematched networks [computed 1ms] [applied 4ms] [issued 16]
07-10 00:57:34.758  5674  6055 D ConnectivityService: NetworkReassignment :
07-10 00:57:34.758  5674  6055 D ConnectivityService:   16517 : null → 118
07-10 00:57:34.762 15049 15049 D ConnectivityManager: StackLog: [android.net.ConnectivityManager.unregisterNetworkCallback(ConnectivityManager.java:4972)] [androidx.work.impl.utils.NetworkApi21.unregisterNetworkCallbackCompat(Unknown Source:11)] [androidx.work.impl.constraints.trackers.NetworkStateTracker24.stopTracking(Unknown Source:15)] [androidx.work.impl.constraints.trackers.ConstraintTracker.removeListener(Unknown Source:24)] [androidx.work.impl.constraints.controllers.ConstraintController.replace(Unknown Source:81)] [androidx.work.impl.constraints.WorkConstraintsTrackerImpl.replace(Unknown Source:41)] [androidx.work.impl.background.greedy.GreedyScheduler.onExecuted(Unknown Source:55)] [androidx.work.impl.Processor.onExecuted(Unknown Source:59)] [com.bugsnag.android.DeliveryDelegate$1.run(Unknown Source:212)]
07-10 00:57:34.764  5674  6055 D ConnectivityService:  Removing from current network [118 WIFI], leaving 153 requests.
07-10 00:57:34.772  5353  5543 V APM_AudioPolicyManager: setAppState(portId:1005, state:1)
07-10 00:57:34.775  5353  5543 V APM_AudioPolicyManager: setAppState(portId:1005, state:1)
07-10 00:57:35.398  5674  7726 D SemWifiUsabilityStatsMonitor: onWifiUsabilityStats - seqNum 21377, isSameBssidAndFreq true
07-10 00:57:35.400  5674  6128 I SemWifiLinkQualityMonitor: Link Qos Query: 0.046 ms / 175.500 Mbps (351 / 0.000 / 2.000)
07-10 00:57:35.401  6461  6461 D NetworkController.WifiSignalController: notifyListener: visible=true, connected=true, inetCondition=1, isDefault=true, wifiTestReported=true, receivedInetCondition=-1, hideDuringMobileSwitching=false
07-10 00:57:36.532  5262  5262 E audit   : type=1400 audit(1688943456.529:69562): avc:  denied  { getattr } for  pid=5674 comm="BinderProcsColl" path="/sys/kernel/debug/binder/proc/5674" dev="debugfs" ino=32119 scontext=u:r:system_server:s0 tcontext=u:object_r:sec_debugfs:s0 tclass=file permissive=0 SEPF_SM-A515F_13_0001 audit_filtered
07-10 00:57:36.533  5262  5262 E audit   : type=1300 audit(1688943456.529:69562): arch=c00000b7 syscall=79 success=no exit=-13 a0=ffffff9c a1=7af05262b0 a2=79d539b680 a3=0 items=0 ppid=5287 pid=5674 auid=4294967295 uid=1000 gid=1000 euid=1000 suid=1000 fsuid=1000 egid=1000 sgid=1000 fsgid=1000 tty=(none) ses=4294967295 comm="BinderProcsColl" exe="/system/bin/app_process64" subj=u:r:system_server:s0 key=(null)
07-10 00:57:36.533  5262  5262 E audit   : type=1327 audit(1688943456.529:69562): proctitle="system_server"
07-10 00:57:38.459  5674  7726 D SemWifiUsabilityStatsMonitor: onWifiUsabilityStats - seqNum 21378, isSameBssidAndFreq true
07-10 00:57:38.466  5674  6128 I SemWifiLinkQualityMonitor: Link Qos Query: 0.046 ms / 175.500 Mbps (351 / 0.000 / 2.000)
07-10 00:57:40.640  9837 10033 I SemDvfsHyPerManager: acquire hyper - SIOP_ARM_MAX/9837@2, type = 301993986
07-10 00:57:40.642  5313  5394 I HYPER-HAL: [RequestManager.cpp]acquire(): Acquired ID : 48407882  [9837 / 2]    HINT :      list : [CPUMaxFreq / 1768000]
07-10 00:57:41.506  5674  7726 D SemWifiUsabilityStatsMonitor: onWifiUsabilityStats - seqNum 21379, isSameBssidAndFreq true
07-10 00:57:41.511  5674  6128 I SemWifiLinkQualityMonitor: Link Qos Query: 0.082 ms / 97.333 Mbps (292 / 0.000 / 3.000)
07-10 00:57:41.512  6461  6461 D NetworkController.WifiSignalController: notifyListener: visible=true, connected=true, inetCondition=1, isDefault=true, wifiTestReported=true, receivedInetCondition=-1, hideDuringMobileSwitching=false
07-10 00:57:43.718 31802 32077 I SystemBroadcastReceiver: [#CMH#] onReceive completed :  0
07-10 00:57:43.719 31802 31802 I PolicyManager: [#CMH#] onReceive action = EVENT_SIOP
07-10 00:57:43.725  5674  5674 D SemWifiP2pGoPowerSave: GopsReceiver : received : com.samsung.intent.action.CHECK_SIOP_LEVEL
07-10 00:57:43.725  5674  5674 I SemWifiP2pGoPowerSave: siop_level = -1
07-10 00:57:44.279  5674  5690 I system_server: Background young concurrent copying GC freed 480448(18MB) AllocSpace objects, 66(1352KB) LOS objects, 16% free, 105MB/126MB, paused 543us,429us total 122.011ms
07-10 00:57:44.283  5262  5262 E audit   : type=1400 audit(1688943464.281:69563): avc:  denied  { read } for  pid=17673 comm="binder:17673_1" name="u:object_r:perf_prop:s0" dev="tmpfs" ino=10663 scontext=u:r:untrusted_app:s0:c87,c257,c512,c768 tcontext=u:object_r:perf_prop:s0 tclass=file permissive=0 SEPF_SM-A515F_13_0001 audit_filtered
07-10 00:57:44.283  5262  5262 E audit   : type=1300 audit(1688943464.281:69563): arch=c00000b7 syscall=56 success=no exit=-13 a0=ffffff9c a1=7b7d4662f8 a2=88000 a3=0 items=0 ppid=5287 pid=17673 auid=4294967295 uid=10343 gid=10343 euid=10343 suid=10343 fsuid=10343 egid=10343 sgid=10343 fsgid=10343 tty=(none) ses=4294967295 comm="binder:17673_1" exe="/system/bin/app_process64" subj=u:r:untrusted_app:s0:c87,c257,c512,c768 key=(null)
07-10 00:57:44.283  5262  5262 E audit   : type=1327 audit(1688943464.281:69563): proctitle="zygote64"
07-10 00:57:44.283 17673 17687 W libc    : Access denied finding property "sys.perf.boostopt"
07-10 00:57:44.288  5262  5262 E audit   : type=1400 audit(1688943464.285:69564): avc:  denied  { read } for  pid=19212 comm="binder:19212_1" name="u:object_r:perf_prop:s0" dev="tmpfs" ino=10663 scontext=u:r:platform_app:s0:c512,c768 tcontext=u:object_r:perf_prop:s0 tclass=file permissive=0 SEPF_SM-A515F_13_0001 audit_filtered
07-10 00:57:44.288  5262  5262 E audit   : type=1300 audit(1688943464.285:69564): arch=c00000b7 syscall=56 success=no exit=-13 a0=ffffff9c a1=7b7d4792f8 a2=88000 a3=0 items=0 ppid=5287 pid=19212 auid=4294967295 uid=10104 gid=10104 euid=10104 suid=10104 fsuid=10104 egid=10104 sgid=10104 fsgid=10104 tty=(none) ses=4294967295 comm="binder:19212_1" exe="/system/bin/app_process64" subj=u:r:platform_app:s0:c512,c768 key=(null)
07-10 00:57:44.288 19212 19226 W libc    : Access denied finding property "sys.perf.boostopt"
07-10 00:57:44.288  5262  5262 E audit   : type=1327 audit(1688943464.285:69564): proctitle="zygote64"
07-10 00:57:44.299  5674  5692 W System  : A resource failed to call close.
07-10 00:57:44.301  5674  5692 W System  : A resource failed to call close.
07-10 00:57:44.569  5674  6055 D ConnectivityService: notifyType CALLBACK_CAP_CHANGED for [118 WIFI]
07-10 00:57:44.572  5674  7726 D SemWifiUsabilityStatsMonitor: onWifiUsabilityStats - seqNum 21380, isSameBssidAndFreq true
07-10 00:57:44.573  5674  6086 D SemWifiSwitchForIndividualAppsService: stopTCPMonitoring : already stopped
07-10 00:57:44.573  5674  6128 I SemWifiLinkQualityMonitor: Link Qos Query: 0.082 ms / 97.333 Mbps (292 / 0.000 / 3.000)
07-10 00:57:44.575  6461  6461 D NetworkController.WifiSignalController: notifyListener: visible=true, connected=true, inetCondition=1, isDefault=true, wifiTestReported=true, receivedInetCondition=-1, hideDuringMobileSwitching=false
07-10 00:57:44.577  5674  6086 I WifiConnectivityMonitor.NCC: sNetworkCallback(oCC) FULL : 118(true/false)[ Transports: WIFI Capabilities: NOT_METERED&INTERNET&NOT_RESTRICTED&TRUSTED&NOT_VPN&VALIDATED&NOT_ROAMING&FOREGROUND&NOT_CONGESTED&NOT_SUSPENDED&NOT_VCN_MANAGED LinkUpBandwidth>=15762Kbps LinkDnBandwidth>=38308Kbps TransportInfo: <SSID: <unknown ssid>, BSSID: 02:00:00:**:**:00, MAC: 02:00:00:**:**:00, IP: /192.168.1.19, Security type: 2, Supplicant state: COMPLETED, Wi-Fi standard: 5, RSSI: -64, Link speed: 292Mbps, Tx Link speed: 292Mbps, Max Supported Tx Link speed: 433Mbps, Rx Link speed: 6Mbps, Max Supported Rx Link speed: 433Mbps, Frequency: 5180MHz, Net ID: -1, Metered hint: false, score: 60, isUsable: true, CarrierMerged: false, SubscriptionId: -1, IsPrimary: 1, Trusted: true, Restricted: false, Ephemeral: false, OEM paid: false, OEM private: false, OSU AP: false, FQDN: <none>, Provider friendly name: <none>, Requesting package name: <none><none>MLO Information: , AP MLD Address: <none>, AP MLO Link Id: <none>, AP MLO Affiliated links: <none>> SignalStrength: -64 AdminUids: [1000] SSID: "Talija" UnderlyingNetworks: Null]
07-10 00:57:44.579  5674  6164 I WifiConnectivityMonitor: current mode : 1
07-10 00:57:44.579  5674  6164 D OpenNetworkQos[4.00]: updateBssidNoInternet: mBssidNoInternet = false
07-10 00:57:44.579  5674  6164 D OpenNetworkQos[4.00]: getOpenNetworkQosNoInternetStatus: false
07-10 00:57:44.579  5674  6164 D OpenNetworkQos[4.00]: getOpenNetworkQosScores: 26 26 26
07-10 00:57:44.580  5674  6164 I WifiProfileShare: network QoS data was changed (internet), updateQoSData networkType: true, qosData: false
07-10 00:57:44.583  5674  7451 V WifiProfileShare.Caster: update wips network, size: 0
07-10 00:57:44.583  5674  7451 D WifiProfileShare: nearby scanning settings run
07-10 00:57:44.584  5674  7451 D WifiProfileShare: network score provider settings enabled
07-10 00:57:44.584  5674  7451 D OpenNetworkQos[4.00]: getOpenNetworkQosScores: 26 26 26
07-10 00:57:44.584  5674  7451 D OpenNetworkQos[4.00]: getOpenNetworkQosNoInternetStatus: false
07-10 00:57:44.584  5674  7451 I WifiProfileShare.Caster: current network type: 0, score: [26, 26, 26]
07-10 00:57:44.585  5674  7451 V WifiProfileShare.Cache: update network score 00:e4:06:**:**:90
07-10 00:57:44.585  5674  7451 D WifiProfileShare.ScanMatcher: getMcfDataList size:2
07-10 00:57:44.586  5674  7451 I WifiProfileShare.Caster: qos data was updated , before:type:QOS, pBssid:51:2e:90, qosData:7c after:type:QOS, pBssid:51:2e:90, qosData:7c
07-10 00:57:44.588  5674  7451 I [MCFSDK_android_1.2.4010]_4_b: isNetworkEnabled - type : 1 ret : true
07-10 00:57:44.588  5674  7451 D WifiProfileShare.McfCast: -ME--- mIsNetworkEnabled :true
07-10 00:57:44.589  5674  7451 D WifiProfileShare.McfCast: updateQoSData ignored, same contents
07-10 00:57:44.589  5674  7451 D WifiProfileShare.MCF: success update QosData !
07-10 00:57:44.590  5674  7451 I [MCFSDK_android_1.2.4010]_4_b: isNetworkEnabled - type : 1 ret : true
07-10 00:57:44.590  5674  7451 D WifiProfileShare.McfCast: -ME--- mIsNetworkEnabled :true
07-10 00:57:44.590  5674  7451 D WifiProfileShare.McfCast: -ME--- updatePasswordDate pwdData size:2
07-10 00:57:44.610  6461  6566 D NetworkController.WifiSignalController: notifyListener: visible=true, connected=true, inetCondition=1, isDefault=true, wifiTestReported=true, receivedInetCondition=-1, hideDuringMobileSwitching=false
07-10 00:57:44.611 16924 16967 I ChimeraSrvcProxy: NullBinder for android.net.action.RECOMMEND_NETWORKS triggering remote TransactionTooLargeException due to Service without Chimera impl
07-10 00:57:44.611 16924 16967 W .gms.persistent: Large reply transaction of 1056768 bytes, interface descriptor , code 1
07-10 00:57:45.723 31802 32118 I PolicyManager: [#CMH#] Is foreground game app: false
07-10 00:57:45.800 31802 32118 I ControllerUtils: [#CMH#] StoryService:  9, isNonJustShotRunningPossible: false, isStopHeavyTask: true
07-10 00:57:45.863 31802 32118 I ControllerUtils: [#CMH#] IPService:  5, isNonJustShotRunningPossible: false, isStopHeavyTask: true
07-10 00:57:45.926 31802 32118 I ControllerUtils: [#CMH#] FaceService:  2, isNonJustShotRunningPossible: false, isStopHeavyTask: true
07-10 00:57:47.627  5674  7726 D SemWifiUsabilityStatsMonitor: onWifiUsabilityStats - seqNum 21381, isSameBssidAndFreq true
07-10 00:57:47.630  5674  6128 I SemWifiLinkQualityMonitor: Link Qos Query: 0.034 ms / 234.000 Mbps (351 / 0.000 / 1.500)
07-10 00:57:47.631  6461  6461 D NetworkController.WifiSignalController: notifyListener: visible=true, connected=true, inetCondition=1, isDefault=true, wifiTestReported=true, receivedInetCondition=-1, hideDuringMobileSwitching=false
07-10 00:57:50.688  5674  6055 D ConnectivityService: notifyType CALLBACK_CAP_CHANGED for [118 WIFI]
07-10 00:57:50.689  5313  5394 I HYPER-HAL: [RequestManager.cpp]releaseLocked(): Released ID : 48427565
07-10 00:57:50.692  5674  7726 D SemWifiUsabilityStatsMonitor: onWifiUsabilityStats - seqNum 21382, isSameBssidAndFreq true
07-10 00:57:50.694  6461  6461 D NetworkController.WifiSignalController: notifyListener: visible=true, connected=true, inetCondition=1, isDefault=true, wifiTestReported=true, receivedInetCondition=-1, hideDuringMobileSwitching=false
07-10 00:57:50.697  5674  6086 D SemWifiSwitchForIndividualAppsService: stopTCPMonitoring : already stopped
07-10 00:57:50.698  5674  6086 I WifiConnectivityMonitor.NCC: sNetworkCallback(oCC) FULL : 118(true/false)[ Transports: WIFI Capabilities: NOT_METERED&INTERNET&NOT_RESTRICTED&TRUSTED&NOT_VPN&VALIDATED&NOT_ROAMING&FOREGROUND&NOT_CONGESTED&NOT_SUSPENDED&NOT_VCN_MANAGED LinkUpBandwidth>=38087Kbps LinkDnBandwidth>=48162Kbps TransportInfo: <SSID: <unknown ssid>, BSSID: 02:00:00:**:**:00, MAC: 02:00:00:**:**:00, IP: /192.168.1.19, Security type: 2, Supplicant state: COMPLETED, Wi-Fi standard: 5, RSSI: -62, Link speed: 351Mbps, Tx Link speed: 351Mbps, Max Supported Tx Link speed: 433Mbps, Rx Link speed: 6Mbps, Max Supported Rx Link speed: 433Mbps, Frequency: 5180MHz, Net ID: -1, Metered hint: false, score: 60, isUsable: true, CarrierMerged: false, SubscriptionId: -1, IsPrimary: 1, Trusted: true, Restricted: false, Ephemeral: false, OEM paid: false, OEM private: false, OSU AP: false, FQDN: <none>, Provider friendly name: <none>, Requesting package name: <none><none>MLO Information: , AP MLD Address: <none>, AP MLO Link Id: <none>, AP MLO Affiliated links: <none>> SignalStrength: -62 AdminUids: [1000] SSID: "Talija" UnderlyingNetworks: Null]
07-10 00:57:50.703  5674  6128 I SemWifiLinkQualityMonitor: Link Qos Query: 0.034 ms / 234.000 Mbps (351 / 0.000 / 1.500)
07-10 00:57:50.708  5313  5394 I HYPER-HAL: [RequestManager.cpp]releaseLocked(): Released ID : 48407882
07-10 00:57:50.711  5674  6164 I WifiConnectivityMonitor: current mode : 1
07-10 00:57:50.711  5674  6164 D OpenNetworkQos[4.00]: updateBssidNoInternet: mBssidNoInternet = false
07-10 00:57:50.711  5674  6164 D OpenNetworkQos[4.00]: getOpenNetworkQosNoInternetStatus: false
07-10 00:57:50.711  5674  6164 D OpenNetworkQos[4.00]: getOpenNetworkQosScores: 26 26 26
07-10 00:57:50.712  5674  6164 I WifiProfileShare: network QoS data was changed (internet), updateQoSData networkType: true, qosData: false
07-10 00:57:50.712  5674  7451 V WifiProfileShare.Caster: update wips network, size: 0
07-10 00:57:50.712  5674  7451 D WifiProfileShare: nearby scanning settings run
07-10 00:57:50.712  5674  7451 D WifiProfileShare: network score provider settings enabled
07-10 00:57:50.713  5674  7451 D OpenNetworkQos[4.00]: getOpenNetworkQosScores: 26 26 26
07-10 00:57:50.713  5674  7451 D OpenNetworkQos[4.00]: getOpenNetworkQosNoInternetStatus: false
07-10 00:57:50.713  5674  7451 I WifiProfileShare.Caster: current network type: 0, score: [26, 26, 26]
07-10 00:57:50.716  5674  7451 V WifiProfileShare.Cache: update network score 00:e4:06:**:**:90
07-10 00:57:50.716  5674  7451 D WifiProfileShare.ScanMatcher: getMcfDataList size:2
07-10 00:57:50.717  6461  6566 D NetworkController.WifiSignalController: notifyListener: visible=true, connected=true, inetCondition=1, isDefault=true, wifiTestReported=true, receivedInetCondition=-1, hideDuringMobileSwitching=false
07-10 00:57:50.719  5674  7451 I WifiProfileShare.Caster: qos data was updated , before:type:QOS, pBssid:51:2e:90, qosData:7c after:type:QOS, pBssid:51:2e:90, qosData:7c
07-10 00:57:50.715 16924 16967 I ChimeraSrvcProxy: NullBinder for android.net.action.RECOMMEND_NETWORKS triggering remote TransactionTooLargeException due to Service without Chimera impl
07-10 00:57:50.719 16924 16967 W .gms.persistent: Large reply transaction of 1056768 bytes, interface descriptor , code 1
07-10 00:57:50.722  5674  7451 I [MCFSDK_android_1.2.4010]_4_b: isNetworkEnabled - type : 1 ret : true
07-10 00:57:50.722  5674  7451 D WifiProfileShare.McfCast: -ME--- mIsNetworkEnabled :true
07-10 00:57:50.722  5674  7451 D WifiProfileShare.McfCast: updateQoSData ignored, same contents
07-10 00:57:50.722  5674  7451 D WifiProfileShare.MCF: success update QosData !
07-10 00:57:50.723  5674  7451 I [MCFSDK_android_1.2.4010]_4_b: isNetworkEnabled - type : 1 ret : true
07-10 00:57:50.723  5674  7451 D WifiProfileShare.McfCast: -ME--- mIsNetworkEnabled :true
07-10 00:57:50.723  5674  7451 D WifiProfileShare.McfCast: -ME--- updatePasswordDate pwdData size:2
07-10 00:57:50.810 29789 29822 W gle.android.gms: Couldn't lock the profile file /data/user/0/com.google.android.gms/cache/oat/1684864811298.jar.cur.prof: Failed to open file '/data/user/0/com.google.android.gms/cache/oat/1684864811298.jar.cur.prof': No such file or directory
07-10 00:57:50.810 29789 29822 W gle.android.gms: Could not forcefully load profile /data/user/0/com.google.android.gms/cache/oat/1684864811298.jar.cur.prof
07-10 00:57:53.715  5674  7726 D SemWifiUsabilityStatsMonitor: onWifiUsabilityStats - seqNum 21383, isSameBssidAndFreq true
07-10 00:57:53.717  6461  6461 D NetworkController.WifiSignalController: notifyListener: visible=true, connected=true, inetCondition=1, isDefault=true, wifiTestReported=true, receivedInetCondition=-1, hideDuringMobileSwitching=false
07-10 00:57:53.718  5674  6128 I SemWifiLinkQualityMonitor: Link Qos Query: 0.051 ms / 156.000 Mbps (390 / 0.000 / 2.500)
07-10 00:57:53.817  6461  6566 D MobileStatusTracker(1/2): onSignalStrengthsChanged level=2, vendorLevel=1
07-10 00:57:53.822  6461  6566 D MobileSignalController(1/2): notifyListener: enabled=true, connected=true, dataConnected=false, networkType=LTE (4G), emergencyOnly=false, roaming=false, isDefault=false, dataActivity=, level=1, ca=false, mmWave=false, disabledDataIcon=false, simCard=ETC
07-10 00:57:53.827  6461  6566 D NetworkController: SignalStrength from intent slotId=1
07-10 00:57:55.022 20901 20970 I nightwatch-target: monitor resources last 600 iteration: 300589 msec
07-10 00:57:55.830  5674 19400 D TrafficStats: tagSocket(950) with statsTag=0xffffffff, statsUid=-1
07-10 00:57:56.037  5674 19400 D WifiConnectivityMonitor.DnsThread:  [|209]
07-10 00:57:56.038  5674  6182 D WifiConnectivityMonitor.NetworkStatsAnalyzer: DNS resultType : 0, responseTime : 209
07-10 00:57:56.039  5674  6164 D OpenNetworkQos[4.00]: updateBssidLatestDnsResultType - result: 0
07-10 00:57:56.039  5674  6164 D OpenNetworkQos[4.00]: updateBssidNoInternet: mBssidNoInternet = false
07-10 00:57:56.039  5674  6164 D OpenNetworkQos[4.00]: getOpenNetworkQosNoInternetStatus: false
07-10 00:57:56.040  5674  6164 D OpenNetworkQos[4.00]: getOpenNetworkQosScores: 26 26 26
07-10 00:57:56.041  5674  6164 I WifiProfileShare: network QoS data was changed (internet), updateQoSData networkType: true, qosData: false
07-10 00:57:56.042  5674  7451 V WifiProfileShare.Caster: update wips network, size: 0
07-10 00:57:56.043  5674  7451 D WifiProfileShare: nearby scanning settings run
07-10 00:57:56.043  5674  7451 D WifiProfileShare: network score provider settings enabled
07-10 00:57:56.043  5674  7451 D OpenNetworkQos[4.00]: getOpenNetworkQosScores: 26 26 26
07-10 00:57:56.044  5674  7451 D OpenNetworkQos[4.00]: getOpenNetworkQosNoInternetStatus: false
07-10 00:57:56.044  5674  7451 I WifiProfileShare.Caster: current network type: 0, score: [26, 26, 26]
07-10 00:57:56.046  5674  7451 V WifiProfileShare.Cache: update network score 00:e4:06:**:**:90
07-10 00:57:56.047  5674  7451 D WifiProfileShare.ScanMatcher: getMcfDataList size:2
07-10 00:57:56.048  5674  7451 I WifiProfileShare.Caster: qos data was updated , before:type:QOS, pBssid:51:2e:90, qosData:7c after:type:QOS, pBssid:51:2e:90, qosData:7c
07-10 00:57:56.053  5674  7451 I [MCFSDK_android_1.2.4010]_4_b: isNetworkEnabled - type : 1 ret : true
07-10 00:57:56.053  5674  7451 D WifiProfileShare.McfCast: -ME--- mIsNetworkEnabled :true
07-10 00:57:56.053  5674  7451 D WifiProfileShare.McfCast: updateQoSData ignored, same contents
07-10 00:57:56.053  5674  7451 D WifiProfileShare.MCF: success update QosData !
07-10 00:57:56.055  5674  7451 I [MCFSDK_android_1.2.4010]_4_b: isNetworkEnabled - type : 1 ret : true
07-10 00:57:56.056  5674  7451 D WifiProfileShare.McfCast: -ME--- mIsNetworkEnabled :true
07-10 00:57:56.056  5674  7451 D WifiProfileShare.McfCast: -ME--- updatePasswordDate pwdData size:2
07-10 00:57:56.773  5674  7726 D SemWifiUsabilityStatsMonitor: onWifiUsabilityStats - seqNum 21384, isSameBssidAndFreq true
07-10 00:57:56.776  5674  6128 I SemWifiLinkQualityMonitor: Link Qos Query: 0.103 ms / 78.000 Mbps (390 / 0.000 / 5.000)
07-10 00:57:56.993 31135 32652 I native  : I0000 00:00:1688943476.993387   32652 soda_async_impl.cc:1540] Current audio timestamp: 1688943476620242
07-10 00:57:57.096  5362  5362 I SurfaceFlinger: SFWD update time=133726466198851
07-10 00:57:58.208 31135 31465 I A       : (REDACTED) #onAudioData: %s bytes, getAudioReadSize %s
07-10 00:57:58.230  5306  5327 I SensorsHub: context 10 0 9 1,1,26,1,4,237,193,8,1,1, 144975063510412
07-10 00:57:58.231  5674  5859 D SensorHubManager: onGetSensorHubDataLocked: library(10) = 1, 1, 26, 1, 4, -19, -63, 8, 1, 1
07-10 00:57:58.232  5674  5860 D CAE     : onGetSensorHubData(SensorHubParserProvider.java:89) - onGetSensorHubData Event [event buffer len :10], AP_WAKEUP
07-10 00:57:58.233  5674  5860 I CAE     : parse(SensorHubParserProvider.java:190) - buffer size = 10
07-10 00:57:58.233  5674  5860 I CAE     : parse(SensorHubParserProvider.java:201) - 1, 1, 26, 1, 4, -19, -63, 8, 1, 1,
07-10 00:57:58.234  5674  5860 E CAE     : parse(SensorHubModeHandler.java:72) - ERROR : Service is not registered
07-10 00:57:58.234  5674  5860 E CAE     : onGetSensorHubData(SensorHubParserProvider.java:112) - ERROR : Data field parsing error
07-10 00:57:58.830 16924 16924 D BoundBrokerSvc: onBind: Intent { act=com.google.android.gms.auth.account.workaccount.START dat=chimera-action:/... cmp=com.google.android.gms/.chimera.PersistentApiService }
07-10 00:57:58.830 16924 16924 D BoundBrokerSvc: Loading bound service for intent: Intent { act=com.google.android.gms.auth.account.workaccount.START dat=chimera-action:/... cmp=com.google.android.gms/.chimera.PersistentApiService }
07-10 00:57:58.857 16924 17588 D TrafficStats: tagSocket(125) with statsTag=0x3000060a, statsUid=10226
07-10 00:57:58.881 16924 17588 W Conscrypt: Could not set socket write timeout: java.net.SocketException: Socket closed
07-10 00:57:58.885 16924 17588 W Conscrypt: 	at com.google.android.gms.org.conscrypt.Platform.setSocketWriteTimeout(:com.google.android.gms@232414044@23.24.14 (190400-544099984):2)
07-10 00:57:58.885 16924 17588 W Conscrypt: 	at com.google.android.gms.org.conscrypt.ConscryptFileDescriptorSocket.setSoWriteTimeout(:com.google.android.gms@232414044@23.24.14 (190400-544099984):0)
07-10 00:57:58.926 16924 17588 W Conscrypt: Could not set socket write timeout: java.net.SocketException: Socket closed
07-10 00:57:58.927 16924 17588 W Conscrypt: 	at com.google.android.gms.org.conscrypt.Platform.setSocketWriteTimeout(:com.google.android.gms@232414044@23.24.14 (190400-544099984):2)
07-10 00:57:58.927 16924 17588 W Conscrypt: 	at com.google.android.gms.org.conscrypt.ConscryptFileDescriptorSocket.setSoWriteTimeout(:com.google.android.gms@232414044@23.24.14 (190400-544099984):0)
07-10 00:57:59.805  5674  7726 D SemWifiUsabilityStatsMonitor: onWifiUsabilityStats - seqNum 21385, isSameBssidAndFreq true
07-10 00:57:59.807  5674  6128 I SemWifiLinkQualityMonitor: Link Qos Query: 0.042 ms / 188.276 Mbps (390 / 0.000 / 2.071)
07-10 00:57:59.826  5325  5325 E sehhealth-service: Could not open /sys/class/power_supply/battery/lrp
07-10 00:58:00.005  6461  6461 D KeyguardUpdateMonitor: received broadcast android.intent.action.TIME_TICK
07-10 00:58:00.006  6461  6461 D KeyguardUpdateMonitor: handleTimeUpdate
07-10 00:58:00.009  6461  7078 D QSClockBellTower: onReceive(android.intent.action.TIME_TICK) mTimeZoneString:null
07-10 00:58:00.009  6461  6461 D FaceWidgetPagesController: onTimeChanged()
07-10 00:58:00.058  6461  6461 D QSClockBellTower: He is ready to ring the bell. (((QSClockBellSound - TimeText:00:58, TimeContentDescription:00:58, DateText:Mon, 10 July, ShortDateText:Mon, 10 Jul, Demo:false, QuickStar-Second(false|12:34:56))))
07-10 00:58:00.059  6461  6461 D QSClockIndicatorView: Home Indicator status_bar_clock 00:58 notifyTimeChanged(QSClockBellSound - TimeText:00:58, TimeContentDescription:00:58, DateText:Mon, 10 July, ShortDateText:Mon, 10 Jul, Demo:false, QuickStar-Second(false|12:34:56)) ClockVisibleByPolicy:true, ClockVisibleByUser:true, visible?false, parent:android.widget.LinearLayout{503272 V.E...... ......I. 0,0-0,55 #7f0b04f0 app:id/left_clock_container}
07-10 00:58:00.059  6461  6461 D QSClockBellTower: Everyone heard the bell. run(currentTime:1688943480056,   getTime():Mon Jul 10 00:58:00 GMT+02:00 2023,   getTimeZone():libcore.util.ZoneInfo[mDstSavings=3600000,mUseDst=true,mDelegate=[id="Europe/Belgrade",mRawOffset=3600000,mEarliestRawOffset=4920000,transitions=119]])
07-10 00:58:00.079  6461  6461 I FaceWidgetPositionAlgorithm: getClockContainerHeight() supplier = 270, bottom margin = 0, real height = 333
07-10 00:58:00.080  6461  6461 I FaceWidgetPositionAlgorithm: getClockContainerHeight() supplier = 270, bottom margin = 63, real height = 333
07-10 00:58:00.080  6461  6461 I FaceWidgetPositionAlgorithm: getMediaContainerHeight() height = 0 container Visibility = 8, isValid = false, mIsDozing = false, fraction = 1.0, source = 0, target = 0
07-10 00:58:00.080  6461  6461 I FaceWidgetPositionAlgorithm: getMediaContainerHeight() supplier = 0
07-10 00:58:00.081  6461  6461 V QsExpandAnimator: setQsExpansionPosition 0.0
07-10 00:58:00.088  6461  6461 V QsExpandAnimator: updateAnimators
07-10 00:58:00.088  6461  6461 V QsExpandAnimator: clearAnimationState
07-10 00:58:00.089  6461  6461 V QsExpandAnimator: updateViews
07-10 00:58:00.092  6461  6461 V QsExpandAnimator: updateTileAnimator
07-10 00:58:00.093  6461  6461 V QsExpandAnimator: updateHeaderAnimator
07-10 00:58:00.094  6461  6461 V QsExpandAnimator: updateBarAnimator
07-10 00:58:00.094  6461  6461 V QsExpandAnimator: setQsExpansionPosition 0.0
07-10 00:58:00.095  6461  6461 V QsExpandAnimator: onAnimationAtStart
07-10 00:58:02.300 15049 15049 D ConnectivityManager: StackLog: [android.net.ConnectivityManager.sendRequestForNetwork(ConnectivityManager.java:4300)] [android.net.ConnectivityManager.registerDefaultNetworkCallbackForUid(ConnectivityManager.java:4864)] [android.net.ConnectivityManager.registerDefaultNetworkCallback(ConnectivityManager.java:4831)] [android.net.ConnectivityManager.registerDefaultNetworkCallback(ConnectivityManager.java:4805)] [androidx.work.impl.utils.NetworkApi24.registerDefaultNetworkCallbackCompat(Unknown Source:11)] [androidx.work.impl.constraints.trackers.NetworkStateTracker24.startTracking(Unknown Source:15)] [androidx.work.impl.constraints.controllers.ConstraintController.replace(Unknown Source:130)] [androidx.work.impl.constraints.WorkConstraintsTrackerImpl.replace(Unknown Source:41)] [androidx.work.impl.background.greedy.GreedyScheduler.schedule(Unknown Source:302)] [androidx.work.Worker$2.run(Unknown Source:1077)]
07-10 00:58:02.303  5674  9681 D ConnectivityService: requestNetwork for uid/pid:10329/15049 activeRequest: null callbackRequest: 16518 [NetworkRequest [ REQUEST id=16519, [ Capabilities: INTERNET&NOT_RESTRICTED&TRUSTED&NOT_VCN_MANAGED Uid: 10329 RequestorUid: 10329 RequestorPkg: com.Slack UnderlyingNetworks: Null] ]] callback flags: 0 order: 2147483647
07-10 00:58:02.304  5674  6055 D ConnectivityService:    accepting network in place of null
07-10 00:58:02.308  5674  6045 D WifiNetworkFactory: got request NetworkRequest [ REQUEST id=16519, [ Capabilities: INTERNET&NOT_RESTRICTED&TRUSTED&NOT_VCN_MANAGED Uid: 10329 RequestorUid: 10329 RequestorPkg: com.Slack UnderlyingNetworks: Null] ]
07-10 00:58:02.309  5674  6045 D UntrustedWifiNetworkFactory: got request NetworkRequest [ REQUEST id=16519, [ Capabilities: INTERNET&NOT_RESTRICTED&TRUSTED&NOT_VCN_MANAGED Uid: 10329 RequestorUid: 10329 RequestorPkg: com.Slack UnderlyingNetworks: Null] ]
07-10 00:58:02.309  5674  6045 D OemPaidWifiNetworkFactory: got request NetworkRequest [ REQUEST id=16519, [ Capabilities: INTERNET&NOT_RESTRICTED&TRUSTED&NOT_VCN_MANAGED Uid: 10329 RequestorUid: 10329 RequestorPkg: com.Slack UnderlyingNetworks: Null] ]
07-10 00:58:02.310  5674  6045 D MultiInternetWifiNetworkFactory: got request NetworkRequest [ REQUEST id=16519, [ Capabilities: INTERNET&NOT_RESTRICTED&TRUSTED&NOT_VCN_MANAGED Uid: 10329 RequestorUid: 10329 RequestorPkg: com.Slack UnderlyingNetworks: Null] ]
07-10 00:58:02.313  5674  6055 D ConnectivityService: Rematched networks [computed 0ms] [applied 2ms] [issued 7]
07-10 00:58:02.313  5674  6055 D ConnectivityService: NetworkReassignment :
07-10 00:58:02.313  5674  6055 D ConnectivityService:   16519 : null → 118
07-10 00:58:02.366  5674  5745 W libprocessgroup: Failed to open /dev/blkio//cgroup.procs: No such file or directory
07-10 00:58:02.367  5353  5543 V APM_AudioPolicyManager: setAppState(portId:1005, state:1)
07-10 00:58:02.383  5287  5287 D Zygote  : Forked child process 19410
07-10 00:58:02.394 15049 15049 D ConnectivityManager: StackLog: [android.net.ConnectivityManager.unregisterNetworkCallback(ConnectivityManager.java:4972)] [androidx.work.impl.utils.NetworkApi21.unregisterNetworkCallbackCompat(Unknown Source:11)] [androidx.work.impl.constraints.trackers.NetworkStateTracker24.stopTracking(Unknown Source:15)] [androidx.work.impl.constraints.trackers.ConstraintTracker.removeListener(Unknown Source:24)] [androidx.work.impl.constraints.controllers.ConstraintController.replace(Unknown Source:81)] [androidx.work.impl.constraints.WorkConstraintsTrackerImpl.replace(Unknown Source:41)] [androidx.work.impl.background.greedy.GreedyScheduler.onExecuted(Unknown Source:55)] [androidx.work.impl.Processor.onExecuted(Unknown Source:59)] [com.bugsnag.android.DeliveryDelegate$1.run(Unknown Source:212)]
07-10 00:58:02.396  5674  6055 D ConnectivityService:  Removing from current network [118 WIFI], leaving 153 requests.
07-10 00:58:02.411  5353  5543 V APM_AudioPolicyManager: setAppState(portId:1005, state:1)
07-10 00:58:02.413  5353  5543 V APM_AudioPolicyManager: setAppState(portId:1005, state:1)
07-10 00:58:02.449 19410 19410 I inkedin.android: Using CollectorTypeCC GC.
07-10 00:58:02.457 19410 19410 E inkedin.android: Not starting debugger since process cannot load the jdwp agent.
07-10 00:58:02.464 19410 19410 W libc    : Access denied finding property "sys.perf.boostopt"
07-10 00:58:02.464  5262  5262 E audit   : type=1400 audit(1688943482.461:69565): avc:  denied  { read } for  pid=19410 comm="inkedin.android" name="u:object_r:perf_prop:s0" dev="tmpfs" ino=10663 scontext=u:r:untrusted_app:s0:c6,c256,c512,c768 tcontext=u:object_r:perf_prop:s0 tclass=file permissive=0 SEPF_SM-A515F_13_0001 audit_filtered
07-10 00:58:02.464  5262  5262 E audit   : type=1300 audit(1688943482.461:69565): arch=c00000b7 syscall=56 success=no exit=-13 a0=ffffff9c a1=7fcf7d5458 a2=88000 a3=0 items=0 ppid=5287 pid=19410 auid=4294967295 uid=10006 gid=10006 euid=10006 suid=10006 fsuid=10006 egid=10006 sgid=10006 fsgid=10006 tty=(none) ses=4294967295 comm="inkedin.android" exe="/system/bin/app_process64" subj=u:r:untrusted_app:s0:c6,c256,c512,c768 key=(null)
07-10 00:58:02.464  5262  5262 E audit   : type=1327 audit(1688943482.461:69565): proctitle="zygote64"
07-10 00:58:02.465 19410 19422 W libc    : Access denied finding property "sys.perf.boostopt"
07-10 00:58:02.465  5262  5262 E audit   : type=1400 audit(1688943482.461:69566): avc:  denied  { read } for  pid=19410 comm="binder:19410_1" name="u:object_r:perf_prop:s0" dev="tmpfs" ino=10663 scontext=u:r:untrusted_app:s0:c6,c256,c512,c768 tcontext=u:object_r:perf_prop:s0 tclass=file permissive=0 SEPF_SM-A515F_13_0001 audit_filtered
07-10 00:58:02.467 19410 19410 D ActivityThread: setConscryptValidator
07-10 00:58:02.467 19410 19410 D ActivityThread: setConscryptValidator - put
07-10 00:58:02.478  5353  5543 V APM_AudioPolicyManager: setAppState(portId:1005, state:1)
07-10 00:58:02.482 19410 19422 W libc    : Access denied finding property "sys.perf.boostopt"
07-10 00:58:02.483 19410 19410 D CompatibilityChangeReporter: Compat change id reported: 171979766; UID 10006; state: ENABLED
07-10 00:58:02.510 19410 19410 D nativeloader: Configuring classloader-namespace for other apk /system/framework/org.apache.http.legacy.jar. target_sdk_version=33, uses_libraries=ALL, library_path=/data/app/~~TazhPc-qCPMWE16BCAqBBQ==/com.linkedin.android-cb_SvQ-tpHZ4UPldO9WIDw==/lib/arm64:/data/app/~~TazhPc-qCPMWE16BCAqBBQ==/com.linkedin.android-cb_SvQ-tpHZ4UPldO9WIDw==/base.apk!/lib/arm64-v8a:/data/app/~~TazhPc-qCPMWE16BCAqBBQ==/com.linkedin.android-cb_SvQ-tpHZ4UPldO9WIDw==/split_config.arm64_v8a.apk!/lib/arm64-v8a:/data/app/~~TazhPc-qCPMWE16BCAqBBQ==/com.linkedin.android-cb_SvQ-tpHZ4UPldO9WIDw==/split_config.en.apk!/lib/arm64-v8a:/data/app/~~TazhPc-qCPMWE16BCAqBBQ==/com.linkedin.android-cb_SvQ-tpHZ4UPldO9WIDw==/split_config.ru.apk!/lib/arm64-v8a:/data/app/~~TazhPc-qCPMWE16BCAqBBQ==/com.linkedin.android-cb_SvQ-tpHZ4UPldO9WIDw==/split_config.xxhdpi.apk!/lib/arm64-v8a, permitted_path=/data:/mnt/expand:/data/user/0/com.linkedin.android
07-10 00:58:02.510 19410 19410 D nativeloader: Extending system_exposed_libraries: libhumantracking.arcsoft.so:libPortraitDistortionCorrection.arcsoft.so:libPortraitDistortionCorrectionCali.arcsoft.so:libface_landmark.arcsoft.so:libFacialStickerEngine.arcsoft.so:libveengine.arcsoft.so:liblow_light_hdr.arcsoft.so:libhigh_dynamic_range.arcsoft.so:libFacialAttributeDetection.arcsoft.so:libBeauty_v4.camera.samsung.so:libexifa.camera.samsung.so:libjpega.camera.samsung.so:libOpenCv.camera.samsung.so:libImageScreener.camera.samsung.so:libMyFilter.camera.samsung.so:libtensorflowLite.myfilter.camera.samsung.so:libtensorflowlite_inference_api.myfilter.camera.samsung.so:libEventFinder.camera.samsung.so:libHIDTSnapJNI.camera.samsung.so:libSmartScan.camera.samsung.so:libRectify.camera.samsung.so:libDocRectifyWrapper.camera.samsung.so:libUltraWideDistortionCorrection.camera.samsung.so:libHpr_RecGAE_cvFeature_v1.0.camera.samsung.so:libHprFace_GAE_api.camera.samsung.so:libFace_Landmark_API.camera.samsung.so:libHprFace_GAE_jni.camera.samsung.so:libFacialBasedSelfieCorrec
07-10 00:58:02.590 19410 19410 W ziparchive: Unable to open '/data/app/~~TazhPc-qCPMWE16BCAqBBQ==/com.linkedin.android-cb_SvQ-tpHZ4UPldO9WIDw==/split_config.arm64_v8a.dm': No such file or directory
07-10 00:58:02.590 19410 19410 W ziparchive: Unable to open '/data/app/~~TazhPc-qCPMWE16BCAqBBQ==/com.linkedin.android-cb_SvQ-tpHZ4UPldO9WIDw==/split_config.arm64_v8a.dm': No such file or directory
07-10 00:58:02.592 19410 19410 W inkedin.android: Entry not found
07-10 00:58:02.594 19410 19410 W ziparchive: Unable to open '/data/app/~~TazhPc-qCPMWE16BCAqBBQ==/com.linkedin.android-cb_SvQ-tpHZ4UPldO9WIDw==/split_config.en.dm': No such file or directory
07-10 00:58:02.594 19410 19410 W ziparchive: Unable to open '/data/app/~~TazhPc-qCPMWE16BCAqBBQ==/com.linkedin.android-cb_SvQ-tpHZ4UPldO9WIDw==/split_config.en.dm': No such file or directory
07-10 00:58:02.596 19410 19410 W inkedin.android: Entry not found
07-10 00:58:02.597 19410 19410 W ziparchive: Unable to open '/data/app/~~TazhPc-qCPMWE16BCAqBBQ==/com.linkedin.android-cb_SvQ-tpHZ4UPldO9WIDw==/split_config.ru.dm': No such file or directory
07-10 00:58:02.597 19410 19410 W ziparchive: Unable to open '/data/app/~~TazhPc-qCPMWE16BCAqBBQ==/com.linkedin.android-cb_SvQ-tpHZ4UPldO9WIDw==/split_config.ru.dm': No such file or directory
07-10 00:58:02.599 19410 19410 W inkedin.android: Entry not found
07-10 00:58:02.601 19410 19410 W ziparchive: Unable to open '/data/app/~~TazhPc-qCPMWE16BCAqBBQ==/com.linkedin.android-cb_SvQ-tpHZ4UPldO9WIDw==/split_config.xxhdpi.dm': No such file or directory
07-10 00:58:02.601 19410 19410 W ziparchive: Unable to open '/data/app/~~TazhPc-qCPMWE16BCAqBBQ==/com.linkedin.android-cb_SvQ-tpHZ4UPldO9WIDw==/split_config.xxhdpi.dm': No such file or directory
07-10 00:58:02.606 19410 19410 W inkedin.android: Entry not found
07-10 00:58:02.608 19410 19410 D nativeloader: Configuring classloader-namespace for other apk /data/app/~~TazhPc-qCPMWE16BCAqBBQ==/com.linkedin.android-cb_SvQ-tpHZ4UPldO9WIDw==/base.apk:/data/app/~~TazhPc-qCPMWE16BCAqBBQ==/com.linkedin.android-cb_SvQ-tpHZ4UPldO9WIDw==/split_config.arm64_v8a.apk:/data/app/~~TazhPc-qCPMWE16BCAqBBQ==/com.linkedin.android-cb_SvQ-tpHZ4UPldO9WIDw==/split_config.en.apk:/data/app/~~TazhPc-qCPMWE16BCAqBBQ==/com.linkedin.android-cb_SvQ-tpHZ4UPldO9WIDw==/split_config.ru.apk:/data/app/~~TazhPc-qCPMWE16BCAqBBQ==/com.linkedin.android-cb_SvQ-tpHZ4UPldO9WIDw==/split_config.xxhdpi.apk. target_sdk_version=33, uses_libraries=, library_path=/data/app/~~TazhPc-qCPMWE16BCAqBBQ==/com.linkedin.android-cb_SvQ-tpHZ4UPldO9WIDw==/lib/arm64:/data/app/~~TazhPc-qCPMWE16BCAqBBQ==/com.linkedin.android-cb_SvQ-tpHZ4UPldO9WIDw==/base.apk!/lib/arm64-v8a:/data/app/~~TazhPc-qCPMWE16BCAqBBQ==/com.linkedin.android-cb_SvQ-tpHZ4UPldO9WIDw==/split_config.arm64_v8a.apk!/lib/arm64-v8a:/data/app/~~TazhPc-qCPMWE16BCAqBBQ==/com.linkedin.android-cb_SvQ-tpHZ4UPldO9WIDw=
07-10 00:58:02.614 19410 19410 W inkedin.android: JIT profile information will not be recorded: profile file does not exist.
07-10 00:58:02.614 19410 19410 W inkedin.android: JIT profile information will not be recorded: profile file does not exist.
07-10 00:58:02.614 19410 19410 W inkedin.android: JIT profile information will not be recorded: profile file does not exist.
07-10 00:58:02.614 19410 19410 W inkedin.android: JIT profile information will not be recorded: profile file does not exist.
07-10 00:58:02.644 19410 19410 V GraphicsEnvironment: ANGLE Developer option for 'com.linkedin.android' set to: 'default'
07-10 00:58:02.644 19410 19410 V GraphicsEnvironment: ANGLE GameManagerService for com.linkedin.android: false
07-10 00:58:02.644 19410 19410 V GraphicsEnvironment: Neither updatable production driver nor prerelease driver is supported.
07-10 00:58:02.650 19410 19410 D NetworkSecurityConfig: Using Network Security Config from resource network_security_config debugBuild: false
07-10 00:58:02.659 19410 19410 D NetworkSecurityConfig: Using Network Security Config from resource network_security_config debugBuild: false
07-10 00:58:02.755 19410 19410 I EKGCrashLoopDetector: Last crash time: 0
07-10 00:58:02.755 19410 19410 D EKGCrashLoopDetector: Didn't crash at startup last launch
07-10 00:58:02.786 19410 19437 D ExceptionHandler: [EKG-BackgroundExecutor] Uploading pending java crashes
07-10 00:58:02.796 19410 19437 D ExceptionHandler: [EKG-BackgroundExecutor] Number of crash files to process: 0
07-10 00:58:02.799 19410 19410 D EKGNDKCrashReporter: miniDumpFilePath: /data/user/0/com.linkedin.android/files/ekg_ndk_crashes_v1/0.906.206/ae137e35-7f63-42ef-a7acedbd-391e9111.dmp
07-10 00:58:02.800 19410 19410 D EKGNDKCrashReporter: pageKeyFilePath: /data/user/0/com.linkedin.android/files/ekg_ndk_crashes_v1/0.906.206/ae137e35-7f63-42ef-a7acedbd-391e9111.pagekey
07-10 00:58:02.801 19410 19437 D ExceptionHandler: [EKG-BackgroundExecutor] Uploading native crashes
07-10 00:58:02.804 19410 19437 D ExceptionHandler: [EKG-BackgroundExecutor] Number of crash files to process: 0
07-10 00:58:02.814 19410 19410 I FlagshipApplication: [main] Granular phase APP_ATTACH completed. Interval(startNanos=1688943482704000000ns, durationNanos=103000000ns)
07-10 00:58:02.824  5674  7726 D SemWifiUsabilityStatsMonitor: onWifiUsabilityStats - seqNum 21386, isSameBssidAndFreq true
07-10 00:58:02.826  6461  6461 D NetworkController.WifiSignalController: notifyListener: visible=true, connected=true, inetCondition=1, isDefault=true, wifiTestReported=true, receivedInetCondition=-1, hideDuringMobileSwitching=false
07-10 00:58:02.827  5674  6128 I SemWifiLinkQualityMonitor: Link Qos Query: 0.042 ms / 188.276 Mbps (390 / 0.000 / 2.071)
07-10 00:58:02.868 19410 19410 D CompatibilityChangeReporter: Compat change id reported: 183155436; UID 10006; state: ENABLED
07-10 00:58:02.869 19410 19410 I FirebaseApp: Device unlocked: initializing all Firebase APIs for app [DEFAULT]
07-10 00:58:02.882 19410 19410 I FirebaseInitProvider: FirebaseApp initialization successful
07-10 00:58:02.918 19410 19410 E FlagshipApplication: [main] FlagshipApplication#onCreate() called for process id 19410
07-10 00:58:02.926 19410 19410 D ConnectivityManager: StackLog: [android.net.ConnectivityManager.sendRequestForNetwork(ConnectivityManager.java:4300)] [android.net.ConnectivityManager.registerDefaultNetworkCallbackForUid(ConnectivityManager.java:4864)] [android.net.ConnectivityManager.registerDefaultNetworkCallback(ConnectivityManager.java:4831)] [android.net.ConnectivityManager.registerDefaultNetworkCallback(ConnectivityManager.java:4805)] [com.linkedin.android.networking.util.NetworkMonitor.<init>(NetworkMonitor.java:59)] [com.linkedin.android.networking.util.NetworkMonitor.initialize(NetworkMonitor.java:41)] [com.linkedin.android.app.FlagshipApplication.onCreate(FlagshipApplication.java:85)] [android.app.Instrumentation.callApplicationOnCreate(Instrumentation.java:1266)] [android.app.ActivityThread.handleBindApplication(ActivityThread.java:7614)] [android.app.ActivityThread.-$$Nest$mhandleBindApplication(Unknown Source:0)] [android.app.ActivityThread$H.handleMessage(ActivityThread.java:2400)]
07-10 00:58:02.927  5674  7463 D ConnectivityService: requestNetwork for uid/pid:10006/19410 activeRequest: null callbackRequest: 16520 [NetworkRequest [ REQUEST id=16521, [ Capabilities: INTERNET&NOT_RESTRICTED&TRUSTED&NOT_VCN_MANAGED Uid: 10006 RequestorUid: 10006 RequestorPkg: com.linkedin.android UnderlyingNetworks: Null] ]] callback flags: 0 order: 2147483647
07-10 00:58:02.931  5674  6055 D ConnectivityService:    accepting network in place of null
07-10 00:58:02.937  5674  6045 D WifiNetworkFactory: got request NetworkRequest [ REQUEST id=16521, [ Capabilities: INTERNET&NOT_RESTRICTED&TRUSTED&NOT_VCN_MANAGED Uid: 10006 RequestorUid: 10006 RequestorPkg: com.linkedin.android UnderlyingNetworks: Null] ]
07-10 00:58:02.939  5674  6045 D UntrustedWifiNetworkFactory: got request NetworkRequest [ REQUEST id=16521, [ Capabilities: INTERNET&NOT_RESTRICTED&TRUSTED&NOT_VCN_MANAGED Uid: 10006 RequestorUid: 10006 RequestorPkg: com.linkedin.android UnderlyingNetworks: Null] ]
07-10 00:58:02.941  5674  6045 D OemPaidWifiNetworkFactory: got request NetworkRequest [ REQUEST id=16521, [ Capabilities: INTERNET&NOT_RESTRICTED&TRUSTED&NOT_VCN_MANAGED Uid: 10006 RequestorUid: 10006 RequestorPkg: com.linkedin.android UnderlyingNetworks: Null] ]
07-10 00:58:02.943  5674  6045 D MultiInternetWifiNetworkFactory: got request NetworkRequest [ REQUEST id=16521, [ Capabilities: INTERNET&NOT_RESTRICTED&TRUSTED&NOT_VCN_MANAGED Uid: 10006 RequestorUid: 10006 RequestorPkg: com.linkedin.android UnderlyingNetworks: Null] ]
07-10 00:58:02.943  5674  6112 I ChimeraAggressivePolicyHandler: executePolicy() - triggerSource: TRIGGER_SOURCE_LMKD
07-10 00:58:02.946  5674  6112 I ChimeraAggressivePolicyHandler: available memory: 878244, free memory target: 870400, quit chimera
07-10 00:58:02.949  5674  6055 D ConnectivityService: Rematched networks [computed 1ms] [applied 2ms] [issued 16]
07-10 00:58:02.949  5674  6055 D ConnectivityService: NetworkReassignment :
07-10 00:58:02.949  5674  6055 D ConnectivityService:   16521 : null → 118
07-10 00:58:02.988 19410 19410 I FlagshipApplication: [main] Granular phase APP_DEPENDENCY_INJECTION completed. Interval(startNanos=1688943482929000000ns, durationNanos=59000000ns)
07-10 00:58:03.022  5674  9681 D PackageManager: setEnabledSetting : userId = 0 packageName = com.linkedin.android cmp = androidx.work.impl.background.systemjob.SystemJobService newState = 1 callingPackage = 10006/com.linkedin.android
07-10 00:58:03.023  5674  9681 D ApplicationPolicy: getApplicationStateEnabled : pkg = com.linkedin.android userId : 0
07-10 00:58:03.024  5674  9681 D ApplicationPolicy: getApplicationComponentState : pkg = com.linkedin.android userId : 0
07-10 00:58:03.050 19410 19451 D ConnectivityManager: StackLog: [android.net.ConnectivityManager.sendRequestForNetwork(ConnectivityManager.java:4300)] [android.net.ConnectivityManager.registerDefaultNetworkCallbackForUid(ConnectivityManager.java:4864)] [android.net.ConnectivityManager.registerDefaultNetworkCallback(ConnectivityManager.java:4831)] [org.chromium.net.NetworkChangeNotifierAutoDetect$RegistrationPolicy.register(NetworkChangeNotifierAutoDetect.java:38)] [org.chromium.net.RegistrationPolicyAlwaysRegister.init(RegistrationPolicyAlwaysRegister.java:3)] [org.chromium.net.NetworkChangeNotifierAutoDetect.<init>(NetworkChangeNotifierAutoDetect.java:105)] [org.chromium.net.NetworkChangeNotifier.setAutoDetectConnectivityStateInternal(NetworkChangeNotifier.java:14)] [org.chromium.net.impl.CronetLibraryLoader.ensureInitializedOnInitThread(CronetLibraryLoader.java:17)] [org.chromium.net.impl.CronetLibraryLoader$1.run(CronetLibraryLoader.java:1)]
