07-10 00:39:58.551 12824 12824 D nativeloader: Extending system_exposed_libraries: libhumantracking.arcsoft.so:libPortraitDistortionCorrection.arcsoft.so:libPortraitDistortionCorrectionCali.arcsoft.so:libface_landmark.arcsoft.so:libFacialStickerEngine.arcsoft.so:libveengine.arcsoft.so:liblow_light_hdr.arcsoft.so:libhigh_dynamic_range.arcsoft.so:libFacialAttributeDetection.arcsoft.so:libBeauty_v4.camera.samsung.so:libexifa.camera.samsung.so:libjpega.camera.samsung.so:libOpenCv.camera.samsung.so:libImageScreener.camera.samsung.so:libMyFilter.camera.samsung.so:libtensorflowLite.myfilter.camera.samsung.so:libtensorflowlite_inference_api.myfilter.camera.samsung.so:libEventFinder.camera.samsung.so:libHIDTSnapJNI.camera.samsung.so:libSmartScan.camera.samsung.so:libRectify.camera.samsung.so:libDocRectifyWrapper.camera.samsung.so:libUltraWideDistortionCorrection.camera.samsung.so:libHpr_RecGAE_cvFeature_v1.0.camera.samsung.so:libHprFace_GAE_api.camera.samsung.so:libFace_Landmark_API.camera.samsung.so:libHprFace_GAE_jni.camera.samsung.so:libFacialBasedSelfieCorrec
07-10 00:39:58.581 12713 12713 I MSDG[SmartSwitch]StatusProvider: onCreate
07-10 00:39:58.592 12060 12774 D EventBus: No subscribers registered for event class ls.b
07-10 00:39:58.595 12060 12774 D EventBus: No subscribers registered for event class bf0.h
07-10 00:39:58.664 12060 12874 D ConnectivityManager: StackLog: [android.net.ConnectivityManager.sendRequestForNetwork(ConnectivityManager.java:4300)] [android.net.ConnectivityManager.sendRequestForNetwork(ConnectivityManager.java:4342)] [android.net.ConnectivityManager.registerNetworkCallback(ConnectivityManager.java:4724)] [android.net.ConnectivityManager.registerNetworkCallback(ConnectivityManager.java:4694)] [dn.e.<init>(NetworkStateHelper.java:51)] [km.g.run(AppCenter.java:107)]
07-10 00:39:58.670 12713 12713 I MSDG[SmartSwitch]PlatformUtils: SEM_INT : 3301
07-10 00:39:58.683  5674  6055 D ConnectivityService: Rematched networks [computed 0ms] [applied 2ms] [issued 10]
07-10 00:39:58.683  5674  6055 D ConnectivityService: NetworkReassignment : no changes
07-10 00:39:58.688 16924 18744 I FontLog : (REDACTED) Received query %s, URI %s
07-10 00:39:58.688 16924 18744 I FontLog : (REDACTED) Query [%s] resolved to %s
07-10 00:39:58.691 16924 18744 I FontLog : (REDACTED) Fetch %s end status %s
07-10 00:39:58.719  4378  4378 I lmkd    : 1(delay), 0(swap), 0(freelimit), 0(reentrymode) memory pressure events were skipped after a kill!
07-10 00:39:58.720  4378  4378 I lmkd    : cached 1, sandbox(not0) 0
07-10 00:39:58.728  4378  4378 I lmkd    : Reclaim 'com.microsoft.bing' (12060), uid 10129, oom_score_adj 999, state 19 to free 165076kB rss, 28888kb swap
07-10 00:39:58.728  4378  4378 I lmkd    : Reclaimed 193964kB at oom_score_adj 850
07-10 00:39:58.771 12063 12063 D ConnectivityManager: StackLog: [android.net.ConnectivityManager.unregisterNetworkCallback(ConnectivityManager.java:4972)] [androidx.work.impl.constraints.trackers.e.f(NetworkStateTracker.java:25)] [androidx.work.impl.constraints.trackers.d.c(ConstraintTracker.java:20)] [l1.c.e(ConstraintController.java:46)] [k1.d.d(WorkConstraintsTracker.java:28)] [i1.b.i(GreedyScheduler.java:62)] [i1.b.e(GreedyScheduler.java:1)] [h1.d.e(Processor.java:68)] [h1.d$a.run(Processor.java:19)]
07-10 00:39:58.773  5674  6055 D ConnectivityService:  Removing from current network [118 WIFI], leaving 157 requests.
07-10 00:39:58.779  5674  6055 D ConnectivityService: releasing NetworkRequest [ REQUEST id=16421, [ Capabilities: INTERNET&NOT_RESTRICTED&TRUSTED&NOT_VCN_MANAGED Uid: 10129 RequestorUid: 10129 RequestorPkg: com.microsoft.bing UnderlyingNetworks: Null] ] (release request)
07-10 00:39:58.779  5674  6055 D ConnectivityService:  Removing from current network [118 WIFI], leaving 156 requests.
07-10 00:39:58.780  5287  5287 I Zygote  : Process 12060 exited due to signal 9 (Killed)
07-10 00:39:58.784  5674  5743 I libprocessgroup: Successfully killed process cgroup uid 10129 pid 12060 in 0ms
07-10 00:39:58.870 12063 12104 W microsoft.todos: Suspending all threads took: 6.001ms
07-10 00:39:58.888  4613  4613 W keymaster_tee: [WRN]begin req PARAMS: A1 P4
07-10 00:39:58.903 12493 12675 W oid.documentsui: Long monitor contention with owner AsyncTask #1 (12643) at boolean android.os.MessageQueue.enqueueMessage(android.os.Message, long)(MessageQueue.java:600) waiters=0 in boolean android.os.MessageQueue.enqueueMessage(android.os.Message, long) for 170ms
07-10 00:39:58.916 12713 12731 I MSDG[SmartSwitch]BnRDocumentProvider: queryRoots
07-10 00:39:58.919 12713 12731 I MSDG[SmartSwitch]BnRDocumentProvider: queryRoots is not granted package: com.google.android.documentsui
07-10 00:39:58.921 12493 12675 I ProvidersCache: Provider returned no roots. Possibly naughty: com.sec.android.easyMover.bnrDocuments
07-10 00:39:58.922 12493 12666 W oid.documentsui: Long monitor contention with owner pool-3-thread-7 (12671) at void com.android.documentsui.roots.ProvidersCache$MultiProviderUpdateTask.handleDocumentsProvider(android.content.pm.ProviderInfo, com.android.documentsui.base.UserId)(ProvidersCache.java:646) waiters=9 in void com.android.documentsui.roots.ProvidersCache$MultiProviderUpdateTask.handleDocumentsProvider(android.content.pm.ProviderInfo, com.android.documentsui.base.UserId) for 4.637s
07-10 00:39:58.925 12713 12713 I MSDG[SmartSwitch]CRLogCollector: CRLogCollector start time[07-10 00:39:58.805], UID[10244], PID[12713], file[/data/log/smartswitch/1688942398782SmartSwitchSimpleLog.log]
07-10 00:39:58.985  5674  7726 D SemWifiUsabilityStatsMonitor: onWifiUsabilityStats - seqNum 21030, isSameBssidAndFreq true
07-10 00:39:58.988 12571 12898 I Reminder$Bixby2.0: [BixbyService] initialize Bixby2.0
07-10 00:39:58.988 12571 12898 I CapsuleProvider_1.0.23: releasing initialize wait lock.
07-10 00:39:58.989  5674  6128 I SemWifiLinkQualityMonitor: Link Qos Query: 0.030 ms / 268.595 Mbps (325 / 0.000 / 1.210)
07-10 00:39:59.012 12163 12178 W .android.chrome: Suspending all threads took: 59.304ms
07-10 00:39:59.022 16924 16924 D BoundBrokerSvc: onUnbind: Intent { act=com.google.android.gms.presencemanager.service.START dat=chimera-action:/... cmp=com.google.android.gms/.chimera.PersistentApiService }
07-10 00:39:59.034 16924 16924 D BoundBrokerSvc: onUnbind: Intent { act=com.google.android.gms.presencemanager.service.INTERNAL_IDENTITY dat=chimera-action:/... cmp=com.google.android.gms/.chimera.PersistentApiService }
07-10 00:39:59.062 12713 12713 I MSDG[SmartSwitch]SSServer: [setAppContext]begin
07-10 00:39:59.077  5287  5287 D Zygote  : Forked child process 12900
07-10 00:39:59.108 12713 12713 I MSDG[SmartSwitch]SSServer: [setAppContext]end
07-10 00:39:59.119 12900 12900 I switchassistant: Using CollectorTypeCC GC.
07-10 00:39:59.123 12713 12713 I MSDG[SmartSwitch]SSServer: [setServiceContext][serviceName=common]ServiceContext is initialized.
07-10 00:39:59.123 16924 18725 I FontLog : (REDACTED) Pulling font file for id = %d, cache size = %d
07-10 00:39:59.125 12900 12900 E switchassistant: Not starting debugger since process cannot load the jdwp agent.
07-10 00:39:59.128 12713 12713 I MSDG[SmartSwitch]SSServer: [setServiceContext][serviceName=iOsOtg]ServiceContext is initialized.
07-10 00:39:59.136 12900 12900 W libc    : Access denied finding property "sys.perf.boostopt"
07-10 00:39:59.136  5262  5262 E audit   : type=1400 audit(1688942399.133:69340): avc:  denied  { read } for  pid=12900 comm="switchassistant" name="u:object_r:perf_prop:s0" dev="tmpfs" ino=10663 scontext=u:r:system_app:s0 tcontext=u:object_r:perf_prop:s0 tclass=file permissive=0 SEPF_SM-A515F_13_0001 audit_filtered
07-10 00:39:59.136  5262  5262 E audit   : type=1300 audit(1688942399.133:69340): arch=c00000b7 syscall=56 success=no exit=-13 a0=ffffff9c a1=7fcf7d5458 a2=88000 a3=0 items=0 ppid=5287 pid=12900 auid=4294967295 uid=1000 gid=1000 euid=1000 suid=1000 fsuid=1000 egid=1000 sgid=1000 fsgid=1000 tty=(none) ses=4294967295 comm="switchassistant" exe="/system/bin/app_process64" subj=u:r:system_app:s0 key=(null)
07-10 00:39:59.136  5262  5262 E audit   : type=1327 audit(1688942399.133:69340): proctitle="zygote64"
07-10 00:39:59.140  5262  5262 E audit   : type=1400 audit(1688942399.137:69341): avc:  denied  { read } for  pid=12900 comm="binder:12900_1" name="u:object_r:perf_prop:s0" dev="tmpfs" ino=10663 scontext=u:r:system_app:s0 tcontext=u:object_r:perf_prop:s0 tclass=file permissive=0 SEPF_SM-A515F_13_0001 audit_filtered
07-10 00:39:59.140 12900 12900 D ActivityThread: setConscryptValidator
07-10 00:39:59.140 12900 12913 W libc    : Access denied finding property "sys.perf.boostopt"
07-10 00:39:59.141 12900 12900 D ActivityThread: setConscryptValidator - put
07-10 00:39:59.160 12900 12913 W libc    : Access denied finding property "sys.perf.boostopt"
07-10 00:39:59.163 12900 12916 W libc    : Access denied finding property "sys.perf.boostopt"
07-10 00:39:59.179 12900 12900 D CompatibilityChangeReporter: Compat change id reported: 171979766; UID 1000; state: ENABLED
07-10 00:39:59.183 12713 12713 I MSDG[SmartSwitch]SSServer: [setServiceContext][serviceName=iCloud]ServiceContext is initialized.
07-10 00:39:59.203 12824 12824 D nativeloader: Configuring classloader-namespace for other apk /data/app/~~EhoCLpe9IJr2cAibezJfdg==/com.osp.app.signin-mgXNME0fm512t8l_4MNsMA==/base.apk. target_sdk_version=33, uses_libraries=, library_path=/data/app/~~EhoCLpe9IJr2cAibezJfdg==/com.osp.app.signin-mgXNME0fm512t8l_4MNsMA==/lib/arm64:/data/app/~~EhoCLpe9IJr2cAibezJfdg==/com.osp.app.signin-mgXNME0fm512t8l_4MNsMA==/base.apk!/lib/arm64-v8a, permitted_path=/data:/mnt/expand:/data/user/0/com.osp.app.signin
07-10 00:39:59.252 12713 12713 I MSDG[SmartSwitch]SSClient: [setServiceContext][serviceName=common]ServiceContext is initialized.
07-10 00:39:59.270 12713 12713 I MSDG[SmartSwitch]SSClient: [setServiceContext][serviceName=iOsOtg]ServiceContext is initialized.
07-10 00:39:59.271 12713 12713 I MSDG[SmartSwitch]SSClient: [setServiceContext][serviceName=iCloud]ServiceContext is initialized.
07-10 00:39:59.304 12713 12897 I MSDG[SmartSwitch]CRLogCollector: checkLogFile done, time[3:3]
07-10 00:39:59.435 11292 12065 V OneAuthLog: [OneAuth:Verbose:6k1zf:a98e64f7-4e83-472a-bc8e-ceeab40ec4e7] Start to read from account store
07-10 00:39:59.435 11292 12065 V OneAuthLog: [OneAuth:Verbose:6k1zg:a98e64f7-4e83-472a-bc8e-ceeab40ec4e7] Read from account store succeeded
07-10 00:39:59.480 12713 12713 I MSDG[SmartSwitch]ManagerHost: load countryCode -
07-10 00:39:59.482 12713 12713 I MSDG[SmartSwitch]MainApp: onCreate++
07-10 00:39:59.483 12713 12713 I MSDG[SmartSwitch]PlatformUtils: checkApiType : I am SEP device ! API[3301], Platform[140100]
07-10 00:39:59.487 12571 12898 I Reminder$DeviceIdHelper: initOAID
07-10 00:39:59.493 12713 12713 I MSDG[SmartSwitch]StorageUtil: setInternalStoragePath /storage/emulated/0
07-10 00:39:59.495 12571 12898 I Reminder$DeviceIdHelper: it is not china mcc or deviceidservice is not installed
07-10 00:39:59.502 11292 12065 V OneAuthLog: [OneAuth:Verbose:6k1zb:a98e64f7-4e83-472a-bc8e-ceeab40ec4e7] Start to write to account store
07-10 00:39:59.507 11292 12065 V OneAuthLog: [OneAuth:Verbose:6k1zc:a98e64f7-4e83-472a-bc8e-ceeab40ec4e7] Write to account store succeeded
07-10 00:39:59.574 11292 12065 V OneAuthLog: [OneAuth:Verbose:6k1zf:315ac1be-b142-4326-937b-d06e6d116c43] Start to read from account store
07-10 00:39:59.575 11292 12065 V OneAuthLog: [OneAuth:Verbose:6k1zg:315ac1be-b142-4326-937b-d06e6d116c43] Read from account store succeeded
07-10 00:39:59.585 12713 12713 I MSDG[SmartSwitch]StorageUtil: loadStorageInformation : StorageVolume: Internal shared storage, isRemovable : false, state : mounted, path : /storage/emulated/0
07-10 00:39:59.589 12713 12713 I MSDG[SmartSwitch]StorageUtil: loadStorageInformation : StorageVolume: SD card (9C33-6BBD), isRemovable : true, state : mounted, path : /storage/9C33-6BBD
07-10 00:39:59.594 12063 12104 W microsoft.todos: Suspending all threads took: 8.845ms
07-10 00:39:59.601 12713 12713 I MSDG[SmartSwitch]StorageUtil: setExternalSdCardPath /storage/9C33-6BBD (count : 1)
07-10 00:39:59.603 12713 12713 I MSDG[SmartSwitch]StorageUtil: setExternalUsbPaths [], count(0)
07-10 00:39:59.631  5674  5690 I system_server: Background young concurrent copying GC freed 373799(17MB) AllocSpace objects, 16(316KB) LOS objects, 14% free, 109MB/127MB, paused 441us,336us total 154.897ms
07-10 00:39:59.677 12713 12713 I MSDG[SmartSwitch]StorageUtil: loadStorageInformation intPath[/storage/emulated/0] > [/storage/emulated/0], sdPath[/storage/9C33-6BBD] > [/storage/9C33-6BBD], usbPath[[]] > [[]] : [elapse:      97]
07-10 00:39:59.706  5287  5287 D Zygote  : Forked child process 12930
07-10 00:39:59.709  5353  5699 V APM_AudioPolicyManager: setAppState(portId:1005, state:1)
07-10 00:39:59.715  5353  5699 V APM_AudioPolicyManager: setAppState(portId:1005, state:1)
07-10 00:39:59.747  5674  6593 D LocationManagerService: passive provider removed registration from 10222/ru.yandex.searchplugin/7370A776
07-10 00:39:59.747  5674  6593 D LocationManagerService: passive provider added registration from 10222/ru.yandex.searchplugin/7370A776 -> Request[PASSIVE, minUpdateInterval=+1s0ms, WorkSource{10222 ru.yandex.searchplugin}]
07-10 00:39:59.748  7284  7370 E RequestManager_FLP: [LocationManager] Location remove 7370A776 from ru.yandex.searchplugin
07-10 00:39:59.749  7284  7370 W LocationRequestData_FLP: Not registered using location provider, 7370A776
07-10 00:39:59.750 11542 11673 D [GplLibraryWrapper]: updateLastKnownLocation
07-10 00:39:59.751  7284  7370 E RequestManager_FLP: [LocationManager] Location request (NOT STARTED) 7370A776(Listener) passive (min=1000ms) from ru.yandex.searchplugin (10222_FINE_cached_false_background)
07-10 00:39:59.801 12713 12713 I MSDG[SmartSwitch]StorageUtil: isValidExternalStorage path[/storage/9C33-6BBD], folderCheck[true], [elapse:     123]
07-10 00:39:59.803 12713 12713 I MSDG[SmartSwitch]StorageUtil: getExternalSdCardPath = [/storage/9C33-6BBD > /storage/9C33-6BBD] [true] [elapse:     223]
07-10 00:39:59.806 12713 12713 I MSDG[SmartSwitch]StorageUtil: setExternalSdCardPath /storage/9C33-6BBD (count : 1)
07-10 00:39:59.811  9843  2267 I MediaProvider: CrossUser allowed. Users: 0 and 95
07-10 00:39:59.817  9843 12649 I MediaProvider: CrossUser allowed. Users: 0 and 96
07-10 00:39:59.820  9843  2405 I MediaProvider: CrossUser allowed. Users: 0 and 97
07-10 00:39:59.835  9843  2407 I MediaProvider: CrossUser allowed. Users: 0 and 98
07-10 00:39:59.839  9843  2739 I MediaProvider: CrossUser allowed. Users: 0 and 99
07-10 00:39:59.844 12930 12930 I ocess.gservices: Using CollectorTypeCC GC.
07-10 00:39:59.845 12713 12713 I MSDG[SmartSwitch]LogUtil: getLogLevel 4
07-10 00:39:59.846 12824 12824 V GraphicsEnvironment: ANGLE Developer option for 'com.osp.app.signin' set to: 'default'
07-10 00:39:59.847 12713 12713 I MSDG[SmartSwitch]CRLog: CRLog set Log level = 4, enabled levelD =false
07-10 00:39:59.850 12824 12824 V GraphicsEnvironment: ANGLE GameManagerService for com.osp.app.signin: false
07-10 00:39:59.851 12824 12824 V GraphicsEnvironment: Neither updatable production driver nor prerelease driver is supported.
07-10 00:39:59.855 12930 12930 E ocess.gservices: Not starting debugger since process cannot load the jdwp agent.
07-10 00:39:59.868 12930 12930 W libc    : Access denied finding property "sys.perf.boostopt"
07-10 00:39:59.870 12930 12943 W libc    : Access denied finding property "sys.perf.boostopt"
07-10 00:39:59.873 12930 12930 D ActivityThread: setConscryptValidator
07-10 00:39:59.873 12930 12930 D ActivityThread: setConscryptValidator - put
07-10 00:39:59.903 12930 12943 W libc    : Access denied finding property "sys.perf.boostopt"
07-10 00:39:59.912 12930 12930 D CompatibilityChangeReporter: Compat change id reported: 171979766; UID 10226; state: ENABLED
07-10 00:39:59.931 12824 12824 D NetworkSecurityConfig: No Network Security Config specified, using platform default
07-10 00:40:00.019  6461  7078 D QSClockBellTower: onReceive(android.intent.action.TIME_TICK) mTimeZoneString:null
07-10 00:40:00.037 12713 12713 I MSDG[SmartSwitch]SystemInfoUtil: getDiagnosticAgreeForSA - true
07-10 00:40:00.047 12571 12898 I FirebaseApp: Device unlocked: initializing all Firebase APIs for app [DEFAULT]
07-10 00:40:00.087 12824 12824 D NetworkSecurityConfig: No Network Security Config specified, using platform default
07-10 00:40:00.093  6461  6461 D KeyguardUpdateMonitor: received broadcast android.intent.action.TIME_TICK
07-10 00:40:00.097 12713 12713 I MSDG[SmartSwitch]UIUtil: setLauncherActivityClassNames [com.sec.android.easyMover.DistributionActivity], [com.sec.android.easyMover.DistributionNoIconActivity]
07-10 00:40:00.097 12713 12713 I MSDG[SmartSwitch]MainApp: onCreate-- [elapse:     615]
07-10 00:40:00.098  6461  6461 D QSClockBellTower: He is ready to ring the bell. (((QSClockBellSound - TimeText:00:40, TimeContentDescription:00:40, DateText:Mon, 10 July, ShortDateText:Mon, 10 Jul, Demo:false, QuickStar-Second(false|12:34:56))))
07-10 00:40:00.101 12713 12713 I MSDG[SmartSwitch]RunPermissionManager: checkPersistentSuccessFlag
07-10 00:40:00.104 12713 12713 I MSDG[SmartSwitch]RunPermissionManager: checkPersistentSuccessFlag. prefSuccessStatus. old_puid
07-10 00:40:00.105  6461  6461 D QSClockIndicatorView: Home Indicator status_bar_clock 00:40 notifyTimeChanged(QSClockBellSound - TimeText:00:40, TimeContentDescription:00:40, DateText:Mon, 10 July, ShortDateText:Mon, 10 Jul, Demo:false, QuickStar-Second(false|12:34:56)) ClockVisibleByPolicy:true, ClockVisibleByUser:true, visible?false, parent:android.widget.LinearLayout{503272 V.E...... ......I. 0,0-0,55 #7f0b04f0 app:id/left_clock_container}
07-10 00:40:00.106  6461  6461 D QSClockBellTower: Everyone heard the bell. run(currentTime:1688942400093,   getTime():Mon Jul 10 00:40:00 GMT+02:00 2023,   getTimeZone():libcore.util.ZoneInfo[mDstSavings=3600000,mUseDst=true,mDelegate=[id="Europe/Belgrade",mRawOffset=3600000,mEarliestRawOffset=4920000,transitions=119]])
07-10 00:40:00.158 12930 12930 D nativeloader: Configuring classloader-namespace-shared for other apk /system/framework/org.apache.http.legacy.jar. target_sdk_version=33, uses_libraries=ALL, library_path=/system/system_ext/priv-app/GoogleServicesFramework/lib/arm64:/system/system_ext/priv-app/GoogleServicesFramework/GoogleServicesFramework.apk!/lib/arm64-v8a:/system/lib64:/system/system_ext/lib64, permitted_path=/data:/mnt/expand:/data/user/0/com.google.android.gsf:/system/system_ext/priv-app/GoogleServicesFramework:/system/lib64:/system/system_ext/lib64
07-10 00:40:00.158 12930 12930 D nativeloader: Extending system_exposed_libraries: libhumantracking.arcsoft.so:libPortraitDistortionCorrection.arcsoft.so:libPortraitDistortionCorrectionCali.arcsoft.so:libface_landmark.arcsoft.so:libFacialStickerEngine.arcsoft.so:libveengine.arcsoft.so:liblow_light_hdr.arcsoft.so:libhigh_dynamic_range.arcsoft.so:libFacialAttributeDetection.arcsoft.so:libBeauty_v4.camera.samsung.so:libexifa.camera.samsung.so:libjpega.camera.samsung.so:libOpenCv.camera.samsung.so:libImageScreener.camera.samsung.so:libMyFilter.camera.samsung.so:libtensorflowLite.myfilter.camera.samsung.so:libtensorflowlite_inference_api.myfilter.camera.samsung.so:libEventFinder.camera.samsung.so:libHIDTSnapJNI.camera.samsung.so:libSmartScan.camera.samsung.so:libRectify.camera.samsung.so:libDocRectifyWrapper.camera.samsung.so:libUltraWideDistortionCorrection.camera.samsung.so:libHpr_RecGAE_cvFeature_v1.0.camera.samsung.so:libHprFace_GAE_api.camera.samsung.so:libFace_Landmark_API.camera.samsung.so:libHprFace_GAE_jni.camera.samsung.so:libFacialBasedSelfieCorrec
07-10 00:40:00.191  6461  6461 I FaceWidgetPositionAlgorithm: getClockContainerHeight() supplier = 270, bottom margin = 0, real height = 333
07-10 00:40:00.191  6461  6461 I FaceWidgetPositionAlgorithm: getClockContainerHeight() supplier = 270, bottom margin = 63, real height = 333
07-10 00:40:00.192  6461  6461 I FaceWidgetPositionAlgorithm: getMediaContainerHeight() height = 0 container Visibility = 8, isValid = false, mIsDozing = false, fraction = 1.0, source = 0, target = 0
07-10 00:40:00.192  6461  6461 I FaceWidgetPositionAlgorithm: getMediaContainerHeight() supplier = 0
07-10 00:40:00.220  6461  6461 V QsExpandAnimator: setQsExpansionPosition 0.0
07-10 00:40:00.230 12930 12930 D nativeloader: Configuring classloader-namespace-shared for other apk /system/system_ext/priv-app/GoogleServicesFramework/GoogleServicesFramework.apk. target_sdk_version=33, uses_libraries=, library_path=/system/system_ext/priv-app/GoogleServicesFramework/lib/arm64:/system/system_ext/priv-app/GoogleServicesFramework/GoogleServicesFramework.apk!/lib/arm64-v8a:/system/lib64:/system/system_ext/lib64, permitted_path=/data:/mnt/expand:/data/user/0/com.google.android.gsf:/system/system_ext/priv-app/GoogleServicesFramework:/system/lib64:/system/system_ext/lib64
07-10 00:40:00.238  6461  6461 D KeyguardUpdateMonitor: handleTimeUpdate
07-10 00:40:00.239 12843 12843 I [AUTHFW][PASS]AuthFwApp:  onCreate
07-10 00:40:00.247  6461  6461 D FaceWidgetPagesController: onTimeChanged()
07-10 00:40:00.248  6461  6461 V QsExpandAnimator: updateAnimators
07-10 00:40:00.248  6461  6461 V QsExpandAnimator: clearAnimationState
07-10 00:40:00.249  6461  6461 V QsExpandAnimator: updateViews
07-10 00:40:00.257  6461  6461 V QsExpandAnimator: updateTileAnimator
07-10 00:40:00.260  6461  6461 V QsExpandAnimator: updateHeaderAnimator
07-10 00:40:00.260  6461  6461 V QsExpandAnimator: updateBarAnimator
07-10 00:40:00.260  6461  6461 V QsExpandAnimator: setQsExpansionPosition 0.0
07-10 00:40:00.260  6461  6461 V QsExpandAnimator: onAnimationAtStart
07-10 00:40:00.323 10639 10650 W ung.android.scs: Suspending all threads took: 19.294ms
07-10 00:40:00.383 12824 12824 W .osp.app.signin: Opening an oat file without a class loader. Are you using the deprecated DexFile APIs?
07-10 00:40:00.431 12930 12930 V GraphicsEnvironment: ANGLE Developer option for 'com.google.android.gsf' set to: 'default'
07-10 00:40:00.435 12930 12930 V GraphicsEnvironment: ANGLE GameManagerService for com.google.android.gsf: false
07-10 00:40:00.435 12930 12930 V GraphicsEnvironment: Neither updatable production driver nor prerelease driver is supported.
07-10 00:40:00.483 12930 12930 D NetworkSecurityConfig: No Network Security Config specified, using platform default
07-10 00:40:00.497 12843 12843 I [AUTHFW][TZ]TzAppAsset: AFD
07-10 00:40:00.537 12843 12843 I [AUTHFW][TZ]TzAppAsset: Found
07-10 00:40:00.537 12843 12843 I [AUTHFW][TZ]TzApp: APEX - asset
07-10 00:40:00.537 12843 12843 I [AUTHFW][TZ]TzApp: Start using TzAppAsset as TzApp
07-10 00:40:00.556 12843 12843 I [PASS][SDK]SamsungPassService: initialize()
07-10 00:40:00.564 12930 12930 D NetworkSecurityConfig: No Network Security Config specified, using platform default
07-10 00:40:00.572 12843 12843 I [PASS][SDK]h: bind
07-10 00:40:00.576 31802 32118 I ControllerUtils: [#CMH#] StoryService:  9, isNonJustShotRunningPossible: false, isStopHeavyTask: true
07-10 00:40:00.584  5353  5699 V APM_AudioPolicyManager: setAppState(portId:1005, state:1)
07-10 00:40:00.586 12305 12305 I [PASS][PASS]PassService: onBind:SamsungPassService
07-10 00:40:00.594 12843 12970 I [AUTHFW][TZ]TzUtil: idt start
07-10 00:40:00.620 12843 12843 I [AUTHFW][PASS]PassService: personaId : 0
07-10 00:40:00.621  4379  4385 I servicemanager: Adding 'u:r:platform_app:s0:c512,c768' service (com.samsung.android.pass.IPassService:12843)
07-10 00:40:00.622 12843 12970 I [AUTHFW][TZ]TzAppAsset: AFD
07-10 00:40:00.645 12843 12843 I [AUTHFW][PASS]PassService: onBind:PassOperation
07-10 00:40:00.655 12824 12824 D CompatibilityChangeReporter: Compat change id reported: 183155436; UID 10104; state: ENABLED
07-10 00:40:00.657 12824 12824 I FirebaseApp: Device unlocked: initializing all Firebase APIs for app [DEFAULT]
07-10 00:40:00.675 12843 12970 I SAMgr_AM: ta is null
07-10 00:40:00.694 12305 12305 I [AUTHFW][PSDK]PassServiceConnection: onServiceConnected
07-10 00:40:00.694 12305 12305 I [PASS][SPASS]SPassApplication: pass connected
07-10 00:40:00.706 12843 12970 I android_os_HwBinder: HwBinder: Starting thread pool for getting: vendor.samsung.hardware.authfw@1.0::ISehAuthenticationFramework/default
07-10 00:40:00.725  5353  5699 V APM_AudioPolicyManager: setAppState(portId:1005, state:1)
07-10 00:40:00.728 12843 12843 I [PASS][SDK]h: onServiceConnected
07-10 00:40:00.729 12843 12843 I [AUTHFW][PASS]AuthFwApp: Samsung Pass Service is connected
07-10 00:40:00.731 12753 12763 W soft.appmanager: Suspending all threads took: 7.802ms
07-10 00:40:00.752 12930 12930 I GservicesProvider: Gservices pushing to system: true; secure/global: true
07-10 00:40:00.834 12824 12824 I FirebaseInitProvider: FirebaseApp initialization successful
07-10 00:40:00.846 12824 12824 I CapsuleProvider_1.0.23: onCreate
07-10 00:40:00.866 31802 32118 I ControllerUtils: [#CMH#] IPService:  5, isNonJustShotRunningPossible: false, isStopHeavyTask: true
07-10 00:40:00.875 12824 12824 D WM-WrkMgrInitializer: Initializing WorkManager with default configuration.
07-10 00:40:00.925  5674  6593 D PackageManager: setEnabledSetting : userId = 0 packageName = com.osp.app.signin cmp = androidx.work.impl.background.systemjob.SystemJobService newState = 1 callingPackage = 10104/com.osp.app.signin
07-10 00:40:00.927  5674  6593 D ApplicationPolicy: getApplicationStateEnabled : pkg = com.osp.app.signin userId : 0
07-10 00:40:00.928  5674  6593 D ApplicationPolicy: getApplicationComponentState : pkg = com.osp.app.signin userId : 0
07-10 00:40:01.045 12824 12824 D DIAGMON_SDK[605055]: setDeviceId :
07-10 00:40:01.128 12824 12987 W .osp.app.signin: Verification of m.da com.google.android.gms.dynamiteloader.DynamiteLoaderV2.loadModule2NoCrashUtils(m.da, java.lang.String, int, m.da) took 118.724ms (11143.40 bytecodes/s) (51288B approximate peak alloc)
07-10 00:40:01.155 31802 32118 I ControllerUtils: [#CMH#] FaceService:  2, isNonJustShotRunningPossible: false, isStopHeavyTask: true
07-10 00:40:01.162 12824 12987 I DynamiteModule: Considering local module com.google.android.gms.measurement.dynamite:78 and remote module com.google.android.gms.measurement.dynamite:93
07-10 00:40:01.163 12824 12987 I DynamiteModule: Selected remote version of com.google.android.gms.measurement.dynamite, version >= 93
07-10 00:40:01.163 12824 12987 V DynamiteModule: Dynamite loader version >= 2, using loadModule2NoCrashUtils
07-10 00:40:01.166 31802 32118 I PolicyManager: [#CMH#] Is foreground game app: false
07-10 00:40:01.192 12824 12991 D CompatibilityChangeReporter: Compat change id reported: 160794467; UID 10104; state: ENABLED
07-10 00:40:01.200 12824 12824 I SamsungAccount: [BrandNameUtil] isBrandGalaxy, isCscFeatureEnabled: false
07-10 00:40:01.201 12824 12824 I SamsungAccount: [BrandNameUtil] isBrandGalaxy, oneUiVersion is below 5.1: true
07-10 00:40:01.206 12824 12824 I SamsungAccount: [GlobalSearchProvider] secQueryGetFingerprint : 1410000008en_GB
07-10 00:40:01.262 12824 12824 I SamsungAccount: [SamsungService(Application)] onCreate START
07-10 00:40:01.297 12824 12824 D SamsungAccount$SALogger: init Log Path : /data/user/0/com.osp.app.signin/Log/
07-10 00:40:01.304 12824 12824 D SamsungAccount$SALogger: init success
07-10 00:40:01.305 12824 12824 I SamsungAccount: [TestPropertyManager] setPropStagingMode, server: NONE
07-10 00:40:01.312 12713 12950 I MSDG[SmartSwitch]SystemInfoUtil: getDiagnosticAgreeForSA - true
07-10 00:40:01.318 12824 12824 I SamsungAccount: [TestPropertyManager] HiddenModeValueIsSet? false [hiddenModeServerName: NONE, hiddenModeMcc: NONE, isMarketingAgreementToastMode: false, isAgreementHistoryWriteMode: false, isInvalidSimTestMode: false]
07-10 00:40:01.339 12824 12824 I SamsungAccount: [TestPropertyManager] property file not exist
07-10 00:40:01.345 12852 12852 I vendor.samsung.hardware.authfw@1.0-TlcProxyAuthnr: init
07-10 00:40:01.354 12824 12824 I SamsungAccount: [DeviceManager] init START
07-10 00:40:01.361 31802 32118 I ControllerUtils: [#CMH#] StoryService:  9, isNonJustShotRunningPossible: false, isStopHeavyTask: true
07-10 00:40:01.373 12824 12824 I SamsungAccount: [DeviceManager] init END
07-10 00:40:01.374 12824 12824 I SamsungAccount: [OpenDBManager] saveOpenData(Support_SamsungPass_Integration, true)
07-10 00:40:01.376 12824 12824 I SamsungAccount: [OpenContentProvider]  URI : content://com.msc.openprovider.openContentProvider/openData
07-10 00:40:01.376 12852 12852 I vendor.samsung.hardware.authfw@1.0-TlcProxyAuthnr: process
07-10 00:40:01.377 12852 12852 I tlcFidoAuthnr: process start.
07-10 00:40:01.377 12852 12852 I tlcFidoAuthnr: process start. state:1
07-10 00:40:01.377 12852 12852 I tlcFidoAuthnr: processPass start. state:2
07-10 00:40:01.391 12824 12987 W System  : ClassLoader referenced unknown path:
07-10 00:40:01.400 12824 12987 D nativeloader: Configuring classloader-namespace for other apk . target_sdk_version=33, uses_libraries=, library_path=/data/app/~~e8ouw1akU6W2gQxV1EBpmQ==/com.google.android.gms-hGaGeUGENve9dqYnT27Igw==/lib/arm64:/data/app/~~e8ouw1akU6W2gQxV1EBpmQ==/com.google.android.gms-hGaGeUGENve9dqYnT27Igw==/base.apk!/lib/arm64-v8a, permitted_path=/data:/mnt/expand:/data/user/0/com.google.android.gms
07-10 00:40:01.408 12824 12824 I SamsungAccount: [OpenContentProvider] update openData : true
07-10 00:40:01.410 12824 12824 I SamsungAccount: [PushUtil] enable firebase auto init by RU
07-10 00:40:01.463 12824 12824 I SamsungAccount: [AccountManagerUtil] isSamsungAccountSignedIn : true
07-10 00:40:01.464 12824 12824 I SamsungAccount: [PushUtil] requestSmpInit
07-10 00:40:01.474 12824 12824 I SmpLog  : [SMP] init. S:true P:FCM_PRIMARY_MODE A:a
07-10 00:40:01.499 12824 12824 I SamsungAccount: [SamsungService] PUSH_STATE_CHECK registerId = not empty
07-10 00:40:01.499 12824 12824 I SamsungAccount: [StateCheckUtil] getLogPushRegistrationResult result = REGISTRATION_SUCCESS
07-10 00:40:01.500 12824 12824 I SamsungAccount: [SamsungService] PUSH_STATE_CHECK resultState = REGISTRATION_SUCCESS
07-10 00:40:01.500 12824 12824 I SamsungAccount: [SamsungService] check push token updates
07-10 00:40:01.500 12824 12824 I SamsungAccount: [PushUtil] checkTokenUpdates
07-10 00:40:01.507 12930 12977 E GmsClient: unable to connect to service: com.google.android.gms.gservices.START on com.google.android.gms
07-10 00:40:01.535 12824 12824 I SmpLog  : [SMP] get push type : fcm
07-10 00:40:01.536 12824 12824 I SmpLog  : [SMP] get token : ...Sv (152)
07-10 00:40:01.536 12824 12824 I SamsungAccount: [AccountManagerUtil] makeSamsungAccountVisible
07-10 00:40:01.546 12824 12824 I SamsungAccount: [AccountManagerUtil] setSamsungAccountManagedVisibilityIfNeeded : app.shealth.
07-10 00:40:01.546  5287  5287 D Zygote  : Forked child process 13008
07-10 00:40:01.548 12824 12824 I SamsungAccount: [PackageUtils] com.sec.android.app.shealth is existed : version code : 6236003
07-10 00:40:01.548 12824 12824 I SamsungAccount: [SignatureCheckUtil] runCheckSignatureWithEmptyId
07-10 00:40:01.549 12824 12824 I SamsungAccount: [SignatureCheckUtil] runCheckSignatureAsync
07-10 00:40:01.549 12824 12824 I SamsungAccount: [SignaturePreconditionChecker] getSignatureResult - fromSesSdk : true
07-10 00:40:01.599 12824 12824 I SamsungAccount: [SignatureInfoDbHelper] getSignatureResult - [][app.shealth.]
07-10 00:40:01.625 31802 32118 I ControllerUtils: [#CMH#] IPService:  5, isNonJustShotRunningPossible: false, isStopHeavyTask: true
07-10 00:40:01.626 13008 13008 I ung.android.mdx: Using CollectorTypeCC GC.
07-10 00:40:01.630 12063 12954 D TokenSharingManager_v1.6.4: Library works in release mode
07-10 00:40:01.639 13008 13008 E ung.android.mdx: Not starting debugger since process cannot load the jdwp agent.
07-10 00:40:01.644 12824 12824 I SamsungAccount: [SignatureInfoHelper] getClientIdFromMetaData : [10/1y90e]
07-10 00:40:01.644 12824 12824 I SamsungAccount: [SignatureInfoDbHelper] searchOnUser
07-10 00:40:01.647 13008 13008 W libc    : Access denied finding property "sys.perf.boostopt"
07-10 00:40:01.647  5262  5262 E audit   : type=1400 audit(1688942401.645:69347): avc:  denied  { read } for  pid=13008 comm="ung.android.mdx" name="u:object_r:perf_prop:s0" dev="tmpfs" ino=10663 scontext=u:r:platform_app:s0:c512,c768 tcontext=u:object_r:perf_prop:s0 tclass=file permissive=0 SEPF_SM-A515F_13_0001 audit_filtered
07-10 00:40:01.648 13008 13022 W libc    : Access denied finding property "sys.perf.boostopt"
07-10 00:40:01.649  5262  5262 E audit   : type=1300 audit(1688942401.645:69347): arch=c00000b7 syscall=56 success=no exit=-13 a0=ffffff9c a1=7fcf7d5458 a2=88000 a3=0 items=0 ppid=5287 pid=13008 auid=4294967295 uid=10090 gid=10090 euid=10090 suid=10090 fsuid=10090 egid=10090 sgid=10090 fsgid=10090 tty=(none) ses=4294967295 comm="ung.android.mdx" exe="/system/bin/app_process64" subj=u:r:platform_app:s0:c512,c768 key=(null)
07-10 00:40:01.649  5262  5262 E audit   : type=1327 audit(1688942401.645:69347): proctitle="zygote64"
07-10 00:40:01.649  5262  5262 E audit   : type=1400 audit(1688942401.645:69348): avc:  denied  { read } for  pid=13008 comm="binder:13008_1" name="u:object_r:perf_prop:s0" dev="tmpfs" ino=10663 scontext=u:r:platform_app:s0:c512,c768 tcontext=u:object_r:perf_prop:s0 tclass=file permissive=0 SEPF_SM-A515F_13_0001 audit_filtered
07-10 00:40:01.650 13008 13008 D ActivityThread: setConscryptValidator
07-10 00:40:01.650 13008 13008 D ActivityThread: setConscryptValidator - put
07-10 00:40:01.673  5353  5543 V APM_AudioPolicyManager: setAppState(portId:1005, state:1)
07-10 00:40:01.683 12824 13002 I SmpLog  : [SMP] Test mode: false, v:3.3.3.3, com.osp.app.signin
07-10 00:40:01.703 13008 13023 W libc    : Access denied finding property "sys.perf.boostopt"
07-10 00:40:01.704 13008 13008 D CompatibilityChangeReporter: Compat change id reported: 171979766; UID 10090; state: ENABLED
07-10 00:40:01.741 12824 13002 I SmpLog  : [SMP] ptype:fcm, token:...Sv (152), D:null, U:null, S:false, M:null, P:FCM_PRIMARY_MODE
07-10 00:40:01.896 12824 12824 I SamsungAccount: [SignatureInfoDbHelper] searchOnUser - [10/1y90e][app.shealth.][64/14aaf] => matched
07-10 00:40:01.896 12824 12824 I SamsungAccount: [SignatureInfoDbHelper] search - matched
07-10 00:40:01.897 12824 12824 I SamsungAccount: [SignatureCheckUtil] runCheckSignatureAsync(fromDb) - matched
07-10 00:40:01.897 12824 12824 I SamsungAccount: [AccountManagerUtil] setSamsungAccountManagedVisibilityIfNeeded - isInstalled : true, isAllowedApplication : true
07-10 00:40:01.897 12824 12824 I SamsungAccount: [AccountManagerUtil] getSamsungAccountVisibilityByPackageName
07-10 00:40:01.935 12824 13002 I SmpLog  : [SMP] SEND BR : smp init success
07-10 00:40:01.942 12824 12824 I SamsungAccount: [AccountManagerUtil] getSamsungAccountVisibilityByPackageName
07-10 00:40:01.946 12824 12824 I SamsungAccount: [AccountManagerUtil] setSamsungAccountManagedVisibilityIfNeeded - visibility : 2
07-10 00:40:02.002  5674  7726 D SemWifiUsabilityStatsMonitor: onWifiUsabilityStats - seqNum 21031, isSameBssidAndFreq true
07-10 00:40:02.003  5674  6128 I SemWifiLinkQualityMonitor: Link Qos Query: 0.033 ms / 245.700 Mbps (351 / 0.000 / 1.429)
07-10 00:40:02.038 12843 12970 I SAMgr_HS: ret: true, 10
07-10 00:40:02.039 12852 12852 I vendor.samsung.hardware.authfw@1.0-TlcProxyAuthnr: terminate
07-10 00:40:02.039 12852 12852 I tlcFidoAuthnr: terminateFido start.
07-10 00:40:02.039 12852 12852 I tlcFidoAuthnr: terminateFido start. state:1
07-10 00:40:02.071 12843 12970 I [AUTHFW][TZ]TzUtil: nic is not supported on Q
07-10 00:40:02.075 13008 13008 I WindowsLink: (AppUpdateManagerImpl) loadPreferenceInfo() in
07-10 00:40:02.075 13008 13008 I WindowsLink: (AppUpdateManagerImpl) loadPolicyPreferenceInfo() in
07-10 00:40:02.120 31802 32118 I ControllerUtils: [#CMH#] FaceService:  2, isNonJustShotRunningPossible: false, isStopHeavyTask: true
07-10 00:40:02.122 12824 12824 I SamsungAccount: [DbManagerV2] getEmailID
07-10 00:40:02.122 12824 12824 I SamsungAccount: [DbManagerV2] getDataV02ForItems : EMAIL_ID from Db
07-10 00:40:02.148 10641 10676 W oid.apps.photos: Suspending all threads took: 150.963ms
07-10 00:40:02.150 12824 12987 I .osp.app.signin: Waiting for a blocking GC ClassLinker
07-10 00:40:02.186  4378  4378 I lmkd    : cached 1, sandbox(not0) 0
07-10 00:40:02.192  4378  4378 I lmkd    : Reclaim 'com.google.android.documentsui' (12493), uid 10079, oom_score_adj 975, state 19 to free 47004kB rss, 30932kb swap
07-10 00:40:02.193  4378  4378 I lmkd    : Reclaimed 77936kB at oom_score_adj 850
07-10 00:40:02.216 13008 13008 I WindowsLink: (AppUpdateManagerImpl) loadStorePreferenceInfo() in
07-10 00:40:02.216 13008 13008 I WindowsLink: (AppUpdateManagerImpl) getCachedLwStoreInfo(): in
07-10 00:40:02.216 13008 13008 I WindowsLink: (AppUpdateManagerImpl) getCachedStoreInfo() in = com.samsung.android.mdx
07-10 00:40:02.225  5287  5287 I Zygote  : Process 12493 exited due to signal 9 (Killed)
07-10 00:40:02.232 12063 12954 D TrafficStats: tagSocket(102) with statsTag=0xffffffff, statsUid=-1
07-10 00:40:02.238  5674  6213 D NetdEventListenerService: DNS Requested by : 118, 10016
07-10 00:40:02.241  5674  5743 I libprocessgroup: Successfully killed process cgroup uid 10079 pid 12493 in 4ms
07-10 00:40:02.242 13008 13008 I WindowsLink: (AppUpdateManagerImpl) getCachedYpcStoreInfo(): in
07-10 00:40:02.242 13008 13008 I WindowsLink: (AppUpdateManagerImpl) getCachedStoreInfo() in = com.microsoft.appmanager
07-10 00:40:02.273  4613  4613 W keymaster_tee: [WRN]begin req PARAMS: A32 B2 P64
07-10 00:40:02.288 13008 13008 I CapsuleProvider_1.0.23: onCreate
07-10 00:40:02.291 12824 12824 I SamsungAccount: [AccountManagerUtil] isSamsungAccountSignedIn : true
07-10 00:40:02.292 12824 12824 I SamsungAccount: [DeviceManager] SEP Platform version : 14.1
07-10 00:40:02.293 12824 12824 D SamsungAnalytics605055: [Tracker] Tracker start:6.05.055
07-10 00:40:02.304 12824 13039 I SamsungAccount: [ConsentWorkManager] startWorkerAfterCheckCondition
07-10 00:40:02.322 13008 13008 I WindowsLink: (SeYourPhoneIndexableProvider) onCreate()
07-10 00:40:02.322 13008 13008 I WindowsLink: (SeYourPhoneIndexableProvider) secQueryGetFingerprint
07-10 00:40:02.353 12824 13040 D DIAGMON_SDK: dma pkg:910501000
07-10 00:40:02.374 12824 12824 I SamsungAccount: [AnalyticsWorkManager] startWork
07-10 00:40:02.375 12824 13039 I SamsungAccount: [DeviceManager] isHeadlessDevice = false
07-10 00:40:02.375 12824 13039 I SamsungAccount: [ConsentWorkManager] checkWorkerIsRunning
07-10 00:40:02.411 13008 13008 I WindowsLink: (MdxApplication) MdxApplication : in
07-10 00:40:02.411 12824 12824 I SamsungAccount: [AnalyticsPref] setSaVersionStatus : 14.1.00.8
07-10 00:40:02.415 13008 13025 I WindowsLink: (AppUpdateManagerImpl) loadPreferenceInfo() in
07-10 00:40:02.415 13008 13025 I WindowsLink: (AppUpdateManagerImpl) loadPolicyPreferenceInfo() in
07-10 00:40:02.420 13008 13025 I WindowsLink: (AppUpdateManagerImpl) loadStorePreferenceInfo() in
07-10 00:40:02.420 13008 13025 I WindowsLink: (AppUpdateManagerImpl) getCachedLwStoreInfo(): in
07-10 00:40:02.420 13008 13025 I WindowsLink: (AppUpdateManagerImpl) getCachedStoreInfo() in = com.samsung.android.mdx
07-10 00:40:02.425 13008 13025 I WindowsLink: (AppUpdateManagerImpl) getCachedYpcStoreInfo(): in
07-10 00:40:02.425 13008 13025 I WindowsLink: (AppUpdateManagerImpl) getCachedStoreInfo() in = com.microsoft.appmanager
07-10 00:40:02.428 13008 13025 I WindowsLink: (YpcSignatureChecker) isSignatureAllowed in
07-10 00:40:02.456 13008 13025 I WindowsLink: (BaseContentProvider) call: method = Compatibility@checkCompatibility / subMethod = checkCompatibility
07-10 00:40:02.456 13008 13025 I WindowsLink: (StateContentProvider) METHOD_CHECK_COMPATIBILITY in
07-10 00:40:02.456 13008 13025 I WindowsLink: (StateContentProvider) [lib ver] Name: 2.7.01.12 / Code: 1
07-10 00:40:02.466 12824 12987 I .osp.app.signin: WaitForGcToComplete blocked ClassLinker on CollectorTransition for 315.757ms
07-10 00:40:02.475 13008 13025 I WindowsLink: (StateContentProvider) CompatibilityStatus: 1
07-10 00:40:02.476 12824 12824 I SamsungAccount: [AccountManagerUtil] isSamsungAccountSignedIn : true
07-10 00:40:02.476 12824 12824 I SamsungAccount: [AnalyticsPref] setSignedInStatus : 1
07-10 00:40:02.477 12824 12824 I SamsungAccount: [AccountDiagmonLogger] Diagmon Logger Init
07-10 00:40:02.477 12824 12824 I DIAGMON_SDK[605055]: DiagMonAgent type: 2
07-10 00:40:02.478 12824 12824 D DIAGMON_SDK[605055][773-399-565755] : setConfiguration type : CUSTOM
07-10 00:40:02.478 12824 12824 I DIAGMON_SDK[605055][773-399-565755] : generated SR object
07-10 00:40:02.486 12824 12824 I SamsungAccount: [DclPolicyJobService] polling job service was already scheduled (from:86400000 to:86400000)
07-10 00:40:02.486 12824 12824 I SamsungAccount: [SamsungAccount] initBixby2()
07-10 00:40:02.487 12824 12824 I CapsuleProvider_1.0.23: releasing initialize wait lock.
07-10 00:40:02.487 12824 12824 I SamsungAccount: [MobileServiceStateProxy] registerServiceStateForSesSdk : false
07-10 00:40:02.488 12824 12824 I SamsungAccount: [MobileServiceStateImpl] serviceName : AuthService
07-10 00:40:02.488 12824 12824 I SamsungAccount: [MobileServiceStateProxy] registerServiceState, AuthService is added
07-10 00:40:02.488 12824 12824 I SamsungAccount: [MobileServiceStateImpl] serviceName : ProfileService
07-10 00:40:02.488 12824 12824 I SamsungAccount: [MobileServiceStateProxy] registerServiceState, ProfileService is added
07-10 00:40:02.488 12824 12824 I SamsungAccount: [MobileServiceStateImpl] serviceName : PlaceService
07-10 00:40:02.488 12824 12824 I SamsungAccount: [MobileServiceStateProxy] registerServiceState, PlaceService is added
07-10 00:40:02.501 12824 13050 I SamsungAccount: [DclPolicyManager] 3.1.2 GET SERVICE POLICY
07-10 00:40:02.501 12824 13050 I SamsungAccount: [AccountManagerUtil] isSamsungAccountSignedIn : true
07-10 00:40:02.502 12824 13050 I SamsungAccount: [DclPolicyManager] Dcl policy : last server request time is not expired.
07-10 00:40:02.503 12824 13050 I SamsungAccount: [DclPolicyManager] Dcl policy : last server request time : 20230709234457
07-10 00:40:02.523 12824 12824 I SamsungAccount: [Migration]  startMigrationService : Migration was completed in the past! status - 2
07-10 00:40:02.523 12824 12824 I SamsungAccount: [EasySignUpMappingManager] requestMappingIfNeeded
07-10 00:40:02.523 12824 12824 I SamsungAccount: [EasySignUpMappingManager] This OneUI version does not need ESU mapping.
07-10 00:40:02.523 12824 12824 I SamsungAccount: [AccountManagerUtil] isSamsungAccountSignedIn : true
07-10 00:40:02.523 12824 12824 I SamsungAccount: [DbManagerV2] getEmailID
07-10 00:40:02.523 12824 12824 I SamsungAccount: [DbManagerV2] getDataV02ForItems : EMAIL_ID from Cache
07-10 00:40:02.523 12824 12824 I SamsungAccount: [SamsungService(Application)] onCreate END
07-10 00:40:02.526 12824 12824 I SamsungAccount: [AIDLRequestService] OnCreate Service
07-10 00:40:02.527 12824 12824 I SamsungAccount: [AIDLRequestService] OnBind
07-10 00:40:02.528 12824 12824 I SamsungAccount: [AIDLRequestService] [InAIDL] Service bound
07-10 00:40:02.531 12824 12824 I SamsungAccount: [AIDLRequestService] OnDestroy Service
07-10 00:40:02.537  5353  5699 V APM_AudioPolicyManager: setAppState(portId:1005, state:1)
07-10 00:40:02.559 13008 13008 I DIAGMON_SDK[605056]: DiagMonAgent type: 2
07-10 00:40:02.561 13008 13008 I DIAGMON_SDK[605056][wl34fppqc3] : generated SR object
07-10 00:40:02.562 13008 13008 I CapsuleProvider_1.0.23: releasing initialize wait lock.
07-10 00:40:02.575 13008 13008 I [RoutineSdk3.0-3.0.1]: RoutineSdkImpl: setHandler - conditionHandler initialized
07-10 00:40:02.575 13008 13008 I [RoutineSdk3.0-3.0.1]: RoutineSdkImpl: setHandler - actionHandler initialized
07-10 00:40:02.597  5287  5287 D Zygote  : Forked child process 13068
07-10 00:40:02.602  5353  5699 V APM_AudioPolicyManager: setAppState(portId:1005, state:1)
07-10 00:40:02.612  5353  5699 V APM_AudioPolicyManager: setAppState(portId:1005, state:1)
07-10 00:40:02.618  5674  6522 D PackageManager: setEnabledSetting : userId = 0 packageName = com.osp.app.signin cmp = androidx.work.impl.background.systemalarm.RescheduleReceiver newState = 1 callingPackage = 10104/com.osp.app.signin
07-10 00:40:02.619  5674  6522 D ApplicationPolicy: getApplicationStateEnabled : pkg = com.osp.app.signin userId : 0
07-10 00:40:02.621  5674  6522 D ApplicationPolicy: getApplicationComponentState : pkg = com.osp.app.signin userId : 0
07-10 00:40:02.635 12824 13063 D CompatibilityChangeReporter: Compat change id reported: 194532703; UID 10104; state: ENABLED
07-10 00:40:02.648  5353  5699 V APM_AudioPolicyManager: setAppState(portId:1005, state:1)
07-10 00:40:02.649 12824 12866 W libc    : Access denied finding property "sys.perf.boostopt"
07-10 00:40:02.651  5674  5745 W libprocessgroup: Failed to open /dev/blkio//cgroup.procs: No such file or directory
07-10 00:40:02.655 12824 13040 D SamsungAnalytics605055: do not send setting < 1day
07-10 00:40:02.656 12824 13040 D SamsungAnalytics605055: do not send setting < 1day
07-10 00:40:02.667 13068 13068 I id.app.routines: Using CollectorTypeCC GC.
07-10 00:40:02.670  5353  5699 V APM_AudioPolicyManager: setAppState(portId:1005, state:1)
07-10 00:40:02.674 12824 13039 I SamsungAccount: [AccountManagerUtil] isSamsungAccountSignedIn : true
07-10 00:40:02.674 12824 13039 I SamsungAccount: [ConsentWorkManager] startWorkerAfterCheckCondition, isHeadlessDevice: false, isRunning : true, isSignOut : false
07-10 00:40:02.677 13068 13068 E id.app.routines: Not starting debugger since process cannot load the jdwp agent.
07-10 00:40:02.679  5353  5699 V APM_AudioPolicyManager: setAppState(portId:1005, state:1)
07-10 00:40:02.685 13068 13068 W libc    : Access denied finding property "sys.perf.boostopt"
07-10 00:40:02.685  5262  5262 E audit   : type=1400 audit(1688942402.681:69351): avc:  denied  { read } for  pid=13068 comm="id.app.routines" name="u:object_r:perf_prop:s0" dev="tmpfs" ino=10663 scontext=u:r:platform_app:s0:c512,c768 tcontext=u:object_r:perf_prop:s0 tclass=file permissive=0 SEPF_SM-A515F_13_0001 audit_filtered
07-10 00:40:02.685  5262  5262 E audit   : type=1300 audit(1688942402.681:69351): arch=c00000b7 syscall=56 success=no exit=-13 a0=ffffff9c a1=7fcf7d5458 a2=88000 a3=0 items=0 ppid=5287 pid=13068 auid=4294967295 uid=10054 gid=10054 euid=10054 suid=10054 fsuid=10054 egid=10054 sgid=10054 fsgid=10054 tty=(none) ses=4294967295 comm="id.app.routines" exe="/system/bin/app_process64" subj=u:r:platform_app:s0:c512,c768 key=(null)
07-10 00:40:02.685  5262  5262 E audit   : type=1327 audit(1688942402.681:69351): proctitle="zygote64"
07-10 00:40:02.687 13068 13084 W libc    : Access denied finding property "sys.perf.boostopt"
07-10 00:40:02.688 13068 13068 D ActivityThread: setConscryptValidator
07-10 00:40:02.688 13068 13068 D ActivityThread: setConscryptValidator - put
07-10 00:40:02.689  5262  5262 E audit   : type=1400 audit(1688942402.685:69352): avc:  denied  { read } for  pid=13068 comm="binder:13068_1" name="u:object_r:perf_prop:s0" dev="tmpfs" ino=10663 scontext=u:r:platform_app:s0:c512,c768 tcontext=u:object_r:perf_prop:s0 tclass=file permissive=0 SEPF_SM-A515F_13_0001 audit_filtered
07-10 00:40:02.726 13068 13085 W libc    : Access denied finding property "sys.perf.boostopt"
07-10 00:40:02.760 13068 13068 D CompatibilityChangeReporter: Compat change id reported: 171979766; UID 10054; state: ENABLED
07-10 00:40:02.782 12824 13087 I SamsungAccount: [SamsungAnalyticsWrapper] setSessionId
07-10 00:40:02.784 12824 12991 I WM-WorkerWrapper: Worker result SUCCESS for Work [ id=fc6cdf2f-1ce7-4d0d-ae3e-20ec08c339a0, tags={ REFRESH_SESSION_ID, com.samsung.android.samsungaccount.utils.samsunganalytics.AnalyticsWorker } ]
07-10 00:40:02.811  5353  5699 V APM_AudioPolicyManager: setAppState(portId:1005, state:1)
07-10 00:40:02.816  5353  5699 V APM_AudioPolicyManager: setAppState(portId:1005, state:1)
07-10 00:40:02.875 12753 12753 D CompatibilityChangeReporter: Compat change id reported: 183155436; UID 10142; state: ENABLED
07-10 00:40:02.969 10639 10650 W ung.android.scs: Suspending all threads took: 6.950ms
07-10 00:40:03.211 12824 13051 I FA      : App measurement disabled via the manifest
07-10 00:40:03.258  4378  4378 I lmkd    : 1(delay), 0(swap), 0(freelimit), 0(reentrymode) memory pressure events were skipped after a kill!
07-10 00:40:03.259  4378  4378 I lmkd    : cached 1, sandbox(not0) 0
07-10 00:40:03.261  5674  6112 I ChimeraAggressivePolicyHandler: executePolicy() - triggerSource: TRIGGER_SOURCE_LMKD
07-10 00:40:03.261  4378  4378 I lmkd    : Reclaim 'com.samsung.android.app.reminder' (12571), uid 10150, oom_score_adj 999, state 19 to free 48572kB rss, 31372kb swap
07-10 00:40:03.262  5674  6112 I ChimeraAggressivePolicyHandler: available memory: 885188, free memory target: 870400, quit chimera
07-10 00:40:03.262  4378  4378 I lmkd    : Reclaimed 79944kB at oom_score_adj 850
07-10 00:40:03.264 12824 13051 I FA      : App measurement initialized, version: 80006
07-10 00:40:03.264 12824 13051 I FA      : To enable debug logging run: adb shell setprop log.tag.FA VERBOSE
07-10 00:40:03.264 12824 13051 I FA      : To enable faster debug mode event logging run:
07-10 00:40:03.264 12824 13051 I FA      :   adb shell setprop debug.firebase.analytics.app com.osp.app.signin
07-10 00:40:03.277  5287  5287 I Zygote  : Process 12571 exited due to signal 9 (Killed)
07-10 00:40:03.278  5674  5743 I libprocessgroup: Successfully killed process cgroup uid 10150 pid 12571 in 0ms
07-10 00:40:03.347 13068 13068 I RoutineSettingsMenuSearchProvider: secQueryGetFingerprint :4.1.00.12en_GB
07-10 00:40:03.388  9809 10508 I DMASA[D][wl34fppqc3]: [DiagmonProvider]Received msg based on provider : request_deviceid / request_deviceid
