07-10 01:22:09.254  6461  6461 D NetworkController.WifiSignalController: notifyListener: visible=true, connected=true, inetCondition=1, isDefault=true, wifiTestReported=true, receivedInetCondition=-1, hideDuringMobileSwitching=false
07-10 01:22:11.685  5262  5262 E audit   : type=1400 audit(1688944931.681:70005): avc:  denied  { getattr } for  pid=5674 comm="BinderProcsColl" path="/sys/kernel/debug/binder/proc/5674" dev="debugfs" ino=32119 scontext=u:r:system_server:s0 tcontext=u:object_r:sec_debugfs:s0 tclass=file permissive=0 SEPF_SM-A515F_13_0001 audit_filtered
07-10 01:22:11.685  5262  5262 E audit   : type=1300 audit(1688944931.681:70005): arch=c00000b7 syscall=79 success=no exit=-13 a0=ffffff9c a1=7ad24650a0 a2=79df9bd680 a3=0 items=0 ppid=5287 pid=5674 auid=4294967295 uid=1000 gid=1000 euid=1000 suid=1000 fsuid=1000 egid=1000 sgid=1000 fsgid=1000 tty=(none) ses=4294967295 comm="BinderProcsColl" exe="/system/bin/app_process64" subj=u:r:system_server:s0 key=(null)
07-10 01:22:11.685  5262  5262 E audit   : type=1327 audit(1688944931.681:70005): proctitle="system_server"
07-10 01:22:12.304  5674  7726 D SemWifiUsabilityStatsMonitor: onWifiUsabilityStats - seqNum 21862, isSameBssidAndFreq true
07-10 01:22:12.307  5674  6128 I SemWifiLinkQualityMonitor: Link Qos Query: 0.068 ms / 117.000 Mbps (117 / 0.000 / 1.000)
07-10 01:22:12.307  6461  6461 D NetworkController.WifiSignalController: notifyListener: visible=true, connected=true, inetCondition=1, isDefault=true, wifiTestReported=true, receivedInetCondition=-1, hideDuringMobileSwitching=false
07-10 01:22:15.364  5674  7726 D SemWifiUsabilityStatsMonitor: onWifiUsabilityStats - seqNum 21863, isSameBssidAndFreq true
07-10 01:22:15.369  6461  6461 D NetworkController.WifiSignalController: notifyListener: visible=true, connected=true, inetCondition=1, isDefault=true, wifiTestReported=true, receivedInetCondition=-1, hideDuringMobileSwitching=false
07-10 01:22:15.369  5674  6128 I SemWifiLinkQualityMonitor: Link Qos Query: 0.068 ms / 117.000 Mbps (117 / 0.000 / 1.000)
07-10 01:22:18.208  5674  6112 I ChimeraAggressivePolicyHandler: executePolicy() - triggerSource: TRIGGER_SOURCE_LMKD
07-10 01:22:18.212  5674  6112 I ChimeraAggressivePolicyHandler: available memory: 1237264, free memory target: 870400, quit chimera
07-10 01:22:18.426  5674  7726 D SemWifiUsabilityStatsMonitor: onWifiUsabilityStats - seqNum 21864, isSameBssidAndFreq true
07-10 01:22:18.430  5674  6128 I SemWifiLinkQualityMonitor: Link Qos Query: 0.068 ms / 117.000 Mbps (117 / 0.000 / 1.000)
07-10 01:22:18.430  6461  6461 D NetworkController.WifiSignalController: notifyListener: visible=true, connected=true, inetCondition=1, isDefault=true, wifiTestReported=true, receivedInetCondition=-1, hideDuringMobileSwitching=false
07-10 01:22:19.638  5674 26899 D TrafficStats: tagSocket(968) with statsTag=0xffffffff, statsUid=-1
07-10 01:22:19.845  5674 26899 D WifiConnectivityMonitor.DnsThread:  [|207]
07-10 01:22:19.846  5674  6182 D WifiConnectivityMonitor.NetworkStatsAnalyzer: DNS resultType : 0, responseTime : 207
07-10 01:22:19.848  5674  6164 D OpenNetworkQos[4.00]: updateBssidLatestDnsResultType - result: 0
07-10 01:22:19.848  5674  6164 D OpenNetworkQos[4.00]: updateBssidNoInternet: mBssidNoInternet = false
07-10 01:22:19.848  5674  6164 D OpenNetworkQos[4.00]: getOpenNetworkQosNoInternetStatus: false
07-10 01:22:19.848  5674  6164 D OpenNetworkQos[4.00]: getOpenNetworkQosScores: 26 26 26
07-10 01:22:19.849  5674  6164 I WifiProfileShare: network QoS data was changed (internet), updateQoSData networkType: true, qosData: false
07-10 01:22:19.850  5674  7451 V WifiProfileShare.Caster: update wips network, size: 0
07-10 01:22:19.851  5674  7451 D WifiProfileShare: nearby scanning settings run
07-10 01:22:19.851  5674  7451 D WifiProfileShare: network score provider settings enabled
07-10 01:22:19.851  5674  7451 D OpenNetworkQos[4.00]: getOpenNetworkQosScores: 26 26 26
07-10 01:22:19.851  5674  7451 D OpenNetworkQos[4.00]: getOpenNetworkQosNoInternetStatus: false
07-10 01:22:19.852  5674  7451 I WifiProfileShare.Caster: current network type: 0, score: [26, 26, 26]
07-10 01:22:19.853  5674  7451 V WifiProfileShare.Cache: update network score 00:e4:06:**:**:90
07-10 01:22:19.853  5674  7451 D WifiProfileShare.ScanMatcher: getMcfDataList size:2
07-10 01:22:19.854  5674  7451 I WifiProfileShare.Caster: qos data was updated , before:type:QOS, pBssid:51:2e:90, qosData:7c after:type:QOS, pBssid:51:2e:90, qosData:7c
07-10 01:22:19.856  5674  7451 I [MCFSDK_android_1.2.4010]_4_b: isNetworkEnabled - type : 1 ret : true
07-10 01:22:19.856  5674  7451 D WifiProfileShare.McfCast: -ME--- mIsNetworkEnabled :true
07-10 01:22:19.856  5674  7451 D WifiProfileShare.McfCast: updateQoSData ignored, same contents
07-10 01:22:19.856  5674  7451 D WifiProfileShare.MCF: success update QosData !
07-10 01:22:19.858  5674  7451 I [MCFSDK_android_1.2.4010]_4_b: isNetworkEnabled - type : 1 ret : true
07-10 01:22:19.859  5674  7451 D WifiProfileShare.McfCast: -ME--- mIsNetworkEnabled :true
07-10 01:22:19.859  5674  7451 D WifiProfileShare.McfCast: -ME--- updatePasswordDate pwdData size:2
07-10 01:22:21.486  5674  7726 D SemWifiUsabilityStatsMonitor: onWifiUsabilityStats - seqNum 21865, isSameBssidAndFreq true
07-10 01:22:21.491  5674  6128 I SemWifiLinkQualityMonitor: Link Qos Query: 0.171 ms / 46.800 Mbps (117 / 0.000 / 2.500)
07-10 01:22:24.550  5674  7726 D SemWifiUsabilityStatsMonitor: onWifiUsabilityStats - seqNum 21866, isSameBssidAndFreq true
07-10 01:22:24.553  5674  6128 I SemWifiLinkQualityMonitor: Link Qos Query: 0.171 ms / 46.800 Mbps (117 / 0.000 / 2.500)
07-10 01:22:24.553  6461  6461 D NetworkController.WifiSignalController: notifyListener: visible=true, connected=true, inetCondition=1, isDefault=true, wifiTestReported=true, receivedInetCondition=-1, hideDuringMobileSwitching=false
07-10 01:22:25.758 16924 18133 I WearableConn: Connecting to "Galaxy Watch5 Pro (MJNP)"
07-10 01:22:25.761 16924 18133 I BluetoothSocket: connect() for device 645DF4_1 called by pid: 16924
07-10 01:22:25.799 15865 16587 W btm_acl : Unable to find active acl
07-10 01:22:25.809 15865 16587 W bt_stack: xx:xx:xx:xx:b3:b1 EnqueueCommand (classic_link)
07-10 01:22:26.754 16924  9298 E WakeLock: WearableBluetooth ** IS FORCE-RELEASED ON TIMEOUT **
07-10 01:22:26.989 31135 32652 I native  : I0000 00:00:1688944946.988785   32652 soda_async_impl.cc:1540] Current audio timestamp: 1688944946620242
07-10 01:22:27.127  5362  5362 I SurfaceFlinger: SFWD update time=135196497642454
07-10 01:22:27.587  5674  7726 D SemWifiUsabilityStatsMonitor: onWifiUsabilityStats - seqNum 21867, isSameBssidAndFreq true
07-10 01:22:27.589  5674  6128 I SemWifiLinkQualityMonitor: Link Qos Query: 0.171 ms / 46.800 Mbps (117 / 0.000 / 2.500)
07-10 01:22:28.514 31135 31447 I A       : (REDACTED) #onAudioData: %s bytes, getAudioReadSize %s
07-10 01:22:29.894  6461  6566 D MobileStatusTracker(1/2): onSignalStrengthsChanged level=3, vendorLevel=3
07-10 01:22:29.912  6461  6566 D MobileSignalController(1/2): notifyListener: enabled=true, connected=true, dataConnected=false, networkType=LTE (4G), emergencyOnly=false, roaming=false, isDefault=false, dataActivity=, level=3, ca=false, mmWave=false, disabledDataIcon=false, simCard=ETC
07-10 01:22:29.913  6461  6566 D NetworkController: SignalStrength from intent slotId=1
07-10 01:22:30.640  5674  7726 D SemWifiUsabilityStatsMonitor: onWifiUsabilityStats - seqNum 21868, isSameBssidAndFreq true
07-10 01:22:30.643  6461  6461 D NetworkController.WifiSignalController: notifyListener: visible=true, connected=true, inetCondition=1, isDefault=true, wifiTestReported=true, receivedInetCondition=-1, hideDuringMobileSwitching=false
07-10 01:22:30.644  5674  6128 I SemWifiLinkQualityMonitor: Link Qos Query: 0.368 ms / 21.750 Mbps (87 / 0.000 / 4.000)
07-10 01:22:31.309 30967 31717 I ContactsProvider_EventLog: cp_s: [CONTACT con(158) dat(1091) acc({sim(3)=15, sec(6)=1, sim2(4)=1, google(2)=81, org.telegram.messenger(236)=100, com.whatsapp(14)=41}) calls([logtype:100 cnt:877, logtype:200 cnt:5, logtype:300 cnt:495, logtype:1000 cnt:632, logtype:1150 cnt:161]) Iso(RS) uId(0) ]
07-10 01:22:31.309 30967 31717 I ContactsProvider_EventLog: cp_s: [ agr({[2 ,2 ,14 ,236]=1, [2 ,14 ,236]=32, [3]=15, [14]=1, [4]=1, [2 ,14]=4, [2 ,2]=2, [2]=34, [6 ,14]=1, [2 ,236]=3, [236]=62, [2 ,236 ,14]=2}) ]
07-10 01:22:31.309 30967 31717 I ContactsProvider_EventLog: cp_s: [ cnt({acore(30967)=1}) ]
07-10 01:22:31.309 30967 31717 I ContactsProvider_EventLog: cp_s: [PROFILE con(1) dat(1) acc({vnd.sec.contact.phone=1}) ] [SAPROFILE ]
07-10 01:22:31.309 30967 31717 I ContactsProvider_EventLog: cp_s: [STATE R(T) ]
07-10 01:22:31.334  6461  6566 D NetworkController.WifiSignalController: notifyListener: visible=true, connected=true, inetCondition=1, isDefault=true, wifiTestReported=true, receivedInetCondition=-1, hideDuringMobileSwitching=false
07-10 01:22:31.349  6461  6566 D MobileSignalController(0/1): notifyListener: enabled=true, connected=true, dataConnected=false, networkType=LTE (4G), emergencyOnly=false, roaming=true, isDefault=false, dataActivity=, level=1, ca=false, mmWave=false, disabledDataIcon=false, simCard=ETC
07-10 01:22:31.351  6461  6566 D MobileSignalController(1/2): notifyListener: enabled=true, connected=true, dataConnected=false, networkType=LTE (4G), emergencyOnly=false, roaming=false, isDefault=false, dataActivity=, level=3, ca=false, mmWave=false, disabledDataIcon=false, simCard=ETC
07-10 01:22:31.404  6461  6566 D Tile.MobileDataTile: handleUpdateState : state true
07-10 01:22:31.425  6461  6566 I Tile.HotspotTile: handleUpdateState
07-10 01:22:31.427  6461  6461 I Tile.HotspotTile: onDataSaverChanged: false
07-10 01:22:31.430  6461  6461 I Tile.HotspotTile: onHotspotChanged: false
07-10 01:22:31.436  5674  9952 I SemWifiApTetheredClientInfo: getWifiApStaListDetail
07-10 01:22:31.438  6461  6461 D Tile.HotspotTile: updateItems
07-10 01:22:31.438  6461  6461 D Tile.HotspotTile:  updateConnectedDeviceList mConnectedDevices = []
07-10 01:22:31.447  6461  6566 I Tile.HotspotTile: handleUpdateState
07-10 01:22:31.448  6461  6566 I Tile.HotspotTile: handleUpdateState
07-10 01:22:31.450  6461  6566 I Tile.HotspotTile: handleUpdateState
07-10 01:22:31.459  6461  6566 D Tile.DndTile: handleUpdateState zen 1  state = BooleanState[spec=Dnd,icon=ResourceIcon[resId=0x7f0809c1],iconSupplier=null,label=Do not
07-10 01:22:31.459  6461  6566 D Tile.DndTile: disturb,secondaryLabel=null,contentDescription=null,stateDescription=null,dualLabelContentDescription=null,expandedAccessibilityClassName=null,disabledByPolicy=false,dualTarget=true,isTransient=false,state=2,slash="null",sideViewCustomDrawable=null,tileClassName=null,value=true,forceExpandIcon=false]
07-10 01:22:31.465  5674  6523 D SyncManager: userId - 0 auto - true
07-10 01:22:31.468  6461  6566 D Tile.SyncTile: hasUserRestriction: false
07-10 01:22:31.477  6461  6566 W Settings: Setting all_sound_off has moved from android.provider.Settings.System to android.provider.Settings.Global, returning read-only value.
07-10 01:22:31.492  6461  6566 D Tile.RotationLockTile:  handleUpdateState: true orientation = true
07-10 01:22:31.495  6461  6566 D Tile.RotationLockTile:  handleUpdateState: true orientation = true
07-10 01:22:31.499  6461  6566 D Tile.RotationLockTile:  handleUpdateState: true orientation = true
07-10 01:22:31.500  6461  6461 D Tile.BluetoothTile: onBluetoothStateChange = true
07-10 01:22:31.502  6461  6566 D NetworkController: IsPowerOffServiceState is false: 0
07-10 01:22:31.502  6461  6566 D Tile.AirplaneModeTile:  handleUpdateState: airplane mode is disabled : enter mSetting.getValue() == 0 mIsWiFiOnlyDevice false isNoSimState false !isPowerOffServiceState true
07-10 01:22:31.502  6461  6566 D Tile.AirplaneModeTile:  handleUpdateState:  value = false, state = 1
07-10 01:22:31.514  6461  6566 D Tile.BluetoothTile:  handleUpdateState enabled = true connected = false connecting = false changedState =false bluetoothState = 12 enabledChanging = false state = BooleanState[spec=Bluetooth,icon=ResourceIcon[resId=0x7f0809bd],iconSupplier=null,label=Bluetooth,secondaryLabel=null,contentDescription=Bluetooth,On,stateDescription=null,dualLabelContentDescription=Connected to Евгений's Watch5 Pro.,expandedAccessibilityClassName=null,disabledByPolicy=false,dualTarget=true,isTransient=false,state=2,slash="null",sideViewCustomDrawable=null,tileClassName=null,value=true,forceExpandIcon=false]
07-10 01:22:31.529  6461  6566 D Tile.BluetoothTile:  handleUpdateState enabled = true connected = false connecting = false changedState =false bluetoothState = 12 enabledChanging = false state = BooleanState[spec=Bluetooth,icon=ResourceIcon[resId=0x7f0809bd],iconSupplier=null,label=Bluetooth,secondaryLabel=null,contentDescription=Bluetooth,On,stateDescription=null,dualLabelContentDescription=Connected to Евгений's Watch5 Pro.,expandedAccessibilityClassName=null,disabledByPolicy=false,dualTarget=true,isTransient=false,state=2,slash="null",sideViewCustomDrawable=null,tileClassName=null,value=true,forceExpandIcon=false]
07-10 01:22:31.796  5325  5325 E sehhealth-service: Could not open /sys/class/power_supply/battery/lrp
07-10 01:22:32.249 15865 16587 W bt_stack: Unhandled vendor specific event of type 0x90
07-10 01:22:32.250 15865 16587 W bt_stack: Connection failed classic remote:xx:xx:xx:xx:b3:b1 reason:PAGE_TIMEOUT
07-10 01:22:32.264 15865 16649 W bt_l2cap: L2CAP - no CCB for L2CA_disc_req, CID: 115
07-10 01:22:32.271 16924 18133 W WearableConn: Failed to connect, error: read failed, socket might closed or timeout, read ret: -1
07-10 01:22:32.272 16924 18133 D BluetoothSocket: close() this: android.bluetooth.BluetoothSocket@e982c59, channel: -1, mSocketIS: android.net.LocalSocketImpl$SocketInputStream@a24301e, mSocketOS: android.net.LocalSocketImpl$SocketOutputStream@d45d0ff, mSocket: android.net.LocalSocket@a1decc impl:android.net.LocalSocketImpl@4963515 fd:java.io.FileDescriptor@b5f302a, mSocketState: INIT
07-10 01:22:32.273 15865 16679 E bt_btif_sock_rfcomm: find_rfc_slot_by_id unable to find RFCOMM slot id: 107
07-10 01:22:32.274 15865 16649 W btm_acl : Unable to find active acl
07-10 01:22:32.277 16924 18133 I WearableConn: Setting alarm for 256.0 seconds to retry connection
07-10 01:22:32.284 16924 18133 I AlarmManager: setExactAndAllowWhileIdle [name: WearableBluetooth type: 2 triggerAtMillis: 146705109]
07-10 01:22:32.313 15865 16182 D BluetoothUtils: getBtEnabledContainers(): btContainers = []
07-10 01:22:32.324  6461  6566 V BluetoothEventManager: onReceive :: android.bluetooth.device.action.NAME_CHANGED
07-10 01:22:32.324 15865 16182 D BluetoothUtils: getBtEnabledContainers(): btContainers = []
07-10 01:22:32.334  6461  6566 I BluetoothAdapter: STATE_ON
07-10 01:22:32.349  6461  6566 D CachedBluetoothDeviceManager: onDeviceNameUpdated :: skip same name update
07-10 01:22:32.349  6461  6566 V BluetoothEventManager: onReceive :: android.bluetooth.device.action.CLASS_CHANGED
07-10 01:22:32.354  6461  6566 V BluetoothEventManager: onReceive :: com.samsung.bluetooth.device.action.MANUFACTURER_CHANGED
07-10 01:22:33.109  5674  5886 I HqmInfo::HqmManagerService: MSG_TYPE:MSG_TYPE_PROCESS_LOG_BY_HQM
07-10 01:22:33.193  5674  6112 I ChimeraAggressivePolicyHandler: executePolicy() - triggerSource: TRIGGER_SOURCE_LMKD
07-10 01:22:33.195  5674  6112 I ChimeraAggressivePolicyHandler: available memory: 1229412, free memory target: 870400, quit chimera
07-10 01:22:33.675  5674  7726 D SemWifiUsabilityStatsMonitor: onWifiUsabilityStats - seqNum 21869, isSameBssidAndFreq true
07-10 01:22:33.676  5674  6128 I SemWifiLinkQualityMonitor: Link Qos Query: 0.414 ms / 19.333 Mbps (58 / 0.000 / 3.000)
07-10 01:22:33.776  5674  5674 D SemWifiP2pGoPowerSave: GopsReceiver : received : com.samsung.intent.action.CHECK_SIOP_LEVEL
07-10 01:22:33.777  5674  5674 I SemWifiP2pGoPowerSave: siop_level = 1
07-10 01:22:33.780 31802 32077 I SystemBroadcastReceiver: [#CMH#] onReceive completed :  0
07-10 01:22:33.781 31802 31802 I PolicyManager: [#CMH#] onReceive action = EVENT_SIOP
07-10 01:22:35.683  9837 10033 I SemDvfsHyPerManager: acquire hyper - SIOP_GPU_FREQ_MAX/9837@4, type = 536875010
07-10 01:22:35.686  5313  5394 I HYPER-HAL: [RequestManager.cpp]acquire(): Acquired ID : 48427565  [9837 / 4]    HINT :      list : [GPUMaxFreq / 949000]
07-10 01:22:35.688  9837 10033 I SemDvfsHyPerManager: acquire hyper - SIOP_ARM_MAX/9837@2, type = 301993986
07-10 01:22:35.689  5313  5394 I HYPER-HAL: [RequestManager.cpp]acquire(): Acquired ID : 48407882  [9837 / 2]    HINT :      list : [CPUMaxFreq / 2210000]
07-10 01:22:35.784 31802 32118 I PolicyManager: [#CMH#] Is foreground game app: false
07-10 01:22:35.850 31802 32118 I ControllerUtils: [#CMH#] StoryService:  9, isNonJustShotRunningPossible: false, isStopHeavyTask: true
07-10 01:22:35.906 31802 32118 I ControllerUtils: [#CMH#] IPService:  5, isNonJustShotRunningPossible: false, isStopHeavyTask: true
07-10 01:22:35.965 31802 32118 I ControllerUtils: [#CMH#] FaceService:  2, isNonJustShotRunningPossible: false, isStopHeavyTask: true
07-10 01:22:36.702  5674  7726 D SemWifiUsabilityStatsMonitor: onWifiUsabilityStats - seqNum 21870, isSameBssidAndFreq true
07-10 01:22:36.705  5674  6128 I SemWifiLinkQualityMonitor: Link Qos Query: 0.414 ms / 19.333 Mbps (58 / 0.000 / 3.000)
07-10 01:22:37.947  5674  9952 D PackageManager: setEnabledSetting : userId = 0 packageName = com.Slack cmp = androidx.work.impl.background.systemalarm.RescheduleReceiver newState = 1 callingPackage = 10329/com.Slack
07-10 01:22:37.948  5674  9952 D ApplicationPolicy: getApplicationStateEnabled : pkg = com.Slack userId : 0
07-10 01:22:37.949  5674  9952 D ApplicationPolicy: getApplicationComponentState : pkg = com.Slack userId : 0
07-10 01:22:37.973  5353  5543 V APM_AudioPolicyManager: setAppState(portId:1005, state:1)
07-10 01:22:37.974  5674  5745 W libprocessgroup: Failed to open /dev/blkio//cgroup.procs: No such file or directory
07-10 01:22:38.017 25156 25218 D ConnectivityManager: StackLog: [android.net.ConnectivityManager.sendRequestForNetwork(ConnectivityManager.java:4300)] [android.net.ConnectivityManager.registerDefaultNetworkCallbackForUid(ConnectivityManager.java:4864)] [android.net.ConnectivityManager.registerDefaultNetworkCallback(ConnectivityManager.java:4831)] [android.net.ConnectivityManager.registerDefaultNetworkCallback(ConnectivityManager.java:4805)] [androidx.work.impl.utils.NetworkApi24.registerDefaultNetworkCallbackCompat(Unknown Source:11)] [androidx.work.impl.constraints.trackers.NetworkStateTracker24.startTracking(Unknown Source:15)] [androidx.work.impl.constraints.controllers.ConstraintController.replace(Unknown Source:130)] [androidx.work.impl.constraints.WorkConstraintsTrackerImpl.replace(Unknown Source:41)] [androidx.work.impl.background.greedy.GreedyScheduler.schedule(Unknown Source:302)] [androidx.work.impl.Schedulers.schedule(Unknown Source:155)] [androidx.work.impl.utils.EnqueueRunnable.run(Unknown Source:53)] [androidx.work.Worker$2.run$androidx$work$impl$utils$SerialExecutorImpl$Task(Unknown Source:4)] [androidx.work.Worker$2.run(Unknown Source:868)] [java.util.concurrent.ThreadPoolExecutor.runWorker(ThreadPoolExecutor.java:1137)] [java.util.concurrent.ThreadPoolExecutor$Worker.run(ThreadPoolExecutor.java:637)] [java.lang.Thread.run(Thread.java:1012)]
07-10 01:22:38.020  5674  6523 D ConnectivityService: requestNetwork for uid/pid:10329/25156 activeRequest: null callbackRequest: 16695 [NetworkRequest [ REQUEST id=16696, [ Capabilities: INTERNET&NOT_RESTRICTED&TRUSTED&NOT_VCN_MANAGED Uid: 10329 RequestorUid: 10329 RequestorPkg: com.Slack UnderlyingNetworks: Null] ]] callback flags: 0 order: 2147483647
07-10 01:22:38.022  5674  6055 D ConnectivityService:    accepting network in place of null
07-10 01:22:38.028  5674  6045 D WifiNetworkFactory: got request NetworkRequest [ REQUEST id=16696, [ Capabilities: INTERNET&NOT_RESTRICTED&TRUSTED&NOT_VCN_MANAGED Uid: 10329 RequestorUid: 10329 RequestorPkg: com.Slack UnderlyingNetworks: Null] ]
07-10 01:22:38.029  5674  6045 D UntrustedWifiNetworkFactory: got request NetworkRequest [ REQUEST id=16696, [ Capabilities: INTERNET&NOT_RESTRICTED&TRUSTED&NOT_VCN_MANAGED Uid: 10329 RequestorUid: 10329 RequestorPkg: com.Slack UnderlyingNetworks: Null] ]
07-10 01:22:38.034  5674  6045 D OemPaidWifiNetworkFactory: got request NetworkRequest [ REQUEST id=16696, [ Capabilities: INTERNET&NOT_RESTRICTED&TRUSTED&NOT_VCN_MANAGED Uid: 10329 RequestorUid: 10329 RequestorPkg: com.Slack UnderlyingNetworks: Null] ]
07-10 01:22:38.035  5674  6045 D MultiInternetWifiNetworkFactory: got request NetworkRequest [ REQUEST id=16696, [ Capabilities: INTERNET&NOT_RESTRICTED&TRUSTED&NOT_VCN_MANAGED Uid: 10329 RequestorUid: 10329 RequestorPkg: com.Slack UnderlyingNetworks: Null] ]
07-10 01:22:38.042  5674  6055 D ConnectivityService: Rematched networks [computed 1ms] [applied 2ms] [issued 18]
07-10 01:22:38.042  5674  6055 D ConnectivityService: NetworkReassignment :
07-10 01:22:38.042  5674  6055 D ConnectivityService:   16696 : null → 118
07-10 01:22:38.053 25156 25156 D ConnectivityManager: StackLog: [android.net.ConnectivityManager.unregisterNetworkCallback(ConnectivityManager.java:4972)] [androidx.work.impl.utils.NetworkApi21.unregisterNetworkCallbackCompat(Unknown Source:11)] [androidx.work.impl.constraints.trackers.NetworkStateTracker24.stopTracking(Unknown Source:15)] [androidx.work.impl.constraints.trackers.ConstraintTracker.removeListener(Unknown Source:24)] [androidx.work.impl.constraints.controllers.ConstraintController.replace(Unknown Source:81)] [androidx.work.impl.constraints.WorkConstraintsTrackerImpl.replace(Unknown Source:41)] [androidx.work.impl.background.greedy.GreedyScheduler.onExecuted(Unknown Source:55)] [androidx.work.impl.Processor.onExecuted(Unknown Source:59)] [com.bugsnag.android.DeliveryDelegate$1.run(Unknown Source:212)]
07-10 01:22:38.055  5674  6055 D ConnectivityService:  Removing from current network [118 WIFI], leaving 155 requests.
07-10 01:22:38.063  5353  5543 V APM_AudioPolicyManager: setAppState(portId:1005, state:1)
07-10 01:22:38.068  5353  5543 V APM_AudioPolicyManager: setAppState(portId:1005, state:1)
07-10 01:22:39.746  5674  7726 D SemWifiUsabilityStatsMonitor: onWifiUsabilityStats - seqNum 21871, isSameBssidAndFreq true
07-10 01:22:39.750  5674  6128 I SemWifiLinkQualityMonitor: Link Qos Query: 0.414 ms / 19.333 Mbps (58 / 0.000 / 3.000)
07-10 01:22:39.750  6461  6461 D NetworkController.WifiSignalController: notifyListener: visible=true, connected=true, inetCondition=1, isDefault=true, wifiTestReported=true, receivedInetCondition=-1, hideDuringMobileSwitching=false
07-10 01:22:40.066  5674  7451 D OpenNetworkQos[4.00]: getOpenNetworkQosScores: 26 26 26
07-10 01:22:40.066  5674  7451 D OpenNetworkQos[4.00]: getOpenNetworkQosNoInternetStatus: false
07-10 01:22:40.067  5674  7451 I WifiProfileShare.Caster: current network type: 0, score: [26, 26, 26]
07-10 01:22:40.069  5674  7451 V WifiProfileShare.Cache: update network score 00:e4:06:**:**:90
07-10 01:22:40.071  5674  7451 I WifiProfileShare.Caster: qos data was updated , before:type:QOS, pBssid:51:2e:90, qosData:7c after:type:QOS, pBssid:51:2e:90, qosData:7c
07-10 01:22:40.074  5674  7451 I [MCFSDK_android_1.2.4010]_4_b: isNetworkEnabled - type : 1 ret : true
07-10 01:22:40.074  5674  7451 D WifiProfileShare.McfCast: -ME--- mIsNetworkEnabled :true
07-10 01:22:40.074  5674  7451 D WifiProfileShare.McfCast: updateQoSData ignored, same contents
07-10 01:22:40.074  5674  7451 D WifiProfileShare.MCF: success update QosData !
07-10 01:22:41.782  5262  5262 E audit   : type=1400 audit(1688944961.777:70006): avc:  denied  { getattr } for  pid=5674 comm="BinderProcsColl" path="/sys/kernel/debug/binder/proc/5674" dev="debugfs" ino=32119 scontext=u:r:system_server:s0 tcontext=u:object_r:sec_debugfs:s0 tclass=file permissive=0 SEPF_SM-A515F_13_0001 audit_filtered
07-10 01:22:41.782  5262  5262 E audit   : type=1300 audit(1688944961.777:70006): arch=c00000b7 syscall=79 success=no exit=-13 a0=ffffff9c a1=7ad2162b40 a2=79df9bd680 a3=0 items=0 ppid=5287 pid=5674 auid=4294967295 uid=1000 gid=1000 euid=1000 suid=1000 fsuid=1000 egid=1000 sgid=1000 fsgid=1000 tty=(none) ses=4294967295 comm="BinderProcsColl" exe="/system/bin/app_process64" subj=u:r:system_server:s0 key=(null)
07-10 01:22:41.782  5262  5262 E audit   : type=1327 audit(1688944961.777:70006): proctitle="system_server"
07-10 01:22:42.637  6461  6566 D MobileStatusTracker(1/2): onSignalStrengthsChanged level=3, vendorLevel=2
07-10 01:22:42.641  6461  6566 D MobileSignalController(1/2): notifyListener: enabled=true, connected=true, dataConnected=false, networkType=LTE (4G), emergencyOnly=false, roaming=false, isDefault=false, dataActivity=, level=2, ca=false, mmWave=false, disabledDataIcon=false, simCard=ETC
07-10 01:22:42.648  6461  6566 D NetworkController: SignalStrength from intent slotId=1
07-10 01:22:42.795  5674  7726 D SemWifiUsabilityStatsMonitor: onWifiUsabilityStats - seqNum 21872, isSameBssidAndFreq true
07-10 01:22:42.798  5674  6128 I SemWifiLinkQualityMonitor: Link Qos Query: 0.414 ms / 19.333 Mbps (58 / 0.000 / 3.000)
07-10 01:22:42.798  6461  6461 D NetworkController.WifiSignalController: notifyListener: visible=true, connected=true, inetCondition=1, isDefault=true, wifiTestReported=true, receivedInetCondition=-1, hideDuringMobileSwitching=false
07-10 01:22:45.713  9837 10033 I SemDvfsHyPerManager: acquire hyper - SIOP_ARM_MAX/9837@2, type = 301993986
07-10 01:22:45.714  5313  5394 I HYPER-HAL: [RequestManager.cpp]acquire(): Acquired ID : 48407882  [9837 / 2]    HINT :      list : [CPUMaxFreq / 2184000]
07-10 01:22:45.826  5674  7726 D SemWifiUsabilityStatsMonitor: onWifiUsabilityStats - seqNum 21873, isSameBssidAndFreq true
07-10 01:22:45.829  5674  6128 I SemWifiLinkQualityMonitor: Link Qos Query: 0.276 ms / 29.000 Mbps (58 / 0.000 / 2.000)
07-10 01:22:45.829  6461  6461 D NetworkController.WifiSignalController: notifyListener: visible=true, connected=true, inetCondition=1, isDefault=true, wifiTestReported=true, receivedInetCondition=-1, hideDuringMobileSwitching=false
07-10 01:22:48.866  5674  7726 D SemWifiUsabilityStatsMonitor: onWifiUsabilityStats - seqNum 21874, isSameBssidAndFreq true
07-10 01:22:48.868  5674  6128 I SemWifiLinkQualityMonitor: Link Qos Query: 0.138 ms / 58.000 Mbps (58 / 0.000 / 1.000)
07-10 01:22:51.923  5674  7726 D SemWifiUsabilityStatsMonitor: onWifiUsabilityStats - seqNum 21875, isSameBssidAndFreq true
07-10 01:22:51.928  5674  6128 I SemWifiLinkQualityMonitor: Link Qos Query: 0.138 ms / 58.000 Mbps (58 / 0.000 / 1.000)
07-10 01:22:51.929  6461  6461 D NetworkController.WifiSignalController: notifyListener: visible=true, connected=true, inetCondition=1, isDefault=true, wifiTestReported=true, receivedInetCondition=-1, hideDuringMobileSwitching=false
07-10 01:22:52.934  5306  5327 I SensorsHub: context 6 0 5 1,1,55,0,1,3, 146469760563650
07-10 01:22:52.941  5674  5859 D SensorHubManager: onGetSensorHubDataLocked: library(6) = 1, 1, 55, 0, 1, 3
07-10 01:22:52.954  5674  5860 D CAE     : onGetSensorHubData(SensorHubParserProvider.java:89) - onGetSensorHubData Event [event buffer len :6], AP_WAKEUP
07-10 01:22:52.955  5674  5860 I CAE     : parse(SensorHubParserProvider.java:190) - buffer size = 6
07-10 01:22:52.955  5674  5860 I CAE     : parse(SensorHubParserProvider.java:201) - 1, 1, 55, 0, 1, 3,
07-10 01:22:52.957  5674  5860 I CAE     : parse(SLocationRunner.java:88) - SLocationRunner parse start : 3
07-10 01:22:52.958  5674  5860 D CAE     : display(ContextProvider.java:375) - ================= SLOCATION_RUNNER =================
07-10 01:22:52.958  5674  5860 I CAE     : display(ContextProvider.java:391) - ExtraDataArray=[1, 1, 55, 0, 1, 3]
07-10 01:22:52.959  5674  5860 I CAE     : parse(SLocationRunner.java:96) - SLocationRunner parse end:6
07-10 01:22:52.959  5674  5857 D SemContextService: Service.updateContext() : service = SLocation Core
07-10 01:22:52.961  5674  5674 D SemContextManager: onSemContextChanged() : event = SLocation Core
07-10 01:22:52.961  5674  5674 D SLocation: SLocationCoreSem - SemContextChanged type = 47, packet received
07-10 01:22:52.963  5674  6793 I SLocation: SemContextParser -  parse start : 3
07-10 01:22:52.963  5674  6793 I SLocation: SemContextParser -  packet Length : 1packet total size : 6
07-10 01:22:52.966  5674  6793 I SLocation: SemContextParser - packet : [3]
07-10 01:22:52.966  5674  6793 D SLocation: GeofenceCoreManager - received Extra Data from core, len : 1
07-10 01:22:52.967  5674  6793 D SLocation: CommonCoreManager - received Extra Data from core, len : 1
07-10 01:22:52.967  5674  6793 D SLocation: PositionManager - last location time exceed threshold 322676 / 30000
07-10 01:22:52.969  5674  6793 D SLocation: GeopointGeofenceManager - getLastLocation is abnromal!
07-10 01:22:52.969  5674  6793 D SLocation: LocationProviderStatus - try to update provider status (GPS/NLP)
07-10 01:22:52.971  5674  6793 D SLocation: LocationProviderStatus - set isGpsOn : true, isNlpOn : true
07-10 01:22:52.971  5674  6793 D SLocation: LocationProviderStatus - gps & nlp status not changed
07-10 01:22:52.971  5674  6793 D SLocation: SContentManager - IsNetworkAvailable = true
07-10 01:22:52.971  5674  6793 D SLocation: PositionManager - requestLocationUpdates(1) : NETWORK_PROVIDER
07-10 01:22:52.972  5674  6793 D SLocation: NLPManager - requestUpdate - NLP
07-10 01:22:52.987  5674  6793 D LocationManagerService: network provider added registration from 1000/android[SLocationService]/4FF31C5B -> Request[@0 BALANCED, WorkSource{1000 android}]
07-10 01:22:53.045  7284  7370 I RequestManager_FLP: request from system, change packageName from system to system(slocation)
07-10 01:22:53.046  7284  7370 E RequestManager_FLP: [LocationManager] Location request 4FF31C5B(Listener) network interval=0ms (min=0ms) from system(slocation) (1000_FINE_unknown_false_foreground)
07-10 01:22:53.081  7284  7305 W location.nsflp2: Reducing the number of considered missed Gc histogram windows from 262 to 100
07-10 01:22:53.111 16924 17836 W SystemServiceRegistry: No service published for: wifirtt
07-10 01:22:53.198 22079 22079 I wpa_supplicant: nl80211: Drv Event 33 (NL80211_CMD_TRIGGER_SCAN) received for wlan0
07-10 01:22:53.200 22079 22079 I wpa_supplicant: wlan0: nl80211: Scan trigger
07-10 01:22:53.247  6877  7137 I PhoneStateTracker<1>: onCellInfoChanged: xxxxx
07-10 01:22:53.258  6877  7137 I ImsCallSessionManager: onCellInfoChanged, phoneId: 1
07-10 01:22:53.259  6877  7137 I RegiMgr-Handler: handleMessage: EVENT_CELL_INFO_CHANGED
07-10 01:22:53.278  6877  7137 I RegiMgr<1>: updatePani RegisterTask[1][mProfile=Telenor Serbia IMS, mRegistrationRat=13, mPdnType=11, mState=REGISTERED, mObject=UserAgent - :
07-10 01:22:53.278  6877  7137 I RegiMgr<1>:  total records=846
07-10 01:22:53.278  6877  7137 I RegiMgr<1>:  rec[0]: time=07-10 00:55:29.927 processed=ReadyState org=RegisteredState dest=<null> what=34(0x22)
07-10 01:22:53.278  6877  7137 I RegiMgr<1>:  rec[1]: time=07-10 00:55:29.928 processed=RegisteredState org=RegisteredState dest=<null> what=2000(0x7d0)
07-10 01:22:53.278  6877  7137 I RegiMgr<1>:  rec[2]: time=07-10 01:00:56.196 processed=ReadyState org=RegisteredState dest=<null> what=34(0x22)
07-10 01:22:53.278  6877  7137 I RegiMgr<1>:  rec[3]: time=07-10 01:00:56.213 processed=RegisteredState org=RegisteredState dest=<null> what=2000(0x7d0)
07-10 01:22:53.278  6877  7137 I RegiMgr<1>:  rec[4]: time=07-10 01:00:59.244 processed=ReadyState org=RegisteredState dest=<null> what=34(0x22)
07-10 01:22:53.278  6877  7137 I RegiMgr<1>:  rec[5]: time=07-10 01:00:59.245 processed=RegisteredState org=RegisteredState dest=<null> what=2000(0x7d0)
07-10 01:22:53.278  6877  7137 I RegiMgr<1>:  rec[6]: time=07-10 01:04:36.984 processed=ReadyState org=RegisteredState dest=<null> what=34(0x22)
07-10 01:22:53.278  6877  7137 I RegiMgr<1>:  rec[7]: time=07-10 01:04:36.998 processed=RegisteredState org=RegisteredState dest=<null> what=2000(0x7d0)
07-10 01:22:53.278  6877  7137 I RegiMgr<1>:  rec[8]: time=07-10 01:06:25.436 processed=ReadyState org=RegisteredState dest=<null> what=34(0x22)
07-10 01:22:53.278  6877  7137 I RegiMgr<1>:  rec[9]: time=07-10 01:06:25.437 processed=RegisteredState org=RegisteredState dest=<null> what=2000(0x7d0)
07-10 01:22:53.278  6877  7137 I RegiMgr<1>:  rec[10]: time=07-10 01:06:28.521 processed=ReadyState org=RegisteredState dest=<null> what=34(0x22)
07-10 01:22:53.278  6877  7137 I RegiMgr<1>:  rec[11]: time=07-10 01:06:28.522 processed=RegisteredState org=RegisteredState dest=<null> what=2000(0x7d0)
07-10 01:22:53.278  6877  7137 I RegiMgr<1>:  rec[12]: time=07-10 01:11:54.913 processed=ReadyState org=RegisteredState dest=<null> what=34(0x22)
07-10 01:22:53.278  6877  7137 I RegiMgr<1>:  rec[13]: time=07-10 01:11:54.933 processed=RegisteredState org=RegisteredState dest=<null> what=2000(0x7d0)
07-10 01:22:53.278  6877  7137 I RegiMgr<1>:  rec[14]: time=07-10 01:11:57.896 processed=ReadyState org=RegisteredState dest=<null> what=34(0x22)
07-10 01:22:53.278  6877  7137 I RegiMgr<1>:  rec[15]: time=07-10 01:11:57.898 processed=RegisteredState org=RegisteredState dest=<null> what=2000(0x7d0)
07-10 01:22:53.278  6877  7137 I RegiMgr<1>:  rec[16]: time=07-10 01:17:23.929 processed=ReadyState org=RegisteredState dest=<null> what=34(0x22)
07-10 01:22:53.278  6877  7137 I RegiMgr<1>:  rec[17]: time=07-10 01:17:23.948 processed=RegisteredState org=RegisteredState dest=<null> what=2000(0x7d0)
07-10 01:22:53.278  6877  7137 I RegiMgr<1>:  rec[18]: time=07-10 01:17:27.177 processed=ReadyState org=RegisteredState dest=<null> what=34(0x22)
07-10 01:22:53.278  6877  7137 I RegiMgr<1>:  rec[19]: time=07-10 01:17:27.179 processed=RegisteredState org=RegisteredState dest=<null> what=2000(0x7d0)
07-10 01:22:53.278  6877  7137 I RegiMgr<1>: curState=RegisteredState
07-10 01:22:53.278  6877  7137 I RegiMgr<1>: , mReason=, mPcscfHostname=null, mDeregiReason=41]
07-10 01:22:53.284  6877  7137 I PaniGenerator<1>: generate: subId=2, network=13
07-10 01:22:53.285  6877  7137 I PaniGenerator<1>: generate: network=13, fallbackPlmn=22001
07-10 01:22:53.285  6877  7137 I PdnController<1>: getAllCellInfo mNeedCellLocationUpdate : false
07-10 01:22:53.286  6877  7137 I PaniGenerator: generate: change to NW PLMN(22001)
07-10 01:22:53.287  6877  7137 I PaniGenerator: setLkcForLastPani: No Last PANI header for Telenor Serbia IMS
07-10 01:22:53.287  6877  7137 I UserAgent<1>: updatePani: pani=3GPP-E-UTRAN-FDD;utran-cell-id-3gpp=220012b73017a51f, updatePani: lastPani=
07-10 01:22:53.289  6877  7320 I StackIF : updatePani: 15 pani: [3GPP-E-UTRAN-FDD;utran-cell-id-3gpp=220012b73017a51f]
07-10 01:22:53.293  6877  7137 I RegiMgr<1>: tryRegister:
07-10 01:22:53.294  6877  7137 I RegiMgr<0>: RegisterTask(s): Megafon VoLTE (IDLE)
07-10 01:22:53.295  6877  7137 I RegiMgr<1>: RegisterTask(s): Telenor Serbia IMS (REGISTERED, rat = 13, service = [mmtel-video, smsip, mmtel]), Global GC RCS (IDLE)
07-10 01:22:53.295  6877  7137 I RcsPolicyMgr<1>: pendingRcsRegister: mActiveDataPhoneId = 1
07-10 01:22:53.295  6877  7137 I RcsPolicyMgr<1>: pendingRcsRegister: mActiveDataPhoneId = 1
07-10 01:22:53.295  6877  7137 I RegisterTask: isSuspended: mSuspended(false) mSuspendByIrat(false)
07-10 01:22:53.295  6877  7137 I RegiMgr<1>: [Global GC RCS|IDLE] checkForTryRegister id: 1003
07-10 01:22:53.295  6877  7320 I SECIMSJ : [1529]> 140
07-10 01:22:53.295  6877  7137 I RegiMgr : isPdnConnected: false, PdnType: 1
07-10 01:22:53.298  6877  7137 I PdnController: getDefaultNetworkBearer:  WIFI
07-10 01:22:53.302  6877  7137 I PdnController: isWifiConnected: [type: WIFI[], state: CONNECTED/CONNECTED, reason: (unspecified), extra: , failover: false, available: true, roaming: false]
07-10 01:22:53.302  6877  7137 I RegiMgr-Utils<1>: findBestNetwork: WIFI needWifiNetwork = true
07-10 01:22:53.306  6877  7137 I RegiGvnBase<1>: isReadyToDualRegister : true
07-10 01:22:53.311  6877  7137 I RegiMgr<1>: [Global GC RCS|IDLE] checkInitialRegistrationIsReady: APM ON [false], Roamimg [false]
07-10 01:22:53.311  6877  7137 I RcsPolicyMgr<1>: pendingRcsRegister: mActiveDataPhoneId = 1
07-10 01:22:53.311  6877  7137 I ImsProfile: isRttSupportByCallApp : false ttyType : 1
07-10 01:22:53.311  6877  7137 I RegiMgr-Utils<1>: getPriorityRegiedTask : isPriority  High? true
07-10 01:22:53.316  6877  7137 I RegiGvnBase: checkRegiStatus: getState()=IDLE mIsUpdateRegistering=false
07-10 01:22:53.316  6877  7137 I RegiMgr<1>: getTelephonyCallStatus:
07-10 01:22:53.318  6877  7330 I [IMS6.0]: IMS_onResponse()
07-10 01:22:53.322  6877  7137 I ConfigProvider: query uri:xxxxx
07-10 01:22:53.329  6877  7330 I StackIF : processMessage 2
07-10 01:22:53.329  6877  7330 I StackIF : Processing Response
07-10 01:22:53.330  6877  7330 I SECIMSJ : [1529]< 600
07-10 01:22:53.330  6877  7330 I StackIF : processResponse: reqId 600
07-10 01:22:53.330  6877  7330 I StackIF : processResponse: handle 15 result 0 reason 0
07-10 01:22:53.334  6877  7137 I ConfigProvider: queryStorage path content://com.samsung.rcs.autoconfigurationprovider/parameter/version#simslot1
07-10 01:22:53.348  6877  7137 E GlobalSettingsRepoBase: globalgcsettings No matched key : dual_rcs_policy
07-10 01:22:53.351  6877  7137 I ImsServiceSwitchEur[1]:  isRcsEnabled: true mDefaultSms true mUpsmEnabled false mEmergencyEnabled false
07-10 01:22:53.356  6877  7137 I ConfigTrigger<1>: isWaitAutoConfig:
07-10 01:22:53.356  6877  7137 E GlobalSettingsRepoBase: globalgcsettings No matched key : dual_rcs_policy
07-10 01:22:53.359  6877  7137 I ImsServiceSwitchEur[1]:  isRcsEnabled: true mDefaultSms true mUpsmEnabled false mEmergencyEnabled false
07-10 01:22:53.359  6877  7137 I RegiMgr-Utils: selectPdnType: rat=18pdn=1
07-10 01:22:53.359  6877  7137 I RegiMgr<1>: getServiceForNetwork: network 18
07-10 01:22:53.359  6877  7137 I RegiMgr<1>: getServiceForNetwork: service {options, chatbot-communication, ft_http, im, euc, gls}
07-10 01:22:53.371  6877  7137 I ConfigTrigger<1>: isValidAcsVersion:
07-10 01:22:53.372  6877  7137 E GlobalSettingsRepoBase: globalgcsettings No matched key : dual_rcs_policy
07-10 01:22:53.373  5674  6213 D NetdEventListenerService: DNS Requested by : 118, 10226
07-10 01:22:53.375  6877  7137 I ConfigProvider: query uri:xxxxx
07-10 01:22:53.384 16924 23191 D TrafficStats: tagSocket(93) with statsTag=0x34000609, statsUid=10226
07-10 01:22:53.398  6877  7137 I ConfigProvider: queryStorage path content://com.samsung.rcs.autoconfigurationprovider/parameter/version#simslot1
07-10 01:22:53.400  5674  9952 D SecContentProvider2: query(), uri = 18 selection = isRCSEnabled
07-10 01:22:53.404  5674  9952 I PhoneRestrictionPolicy: isRCSEnabledInternal(), showMsg: false, columnName: enableRCS
07-10 01:22:53.407  5674  9952 E PhoneRestrictionPolicy: getEmergencyCall >>false
07-10 01:22:53.409  5674  9952 I PhoneRestrictionPolicy: isRCSEnabledInternal(), showMsg: false, columnName: enableRCSForSimSlot1
07-10 01:22:53.410  5674  9952 E PhoneRestrictionPolicy: getEmergencyCall >>false
07-10 01:22:53.413  6877  7137 I ConfigTrigger<1>: RCS switch: true, version: 0, isRcsAcsCompleted: true
07-10 01:22:53.413  6877  7137 I ConfigTrigger<1>: version is improper : 0
07-10 01:22:53.415  6877  7137 I RegiGvnBase: isVideoCallEnabled: Enable
07-10 01:22:53.415  6877  7137 I RegiMgr<1>: getServiceForNetwork: filtered service []
07-10 01:22:53.415  6877  7137 I RegiMgr<1>: Global GC RCS: no ims service for current rat18
07-10 01:22:53.417  6877  7137 I PdnController: slot[1]: stopPdnConnectivity: network 1, callback is null
07-10 01:22:53.418  6877  7137 E PdnController<1>: requestStopNetwork: callback not found
07-10 01:22:53.419  6877  7137 E #IMSCR  : 07-10 01:22:53 0x1101000B:1,FILTERED ALL:1
07-10 01:22:53.419  6877  7137 I PdnController: handleMessage: what 107
07-10 01:22:53.419  6877  7137 I PdnController: slot[1]: requestStopNetwork: network 1, callback is null
07-10 01:22:53.473  6877  6903 I .sec.imsservice: Background concurrent copying GC freed 112610(6638KB) AllocSpace objects, 12(240KB) LOS objects, 49% free, 7038KB/13MB, paused 367us,341us total 105.907ms
07-10 01:22:53.473  6877  6903 W .sec.imsservice: Reducing the number of considered missed Gc histogram windows from 110 to 100
07-10 01:22:53.479 16924 23191 W Conscrypt: Could not set socket write timeout: java.net.SocketException: Socket closed
07-10 01:22:53.482 16924 23191 W Conscrypt: 	at com.google.android.gms.org.conscrypt.Platform.setSocketWriteTimeout(:com.google.android.gms@232414044@23.24.14 (190400-544099984):2)
07-10 01:22:53.482 16924 23191 W Conscrypt: 	at com.google.android.gms.org.conscrypt.ConscryptFileDescriptorSocket.setSoWriteTimeout(:com.google.android.gms@232414044@23.24.14 (190400-544099984):0)
07-10 01:22:53.520 16924 23191 W Conscrypt: Could not set socket write timeout: java.net.SocketException: Socket closed
07-10 01:22:53.520 16924 23191 W Conscrypt: 	at com.google.android.gms.org.conscrypt.Platform.setSocketWriteTimeout(:com.google.android.gms@232414044@23.24.14 (190400-544099984):2)
07-10 01:22:53.521 16924 23191 W Conscrypt: 	at com.google.android.gms.org.conscrypt.ConscryptFileDescriptorSocket.setSoWriteTimeout(:com.google.android.gms@232414044@23.24.14 (190400-544099984):0)
07-10 01:22:53.761 11611 11645 D Benchmark: THERMAL THROTTLE DETECTED, SLEEPING FOR 90 SECONDS
07-10 01:22:54.999  5674  7726 D SemWifiUsabilityStatsMonitor: onWifiUsabilityStats - seqNum 21876, isSameBssidAndFreq true
07-10 01:22:55.004  6461  6461 D NetworkController.WifiSignalController: notifyListener: visible=true, connected=true, inetCondition=1, isDefault=true, wifiTestReported=true, receivedInetCondition=-1, hideDuringMobileSwitching=false
07-10 01:22:55.008  5674  6128 I SemWifiLinkQualityMonitor: Link Qos Query: 0.065 ms / 123.158 Mbps (195 / 0.000 / 1.583)
07-10 01:22:55.739  9837 10033 I SemDvfsHyPerManager: acquire hyper - SIOP_GPU_FREQ_MAX/9837@4, type = 536875010
07-10 01:22:55.740  5313  5394 I HYPER-HAL: [RequestManager.cpp]acquire(): Acquired ID : 48427565  [9837 / 4]    HINT :      list : [GPUMaxFreq / 839000]
07-10 01:22:55.741  9837 10033 I SemDvfsHyPerManager: acquire hyper - SIOP_ARM_MAX/9837@2, type = 301993986
07-10 01:22:55.743  5313  5394 I HYPER-HAL: [RequestManager.cpp]acquire(): Acquired ID : 48407882  [9837 / 2]    HINT :      list : [CPUMaxFreq / 2080000]
07-10 01:22:55.978  5674  7126 D WifiNl80211Manager: Scan result ready event
07-10 01:22:55.985  5674  7126 D WifiNative: Scan result ready event
07-10 01:22:55.992 22079 22079 I wpa_supplicant: nl80211: Drv Event 34 (NL80211_CMD_NEW_SCAN_RESULTS) received for wlan0
07-10 01:22:55.995 22079 22079 I wpa_supplicant: wlan0: nl80211: New scan results available
07-10 01:22:55.996 22079 22079 I wpa_supplicant: nl80211: Scan probed for SSID ''
07-10 01:22:55.998  6576 22194 D IpClient/wlan0: interfaceLinkStateChanged: ifindex 11 up
07-10 01:22:56.003 22079 22079 I wpa_supplicant: nl80211: Scan included frequencies: 2412 2417 2422 2427 2432 2437 2442 2447 2452 2457 2462 2467 2472 5180 5200 5220 5240 5260 5280 5300 5320 5745 5765 5785 5805 5825
07-10 01:22:56.068  5674  6115 D SemWifiScanPool: countryCode: RS, count: 10, totalSamples: 12, rate: 83.333336%
07-10 01:22:56.068  5674  6115 V SemWifiScanPool: updateScanResult, full scan:15 configKeys: 13 pool_bssid:28 pool_configKeys:20
07-10 01:22:56.069  5674  6115 D WifiConnectivityMonitor: onScanResultUpdated
07-10 01:22:56.070  5674  6115 D WifiConnectivityMonitor: mMaxScannedCountryCode : RS
07-10 01:22:56.189  5674  9851 V LocationManagerService: network provider registration 10234/com.google.android.as/403464A0 dropped delivery - too close
07-10 01:22:56.190  7284  7370 I NlpMonitor_FLP: monitorNlp, package=system(slocation)/ interval=0
07-10 01:22:56.192  5674  9851 V LocationManagerService: passive provider registration 1000/android[SensorNotificationService]/3DC7BFCB dropped delivery - too close
07-10 01:22:56.192  5674  9851 V LocationManagerService: passive provider registration 5023/com.samsung.android.networkdiagnostic/4FDF9C6D dropped delivery - too close
07-10 01:22:56.211  5674  6793 D SLocation: PositionManager - ActiveonLocationChanged network 1688944975976
07-10 01:22:56.212  5674  6793 D SLocation: PositionManager - onLocationChanged - filter passive location because it same active location
07-10 01:22:56.213  5674  6793 D SLocation: ARDistanceBigData - BIGDATA ARD - receive location
07-10 01:22:56.213  5674  6793 D SLocation: ARDistanceBigData - BIGDATA ARD - end log 73, 146473046___BIGDATA ARD - end log 74, 146473046___BIGDATA ARD - end log 75, 146473046___BIGDATA ARD - end log 76, 146473046___BIGDATA ARD - end log 77, 146473046___BIGDATA ARD - end log 78, 146473046___BIGDATA ARD - end log 79, 146473046___BIGDATA ARD - end log 80, 146473046___BIGDATA ARD - end log 81, 146473046___BIGDATA ARD - end log 82, 146473046___BIGDATA ARD - end log 83, 146473046___
07-10 01:22:56.213  5674  6793 D SLocation: ARDistanceBigData - BIGDATA ARD - unique id 84
07-10 01:22:56.213  5674  6793 D SLocation: GeopointGeofenceManager - Location reported : fix method = 2 / 17.034
07-10 01:22:56.214  5674  6793 D SLocation: NLPManager - removeUpdates - NLP
07-10 01:22:56.215  5674  6793 D LocationManagerService: network provider removed registration from 1000/android[SLocationService]/4FF31C5B
07-10 01:22:56.216  5674  6793 W Settings: Setting airplane_mode_on has moved from android.provider.Settings.System to android.provider.Settings.Global, returning read-only value.
07-10 01:22:56.216  7284  7370 E RequestManager_FLP: [LocationManager] Location remove 4FF31C5B from system
07-10 01:22:56.217  7284  7370 I LocationRequestData_FLP: Remove in requestInfoList, 4FF31C5B / ListSize[network]=1
07-10 01:22:56.221  5674  6793 D SLocation: SLocationCoreSem - send to coreSem, packet length : 23 / [2, 26, 183, 29, 113, 12, 49, 248, 240, 0, 0, 0, 17, 2, 0, 0, 1, 137, 60, 247, 32, 104, 0]
07-10 01:22:56.222  5674  6793 D SemContextLocationCoreAttribute: setAttribute() mode : 0 action : 23
07-10 01:22:56.223  5674  6793 D SemContextService: lock : changeParameters
07-10 01:22:56.223  5674  6793 D SemContext.CaeProvider.LocationCoreImpl: setAttribute() mode : 0 action : 23
07-10 01:22:56.226  5674  6793 W CAE     : setCAProperty(ContextAwareService.java:513) - [setProperty 01] Mutex is locked for SLOCATION_RUNNER
07-10 01:22:56.226  5674  6793 I CAE     : setPropertyValue(SLocationRunner.java:116) - SLocationRunner setProperty header : 2, len : 23
07-10 01:22:56.226  5674  6793 I CAE     : sendCmdToSensorHub(SensorHubCommManager.java:156) - -63, 23, 55, 2, 26, -73, 29, 113, 12, 49, -8, -16, 0, 0, 0, 17, 2, 0, 0, 1, -119, 60, -9, 32, 104, 0,
07-10 01:22:56.231  5674  5862 D SensorService: setSContextDataLocked ints length 8 , byte length 26
07-10 01:22:56.231  5674  5862 D SensorService: setSContextDataLocked 23717c1
07-10 01:22:56.236 16924 17836 W SystemServiceRegistry: No service published for: wifirtt
07-10 01:22:56.240  5306  5306 I SensorsHub: SContextSensor::injecet_sensor_data
07-10 01:22:56.241  5306  5306 D SensorsHub: c1 17 37 02 1a b7 1d 71 0c 31 f8 f0 00 00 00 11
07-10 01:22:56.241  5306  5306 D SensorsHub: 02 00 00 01 89 3c f7 20 68 00
07-10 01:22:56.241  5306  5306 D SensorsHub: inject_scontext_data: New ssp_data_injection_fd(28)
07-10 01:22:56.241  5306  5306 D SensorsHub: SContext Data Injection return 26
07-10 01:22:56.242  5306  5327 I SensorsHub: context 10 0 9 1,1,55,0,5,2,2,0,0,0, 146473075105879
07-10 01:22:56.243  5674  5859 D SensorHubManager: onGetSensorHubDataLocked: library(10) = 1, 1, 55, 0, 5, 2, 2, 0, 0, 0
07-10 01:22:56.244  5674  6793 W CAE     : setCAProperty(ContextAwareService.java:519) - [setProperty 02] Mutex is unlocked for SLOCATION_RUNNER
07-10 01:22:56.244  5674  5860 D CAE     : onGetSensorHubData(SensorHubParserProvider.java:89) - onGetSensorHubData Event [event buffer len :10], AP_WAKEUP
07-10 01:22:56.244  5674  6793 D SemContextService: unlock : changeParameters
07-10 01:22:56.244  5674  6793 D SemContextManager:   .changeParameters : listener = com.samsung.android.location.semcontext.a@459a70d, service=SLocation Core
07-10 01:22:56.244  5674  5860 I CAE     : parse(SensorHubParserProvider.java:190) - buffer size = 10
07-10 01:22:56.245  5674  5860 I CAE     : parse(SensorHubParserProvider.java:201) - 1, 1, 55, 0, 5, 2, 2, 0, 0, 0,
07-10 01:22:56.245  5674  6793 D SLocation: ARDistanceLibManager - request distance diff to AR Distance Library
07-10 01:22:56.245  5674  6793 D SLocation: SLocationCoreSem - send to coreSem, packet length : 1 / [34]
07-10 01:22:56.245  5674  6793 D SemContextLocationCoreAttribute: setAttribute() mode : 0 action : 23
07-10 01:22:56.246  5674  6793 D SemContextService: lock : changeParameters
07-10 01:22:56.246  5674  6793 D SemContext.CaeProvider.LocationCoreImpl: setAttribute() mode : 0 action : 23
07-10 01:22:56.246  5674  5860 I CAE     : parse(SLocationRunner.java:88) - SLocationRunner parse start : 3
07-10 01:22:56.246  5674  6793 W CAE     : setCAProperty(ContextAwareService.java:513) - [setProperty 01] Mutex is locked for SLOCATION_RUNNER
07-10 01:22:56.247  5674  6793 I CAE     : setPropertyValue(SLocationRunner.java:116) - SLocationRunner setProperty header : 34, len : 1
07-10 01:22:56.247  5674  6793 I CAE     : sendCmdToSensorHub(SensorHubCommManager.java:156) - -63, 23, 55, 34,
07-10 01:22:56.248  5674  5860 D CAE     : display(ContextProvider.java:375) - ================= SLOCATION_RUNNER =================
07-10 01:22:56.248  5674  5862 D SensorService: setSContextDataLocked ints length 2 , byte length 4
07-10 01:22:56.248  5674  5862 D SensorService: setSContextDataLocked 223717c1
07-10 01:22:56.248  5306  5306 I SensorsHub: SContextSensor::injecet_sensor_data
