07-10 01:14:57.339 25319 25366 V dalvik-internals: hooked signal using trap ()
07-10 01:14:57.340 25319 25366 V dalvik-internals: hooked sigaction using trap ()
07-10 01:14:57.340 25319 25366 I dalvik-internals: integrateWithCrashLog crashlog: /data/user/0/com.instagram.android/crash_log, insta_crashlog: /data/user/0/com.instagram.android/insta_crash_log
07-10 01:14:57.340 25319 25366 I dalvik-internals: installed sigmux crash handler for crash log
07-10 01:14:57.401  5674  5745 W libprocessgroup: Failed to open /dev/blkio//cgroup.procs: No such file or directory
07-10 01:14:57.407 25320 25412 I FA      : App measurement initialized, version: 80006
07-10 01:14:57.407 25320 25412 I FA      : To enable debug logging run: adb shell setprop log.tag.FA VERBOSE
07-10 01:14:57.407 25320 25412 I FA      : To enable faster debug mode event logging run:
07-10 01:14:57.407 25320 25412 I FA      :   adb shell setprop debug.firebase.analytics.app com.reddit.frontpage
07-10 01:14:57.411 29789 29789 D BoundBrokerSvc: onBind: Intent { act=com.google.android.gms.auth.api.identity.service.signin.START dat=chimera-action:/... cmp=com.google.android.gms/.chimera.GmsApiService }
07-10 01:14:57.411 29789 29789 D BoundBrokerSvc: Loading bound service for intent: Intent { act=com.google.android.gms.auth.api.identity.service.signin.START dat=chimera-action:/... cmp=com.google.android.gms/.chimera.GmsApiService }
07-10 01:14:57.421 25319 25386 D MobileBoostJNI: Memory locked: 42913792, mlock2: 0
07-10 01:14:57.421 25319 25386 D MobileBoostJNI: Memory locked: 42934272, mlock2: 0
07-10 01:14:57.421 25319 25386 D MobileBoostJNI: Failed to lock memory at 0x7b1d9fd000, errno: 12, mlock2: 0
07-10 01:14:57.421 25319 25386 D MobileBoostJNI: Memory locked: 42938368, mlock2: 0
07-10 01:14:57.421 25319 25386 D MobileBoostJNI: Memory locked: 42942464, mlock2: 0
07-10 01:14:57.421 25319 25386 D MobileBoostJNI: Locking complete. Total MB currently locked: 42.942463
07-10 01:14:57.425 25319 25386 W Fixie   : Initialize IG_NEED_INIT on thread: SIMPLE_WORKER5
07-10 01:14:57.425 25319 25386 W Fixie   : Initialize ProcessStatePolling
07-10 01:14:57.425 25319 25386 W Fixie   : Initialize ActivityManagerProtector
07-10 01:14:57.427 25319 25386 W Fixie   : Initialize ActivityThreadProtector
07-10 01:14:57.427 25319 25386 W Fixie   : Initialize BadNotificationDebugger
07-10 01:14:57.427 25319 25386 W Fixie   : Initialize ContentProviderFixer
07-10 01:14:57.427 25319 25386 W Fixie   : Initialize GcOptimizerFixer
07-10 01:14:57.427 25319 25386 W Fixie   : Initialize LimitNativeStackSizeFixer
07-10 01:14:57.427 25319 25386 W Fixie   : Initialize MemoryRedFixer
07-10 01:14:57.429 25319 25386 W Fixie   : Initialize TransactionTooLargeDebugger
07-10 01:14:57.429 25319 25386 W Fixie   : Initialize ForegroundServiceDebugger
07-10 01:14:57.429 25319 25386 W Fixie   : Initialize InstagramStartupOptimizer
07-10 01:14:57.449 29789 29789 D BoundBrokerSvc: onBind: Intent { act=com.google.android.gms.measurement.START pkg=com.google.android.gms }
07-10 01:14:57.449 29789 29789 D BoundBrokerSvc: Loading bound service for intent: Intent { act=com.google.android.gms.measurement.START pkg=com.google.android.gms }
07-10 01:14:57.449 25319 25386 W Fixie   : Initialize PackageInfoCache
07-10 01:14:57.449 25319 25386 W Fixie   : Initialize ApplicationThreadHook
07-10 01:14:57.449 25319 25386 W Fixie   : Initialize MainThreadIpcMonitor
07-10 01:14:57.449 25319 25386 W Fixie   : Initialize AppCoordinator
07-10 01:14:57.452 25320 25412 I FA      : Tag Manager is not found and thus will not be used
07-10 01:14:57.499  4613  4613 W keymaster_tee: [WRN]begin req PARAMS: A32 B32 P1
07-10 01:14:57.558 25319 25386 W Fixie   : Initialize IG_NEED_INIT_POST_QE on thread: SIMPLE_WORKER5
07-10 01:14:57.558 25319 25386 W Fixie   : Initialize SharedPrefsANRFixer
07-10 01:14:57.565 25319 25319 W proxy_service: Should proxy traffic: false (country_check)
07-10 01:14:57.567 25319 25385 W IGHttpEngineSupplier: No modification made to CONNECTION_POOL_MAX_IDLE_CONNECTIONS for UrlConnectionHttpStack. Not accessible on Android 10+.
07-10 01:14:57.576 25320 25320 W eddit.frontpage: Long monitor contention with owner DefaultDispatcher-worker-3 (25411) at java.lang.Object vw.d.getValue()(ResettableSynchronizedLazy.kt:29) waiters=0 in java.lang.Object vw.d.getValue() for 222ms
07-10 01:14:57.579 25320 25320 D CompatibilityChangeReporter: Compat change id reported: 160794467; UID 10220; state: ENABLED
07-10 01:14:57.580 25319 25385 W stagram.android: JNI RegisterNativeMethods: attempt to register 0 native methods for com.facebook.msys.mci.EventLoggingData
07-10 01:14:57.589  5674  5694 D PackageManager: setEnabledSetting : userId = 0 packageName = com.instagram.android cmp = com.instagram.share.handleractivity.ReelShareHandlerActivityMultiMediaWithNewIconAlias newState = 2 callingPackage = 10126/com.instagram.android
07-10 01:14:57.592  5674  9957 D PackageManager: setEnabledSetting : userId = 0 packageName = com.instagram.android cmp = com.instagram.share.handleractivity.ReelShareHandlerActivityMultiMediaAlias newState = 1 callingPackage = 10126/com.instagram.android
07-10 01:14:57.593  5674  9957 D ApplicationPolicy: getApplicationStateEnabled : pkg = com.instagram.android userId : 0
07-10 01:14:57.594  5674  9957 D ApplicationPolicy: getApplicationComponentState : pkg = com.instagram.android userId : 0
07-10 01:14:57.597  5674  5694 D PackageManager: setEnabledSetting : userId = 0 packageName = com.instagram.android cmp = com.instagram.share.handleractivity.ReelShareHandlerActivityNewIconAlias newState = 2 callingPackage = 10126/com.instagram.android
07-10 01:14:57.599  5674  5694 D PackageManager: setEnabledSetting : userId = 0 packageName = com.instagram.android cmp = com.instagram.share.handleractivity.ReelShareHandlerActivity newState = 2 callingPackage = 10126/com.instagram.android
07-10 01:14:57.601  5674  5694 D PackageManager: setEnabledSetting : userId = 0 packageName = com.instagram.android cmp = com.instagram.share.handleractivity.ShareHandlerActivity newState = 1 callingPackage = 10126/com.instagram.android
07-10 01:14:57.602  5674  5694 D ApplicationPolicy: getApplicationStateEnabled : pkg = com.instagram.android userId : 0
07-10 01:14:57.603  5674  5694 D ApplicationPolicy: getApplicationComponentState : pkg = com.instagram.android userId : 0
07-10 01:14:57.604  5674  5694 D PackageManager: setEnabledSetting : userId = 0 packageName = com.instagram.android cmp = com.instagram.share.handleractivity.ShareHandlerActivityMultipleFeedAlias newState = 2 callingPackage = 10126/com.instagram.android
07-10 01:14:57.625  5674  6055 D ConnectivityService: reportNetworkActive, notify 0 listeners
07-10 01:14:57.628 16924 19021 I FontLog : (REDACTED) Received query %s, URI %s
07-10 01:14:57.629 16924 19021 I FontLog : (REDACTED) Query [%s] resolved to %s
07-10 01:14:57.635 25319 25319 W FrscLanguagePackLoader: Loading FRSC strings for locale (en_GB)
07-10 01:14:57.637  5674  6213 D NetdEventListenerService: DNS Requested by : 118, 10126
07-10 01:14:57.639 25319 25319 D CACHE_HINTS: Entering madvise file
07-10 01:14:57.640 25319 25485 W FrscLanguagePackLoader: FRSC English strings buffer size - (limit : 730166, capacity : 730166)
07-10 01:14:57.640 25319 25319 D CACHE_HINTS: MADVISE_RAND file 0x7acc6ec000 8347647 /data/data/com.instagram.android/app_restricks/layouts.bin
07-10 01:14:57.642  5674  6213 D NetdEventListenerService: DNS Requested by : 118, 10126
07-10 01:14:57.643  4613  4613 W keymaster_tee: [WRN]begin req PARAMS: A32 B32 P1
07-10 01:14:57.643 16924 19021 I FontLog : (REDACTED) Fetch %s end status %s
07-10 01:14:57.654 16924 24032 I FontLog : (REDACTED) Pulling font file for id = %d, cache size = %d
07-10 01:14:57.673 16924 24032 I FontLog : (REDACTED) Pulling font file for id = %d, cache size = %d
07-10 01:14:57.689  4613  4613 W keymaster_tee: [WRN]begin req PARAMS: A32 B32 P1
07-10 01:14:57.715 25320 25467 E eddit.frontpage: Invalid ID 0x00000000.
07-10 01:14:57.745 25320 25320 W WM-WorkSpec: Interval duration lesser than minimum allowed value; Changed to 900000
07-10 01:14:57.749 25319 25446 W IgSharedPreferences: getAll was used, which can cause ConcurrentModificationExceptions
07-10 01:14:57.749 25319 25446 W IgSharedPreferences: java.lang.Throwable
07-10 01:14:57.749 25319 25446 W IgSharedPreferences: 	at X.0fl.getAll(:9)
07-10 01:14:57.749 25319 25446 W IgSharedPreferences: 	at X.1po.run(:4)
07-10 01:14:57.749 25319 25446 W IgSharedPreferences: 	at X.0ol.run(:7)
07-10 01:14:57.749 25319 25446 W IgSharedPreferences: 	at java.util.concurrent.ThreadPoolExecutor.runWorker(ThreadPoolExecutor.java:1137)
07-10 01:14:57.749 25319 25446 W IgSharedPreferences: 	at java.util.concurrent.ThreadPoolExecutor$Worker.run(ThreadPoolExecutor.java:637)
07-10 01:14:57.749 25319 25446 W IgSharedPreferences: 	at java.lang.Thread.run(Thread.java:1012)
07-10 01:14:57.749 25319 25446 W IgSharedPreferences: 	at X.0in.run(:5)
07-10 01:14:57.749  5674  9952 D PackageManager: setEnabledSetting : userId = 0 packageName = com.reddit.frontpage cmp = androidx.work.impl.background.systemjob.SystemJobService newState = 1 callingPackage = 10220/com.reddit.frontpage
07-10 01:14:57.750  5674  9952 D ApplicationPolicy: getApplicationStateEnabled : pkg = com.reddit.frontpage userId : 0
07-10 01:14:57.751  5674  9952 D ApplicationPolicy: getApplicationComponentState : pkg = com.reddit.frontpage userId : 0
07-10 01:14:57.754 25319 25381 W RageShakeDialogProviderImpl: onUserSessionStart start
07-10 01:14:57.754 25319 25381 W RageShakeSensorHelper: initInstance Initialized | rageShakeEnabled=true | shakeForceThreshold=18.042845
07-10 01:14:57.763  5674  9952 D PackageManager: setEnabledSetting : userId = 0 packageName = com.instagram.android cmp = com.instagram.fbpay.w3c.ipc.IsReadyToPayServiceImpl newState = 1 callingPackage = 10126/com.instagram.android
07-10 01:14:57.764  5674  9952 D ApplicationPolicy: getApplicationStateEnabled : pkg = com.instagram.android userId : 0
07-10 01:14:57.765  5674  9952 D ApplicationPolicy: getApplicationComponentState : pkg = com.instagram.android userId : 0
07-10 01:14:57.771  5674  9957 D PackageManager: setEnabledSetting : userId = 0 packageName = com.instagram.android cmp = com.instagram.fbpay.w3c.ipc.FBPaymentServiceImpl newState = 1 callingPackage = 10126/com.instagram.android
07-10 01:14:57.771  5674  9957 D ApplicationPolicy: getApplicationStateEnabled : pkg = com.instagram.android userId : 0
07-10 01:14:57.772  5674  9957 D ApplicationPolicy: getApplicationComponentState : pkg = com.instagram.android userId : 0
07-10 01:14:57.774  5674  9952 D PackageManager: setEnabledSetting : userId = 0 packageName = com.instagram.android cmp = com.instagram.fbpay.w3c.views.PaymentActivity newState = 1 callingPackage = 10126/com.instagram.android
07-10 01:14:57.775  5674  9952 D ApplicationPolicy: getApplicationStateEnabled : pkg = com.instagram.android userId : 0
07-10 01:14:57.776  5674  9952 D ApplicationPolicy: getApplicationComponentState : pkg = com.instagram.android userId : 0
07-10 01:14:57.779 25319 25418 E nightwatch-target: /proc/zoneinfo open: errno=13
07-10 01:14:57.779 25319 25418 E nightwatch-target: sysmeminfo parse failed
07-10 01:14:57.779  5262  5262 E audit   : type=1400 audit(1688944497.777:69934): avc:  denied  { read } for  pid=25319 comm="Lacrima_startup" name="zoneinfo" dev="proc" ino=4026531860 scontext=u:r:untrusted_app:s0:c126,c256,c512,c768 tcontext=u:object_r:proc_zoneinfo:s0 tclass=file permissive=0 SEPF_SM-A515F_13_0001 audit_filtered
07-10 01:14:57.779  5262  5262 E audit   : type=1300 audit(1688944497.777:69934): arch=c00000b7 syscall=56 success=no exit=-13 a0=ffffff9c a1=7b037afc16 a2=0 a3=0 items=0 ppid=5287 pid=25319 auid=4294967295 uid=10126 gid=10126 euid=10126 suid=10126 fsuid=10126 egid=10126 sgid=10126 fsgid=10126 tty=(none) ses=4294967295 comm="Lacrima_startup" exe="/system/bin/app_process64" subj=u:r:untrusted_app:s0:c126,c256,c512,c768 key=(null)
07-10 01:14:57.780  5262  5262 E audit   : type=1327 audit(1688944497.777:69934): proctitle="com.instagram.android"
07-10 01:14:57.785  5674  9957 D PackageManager: setEnabledSetting : userId = 0 packageName = com.instagram.android cmp = com.instagram.direct.share.handler.DirectShareHandlerActivity newState = 2 callingPackage = 10126/com.instagram.android
07-10 01:14:57.789  5674  9957 D PackageManager: setEnabledSetting : userId = 0 packageName = com.instagram.android cmp = com.instagram.direct.share.handler.DirectShareHandlerActivityInterop newState = 1 callingPackage = 10126/com.instagram.android
07-10 01:14:57.790  5674  9957 D ApplicationPolicy: getApplicationStateEnabled : pkg = com.instagram.android userId : 0
07-10 01:14:57.791  5674  9957 D ApplicationPolicy: getApplicationComponentState : pkg = com.instagram.android userId : 0
07-10 01:14:57.793 25320 25320 I Choreographer: Skipped 34 frames!  The application may be doing too much work on its main thread.
07-10 01:14:57.798  5262  5262 E audit   : type=1400 audit(1688944497.797:69935): avc:  granted  { execute } for  pid=25319 comm="pool-15-thread-" path="/data/data/com.instagram.android/lib-compressed/libxplat_timeinappcore_timeinappcore-nonnativesqliteAndroid.so" dev="sda32" ino=1009802 scontext=u:r:untrusted_app:s0:c126,c256,c512,c768 tcontext=u:object_r:app_data_file:s0:c126,c256,c512,c768 tclass=file SEPF_SM-A515F_13_0001 audit_filtered
07-10 01:14:57.801  5674  9957 D PackageManager: setEnabledSetting : userId = 0 packageName = com.instagram.android cmp = com.instagram.direct.share.handler.DirectExternalMediaShareActivityPhoto newState = 2 callingPackage = 10126/com.instagram.android
07-10 01:14:57.805  5674  9950 D PackageManager: setEnabledSetting : userId = 0 packageName = com.instagram.android cmp = com.instagram.direct.share.handler.DirectExternalMediaShareActivityPhotoInterop newState = 1 callingPackage = 10126/com.instagram.android
07-10 01:14:57.805 25319 25386 W Fixie   : Initialize IG_NEED_INIT_POST_FEED on thread: SIMPLE_WORKER5
07-10 01:14:57.805 25319 25386 W Fixie   : No fixes for IG_NEED_INIT_POST_FEED
07-10 01:14:57.805  5674  9950 D ApplicationPolicy: getApplicationStateEnabled : pkg = com.instagram.android userId : 0
07-10 01:14:57.807  5674  9950 D ApplicationPolicy: getApplicationComponentState : pkg = com.instagram.android userId : 0
07-10 01:14:57.811  5674  9950 D PackageManager: setEnabledSetting : userId = 0 packageName = com.instagram.android cmp = com.instagram.direct.share.handler.DirectExternalMediaShareActivityVideo newState = 2 callingPackage = 10126/com.instagram.android
07-10 01:14:57.813  5674  9952 D PackageManager: setEnabledSetting : userId = 0 packageName = com.instagram.android cmp = com.instagram.direct.share.handler.DirectExternalMediaShareActivityVideoInterop newState = 1 callingPackage = 10126/com.instagram.android
07-10 01:14:57.814  5674  9952 D ApplicationPolicy: getApplicationStateEnabled : pkg = com.instagram.android userId : 0
07-10 01:14:57.814  5674  9952 D ApplicationPolicy: getApplicationComponentState : pkg = com.instagram.android userId : 0
07-10 01:14:57.816  5674  9952 D PackageManager: setEnabledSetting : userId = 0 packageName = com.instagram.android cmp = com.instagram.direct.share.handler.DirectMultipleExternalMediaShareActivity newState = 2 callingPackage = 10126/com.instagram.android
07-10 01:14:57.819  5674  9952 D PackageManager: setEnabledSetting : userId = 0 packageName = com.instagram.android cmp = com.instagram.direct.share.handler.DirectMultipleExternalMediaShareActivityInterop newState = 2 callingPackage = 10126/com.instagram.android
07-10 01:14:57.835 25319 25319 W IgZoneModule: IG Policy Zone is disabled. No-op Zone is setup
07-10 01:14:57.845 25319 25517 W AudioCapabilities: Unsupported mime audio/x-ima
07-10 01:14:57.846 25319 25517 W AudioCapabilities: Unsupported mime audio/mpeg-L1
07-10 01:14:57.846 25319 25517 W AudioCapabilities: Unsupported mime audio/mpeg-L2
07-10 01:14:57.846 25319 25517 W VideoCapabilities: Unsupported mime video/mp43
07-10 01:14:57.848 25319 25319 W proxy_service: Initialize proxy service.
07-10 01:14:57.848 25319 25319 W proxy_service: User not in allowed region.
07-10 01:14:57.849 25319 25545 W FileBasedMultiProcessTracker: <default>: Initializing FileBasedMultiProcessTracking using /data/user/0/com.instagram.android/app_multiprocess_tracking
07-10 01:14:57.849 25319 25545 W FileBasedMultiProcessTracker: <default>: Creating file to track 25319
07-10 01:14:57.849 25319 25517 W VideoCapabilities: Unsupported mime video/wvc1
07-10 01:14:57.849 25319 25517 W VideoCapabilities: Unsupported mime video/x-ms-wmv
07-10 01:14:57.849 25319 25517 W AudioCapabilities: Unsupported mime audio/x-ms-wma
07-10 01:14:57.849 25319 25517 W VideoCapabilities: Unsupported mime video/x-ms-wmv7
07-10 01:14:57.849 25319 25517 W VideoCapabilities: Unsupported mime video/x-ms-wmv8
07-10 01:14:57.855  5674  9952 D PackageManager: setEnabledSetting : userId = 0 packageName = com.instagram.android cmp = com.instagram.direct.appwidget.DirectWidgetProvider newState = 2 callingPackage = 10126/com.instagram.android
07-10 01:14:57.858 25319 25545 W FileBasedMultiProcessTracker: <default>: FileBasedMultiProcessTracker ready!
07-10 01:14:57.860 25319 25517 W VideoCapabilities: Unrecognized profile/level 32768/256 for video/mp4v-es
07-10 01:14:57.862 25320 25525 D CompatibilityChangeReporter: Compat change id reported: 194532703; UID 10220; state: ENABLED
07-10 01:14:57.863 25319 25319 I Choreographer: Skipped 45 frames!  The application may be doing too much work on its main thread.
07-10 01:14:57.889 25319 25547 W FileBasedMultiProcessTracker: <default>: Observed removed PID: 20901
07-10 01:14:57.916  5674  5674 I SemDvfsHyPerManager: acquire hyper - LISTVIEW_SCROLL/5674@20, type = -999
07-10 01:14:57.918  5313  5394 I HYPER-HAL: [RequestManager.cpp]acquire(): Acquired ID : 16213685  [5674 / 20]    HINT : LISTVIEW_SCROLL    list :
07-10 01:14:57.925 25319 25319 D CompatibilityChangeReporter: Compat change id reported: 147600208; UID 10126; state: ENABLED
07-10 01:14:57.980  5674  5694 D PackageManager: setEnabledSetting : userId = 0 packageName = com.instagram.android cmp = com.instagram.push.FbnsInitBroadcastReceiver newState = 1 callingPackage = 10126/com.instagram.android
07-10 01:14:57.981  5674  5694 D ApplicationPolicy: getApplicationStateEnabled : pkg = com.instagram.android userId : 0
07-10 01:14:57.982  5674  5694 D ApplicationPolicy: getApplicationComponentState : pkg = com.instagram.android userId : 0
07-10 01:14:57.996 25319 25552 D CompatibilityChangeReporter: Compat change id reported: 160794467; UID 10126; state: ENABLED
07-10 01:14:58.016  5674  9952 D PackageManager: setEnabledSetting : userId = 0 packageName = com.instagram.android cmp = com.instagram.push.FbnsInitBroadcastReceiver newState = 1 callingPackage = 10126/com.instagram.android
07-10 01:14:58.016  5674  9952 D ApplicationPolicy: getApplicationStateEnabled : pkg = com.instagram.android userId : 0
07-10 01:14:58.017  5674  9952 D ApplicationPolicy: getApplicationComponentState : pkg = com.instagram.android userId : 0
07-10 01:14:58.017  5287  5287 D Zygote  : Forked child process 25553
07-10 01:14:58.059 25553 25553 I cebook.services: Using CollectorTypeCC GC.
07-10 01:14:58.061 25320 25525 D ConnectivityManager: StackLog: [android.net.ConnectivityManager.sendRequestForNetwork(ConnectivityManager.java:4300)] [android.net.ConnectivityManager.registerDefaultNetworkCallbackForUid(ConnectivityManager.java:4864)] [android.net.ConnectivityManager.registerDefaultNetworkCallback(ConnectivityManager.java:4831)] [android.net.ConnectivityManager.registerDefaultNetworkCallback(ConnectivityManager.java:4805)] [g7.l.a(NetworkApi24.kt:11)] [d7.k.d(NetworkStateTracker.kt:18)] [c7.c.d(ConstraintController.kt:155)] [b7.d.d(WorkConstraintsTracker.kt:41)] [y6.c.c(GreedyScheduler.java:361)] [androidx.work.impl.q.a(Schedulers.java:156)] [androidx.work.impl.utils.ForceStopRunnable.a(ForceStopRunnable.java:522)] [androidx.work.impl.utils.ForceStopRunnable.run(ForceStopRunnable.java:29)] [g7.p$a.run(SerialExecutorImpl.java:3)] [java.util.concurrent.ThreadPoolExecutor.runWorker(ThreadPoolExecutor.java:1137)] [java.util.concurrent.ThreadPoolExecutor$Worker.run(ThreadPoolExecutor.java:637)] [java.lang.Thread.run(Thread.java:1012)]
07-10 01:14:58.064  5674  9952 D ConnectivityService: requestNetwork for uid/pid:10220/25320 activeRequest: null callbackRequest: 16656 [NetworkRequest [ REQUEST id=16657, [ Capabilities: INTERNET&NOT_RESTRICTED&TRUSTED&NOT_VCN_MANAGED Uid: 10220 RequestorUid: 10220 RequestorPkg: com.reddit.frontpage UnderlyingNetworks: Null] ]] callback flags: 0 order: 2147483647
07-10 01:14:58.065  5674  6055 D ConnectivityService:    accepting network in place of null
07-10 01:14:58.066 25553 25553 E cebook.services: Not starting debugger since process cannot load the jdwp agent.
07-10 01:14:58.073  5674  6045 D WifiNetworkFactory: got request NetworkRequest [ REQUEST id=16657, [ Capabilities: INTERNET&NOT_RESTRICTED&TRUSTED&NOT_VCN_MANAGED Uid: 10220 RequestorUid: 10220 RequestorPkg: com.reddit.frontpage UnderlyingNetworks: Null] ]
07-10 01:14:58.074  5674  6045 D UntrustedWifiNetworkFactory: got request NetworkRequest [ REQUEST id=16657, [ Capabilities: INTERNET&NOT_RESTRICTED&TRUSTED&NOT_VCN_MANAGED Uid: 10220 RequestorUid: 10220 RequestorPkg: com.reddit.frontpage UnderlyingNetworks: Null] ]
07-10 01:14:58.075  5674  6045 D OemPaidWifiNetworkFactory: got request NetworkRequest [ REQUEST id=16657, [ Capabilities: INTERNET&NOT_RESTRICTED&TRUSTED&NOT_VCN_MANAGED Uid: 10220 RequestorUid: 10220 RequestorPkg: com.reddit.frontpage UnderlyingNetworks: Null] ]
07-10 01:14:58.079  5674  5745 W libprocessgroup: Failed to open /dev/blkio//cgroup.procs: No such file or directory
07-10 01:14:58.079  5287  5287 D Zygote  : Forked child process 25568
07-10 01:14:58.081  5353  6075 V APM_AudioPolicyManager: setAppState(portId:1005, state:1)
07-10 01:14:58.081  5674  5745 W libprocessgroup: Failed to open /dev/blkio//cgroup.procs: No such file or directory
07-10 01:14:58.082  5674  6045 D MultiInternetWifiNetworkFactory: got request NetworkRequest [ REQUEST id=16657, [ Capabilities: INTERNET&NOT_RESTRICTED&TRUSTED&NOT_VCN_MANAGED Uid: 10220 RequestorUid: 10220 RequestorPkg: com.reddit.frontpage UnderlyingNetworks: Null] ]
07-10 01:14:58.091  5674  6055 D ConnectivityService: Rematched networks [computed 0ms] [applied 2ms] [issued 15]
07-10 01:14:58.091  5674  6055 D ConnectivityService: NetworkReassignment :
07-10 01:14:58.091  5674  6055 D ConnectivityService:   16657 : null → 118
07-10 01:14:58.097 25553 25553 W libc    : Access denied finding property "sys.perf.boostopt"
07-10 01:14:58.098 25553 25571 W libc    : Access denied finding property "sys.perf.boostopt"
07-10 01:14:58.099 25553 25553 D ActivityThread: setConscryptValidator
07-10 01:14:58.099 25319 25386 E PendingMediaStoreSerializer: deserialize start
07-10 01:14:58.100 25553 25553 D ActivityThread: setConscryptValidator - put
07-10 01:14:58.100 25319 25386 E PendingMediaStoreSerializer: start reading pending media
07-10 01:14:58.101 25319 25386 E PendingMediaStoreSerializer: Set the submedia on albums
07-10 01:14:58.101 25319 25386 E PendingMediaStoreSerializer: Set the submedia on post threads
07-10 01:14:58.101 25319 25386 E PendingMediaStoreSerializer: deserialize is done. start calling callbacks
07-10 01:14:58.101 25319 25386 E PendingMediaStoreSerializer: deserialize end
07-10 01:14:58.101 25319 25319 E PendingMediaStoreSerializer: wait for deserialization lock
07-10 01:14:58.101 25319 25319 E PendingMediaStoreSerializer: calling callbacks
07-10 01:14:58.118  5353  6075 V APM_AudioPolicyManager: setAppState(portId:1005, state:1)
07-10 01:14:58.121  5353  5543 V APM_AudioPolicyManager: setAppState(portId:1005, state:1)
07-10 01:14:58.123  5674  5745 W libprocessgroup: Failed to open /dev/blkio//cgroup.procs: No such file or directory
07-10 01:14:58.123  5353  5543 V APM_AudioPolicyManager: setAppState(portId:1005, state:1)
07-10 01:14:58.125  5674  5745 W libprocessgroup: Failed to open /dev/blkio//cgroup.procs: No such file or directory
07-10 01:14:58.127 25568 25568 I ung.android.scs: Using CollectorTypeCC GC.
07-10 01:14:58.130 25553 25571 W libc    : Access denied finding property "sys.perf.boostopt"
07-10 01:14:58.135 25568 25568 E ung.android.scs: Not starting debugger since process cannot load the jdwp agent.
07-10 01:14:58.138 25553 25553 D CompatibilityChangeReporter: Compat change id reported: 171979766; UID 10076; state: ENABLED
07-10 01:14:58.142 25568 25568 W libc    : Access denied finding property "sys.perf.boostopt"
07-10 01:14:58.143 25568 25588 W libc    : Access denied finding property "sys.perf.boostopt"
07-10 01:14:58.144 25568 25568 D ActivityThread: setConscryptValidator
07-10 01:14:58.145 25568 25568 D ActivityThread: setConscryptValidator - put
07-10 01:14:58.155  5353  5543 V APM_AudioPolicyManager: setAppState(portId:1005, state:1)
07-10 01:14:58.157 25568 25588 W libc    : Access denied finding property "sys.perf.boostopt"
07-10 01:14:58.158 25568 25568 D CompatibilityChangeReporter: Compat change id reported: 171979766; UID 10380; state: ENABLED
07-10 01:14:58.158  5674  5694 D PackageManager: setEnabledSetting : userId = 0 packageName = com.reddit.frontpage cmp = androidx.work.impl.background.systemalarm.RescheduleReceiver newState = 1 callingPackage = 10220/com.reddit.frontpage
07-10 01:14:58.159  5674  5694 D ApplicationPolicy: getApplicationStateEnabled : pkg = com.reddit.frontpage userId : 0
07-10 01:14:58.160  5674  5694 D ApplicationPolicy: getApplicationComponentState : pkg = com.reddit.frontpage userId : 0
07-10 01:14:58.224 25553 25553 D nativeloader: Configuring classloader-namespace-shared for other apk /system/priv-app/FBServices/FBServices.apk. target_sdk_version=31, uses_libraries=, library_path=/system/priv-app/FBServices/lib/arm64:/system/lib64:/system/system_ext/lib64, permitted_path=/data:/mnt/expand:/data/user/0/com.facebook.services:/system/priv-app/FBServices:/system/lib64:/system/system_ext/lib64
07-10 01:14:58.224 25319 25386 W Fixie   : Initialize IG_POST_APP_START on thread: SIMPLE_WORKER5
07-10 01:14:58.225 25319 25386 W Fixie   : Initialize MediaSessionANRFixer
07-10 01:14:58.225 25319 25386 W Fixie   : Initialize LicmCrashFixer
07-10 01:14:58.225 25319 25386 W Fixie   : Initialize BrowserLiteCookieManagerFixer
07-10 01:14:58.243  5674  9952 D PackageManager: setEnabledSetting : userId = 0 packageName = com.reddit.frontpage cmp = androidx.work.impl.background.systemalarm.RescheduleReceiver newState = 1 callingPackage = 10220/com.reddit.frontpage
07-10 01:14:58.244  5674  9952 D ApplicationPolicy: getApplicationStateEnabled : pkg = com.reddit.frontpage userId : 0
07-10 01:14:58.245  5674  9952 D ApplicationPolicy: getApplicationComponentState : pkg = com.reddit.frontpage userId : 0
07-10 01:14:58.264 25568 25568 I SCS@AiSearch user 0: (SearchProvider) [main] entering in onCreate():
07-10 01:14:58.264 25568 25597 I SCS@AiSearch user 0: (AiSearch user 0) [Thread-3] entering in init():  Logger initialization. Path: /data/user/0/com.samsung.android.scs/files/aisearch/log/
07-10 01:14:58.265 25553 25553 V GraphicsEnvironment: ANGLE Developer option for 'com.facebook.services' set to: 'default'
07-10 01:14:58.266 25568 25568 I SCS@AiSearch user 0: (SearchApplication) [main] entering in init():
07-10 01:14:58.267 25553 25553 V GraphicsEnvironment: ANGLE GameManagerService for com.facebook.services: false
07-10 01:14:58.267 25553 25553 V GraphicsEnvironment: Neither updatable production driver nor prerelease driver is supported.
07-10 01:14:58.272 25568 25568 I SCS@AiSearch user 0: (SearchApplication) checkIsUpdated(): sIsUpdate = false
07-10 01:14:58.280 25553 25553 D NetworkSecurityConfig: Using Network Security Config from resource fb_network_security_config debugBuild: false
07-10 01:14:58.285  5674  9950 D PackageManager: setEnabledSetting : userId = 0 packageName = com.samsung.android.scs cmp = androidx.work.impl.background.systemjob.SystemJobService newState = 1 callingPackage = 10380/com.samsung.android.scs
07-10 01:14:58.288  5674  9950 D ApplicationPolicy: getApplicationStateEnabled : pkg = com.samsung.android.scs userId : 0
07-10 01:14:58.288  5674  9950 D ApplicationPolicy: getApplicationComponentState : pkg = com.samsung.android.scs userId : 0
07-10 01:14:58.297 25568 25568 I SCS@AiSearch user 0: (SearchApplication) [main] leaving from init():
07-10 01:14:58.297 25568 25568 I SCS@AiSearch user 0: (SearchProvider) [main] leaving from onCreate():
07-10 01:14:58.298 25568 25606 I SCS@AiSearch user 0: (ConfigManager) [pool-3-thread-1] entering in loadConfig():
07-10 01:14:58.303  5674  6213 D NetdEventListenerService: DNS Requested by : 118, 10126
07-10 01:14:58.316 25568 25568 I ServiceApplication: process:com.samsung.android.scs version:2.1.00.36 flavor:full
07-10 01:14:58.316 25568 25568 I SCS@AiSearch user 0: (SearchApplication) [main] entering in init():
07-10 01:14:58.338  5674  5694 D PackageManager: setEnabledSetting : userId = 0 packageName = com.reddit.frontpage cmp = androidx.work.impl.background.systemalarm.RescheduleReceiver newState = 1 callingPackage = 10220/com.reddit.frontpage
07-10 01:14:58.339  5674  5694 D ApplicationPolicy: getApplicationStateEnabled : pkg = com.reddit.frontpage userId : 0
07-10 01:14:58.340 25568 25606 I SCS@AiSearch user 0: (ConfigManager) Updating App Enable for com.sec.android.app.myfiles, Status: EnabledStatus{mEnabled=true, mDisabledReason=null, mExtra=null}
07-10 01:14:58.340  5674  5694 D ApplicationPolicy: getApplicationComponentState : pkg = com.reddit.frontpage userId : 0
07-10 01:14:58.341 25568 25606 I SCS@AiSearch user 0: (ConfigManager) Updating App Enable for com.samsung.android.app.reminder, Status: EnabledStatus{mEnabled=true, mDisabledReason=null, mExtra=null}
07-10 01:14:58.350 25568 25606 I SCS@AiSearch user 0: (ConfigManager) Updating App Enable for com.samsung.android.calendar.synctasks, Status: EnabledStatus{mEnabled=true, mDisabledReason=null, mExtra=null}
07-10 01:14:58.367 25568 25568 I SCS@AiSearch user 0: (SearchProvider) onTrimMemory(): 5
07-10 01:14:58.369 25568 25606 I SCS@AiSearch user 0: (ConfigManager) Updating App Enable for logs.call, Status: EnabledStatus{mEnabled=true, mDisabledReason=null, mExtra=null}
07-10 01:14:58.369 25568 25606 I SCS@AiSearch user 0: (ConfigManager) Updating App Enable for com.samsung.android.apps, Status: EnabledStatus{mEnabled=true, mDisabledReason=null, mExtra=null}
07-10 01:14:58.372 25568 25606 I SCS@AiSearch user 0: (ConfigManager) Updating App Enable for com.samsung.android.calendar, Status: EnabledStatus{mEnabled=true, mDisabledReason=null, mExtra=null}
07-10 01:14:58.376 25568 25611 I DIAGMON_SDK[605029][4N4-399-535399] : generated SR object
07-10 01:14:58.377 25568 25606 I SCS@AiSearch user 0: (ConfigManager) Updating App Enable for com.samsung.android.contacts, Status: EnabledStatus{mEnabled=true, mDisabledReason=null, mExtra=null}
07-10 01:14:58.380 25553 25553 D NetworkSecurityConfig: Using Network Security Config from resource fb_network_security_config debugBuild: false
07-10 01:14:58.383 25568 25606 I SCS@AiSearch user 0: (ConfigManager) isAppEnabled(): FloatingFeature :V519, com.google.android.providers.media enabled :true
07-10 01:14:58.384 25568 25606 I SCS@AiSearch user 0: (ConfigManager) Updating App Enable for com.google.android.providers.media, Status: EnabledStatus{mEnabled=true, mDisabledReason=null, mExtra=null}
07-10 01:14:58.384 25568 25606 I SCS@AiSearch user 0: (ConfigManager) Updating App Enable for analogy, Status: EnabledStatus{mEnabled=true, mDisabledReason=null, mExtra=null}
07-10 01:14:58.385 25568 25606 I SCS@AiSearch user 0: (ConfigManager) Updating App Enable for synonym, Status: EnabledStatus{mEnabled=true, mDisabledReason=null, mExtra=null}
07-10 01:14:58.388 31135 31452 I A       : (REDACTED) #onAudioData: %s bytes, getAudioReadSize %s
07-10 01:14:58.406 25568 25606 I SCS@AiSearch user 0: (ConfigManager) Updating App Enable for com.samsung.android.scs.documents, Status: EnabledStatus{mEnabled=true, mDisabledReason=null, mExtra=null}
07-10 01:14:58.407 25568 25606 I SCS@AiSearch user 0: (ConfigManager) Updating App Enable for com.android.settings, Status: EnabledStatus{mEnabled=true, mDisabledReason=null, mExtra=null}
07-10 01:14:58.407 25568 25606 I SCS@AiSearch user 0: (ConfigManager) Updating App Enable for correlated, Status: EnabledStatus{mEnabled=true, mDisabledReason=null, mExtra=null}
07-10 01:14:58.408 25568 25606 I SCS@AiSearch user 0: (ConfigManager) [pool-3-thread-1] leaving from loadConfig():
07-10 01:14:58.442 25568 25606 I SCS@AiSearch user 0: (HintsHelper) init collect hints and schedule periodic job isImmediate = false
07-10 01:14:58.468 25568 25606 I SCS@AiSearch user 0: (SchedulingManager) UsageScoreIndexingWorker: Result:: androidx.work.impl.utils.futures.SettableFuture@179b3e8[status=PENDING]
07-10 01:14:58.482 25568 25606 I SCS@AiSearch user 0: (SchedulingManager) scheduleJobServiceLogging
07-10 01:14:58.494  5674  5694 D PackageManager: setEnabledSetting : userId = 0 packageName = com.reddit.frontpage cmp = androidx.work.impl.background.systemalarm.RescheduleReceiver newState = 1 callingPackage = 10220/com.reddit.frontpage
07-10 01:14:58.495  5674  5694 D ApplicationPolicy: getApplicationStateEnabled : pkg = com.reddit.frontpage userId : 0
07-10 01:14:58.496  5674  5694 D ApplicationPolicy: getApplicationComponentState : pkg = com.reddit.frontpage userId : 0
07-10 01:14:58.560  5674  5694 D PackageManager: setEnabledSetting : userId = 0 packageName = com.samsung.android.scs cmp = androidx.work.impl.background.systemalarm.RescheduleReceiver newState = 1 callingPackage = 10380/com.samsung.android.scs
07-10 01:14:58.561  5674  5694 D ApplicationPolicy: getApplicationStateEnabled : pkg = com.samsung.android.scs userId : 0
07-10 01:14:58.561  5674  5694 D ApplicationPolicy: getApplicationComponentState : pkg = com.samsung.android.scs userId : 0
07-10 01:14:58.568 25553 25553 D b       : ExceptionHandlerManager not explicitly initialized, using default mode
07-10 01:14:58.569 25553 25553 D b       : initializing exception handler manager, prioritized=true
07-10 01:14:58.584 25320 25600 W WM-Processor: Didn't find WorkSpec for id WorkGenerationalId(workSpecId=bc34e657-45ed-49fc-a6bc-55e337a57eeb, generation=0)
07-10 01:14:58.604 25320 25562 W WM-Processor: Didn't find WorkSpec for id WorkGenerationalId(workSpecId=bc34e657-45ed-49fc-a6bc-55e337a57eeb, generation=0)
07-10 01:14:58.607  5353  6075 V APM_AudioPolicyManager: setAppState(portId:1005, state:1)
07-10 01:14:58.609 25320 25592 W WM-Processor: Didn't find WorkSpec for id WorkGenerationalId(workSpecId=bc34e657-45ed-49fc-a6bc-55e337a57eeb, generation=0)
07-10 01:14:58.612 25553 25553 W SoLoader: context.getApplicationContext returned null, holding reference to original context.ApplicationSoSource fallbacks to: /system/priv-app/FBServices/lib/arm64
07-10 01:14:58.614  5353  6075 V APM_AudioPolicyManager: setAppState(portId:1005, state:1)
07-10 01:14:58.615  5674  5745 W libprocessgroup: Failed to open /dev/blkio//cgroup.procs: No such file or directory
07-10 01:14:58.616 25320 25592 W WM-Processor: Didn't find WorkSpec for id WorkGenerationalId(workSpecId=bc34e657-45ed-49fc-a6bc-55e337a57eeb, generation=0)
07-10 01:14:58.620  5674  5745 W libprocessgroup: Failed to open /dev/blkio//cgroup.procs: No such file or directory
07-10 01:14:58.646 25553 25553 V fb-UnpackingSoSource: locked dso store /data/user/0/com.facebook.services/lib-main
07-10 01:14:58.651 25553 25553 I fb-UnpackingSoSource: dso store is up-to-date: /data/user/0/com.facebook.services/lib-main
07-10 01:14:58.651 25553 25553 V fb-UnpackingSoSource: releasing dso store lock for /data/user/0/com.facebook.services/lib-main
07-10 01:14:58.653 16924 16924 D BoundBrokerSvc: onBind: Intent { act=com.google.android.gms.presencemanager.service.START dat=chimera-action:/... cmp=com.google.android.gms/.chimera.PersistentApiService }
07-10 01:14:58.653 16924 16924 D BoundBrokerSvc: Loading bound service for intent: Intent { act=com.google.android.gms.presencemanager.service.START dat=chimera-action:/... cmp=com.google.android.gms/.chimera.PersistentApiService }
07-10 01:14:58.674  5353  6075 V APM_AudioPolicyManager: setAppState(portId:1005, state:1)
07-10 01:14:58.692  5353  6075 V APM_AudioPolicyManager: setAppState(portId:1005, state:1)
07-10 01:14:58.695 25568 25568 I SCS@AiSearch user 0: (SearchProvider) onTrimMemory(): 40
07-10 01:14:58.714 16924 16924 D BoundBrokerSvc: onBind: Intent { act=com.google.android.gms.presencemanager.service.INTERNAL_IDENTITY dat=chimera-action:/... cmp=com.google.android.gms/.chimera.PersistentApiService }
07-10 01:14:58.714 16924 16924 D BoundBrokerSvc: Loading bound service for intent: Intent { act=com.google.android.gms.presencemanager.service.INTERNAL_IDENTITY dat=chimera-action:/... cmp=com.google.android.gms/.chimera.PersistentApiService }
07-10 01:14:58.741  5674  9952 D PackageManager: setEnabledSetting : userId = 0 packageName = com.samsung.android.scs cmp = androidx.work.impl.background.systemalarm.RescheduleReceiver newState = 1 callingPackage = 10380/com.samsung.android.scs
07-10 01:14:58.746  5674  9952 D ApplicationPolicy: getApplicationStateEnabled : pkg = com.samsung.android.scs userId : 0
07-10 01:14:58.747  5674  9952 D ApplicationPolicy: getApplicationComponentState : pkg = com.samsung.android.scs userId : 0
07-10 01:14:58.761 25320 25600 I WM-WorkerWrapper: Worker result SUCCESS for Work [ id=4786660c-3307-4f05-86cf-c499a8d8e4cf, tags={ com.reddit.data.postsubmit.RemoveStaleUploadsWorker } ]
07-10 01:14:58.780 25319 25418 E nightwatch-target: /proc/zoneinfo open: errno=13
07-10 01:14:58.781 25319 25418 E nightwatch-target: sysmeminfo parse failed
07-10 01:14:58.782 29789 29789 W gle.android.gms: Long monitor contention with owner GoogleApiHandler (29986) at boolean abwb.d(abwa, android.content.ServiceConnection, java.lang.String, java.util.concurrent.Executor)(:com.google.android.gms@232414044@23.24.14 (190400-544099984):2) waiters=0 in void abwc.onServiceConnected(android.content.ComponentName, android.os.IBinder) for 121ms
07-10 01:14:58.808  5674  6042 D ApplicationPolicy: isStatusBarNotificationAllowedAsUser: packageName = android,userId = 0
07-10 01:14:58.810  5674  6042 D ApplicationPolicy: isStatusBarNotificationAllowedAsUser: packageName = android,userId = -1
07-10 01:14:58.810  5674  6042 D ApplicationPolicy: isStatusBarNotificationAllowedAsUser: converting userId from USER_ALLto 0
07-10 01:14:58.822 25320 25562 I WM-WorkerWrapper: Worker result SUCCESS for Work [ id=b854b133-bd61-4f9b-bfaa-bd1f456651ab, tags={ com.reddit.analytics.data.dispatcher.AnalyticsDispatchWorker } ]
07-10 01:14:58.841  6429  7189 D PhoneInterfaceManager: setDataEnabledForReason() Reason=1 Pid=5674 App=system
07-10 01:14:58.846  6429  7189 D PhoneInterfaceManager: setDataEnabledForReason() Reason=1 Pid=5674 App=system
07-10 01:14:58.876 25553 25639 D CompatibilityChangeReporter: Compat change id reported: 160794467; UID 10076; state: ENABLED
07-10 01:14:58.884 16924 21779 E NetworkScheduler.ATC: Called cancelTask for already completed task com.google.android.gms/.measurement.PackageMeasurementTaskService{u=0 tag="Measurement.PackageMeasurementTaskService.UPLOAD_TASK_TAG" trigger=window{start=554s,end=1109s,earliest=-96s,latest=458s} requirements=[NET_CONNECTED,PREFERRED_CHARGING] attributes=[PERSISTED] scheduled=-650s last_run=-95s exec_window_multiplier=1.0000 jid=N/A status=ACTIVE retries=0 client_lib=GMS_TASK_SCHEDULER-232414000} :1 [CONTEXT service_id=218 ]
07-10 01:14:58.887 16924 21779 E NetworkScheduler.ATC: Called cancelTask for already completed task com.google.android.gms/.measurement.PackageMeasurementTaskService{u=0 tag="Measurement.PackageMeasurementTaskService.UPLOAD_TASK_TAG" trigger=window{start=554s,end=1109s,earliest=-96s,latest=458s} requirements=[NET_CONNECTED,PREFERRED_CHARGING] attributes=[PERSISTED] scheduled=-650s last_run=-95s exec_window_multiplier=1.0000 jid=N/A status=ACTIVE retries=0 client_lib=GMS_TASK_SCHEDULER-232414000} :1 [CONTEXT service_id=218 ]
07-10 01:14:59.051  6427  6427 I FreeformContainer: [SmartPopupViewService] onNotificationPosted: StatusBarNotification(pkg=android user=UserHandle{-1} id=34 tag=NetworkPolicy:-720536602:34 key=-1|android|34|NetworkPolicy:-720536602:34|1000: Notification(channel=NETWORK_ALERTS shortcut=null contentView=null vibrate=null sound=null tick defaults=0x0 flags=0x8 color=0xff888fa2 vis=PRIVATE semFlags=0x0 semPriority=0 semMissedCount=0))
07-10 01:14:59.051 29666 29666 I Launcher.NotificationListener: onNotificationPosted : android number : 0
07-10 01:14:59.055  6461  6461 D BubblesManager: onEntryUpdated : shouldBubbleUp=false ,key=-1|android|34|NetworkPolicy:-720536602:34|1000
07-10 01:14:59.056 32306   557 I NotificationPipeline: Processing new notification: -1|android|34|NetworkPolicy:-720536602:34|1000
07-10 01:14:59.063 25319 25327 I stagram.android: Method exceeds compiler instruction limit: 18436 in java.lang.String X.2fx.A00(int)
07-10 01:14:59.065 32306   557 W Notification4Heart_NB: Watch.isEnabled-not found packageName : [-1] android
07-10 01:14:59.068 32306   557 W Notification4Heart_NB: NotificationBridgeCallback.onNotificationPosted-block : [-1] android
07-10 01:14:59.077 32306   566 W Notification4Heart_NB: NotificationHistoryInterface.flushHistoryMap-Flush. map size : 2
07-10 01:14:59.095 25319 25327 I stagram.android: Method exceeds compiler instruction limit: 18436 in java.lang.String X.2fx.A00(int)
07-10 01:14:59.110 32326  1191 I Notification4Heart_AM: NotificationHistoryModel.updateHistories-last: {userId: 0, packageName: android, timestamp: 1688944499068, pendingReason: , receivedWatchNodeId: , count: 2}
07-10 01:14:59.114  6461  6461 I FaceWidgetPositionAlgorithm: getClockContainerHeight() supplier = 270, bottom margin = 0, real height = 333
07-10 01:14:59.115  6461  6461 I FaceWidgetPositionAlgorithm: getClockContainerHeight() supplier = 270, bottom margin = 63, real height = 333
07-10 01:14:59.115  6461  6461 I FaceWidgetPositionAlgorithm: getMediaContainerHeight() height = 0 container Visibility = 8, isValid = false, mIsDozing = false, fraction = 1.0, source = 0, target = 0
07-10 01:14:59.115  6461  6461 I FaceWidgetPositionAlgorithm: getMediaContainerHeight() supplier = 0
07-10 01:14:59.121  6461  6461 D PluginAODManager: onNotificationInfoUpdated() 0
07-10 01:14:59.122  6461  6461 I AODNotificationManager: updateVisibleNotifications: 0
07-10 01:14:59.122  6461  6461 I a       : updateStatusBarNotifications: open
07-10 01:14:59.122  6461  6461 I a       : updateStatusBarNotifications: open
07-10 01:14:59.169 25319 25327 I stagram.android: Method exceeds compiler instruction limit: 18436 in java.lang.String X.2fx.A00(int)
07-10 01:14:59.237 25319 25327 I stagram.android: Method exceeds compiler instruction limit: 18436 in java.lang.String X.2fx.A00(int)
07-10 01:14:59.265  5674  6213 D NetdEventListenerService: DNS Requested by : 118, 10126
07-10 01:14:59.269 25319 25405 W MultiSignalANRDetectorLacrima: Pausing error state checks
07-10 01:14:59.276  6461  6461 I FaceWidgetPositionAlgorithm: getClockContainerHeight() supplier = 270, bottom margin = 0, real height = 333
07-10 01:14:59.276  6461  6461 I FaceWidgetPositionAlgorithm: getClockContainerHeight() supplier = 270, bottom margin = 63, real height = 333
07-10 01:14:59.276  6461  6461 I FaceWidgetPositionAlgorithm: getMediaContainerHeight() height = 0 container Visibility = 8, isValid = false, mIsDozing = false, fraction = 1.0, source = 0, target = 0
07-10 01:14:59.276  6461  6461 I FaceWidgetPositionAlgorithm: getMediaContainerHeight() supplier = 0
07-10 01:14:59.281  6461  6461 D PluginAODManager: onNotificationInfoUpdated() 0
07-10 01:14:59.281  6461  6461 I AODNotificationManager: updateVisibleNotifications: 0
07-10 01:14:59.281  6461  6461 I a       : updateStatusBarNotifications: open
07-10 01:14:59.281  6461  6461 I a       : updateStatusBarNotifications: open
07-10 01:14:59.297 25319 25327 I stagram.android: Method exceeds compiler instruction limit: 18436 in java.lang.String X.2fx.A00(int)
07-10 01:14:59.316  5353  6075 V APM_AudioPolicyManager: setAppState(portId:1005, state:1)
07-10 01:14:59.318  5262  5262 E audit   : type=1400 audit(1688944499.313:69951): avc:  denied  { read } for  pid=25553 comm="binder:25553_1" name="u:object_r:perf_prop:s0" dev="tmpfs" ino=10663 scontext=u:r:priv_app:s0:c512,c768 tcontext=u:object_r:perf_prop:s0 tclass=file permissive=0 SEPF_SM-A515F_13_0001 audit_filtered
07-10 01:14:59.318 25553 25571 W libc    : Access denied finding property "sys.perf.boostopt"
07-10 01:14:59.318  5262  5262 E audit   : type=1300 audit(1688944499.313:69951): arch=c00000b7 syscall=56 success=no exit=-13 a0=ffffff9c a1=7b7d46b2f8 a2=88000 a3=0 items=0 ppid=5287 pid=25553 auid=4294967295 uid=10076 gid=10076 euid=10076 suid=10076 fsuid=10076 egid=10076 sgid=10076 fsgid=10076 tty=(none) ses=4294967295 comm="binder:25553_1" exe="/system/bin/app_process64" subj=u:r:priv_app:s0:c512,c768 key=(null)
07-10 01:14:59.318  5262  5262 E audit   : type=1327 audit(1688944499.313:69951): proctitle="zygote64"
07-10 01:14:59.327 25553 25553 W fbservices:PreloadedFbnsService: service/onStart/tos_not_accepted
07-10 01:14:59.328  5674  9950 D PackageManager: setEnabledSetting : userId = 0 packageName = com.facebook.services cmp = com.facebook.oxygen.services.fbns.RegisteredMqttSystemBroadcastReceiver newState = 2 callingPackage = 10076/com.facebook.services
07-10 01:14:59.373 25553 25553 W fbservices:PreloadedFbnsService: service/onStart/tos_not_accepted
07-10 01:14:59.373 25319 25327 I stagram.android: Method exceeds compiler instruction limit: 18436 in java.lang.String X.2fx.A00(int)
07-10 01:14:59.374  5674  9950 D PackageManager: setEnabledSetting : userId = 0 packageName = com.facebook.services cmp = com.facebook.oxygen.services.fbns.RegisteredMqttSystemBroadcastReceiver newState = 2 callingPackage = 10076/com.facebook.services
07-10 01:14:59.509 25319 25327 I stagram.android: Method exceeds compiler instruction limit: 18436 in java.lang.String X.2fx.A00(int)
07-10 01:14:59.555  7284  7370 I GmsPassiveListener_FLP: onGmsLocationChanged, provider=fused / speed=0.0 / time=1688944499522 / elapsed=145996355838143
07-10 01:14:59.561 25568 25671 I SCS@AiSearch user 0: (InitialIndexingWorker) [androidx.work-1] entering in doWork():
07-10 01:14:59.561 25568 25671 I SCS@AiSearch user 0: (InitialIndexingWorker) [androidx.work-1] entering in initAllIndexes():
07-10 01:14:59.561 25568 25671 I SCS@AiSearch user 0: (WorkerUtils) [androidx.work-1] entering in handleLocaleChange():
07-10 01:14:59.562 25568 25671 I SCS@AiSearch user 0: (WorkerUtils) [androidx.work-1] leaving from handleLocaleChange():
07-10 01:14:59.565  5674  9952 V LocationManagerService: passive provider registration 1000/android[SensorNotificationService]/3DC7BFCB dropped delivery - too close
07-10 01:14:59.565  5674  6793 D SLocation: PositionManager - PassiveonLocationChanged fused 1688944499522
07-10 01:14:59.565  5674  9952 V LocationManagerService: passive provider registration 5023/com.samsung.android.networkdiagnostic/4FDF9C6D dropped delivery - too close
07-10 01:14:59.567  5674  6793 W SLocation: PositionManager - do not refresh last location about fused location
07-10 01:14:59.567  5674  6793 D SLocation: ARDistanceBigData - BIGDATA ARD - receive location
07-10 01:14:59.570  5674  6793 D SLocation: ARDistanceLibManager - request distance diff to AR Distance Library
07-10 01:14:59.570  5674  6793 D SLocation: SLocationCoreSem - send to coreSem, packet length : 1 / [34]
07-10 01:14:59.570  5674  6793 D SemContextLocationCoreAttribute: setAttribute() mode : 0 action : 23
07-10 01:14:59.571  5674  6793 D SemContextService: lock : changeParameters
07-10 01:14:59.571  5674  6793 D SemContext.CaeProvider.LocationCoreImpl: setAttribute() mode : 0 action : 23
07-10 01:14:59.572 25319 25327 I stagram.android: Method exceeds compiler instruction limit: 18436 in java.lang.String X.2fx.A00(int)
07-10 01:14:59.575  5674  6793 W CAE     : setCAProperty(ContextAwareService.java:513) - [setProperty 01] Mutex is locked for SLOCATION_RUNNER
07-10 01:14:59.575  5674  6793 I CAE     : setPropertyValue(SLocationRunner.java:116) - SLocationRunner setProperty header : 34, len : 1
07-10 01:14:59.576  5674  6793 I CAE     : sendCmdToSensorHub(SensorHubCommManager.java:156) - -63, 23, 55, 34,
07-10 01:14:59.578  5674  5745 W libprocessgroup: Failed to open /dev/blkio//cgroup.procs: No such file or directory
07-10 01:14:59.580 25568 25568 I SCS@AiSearch user 0: (SearchProvider) onTrimMemory(): 60
07-10 01:14:59.582  5674  5862 D SensorService: setSContextDataLocked ints length 2 , byte length 4
07-10 01:14:59.582  5674  5862 D SensorService: setSContextDataLocked 223717c1
07-10 01:14:59.583 25568 25671 I SCS@AiSearch user 0: (ANALOGY) initIndexImpl: took 7 ms
07-10 01:14:59.584 25568 25671 W SCS@AiSearch user 0: (s) The resource for the current locale is not found : res/values-en-GB/synonyms.xml
07-10 01:14:59.589  5306  5306 I SensorsHub: SContextSensor::injecet_sensor_data
07-10 01:14:59.591  5306  5306 D SensorsHub: c1 17 37 22
07-10 01:14:59.591  5306  5306 D SensorsHub: inject_scontext_data: New ssp_data_injection_fd(28)
07-10 01:14:59.591  5306  5306 D SensorsHub: SContext Data Injection return 4
07-10 01:14:59.592  5674  6793 W CAE     : setCAProperty(ContextAwareService.java:519) - [setProperty 02] Mutex is unlocked for SLOCATION_RUNNER
07-10 01:14:59.592  5674  6793 D SemContextService: unlock : changeParameters
