07-10 01:06:28.479  5674  5674 D SLocation: SLocationCoreSem - SemContextChanged type = 47, packet received
07-10 01:06:28.479  5674  6793 I SLocation: SemContextParser -  parse start : 3
07-10 01:06:28.479  5674  6793 I SLocation: SemContextParser -  packet Length : 33packet total size : 38
07-10 01:06:28.479  5674  6793 I SLocation: SemContextParser - packet : [33, 0, 0, 0, 0, 23, 112, 73, 106, -70, 2, 38, 0, 26, -73, 29, 32, 12, 50, 3, 0, 0, 0, 0, 37, 4, -12, 48, 64, 0, 0, 5, 63]
07-10 01:06:28.479  5674  5860 I CAE     : parse(SLocationRunner.java:88) - SLocationRunner parse start : 3
07-10 01:06:28.479  5674  6793 D SLocation: GeofenceCoreManager - received Extra Data from core, len : 33
07-10 01:06:28.479  5674  6793 D SLocation: ARDistanceGetARDistance - convertSensorHubTimeToElapsedTime 1688928894201496833
07-10 01:06:28.479  5674  6793 D SLocation: ARDistanceGetARDistance - invalid location time from core pvt 1688928894201496833, do not use distance info
07-10 01:06:28.479  5674  6793 D SLocation: CommonCoreManager - received Extra Data from core, len : 33
07-10 01:06:28.479  5674  5860 D CAE     : display(ContextProvider.java:375) - ================= SLOCATION_RUNNER =================
07-10 01:06:28.480  5674  5860 I CAE     : display(ContextProvider.java:391) - ExtraDataArray=[1, 1, 55, 0, 5, 2, 34, 0, 0, 0]
07-10 01:06:28.480  5674  5860 I CAE     : parse(SLocationRunner.java:96) - SLocationRunner parse end:10
07-10 01:06:28.482  5674  5857 D SemContextService: Service.updateContext() : service = SLocation Core
07-10 01:06:28.483  5674  5674 D SemContextManager: onSemContextChanged() : event = SLocation Core
07-10 01:06:28.483  5674  5674 D SLocation: SLocationCoreSem - SemContextChanged type = 47, packet received
07-10 01:06:28.485  5674  6793 I SLocation: SemContextParser -  parse start : 3
07-10 01:06:28.485  5674  6793 I SLocation: SemContextParser -  packet Length : 5packet total size : 10
07-10 01:06:28.485  5674  6793 I SLocation: SemContextParser - packet : [2, 34, 0, 0, 0]
07-10 01:06:28.485  5674  6793 D SLocation: GeofenceCoreManager - received Extra Data from core, len : 5
07-10 01:06:28.485  5674  6793 D SLocation: GeofenceCoreManager - handleCommandCallback - UNKNOWN_CALLBACK 34 SUCCESS
07-10 01:06:28.485  5674  6793 D SLocation: ARDistanceLibManager - command callback received - CURRENT_LOCATION_REQUEST_DISTANCE ERROR CODE : ERROR_NONE
07-10 01:06:28.485  5674  6793 D SLocation: CommonCoreManager - received Extra Data from core, len : 5
07-10 01:06:28.487  5674  6793 D SLocation: PositionManager - onLocationChanged - filter passive location because it same active location
07-10 01:06:28.493 16924 17836 W SystemServiceRegistry: No service published for: wifirtt
07-10 01:06:28.510 22079 22079 I wpa_supplicant: nl80211: Drv Event 33 (NL80211_CMD_TRIGGER_SCAN) received for wlan0
07-10 01:06:28.510 22079 22079 I wpa_supplicant: wlan0: nl80211: Scan trigger
07-10 01:06:28.516  6877  7137 I PhoneStateTracker<1>: onCellInfoChanged: xxxxx
07-10 01:06:28.516  6877  7137 I ImsCallSessionManager: onCellInfoChanged, phoneId: 1
07-10 01:06:28.516  6877  7137 I RegiMgr-Handler: handleMessage: EVENT_CELL_INFO_CHANGED
07-10 01:06:28.518  6877  7137 I RegiMgr<1>: updatePani RegisterTask[1][mProfile=Telenor Serbia IMS, mRegistrationRat=13, mPdnType=11, mState=REGISTERED, mObject=UserAgent - :
07-10 01:06:28.518  6877  7137 I RegiMgr<1>:  total records=836
07-10 01:06:28.518  6877  7137 I RegiMgr<1>:  rec[0]: time=07-10 00:46:23.476 processed=RegisteredState org=RegisteredState dest=<null> what=8(0x8)
07-10 01:06:28.518  6877  7137 I RegiMgr<1>:  rec[1]: time=07-10 00:46:23.732 processed=RegisteredState org=RegisteredState dest=<null> what=1000(0x3e8)
07-10 01:06:28.518  6877  7137 I RegiMgr<1>:  rec[2]: time=07-10 00:46:35.177 processed=ReadyState org=RegisteredState dest=<null> what=34(0x22)
07-10 01:06:28.518  6877  7137 I RegiMgr<1>:  rec[3]: time=07-10 00:46:35.179 processed=RegisteredState org=RegisteredState dest=<null> what=2000(0x7d0)
07-10 01:06:28.518  6877  7137 I RegiMgr<1>:  rec[4]: time=07-10 00:49:57.531 processed=ReadyState org=RegisteredState dest=<null> what=34(0x22)
07-10 01:06:28.518  6877  7137 I RegiMgr<1>:  rec[5]: time=07-10 00:49:57.532 processed=RegisteredState org=RegisteredState dest=<null> what=2000(0x7d0)
07-10 01:06:28.518  6877  7137 I RegiMgr<1>:  rec[6]: time=07-10 00:50:00.625 processed=ReadyState org=RegisteredState dest=<null> what=34(0x22)
07-10 01:06:28.518  6877  7137 I RegiMgr<1>:  rec[7]: time=07-10 00:50:00.627 processed=RegisteredState org=RegisteredState dest=<null> what=2000(0x7d0)
07-10 01:06:28.518  6877  7137 I RegiMgr<1>:  rec[8]: time=07-10 00:55:26.797 processed=ReadyState org=RegisteredState dest=<null> what=34(0x22)
07-10 01:06:28.518  6877  7137 I RegiMgr<1>:  rec[9]: time=07-10 00:55:26.799 processed=RegisteredState org=RegisteredState dest=<null> what=2000(0x7d0)
07-10 01:06:28.518  6877  7137 I RegiMgr<1>:  rec[10]: time=07-10 00:55:29.927 processed=ReadyState org=RegisteredState dest=<null> what=34(0x22)
07-10 01:06:28.518  6877  7137 I RegiMgr<1>:  rec[11]: time=07-10 00:55:29.928 processed=RegisteredState org=RegisteredState dest=<null> what=2000(0x7d0)
07-10 01:06:28.518  6877  7137 I RegiMgr<1>:  rec[12]: time=07-10 01:00:56.196 processed=ReadyState org=RegisteredState dest=<null> what=34(0x22)
07-10 01:06:28.518  6877  7137 I RegiMgr<1>:  rec[13]: time=07-10 01:00:56.213 processed=RegisteredState org=RegisteredState dest=<null> what=2000(0x7d0)
07-10 01:06:28.518  6877  7137 I RegiMgr<1>:  rec[14]: time=07-10 01:00:59.244 processed=ReadyState org=RegisteredState dest=<null> what=34(0x22)
07-10 01:06:28.518  6877  7137 I RegiMgr<1>:  rec[15]: time=07-10 01:00:59.245 processed=RegisteredState org=RegisteredState dest=<null> what=2000(0x7d0)
07-10 01:06:28.518  6877  7137 I RegiMgr<1>:  rec[16]: time=07-10 01:04:36.984 processed=ReadyState org=RegisteredState dest=<null> what=34(0x22)
07-10 01:06:28.518  6877  7137 I RegiMgr<1>:  rec[17]: time=07-10 01:04:36.998 processed=RegisteredState org=RegisteredState dest=<null> what=2000(0x7d0)
07-10 01:06:28.518  6877  7137 I RegiMgr<1>:  rec[18]: time=07-10 01:06:25.436 processed=ReadyState org=RegisteredState dest=<null> what=34(0x22)
07-10 01:06:28.518  6877  7137 I RegiMgr<1>:  rec[19]: time=07-10 01:06:25.437 processed=RegisteredState org=RegisteredState dest=<null> what=2000(0x7d0)
07-10 01:06:28.518  6877  7137 I RegiMgr<1>: curState=RegisteredState
07-10 01:06:28.518  6877  7137 I RegiMgr<1>: , mReason=, mPcscfHostname=null, mDeregiReason=41]
07-10 01:06:28.519  6877  7137 I PaniGenerator<1>: generate: subId=2, network=13
07-10 01:06:28.519  6877  7137 I PaniGenerator<1>: generate: network=13, fallbackPlmn=22001
07-10 01:06:28.519  6877  7137 I PdnController<1>: getAllCellInfo mNeedCellLocationUpdate : false
07-10 01:06:28.519  6877  7137 I PaniGenerator: generate: change to NW PLMN(22001)
07-10 01:06:28.520  6877  7137 I PaniGenerator: setLkcForLastPani: No Last PANI header for Telenor Serbia IMS
07-10 01:06:28.520  6877  7137 I UserAgent<1>: updatePani: pani=3GPP-E-UTRAN-FDD;utran-cell-id-3gpp=220012b73017a51f, updatePani: lastPani=
07-10 01:06:28.520  6877  7320 I StackIF : updatePani: 15 pani: [3GPP-E-UTRAN-FDD;utran-cell-id-3gpp=220012b73017a51f]
07-10 01:06:28.520  6877  7320 I SECIMSJ : [1524]> 140
07-10 01:06:28.521  6877  7137 I RegiMgr<1>: tryRegister:
07-10 01:06:28.521  6877  7137 I RegiMgr<0>: RegisterTask(s): Megafon VoLTE (IDLE)
07-10 01:06:28.521  6877  7137 I RegiMgr<1>: RegisterTask(s): Telenor Serbia IMS (REGISTERED, rat = 13, service = [mmtel-video, smsip, mmtel]), Global GC RCS (IDLE)
07-10 01:06:28.521  6877  7137 I RcsPolicyMgr<1>: pendingRcsRegister: mActiveDataPhoneId = 1
07-10 01:06:28.521  6877  7137 I RcsPolicyMgr<1>: pendingRcsRegister: mActiveDataPhoneId = 1
07-10 01:06:28.521  6877  7137 I RegisterTask: isSuspended: mSuspended(false) mSuspendByIrat(false)
07-10 01:06:28.521  6877  7330 I [IMS6.0]: IMS_onResponse()
07-10 01:06:28.521  6877  7137 I RegiMgr<1>: [Global GC RCS|IDLE] checkForTryRegister id: 1003
07-10 01:06:28.521  6877  7137 I RegiMgr : isPdnConnected: false, PdnType: 1
07-10 01:06:28.521  6877  7330 I StackIF : processMessage 2
07-10 01:06:28.521  6877  7330 I StackIF : Processing Response
07-10 01:06:28.522  6877  7330 I SECIMSJ : [1524]< 600
07-10 01:06:28.522  6877  7330 I StackIF : processResponse: reqId 600
07-10 01:06:28.522  6877  7330 I StackIF : processResponse: handle 15 result 0 reason 0
07-10 01:06:28.523  6877  7137 I PdnController: getDefaultNetworkBearer:  WIFI
07-10 01:06:28.524  6877  7137 I PdnController: isWifiConnected: [type: WIFI[], state: CONNECTED/CONNECTED, reason: (unspecified), extra: , failover: false, available: true, roaming: false]
07-10 01:06:28.524  6877  7137 I RegiMgr-Utils<1>: findBestNetwork: WIFI needWifiNetwork = true
07-10 01:06:28.525  6877  7137 I RegiGvnBase<1>: isReadyToDualRegister : true
07-10 01:06:28.527  6877  7137 I RegiMgr<1>: [Global GC RCS|IDLE] checkInitialRegistrationIsReady: APM ON [false], Roamimg [false]
07-10 01:06:28.527  6877  7137 I RcsPolicyMgr<1>: pendingRcsRegister: mActiveDataPhoneId = 1
07-10 01:06:28.527  6877  7137 I ImsProfile: isRttSupportByCallApp : false ttyType : 1
07-10 01:06:28.527  6877  7137 I RegiMgr-Utils<1>: getPriorityRegiedTask : isPriority  High? true
07-10 01:06:28.527  6877  7137 I RegiGvnBase: checkRegiStatus: getState()=IDLE mIsUpdateRegistering=false
07-10 01:06:28.528  6877  7137 I RegiMgr<1>: getTelephonyCallStatus:
07-10 01:06:28.535  6877  7137 I ConfigProvider: query uri:xxxxx
07-10 01:06:28.541  6877  7137 I ConfigProvider: queryStorage path content://com.samsung.rcs.autoconfigurationprovider/parameter/version#simslot1
07-10 01:06:28.547  6877  7137 E GlobalSettingsRepoBase: globalgcsettings No matched key : dual_rcs_policy
07-10 01:06:28.548  6877  7137 I ImsServiceSwitchEur[1]:  isRcsEnabled: true mDefaultSms true mUpsmEnabled false mEmergencyEnabled false
07-10 01:06:28.551  6877  7137 I ConfigTrigger<1>: isWaitAutoConfig:
07-10 01:06:28.551  6877  7137 E GlobalSettingsRepoBase: globalgcsettings No matched key : dual_rcs_policy
07-10 01:06:28.553  6877  7137 I ImsServiceSwitchEur[1]:  isRcsEnabled: true mDefaultSms true mUpsmEnabled false mEmergencyEnabled false
07-10 01:06:28.553  6877  7137 I RegiMgr-Utils: selectPdnType: rat=18pdn=1
07-10 01:06:28.553  6877  7137 I RegiMgr<1>: getServiceForNetwork: network 18
07-10 01:06:28.553  6877  7137 I RegiMgr<1>: getServiceForNetwork: service {options, chatbot-communication, ft_http, im, euc, gls}
07-10 01:06:28.560  6877  7137 I ConfigTrigger<1>: isValidAcsVersion:
07-10 01:06:28.560  6877  7137 E GlobalSettingsRepoBase: globalgcsettings No matched key : dual_rcs_policy
07-10 01:06:28.562  6877  7137 I ConfigProvider: query uri:xxxxx
07-10 01:06:28.568  6877  7137 I ConfigProvider: queryStorage path content://com.samsung.rcs.autoconfigurationprovider/parameter/version#simslot1
07-10 01:06:28.569  5674  9950 D SecContentProvider2: query(), uri = 18 selection = isRCSEnabled
07-10 01:06:28.569  5674  9950 I PhoneRestrictionPolicy: isRCSEnabledInternal(), showMsg: false, columnName: enableRCS
07-10 01:06:28.570  5674  9950 E PhoneRestrictionPolicy: getEmergencyCall >>false
07-10 01:06:28.570  5674  9950 I PhoneRestrictionPolicy: isRCSEnabledInternal(), showMsg: false, columnName: enableRCSForSimSlot1
07-10 01:06:28.570  5674  9950 E PhoneRestrictionPolicy: getEmergencyCall >>false
07-10 01:06:28.571  6877  7137 I ConfigTrigger<1>: RCS switch: true, version: 0, isRcsAcsCompleted: true
07-10 01:06:28.571  6877  7137 I ConfigTrigger<1>: version is improper : 0
07-10 01:06:28.573  6877  7137 I RegiGvnBase: isVideoCallEnabled: Enable
07-10 01:06:28.573  6877  7137 I RegiMgr<1>: getServiceForNetwork: filtered service []
07-10 01:06:28.573  6877  7137 I RegiMgr<1>: Global GC RCS: no ims service for current rat18
07-10 01:06:28.574  6877  7137 I PdnController: slot[1]: stopPdnConnectivity: network 1, callback is null
07-10 01:06:28.575  6877  7137 E PdnController<1>: requestStopNetwork: callback not found
07-10 01:06:28.575  6877  7137 E #IMSCR  : 07-10 01:06:28 0x1101000B:1,FILTERED ALL:1
07-10 01:06:28.575  6877  7137 I PdnController: handleMessage: what 107
07-10 01:06:28.575  6877  7137 I PdnController: slot[1]: requestStopNetwork: network 1, callback is null
07-10 01:06:29.353  5674  6164 D WifiConnectivityMonitor: Stop WCM Poll. cnt : 9
07-10 01:06:29.429 30967 31717 I ContactsProvider_EventLog: cp_s: [CONTACT con(158) dat(1091) acc({sim(3)=15, sec(6)=1, sim2(4)=1, google(2)=81, org.telegram.messenger(236)=100, com.whatsapp(14)=41}) calls([logtype:100 cnt:877, logtype:200 cnt:5, logtype:300 cnt:495, logtype:1000 cnt:632, logtype:1150 cnt:161]) Iso(RS) uId(0) ]
07-10 01:06:29.429 30967 31717 I ContactsProvider_EventLog: cp_s: [ agr({[2 ,2 ,14 ,236]=1, [2 ,14 ,236]=32, [3]=15, [14]=1, [4]=1, [2 ,14]=4, [2 ,2]=2, [2]=34, [6 ,14]=1, [2 ,236]=3, [236]=62, [2 ,236 ,14]=2}) ]
07-10 01:06:29.429 30967 31717 I ContactsProvider_EventLog: cp_s: [ cnt({acore(30967)=1}) ]
07-10 01:06:29.429 30967 31717 I ContactsProvider_EventLog: cp_s: [PROFILE con(1) dat(1) acc({vnd.sec.contact.phone=1}) ] [SAPROFILE ]
07-10 01:06:29.429 30967 31717 I ContactsProvider_EventLog: cp_s: [STATE R(T) ]
07-10 01:06:30.498  6461  6566 D TileLifecycleManager: onStopListening
07-10 01:06:30.512  5325  5325 E sehhealth-service: Could not open /sys/class/power_supply/battery/lrp
07-10 01:06:31.398 22079 22079 I wpa_supplicant: nl80211: Drv Event 34 (NL80211_CMD_NEW_SCAN_RESULTS) received for wlan0
07-10 01:06:31.398 22079 22079 I wpa_supplicant: wlan0: nl80211: New scan results available
07-10 01:06:31.399 22079 22079 I wpa_supplicant: nl80211: Scan probed for SSID ''
07-10 01:06:31.401 22079 22079 I wpa_supplicant: nl80211: Scan included frequencies: 2412 2417 2422 2427 2432 2437 2442 2447 2452 2457 2462 2467 2472 5180 5200 5220 5240 5260 5280 5300 5320 5745 5765 5785 5805 5825
07-10 01:06:31.403  6576 22194 D IpClient/wlan0: interfaceLinkStateChanged: ifindex 11 up
07-10 01:06:31.402  5674  5694 D WifiNl80211Manager: Scan result ready event
07-10 01:06:31.404  5674  5694 D WifiNative: Scan result ready event
07-10 01:06:31.426  5674  7726 D SemWifiUsabilityStatsMonitor: onWifiUsabilityStats - seqNum 21553, isSameBssidAndFreq true
07-10 01:06:31.430  5674  6128 I SemWifiLinkQualityMonitor: Link Qos Query: 0.082 ms / 97.333 Mbps (292 / 0.000 / 3.000)
07-10 01:06:31.430  6461  6461 D NetworkController.WifiSignalController: notifyListener: visible=true, connected=true, inetCondition=1, isDefault=true, wifiTestReported=true, receivedInetCondition=-1, hideDuringMobileSwitching=false
07-10 01:06:31.457  5674  6115 D SemWifiScanPool: countryCode: RS, count: 8, totalSamples: 12, rate: 66.666664%
07-10 01:06:31.458  5674  6115 V SemWifiScanPool: updateScanResult, full scan:15 configKeys: 12 pool_bssid:29 pool_configKeys:21
07-10 01:06:31.458  5674  6115 D WifiConnectivityMonitor: onScanResultUpdated
07-10 01:06:31.458  5674  6115 D WifiConnectivityMonitor: mMaxScannedCountryCode : RS
07-10 01:06:31.509  5674  9950 V LocationManagerService: network provider registration 10234/com.google.android.as/403464A0 dropped delivery - too close
07-10 01:06:31.511  7284  7370 I NlpMonitor_FLP: monitorNlp, package=com.google.android.as/ interval=21600000
07-10 01:06:31.514  5674  9950 V LocationManagerService: passive provider registration 1000/android[SensorNotificationService]/3DC7BFCB dropped delivery - too close
07-10 01:06:31.515  5674  9950 V LocationManagerService: passive provider registration 5023/com.samsung.android.networkdiagnostic/4FDF9C6D dropped delivery - too close
07-10 01:06:31.515  5674  6793 D SLocation: PositionManager - PassiveonLocationChanged network 1688943991396
07-10 01:06:31.516  5674  6793 D SLocation: ARDistanceBigData - BIGDATA ARD - receive location
07-10 01:06:31.516  5674  6793 D SLocation: GeofenceLocationFilter - location sent before 3050, need to filter / provider : network, accuracy : 17.967
07-10 01:06:31.516  5674  6793 I SLocation: GeofenceLocationFilter - alarm set, next time to send location : 145491299, com.samsung.android.location.geofence.geopoint.d@3f9c5ee
07-10 01:06:31.518  5674  6793 D SLocation: SLocationCoreSem - send to coreSem, packet length : 23 / [2, 26, 183, 30, 92, 12, 49, 246, 143, 0, 0, 0, 17, 2, 0, 0, 1, 137, 60, 232, 26, 100, 0]
07-10 01:06:31.518  5674  6793 D SemContextLocationCoreAttribute: setAttribute() mode : 0 action : 23
07-10 01:06:31.519  5674  6793 D SemContextService: lock : changeParameters
07-10 01:06:31.519  5674  6793 D SemContext.CaeProvider.LocationCoreImpl: setAttribute() mode : 0 action : 23
07-10 01:06:31.519  5674  6793 W CAE     : setCAProperty(ContextAwareService.java:513) - [setProperty 01] Mutex is locked for SLOCATION_RUNNER
07-10 01:06:31.520  5674  6793 I CAE     : setPropertyValue(SLocationRunner.java:116) - SLocationRunner setProperty header : 2, len : 23
07-10 01:06:31.521  5674  6793 I CAE     : sendCmdToSensorHub(SensorHubCommManager.java:156) - -63, 23, 55, 2, 26, -73, 30, 92, 12, 49, -10, -113, 0, 0, 0, 17, 2, 0, 0, 1, -119, 60, -24, 26, 100, 0,
07-10 01:06:31.521  5674  5862 D SensorService: setSContextDataLocked ints length 8 , byte length 26
07-10 01:06:31.522  5674  5862 D SensorService: setSContextDataLocked 23717c1
07-10 01:06:31.522  5306  5306 I SensorsHub: SContextSensor::injecet_sensor_data
07-10 01:06:31.523  5306  5306 D SensorsHub: c1 17 37 02 1a b7 1e 5c 0c 31 f6 8f 00 00 00 11
07-10 01:06:31.523  5306  5306 D SensorsHub: 02 00 00 01 89 3c e8 1a 64 00
07-10 01:06:31.523  5306  5306 D SensorsHub: inject_scontext_data: New ssp_data_injection_fd(28)
07-10 01:06:31.523  5306  5306 D SensorsHub: SContext Data Injection return 26
07-10 01:06:31.523  5306  5327 I SensorsHub: context 10 0 9 1,1,55,0,5,2,2,0,0,0, 145488356700429
07-10 01:06:31.524  5674  6793 W CAE     : setCAProperty(ContextAwareService.java:519) - [setProperty 02] Mutex is unlocked for SLOCATION_RUNNER
07-10 01:06:31.524  5674  6793 D SemContextService: unlock : changeParameters
07-10 01:06:31.525  5674  5859 D SensorHubManager: onGetSensorHubDataLocked: library(10) = 1, 1, 55, 0, 5, 2, 2, 0, 0, 0
07-10 01:06:31.525  5674  6793 D SemContextManager:   .changeParameters : listener = com.samsung.android.location.semcontext.a@459a70d, service=SLocation Core
07-10 01:06:31.525  5674  6793 D SLocation: ARDistanceLibManager - request distance diff to AR Distance Library
07-10 01:06:31.525  5674  5860 D CAE     : onGetSensorHubData(SensorHubParserProvider.java:89) - onGetSensorHubData Event [event buffer len :10], AP_WAKEUP
07-10 01:06:31.525  5674  6793 D SLocation: SLocationCoreSem - send to coreSem, packet length : 1 / [34]
07-10 01:06:31.526  5674  6793 D SemContextLocationCoreAttribute: setAttribute() mode : 0 action : 23
07-10 01:06:31.526  5674  5860 I CAE     : parse(SensorHubParserProvider.java:190) - buffer size = 10
07-10 01:06:31.527  5674  6793 D SemContextService: lock : changeParameters
07-10 01:06:31.527  5674  5860 I CAE     : parse(SensorHubParserProvider.java:201) - 1, 1, 55, 0, 5, 2, 2, 0, 0, 0,
07-10 01:06:31.527  5674  5860 I CAE     : parse(SLocationRunner.java:88) - SLocationRunner parse start : 3
07-10 01:06:31.528  5674  6793 D SemContext.CaeProvider.LocationCoreImpl: setAttribute() mode : 0 action : 23
07-10 01:06:31.528  5674  5860 D CAE     : display(ContextProvider.java:375) - ================= SLOCATION_RUNNER =================
07-10 01:06:31.530  5674  5860 I CAE     : display(ContextProvider.java:391) - ExtraDataArray=[1, 1, 55, 0, 5, 2, 2, 0, 0, 0]
07-10 01:06:31.533  5674  6793 W CAE     : setCAProperty(ContextAwareService.java:513) - [setProperty 01] Mutex is locked for SLOCATION_RUNNER
07-10 01:06:31.534  5674  5860 I CAE     : parse(SLocationRunner.java:96) - SLocationRunner parse end:10
07-10 01:06:31.534  5674  5857 D SemContextService: Service.updateContext() : service = SLocation Core
07-10 01:06:31.535  5674  6793 I CAE     : setPropertyValue(SLocationRunner.java:116) - SLocationRunner setProperty header : 34, len : 1
07-10 01:06:31.535  5674  5674 D SemContextManager: onSemContextChanged() : event = SLocation Core
07-10 01:06:31.535  5674  5674 D SLocation: SLocationCoreSem - SemContextChanged type = 47, packet received
07-10 01:06:31.536  5674  6793 I CAE     : sendCmdToSensorHub(SensorHubCommManager.java:156) - -63, 23, 55, 34,
07-10 01:06:31.536  5674  5862 D SensorService: setSContextDataLocked ints length 2 , byte length 4
07-10 01:06:31.536  5674  5862 D SensorService: setSContextDataLocked 223717c1
07-10 01:06:31.537  5306  5306 I SensorsHub: SContextSensor::injecet_sensor_data
07-10 01:06:31.537  5306  5306 D SensorsHub: c1 17 37 22
07-10 01:06:31.537  5306  5306 D SensorsHub: inject_scontext_data: New ssp_data_injection_fd(28)
07-10 01:06:31.537  5306  5306 D SensorsHub: SContext Data Injection return 4
07-10 01:06:31.538  5306  5327 I SensorsHub: context 38 0 37 1,1,55,0,33,33,0,0,0,0,23,112,73,106,186,2,38,0,26,183,29,32,12,50,3,0,0,0,0,37,4,245,139,232,0,0,5,63, 145488371053506
07-10 01:06:31.538  5306  5327 I SensorsHub: context 10 0 9 1,1,55,0,5,2,34,0,0,0, 145488371097506
07-10 01:06:31.539  5674  5859 D SensorHubManager: onGetSensorHubDataLocked: library(38) = 1, 1, 55, 0, 33, 33, 0, 0, 0, 0, 23, 112, 73, 106, -70, 2, 38, 0, 26, -73, 29, 32, 12, 50, 3, 0, 0, 0, 0, 37, 4, -11, -117, -24, 0, 0, 5, 63
07-10 01:06:31.539  5674  6793 W CAE     : setCAProperty(ContextAwareService.java:519) - [setProperty 02] Mutex is unlocked for SLOCATION_RUNNER
07-10 01:06:31.539  5674  5859 D SensorHubManager: onGetSensorHubDataLocked: library(10) = 1, 1, 55, 0, 5, 2, 34, 0, 0, 0
07-10 01:06:31.539  5674  6793 D SemContextService: unlock : changeParameters
07-10 01:06:31.539  5674  6793 D SemContextManager:   .changeParameters : listener = com.samsung.android.location.semcontext.a@459a70d, service=SLocation Core
07-10 01:06:31.539  5674  5860 D CAE     : onGetSensorHubData(SensorHubParserProvider.java:89) - onGetSensorHubData Event [event buffer len :38], AP_WAKEUP
07-10 01:06:31.540  5674  6793 I SLocation: SemContextParser -  parse start : 3
07-10 01:06:31.540  5674  6793 I SLocation: SemContextParser -  packet Length : 5packet total size : 10
07-10 01:06:31.540  5674  6793 I SLocation: SemContextParser - packet : [2, 2, 0, 0, 0]
07-10 01:06:31.540  5674  5860 I CAE     : parse(SensorHubParserProvider.java:190) - buffer size = 38
07-10 01:06:31.540  5674  6793 D SLocation: GeofenceCoreManager - received Extra Data from core, len : 5
07-10 01:06:31.541  5674  6793 D SLocation: GeofenceCoreManager - handleCommandCallback - UNKNOWN_CALLBACK 2 SUCCESS
07-10 01:06:31.541  5674  5860 I CAE     : parse(SensorHubParserProvider.java:201) - 1, 1, 55, 0, 33, 33, 0, 0, 0, 0, 23, 112, 73, 106, -70, 2, 38, 0, 26, -73, 29, 32, 12, 50, 3, 0, 0, 0, 0, 37, 4, -11, -117, -24, 0, 0, 5, 63,
07-10 01:06:31.541  5674  6793 D SLocation: CommonCoreManager - received Extra Data from core, len : 5
07-10 01:06:31.541  5674  5860 I CAE     : parse(SLocationRunner.java:88) - SLocationRunner parse start : 3
07-10 01:06:31.542  5674  6793 D SLocation: CommonCoreManager - handleCommandCallback - FUNC_TYPE : SET_LOCATION ERROR_CODE : ERROR_NONE
07-10 01:06:31.542  5674  5860 D CAE     : display(ContextProvider.java:375) - ================= SLOCATION_RUNNER =================
07-10 01:06:31.543  5674  5860 I CAE     : display(ContextProvider.java:391) - ExtraDataArray=[1, 1, 55, 0, 33, 33, 0, 0, 0, 0, 23, 112, 73, 106, -70, 2, 38, 0, 26, -73, 29, 32, 12, 50, 3, 0, 0, 0, 0, 37, 4, -11, -117, -24, 0, 0, 5, 63]
07-10 01:06:31.543  5674  5860 I CAE     : parse(SLocationRunner.java:96) - SLocationRunner parse end:38
07-10 01:06:31.544  5674  5857 D SemContextService: Service.updateContext() : service = SLocation Core
07-10 01:06:31.544  5674  5860 D CAE     : onGetSensorHubData(SensorHubParserProvider.java:89) - onGetSensorHubData Event [event buffer len :10], AP_WAKEUP
07-10 01:06:31.544  5674  5860 I CAE     : parse(SensorHubParserProvider.java:190) - buffer size = 10
07-10 01:06:31.544  5674  5674 D SemContextManager: onSemContextChanged() : event = SLocation Core
07-10 01:06:31.545  5674  5674 D SLocation: SLocationCoreSem - SemContextChanged type = 47, packet received
07-10 01:06:31.545  5674  6793 I SLocation: SemContextParser -  parse start : 3
07-10 01:06:31.545  5674  6793 I SLocation: SemContextParser -  packet Length : 33packet total size : 38
07-10 01:06:31.545  5674  6793 I SLocation: SemContextParser - packet : [33, 0, 0, 0, 0, 23, 112, 73, 106, -70, 2, 38, 0, 26, -73, 29, 32, 12, 50, 3, 0, 0, 0, 0, 37, 4, -11, -117, -24, 0, 0, 5, 63]
07-10 01:06:31.545  5674  6793 D SLocation: GeofenceCoreManager - received Extra Data from core, len : 33
07-10 01:06:31.545  5674  6793 D SLocation: ARDistanceGetARDistance - convertSensorHubTimeToElapsedTime 1688928894201496833
07-10 01:06:31.546  5674  6793 D SLocation: ARDistanceGetARDistance - invalid location time from core pvt 1688928894201496833, do not use distance info
07-10 01:06:31.546  5674  6793 D SLocation: CommonCoreManager - received Extra Data from core, len : 33
07-10 01:06:31.546  5674  5860 I CAE     : parse(SensorHubParserProvider.java:201) - 1, 1, 55, 0, 5, 2, 34, 0, 0, 0,
07-10 01:06:31.546  5674  5860 I CAE     : parse(SLocationRunner.java:88) - SLocationRunner parse start : 3
07-10 01:06:31.546  5674  5860 D CAE     : display(ContextProvider.java:375) - ================= SLOCATION_RUNNER =================
07-10 01:06:31.547  5674  5860 I CAE     : display(ContextProvider.java:391) - ExtraDataArray=[1, 1, 55, 0, 5, 2, 34, 0, 0, 0]
07-10 01:06:31.547  5674  5860 I CAE     : parse(SLocationRunner.java:96) - SLocationRunner parse end:10
07-10 01:06:31.548  5674  5857 D SemContextService: Service.updateContext() : service = SLocation Core
07-10 01:06:31.548  5674  5674 D SemContextManager: onSemContextChanged() : event = SLocation Core
07-10 01:06:31.548  5674  5674 D SLocation: SLocationCoreSem - SemContextChanged type = 47, packet received
07-10 01:06:31.549  5674  6793 I SLocation: SemContextParser -  parse start : 3
07-10 01:06:31.549  5674  6793 I SLocation: SemContextParser -  packet Length : 5packet total size : 10
07-10 01:06:31.549  5674  6793 I SLocation: SemContextParser - packet : [2, 34, 0, 0, 0]
07-10 01:06:31.549  5674  6793 D SLocation: GeofenceCoreManager - received Extra Data from core, len : 5
07-10 01:06:31.549  5674  6793 D SLocation: GeofenceCoreManager - handleCommandCallback - UNKNOWN_CALLBACK 34 SUCCESS
07-10 01:06:31.549  5674  6793 D SLocation: ARDistanceLibManager - command callback received - CURRENT_LOCATION_REQUEST_DISTANCE ERROR CODE : ERROR_NONE
07-10 01:06:31.549  5674  6793 D SLocation: CommonCoreManager - received Extra Data from core, len : 5
07-10 01:06:34.468  5674  6793 D SLocation: GeopointGeofenceManager - Location reported : fix method = 4 / 17.967
07-10 01:06:34.469  5674  6793 W Settings: Setting airplane_mode_on has moved from android.provider.Settings.System to android.provider.Settings.Global, returning read-only value.
07-10 01:06:34.477  5674  7726 D SemWifiUsabilityStatsMonitor: onWifiUsabilityStats - seqNum 21554, isSameBssidAndFreq true
07-10 01:06:34.479  5674  6793 D SLocation: LocationProcessingAlgorithm - entry condition - dist : 4650.4126 padding : 0.0, accuracy : 17.967, provider : network, dir : 2
07-10 01:06:34.480  5674  6793 D SLocation: LocationProcessingAlgorithm - entry condition - dist : 3807526.2 padding : 0.0, accuracy : 17.967, provider : network, dir : 2
07-10 01:06:34.480  5674  6793 D SLocation: LocationProcessingAlgorithm - entry condition - dist : 90746.97 padding : 0.0, accuracy : 17.967, provider : network, dir : 2
07-10 01:06:34.481  5674  6793 D SLocation: LocationProcessingAlgorithm - entry condition - dist : 3807949.8 padding : 0.0, accuracy : 17.967, provider : network, dir : 2
07-10 01:06:34.482  5674  6793 D SLocation: LocationProcessingAlgorithm - entry condition - dist : 683.1549 padding : 0.0, accuracy : 17.967, provider : network, dir : 2
07-10 01:06:34.483  5674  6128 I SemWifiLinkQualityMonitor: Link Qos Query: 0.082 ms / 97.333 Mbps (292 / 0.000 / 3.000)
07-10 01:06:34.483  5674  6793 D SLocation: LocationProcessingAlgorithm - entry condition - dist : 1917396.8 padding : 0.0, accuracy : 17.967, provider : network, dir : 2
07-10 01:06:34.484  5674  6793 D SLocation: LocationProcessingAlgorithm - entry condition - dist : 13347.747 padding : 0.0, accuracy : 17.967, provider : network, dir : 2
07-10 01:06:34.484  6461  6461 D NetworkController.WifiSignalController: notifyListener: visible=true, connected=true, inetCondition=1, isDefault=true, wifiTestReported=true, receivedInetCondition=-1, hideDuringMobileSwitching=false
07-10 01:06:34.484  5674  6793 D SLocation: LocationProcessingAlgorithm - entry condition - dist : 3807949.8 padding : 0.0, accuracy : 17.967, provider : network, dir : 2
07-10 01:06:34.485  5674  6793 D SLocation: LocationProcessingAlgorithm - entry condition - dist : 1801177.6 padding : 0.0, accuracy : 17.967, provider : network, dir : 2
07-10 01:06:34.486  5674  6793 D SLocation: LocationProcessingAlgorithm - entry condition - dist : 662.7076 padding : 0.0, accuracy : 17.967, provider : network, dir : 2
07-10 01:06:34.487  5674  6793 D SLocation: ReceiverPairWithWifi - ignore direction of location due to wifi, id =11reason=400
07-10 01:06:34.488  5674  6793 D SLocation: LocationProcessingAlgorithm - entry condition - dist : 428.23907 padding : 0.0, accuracy : 17.967, provider : network, dir : 1
07-10 01:06:34.488  5674  6793 D SLocation: GeopointReceiver - send geopoint result - 1
07-10 01:06:34.692  5674  9950 D PackageManager: setEnabledSetting : userId = 0 packageName = com.Slack cmp = androidx.work.impl.background.systemalarm.RescheduleReceiver newState = 1 callingPackage = 10329/com.Slack
07-10 01:06:34.694  5674  9950 D ApplicationPolicy: getApplicationStateEnabled : pkg = com.Slack userId : 0
07-10 01:06:34.696  5674  9950 D ApplicationPolicy: getApplicationComponentState : pkg = com.Slack userId : 0
07-10 01:06:34.734  5353  6075 V APM_AudioPolicyManager: setAppState(portId:1005, state:1)
07-10 01:06:34.735  5674  5745 W libprocessgroup: Failed to open /dev/blkio//cgroup.procs: No such file or directory
07-10 01:06:34.757 15049 15247 D ConnectivityManager: StackLog: [android.net.ConnectivityManager.sendRequestForNetwork(ConnectivityManager.java:4300)] [android.net.ConnectivityManager.registerDefaultNetworkCallbackForUid(ConnectivityManager.java:4864)] [android.net.ConnectivityManager.registerDefaultNetworkCallback(ConnectivityManager.java:4831)] [android.net.ConnectivityManager.registerDefaultNetworkCallback(ConnectivityManager.java:4805)] [androidx.work.impl.utils.NetworkApi24.registerDefaultNetworkCallbackCompat(Unknown Source:11)] [androidx.work.impl.constraints.trackers.NetworkStateTracker24.startTracking(Unknown Source:15)] [androidx.work.impl.constraints.controllers.ConstraintController.replace(Unknown Source:130)] [androidx.work.impl.constraints.WorkConstraintsTrackerImpl.replace(Unknown Source:41)] [androidx.work.impl.background.greedy.GreedyScheduler.schedule(Unknown Source:302)] [androidx.work.impl.Schedulers.schedule(Unknown Source:155)] [androidx.work.impl.utils.EnqueueRunnable.run(Unknown Source:53)] [androidx.work.Worker$2.run$androidx$work$impl$utils$SerialExecutorImpl$Task(Unknown Source:4)] [androidx.work.Worker$2.run(Unknown Source:868)] [java.util.concurrent.ThreadPoolExecutor.runWorker(ThreadPoolExecutor.java:1137)] [java.util.concurrent.ThreadPoolExecutor$Worker.run(ThreadPoolExecutor.java:637)] [java.lang.Thread.run(Thread.java:1012)]
07-10 01:06:34.760  5674  9919 D ConnectivityService: requestNetwork for uid/pid:10329/15049 activeRequest: null callbackRequest: 16588 [NetworkRequest [ REQUEST id=16589, [ Capabilities: INTERNET&NOT_RESTRICTED&TRUSTED&NOT_VCN_MANAGED Uid: 10329 RequestorUid: 10329 RequestorPkg: com.Slack UnderlyingNetworks: Null] ]] callback flags: 0 order: 2147483647
07-10 01:06:34.762  5674  6055 D ConnectivityService:    accepting network in place of null
07-10 01:06:34.767  5674  6045 D WifiNetworkFactory: got request NetworkRequest [ REQUEST id=16589, [ Capabilities: INTERNET&NOT_RESTRICTED&TRUSTED&NOT_VCN_MANAGED Uid: 10329 RequestorUid: 10329 RequestorPkg: com.Slack UnderlyingNetworks: Null] ]
07-10 01:06:34.768  5674  6045 D UntrustedWifiNetworkFactory: got request NetworkRequest [ REQUEST id=16589, [ Capabilities: INTERNET&NOT_RESTRICTED&TRUSTED&NOT_VCN_MANAGED Uid: 10329 RequestorUid: 10329 RequestorPkg: com.Slack UnderlyingNetworks: Null] ]
07-10 01:06:34.769  5674  6045 D OemPaidWifiNetworkFactory: got request NetworkRequest [ REQUEST id=16589, [ Capabilities: INTERNET&NOT_RESTRICTED&TRUSTED&NOT_VCN_MANAGED Uid: 10329 RequestorUid: 10329 RequestorPkg: com.Slack UnderlyingNetworks: Null] ]
07-10 01:06:34.770  5674  6045 D MultiInternetWifiNetworkFactory: got request NetworkRequest [ REQUEST id=16589, [ Capabilities: INTERNET&NOT_RESTRICTED&TRUSTED&NOT_VCN_MANAGED Uid: 10329 RequestorUid: 10329 RequestorPkg: com.Slack UnderlyingNetworks: Null] ]
07-10 01:06:34.774  5674  6055 D ConnectivityService: Rematched networks [computed 1ms] [applied 2ms] [issued 10]
07-10 01:06:34.774  5674  6055 D ConnectivityService: NetworkReassignment :
07-10 01:06:34.774  5674  6055 D ConnectivityService:   16589 : null → 118
07-10 01:06:34.788 15049 15049 D ConnectivityManager: StackLog: [android.net.ConnectivityManager.unregisterNetworkCallback(ConnectivityManager.java:4972)] [androidx.work.impl.utils.NetworkApi21.unregisterNetworkCallbackCompat(Unknown Source:11)] [androidx.work.impl.constraints.trackers.NetworkStateTracker24.stopTracking(Unknown Source:15)] [androidx.work.impl.constraints.trackers.ConstraintTracker.removeListener(Unknown Source:24)] [androidx.work.impl.constraints.controllers.ConstraintController.replace(Unknown Source:81)] [androidx.work.impl.constraints.WorkConstraintsTrackerImpl.replace(Unknown Source:41)] [androidx.work.impl.background.greedy.GreedyScheduler.onExecuted(Unknown Source:55)] [androidx.work.impl.Processor.onExecuted(Unknown Source:59)] [com.bugsnag.android.DeliveryDelegate$1.run(Unknown Source:212)]
07-10 01:06:34.790  5674  6055 D ConnectivityService:  Removing from current network [118 WIFI], leaving 163 requests.
07-10 01:06:34.802  5353  6075 V APM_AudioPolicyManager: setAppState(portId:1005, state:1)
07-10 01:06:34.805  5353  6075 V APM_AudioPolicyManager: setAppState(portId:1005, state:1)
07-10 01:06:37.509  5674  7726 D SemWifiUsabilityStatsMonitor: onWifiUsabilityStats - seqNum 21555, isSameBssidAndFreq true
07-10 01:06:37.512  5674  6128 I SemWifiLinkQualityMonitor: Link Qos Query: 0.082 ms / 97.333 Mbps (292 / 0.000 / 3.000)
07-10 01:06:38.468  5262  5262 E audit   : type=1400 audit(1688943998.465:69682): avc:  denied  { getattr } for  pid=5674 comm="BinderProcsColl" path="/sys/kernel/debug/binder/proc/5674" dev="debugfs" ino=32119 scontext=u:r:system_server:s0 tcontext=u:object_r:sec_debugfs:s0 tclass=file permissive=0 SEPF_SM-A515F_13_0001 audit_filtered
07-10 01:06:38.468  5262  5262 E audit   : type=1300 audit(1688943998.465:69682): arch=c00000b7 syscall=79 success=no exit=-13 a0=ffffff9c a1=7ad20c5910 a2=79df9bd680 a3=0 items=0 ppid=5287 pid=5674 auid=4294967295 uid=1000 gid=1000 euid=1000 suid=1000 fsuid=1000 egid=1000 sgid=1000 fsgid=1000 tty=(none) ses=4294967295 comm="BinderProcsColl" exe="/system/bin/app_process64" subj=u:r:system_server:s0 key=(null)
07-10 01:06:38.468  5262  5262 E audit   : type=1327 audit(1688943998.465:69682): proctitle="system_server"
07-10 01:06:39.448  6461  6566 D MobileStatusTracker(1/2): onSignalStrengthsChanged level=3, vendorLevel=3
07-10 01:06:39.455  6461  6566 D MobileSignalController(1/2): notifyListener: enabled=true, connected=true, dataConnected=false, networkType=LTE (4G), emergencyOnly=false, roaming=false, isDefault=false, dataActivity=, level=3, ca=false, mmWave=false, disabledDataIcon=false, simCard=ETC
07-10 01:06:39.455  6461  6566 D NetworkController: SignalStrength from intent slotId=1
07-10 01:06:40.571  5674  7726 D SemWifiUsabilityStatsMonitor: onWifiUsabilityStats - seqNum 21556, isSameBssidAndFreq true
07-10 01:06:40.577  5674  6128 I SemWifiLinkQualityMonitor: Link Qos Query: 0.082 ms / 97.333 Mbps (292 / 0.000 / 3.000)
07-10 01:06:43.623  5674  7726 D SemWifiUsabilityStatsMonitor: onWifiUsabilityStats - seqNum 21557, isSameBssidAndFreq true
07-10 01:06:43.626  5674  6128 I SemWifiLinkQualityMonitor: Link Qos Query: 0.046 ms / 175.500 Mbps (351 / 0.000 / 2.000)
07-10 01:06:43.626  6461  6461 D NetworkController.WifiSignalController: notifyListener: visible=true, connected=true, inetCondition=1, isDefault=true, wifiTestReported=true, receivedInetCondition=-1, hideDuringMobileSwitching=false
07-10 01:06:46.669  5674  7726 D SemWifiUsabilityStatsMonitor: onWifiUsabilityStats - seqNum 21558, isSameBssidAndFreq true
07-10 01:06:46.673  5674  6128 I SemWifiLinkQualityMonitor: Link Qos Query: 0.023 ms / 351.000 Mbps (351 / 0.000 / 1.000)
07-10 01:06:49.727  5674  7726 D SemWifiUsabilityStatsMonitor: onWifiUsabilityStats - seqNum 21559, isSameBssidAndFreq true
07-10 01:06:49.732  5674  6128 I SemWifiLinkQualityMonitor: Link Qos Query: 0.023 ms / 351.000 Mbps (351 / 0.000 / 1.000)
07-10 01:06:49.733  6461  6461 D NetworkController.WifiSignalController: notifyListener: visible=true, connected=true, inetCondition=1, isDefault=true, wifiTestReported=true, receivedInetCondition=-1, hideDuringMobileSwitching=false
07-10 01:06:52.783  5674  7726 D SemWifiUsabilityStatsMonitor: onWifiUsabilityStats - seqNum 21560, isSameBssidAndFreq true
07-10 01:06:52.785  5674  6128 I SemWifiLinkQualityMonitor: Link Qos Query: 0.023 ms / 351.000 Mbps (351 / 0.000 / 1.000)
07-10 01:06:53.099 11611 11645 D Benchmark: timeNs[ 0:10]: 50273039 47526500 47724885 47560115 47574039 47632693 47590885 47599731 47474231 47533923
07-10 01:06:53.099 11611 11645 D Benchmark: timeNs[10:20]: 47524077 47606308 47557346 47545538 47510462 47523154 47542000 47491154 47474231 47538846
07-10 01:06:53.099 11611 11645 D Benchmark: timeNs[20:30]: 47554308 47554462 47503654 47443038 47471038 47485154 47616577 47535500 47554539 47508270
07-10 01:06:53.100 11611 11645 D Benchmark: timeNs[30:40]: 47603769 47560538 47584539 47577500 47511808 47586423 47527192 47559770 47540692 47453115
07-10 01:06:53.100 11611 11645 D Benchmark: timeNs[40:50]: 47553192 47546192 47508000 47528423 47501923 47532269 47450616 47532500 47524039 47508384
07-10 01:06:53.345 11611 11645 D Benchmark: allocationCount[ 0:10]: 82 82 82 82 82
07-10 01:06:53.347 11611 11645 D Benchmark: Set 11645 (Bench thread) to priority -8. Was -20, now -8
07-10 01:06:53.347 11611 11645 D Benchmark: Set 11624 (Jit) to priority 9. Was -15, now 9
07-10 01:06:53.348 11611 11645 D Benchmark: Warmup: t=8.013, iter=159, fastAvg=50522136, slowAvg=97257008
07-10 01:06:53.351 11611 11645 I PerfettoCapture: Stopping perfetto.
07-10 01:06:53.396 11611 11645 D Benchmark: kill -TERM command output -
07-10 01:06:53.398 21374 21374 I perfetto:    perfetto_cmd.cc:1168 SIGINT/SIGTERM received: disabling tracing.
07-10 01:06:53.413  5424  5424 I perfetto:  probes_producer.cc:396 Producer stop (id=1277)
07-10 01:06:53.416  5424  5424 I perfetto:    ftrace_procfs.cc:342 disabled ftrace in /sys/kernel/tracing/
07-10 01:06:53.494  4380  4380 I hwservicemanager: getTransport: Cannot find entry android.hardware.atrace@1.0::IAtraceDevice/default in either framework or device VINTF manifest.
07-10 01:06:53.502  5424  5424 I perfetto:  probes_producer.cc:396 Producer stop (id=1278)
07-10 01:06:53.503  5424  5424 I perfetto:  probes_producer.cc:396 Producer stop (id=1279)
07-10 01:06:53.522 21374 21374 I perfetto:    perfetto_cmd.cc:1124 Trace written into the output file
07-10 01:06:53.539  5436  5436 I perfetto: ng_service_impl.cc:2426 Tracing session 320 ended, total sessions:0
07-10 01:06:54.032 11611 11645 D Benchmark: Waiting 500 ms for [ProcessPid(processName=perfetto, pid=21374)] to die
07-10 01:06:54.161 11611 11645 I PerfettoCapture: Writing to /storage/emulated/0/Android/data/org.jetbrains.android_benchmark.test/cache/Wolf3dBenchmark_mutableSpecificRefFloat_2023-07-09-23-06-53.perfetto-trace.
07-10 01:06:54.703 11611 11645 D Benchmark: Copying /storage/emulated/0/Android/data/org.jetbrains.android_benchmark.test/cache/Wolf3dBenchmark_mutableSpecificRefFloat_2023-07-09-23-06-53.perfetto-trace to /sdcard/Android/media/org.jetbrains.android_benchmark.test/additional_test_output/Wolf3dBenchmark_mutableSpecificRefFloat_2023-07-09-23-06-53.perfetto-trace
07-10 01:06:54.818  9843 21311 W MediaProvider: isAppCloneUserPair for user 0: false
07-10 01:06:54.961  9843 21311 W SQLiteLog: (28) walCheckpoint: eMode(0), mxFrame(1280), /data/user/0/com.google.android.providers.media.module/databases/external.db-wal
07-10 01:06:54.987  5674  5694 D SyncManager: userId - 0 auto - true
07-10 01:06:55.132  5674  5745 W libprocessgroup: Failed to open /dev/blkio//cgroup.procs: No such file or directory
07-10 01:06:55.147 16924 21779 I NetworkScheduler.Stats: (REDACTED) Task %s/%s started execution. cause:%s exec_start_elapsed_seconds: %s
07-10 01:06:55.192 16924 21821 I NetworkScheduler.Stats: (REDACTED) Task %s/%s finished executing. cause:%s result: %s elapsed_millis: %s uptime_millis: %s exec_start_elapsed_seconds: %s
07-10 01:06:55.196  5262  5262 E audit   : type=1400 audit(1688944015.193:69683): avc:  denied  { read } for  pid=21424 comm="binder:21424_3" name="u:object_r:perf_prop:s0" dev="tmpfs" ino=10663 scontext=u:r:untrusted_app:s0:c221,c256,c512,c768 tcontext=u:object_r:perf_prop:s0 tclass=file permissive=0 SEPF_SM-A515F_13_0001 audit_filtered
07-10 01:06:55.196  5262  5262 E audit   : type=1300 audit(1688944015.193:69683): arch=c00000b7 syscall=56 success=no exit=-13 a0=ffffff9c a1=7b7d27d2f8 a2=88000 a3=0 items=0 ppid=5287 pid=21424 auid=4294967295 uid=10221 gid=10221 euid=10221 suid=10221 fsuid=10221 egid=10221 sgid=10221 fsgid=10221 tty=(none) ses=4294967295 comm="binder:21424_3" exe="/system/bin/app_process64" subj=u:r:untrusted_app:s0:c221,c256,c512,c768 key=(null)
07-10 01:06:55.196  5262  5262 E audit   : type=1327 audit(1688944015.193:69683): proctitle="ru.mail.mailapp"
07-10 01:06:55.196  5262  5262 E audit   : type=1400 audit(1688944015.193:69684): avc:  denied  { read } for  pid=32306 comm="binder:32306_4" name="u:object_r:perf_prop:s0" dev="tmpfs" ino=10663 scontext=u:r:platform_app:s0:c512,c768 tcontext=u:object_r:perf_prop:s0 tclass=file permissive=0 SEPF_SM-A515F_13_0001 audit_filtered
07-10 01:06:55.196  5262  5262 E audit   : type=1300 audit(1688944015.193:69684): arch=c00000b7 syscall=56 success=no exit=-13 a0=ffffff9c a1=7b012ea2f8 a2=88000 a3=0 items=0 ppid=5287 pid=32306 auid=4294967295 uid=10254 gid=10254 euid=10254 suid=10254 fsuid=10254 egid=10254 sgid=10254 fsgid=10254 tty=(none) ses=4294967295 comm="binder:32306_4" exe="/system/bin/app_process64" subj=u:r:platform_app:s0:c512,c768 key=(null)
07-10 01:06:55.196  5262  5262 E audit   : type=1327 audit(1688944015.193:69684): proctitle="com.samsung.android.heartplugin:persistent"
07-10 01:06:55.196 32306   713 W libc    : Access denied finding property "sys.perf.boostopt"
07-10 01:06:55.197 21424 21440 W libc    : Access denied finding property "sys.perf.boostopt"
07-10 01:06:55.197 16924 16952 D BluetoothSocket: close() this: android.bluetooth.BluetoothSocket@bbd5a1a, channel: -1, mSocketIS: android.net.LocalSocketImpl$SocketInputStream@b2f794b, mSocketOS: android.net.LocalSocketImpl$SocketOutputStream@52daf28, mSocket: null, mSocketState: CLOSED
07-10 01:06:55.199 21284 21405 W libc    : Access denied finding property "sys.perf.boostopt"
07-10 01:06:55.201  5262  5262 E audit   : type=1400 audit(1688944015.197:69685): avc:  denied  { read } for  pid=21284 comm="binder:21284_4" name="u:object_r:perf_prop:s0" dev="tmpfs" ino=10663 scontext=u:r:untrusted_app:s0:c252,c256,c512,c768 tcontext=u:object_r:perf_prop:s0 tclass=file permissive=0 SEPF_SM-A515F_13_0001 audit_filtered
07-10 01:06:55.286  5674  5745 W libprocessgroup: Failed to open /dev/blkio//cgroup.procs: No such file or directory
07-10 01:06:55.292 29789 29789 D BoundBrokerSvc: onBind: Intent { act=com.google.android.gms.ocr.service.ModelCleanUpTaskService.ACTION_TASK_READY dat=chimera-action:/... cmp=com.google.android.gms/.chimera.GmsInternalBoundBrokerService }
07-10 01:06:55.292 29789 29789 D BoundBrokerSvc: Loading bound service for intent: Intent { act=com.google.android.gms.ocr.service.ModelCleanUpTaskService.ACTION_TASK_READY dat=chimera-action:/... cmp=com.google.android.gms/.chimera.GmsInternalBoundBrokerService }
07-10 01:06:55.319 16924 21779 I NetworkScheduler.Stats: (REDACTED) Task %s/%s started execution. cause:%s exec_start_elapsed_seconds: %s
07-10 01:06:55.405 16924 18859 I NetworkScheduler.Stats: (REDACTED) Task %s/%s finished executing. cause:%s result: %s elapsed_millis: %s uptime_millis: %s exec_start_elapsed_seconds: %s
07-10 01:06:55.405 29789 29789 D BoundBrokerSvc: onUnbind: Intent { act=com.google.android.gms.ocr.service.ModelCleanUpTaskService.ACTION_TASK_READY dat=chimera-action:/... cmp=com.google.android.gms/.chimera.GmsInternalBoundBrokerService }
07-10 01:06:55.463  9843 10427 I FuseDaemon: Threshold exceeded - fadvising 67133440
07-10 01:06:55.463  9843 10427 I FuseDaemon: Threshold now 0
07-10 01:06:55.493  5353  6075 V APM_AudioPolicyManager: setAppState(portId:1005, state:1)
07-10 01:06:55.493  5674  5745 W libprocessgroup: Failed to open /dev/blkio//cgroup.procs: No such file or directory
07-10 01:06:55.527 21179 21179 I SCS@AiSearch user 0: (ObserverWorker::AOSP_MP) [main] entering in startWork():
07-10 01:06:55.528 11611 11645 I Benchmark: Wolf3dBenchmark.mutableSpecificRefFloat[Metric (timeNs) results: median 4.7537173E7, min 4.7443038E7, max 5.0273039E7, standardDeviation: 389832.01270368724, Metric (allocationCount) results: median 82.0, min 82.0, max 82.0, standardDeviation: 0.0]count=1
07-10 01:06:55.529 21179 21179 I SCS@AiSearch user 0: (BaseCollector::AOSP_MP) [main] entering in onChange():
07-10 01:06:55.531 21179 21256 I SCS@AiSearch user 0: (BaseCollector::AOSP_MP) [AOSP_MP-0] entering in collectChanges():
07-10 01:06:55.534 11611 11645 D Benchmark: writing results to /storage/emulated/0/Android/data/org.jetbrains.android_benchmark.test/cache/org.jetbrains.android_benchmark.test-benchmarkData.json
07-10 01:06:55.542 11611 11645 D Benchmark: Copying /storage/emulated/0/Android/data/org.jetbrains.android_benchmark.test/cache/org.jetbrains.android_benchmark.test-benchmarkData.json to /sdcard/Android/media/org.jetbrains.android_benchmark.test/additional_test_output/org.jetbrains.android_benchmark.test-benchmarkData.json
07-10 01:06:55.600  5674  9919 D PackageManager: setEnabledSetting : userId = 0 packageName = com.samsung.android.scs cmp = androidx.work.impl.background.systemalarm.RescheduleReceiver newState = 1 callingPackage = 10380/com.samsung.android.scs
07-10 01:06:55.601  5674  9919 D ApplicationPolicy: getApplicationStateEnabled : pkg = com.samsung.android.scs userId : 0
07-10 01:06:55.603  5674  9919 D ApplicationPolicy: getApplicationComponentState : pkg = com.samsung.android.scs userId : 0
07-10 01:06:55.637  9843 21990 I MediaProvider: Deleted 0 0 0 0 0 0 0 items on external_primary due to org.jetbrains.android_benchmark.test
07-10 01:06:55.652 11611 11645 I TestRunner: finished: mutableSpecificRefFloat(org.jetbrains.android_benchmark.Wolf3dBenchmark)
