07-10 01:29:09.337  6461  6461 D NetworkController.WifiSignalController: notifyListener: visible=true, connected=true, inetCondition=1, isDefault=true, wifiTestReported=true, receivedInetCondition=-1, hideDuringMobileSwitching=false
07-10 01:29:12.392  5674  7726 D SemWifiUsabilityStatsMonitor: onWifiUsabilityStats - seqNum 22000, isSameBssidAndFreq true
07-10 01:29:12.394  5674  6128 I SemWifiLinkQualityMonitor: Link Qos Query: 0.034 ms / 234.000 Mbps (351 / 0.000 / 1.500)
07-10 01:29:13.179  5262  5262 E audit   : type=1400 audit(1688945353.177:70071): avc:  denied  { getattr } for  pid=5674 comm="BinderProcsColl" path="/sys/kernel/debug/binder/proc/5674" dev="debugfs" ino=32119 scontext=u:r:system_server:s0 tcontext=u:object_r:sec_debugfs:s0 tclass=file permissive=0 SEPF_SM-A515F_13_0001 audit_filtered
07-10 01:29:13.179  5262  5262 E audit   : type=1300 audit(1688945353.177:70071): arch=c00000b7 syscall=79 success=no exit=-13 a0=ffffff9c a1=7ad23315f0 a2=79c600c680 a3=0 items=0 ppid=5287 pid=5674 auid=4294967295 uid=1000 gid=1000 euid=1000 suid=1000 fsuid=1000 egid=1000 sgid=1000 fsgid=1000 tty=(none) ses=4294967295 comm="BinderProcsColl" exe="/system/bin/app_process64" subj=u:r:system_server:s0 key=(null)
07-10 01:29:13.180  5262  5262 E audit   : type=1327 audit(1688945353.177:70071): proctitle="system_server"
07-10 01:29:15.424  5674  7726 D SemWifiUsabilityStatsMonitor: onWifiUsabilityStats - seqNum 22001, isSameBssidAndFreq true
07-10 01:29:15.428  6461  6461 D NetworkController.WifiSignalController: notifyListener: visible=true, connected=true, inetCondition=1, isDefault=true, wifiTestReported=true, receivedInetCondition=-1, hideDuringMobileSwitching=false
07-10 01:29:15.429  5674  6128 I SemWifiLinkQualityMonitor: Link Qos Query: 0.034 ms / 234.000 Mbps (351 / 0.000 / 1.500)
07-10 01:29:16.796  9837 10033 I SemDvfsHyPerManager: acquire hyper - SIOP_ARM_MAX/9837@2, type = 301993986
07-10 01:29:16.796  5313  5394 I HYPER-HAL: [RequestManager.cpp]acquire(): Acquired ID : 48407882  [9837 / 2]    HINT :      list : [CPUMaxFreq / 1768000]
07-10 01:29:17.031 31135 31445 I BluetoothAdapter: STATE_ON
07-10 01:29:17.045 31135 31445 D BluetoothGatt: connect() - device: 645DF4_1, auto: false
07-10 01:29:17.046 31135 31445 D BluetoothGatt: registerApp()
07-10 01:29:17.048 31135 31445 D BluetoothGatt: registerApp() - UUID=cf23b2fc-579c-4a85-ae6d-8aa091d736ba
07-10 01:29:17.092 15865 15898 D BtGatt.GattService: registerClient(com.google.android.googlequicksearchbox) - UUID=cf23b2fc-579c-4a85-ae6d-8aa091d736ba
07-10 01:29:17.100 15865 15898 D BtGatt.ContextMap: add() - appUid: 10233, appPid: 31135, appName: com.google.android.googlequicksearchbox
07-10 01:29:17.109 15865 16649 W bt_bta_gattc: bta_gattc_register :: state: 2, uuid=cf23b2fc-579c-4a85-ae6d-8aa091d736ba
07-10 01:29:17.111 15865 16649 W bt_bta_gattc: Registered GATT client interface 6 with uuid=cf23b2fc-579c-4a85-ae6d-8aa091d736ba, starting it on main thread
07-10 01:29:17.112 15865 16649 W bt_bta_gattc: client_if=6
07-10 01:29:17.113 15865 16182 D BtGatt.GattService: onClientRegistered() - UUID=cf23b2fc-579c-4a85-ae6d-8aa091d736ba, clientIf=6
07-10 01:29:17.115 31135 31445 I GattConnObserver: GATT connect started, beginning countdown timer
07-10 01:29:17.118 31135  1898 D BluetoothGatt: onClientRegistered() - status=0 clientIf=6
07-10 01:29:17.145 15865 15898 D BtGatt.GattService: clientConnect(com.google.android.googlequicksearchbox) - address = 645DF4_1, isDirect=true transport =2 set own addr = false own addr type:0, clientIf: 6, opportunistic=false, phy: 1
07-10 01:29:17.153 15865 16649 W bt_btm_ble: BTM_SecAddBleDevice :: dev_type=0x3
07-10 01:29:17.154 15865 16649 W bt_bta_gattc: bta_gattc_process_api_open
07-10 01:29:17.159 15865 16649 I bt_stack: [INFO:bta_gattc_main.cc(314)] bta_gattc_sm_execute: State 0x00, Event 0x1f00
07-10 01:29:17.161 15865 16649 W bt_bta_gattc: bta_gattc_open
07-10 01:29:17.163 15865 16649 W bt_stack: [WARNING:gatt_api.cc(1238)] GATT_Connect
07-10 01:29:17.166 15865 16649 W bt_stack: Starting direct connect gatt_if=6 address=645df4
07-10 01:29:17.168 15865 16649 W bt_stack: gatt_act_connect
07-10 01:29:17.173 15865 16649 I bt_stack: [INFO:gatt_attr.cc(886)] gatt_sr_init_cl_status: bda=645df4, cl_supp_feat=0000, aware=1
07-10 01:29:17.176 15865 16649 W bt_stack: gatt_connect
07-10 01:29:17.177 15865 16649 W bt_stack: gatt_connect :: call acl_create_le_connection_with_id
07-10 01:29:17.181 15865 16649 W btm_acl : Creating le direct connection to:xx:xx:xx:xx:b3:b1[public]
07-10 01:29:17.184 15865 16649 W bt_stack: AcceptLeConnectionFrom xx:xx:xx:xx:b3:b1
07-10 01:29:17.185 15865 16587 W bt_stack: Allow Le connection from remote:xx:xx:xx:xx:b3:b1[PUBLIC_DEVICE_ADDRESS]
07-10 01:29:17.190 15865 16587 W bt_stack: create_le_connection :: address : 64:5d:f4, add_to_connect_list : 1, is_direct : 1
07-10 01:29:17.191 15865 16587 W bt_stack: add_device_to_connect_list 64:5d:f4 :: Send command after register
07-10 01:29:17.193 15865 16587 W bt_stack: add_device_to_connect_list :: Device is found in security db(64:5d:f4 -> 645df4)
07-10 01:29:17.193 15865 16587 W bt_stack: add_device_to_connect_list :: set address_with_type as identity_addr
07-10 01:29:17.194 15865 16587 W bt_stack: Fast Connection Mode is already Set!!!
07-10 01:29:17.195 15865 16587 W bt_stack: Deferred until filter accept list has completed
07-10 01:29:17.196 15865 16587 W bt_stack: pause_registered_clients()
07-10 01:29:17.197 15865 16587 W bt_stack: le_scanning_manager :: OnPause()
07-10 01:29:17.198 15865 16587 W bt_stack: Stop LeSetScanEnable
07-10 01:29:17.199 15865 16587 W bt_stack: le_scanning_manager :: OnPause() - call AckPause
07-10 01:29:17.200 15865 16587 W bt_stack: le_impl :: OnPause()
07-10 01:29:17.200 15865 16587 W bt_stack: le_impl :: ConnectabilityState is DISARMED. Call AckPause()
07-10 01:29:17.201 15865 16587 W bt_stack: pause_registered_clients()
07-10 01:29:17.208 15865 16587 W bt_stack: le_address_manager :: ack_pause()
07-10 01:29:17.208 15865 16587 W bt_stack: le_address_manager :: ack_pause() - make sure all client paused. Return
07-10 01:29:17.208 15865 16587 W bt_stack: le_address_manager :: ack_pause()
07-10 01:29:17.208 15865 16587 W bt_stack: le_address_manager :: ack_pause() - handle_next_command
07-10 01:29:17.209 15865 16587 W bt_stack: handle_next_command()
07-10 01:29:17.224 15865 16587 W bt_stack: Received command complete with op_code LE_ADD_DEVICE_TO_FILTER_ACCEPT_LIST
07-10 01:29:17.224 15865 16587 W bt_stack: handle_next_command()
07-10 01:29:17.232 15865 16587 W bt_stack: Received command complete with op_code LE_ADD_DEVICE_TO_FILTER_ACCEPT_LIST
07-10 01:29:17.233 15865 16587 W bt_stack: le_scanning_manager :: OnResume()
07-10 01:29:17.233 15865 16587 W bt_stack: Start LeSetScan
07-10 01:29:17.233 15865 16587 W bt_stack: le_scanning_manager :: OnResume() - call AckResume
07-10 01:29:17.234 15865 16587 W bt_stack: le_impl :: OnResume()
07-10 01:29:17.234 15865 16587 W bt_stack: le_impl :: OnResume - Try arm connectability
07-10 01:29:17.234 15865 16587 W bt_stack: arm_connectability()
07-10 01:29:17.236 15865 16587 W bt_stack: le_impl :: check_for_unregister()
07-10 01:29:17.237 15865 16587 W bt_stack: le_address_manager :: ack_resume()
07-10 01:29:17.238 15865 16587 W bt_stack: le_address_manager :: ack_resume()
07-10 01:29:17.246 15865 16587 E bt_stack: on_create_connection :: Command status is success. Set ConnectabilityState to ARMED
07-10 01:29:18.470  5674  7726 D SemWifiUsabilityStatsMonitor: onWifiUsabilityStats - seqNum 22002, isSameBssidAndFreq true
07-10 01:29:18.473  5674  6128 I SemWifiLinkQualityMonitor: Link Qos Query: 0.034 ms / 234.000 Mbps (351 / 0.000 / 1.500)
07-10 01:29:21.133 31135 31148 I hbox:interactor: Background young concurrent copying GC freed 75737(6502KB) AllocSpace objects, 0(0B) LOS objects, 43% free, 8397KB/14MB, paused 490us,91us total 161.224ms
07-10 01:29:21.523  5674  7726 D SemWifiUsabilityStatsMonitor: onWifiUsabilityStats - seqNum 22003, isSameBssidAndFreq true
07-10 01:29:21.526  5674  6128 I SemWifiLinkQualityMonitor: Link Qos Query: 0.034 ms / 234.000 Mbps (351 / 0.000 / 1.500)
07-10 01:29:21.792  5674  6164 D WifiConnectivityMonitor: Stop WCM Poll. cnt : 9
07-10 01:29:22.119 31135 31135 W GattConnObserver: GATT connect timeout!
07-10 01:29:22.124 31135 31135 D BluetoothGatt: cancelOpen() - device: 645DF4_1
07-10 01:29:22.128 15865 15898 D BtGatt.GattService: clientDisconnect(com.google.android.googlequicksearchbox) - address=645DF4_1, connId=null, clientIf: 6
07-10 01:29:22.137 15865 16649 W bt_bta_gattc: bta_gattc_process_api_open_cancel
07-10 01:29:22.137 15865 16649 W bt_bta_gattc: Cancel GATT client direct connection
07-10 01:29:22.137 15865 16649 I bt_stack: [INFO:bta_gattc_main.cc(314)] bta_gattc_sm_execute: State 0x01, Event 0x1f02
07-10 01:29:22.138 15865 16649 W bt_bta_gattc: bta_gattc_cancel_open
07-10 01:29:22.140 15865 16649 W bt_stack: [WARNING:gatt_api.cc(1322)] GATT_CancelConnect: gatt_if:6, address: 645df4, direct:1
07-10 01:29:22.141 15865 16649 W bt_stack: gatt_disconnect
07-10 01:29:22.142 15865 16649 W bt_stack: Unable to find background connection to remove
07-10 01:29:22.142 15865 16649 W bt_stack: BTM_AcceptlistRemove
07-10 01:29:22.143 15865 16649 W bt_stack: IgnoreLeConnectionFrom xx:xx:xx:xx:b3:b1
07-10 01:29:22.144 15865 16587 W bt_stack: Ignore Le connection from remote:xx:xx:xx:xx:b3:b1[PUBLIC_DEVICE_ADDRESS]
07-10 01:29:22.145 15865 16649 W gatt_utils: gatt_cleanup_upon_disc
07-10 01:29:22.146 15865 16587 W bt_stack: cancel_connection_and_remove_device_from_background_connection_list 64:5d:f4
07-10 01:29:22.146 15865 16649 W gatt_utils: gatt_cleanup_upon_disc :: GATT_CH_CLOSE
07-10 01:29:22.146 15865 16587 W bt_stack: remove_device_from_background_connection_list 64:5d:f4
07-10 01:29:22.146 15865 16587 W bt_stack: cancel_connect 64:5d:f4
07-10 01:29:22.146 15865 16649 W bt_stack: Unable to find background connection to remove
07-10 01:29:22.146 15865 16649 I bt_stack: [INFO:bta_gattc_main.cc(314)] bta_gattc_sm_execute: State 0x01, Event 0x1f03
07-10 01:29:22.147 15865 16649 W bt_bta_gattc: bta_gattc_cancel_open_ok
07-10 01:29:22.148 15865 16587 W bt_stack: remove_device_from_connect_list 64:5d:f4 :: Send command after register
07-10 01:29:22.148 15865 16649 W bt_bta_gattc: bta_gattc_process_api_open_cancel
07-10 01:29:22.148 15865 16649 W bt_bta_gattc: Cancel GATT client background connection
07-10 01:29:22.148 15865 16649 W bt_bta_gattc: bta_gattc_cancel_bk_conn
07-10 01:29:22.149 15865 16587 W bt_stack: remove_device_from_connect_list :: Device is found in security db(64:5d:f4 -> 645df4)
07-10 01:29:22.149 15865 16587 W bt_stack: remove_device_from_connect_list :: set address_with_type as identity_addr
07-10 01:29:22.149 15865 16587 W bt_stack: pause_registered_clients()
07-10 01:29:22.149 15865 16587 W bt_stack: le_scanning_manager :: OnPause()
07-10 01:29:22.149 15865 16587 W bt_stack: Stop LeSetScanEnable
07-10 01:29:22.149 15865 16587 W bt_stack: le_scanning_manager :: OnPause() - call AckPause
07-10 01:29:22.149 15865 16587 W bt_stack: le_impl :: OnPause()
07-10 01:29:22.151 15865 16587 W bt_stack: le_impl :: Try to disarm connectability
07-10 01:29:22.152 15865 16649 E bt_stack: [ERROR:bta_gattc_utils.cc(447)] bta_gattc_mark_bg_conn unable to find the bg connection mask for bd_addr=645df4
07-10 01:29:22.152 15865 16587 W bt_stack: disarm_connectability()
07-10 01:29:22.152 15865 16587 W bt_stack: Pause Background Connection
07-10 01:29:22.152 15865 16649 E bta_gattc_main: Ignore unknown conn ID: 3
07-10 01:29:22.152 15865 16649 E bta_gattc_main: Ignore unknown conn ID: 4
07-10 01:29:22.152 15865 16587 W bt_stack: pause_registered_clients()
07-10 01:29:22.152 15865 16649 E bta_gattc_main: Ignore unknown conn ID: 5
07-10 01:29:22.152 15865 16649 E bta_gattc_main: Ignore unknown conn ID: 6
07-10 01:29:22.153 15865 16587 W bt_stack: le_address_manager :: ack_pause()
07-10 01:29:22.153 15865 16587 W bt_stack: le_address_manager :: ack_pause() - make sure all client paused. Return
07-10 01:29:22.163 15865 16587 W bt_stack: on_le_enhanced_connection_complete()
07-10 01:29:22.163 15865 16587 W bt_stack: on_le_enhanced_connection_complete :: Role is central. Set connectability to DISARMED
07-10 01:29:22.163 15865 16587 W bt_stack: on_le_enhanced_connection_complete :: pause_connection : 1
07-10 01:29:22.163 15865 16587 W bt_stack: on_le_connection_canceled_on_pause(). Set connectability to DISARMED
07-10 01:29:22.163 15865 16587 W bt_stack: le_address_manager :: ack_pause()
07-10 01:29:22.163 15865 16587 W bt_stack: le_address_manager :: ack_pause() - handle_next_command
07-10 01:29:22.163 15865 16587 W bt_stack: handle_next_command()
07-10 01:29:22.165 31135 31446 I BistoGattHelper: (REDACTED) [%s] GATT disconnected
07-10 01:29:22.169 15865 16587 W bt_stack: Received command complete with op_code LE_REMOVE_DEVICE_FROM_FILTER_ACCEPT_LIST
07-10 01:29:22.169 15865 16587 W bt_stack: handle_next_command()
07-10 01:29:22.173 15865 16587 W bt_stack: Received command complete with op_code LE_REMOVE_DEVICE_FROM_FILTER_ACCEPT_LIST
07-10 01:29:22.173 15865 16587 W bt_stack: le_scanning_manager :: OnResume()
07-10 01:29:22.173 15865 16587 W bt_stack: Start LeSetScan
07-10 01:29:22.173 15865 16587 W bt_stack: le_scanning_manager :: OnResume() - call AckResume
07-10 01:29:22.173 15865 16587 W bt_stack: le_impl :: OnResume()
07-10 01:29:22.174 15865 16587 W bt_stack: le_impl :: OnResume - Try arm connectability
07-10 01:29:22.174 15865 16587 W bt_stack: arm_connectability()
07-10 01:29:22.174 15865 16587 W bt_stack: le_impl :: check_for_unregister()
07-10 01:29:22.174 31135 31446 I RemotePeerStateCommunicator: (REDACTED) RemotePeerStateCommunicator scheduling message : %d, action: %s, device id : %s
07-10 01:29:22.174 15865 16587 W bt_stack: le_address_manager :: ack_resume()
07-10 01:29:22.175 15865 16587 W bt_stack: le_address_manager :: ack_resume()
07-10 01:29:22.180 31135 31446 I BistoGattHelper: (REDACTED) [%s] close
07-10 01:29:22.194 31135 31446 I BistoGattHelper: (REDACTED) [%s] executeNextShutdownOperation
07-10 01:29:22.194 31135 31446 D BluetoothGatt: close()
07-10 01:29:22.198 31135 31446 D BluetoothGatt: unregisterApp() - mClientIf=6
07-10 01:29:22.202 15865 15898 D BtGatt.GattService: unregisterClient(com.google.android.googlequicksearchbox) - clientIf=6
07-10 01:29:22.204 15865 15898 D BtGatt.ContextMap: remove() - id: 6
07-10 01:29:22.204 15865 15898 E BtGatt.ContextMap: remove() - removed: 6
07-10 01:29:22.207 15865 16649 W bt_bta_gattc: bta_gattc_deregister
07-10 01:29:22.207 15865 16649 I bt_stack: [INFO:gatt_api.cc(1111)] GATT_Deregister gatt_if=6
07-10 01:29:22.207 15865 16649 W bt_stack: on_app_deregistered :: app_id=6
07-10 01:29:22.207 15865 16649 I bt_stack: [INFO:gatt_api.cc(1164)] Initialize tGATT_REG
07-10 01:29:22.213 31135 31446 I BistoGattHelper: (REDACTED) [%s] GATT released
07-10 01:29:22.213 31135 31446 I BistoGattHelper: (REDACTED) [%s] close
07-10 01:29:22.214 31135 31446 I BistoGattHelper: (REDACTED) [%s] executeNextShutdownOperation
07-10 01:29:22.225 31135 31446 E GmuTls  : You must initialize the system with proper values before handshake
07-10 01:29:22.353  5674  6213 D NetdEventListenerService: DNS Requested by : 118, 10226
07-10 01:29:22.967  5353  6075 V APM_AudioPolicyManager: setAppState(portId:1005, state:1)
07-10 01:29:22.968  5674  5745 W libprocessgroup: Failed to open /dev/blkio//cgroup.procs: No such file or directory
07-10 01:29:23.077  5674  6593 D PackageManager: setEnabledSetting : userId = 0 packageName = com.google.android.apps.photos cmp = androidx.work.impl.background.systemjob.SystemJobService newState = 1 callingPackage = 10252/com.google.android.apps.photos
07-10 01:29:23.079  5674  6593 D ApplicationPolicy: getApplicationStateEnabled : pkg = com.google.android.apps.photos userId : 0
07-10 01:29:23.081  5674  6593 D ApplicationPolicy: getApplicationComponentState : pkg = com.google.android.apps.photos userId : 0
07-10 01:29:23.341 25837 27969 D CompatibilityChangeReporter: Compat change id reported: 160794467; UID 10252; state: ENABLED
07-10 01:29:23.459  5353  6075 V APM_AudioPolicyManager: setAppState(portId:1005, state:1)
07-10 01:29:23.462  5353  6075 V APM_AudioPolicyManager: setAppState(portId:1005, state:1)
07-10 01:29:23.486  5674  5745 W libprocessgroup: Failed to open /dev/blkio//cgroup.procs: No such file or directory
07-10 01:29:23.487  5353  6075 V APM_AudioPolicyManager: setAppState(portId:1005, state:1)
07-10 01:29:24.481 16924 16924 D BoundBrokerSvc: onBind: Intent { act=com.google.android.gms.phenotype.service.START pkg=com.google.android.gms }
07-10 01:29:24.481 16924 16924 D BoundBrokerSvc: Loading bound service for intent: Intent { act=com.google.android.gms.phenotype.service.START pkg=com.google.android.gms }
07-10 01:29:24.563  5674  7726 D SemWifiUsabilityStatsMonitor: onWifiUsabilityStats - seqNum 22004, isSameBssidAndFreq true
07-10 01:29:24.568  5674  6128 I SemWifiLinkQualityMonitor: Link Qos Query: 0.034 ms / 234.000 Mbps (390 / 0.000 / 1.667)
07-10 01:29:24.568  6461  6461 D NetworkController.WifiSignalController: notifyListener: visible=true, connected=true, inetCondition=1, isDefault=true, wifiTestReported=true, receivedInetCondition=-1, hideDuringMobileSwitching=false
07-10 01:29:24.760  5674  9681 D PackageManager: setEnabledSetting : userId = 0 packageName = com.google.android.apps.photos cmp = androidx.work.impl.background.systemalarm.RescheduleReceiver newState = 1 callingPackage = 10252/com.google.android.apps.photos
07-10 01:29:24.762  5674  9681 D ApplicationPolicy: getApplicationStateEnabled : pkg = com.google.android.apps.photos userId : 0
07-10 01:29:24.763  5674  9681 D ApplicationPolicy: getApplicationComponentState : pkg = com.google.android.apps.photos userId : 0
07-10 01:29:24.786  5674  5745 W libprocessgroup: Failed to open /dev/blkio//cgroup.procs: No such file or directory
07-10 01:29:24.855 25837 27971 D ConnectivityManager: StackLog: [android.net.ConnectivityManager.sendRequestForNetwork(ConnectivityManager.java:4300)] [android.net.ConnectivityManager.registerDefaultNetworkCallbackForUid(ConnectivityManager.java:4864)] [android.net.ConnectivityManager.registerDefaultNetworkCallback(ConnectivityManager.java:4831)] [android.net.ConnectivityManager.registerDefaultNetworkCallback(ConnectivityManager.java:4805)] [dgu.a(PG:2)] [def.d(PG:2)] [ddo.b(PG:9)] [ddo.a(PG:1)] [aufl.d(PG:1)] [aufk.c(PG:3)] [augp.b(PG:2)] [atvt.e(PG:5)] [aubx.run(PG:12)] [dhi.run(PG:1)] [java.util.concurrent.ThreadPoolExecutor.runWorker(ThreadPoolExecutor.java:1137)] [java.util.concurrent.ThreadPoolExecutor$Worker.run(ThreadPoolExecutor.java:637)] [java.lang.Thread.run(Thread.java:1012)]
07-10 01:29:24.859  5674  6523 D ConnectivityService: requestNetwork for uid/pid:10252/25837 activeRequest: null callbackRequest: 16737 [NetworkRequest [ REQUEST id=16738, [ Capabilities: INTERNET&NOT_RESTRICTED&TRUSTED&NOT_VCN_MANAGED Uid: 10252 RequestorUid: 10252 RequestorPkg: com.google.android.apps.photos UnderlyingNetworks: Null] ]] callback flags: 0 order: 2147483647
07-10 01:29:24.862  5674  6055 D ConnectivityService:    accepting network in place of null
07-10 01:29:24.869  5674  6045 D WifiNetworkFactory: got request NetworkRequest [ REQUEST id=16738, [ Capabilities: INTERNET&NOT_RESTRICTED&TRUSTED&NOT_VCN_MANAGED Uid: 10252 RequestorUid: 10252 RequestorPkg: com.google.android.apps.photos UnderlyingNetworks: Null] ]
07-10 01:29:24.870  5674  6045 D UntrustedWifiNetworkFactory: got request NetworkRequest [ REQUEST id=16738, [ Capabilities: INTERNET&NOT_RESTRICTED&TRUSTED&NOT_VCN_MANAGED Uid: 10252 RequestorUid: 10252 RequestorPkg: com.google.android.apps.photos UnderlyingNetworks: Null] ]
07-10 01:29:24.871  5674  6045 D OemPaidWifiNetworkFactory: got request NetworkRequest [ REQUEST id=16738, [ Capabilities: INTERNET&NOT_RESTRICTED&TRUSTED&NOT_VCN_MANAGED Uid: 10252 RequestorUid: 10252 RequestorPkg: com.google.android.apps.photos UnderlyingNetworks: Null] ]
07-10 01:29:24.871  5674  6045 D MultiInternetWifiNetworkFactory: got request NetworkRequest [ REQUEST id=16738, [ Capabilities: INTERNET&NOT_RESTRICTED&TRUSTED&NOT_VCN_MANAGED Uid: 10252 RequestorUid: 10252 RequestorPkg: com.google.android.apps.photos UnderlyingNetworks: Null] ]
07-10 01:29:24.873  5674  6055 D ConnectivityService: Rematched networks [computed 1ms] [applied 2ms] [issued 9]
07-10 01:29:24.873  5674  6055 D ConnectivityService: NetworkReassignment :
07-10 01:29:24.873  5674  6055 D ConnectivityService:   16738 : null → 118
07-10 01:29:26.831  9837 10033 I SemDvfsHyPerManager: acquire hyper - SIOP_ARM_MAX/9837@2, type = 301993986
07-10 01:29:26.834  5313  5394 I HYPER-HAL: [RequestManager.cpp]acquire(): Acquired ID : 48407882  [9837 / 2]    HINT :      list : [CPUMaxFreq / 1664000]
07-10 01:29:26.989 31135 32652 I native  : I0000 00:00:1688945366.988907   32652 soda_async_impl.cc:1540] Current audio timestamp: 1688945366620242
07-10 01:29:27.214 31135 31441 W BistoGattHelper: (REDACTED) [%s] GATT already released after un-subscribing, doing nothing.
07-10 01:29:27.597  5674  7726 D SemWifiUsabilityStatsMonitor: onWifiUsabilityStats - seqNum 22005, isSameBssidAndFreq true
07-10 01:29:27.600  5674  6128 I SemWifiLinkQualityMonitor: Link Qos Query: 0.034 ms / 234.000 Mbps (390 / 0.000 / 1.667)
07-10 01:29:27.600  6461  6461 D NetworkController.WifiSignalController: notifyListener: visible=true, connected=true, inetCondition=1, isDefault=true, wifiTestReported=true, receivedInetCondition=-1, hideDuringMobileSwitching=false
07-10 01:29:27.698 25837 27972 D ConnectivityManager: StackLog: [android.net.ConnectivityManager.unregisterNetworkCallback(ConnectivityManager.java:4972)] [dgs.b(PG:2)] [def.e(PG:2)] [ddn.a(PG:9)] [attb.aW(PG:8)] [auey.b(Unknown Source:10)] [atvt.e(PG:5)] [aubx.run(PG:11)] [dhi.run(PG:1)] [java.util.concurrent.ThreadPoolExecutor.runWorker(ThreadPoolExecutor.java:1137)] [java.util.concurrent.ThreadPoolExecutor$Worker.run(ThreadPoolExecutor.java:637)] [java.lang.Thread.run(Thread.java:1012)]
07-10 01:29:27.701  5674  6055 D ConnectivityService:  Removing from current network [118 WIFI], leaving 158 requests.
07-10 01:29:27.711  5674 27981 D TrafficStats: tagSocket(1012) with statsTag=0xffffffff, statsUid=-1
07-10 01:29:27.920  5674 27981 D WifiConnectivityMonitor.DnsThread:  [|211]
07-10 01:29:27.921  5674  6182 D WifiConnectivityMonitor.NetworkStatsAnalyzer: DNS resultType : 0, responseTime : 211
07-10 01:29:27.922  5674  6164 D OpenNetworkQos[4.00]: updateBssidLatestDnsResultType - result: 0
07-10 01:29:27.922  5674  6164 D OpenNetworkQos[4.00]: updateBssidNoInternet: mBssidNoInternet = false
07-10 01:29:27.922  5674  6164 D OpenNetworkQos[4.00]: getOpenNetworkQosNoInternetStatus: false
07-10 01:29:27.922  5674  6164 D OpenNetworkQos[4.00]: getOpenNetworkQosScores: 26 26 26
07-10 01:29:27.930  5674  6164 I WifiProfileShare: network QoS data was changed (internet), updateQoSData networkType: true, qosData: false
07-10 01:29:27.931  5674  7451 V WifiProfileShare.Caster: update wips network, size: 0
07-10 01:29:27.931  5674  7451 D WifiProfileShare: nearby scanning settings run
07-10 01:29:27.931  5674  7451 D WifiProfileShare: network score provider settings enabled
07-10 01:29:27.932  5674  7451 D OpenNetworkQos[4.00]: getOpenNetworkQosScores: 26 26 26
07-10 01:29:27.932  5674  7451 D OpenNetworkQos[4.00]: getOpenNetworkQosNoInternetStatus: false
07-10 01:29:27.933  5674  7451 I WifiProfileShare.Caster: current network type: 0, score: [26, 26, 26]
07-10 01:29:27.934  5674  7451 V WifiProfileShare.Cache: update network score 00:e4:06:**:**:90
07-10 01:29:27.934  5674  7451 D WifiProfileShare.ScanMatcher: getMcfDataList size:2
07-10 01:29:27.935  5674  7451 I WifiProfileShare.Caster: qos data was updated , before:type:QOS, pBssid:51:2e:90, qosData:7c after:type:QOS, pBssid:51:2e:90, qosData:7c
07-10 01:29:27.945  5674  7451 I [MCFSDK_android_1.2.4010]_4_b: isNetworkEnabled - type : 1 ret : true
07-10 01:29:27.945  5674  7451 D WifiProfileShare.McfCast: -ME--- mIsNetworkEnabled :true
07-10 01:29:27.945  5674  7451 D WifiProfileShare.McfCast: updateQoSData ignored, same contents
07-10 01:29:27.945  5674  7451 D WifiProfileShare.MCF: success update QosData !
07-10 01:29:27.948  5674  7451 I [MCFSDK_android_1.2.4010]_4_b: isNetworkEnabled - type : 1 ret : true
07-10 01:29:27.948  5674  7451 D WifiProfileShare.McfCast: -ME--- mIsNetworkEnabled :true
07-10 01:29:27.948  5674  7451 D WifiProfileShare.McfCast: -ME--- updatePasswordDate pwdData size:2
07-10 01:29:28.668 31135 31447 I A       : (REDACTED) #onAudioData: %s bytes, getAudioReadSize %s
07-10 01:29:30.635  5674  7726 D SemWifiUsabilityStatsMonitor: onWifiUsabilityStats - seqNum 22006, isSameBssidAndFreq true
07-10 01:29:30.638  5674  6128 I SemWifiLinkQualityMonitor: Link Qos Query: 0.041 ms / 195.000 Mbps (390 / 0.000 / 2.000)
07-10 01:29:30.639  6461  6461 D NetworkController.WifiSignalController: notifyListener: visible=true, connected=true, inetCondition=1, isDefault=true, wifiTestReported=true, receivedInetCondition=-1, hideDuringMobileSwitching=false
07-10 01:29:32.103 30967 31717 I ContactsProvider_EventLog: cp_s: [CONTACT con(158) dat(1091) acc({sim(3)=15, sec(6)=1, sim2(4)=1, google(2)=81, org.telegram.messenger(236)=100, com.whatsapp(14)=41}) calls([logtype:100 cnt:877, logtype:200 cnt:5, logtype:300 cnt:495, logtype:1000 cnt:632, logtype:1150 cnt:161]) Iso(RS) uId(0) ]
07-10 01:29:32.103 30967 31717 I ContactsProvider_EventLog: cp_s: [ agr({[2 ,2 ,14 ,236]=1, [2 ,14 ,236]=32, [3]=15, [14]=1, [4]=1, [2 ,14]=4, [2 ,2]=2, [2]=34, [6 ,14]=1, [2 ,236]=3, [236]=62, [2 ,236 ,14]=2}) ]
07-10 01:29:32.103 30967 31717 I ContactsProvider_EventLog: cp_s: [ cnt({acore(30967)=1}) ]
07-10 01:29:32.103 30967 31717 I ContactsProvider_EventLog: cp_s: [PROFILE con(1) dat(1) acc({vnd.sec.contact.phone=1}) ] [SAPROFILE ]
07-10 01:29:32.103 30967 31717 I ContactsProvider_EventLog: cp_s: [STATE R(T) ]
07-10 01:29:32.364  5325  5325 E sehhealth-service: Could not open /sys/class/power_supply/battery/lrp
07-10 01:29:33.666  5674  7726 D SemWifiUsabilityStatsMonitor: onWifiUsabilityStats - seqNum 22007, isSameBssidAndFreq true
07-10 01:29:33.670  6461  6461 D NetworkController.WifiSignalController: notifyListener: visible=true, connected=true, inetCondition=1, isDefault=true, wifiTestReported=true, receivedInetCondition=-1, hideDuringMobileSwitching=false
07-10 01:29:33.671  5674  6128 I SemWifiLinkQualityMonitor: Link Qos Query: 0.041 ms / 195.000 Mbps (390 / 0.000 / 2.000)
07-10 01:29:36.726  5674  7726 D SemWifiUsabilityStatsMonitor: onWifiUsabilityStats - seqNum 22008, isSameBssidAndFreq true
07-10 01:29:36.730  5674  6128 I SemWifiLinkQualityMonitor: Link Qos Query: 0.073 ms / 109.500 Mbps (292 / 0.000 / 2.667)
07-10 01:29:36.730  6461  6461 D NetworkController.WifiSignalController: notifyListener: visible=true, connected=true, inetCondition=1, isDefault=true, wifiTestReported=true, receivedInetCondition=-1, hideDuringMobileSwitching=false
07-10 01:29:37.940  5674  9681 D PackageManager: setEnabledSetting : userId = 0 packageName = com.Slack cmp = androidx.work.impl.background.systemalarm.RescheduleReceiver newState = 1 callingPackage = 10329/com.Slack
07-10 01:29:37.942  5674  9681 D ApplicationPolicy: getApplicationStateEnabled : pkg = com.Slack userId : 0
07-10 01:29:37.943  5674  9681 D ApplicationPolicy: getApplicationComponentState : pkg = com.Slack userId : 0
07-10 01:29:37.969  5674  5745 W libprocessgroup: Failed to open /dev/blkio//cgroup.procs: No such file or directory
07-10 01:29:37.971  5353  6075 V APM_AudioPolicyManager: setAppState(portId:1005, state:1)
07-10 01:29:37.988 25156 25229 D ConnectivityManager: StackLog: [android.net.ConnectivityManager.sendRequestForNetwork(ConnectivityManager.java:4300)] [android.net.ConnectivityManager.registerDefaultNetworkCallbackForUid(ConnectivityManager.java:4864)] [android.net.ConnectivityManager.registerDefaultNetworkCallback(ConnectivityManager.java:4831)] [android.net.ConnectivityManager.registerDefaultNetworkCallback(ConnectivityManager.java:4805)] [androidx.work.impl.utils.NetworkApi24.registerDefaultNetworkCallbackCompat(Unknown Source:11)] [androidx.work.impl.constraints.trackers.NetworkStateTracker24.startTracking(Unknown Source:15)] [androidx.work.impl.constraints.controllers.ConstraintController.replace(Unknown Source:130)] [androidx.work.impl.constraints.WorkConstraintsTrackerImpl.replace(Unknown Source:41)] [androidx.work.impl.background.greedy.GreedyScheduler.schedule(Unknown Source:302)] [androidx.work.impl.Schedulers.schedule(Unknown Source:155)] [androidx.work.impl.utils.EnqueueRunnable.run(Unknown Source:53)] [androidx.work.Worker$2.run$androidx$work$impl$utils$SerialExecutorImpl$Task(Unknown Source:4)] [androidx.work.Worker$2.run(Unknown Source:868)] [java.util.concurrent.ThreadPoolExecutor.runWorker(ThreadPoolExecutor.java:1137)] [java.util.concurrent.ThreadPoolExecutor$Worker.run(ThreadPoolExecutor.java:637)] [java.lang.Thread.run(Thread.java:1012)]
07-10 01:29:37.991  5674  6593 D ConnectivityService: requestNetwork for uid/pid:10329/25156 activeRequest: null callbackRequest: 16739 [NetworkRequest [ REQUEST id=16740, [ Capabilities: INTERNET&NOT_RESTRICTED&TRUSTED&NOT_VCN_MANAGED Uid: 10329 RequestorUid: 10329 RequestorPkg: com.Slack UnderlyingNetworks: Null] ]] callback flags: 0 order: 2147483647
07-10 01:29:37.993  5674  6055 D ConnectivityService:    accepting network in place of null
07-10 01:29:38.007  5674  6045 D WifiNetworkFactory: got request NetworkRequest [ REQUEST id=16740, [ Capabilities: INTERNET&NOT_RESTRICTED&TRUSTED&NOT_VCN_MANAGED Uid: 10329 RequestorUid: 10329 RequestorPkg: com.Slack UnderlyingNetworks: Null] ]
07-10 01:29:38.009  5674  6045 D UntrustedWifiNetworkFactory: got request NetworkRequest [ REQUEST id=16740, [ Capabilities: INTERNET&NOT_RESTRICTED&TRUSTED&NOT_VCN_MANAGED Uid: 10329 RequestorUid: 10329 RequestorPkg: com.Slack UnderlyingNetworks: Null] ]
07-10 01:29:38.010  5674  6045 D OemPaidWifiNetworkFactory: got request NetworkRequest [ REQUEST id=16740, [ Capabilities: INTERNET&NOT_RESTRICTED&TRUSTED&NOT_VCN_MANAGED Uid: 10329 RequestorUid: 10329 RequestorPkg: com.Slack UnderlyingNetworks: Null] ]
07-10 01:29:38.012  5674  6045 D MultiInternetWifiNetworkFactory: got request NetworkRequest [ REQUEST id=16740, [ Capabilities: INTERNET&NOT_RESTRICTED&TRUSTED&NOT_VCN_MANAGED Uid: 10329 RequestorUid: 10329 RequestorPkg: com.Slack UnderlyingNetworks: Null] ]
07-10 01:29:38.018  5674  6055 D ConnectivityService: Rematched networks [computed 1ms] [applied 2ms] [issued 23]
07-10 01:29:38.018  5674  6055 D ConnectivityService: NetworkReassignment :
07-10 01:29:38.018  5674  6055 D ConnectivityService:   16740 : null → 118
07-10 01:29:38.025 25156 25156 D ConnectivityManager: StackLog: [android.net.ConnectivityManager.unregisterNetworkCallback(ConnectivityManager.java:4972)] [androidx.work.impl.utils.NetworkApi21.unregisterNetworkCallbackCompat(Unknown Source:11)] [androidx.work.impl.constraints.trackers.NetworkStateTracker24.stopTracking(Unknown Source:15)] [androidx.work.impl.constraints.trackers.ConstraintTracker.removeListener(Unknown Source:24)] [androidx.work.impl.constraints.controllers.ConstraintController.replace(Unknown Source:81)] [androidx.work.impl.constraints.WorkConstraintsTrackerImpl.replace(Unknown Source:41)] [androidx.work.impl.background.greedy.GreedyScheduler.onExecuted(Unknown Source:55)] [androidx.work.impl.Processor.onExecuted(Unknown Source:59)] [com.bugsnag.android.DeliveryDelegate$1.run(Unknown Source:212)]
07-10 01:29:38.029  5674  6055 D ConnectivityService:  Removing from current network [118 WIFI], leaving 158 requests.
07-10 01:29:38.037  5353  6075 V APM_AudioPolicyManager: setAppState(portId:1005, state:1)
07-10 01:29:38.041  5353  6075 V APM_AudioPolicyManager: setAppState(portId:1005, state:1)
07-10 01:29:39.585 16924 16924 D BoundBrokerSvc: onUnbind: Intent { act=com.google.android.gms.phenotype.service.START pkg=com.google.android.gms }
07-10 01:29:39.789  5674  7726 D SemWifiUsabilityStatsMonitor: onWifiUsabilityStats - seqNum 22009, isSameBssidAndFreq true
07-10 01:29:39.792  5674  6128 I SemWifiLinkQualityMonitor: Link Qos Query: 0.078 ms / 102.632 Mbps (390 / 0.000 / 3.800)
07-10 01:29:42.752  5353  6075 V APM_AudioPolicyManager: setAppState(portId:1005, state:1)
07-10 01:29:42.756  5353  6075 V APM_AudioPolicyManager: setAppState(portId:1005, state:1)
07-10 01:29:42.821  5674  7726 D SemWifiUsabilityStatsMonitor: onWifiUsabilityStats - seqNum 22010, isSameBssidAndFreq true
07-10 01:29:42.825  6461  6461 D NetworkController.WifiSignalController: notifyListener: visible=true, connected=true, inetCondition=1, isDefault=true, wifiTestReported=true, receivedInetCondition=-1, hideDuringMobileSwitching=false
07-10 01:29:42.825  5674  6128 I SemWifiLinkQualityMonitor: Link Qos Query: 0.078 ms / 102.632 Mbps (390 / 0.000 / 3.800)
07-10 01:29:43.268  5262  5262 E audit   : type=1400 audit(1688945383.265:70072): avc:  denied  { getattr } for  pid=5674 comm="BinderProcsColl" path="/sys/kernel/debug/binder/proc/5674" dev="debugfs" ino=32119 scontext=u:r:system_server:s0 tcontext=u:object_r:sec_debugfs:s0 tclass=file permissive=0 SEPF_SM-A515F_13_0001 audit_filtered
07-10 01:29:43.268  5262  5262 E audit   : type=1300 audit(1688945383.265:70072): arch=c00000b7 syscall=79 success=no exit=-13 a0=ffffff9c a1=7ad2332310 a2=79c980d680 a3=0 items=0 ppid=5287 pid=5674 auid=4294967295 uid=1000 gid=1000 euid=1000 suid=1000 fsuid=1000 egid=1000 sgid=1000 fsgid=1000 tty=(none) ses=4294967295 comm="BinderProcsColl" exe="/system/bin/app_process64" subj=u:r:system_server:s0 key=(null)
07-10 01:29:43.268  5262  5262 E audit   : type=1327 audit(1688945383.265:70072): proctitle="system_server"
07-10 01:29:45.863  5674  7726 D SemWifiUsabilityStatsMonitor: onWifiUsabilityStats - seqNum 22011, isSameBssidAndFreq true
07-10 01:29:45.866  5674  6128 I SemWifiLinkQualityMonitor: Link Qos Query: 0.078 ms / 102.632 Mbps (390 / 0.000 / 3.800)
07-10 01:29:45.867  6461  6461 D NetworkController.WifiSignalController: notifyListener: visible=true, connected=true, inetCondition=1, isDefault=true, wifiTestReported=true, receivedInetCondition=-1, hideDuringMobileSwitching=false
07-10 01:29:48.915  5674  7726 D SemWifiUsabilityStatsMonitor: onWifiUsabilityStats - seqNum 22012, isSameBssidAndFreq true
07-10 01:29:48.920  6461  6461 D NetworkController.WifiSignalController: notifyListener: visible=true, connected=true, inetCondition=1, isDefault=true, wifiTestReported=true, receivedInetCondition=-1, hideDuringMobileSwitching=false
07-10 01:29:48.921  5674  6128 I SemWifiLinkQualityMonitor: Link Qos Query: 0.068 ms / 117.000 Mbps (351 / 0.000 / 3.000)
07-10 01:29:50.698  6461  6566 D MobileStatusTracker(1/2): onSignalStrengthsChanged level=2, vendorLevel=3
07-10 01:29:50.703  6461  6566 D MobileSignalController(1/2): notifyListener: enabled=true, connected=true, dataConnected=false, networkType=LTE (4G), emergencyOnly=false, roaming=false, isDefault=false, dataActivity=, level=3, ca=false, mmWave=false, disabledDataIcon=false, simCard=ETC
07-10 01:29:50.706  6461  6566 D NetworkController: SignalStrength from intent slotId=1
07-10 01:29:50.747  5674  6055 D ConnectivityService: notifyType CALLBACK_CAP_CHANGED for [116 CELLULAR]
07-10 01:29:50.747  5516  5702 D SemNativeCarrierFeature_vendor: getInstance
07-10 01:29:50.755  6877  7036 I PdnController<1>: onCapabilitiesChanged: network 116 networkCapabilities [ Transports: CELLULAR Capabilities: IMS&NOT_METERED&TRUSTED&NOT_VPN&VALIDATED&NOT_ROAMING&FOREGROUND&NOT_CONGESTED&NOT_SUSPENDED&NOT_VCN_MANAGED LinkUpBandwidth>=15000Kbps LinkDnBandwidth>=19873Kbps Specifier: <TelephonyNetworkSpecifier [mSubId = 2]> SubscriptionIds: {2} UnderlyingNetworks: Null]
07-10 01:29:50.766  6877  7143 I ImsSecChannelCallback: receive
07-10 01:29:50.773  6877  7143 I IpcDispatcher<0>: [Rx]: (M)IPC_IIL_CMD (S)IPC_IIL_SSAC_INFO (T)EVENT l:13
07-10 01:29:50.776  6877  6877 I SsacManager: updateSSACInfo[0] : Voice(-1:0) Video(-1:0)
07-10 01:29:50.782  6877  6877 I SsacManager: Voice Call updateSSACInfo[0] : f[100], t[0]
07-10 01:29:50.783  6877  6877 I SsacManager: Video Call updateSSACInfo[0] : f[100], t[0]
07-10 01:29:50.785  6877  7143 I ImsSecChannelCallback: receive
07-10 01:29:50.785  6877  7143 I IpcDispatcher<0>: [Rx]: (M)IPC_IIL_CMD (S)IPC_IIL_SSAC_INFO (T)EVENT l:13
07-10 01:29:50.786  6877  6877 I SsacManager: updateSSACInfo[0] : Voice(-1:0) Video(-1:0)
07-10 01:29:50.786  6877  6877 I SsacManager: Voice Call updateSSACInfo[0] : f[100], t[0]
07-10 01:29:50.786  6877  6877 I SsacManager: Video Call updateSSACInfo[0] : f[100], t[0]
07-10 01:29:50.797  5516  5702 D SemNativeCarrierFeature_vendor: getInstance
07-10 01:29:50.806  5516  5620 D SemNativeCarrierFeature_vendor: getInstance
07-10 01:29:50.820  5516  5702 D SemNativeCarrierFeature_vendor: getInstance
07-10 01:29:50.828  5516  5620 D SemNativeCarrierFeature_vendor: getInstance
07-10 01:29:50.843  6877  7137 I PhoneStateTracker<0>: onCellInfoChanged: xxxxx
07-10 01:29:50.847  6877  7137 I ImsCallSessionManager: onCellInfoChanged, phoneId: 0
07-10 01:29:50.848  6877  7137 I RegiMgr-Handler: handleMessage: EVENT_CELL_INFO_CHANGED
07-10 01:29:50.849  6877  7137 I RegiMgr<0>: updatePani RegisterTask[0][mProfile=Megafon VoLTE, mRegistrationRat=13, mPdnType=11, mState=IDLE, mObject=null, mReason=, mPcscfHostname=null, mDeregiReason=41]
07-10 01:29:50.856  6877  7137 I PaniGenerator<0>: generate: subId=1, network=13
07-10 01:29:50.857  6877  7137 I PaniGenerator<0>: generate: network=13, fallbackPlmn=25002
07-10 01:29:50.857  6877  7137 I PdnController<0>: getAllCellInfo mNeedCellLocationUpdate : false
07-10 01:29:50.860  6877  7137 I PaniGenerator: generate: change to NW PLMN(22001)
07-10 01:29:50.875  6877  7137 I PdnController<0>: getAllCellInfo mNeedCellLocationUpdate : false
07-10 01:29:50.878  6877  7137 I ResipRegiMgr: updateTimeInPlani: plani 3GPP-E-UTRAN-FDD;utran-cell-id-3gpp=220012b73017a501, time 1688945390
07-10 01:29:50.878  6877  7137 I RegiMgr<0>: tryRegister:
07-10 01:29:50.880  6877  7137 I RegiMgr<0>: RegisterTask(s): Megafon VoLTE (IDLE)
07-10 01:29:50.881  6877  7137 I RegiMgr<1>: RegisterTask(s): Telenor Serbia IMS (REGISTERED, rat = 13, service = [mmtel-video, smsip, mmtel]), Global GC RCS (IDLE)
07-10 01:29:50.881  6877  7137 I RcsPolicyMgr<0>: pendingRcsRegister: mActiveDataPhoneId = 1
07-10 01:29:50.881  6877  7137 I RegisterTask: isSuspended: mSuspended(false) mSuspendByIrat(false)
07-10 01:29:50.882  6877  7137 I RegiMgr<0>: [Megafon VoLTE|IDLE] checkForTryRegister id: 891
07-10 01:29:50.882  6877  7137 I RegiMgr : isPdnConnected: false, PdnType: 11
07-10 01:29:50.888  6877  7137 I PdnController: getDefaultNetworkBearer:  WIFI
07-10 01:29:50.894  6877  7137 I PdnController<0>: isNetworkAvailable: isEpdgConnected=false getDataNetworkType()=13
07-10 01:29:50.900  6877  7137 I RegiMgr-Utils<0>: findBestNetwork: LTE
07-10 01:29:50.902  6877  7137 I RegiGvnBase<0>: isReadyToDualRegister : true
07-10 01:29:50.906  6877  7137 I RegiMgr<0>: [Megafon VoLTE|IDLE] checkInitialRegistrationIsReady: APM ON [false], Roamimg [false]
07-10 01:29:50.907  6877  7137 I RcsPolicyMgr<0>: pendingRcsRegister: mActiveDataPhoneId = 1
07-10 01:29:50.907  6877  7137 I ImsProfile: isRttSupportByCallApp : false ttyType : 1
07-10 01:29:50.907  6877  7137 I RegiMgr-Utils<0>: getPriorityRegiedTask : isPriority  High? true
07-10 01:29:50.912  6877  7137 I RegiGvnBase: checkRegiStatus: getState()=IDLE mIsUpdateRegistering=false
07-10 01:29:50.917  6877  7137 I RegiMgr<0>: getTelephonyCallStatus:
07-10 01:29:50.925  6877  7344 I VolteServiceModule: onServiceStateChanged({mVoiceRegState=0(IN_SERVICE), mDataRegState=0(IN_SERVICE), mChannelNumber=1300, duplexMode()=1, mCellBandwidths=[], mOperatorAlphaLong=Yettel, mOperatorAlphaShort=Yettel, isManualNetworkSelection=false(automatic), getRilVoiceRadioTechnology=14(LTE), getRilDataRadioTechnology=14(LTE), mCssIndicator=unsupported, mNetworkId=*1, mSystemId=*1, mCdmaRoamingIndicator=-1, mCdmaDefaultRoamingIndicator=-1, VoiceRegType=0, Snap=0, MobileData=IN_SERVICE, MobileDataRoamingType=International Roaming, MobileDataRat=LTE, PsOnly=false, FemtocellInd=0, SprDisplayRoam=false, OptRadioTech=0, MsimSubmode=0, mIsEmergencyOnly=false, isUsingCarrierAggregation=false, mArfcnRsrpBoost=0, mNetworkRegistrationInfos=[NetworkRegistrationInfo{ domain=CS transportType=WWAN registrationState=ROAMING roamingType=INTERNATIONAL accessNetworkTechnology=LTE rejectCause=0 emergencyEnabled=false availableServices=[VOICE,SMS,VIDEO] cellIdentity=CellIdentityLte:{ mCi=1****69 mPci=67 mTac=1***3 mEarfcn=1300 mBands=[] mBandwidth=2147483647 mMcc=220 mMnc=01 mAlphaLong=Yettel mAlphaShort=Yettel mAdditionalPlmns={} mCsgInfo=null} voiceSpecificInfo=VoiceSpecificRegistrationInfo { mCssSupported=false mRoamingIndicator=0 mSystemIsInPrl=0 mDefaultRoamingIndicator=0} dataSpecificInfo=null nrState=**** rRplmn=22001 isUsingCarrierAggregation=false}, NetworkRegistrationInfo{ domain=PS transportType=WWAN registrationState=ROAMING roamingType=INTERNATIONAL accessNetworkTechnology=LTE rejectCause=0 emergencyEnabled=false availableServices=[DATA] cellIdentity=CellIdentityLte:{ mCi=1****69 mPci=67 mTac=1***3 mEarfcn=1300 mBands=[] mBandwidth=2147483647 mMcc=220 mMnc=01 mAlphaLong=Yettel mAlphaShort=Yettel mAdditionalPlmns={} mCsgInfo=null} voiceSpecificInfo=null dataSpecificInfo=android.telephony.DataSpecificRegistrationInfo :{ maxDataCalls = 4 isDcNrRestricted = false isNrAvailable = false isEnDcAvailable = false LteVopsSupportInfo :  mVopsSupport = 3 mEmcBearerSupport = 3 } nrState=**** rRplmn=22001 isUsingCarrierAggregation=false}], mNrFrequencyRange=0, mOperatorAlphaLongRaw=Yettel, mOperatorAlphaShortRaw=Yettel, mIsDataRoamingFromRegistration=true, mIsIwlanPreferred=false})
07-10 01:29:50.926  6877  7137 E TelephonyManagerWrapper: use backup gid : null
07-10 01:29:50.926  6877  7137 I RcsUtils<0>: dualRcsPolicyCase: policy 0
07-10 01:29:50.930  6877  7344 I VolteServiceModule: mIsLteEpsOnlyAttached(0):false
07-10 01:29:50.935  6877  7137 I ConfigTrigger<0>: isWaitAutoConfig:
07-10 01:29:50.936  6877  7137 E TelephonyManagerWrapper: use backup gid : null
07-10 01:29:50.937  6877  7137 I RcsUtils<0>: dualRcsPolicyCase: policy 0
07-10 01:29:50.937  6877  7137 I RegiMgr-Utils: selectPdnType: rat=13pdn=11
07-10 01:29:50.937  6877  7137 I RegiMgr<0>: getServiceForNetwork: network 13
07-10 01:29:50.937  6877  7137 I RegiMgr<0>: getServiceForNetwork: service {mmtel, smsip}
07-10 01:29:50.940  6461  6566 D MobileStatusTracker(0/1): onServiceStateChanged voiceState=0 dataState=0
07-10 01:29:50.949  6461  6566 D MobileSignalController(0/1): notifyListener: enabled=true, connected=true, dataConnected=false, networkType=LTE (4G), emergencyOnly=false, roaming=true, isDefault=false, dataActivity=, level=1, ca=false, mmWave=false, disabledDataIcon=false, simCard=ETC
07-10 01:29:50.950  6461  6461 D KeyguardUpdateMonitor: received broadcast android.intent.action.SERVICE_STATE
07-10 01:29:50.950  6461  6566 D NetworkController: ServiceState from intent slotId=0
07-10 01:29:50.952  6461  6461 V KeyguardUpdateMonitor: action android.intent.action.SERVICE_STATE serviceState={mVoiceRegState=0(IN_SERVICE), mDataRegState=0(IN_SERVICE), mChannelNumber=1300, duplexMode()=1, mCellBandwidths=[], mOperatorAlphaLong=Yettel, mOperatorAlphaShort=Yettel, isManualNetworkSelection=false(automatic), getRilVoiceRadioTechnology=14(LTE), getRilDataRadioTechnology=14(LTE), mCssIndicator=unsupported, mNetworkId=*1, mSystemId=*1, mCdmaRoamingIndicator=-1, mCdmaDefaultRoamingIndicator=-1, VoiceRegType=0, Snap=0, MobileData=IN_SERVICE, MobileDataRoamingType=International Roaming, MobileDataRat=LTE, PsOnly=false, FemtocellInd=0, SprDisplayRoam=false, OptRadioTech=0, MsimSubmode=0, mIsEmergencyOnly=false, isUsingCarrierAggregation=false, mArfcnRsrpBoost=0, mNetworkRegistrationInfos=[NetworkRegistrationInfo{ domain=CS transportType=WWAN registrationState=ROAMING roamingType=INTERNATIONAL accessNetworkTechnology=LTE rejectCause=0 emergencyEnabled=false availableServices=[VOICE,SMS,VIDEO] cellIdentity=CellIdentityLte:{ mCi=1****69 mPci=67 mTac=1***3 mEarfcn=1300 mBands=[] mBandwidth=2147483647 mMcc=220 mMnc=01 mAlphaLong=Yettel mAlphaShort=Yettel mAdditionalPlmns={} mCsgInfo=null} voiceSpecificInfo=VoiceSpecificRegistrationInfo { mCssSupported=false mRoamingIndicator=0 mSystemIsInPrl=0 mDefaultRoamingIndicator=0} dataSpecificInfo=null nrState=**** rRplmn=22001 isUsingCarrierAggregation=false}, NetworkRegistrationInfo{ domain=PS transportType=WWAN registrationState=ROAMING roamingType=INTERNATIONAL accessNetworkTechnology=LTE rejectCause=0 emergencyEnabled=false availableServices=[DATA] cellIdentity=CellIdentityLte:{ mCi=1****69 mPci=67 mTac=1***3 mEarfcn=1300 mBands=[] mBandwidth=2147483647 mMcc=220 mMnc=01 mAlphaLong=Yettel mAlphaShort=Yettel mAdditionalPlmns={} mCsgInfo=null} voiceSpecificInfo=null dataSpecificInfo=android.telephony.DataSpecificRegistrationInfo :{ maxDataCalls = 4 isDcNrRestricted = false isNrAvailable = false isEnDcAvailable = false LteVopsSupportInfo :  mVopsSupport = 3 mEmcBearerSupport = 3 } nrState=**** rRplmn=22001 isUsingCarrierAggregation=false}], mNrFrequencyRange=0, mOperatorAlphaLongRaw=Yettel, mOperatorAlphaShortRaw=Yettel, mIsDataRoamingFromRegistration=true, mIsIwlanPreferred=false} subId=1
07-10 01:29:50.952  5674  5674 D SemWifiService: received: android.intent.action.SERVICE_STATE
07-10 01:29:50.953  6461  6461 D MultiSIMController: onReceive() - action = android.intent.action.SERVICE_STATE
07-10 01:29:50.955  6877  7137 I SimManager: isLabSimCard: state [LOADED] isLabSim [false]
07-10 01:29:50.957  6461  6461 D KeyguardUpdateMonitor: handleServiceStateChange(subId=1, serviceState={mVoiceRegState=0(IN_SERVICE), mDataRegState=0(IN_SERVICE), mChannelNumber=1300, duplexMode()=1, mCellBandwidths=[], mOperatorAlphaLong=Yettel, mOperatorAlphaShort=Yettel, isManualNetworkSelection=false(automatic), getRilVoiceRadioTechnology=14(LTE), getRilDataRadioTechnology=14(LTE), mCssIndicator=unsupported, mNetworkId=*1, mSystemId=*1, mCdmaRoamingIndicator=-1, mCdmaDefaultRoamingIndicator=-1, VoiceRegType=0, Snap=0, MobileData=IN_SERVICE, MobileDataRoamingType=International Roaming, MobileDataRat=LTE, PsOnly=false, FemtocellInd=0, SprDisplayRoam=false, OptRadioTech=0, MsimSubmode=0, mIsEmergencyOnly=false, isUsingCarrierAggregation=false, mArfcnRsrpBoost=0, mNetworkRegistrationInfos=[NetworkRegistrationInfo{ domain=CS transportType=WWAN registrationState=ROAMING roamingType=INTERNATIONAL accessNetworkTechnology=LTE rejectCause=0 emergencyEnabled=false availableServices=[VOICE,SMS,VIDEO] cellIdentity=CellIdentityLte:{ mCi=1****69 mPci=67 mTac=1***3 mEarfcn=1300 mBands=[] mBandwidth=2147483647 mMcc=220 mMnc=01 mAlphaLong=Yettel mAlphaShort=Yettel mAdditionalPlmns={} mCsgInfo=null} voiceSpecificInfo=VoiceSpecificRegistrationInfo { mCssSupported=false mRoamingIndicator=0 mSystemIsInPrl=0 mDefaultRoamingIndicator=0} dataSpecificInfo=null nrState=**** rRplmn=22001 isUsingCarrierAggregation=false}, NetworkRegistrationInfo{ domain=PS transportType=WWAN registrationState=ROAMING roamingType=INTERNATIONAL accessNetworkTechnology=LTE rejectCause=0 emergencyEnabled=false availableServices=[DATA] cellIdentity=CellIdentityLte:{ mCi=1****69 mPci=67 mTac=1***3 mEarfcn=1300 mBands=[] mBandwidth=2147483647 mMcc=220 mMnc=01 mAlphaLong=Yettel mAlphaShort=Yettel mAdditionalPlmns={} mCsgInfo=null} voiceSpecificInfo=null dataSpecificInfo=android.telephony.DataSpecificRegistrationInfo :{ maxDataCalls = 4 isDcNrRestricted = false isNrAvailable = false isEnDcAvailable = false LteVopsSupportInfo :  mVopsSupport = 3 mEmcBearerSupport = 3 } nrState=**** rRplmn=22001 isUsingCarrierAggregation=false}], mNrFrequencyRange=0, mOperatorAlphaLongRaw=Yettel, mOperatorAlphaShortRaw=Yettel, mIsDataRoamingFromRegistration=true, mIsIwlanPreferred=false}
07-10 01:29:50.963  6877  7137 I RegiGvnEur: isDataAllowed: isRoaming = true, isDataOn = true, isDataRoamingOn =false
07-10 01:29:50.963  6877  7137 I RegiGvnEur<0>: Mobile off!
07-10 01:29:50.963  6877  7137 I ConfigTrigger<0>: isValidAcsVersion:
07-10 01:29:50.963  6429  6429 D ServiceStateProvider: subId=1
07-10 01:29:50.964  6877  7137 E TelephonyManagerWrapper: use backup gid : null
07-10 01:29:50.964  6877  7137 I RcsUtils<0>: dualRcsPolicyCase: policy 0
07-10 01:29:50.964  6877  7137 I ConfigTrigger<0>: DDS set to other SIM
07-10 01:29:50.964  6877  7137 I RegiGvnEur<0>: by VoPS policy: remove all service
07-10 01:29:50.964  6877  7137 I RegiMgr<0>: getServiceForNetwork: filtered service []
07-10 01:29:50.964  6877  7137 I RegiMgr<0>: Megafon VoLTE: no ims service for current rat13
07-10 01:29:50.965  6461  6461 D CarrierTextController: onRefreshCarrierInfo(), mTelephonyCapable: true
07-10 01:29:50.968  6877  7137 I PdnController: slot[0]: stopPdnConnectivity: network 11, callback is null
07-10 01:29:50.969  6877  7137 E PdnController<0>: requestStopNetwork: callback not found
07-10 01:29:50.969  6877  7137 E #IMSCR  : 07-10 01:29:50 0x1101000B:0,FILTERED ALL:11
07-10 01:29:50.969  6877  7137 E #IMSREGI: (0, Megafon VoLTE) NOT_TRIGGERED : reason - VOPS_OFF
07-10 01:29:50.971  6461  6461 D CarrierTextController: updateCarrierText(): 2
07-10 01:29:50.971  6461  6461 D CarrierTextController: Handling (subId=1): 5 Yettel | MegaFon
07-10 01:29:50.971  6461  6461 D CarrierTextController: carrierTextForSimState = Yettel | MegaFon
07-10 01:29:50.972  6877  7137 I PdnController<0>: Active Phone Id = 1 MobileConnected = false
