07-10 01:04:04.890 16924 21247 W NetworkScheduler: 	at android.database.sqlite.SQLiteConnection.nativeExecuteForLastInsertedRowId(Native Method)
07-10 01:04:04.890 16924 21247 W NetworkScheduler: 	at android.database.sqlite.SQLiteConnection.executeForLastInsertedRowId(SQLiteConnection.java:1275)
07-10 01:04:04.890 16924 21247 W NetworkScheduler: 	at android.database.sqlite.SQLiteSession.executeForLastInsertedRowId(SQLiteSession.java:790)
07-10 01:04:04.890 16924 21247 W NetworkScheduler: 	at android.database.sqlite.SQLiteStatement.executeInsert(SQLiteStatement.java:89)
07-10 01:04:04.890 16924 21247 W NetworkScheduler: 	at android.database.sqlite.SQLiteDatabase.insertWithOnConflict(SQLiteDatabase.java:2410)
07-10 01:04:04.890 16924 21247 W NetworkScheduler: 	at android.database.sqlite.SQLiteDatabase.insertOrThrow(SQLiteDatabase.java:2305)
07-10 01:04:04.890 16924 21247 W NetworkScheduler: 	at cahd.f(:com.google.android.gms@232414044@23.24.14 (190400-544099984):59)
07-10 01:04:04.890 16924 21247 W NetworkScheduler: 	at cafx.n(:com.google.android.gms@232414044@23.24.14 (190400-544099984):3)
07-10 01:04:04.890 16924 21247 W NetworkScheduler: 	at cafx.u(:com.google.android.gms@232414044@23.24.14 (190400-544099984):20)
07-10 01:04:04.890 16924 21247 W NetworkScheduler: 	at cafx.h(:com.google.android.gms@232414044@23.24.14 (190400-544099984):3)
07-10 01:04:04.890 16924 21247 W NetworkScheduler: 	at cabp.run(:com.google.android.gms@232414044@23.24.14 (190400-544099984):9)
07-10 01:04:04.890 16924 21247 W NetworkScheduler: 	at acmg.c(:com.google.android.gms@232414044@23.24.14 (190400-544099984):6)
07-10 01:04:04.890 16924 21247 W NetworkScheduler: 	at acmg.run(:com.google.android.gms@232414044@23.24.14 (190400-544099984):7)
07-10 01:04:04.890 16924 21247 W NetworkScheduler: 	at java.util.concurrent.ThreadPoolExecutor.runWorker(ThreadPoolExecutor.java:1137)
07-10 01:04:04.890 16924 21247 W NetworkScheduler: 	at java.util.concurrent.ThreadPoolExecutor$Worker.run(ThreadPoolExecutor.java:637)
07-10 01:04:04.890 16924 21247 W NetworkScheduler: 	at acro.run(:com.google.android.gms@232414044@23.24.14 (190400-544099984):0)
07-10 01:04:04.890 16924 21247 W NetworkScheduler: 	at java.lang.Thread.run(Thread.java:1012)
07-10 01:04:04.890 32306   557 I NotifDismissalHandler: Notification 0|ru.mail.mailapp|1496140397|zhelenskiy@mail.ru|10221 dismissed on phone, deleting data item /bridger/stream_item:c8317ad1:ru.mail.mailapp:1496140397:zhelenskiy~40mail.ru:0~7Cru.mail.mailapp~7C1496140397~7Czhelenskiy~40mail.ru~7C10221
07-10 01:04:04.893 32306   557 I NotificationPipeline: Processing notification dismissal on phone: 0|ru.mail.mailapp|388666494|zhelenskiy@mail.ru|10221
07-10 01:04:04.894  6461  6461 D BubblesManager: setupNotifPipeline(), onEntryRemoved : reason=10
07-10 01:04:04.894 32306   557 I NotifDismissalHandler: Notification 0|ru.mail.mailapp|388666494|zhelenskiy@mail.ru|10221 dismissed on phone, deleting data item /bridger/stream_item:c8317ad1:ru.mail.mailapp:388666494:zhelenskiy~40mail.ru:0~7Cru.mail.mailapp~7C388666494~7Czhelenskiy~40mail.ru~7C10221
07-10 01:04:04.907  6461  6461 D BubblesManager: setupNotifPipeline(), onEntryRemoved : reason=12
07-10 01:04:04.942  6461  6461 D PluginInstanceManager: stopListening
07-10 01:04:04.950  6461  6461 D PluginInstanceManager: stopListening
07-10 01:04:04.953  6461  6461 D PluginInstanceManager: stopListening
07-10 01:04:04.953  6461  6461 D PluginInstanceManager: stopListening
07-10 01:04:05.002  6461  6461 D PluginInstanceManager: startListening
07-10 01:04:05.003  6461  6608 D PluginInstanceManager: queryAll com.android.systemui.action.PLUGIN_NOTIFICATION_MENU_ROW
07-10 01:04:05.004 21424 21482 W ru.mail.mailapp: Weak pointer dereference blocked for 12 milliseconds.
07-10 01:04:05.005  6461  6608 D PluginInstanceManager: Found 0 plugins
07-10 01:04:05.008  6461  6461 D PluginInstanceManager: startListening
07-10 01:04:05.008  6461  6608 D PluginInstanceManager: queryAll com.android.systemui.action.PLUGIN_NOTIFICATION_MENU_ROW
07-10 01:04:05.011  6461  6608 D PluginInstanceManager: Found 0 plugins
07-10 01:04:05.021 16924 21422 W NetworkScheduler: Error inserting flex_time=557000 job_id=-1 period=1115000 source=16 requires_charging=0 preferred_network_type=1 target_class=com.google.android.gms.measurement.PackageMeasurementTaskService user_id=0 target_package=com.google.android.gms tag=Measurement.PackageMeasurementTaskService.UPLOAD_TASK_TAG task_type=0 required_idleness_state=0 service_kind=0 source_version=232414000 persistence_level=1 preferred_charging_state=1 required_network_type=0 runtime=1688943845007 retry_strategy={"maximum_backoff_seconds":{"3600":0},"initial_backoff_seconds":{"30":0},"retry_policy":{"0":0}} last_runtime=0 [CONTEXT service_id=218 ]
07-10 01:04:05.021 16924 21422 W NetworkScheduler: android.database.sqlite.SQLiteConstraintException: UNIQUE constraint failed: pending_ops.tag, pending_ops.target_class, pending_ops.target_package, pending_ops.user_id (code 2067 SQLITE_CONSTRAINT_UNIQUE[2067])
07-10 01:04:05.021 16924 21422 W NetworkScheduler: 	at android.database.sqlite.SQLiteConnection.nativeExecuteForLastInsertedRowId(Native Method)
07-10 01:04:05.021 16924 21422 W NetworkScheduler: 	at android.database.sqlite.SQLiteConnection.executeForLastInsertedRowId(SQLiteConnection.java:1275)
07-10 01:04:05.021 16924 21422 W NetworkScheduler: 	at android.database.sqlite.SQLiteSession.executeForLastInsertedRowId(SQLiteSession.java:790)
07-10 01:04:05.021 16924 21422 W NetworkScheduler: 	at android.database.sqlite.SQLiteStatement.executeInsert(SQLiteStatement.java:89)
07-10 01:04:05.021 16924 21422 W NetworkScheduler: 	at android.database.sqlite.SQLiteDatabase.insertWithOnConflict(SQLiteDatabase.java:2410)
07-10 01:04:05.021 16924 21422 W NetworkScheduler: 	at android.database.sqlite.SQLiteDatabase.insertOrThrow(SQLiteDatabase.java:2305)
07-10 01:04:05.021 16924 21422 W NetworkScheduler: 	at cahd.f(:com.google.android.gms@232414044@23.24.14 (190400-544099984):59)
07-10 01:04:05.021 16924 21422 W NetworkScheduler: 	at cafx.n(:com.google.android.gms@232414044@23.24.14 (190400-544099984):3)
07-10 01:04:05.021 16924 21422 W NetworkScheduler: 	at cafx.u(:com.google.android.gms@232414044@23.24.14 (190400-544099984):20)
07-10 01:04:05.021 16924 21422 W NetworkScheduler: 	at cafx.h(:com.google.android.gms@232414044@23.24.14 (190400-544099984):3)
07-10 01:04:05.021 16924 21422 W NetworkScheduler: 	at cabp.run(:com.google.android.gms@232414044@23.24.14 (190400-544099984):9)
07-10 01:04:05.021 16924 21422 W NetworkScheduler: 	at acmg.c(:com.google.android.gms@232414044@23.24.14 (190400-544099984):6)
07-10 01:04:05.021 16924 21422 W NetworkScheduler: 	at acmg.run(:com.google.android.gms@232414044@23.24.14 (190400-544099984):7)
07-10 01:04:05.021 16924 21422 W NetworkScheduler: 	at java.util.concurrent.ThreadPoolExecutor.runWorker(ThreadPoolExecutor.java:1137)
07-10 01:04:05.021 16924 21422 W NetworkScheduler: 	at java.util.concurrent.ThreadPoolExecutor$Worker.run(ThreadPoolExecutor.java:637)
07-10 01:04:05.021 16924 21422 W NetworkScheduler: 	at acro.run(:com.google.android.gms@232414044@23.24.14 (190400-544099984):0)
07-10 01:04:05.021 16924 21422 W NetworkScheduler: 	at java.lang.Thread.run(Thread.java:1012)
07-10 01:04:05.035  5674  7726 D SemWifiUsabilityStatsMonitor: onWifiUsabilityStats - seqNum 21505, isSameBssidAndFreq true
07-10 01:04:05.037  6461  6461 I FaceWidgetPositionAlgorithm: getClockContainerHeight() supplier = 270, bottom margin = 0, real height = 333
07-10 01:04:05.037  5674  6128 I SemWifiLinkQualityMonitor: Link Qos Query: 0.028 ms / 283.636 Mbps (390 / 0.000 / 1.375)
07-10 01:04:05.037  6461  6461 I FaceWidgetPositionAlgorithm: getClockContainerHeight() supplier = 270, bottom margin = 63, real height = 333
07-10 01:04:05.037  6461  6461 I FaceWidgetPositionAlgorithm: getMediaContainerHeight() height = 0 container Visibility = 8, isValid = false, mIsDozing = false, fraction = 1.0, source = 0, target = 0
07-10 01:04:05.037  6461  6461 I FaceWidgetPositionAlgorithm: getMediaContainerHeight() supplier = 0
07-10 01:04:05.045 21424 21424 D AppWidgetManager: partiallyUpdateAppWidget() appWidgetIds = []
07-10 01:04:05.056 21424 21424 I AppWidgetManager: notifyAppWidgetViewDataChanged() appWidgetIds = [], viewId = 2131361876
07-10 01:04:05.058 21424 21424 D AppWidgetManager: partiallyUpdateAppWidget() appWidgetIds = []
07-10 01:04:05.060  6461  6461 D BubblesManager: setupNotifPipeline(), onEntryRemoved : reason=12
07-10 01:04:05.062  6461  6461 D BubblesManager: setupNotifPipeline(), onEntryRemoved : reason=12
07-10 01:04:05.065  6461  6461 D PluginInstanceManager: stopListening
07-10 01:04:05.066  6461  6461 D PluginInstanceManager: stopListening
07-10 01:04:05.071  6461  6461 I FaceWidgetPositionAlgorithm: getClockContainerHeight() supplier = 270, bottom margin = 0, real height = 333
07-10 01:04:05.071  6461  6461 I FaceWidgetPositionAlgorithm: getClockContainerHeight() supplier = 270, bottom margin = 63, real height = 333
07-10 01:04:05.071  6461  6461 I FaceWidgetPositionAlgorithm: getMediaContainerHeight() height = 0 container Visibility = 8, isValid = false, mIsDozing = false, fraction = 1.0, source = 0, target = 0
07-10 01:04:05.071  6461  6461 I FaceWidgetPositionAlgorithm: getMediaContainerHeight() supplier = 0
07-10 01:04:05.082  6461  6461 D PluginAODManager: onNotificationInfoUpdated() 0
07-10 01:04:05.082  6461  6461 I AODNotificationManager: updateVisibleNotifications: 0
07-10 01:04:05.082  6461  6461 I a       : updateStatusBarNotifications: open
07-10 01:04:05.082  6461  6461 I a       : updateStatusBarNotifications: open
07-10 01:04:05.282 16924 21421 W NetworkScheduler: Error inserting flex_time=556000 job_id=-1 period=1114000 source=16 requires_charging=0 preferred_network_type=1 target_class=com.google.android.gms.measurement.PackageMeasurementTaskService user_id=0 target_package=com.google.android.gms tag=Measurement.PackageMeasurementTaskService.UPLOAD_TASK_TAG task_type=0 required_idleness_state=0 service_kind=0 source_version=232414000 persistence_level=1 preferred_charging_state=1 required_network_type=0 runtime=1688943845264 retry_strategy={"maximum_backoff_seconds":{"3600":0},"initial_backoff_seconds":{"30":0},"retry_policy":{"0":0}} last_runtime=0 [CONTEXT service_id=218 ]
07-10 01:04:05.282 16924 21421 W NetworkScheduler: android.database.sqlite.SQLiteConstraintException: UNIQUE constraint failed: pending_ops.tag, pending_ops.target_class, pending_ops.target_package, pending_ops.user_id (code 2067 SQLITE_CONSTRAINT_UNIQUE[2067])
07-10 01:04:05.282 16924 21421 W NetworkScheduler: 	at android.database.sqlite.SQLiteConnection.nativeExecuteForLastInsertedRowId(Native Method)
07-10 01:04:05.282 16924 21421 W NetworkScheduler: 	at android.database.sqlite.SQLiteConnection.executeForLastInsertedRowId(SQLiteConnection.java:1275)
07-10 01:04:05.282 16924 21421 W NetworkScheduler: 	at android.database.sqlite.SQLiteSession.executeForLastInsertedRowId(SQLiteSession.java:790)
07-10 01:04:05.282 16924 21421 W NetworkScheduler: 	at android.database.sqlite.SQLiteStatement.executeInsert(SQLiteStatement.java:89)
07-10 01:04:05.282 16924 21421 W NetworkScheduler: 	at android.database.sqlite.SQLiteDatabase.insertWithOnConflict(SQLiteDatabase.java:2410)
07-10 01:04:05.282 16924 21421 W NetworkScheduler: 	at android.database.sqlite.SQLiteDatabase.insertOrThrow(SQLiteDatabase.java:2305)
07-10 01:04:05.282 16924 21421 W NetworkScheduler: 	at cahd.f(:com.google.android.gms@232414044@23.24.14 (190400-544099984):59)
07-10 01:04:05.282 16924 21421 W NetworkScheduler: 	at cafx.n(:com.google.android.gms@232414044@23.24.14 (190400-544099984):3)
07-10 01:04:05.282 16924 21421 W NetworkScheduler: 	at cafx.u(:com.google.android.gms@232414044@23.24.14 (190400-544099984):20)
07-10 01:04:05.282 16924 21421 W NetworkScheduler: 	at cafx.h(:com.google.android.gms@232414044@23.24.14 (190400-544099984):3)
07-10 01:04:05.282 16924 21421 W NetworkScheduler: 	at cabp.run(:com.google.android.gms@232414044@23.24.14 (190400-544099984):9)
07-10 01:04:05.282 16924 21421 W NetworkScheduler: 	at acmg.c(:com.google.android.gms@232414044@23.24.14 (190400-544099984):6)
07-10 01:04:05.282 16924 21421 W NetworkScheduler: 	at acmg.run(:com.google.android.gms@232414044@23.24.14 (190400-544099984):7)
07-10 01:04:05.282 16924 21421 W NetworkScheduler: 	at java.util.concurrent.ThreadPoolExecutor.runWorker(ThreadPoolExecutor.java:1137)
07-10 01:04:05.282 16924 21421 W NetworkScheduler: 	at java.util.concurrent.ThreadPoolExecutor$Worker.run(ThreadPoolExecutor.java:637)
07-10 01:04:05.282 16924 21421 W NetworkScheduler: 	at acro.run(:com.google.android.gms@232414044@23.24.14 (190400-544099984):0)
07-10 01:04:05.282 16924 21421 W NetworkScheduler: 	at java.lang.Thread.run(Thread.java:1012)
07-10 01:04:05.635  5674  5695 D ApplicationPolicy: isStatusBarNotificationAllowedAsUser: packageName = ru.mail.mailapp,userId = 0
07-10 01:04:05.637  5674  5695 D ApplicationPolicy: isStatusBarNotificationAllowedAsUser: packageName = ru.mail.mailapp,userId = 0
07-10 01:04:05.645  5674  5695 D ApplicationPolicy: isStatusBarNotificationAllowedAsUser: packageName = ru.mail.mailapp,userId = 0
07-10 01:04:05.647  5674  5695 D ApplicationPolicy: isStatusBarNotificationAllowedAsUser: packageName = ru.mail.mailapp,userId = 0
07-10 01:04:05.652  5674  9681 D ApplicationPolicy: isStatusBarNotificationAllowedAsUser: packageName = ru.mail.mailapp,userId = 0
07-10 01:04:05.653  5674  9681 D ApplicationPolicy: isStatusBarNotificationAllowedAsUser: packageName = ru.mail.mailapp,userId = 0
07-10 01:04:05.737 31802 32118 I PolicyManager: [#CMH#] Is foreground game app: false
07-10 01:04:05.756 21424 21424 D AppWidgetManager: partiallyUpdateAppWidget() appWidgetIds = []
07-10 01:04:05.784 21424 21424 I AppWidgetManager: notifyAppWidgetViewDataChanged() appWidgetIds = [], viewId = 2131361876
07-10 01:04:05.787 21424 21424 D AppWidgetManager: partiallyUpdateAppWidget() appWidgetIds = []
07-10 01:04:05.921  5353  5543 V APM_AudioPolicyManager: setAppState(portId:1005, state:1)
07-10 01:04:05.949 31802 32118 I ControllerUtils: [#CMH#] StoryService:  9, isNonJustShotRunningPossible: false, isStopHeavyTask: true
07-10 01:04:06.045 21424 21436 W System  : A resource failed to call ContentProviderClient.close.
07-10 01:04:06.045 21424 21436 W System  : A resource failed to call ContentProviderClient.close.
07-10 01:04:06.046 21424 21436 W System  : A resource failed to call ContentProviderClient.close.
07-10 01:04:06.046 21424 21436 W System  : A resource failed to call ContentProviderClient.close.
07-10 01:04:06.046 21424 21436 W System  : A resource failed to call ContentProviderClient.close.
07-10 01:04:06.046 21424 21436 W System  : A resource failed to call ContentProviderClient.close.
07-10 01:04:06.046 21424 21436 W System  : A resource failed to call ContentProviderClient.close.
07-10 01:04:06.047 21424 21436 W System  : A resource failed to call ContentProviderClient.close.
07-10 01:04:06.047 21424 21436 W System  : A resource failed to call ContentProviderClient.close.
07-10 01:04:06.048 21424 21436 W System  : A resource failed to call ContentProviderClient.close.
07-10 01:04:06.048 21424 21436 W System  : A resource failed to call ContentProviderClient.close.
07-10 01:04:06.049 21424 21436 W System  : A resource failed to call ContentProviderClient.close.
07-10 01:04:06.049 21424 21436 W System  : A resource failed to call ContentProviderClient.close.
07-10 01:04:06.050 21424 21436 W System  : A resource failed to call ContentProviderClient.close.
07-10 01:04:06.052 21424 21436 W System  : A resource failed to call ContentProviderClient.close.
07-10 01:04:06.052 21424 21436 W System  : A resource failed to call ContentProviderClient.close.
07-10 01:04:06.052 21424 21436 W System  : A resource failed to call ContentProviderClient.close.
07-10 01:04:06.054 21424 21436 W System  : A resource failed to call ContentProviderClient.close.
07-10 01:04:06.056 21424 21436 W System  : A resource failed to call ContentProviderClient.close.
07-10 01:04:06.056 21424 21436 W System  : A resource failed to call ContentProviderClient.close.
07-10 01:04:06.057 21424 21436 W System  : A resource failed to call ContentProviderClient.close.
07-10 01:04:06.058 21424 21436 W System  : A resource failed to call ContentProviderClient.close.
07-10 01:04:06.058 21424 21436 W System  : A resource failed to call ContentProviderClient.close.
07-10 01:04:06.058 21424 21436 W System  : A resource failed to call ContentProviderClient.close.
07-10 01:04:06.064 21424 21436 W System  : A resource failed to call ContentProviderClient.close.
07-10 01:04:06.064 21424 21436 W System  : A resource failed to call ContentProviderClient.close.
07-10 01:04:06.064 21424 21436 W System  : A resource failed to call ContentProviderClient.close.
07-10 01:04:06.064 21424 21436 W System  : A resource failed to call ContentProviderClient.close.
07-10 01:04:06.064 21424 21436 W System  : A resource failed to call ContentProviderClient.close.
07-10 01:04:06.070 21424 21436 W System  : A resource failed to call ContentProviderClient.close.
07-10 01:04:06.070 21424 21436 W System  : A resource failed to call ContentProviderClient.close.
07-10 01:04:06.070 21424 21436 W System  : A resource failed to call ContentProviderClient.close.
07-10 01:04:06.070 21424 21436 W System  : A resource failed to call ContentProviderClient.close.
07-10 01:04:06.070 21424 21436 W System  : A resource failed to call ContentProviderClient.close.
07-10 01:04:06.070 21424 21436 W System  : A resource failed to call ContentProviderClient.close.
07-10 01:04:06.071 21424 21436 W System  : A resource failed to call ContentProviderClient.close.
07-10 01:04:06.071 21424 21436 W System  : A resource failed to call ContentProviderClient.close.
07-10 01:04:06.071 21424 21436 W System  : A resource failed to call ContentProviderClient.close.
07-10 01:04:06.071 21424 21436 W System  : A resource failed to call ContentProviderClient.close.
07-10 01:04:06.071 21424 21436 W System  : A resource failed to call ContentProviderClient.close.
07-10 01:04:06.071 21424 21436 W System  : A resource failed to call ContentProviderClient.close.
07-10 01:04:06.071 21424 21436 W System  : A resource failed to call ContentProviderClient.close.
07-10 01:04:06.071 21424 21436 W System  : A resource failed to call ContentProviderClient.close.
07-10 01:04:06.071 21424 21436 W System  : A resource failed to call ContentProviderClient.close.
07-10 01:04:06.100 31802 32118 I ControllerUtils: [#CMH#] IPService:  5, isNonJustShotRunningPossible: false, isStopHeavyTask: true
07-10 01:04:06.199 31802 32118 I ControllerUtils: [#CMH#] FaceService:  2, isNonJustShotRunningPossible: false, isStopHeavyTask: true
07-10 01:04:06.833 21424 21502 E FA      : Name must start with a letter. Type, name: event param, _email
07-10 01:04:06.834 21424 21502 E FA      : Name must start with a letter. Type, name: event param, _segments_state
07-10 01:04:06.835 21424 21502 E FA      : Name must start with a letter. Type, name: event param, _session_type
07-10 01:04:06.919 21424 21502 E FA      : Name must start with a letter. Type, name: event param, _email
07-10 01:04:06.919 21424 21502 E FA      : Name must start with a letter. Type, name: event param, _segments_state
07-10 01:04:06.919 21424 21502 E FA      : Name must start with a letter. Type, name: event param, _session_type
07-10 01:04:07.019 16924 21247 W NetworkScheduler: Error inserting flex_time=555000 job_id=-1 period=1111000 source=16 requires_charging=0 preferred_network_type=1 target_class=com.google.android.gms.measurement.PackageMeasurementTaskService user_id=0 target_package=com.google.android.gms tag=Measurement.PackageMeasurementTaskService.UPLOAD_TASK_TAG task_type=0 required_idleness_state=0 service_kind=0 source_version=232414000 persistence_level=1 preferred_charging_state=1 required_network_type=0 runtime=1688943847012 retry_strategy={"maximum_backoff_seconds":{"3600":0},"initial_backoff_seconds":{"30":0},"retry_policy":{"0":0}} last_runtime=0 [CONTEXT service_id=218 ]
07-10 01:04:07.019 16924 21247 W NetworkScheduler: android.database.sqlite.SQLiteConstraintException: UNIQUE constraint failed: pending_ops.tag, pending_ops.target_class, pending_ops.target_package, pending_ops.user_id (code 2067 SQLITE_CONSTRAINT_UNIQUE[2067])
07-10 01:04:07.019 16924 21247 W NetworkScheduler: 	at android.database.sqlite.SQLiteConnection.nativeExecuteForLastInsertedRowId(Native Method)
07-10 01:04:07.019 16924 21247 W NetworkScheduler: 	at android.database.sqlite.SQLiteConnection.executeForLastInsertedRowId(SQLiteConnection.java:1275)
07-10 01:04:07.019 16924 21247 W NetworkScheduler: 	at android.database.sqlite.SQLiteSession.executeForLastInsertedRowId(SQLiteSession.java:790)
07-10 01:04:07.019 16924 21247 W NetworkScheduler: 	at android.database.sqlite.SQLiteStatement.executeInsert(SQLiteStatement.java:89)
07-10 01:04:07.019 16924 21247 W NetworkScheduler: 	at android.database.sqlite.SQLiteDatabase.insertWithOnConflict(SQLiteDatabase.java:2410)
07-10 01:04:07.019 16924 21247 W NetworkScheduler: 	at android.database.sqlite.SQLiteDatabase.insertOrThrow(SQLiteDatabase.java:2305)
07-10 01:04:07.019 16924 21247 W NetworkScheduler: 	at cahd.f(:com.google.android.gms@232414044@23.24.14 (190400-544099984):59)
07-10 01:04:07.019 16924 21247 W NetworkScheduler: 	at cafx.n(:com.google.android.gms@232414044@23.24.14 (190400-544099984):3)
07-10 01:04:07.019 16924 21247 W NetworkScheduler: 	at cafx.u(:com.google.android.gms@232414044@23.24.14 (190400-544099984):20)
07-10 01:04:07.019 16924 21247 W NetworkScheduler: 	at cafx.h(:com.google.android.gms@232414044@23.24.14 (190400-544099984):3)
07-10 01:04:07.019 16924 21247 W NetworkScheduler: 	at cabp.run(:com.google.android.gms@232414044@23.24.14 (190400-544099984):9)
07-10 01:04:07.019 16924 21247 W NetworkScheduler: 	at acmg.c(:com.google.android.gms@232414044@23.24.14 (190400-544099984):6)
07-10 01:04:07.019 16924 21247 W NetworkScheduler: 	at acmg.run(:com.google.android.gms@232414044@23.24.14 (190400-544099984):7)
07-10 01:04:07.019 16924 21247 W NetworkScheduler: 	at java.util.concurrent.ThreadPoolExecutor.runWorker(ThreadPoolExecutor.java:1137)
07-10 01:04:07.019 16924 21247 W NetworkScheduler: 	at java.util.concurrent.ThreadPoolExecutor$Worker.run(ThreadPoolExecutor.java:637)
07-10 01:04:07.019 16924 21247 W NetworkScheduler: 	at acro.run(:com.google.android.gms@232414044@23.24.14 (190400-544099984):0)
07-10 01:04:07.019 16924 21247 W NetworkScheduler: 	at java.lang.Thread.run(Thread.java:1012)
07-10 01:04:07.040 21424 21502 E FA      : Name must start with a letter. Type, name: event param, _email
07-10 01:04:07.041 21424 21502 E FA      : Name must start with a letter. Type, name: event param, _segments_state
07-10 01:04:07.041 21424 21502 E FA      : Name must start with a letter. Type, name: event param, _session_type
07-10 01:04:07.110 16924 21421 W NetworkScheduler: Error inserting flex_time=555000 job_id=-1 period=1111000 source=16 requires_charging=0 preferred_network_type=1 target_class=com.google.android.gms.measurement.PackageMeasurementTaskService user_id=0 target_package=com.google.android.gms tag=Measurement.PackageMeasurementTaskService.UPLOAD_TASK_TAG task_type=0 required_idleness_state=0 service_kind=0 source_version=232414000 persistence_level=1 preferred_charging_state=1 required_network_type=0 runtime=1688943847101 retry_strategy={"maximum_backoff_seconds":{"3600":0},"initial_backoff_seconds":{"30":0},"retry_policy":{"0":0}} last_runtime=0 [CONTEXT service_id=218 ]
07-10 01:04:07.110 16924 21421 W NetworkScheduler: android.database.sqlite.SQLiteConstraintException: UNIQUE constraint failed: pending_ops.tag, pending_ops.target_class, pending_ops.target_package, pending_ops.user_id (code 2067 SQLITE_CONSTRAINT_UNIQUE[2067])
07-10 01:04:07.110 16924 21421 W NetworkScheduler: 	at android.database.sqlite.SQLiteConnection.nativeExecuteForLastInsertedRowId(Native Method)
07-10 01:04:07.110 16924 21421 W NetworkScheduler: 	at android.database.sqlite.SQLiteConnection.executeForLastInsertedRowId(SQLiteConnection.java:1275)
07-10 01:04:07.110 16924 21421 W NetworkScheduler: 	at android.database.sqlite.SQLiteSession.executeForLastInsertedRowId(SQLiteSession.java:790)
07-10 01:04:07.110 16924 21421 W NetworkScheduler: 	at android.database.sqlite.SQLiteStatement.executeInsert(SQLiteStatement.java:89)
07-10 01:04:07.110 16924 21421 W NetworkScheduler: 	at android.database.sqlite.SQLiteDatabase.insertWithOnConflict(SQLiteDatabase.java:2410)
07-10 01:04:07.110 16924 21421 W NetworkScheduler: 	at android.database.sqlite.SQLiteDatabase.insertOrThrow(SQLiteDatabase.java:2305)
07-10 01:04:07.110 16924 21421 W NetworkScheduler: 	at cahd.f(:com.google.android.gms@232414044@23.24.14 (190400-544099984):59)
07-10 01:04:07.110 16924 21421 W NetworkScheduler: 	at cafx.n(:com.google.android.gms@232414044@23.24.14 (190400-544099984):3)
07-10 01:04:07.110 16924 21421 W NetworkScheduler: 	at cafx.u(:com.google.android.gms@232414044@23.24.14 (190400-544099984):20)
07-10 01:04:07.110 16924 21421 W NetworkScheduler: 	at cafx.h(:com.google.android.gms@232414044@23.24.14 (190400-544099984):3)
07-10 01:04:07.110 16924 21421 W NetworkScheduler: 	at cabp.run(:com.google.android.gms@232414044@23.24.14 (190400-544099984):9)
07-10 01:04:07.110 16924 21421 W NetworkScheduler: 	at acmg.c(:com.google.android.gms@232414044@23.24.14 (190400-544099984):6)
07-10 01:04:07.110 16924 21421 W NetworkScheduler: 	at acmg.run(:com.google.android.gms@232414044@23.24.14 (190400-544099984):8)
07-10 01:04:07.110 16924 21421 W NetworkScheduler: 	at java.util.concurrent.ThreadPoolExecutor.runWorker(ThreadPoolExecutor.java:1137)
07-10 01:04:07.110 16924 21421 W NetworkScheduler: 	at java.util.concurrent.ThreadPoolExecutor$Worker.run(ThreadPoolExecutor.java:637)
07-10 01:04:07.110 16924 21421 W NetworkScheduler: 	at acro.run(:com.google.android.gms@232414044@23.24.14 (190400-544099984):0)
07-10 01:04:07.110 16924 21421 W NetworkScheduler: 	at java.lang.Thread.run(Thread.java:1012)
07-10 01:04:07.115 21424 21502 E FA      : Name must start with a letter. Type, name: event param, _email
07-10 01:04:07.115 21424 21502 E FA      : Name must start with a letter. Type, name: event param, _segments_state
07-10 01:04:07.115 21424 21502 E FA      : Name must start with a letter. Type, name: event param, _session_type
07-10 01:04:07.142 21424 21436 W System  : A resource failed to call ContentProviderClient.close.
07-10 01:04:07.142 21424 21436 W System  : A resource failed to call ContentProviderClient.close.
07-10 01:04:07.142 21424 21436 W System  : A resource failed to call ContentProviderClient.close.
07-10 01:04:07.142 21424 21436 W System  : A resource failed to call ContentProviderClient.close.
07-10 01:04:07.142 21424 21436 W System  : A resource failed to call ContentProviderClient.close.
07-10 01:04:07.143 21424 21436 W System  : A resource failed to call ContentProviderClient.close.
07-10 01:04:07.143 21424 21436 W System  : A resource failed to call ContentProviderClient.close.
07-10 01:04:07.143 21424 21436 W System  : A resource failed to call ContentProviderClient.close.
07-10 01:04:07.144 21424 21436 W System  : A resource failed to call ContentProviderClient.close.
07-10 01:04:07.144 21424 21436 W System  : A resource failed to call ContentProviderClient.close.
07-10 01:04:07.144 21424 21436 W System  : A resource failed to call ContentProviderClient.close.
07-10 01:04:07.144 21424 21436 W System  : A resource failed to call ContentProviderClient.close.
07-10 01:04:07.144 21424 21436 W System  : A resource failed to call ContentProviderClient.close.
07-10 01:04:07.144 21424 21436 W System  : A resource failed to call ContentProviderClient.close.
07-10 01:04:07.145 21424 21436 W System  : A resource failed to call ContentProviderClient.close.
07-10 01:04:07.145 21424 21436 W System  : A resource failed to call ContentProviderClient.close.
07-10 01:04:07.145 21424 21436 W System  : A resource failed to call ContentProviderClient.close.
07-10 01:04:07.145 21424 21436 W System  : A resource failed to call ContentProviderClient.close.
07-10 01:04:07.145 21424 21436 W System  : A resource failed to call ContentProviderClient.close.
07-10 01:04:07.146 21424 21436 W System  : A resource failed to call ContentProviderClient.close.
07-10 01:04:07.147 21424 21436 W System  : A resource failed to call ContentProviderClient.close.
07-10 01:04:07.147 21424 21436 W System  : A resource failed to call ContentProviderClient.close.
07-10 01:04:07.147 21424 21436 W System  : A resource failed to call ContentProviderClient.close.
07-10 01:04:07.147 21424 21436 W System  : A resource failed to call ContentProviderClient.close.
07-10 01:04:07.147 21424 21436 W System  : A resource failed to call ContentProviderClient.close.
07-10 01:04:07.147 21424 21436 W System  : A resource failed to call ContentProviderClient.close.
07-10 01:04:07.147 21424 21436 W System  : A resource failed to call ContentProviderClient.close.
07-10 01:04:07.147 21424 21436 W System  : A resource failed to call ContentProviderClient.close.
07-10 01:04:07.147 21424 21436 W System  : A resource failed to call ContentProviderClient.close.
07-10 01:04:07.147 21424 21436 W System  : A resource failed to call ContentProviderClient.close.
07-10 01:04:07.147 21424 21436 W System  : A resource failed to call ContentProviderClient.close.
07-10 01:04:07.148 21424 21436 W System  : A resource failed to call ContentProviderClient.close.
07-10 01:04:07.148 21424 21436 W System  : A resource failed to call ContentProviderClient.close.
07-10 01:04:07.148 21424 21436 W System  : A resource failed to call ContentProviderClient.close.
07-10 01:04:07.148 21424 21436 W System  : A resource failed to call ContentProviderClient.close.
07-10 01:04:07.148 21424 21436 W System  : A resource failed to call ContentProviderClient.close.
07-10 01:04:07.149 21424 21436 W System  : A resource failed to call ContentProviderClient.close.
07-10 01:04:07.149 21424 21436 W System  : A resource failed to call ContentProviderClient.close.
07-10 01:04:07.149 21424 21436 W System  : A resource failed to call ContentProviderClient.close.
07-10 01:04:07.149 21424 21436 W System  : A resource failed to call ContentProviderClient.close.
07-10 01:04:07.149 21424 21436 W System  : A resource failed to call ContentProviderClient.close.
07-10 01:04:07.149 21424 21436 W System  : A resource failed to call ContentProviderClient.close.
07-10 01:04:07.149 21424 21436 W System  : A resource failed to call ContentProviderClient.close.
07-10 01:04:07.150 21424 21436 W System  : A resource failed to call ContentProviderClient.close.
07-10 01:04:07.150 21424 21436 W System  : A resource failed to call ContentProviderClient.close.
07-10 01:04:07.150 21424 21436 W System  : A resource failed to call ContentProviderClient.close.
07-10 01:04:07.150 21424 21436 W System  : A resource failed to call ContentProviderClient.close.
07-10 01:04:07.150 21424 21436 W System  : A resource failed to call ContentProviderClient.close.
07-10 01:04:07.150 21424 21436 W System  : A resource failed to call ContentProviderClient.close.
07-10 01:04:07.150 21424 21436 W System  : A resource failed to call ContentProviderClient.close.
07-10 01:04:07.150 21424 21436 W System  : A resource failed to call ContentProviderClient.close.
07-10 01:04:07.150 21424 21436 W System  : A resource failed to call ContentProviderClient.close.
07-10 01:04:07.150 21424 21436 W System  : A resource failed to call ContentProviderClient.close.
07-10 01:04:07.150 21424 21436 W System  : A resource failed to call ContentProviderClient.close.
07-10 01:04:07.150 21424 21436 W System  : A resource failed to call ContentProviderClient.close.
07-10 01:04:07.151 21424 21436 W System  : A resource failed to call ContentProviderClient.close.
07-10 01:04:07.151 21424 21436 W System  : A resource failed to call ContentProviderClient.close.
07-10 01:04:07.151 21424 21436 W System  : A resource failed to call ContentProviderClient.close.
07-10 01:04:07.151 21424 21436 W System  : A resource failed to call ContentProviderClient.close.
07-10 01:04:07.151 21424 21436 W System  : A resource failed to call ContentProviderClient.close.
07-10 01:04:07.151 21424 21436 W System  : A resource failed to call ContentProviderClient.close.
07-10 01:04:07.151 21424 21436 W System  : A resource failed to call ContentProviderClient.close.
07-10 01:04:07.151 21424 21436 W System  : A resource failed to call ContentProviderClient.close.
07-10 01:04:07.151 21424 21436 W System  : A resource failed to call ContentProviderClient.close.
07-10 01:04:07.151 21424 21436 W System  : A resource failed to call ContentProviderClient.close.
07-10 01:04:07.151 21424 21436 W System  : A resource failed to call ContentProviderClient.close.
07-10 01:04:07.151 21424 21436 W System  : A resource failed to call ContentProviderClient.close.
07-10 01:04:07.151 21424 21436 W System  : A resource failed to call ContentProviderClient.close.
07-10 01:04:07.151 21424 21436 W System  : A resource failed to call ContentProviderClient.close.
07-10 01:04:07.152 21424 21436 W System  : A resource failed to call ContentProviderClient.close.
07-10 01:04:07.152 21424 21436 W System  : A resource failed to call ContentProviderClient.close.
07-10 01:04:07.152 21424 21436 W System  : A resource failed to call ContentProviderClient.close.
07-10 01:04:07.152 21424 21436 W System  : A resource failed to call ContentProviderClient.close.
07-10 01:04:07.152 21424 21436 W System  : A resource failed to call ContentProviderClient.close.
07-10 01:04:07.152 21424 21436 W System  : A resource failed to call ContentProviderClient.close.
07-10 01:04:07.152 21424 21436 W System  : A resource failed to call ContentProviderClient.close.
07-10 01:04:07.152 21424 21436 W System  : A resource failed to call ContentProviderClient.close.
07-10 01:04:07.152 21424 21436 W System  : A resource failed to call ContentProviderClient.close.
07-10 01:04:07.152 21424 21436 W System  : A resource failed to call ContentProviderClient.close.
07-10 01:04:07.152 21424 21436 W System  : A resource failed to call ContentProviderClient.close.
07-10 01:04:07.154 21424 21436 W System  : A resource failed to call ContentProviderClient.close.
07-10 01:04:07.154 21424 21436 W System  : A resource failed to call ContentProviderClient.close.
07-10 01:04:07.154 21424 21436 W System  : A resource failed to call ContentProviderClient.close.
07-10 01:04:07.154 21424 21436 W System  : A resource failed to call ContentProviderClient.close.
07-10 01:04:07.155 21424 21436 W System  : A resource failed to call ContentProviderClient.close.
07-10 01:04:07.155 21424 21436 W System  : A resource failed to call ContentProviderClient.close.
07-10 01:04:07.155 21424 21436 W System  : A resource failed to call ContentProviderClient.close.
07-10 01:04:07.155 21424 21436 W System  : A resource failed to call ContentProviderClient.close.
07-10 01:04:07.155 21424 21436 W System  : A resource failed to call ContentProviderClient.close.
07-10 01:04:07.155 21424 21436 W System  : A resource failed to call ContentProviderClient.close.
07-10 01:04:07.155 21424 21436 W System  : A resource failed to call ContentProviderClient.close.
07-10 01:04:07.155 21424 21436 W System  : A resource failed to call ContentProviderClient.close.
07-10 01:04:07.155 21424 21436 W System  : A resource failed to call ContentProviderClient.close.
07-10 01:04:07.155 21424 21436 W System  : A resource failed to call ContentProviderClient.close.
07-10 01:04:07.155 21424 21436 W System  : A resource failed to call ContentProviderClient.close.
07-10 01:04:07.156 21424 21436 W System  : A resource failed to call ContentProviderClient.close.
07-10 01:04:07.156 21424 21436 W System  : A resource failed to call ContentProviderClient.close.
07-10 01:04:07.156 21424 21436 W System  : A resource failed to call ContentProviderClient.close.
07-10 01:04:07.156 21424 21436 W System  : A resource failed to call ContentProviderClient.close.
07-10 01:04:07.156 21424 21436 W System  : A resource failed to call ContentProviderClient.close.
07-10 01:04:07.156 21424 21436 W System  : A resource failed to call ContentProviderClient.close.
07-10 01:04:07.156 21424 21436 W System  : A resource failed to call ContentProviderClient.close.
07-10 01:04:07.156 21424 21436 W System  : A resource failed to call ContentProviderClient.close.
07-10 01:04:07.156 21424 21436 W System  : A resource failed to call ContentProviderClient.close.
07-10 01:04:07.157 21424 21436 W System  : A resource failed to call ContentProviderClient.close.
07-10 01:04:07.157 21424 21436 W System  : A resource failed to call ContentProviderClient.close.
07-10 01:04:07.157 21424 21436 W System  : A resource failed to call ContentProviderClient.close.
07-10 01:04:07.157 21424 21436 W System  : A resource failed to call ContentProviderClient.close.
07-10 01:04:07.157 21424 21436 W System  : A resource failed to call ContentProviderClient.close.
07-10 01:04:07.174 16924 21422 W NetworkScheduler: Error inserting flex_time=555000 job_id=-1 period=1111000 source=16 requires_charging=0 preferred_network_type=1 target_class=com.google.android.gms.measurement.PackageMeasurementTaskService user_id=0 target_package=com.google.android.gms tag=Measurement.PackageMeasurementTaskService.UPLOAD_TASK_TAG task_type=0 required_idleness_state=0 service_kind=0 source_version=232414000 persistence_level=1 preferred_charging_state=1 required_network_type=0 runtime=1688943847162 retry_strategy={"maximum_backoff_seconds":{"3600":0},"initial_backoff_seconds":{"30":0},"retry_policy":{"0":0}} last_runtime=0 [CONTEXT service_id=218 ]
07-10 01:04:07.174 16924 21422 W NetworkScheduler: android.database.sqlite.SQLiteConstraintException: UNIQUE constraint failed: pending_ops.tag, pending_ops.target_class, pending_ops.target_package, pending_ops.user_id (code 2067 SQLITE_CONSTRAINT_UNIQUE[2067])
07-10 01:04:07.174 16924 21422 W NetworkScheduler: 	at android.database.sqlite.SQLiteConnection.nativeExecuteForLastInsertedRowId(Native Method)
07-10 01:04:07.174 16924 21422 W NetworkScheduler: 	at android.database.sqlite.SQLiteConnection.executeForLastInsertedRowId(SQLiteConnection.java:1275)
07-10 01:04:07.174 16924 21422 W NetworkScheduler: 	at android.database.sqlite.SQLiteSession.executeForLastInsertedRowId(SQLiteSession.java:790)
07-10 01:04:07.174 16924 21422 W NetworkScheduler: 	at android.database.sqlite.SQLiteStatement.executeInsert(SQLiteStatement.java:89)
07-10 01:04:07.174 16924 21422 W NetworkScheduler: 	at android.database.sqlite.SQLiteDatabase.insertWithOnConflict(SQLiteDatabase.java:2410)
07-10 01:04:07.174 16924 21422 W NetworkScheduler: 	at android.database.sqlite.SQLiteDatabase.insertOrThrow(SQLiteDatabase.java:2305)
07-10 01:04:07.174 16924 21422 W NetworkScheduler: 	at cahd.f(:com.google.android.gms@232414044@23.24.14 (190400-544099984):59)
07-10 01:04:07.174 16924 21422 W NetworkScheduler: 	at cafx.n(:com.google.android.gms@232414044@23.24.14 (190400-544099984):3)
07-10 01:04:07.174 16924 21422 W NetworkScheduler: 	at cafx.u(:com.google.android.gms@232414044@23.24.14 (190400-544099984):20)
07-10 01:04:07.174 16924 21422 W NetworkScheduler: 	at cafx.h(:com.google.android.gms@232414044@23.24.14 (190400-544099984):3)
07-10 01:04:07.174 16924 21422 W NetworkScheduler: 	at cabp.run(:com.google.android.gms@232414044@23.24.14 (190400-544099984):9)
07-10 01:04:07.174 16924 21422 W NetworkScheduler: 	at acmg.c(:com.google.android.gms@232414044@23.24.14 (190400-544099984):6)
07-10 01:04:07.174 16924 21422 W NetworkScheduler: 	at acmg.run(:com.google.android.gms@232414044@23.24.14 (190400-544099984):7)
07-10 01:04:07.174 16924 21422 W NetworkScheduler: 	at java.util.concurrent.ThreadPoolExecutor.runWorker(ThreadPoolExecutor.java:1137)
07-10 01:04:07.174 16924 21422 W NetworkScheduler: 	at java.util.concurrent.ThreadPoolExecutor$Worker.run(ThreadPoolExecutor.java:637)
07-10 01:04:07.174 16924 21422 W NetworkScheduler: 	at acro.run(:com.google.android.gms@232414044@23.24.14 (190400-544099984):0)
07-10 01:04:07.174 16924 21422 W NetworkScheduler: 	at java.lang.Thread.run(Thread.java:1012)
07-10 01:04:07.193 21424 21502 E FA      : Name must start with a letter. Type, name: event param, _email
07-10 01:04:07.193 21424 21502 E FA      : Name must start with a letter. Type, name: event param, _segments_state
07-10 01:04:07.193 21424 21502 E FA      : Name must start with a letter. Type, name: event param, _session_type
07-10 01:04:07.237 16924 21247 W NetworkScheduler: Error inserting flex_time=554000 job_id=-1 period=1110000 source=16 requires_charging=0 preferred_network_type=1 target_class=com.google.android.gms.measurement.PackageMeasurementTaskService user_id=0 target_package=com.google.android.gms tag=Measurement.PackageMeasurementTaskService.UPLOAD_TASK_TAG task_type=0 required_idleness_state=0 service_kind=0 source_version=232414000 persistence_level=1 preferred_charging_state=1 required_network_type=0 runtime=1688943847234 retry_strategy={"maximum_backoff_seconds":{"3600":0},"initial_backoff_seconds":{"30":0},"retry_policy":{"0":0}} last_runtime=0 [CONTEXT service_id=218 ]
07-10 01:04:07.237 16924 21247 W NetworkScheduler: android.database.sqlite.SQLiteConstraintException: UNIQUE constraint failed: pending_ops.tag, pending_ops.target_class, pending_ops.target_package, pending_ops.user_id (code 2067 SQLITE_CONSTRAINT_UNIQUE[2067])
07-10 01:04:07.237 16924 21247 W NetworkScheduler: 	at android.database.sqlite.SQLiteConnection.nativeExecuteForLastInsertedRowId(Native Method)
07-10 01:04:07.237 16924 21247 W NetworkScheduler: 	at android.database.sqlite.SQLiteConnection.executeForLastInsertedRowId(SQLiteConnection.java:1275)
07-10 01:04:07.237 16924 21247 W NetworkScheduler: 	at android.database.sqlite.SQLiteSession.executeForLastInsertedRowId(SQLiteSession.java:790)
07-10 01:04:07.237 16924 21247 W NetworkScheduler: 	at android.database.sqlite.SQLiteStatement.executeInsert(SQLiteStatement.java:89)
07-10 01:04:07.237 16924 21247 W NetworkScheduler: 	at android.database.sqlite.SQLiteDatabase.insertWithOnConflict(SQLiteDatabase.java:2410)
07-10 01:04:07.237 16924 21247 W NetworkScheduler: 	at android.database.sqlite.SQLiteDatabase.insertOrThrow(SQLiteDatabase.java:2305)
07-10 01:04:07.237 16924 21247 W NetworkScheduler: 	at cahd.f(:com.google.android.gms@232414044@23.24.14 (190400-544099984):59)
07-10 01:04:07.237 16924 21247 W NetworkScheduler: 	at cafx.n(:com.google.android.gms@232414044@23.24.14 (190400-544099984):3)
07-10 01:04:07.237 16924 21247 W NetworkScheduler: 	at cafx.u(:com.google.android.gms@232414044@23.24.14 (190400-544099984):20)
07-10 01:04:07.237 16924 21247 W NetworkScheduler: 	at cafx.h(:com.google.android.gms@232414044@23.24.14 (190400-544099984):3)
07-10 01:04:07.237 16924 21247 W NetworkScheduler: 	at cabp.run(:com.google.android.gms@232414044@23.24.14 (190400-544099984):9)
07-10 01:04:07.237 16924 21247 W NetworkScheduler: 	at acmg.c(:com.google.android.gms@232414044@23.24.14 (190400-544099984):6)
07-10 01:04:07.237 16924 21247 W NetworkScheduler: 	at acmg.run(:com.google.android.gms@232414044@23.24.14 (190400-544099984):7)
07-10 01:04:07.237 16924 21247 W NetworkScheduler: 	at java.util.concurrent.ThreadPoolExecutor.runWorker(ThreadPoolExecutor.java:1137)
07-10 01:04:07.237 16924 21247 W NetworkScheduler: 	at java.util.concurrent.ThreadPoolExecutor$Worker.run(ThreadPoolExecutor.java:637)
07-10 01:04:07.237 16924 21247 W NetworkScheduler: 	at acro.run(:com.google.android.gms@232414044@23.24.14 (190400-544099984):0)
07-10 01:04:07.237 16924 21247 W NetworkScheduler: 	at java.lang.Thread.run(Thread.java:1012)
07-10 01:04:07.264 21424 21502 E FA      : Name must start with a letter. Type, name: event param, _email
07-10 01:04:07.264 21424 21502 E FA      : Name must start with a letter. Type, name: event param, _segments_state
07-10 01:04:07.264 21424 21502 E FA      : Name must start with a letter. Type, name: event param, _session_type
07-10 01:04:07.264 21424 21502 E FA      : Name must consist of letters, digits or _ (underscores). Type, name: event param, root>caches
07-10 01:04:07.265 21424 21502 E FA      : Name must consist of letters, digits or _ (underscores). Type, name: event param, root>data
07-10 01:04:07.304 16924 21422 W NetworkScheduler: Error inserting flex_time=554000 job_id=-1 period=1110000 source=16 requires_charging=0 preferred_network_type=1 target_class=com.google.android.gms.measurement.PackageMeasurementTaskService user_id=0 target_package=com.google.android.gms tag=Measurement.PackageMeasurementTaskService.UPLOAD_TASK_TAG task_type=0 required_idleness_state=0 service_kind=0 source_version=232414000 persistence_level=1 preferred_charging_state=1 required_network_type=0 runtime=1688943847300 retry_strategy={"maximum_backoff_seconds":{"3600":0},"initial_backoff_seconds":{"30":0},"retry_policy":{"0":0}} last_runtime=0 [CONTEXT service_id=218 ]
07-10 01:04:07.304 16924 21422 W NetworkScheduler: android.database.sqlite.SQLiteConstraintException: UNIQUE constraint failed: pending_ops.tag, pending_ops.target_class, pending_ops.target_package, pending_ops.user_id (code 2067 SQLITE_CONSTRAINT_UNIQUE[2067])
07-10 01:04:07.304 16924 21422 W NetworkScheduler: 	at android.database.sqlite.SQLiteConnection.nativeExecuteForLastInsertedRowId(Native Method)
07-10 01:04:07.304 16924 21422 W NetworkScheduler: 	at android.database.sqlite.SQLiteConnection.executeForLastInsertedRowId(SQLiteConnection.java:1275)
07-10 01:04:07.304 16924 21422 W NetworkScheduler: 	at android.database.sqlite.SQLiteSession.executeForLastInsertedRowId(SQLiteSession.java:790)
07-10 01:04:07.304 16924 21422 W NetworkScheduler: 	at android.database.sqlite.SQLiteStatement.executeInsert(SQLiteStatement.java:89)
07-10 01:04:07.304 16924 21422 W NetworkScheduler: 	at android.database.sqlite.SQLiteDatabase.insertWithOnConflict(SQLiteDatabase.java:2410)
07-10 01:04:07.304 16924 21422 W NetworkScheduler: 	at android.database.sqlite.SQLiteDatabase.insertOrThrow(SQLiteDatabase.java:2305)
07-10 01:04:07.304 16924 21422 W NetworkScheduler: 	at cahd.f(:com.google.android.gms@232414044@23.24.14 (190400-544099984):59)
07-10 01:04:07.304 16924 21422 W NetworkScheduler: 	at cafx.n(:com.google.android.gms@232414044@23.24.14 (190400-544099984):3)
07-10 01:04:07.304 16924 21422 W NetworkScheduler: 	at cafx.u(:com.google.android.gms@232414044@23.24.14 (190400-544099984):20)
07-10 01:04:07.304 16924 21422 W NetworkScheduler: 	at cafx.h(:com.google.android.gms@232414044@23.24.14 (190400-544099984):3)
07-10 01:04:07.304 16924 21422 W NetworkScheduler: 	at cabp.run(:com.google.android.gms@232414044@23.24.14 (190400-544099984):9)
07-10 01:04:07.304 16924 21422 W NetworkScheduler: 	at acmg.c(:com.google.android.gms@232414044@23.24.14 (190400-544099984):6)
07-10 01:04:07.304 16924 21422 W NetworkScheduler: 	at acmg.run(:com.google.android.gms@232414044@23.24.14 (190400-544099984):7)
07-10 01:04:07.304 16924 21422 W NetworkScheduler: 	at java.util.concurrent.ThreadPoolExecutor.runWorker(ThreadPoolExecutor.java:1137)
07-10 01:04:07.304 16924 21422 W NetworkScheduler: 	at java.util.concurrent.ThreadPoolExecutor$Worker.run(ThreadPoolExecutor.java:637)
07-10 01:04:07.304 16924 21422 W NetworkScheduler: 	at acro.run(:com.google.android.gms@232414044@23.24.14 (190400-544099984):0)
07-10 01:04:07.304 16924 21422 W NetworkScheduler: 	at java.lang.Thread.run(Thread.java:1012)
07-10 01:04:07.317 21424 21502 E FA      : Name must start with a letter. Type, name: event param, _email
07-10 01:04:07.317 21424 21502 E FA      : Name must start with a letter. Type, name: event param, _segments_state
07-10 01:04:07.317 21424 21502 E FA      : Name must start with a letter. Type, name: event param, _session_type
07-10 01:04:07.317 21424 21502 E FA      : Name must consist of letters, digits or _ (underscores). Type, name: event param, root>caches>internal_cache
07-10 01:04:07.317 21424 21502 E FA      : Name must consist of letters, digits or _ (underscores). Type, name: event param, root>caches>superapp
07-10 01:04:07.317 21424 21502 E FA      : Name must consist of letters, digits or _ (underscores). Type, name: event param, root>data>app_optimized
07-10 01:04:07.317 21424 21502 E FA      : Name must consist of letters, digits or _ (underscores). Type, name: event param, root>data>app_pccache
07-10 01:04:07.318 21424 21502 E FA      : Name must consist of letters, digits or _ (underscores). Type, name: event param, root>data>app_textures
07-10 01:04:07.318 21424 21502 E FA      : Name must consist of letters, digits or _ (underscores). Type, name: event param, root>data>app_tmppccache
07-10 01:04:07.318 21424 21502 E FA      : Name must consist of letters, digits or _ (underscores). Type, name: event param, root>data>app_webview
07-10 01:04:07.318 21424 21502 E FA      : Name must consist of letters, digits or _ (underscores). Type, name: event param, root>data>code_cache
07-10 01:04:07.318 21424 21502 E FA      : Name must consist of letters, digits or _ (underscores). Type, name: event param, root>data>databases
07-10 01:04:07.318 21424 21502 E FA      : Name must consist of letters, digits or _ (underscores). Type, name: event param, root>data>files
07-10 01:04:07.318 21424 21502 E FA      : Name must consist of letters, digits or _ (underscores). Type, name: event param, root>data>no_backup
07-10 01:04:07.319 21424 21502 E FA      : Name must consist of letters, digits or _ (underscores). Type, name: event param, root>data>oat
07-10 01:04:07.319 21424 21502 E FA      : Name must consist of letters, digits or _ (underscores). Type, name: event param, root>data>shared_prefs
