07-10 01:28:25.416 11611 11645 I TestRunner: started: valueOnlyBodiesFloat(org.jetbrains.android_benchmark.Wolf3dBenchmark)
07-10 01:28:25.419 11611 11611 I MonitoringInstr: Activities that are still in CREATED to STOPPED: 1
07-10 01:28:25.420 11611 11611 I MonitoringInstr: Finishing activity: androidx.benchmark.IsolationActivity@c9a4959
07-10 01:28:25.433 11611 11645 I GrantPermissionCallable: Permission: android.permission.WRITE_EXTERNAL_STORAGE is already granted!
07-10 01:28:25.435 11611 11645 I GrantPermissionCallable: Permission: android.permission.READ_EXTERNAL_STORAGE is already granted!
07-10 01:28:25.436 11611 11645 D Benchmark: -- Running org.jetbrains.android_benchmark.Wolf3dBenchmark#valueOnlyBodiesFloat --
07-10 01:28:25.436 11611 11645 D PerfettoCapture: Supported ABIs: arm64-v8a, armeabi-v7a, armeabi
07-10 01:28:25.436 11611 11645 D PerfettoCapture: Recording perfetto trace
07-10 01:28:25.574 11611 11645 I PerfettoCapture: Cleanup perfetto before starting.
07-10 01:28:25.608  5674  9952 D WifiNl80211Manager: Scan result ready event
07-10 01:28:25.608  5674  9952 D WifiNative: Scan result ready event
07-10 01:28:25.615 22079 22079 I wpa_supplicant: nl80211: Drv Event 34 (NL80211_CMD_NEW_SCAN_RESULTS) received for wlan0
07-10 01:28:25.616  6576 22194 D IpClient/wlan0: interfaceLinkStateChanged: ifindex 11 up
07-10 01:28:25.616 22079 22079 I wpa_supplicant: wlan0: nl80211: New scan results available
07-10 01:28:25.620 22079 22079 I wpa_supplicant: nl80211: Scan probed for SSID ''
07-10 01:28:25.636 22079 22079 I wpa_supplicant: nl80211: Scan included frequencies: 2412 2417 2422 2427 2432 2437 2442 2447 2452 2457 2462 2467 2472 5180 5200 5220 5240 5260 5280 5300 5320 5745 5765 5785 5805 5825
07-10 01:28:25.655  5674  6115 D SemWifiScanPool: countryCode: RS, count: 7, totalSamples: 7, rate: 100.0%
07-10 01:28:25.656  5674  6115 V SemWifiScanPool: updateScanResult, full scan:12 configKeys: 10 pool_bssid:32 pool_configKeys:21
07-10 01:28:25.656  5674  6115 D WifiConnectivityMonitor: onScanResultUpdated
07-10 01:28:25.656  5674  6115 D WifiConnectivityMonitor: mMaxScannedCountryCode : RS
07-10 01:28:25.723 11611 11645 I PerfettoCapture: Perfetto output file cleanup -
07-10 01:28:25.723 11611 11645 I PerfettoCapture: Starting perfetto tracing with cmd: cat /storage/emulated/0/Android/data/org.jetbrains.android_benchmark.test/cache/trace_config.pb | perfetto --background -c - -o /data/misc/perfetto-traces/trace_output.pb
07-10 01:28:25.751  5674  9851 V LocationManagerService: network provider registration 10234/com.google.android.as/403464A0 dropped delivery - too close
07-10 01:28:25.753  7284  7370 I NlpMonitor_FLP: monitorNlp, package=system(slocation)/ interval=0
07-10 01:28:25.755  5674  6793 D SLocation: PositionManager - ActiveonLocationChanged network 1688945305605
07-10 01:28:25.756  5674  6793 D SLocation: ARDistanceBigData - BIGDATA ARD - receive location
07-10 01:28:25.756  5674  6793 D SLocation: ARDistanceBigData - BIGDATA ARD - end log 74, 146802589___BIGDATA ARD - end log 75, 146802589___BIGDATA ARD - end log 76, 146802589___BIGDATA ARD - end log 77, 146802589___BIGDATA ARD - end log 78, 146802589___BIGDATA ARD - end log 79, 146802589___BIGDATA ARD - end log 80, 146802589___BIGDATA ARD - end log 81, 146802589___BIGDATA ARD - end log 82, 146802589___BIGDATA ARD - end log 83, 146802589___BIGDATA ARD - end log 84, 146802589___
07-10 01:28:25.756  5674  6793 D SLocation: ARDistanceBigData - BIGDATA ARD - unique id 85
07-10 01:28:25.756  5674  9851 V LocationManagerService: passive provider registration 1000/android[SensorNotificationService]/3DC7BFCB dropped delivery - too close
07-10 01:28:25.757  5674  6793 D SLocation: GeopointGeofenceManager - Location reported : fix method = 2 / 17.048
07-10 01:28:25.757  5674  9851 V LocationManagerService: passive provider registration 5023/com.samsung.android.networkdiagnostic/4FDF9C6D dropped delivery - too close
07-10 01:28:25.757  5674  6793 D SLocation: NLPManager - removeUpdates - NLP
07-10 01:28:25.761  5674  6793 D LocationManagerService: network provider removed registration from 1000/android[SLocationService]/4FF31C5B
07-10 01:28:25.762  5674  6793 W Settings: Setting airplane_mode_on has moved from android.provider.Settings.System to android.provider.Settings.Global, returning read-only value.
07-10 01:28:25.764  7284  7370 E RequestManager_FLP: [LocationManager] Location remove 4FF31C5B from system
07-10 01:28:25.773  7284  7370 I LocationRequestData_FLP: Remove in requestInfoList, 4FF31C5B / ListSize[network]=1
07-10 01:28:25.779  5674  6793 D SLocation: SLocationCoreSem - send to coreSem, packet length : 23 / [2, 26, 183, 29, 204, 12, 49, 247, 63, 0, 0, 0, 17, 2, 0, 0, 1, 137, 60, 252, 40, 5, 0]
07-10 01:28:25.780  5674  6793 D SemContextLocationCoreAttribute: setAttribute() mode : 0 action : 23
07-10 01:28:25.780  5674  6793 D SemContextService: lock : changeParameters
07-10 01:28:25.783 16924 17836 W SystemServiceRegistry: No service published for: wifirtt
07-10 01:28:25.784  5674  6793 D SemContext.CaeProvider.LocationCoreImpl: setAttribute() mode : 0 action : 23
07-10 01:28:25.796  5674  6793 W CAE     : setCAProperty(ContextAwareService.java:513) - [setProperty 01] Mutex is locked for SLOCATION_RUNNER
07-10 01:28:25.798 22079 22079 I wpa_supplicant: nl80211: Drv Event 33 (NL80211_CMD_TRIGGER_SCAN) received for wlan0
07-10 01:28:25.798 22079 22079 I wpa_supplicant: wlan0: nl80211: Scan trigger
07-10 01:28:25.798  5674  6793 I CAE     : setPropertyValue(SLocationRunner.java:116) - SLocationRunner setProperty header : 2, len : 23
07-10 01:28:25.798  5674  6793 I CAE     : sendCmdToSensorHub(SensorHubCommManager.java:156) - -63, 23, 55, 2, 26, -73, 29, -52, 12, 49, -9, 63, 0, 0, 0, 17, 2, 0, 0, 1, -119, 60, -4, 40, 5, 0,
07-10 01:28:25.803  5674  5862 D SensorService: setSContextDataLocked ints length 8 , byte length 26
07-10 01:28:25.803  5674  5862 D SensorService: setSContextDataLocked 23717c1
07-10 01:28:25.807  5306  5306 I SensorsHub: SContextSensor::injecet_sensor_data
07-10 01:28:25.810  5306  5306 D SensorsHub: c1 17 37 02 1a b7 1d cc 0c 31 f7 3f 00 00 00 11
07-10 01:28:25.810  5306  5306 D SensorsHub: 02 00 00 01 89 3c fc 28 05 00
07-10 01:28:25.810  5306  5306 D SensorsHub: inject_scontext_data: New ssp_data_injection_fd(28)
07-10 01:28:25.810  5306  5306 D SensorsHub: SContext Data Injection return 26
07-10 01:28:25.811  5306  5327 I SensorsHub: context 10 0 9 1,1,55,0,5,2,2,0,0,0, 146802644141220
07-10 01:28:25.812  5674  6793 W CAE     : setCAProperty(ContextAwareService.java:519) - [setProperty 02] Mutex is unlocked for SLOCATION_RUNNER
07-10 01:28:25.812  5674  6793 D SemContextService: unlock : changeParameters
07-10 01:28:25.813  5674  6793 D SemContextManager:   .changeParameters : listener = com.samsung.android.location.semcontext.a@459a70d, service=SLocation Core
07-10 01:28:25.813  5674  6793 D SLocation: ARDistanceLibManager - request distance diff to AR Distance Library
07-10 01:28:25.813  5674  5859 D SensorHubManager: onGetSensorHubDataLocked: library(10) = 1, 1, 55, 0, 5, 2, 2, 0, 0, 0
07-10 01:28:25.813  5674  6793 D SLocation: SLocationCoreSem - send to coreSem, packet length : 1 / [34]
07-10 01:28:25.813  5674  6793 D SemContextLocationCoreAttribute: setAttribute() mode : 0 action : 23
07-10 01:28:25.813  5674  6793 D SemContextService: lock : changeParameters
07-10 01:28:25.814  5674  6793 D SemContext.CaeProvider.LocationCoreImpl: setAttribute() mode : 0 action : 23
07-10 01:28:25.814  5674  5860 D CAE     : onGetSensorHubData(SensorHubParserProvider.java:89) - onGetSensorHubData Event [event buffer len :10], AP_WAKEUP
07-10 01:28:25.814  5674  5860 I CAE     : parse(SensorHubParserProvider.java:190) - buffer size = 10
07-10 01:28:25.815  5674  6793 W CAE     : setCAProperty(ContextAwareService.java:513) - [setProperty 01] Mutex is locked for SLOCATION_RUNNER
07-10 01:28:25.815  5674  5860 I CAE     : parse(SensorHubParserProvider.java:201) - 1, 1, 55, 0, 5, 2, 2, 0, 0, 0,
07-10 01:28:25.815  5674  5860 I CAE     : parse(SLocationRunner.java:88) - SLocationRunner parse start : 3
07-10 01:28:25.815  5674  6793 I CAE     : setPropertyValue(SLocationRunner.java:116) - SLocationRunner setProperty header : 34, len : 1
07-10 01:28:25.816  5674  5860 D CAE     : display(ContextProvider.java:375) - ================= SLOCATION_RUNNER =================
07-10 01:28:25.816  5674  5860 I CAE     : display(ContextProvider.java:391) - ExtraDataArray=[1, 1, 55, 0, 5, 2, 2, 0, 0, 0]
07-10 01:28:25.816  5674  6793 I CAE     : sendCmdToSensorHub(SensorHubCommManager.java:156) - -63, 23, 55, 34,
07-10 01:28:25.817  5674  5860 I CAE     : parse(SLocationRunner.java:96) - SLocationRunner parse end:10
07-10 01:28:25.817  5674  5862 D SensorService: setSContextDataLocked ints length 2 , byte length 4
07-10 01:28:25.817  5674  5862 D SensorService: setSContextDataLocked 223717c1
07-10 01:28:25.818  5674  5857 D SemContextService: Service.updateContext() : service = SLocation Core
07-10 01:28:25.818  5306  5306 I SensorsHub: SContextSensor::injecet_sensor_data
07-10 01:28:25.818  5306  5306 D SensorsHub: c1 17 37 22
07-10 01:28:25.818  5306  5306 D SensorsHub: inject_scontext_data: New ssp_data_injection_fd(28)
07-10 01:28:25.818  5674  5674 D SemContextManager: onSemContextChanged() : event = SLocation Core
07-10 01:28:25.818  5306  5306 D SensorsHub: SContext Data Injection return 4
07-10 01:28:25.819  5674  5674 D SLocation: SLocationCoreSem - SemContextChanged type = 47, packet received
07-10 01:28:25.819  5306  5327 I SensorsHub: context 38 0 37 1,1,55,0,33,33,0,0,0,0,23,112,73,106,186,2,38,0,26,183,29,32,12,50,3,0,0,0,0,37,5,6,139,120,0,0,5,63, 146802652181297
07-10 01:28:25.819  5674  6793 W CAE     : setCAProperty(ContextAwareService.java:519) - [setProperty 02] Mutex is unlocked for SLOCATION_RUNNER
07-10 01:28:25.819  5674  6793 D SemContextService: unlock : changeParameters
07-10 01:28:25.819  5306  5327 I SensorsHub: context 10 0 9 1,1,55,0,5,2,34,0,0,0, 146802652203028
07-10 01:28:25.819  5674  6793 D SemContextManager:   .changeParameters : listener = com.samsung.android.location.semcontext.a@459a70d, service=SLocation Core
07-10 01:28:25.820  5674  6793 D SLocation: PositionManager - onLocationChanged - filter passive location because it same active location
07-10 01:28:25.820  5674  5859 D SensorHubManager: onGetSensorHubDataLocked: library(38) = 1, 1, 55, 0, 33, 33, 0, 0, 0, 0, 23, 112, 73, 106, -70, 2, 38, 0, 26, -73, 29, 32, 12, 50, 3, 0, 0, 0, 0, 37, 5, 6, -117, 120, 0, 0, 5, 63
07-10 01:28:25.820  5674  6793 D SLocation: LocationProcessingAlgorithm - entry condition - dist : 4651.31 padding : 0.0, accuracy : 17.048, provider : network, dir : 2
07-10 01:28:25.820  5674  6793 D SLocation: LocationProcessingAlgorithm - entry condition - dist : 3807524.2 padding : 0.0, accuracy : 17.048, provider : network, dir : 2
07-10 01:28:25.821  5674  5859 D SensorHubManager: onGetSensorHubDataLocked: library(10) = 1, 1, 55, 0, 5, 2, 34, 0, 0, 0
07-10 01:28:25.821  5674  5860 D CAE     : onGetSensorHubData(SensorHubParserProvider.java:89) - onGetSensorHubData Event [event buffer len :38], AP_WAKEUP
07-10 01:28:25.821  5674  5860 I CAE     : parse(SensorHubParserProvider.java:190) - buffer size = 38
07-10 01:28:25.821  5674  6793 D SLocation: LocationProcessingAlgorithm - entry condition - dist : 90748.875 padding : 0.0, accuracy : 17.048, provider : network, dir : 2
07-10 01:28:25.821  5674  6793 D SLocation: LocationProcessingAlgorithm - entry condition - dist : 3807948.0 padding : 0.0, accuracy : 17.048, provider : network, dir : 2
07-10 01:28:25.821  5674  5860 I CAE     : parse(SensorHubParserProvider.java:201) - 1, 1, 55, 0, 33, 33, 0, 0, 0, 0, 23, 112, 73, 106, -70, 2, 38, 0, 26, -73, 29, 32, 12, 50, 3, 0, 0, 0, 0, 37, 5, 6, -117, 120, 0, 0, 5, 63,
07-10 01:28:25.821  5674  6793 D SLocation: LocationProcessingAlgorithm - entry condition - dist : 684.6687 padding : 0.0, accuracy : 17.048, provider : network, dir : 2
07-10 01:28:25.821  5674  6793 D SLocation: LocationProcessingAlgorithm - entry condition - dist : 1917398.0 padding : 0.0, accuracy : 17.048, provider : network, dir : 2
07-10 01:28:25.821  5674  6793 D SLocation: LocationProcessingAlgorithm - entry condition - dist : 13349.118 padding : 0.0, accuracy : 17.048, provider : network, dir : 2
07-10 01:28:25.822  5674  5860 I CAE     : parse(SLocationRunner.java:88) - SLocationRunner parse start : 3
07-10 01:28:25.822  5674  6793 D SLocation: LocationProcessingAlgorithm - entry condition - dist : 3807948.0 padding : 0.0, accuracy : 17.048, provider : network, dir : 2
07-10 01:28:25.822  5674  5860 D CAE     : display(ContextProvider.java:375) - ================= SLOCATION_RUNNER =================
07-10 01:28:25.822  5674  6793 D SLocation: LocationProcessingAlgorithm - entry condition - dist : 1801178.6 padding : 0.0, accuracy : 17.048, provider : network, dir : 2
07-10 01:28:25.822  5674  6793 D SLocation: LocationProcessingAlgorithm - entry condition - dist : 664.1097 padding : 0.0, accuracy : 17.048, provider : network, dir : 2
07-10 01:28:25.822  5674  6793 D SLocation: ReceiverPairWithWifi - ignore direction of location due to wifi, id =11reason=400
07-10 01:28:25.823  5674  5860 I CAE     : display(ContextProvider.java:391) - ExtraDataArray=[1, 1, 55, 0, 33, 33, 0, 0, 0, 0, 23, 112, 73, 106, -70, 2, 38, 0, 26, -73, 29, 32, 12, 50, 3, 0, 0, 0, 0, 37, 5, 6, -117, 120, 0, 0, 5, 63]
07-10 01:28:25.823  5674  6793 D SLocation: LocationProcessingAlgorithm - entry condition - dist : 426.994 padding : 0.0, accuracy : 17.048, provider : network, dir : 1
07-10 01:28:25.823  5674  6793 D SLocation: GeopointReceiver - send geopoint result - 1
07-10 01:28:25.823  5674  5860 I CAE     : parse(SLocationRunner.java:96) - SLocationRunner parse end:38
07-10 01:28:25.823  5674  5860 D CAE     : onGetSensorHubData(SensorHubParserProvider.java:89) - onGetSensorHubData Event [event buffer len :10], AP_WAKEUP
07-10 01:28:25.824  5674  6793 I SLocation: SemContextParser -  parse start : 3
07-10 01:28:25.824  5674  6793 I SLocation: SemContextParser -  packet Length : 5packet total size : 10
07-10 01:28:25.824  5674  6793 I SLocation: SemContextParser - packet : [2, 2, 0, 0, 0]
07-10 01:28:25.824  5674  5860 I CAE     : parse(SensorHubParserProvider.java:190) - buffer size = 10
07-10 01:28:25.824  5674  5860 I CAE     : parse(SensorHubParserProvider.java:201) - 1, 1, 55, 0, 5, 2, 34, 0, 0, 0,
07-10 01:28:25.824  5674  6793 D SLocation: GeofenceCoreManager - received Extra Data from core, len : 5
07-10 01:28:25.824  5674  6793 D SLocation: GeofenceCoreManager - handleCommandCallback - UNKNOWN_CALLBACK 2 SUCCESS
07-10 01:28:25.824  5674  5860 I CAE     : parse(SLocationRunner.java:88) - SLocationRunner parse start : 3
07-10 01:28:25.824  5674  5857 D SemContextService: Service.updateContext() : service = SLocation Core
07-10 01:28:25.824  5674  6793 D SLocation: CommonCoreManager - received Extra Data from core, len : 5
07-10 01:28:25.824  6877  7137 I PhoneStateTracker<1>: onCellInfoChanged: xxxxx
07-10 01:28:25.824  5674  5860 D CAE     : display(ContextProvider.java:375) - ================= SLOCATION_RUNNER =================
07-10 01:28:25.825  5674  5860 I CAE     : display(ContextProvider.java:391) - ExtraDataArray=[1, 1, 55, 0, 5, 2, 34, 0, 0, 0]
07-10 01:28:25.825  6877  7137 I ImsCallSessionManager: onCellInfoChanged, phoneId: 1
07-10 01:28:25.825  6877  7137 I RegiMgr-Handler: handleMessage: EVENT_CELL_INFO_CHANGED
07-10 01:28:25.825  5674  5860 I CAE     : parse(SLocationRunner.java:96) - SLocationRunner parse end:10
07-10 01:28:25.825  5674  6793 D SLocation: CommonCoreManager - handleCommandCallback - FUNC_TYPE : SET_LOCATION ERROR_CODE : ERROR_NONE
07-10 01:28:25.825  5674  5674 D SemContextManager: onSemContextChanged() : event = SLocation Core
07-10 01:28:25.826  5674  5674 D SLocation: SLocationCoreSem - SemContextChanged type = 47, packet received
07-10 01:28:25.826  5674  5857 D SemContextService: Service.updateContext() : service = SLocation Core
07-10 01:28:25.826  5674  6793 I SLocation: SemContextParser -  parse start : 3
07-10 01:28:25.826  5674  6793 I SLocation: SemContextParser -  packet Length : 33packet total size : 38
07-10 01:28:25.826  5674  6793 I SLocation: SemContextParser - packet : [33, 0, 0, 0, 0, 23, 112, 73, 106, -70, 2, 38, 0, 26, -73, 29, 32, 12, 50, 3, 0, 0, 0, 0, 37, 5, 6, -117, 120, 0, 0, 5, 63]
07-10 01:28:25.826  5674  6793 D SLocation: GeofenceCoreManager - received Extra Data from core, len : 33
07-10 01:28:25.826  5674  6793 D SLocation: ARDistanceGetARDistance - convertSensorHubTimeToElapsedTime 1688928894201496833
07-10 01:28:25.826  5674  6793 D SLocation: ARDistanceGetARDistance - invalid location time from core pvt 1688928894201496833, do not use distance info
07-10 01:28:25.826  5674  6793 D SLocation: CommonCoreManager - received Extra Data from core, len : 33
07-10 01:28:25.826  6877  7137 I RegiMgr<1>: updatePani RegisterTask[1][mProfile=Telenor Serbia IMS, mRegistrationRat=13, mPdnType=11, mState=REGISTERED, mObject=UserAgent - :
07-10 01:28:25.826  6877  7137 I RegiMgr<1>:  total records=852
07-10 01:28:25.826  6877  7137 I RegiMgr<1>:  rec[0]: time=07-10 01:04:36.984 processed=ReadyState org=RegisteredState dest=<null> what=34(0x22)
07-10 01:28:25.826  6877  7137 I RegiMgr<1>:  rec[1]: time=07-10 01:04:36.998 processed=RegisteredState org=RegisteredState dest=<null> what=2000(0x7d0)
07-10 01:28:25.826  6877  7137 I RegiMgr<1>:  rec[2]: time=07-10 01:06:25.436 processed=ReadyState org=RegisteredState dest=<null> what=34(0x22)
07-10 01:28:25.826  6877  7137 I RegiMgr<1>:  rec[3]: time=07-10 01:06:25.437 processed=RegisteredState org=RegisteredState dest=<null> what=2000(0x7d0)
07-10 01:28:25.826  6877  7137 I RegiMgr<1>:  rec[4]: time=07-10 01:06:28.521 processed=ReadyState org=RegisteredState dest=<null> what=34(0x22)
07-10 01:28:25.826  6877  7137 I RegiMgr<1>:  rec[5]: time=07-10 01:06:28.522 processed=RegisteredState org=RegisteredState dest=<null> what=2000(0x7d0)
07-10 01:28:25.826  6877  7137 I RegiMgr<1>:  rec[6]: time=07-10 01:11:54.913 processed=ReadyState org=RegisteredState dest=<null> what=34(0x22)
07-10 01:28:25.826  6877  7137 I RegiMgr<1>:  rec[7]: time=07-10 01:11:54.933 processed=RegisteredState org=RegisteredState dest=<null> what=2000(0x7d0)
07-10 01:28:25.826  6877  7137 I RegiMgr<1>:  rec[8]: time=07-10 01:11:57.896 processed=ReadyState org=RegisteredState dest=<null> what=34(0x22)
07-10 01:28:25.826  6877  7137 I RegiMgr<1>:  rec[9]: time=07-10 01:11:57.898 processed=RegisteredState org=RegisteredState dest=<null> what=2000(0x7d0)
07-10 01:28:25.826  6877  7137 I RegiMgr<1>:  rec[10]: time=07-10 01:17:23.929 processed=ReadyState org=RegisteredState dest=<null> what=34(0x22)
07-10 01:28:25.826  6877  7137 I RegiMgr<1>:  rec[11]: time=07-10 01:17:23.948 processed=RegisteredState org=RegisteredState dest=<null> what=2000(0x7d0)
07-10 01:28:25.826  6877  7137 I RegiMgr<1>:  rec[12]: time=07-10 01:17:27.177 processed=ReadyState org=RegisteredState dest=<null> what=34(0x22)
07-10 01:28:25.826  6877  7137 I RegiMgr<1>:  rec[13]: time=07-10 01:17:27.179 processed=RegisteredState org=RegisteredState dest=<null> what=2000(0x7d0)
07-10 01:28:25.826  6877  7137 I RegiMgr<1>:  rec[14]: time=07-10 01:22:53.306 processed=ReadyState org=RegisteredState dest=<null> what=34(0x22)
07-10 01:28:25.826  6877  7137 I RegiMgr<1>:  rec[15]: time=07-10 01:22:53.331 processed=RegisteredState org=RegisteredState dest=<null> what=2000(0x7d0)
07-10 01:28:25.826  6877  7137 I RegiMgr<1>:  rec[16]: time=07-10 01:22:56.277 processed=ReadyState org=RegisteredState dest=<null> what=34(0x22)
07-10 01:28:25.826  6877  7137 I RegiMgr<1>:  rec[17]: time=07-10 01:22:56.279 processed=RegisteredState org=RegisteredState dest=<null> what=2000(0x7d0)
07-10 01:28:25.826  6877  7137 I RegiMgr<1>:  rec[18]: time=07-10 01:28:22.737 processed=ReadyState org=RegisteredState dest=<null> what=34(0x22)
07-10 01:28:25.826  6877  7137 I RegiMgr<1>:  rec[19]: time=07-10 01:28:22.810 processed=RegisteredState org=RegisteredState dest=<null> what=2000(0x7d0)
07-10 01:28:25.826  6877  7137 I RegiMgr<1>: curState=RegisteredState
07-10 01:28:25.826  6877  7137 I RegiMgr<1>: , mReason=, mPcscfHostname=null, mDeregiReason=41]
07-10 01:28:25.827  5674  5674 D SemContextManager: onSemContextChanged() : event = SLocation Core
07-10 01:28:25.827  5674  5674 D SLocation: SLocationCoreSem - SemContextChanged type = 47, packet received
07-10 01:28:25.827  5674  6793 I SLocation: SemContextParser -  parse start : 3
07-10 01:28:25.827  5674  6793 I SLocation: SemContextParser -  packet Length : 5packet total size : 10
07-10 01:28:25.827  5674  6793 I SLocation: SemContextParser - packet : [2, 34, 0, 0, 0]
07-10 01:28:25.827  5674  6793 D SLocation: GeofenceCoreManager - received Extra Data from core, len : 5
07-10 01:28:25.827  5674  6793 D SLocation: GeofenceCoreManager - handleCommandCallback - UNKNOWN_CALLBACK 34 SUCCESS
07-10 01:28:25.827  5674  6793 D SLocation: ARDistanceLibManager - command callback received - CURRENT_LOCATION_REQUEST_DISTANCE ERROR CODE : ERROR_NONE
07-10 01:28:25.827  5674  6793 D SLocation: CommonCoreManager - received Extra Data from core, len : 5
07-10 01:28:25.828 27770 27770 I perfetto:    perfetto_cmd.cc:1001 Connected to the Perfetto traced service, starting tracing
07-10 01:28:25.829  5436  5436 I perfetto: ing_service_impl.cc:953 Configured tracing session 329, #sources:4, duration:0 ms, #buffers:2, total buffer size:36864 KB, total sessions:1, uid:2000 session name: ""
07-10 01:28:25.831  6877  7137 I PaniGenerator<1>: generate: subId=2, network=13
07-10 01:28:25.831  6877  7137 I PaniGenerator<1>: generate: network=13, fallbackPlmn=22001
07-10 01:28:25.831  6877  7137 I PdnController<1>: getAllCellInfo mNeedCellLocationUpdate : false
07-10 01:28:25.832  6877  7137 I PaniGenerator: generate: change to NW PLMN(22001)
07-10 01:28:25.832  5424  5424 I perfetto:  probes_producer.cc:139 Ftrace setup (target_buf=657)
07-10 01:28:25.832  6877  7137 I PaniGenerator: setLkcForLastPani: No Last PANI header for Telenor Serbia IMS
07-10 01:28:25.832  6877  7137 I UserAgent<1>: updatePani: pani=3GPP-E-UTRAN-FDD;utran-cell-id-3gpp=220012b73017a51f, updatePani: lastPani=
07-10 01:28:25.833  6877  7137 I RegiMgr<1>: tryRegister:
07-10 01:28:25.833  6877  7137 I RegiMgr<0>: RegisterTask(s): Megafon VoLTE (IDLE)
07-10 01:28:25.833  6877  7320 I StackIF : updatePani: 15 pani: [3GPP-E-UTRAN-FDD;utran-cell-id-3gpp=220012b73017a51f]
07-10 01:28:25.833  6877  7137 I RegiMgr<1>: RegisterTask(s): Telenor Serbia IMS (REGISTERED, rat = 13, service = [mmtel-video, smsip, mmtel]), Global GC RCS (IDLE)
07-10 01:28:25.833  6877  7137 I RcsPolicyMgr<1>: pendingRcsRegister: mActiveDataPhoneId = 1
07-10 01:28:25.833  6877  7137 I RcsPolicyMgr<1>: pendingRcsRegister: mActiveDataPhoneId = 1
07-10 01:28:25.833  6877  7137 I RegisterTask: isSuspended: mSuspended(false) mSuspendByIrat(false)
07-10 01:28:25.833  6877  7137 I RegiMgr<1>: [Global GC RCS|IDLE] checkForTryRegister id: 1003
07-10 01:28:25.833  6877  7320 I SECIMSJ : [1532]> 140
07-10 01:28:25.833  6877  7137 I RegiMgr : isPdnConnected: false, PdnType: 1
07-10 01:28:25.834  6877  7330 I [IMS6.0]: IMS_onResponse()
07-10 01:28:25.834  6877  7330 I StackIF : processMessage 2
07-10 01:28:25.834  6877  7330 I StackIF : Processing Response
07-10 01:28:25.834  6877  7330 I SECIMSJ : [1532]< 600
07-10 01:28:25.834  6877  7330 I StackIF : processResponse: reqId 600
07-10 01:28:25.834  6877  7330 I StackIF : processResponse: handle 15 result 0 reason 0
07-10 01:28:25.838  6877  7137 I PdnController: getDefaultNetworkBearer:  WIFI
07-10 01:28:25.840  6877  7137 I PdnController: isWifiConnected: [type: WIFI[], state: CONNECTED/CONNECTED, reason: (unspecified), extra: , failover: false, available: true, roaming: false]
07-10 01:28:25.840  6877  7137 I RegiMgr-Utils<1>: findBestNetwork: WIFI needWifiNetwork = true
07-10 01:28:25.841  6877  7137 I RegiGvnBase<1>: isReadyToDualRegister : true
07-10 01:28:25.844  6877  7137 I RegiMgr<1>: [Global GC RCS|IDLE] checkInitialRegistrationIsReady: APM ON [false], Roamimg [false]
07-10 01:28:25.844  6877  7137 I RcsPolicyMgr<1>: pendingRcsRegister: mActiveDataPhoneId = 1
07-10 01:28:25.844  6877  7137 I ImsProfile: isRttSupportByCallApp : false ttyType : 1
07-10 01:28:25.844  6877  7137 I RegiMgr-Utils<1>: getPriorityRegiedTask : isPriority  High? true
07-10 01:28:25.845  6877  7137 I RegiGvnBase: checkRegiStatus: getState()=IDLE mIsUpdateRegistering=false
07-10 01:28:25.845  6877  7137 I RegiMgr<1>: getTelephonyCallStatus:
07-10 01:28:25.846 11611 11645 I PerfettoCapture: Perfetto output - 27770
07-10 01:28:25.846 11611 11645 I PerfettoCapture: EXITCODE=0
07-10 01:28:25.849  6877  7137 I ConfigProvider: query uri:xxxxx
07-10 01:28:25.856  6877  7137 I ConfigProvider: queryStorage path content://com.samsung.rcs.autoconfigurationprovider/parameter/version#simslot1
07-10 01:28:25.866  6877  7137 E GlobalSettingsRepoBase: globalgcsettings No matched key : dual_rcs_policy
07-10 01:28:25.869  6877  7137 I ImsServiceSwitchEur[1]:  isRcsEnabled: true mDefaultSms true mUpsmEnabled false mEmergencyEnabled false
07-10 01:28:25.873  6877  7137 I ConfigTrigger<1>: isWaitAutoConfig:
07-10 01:28:25.874  6877  7137 E GlobalSettingsRepoBase: globalgcsettings No matched key : dual_rcs_policy
07-10 01:28:25.876  6877  7137 I ImsServiceSwitchEur[1]:  isRcsEnabled: true mDefaultSms true mUpsmEnabled false mEmergencyEnabled false
07-10 01:28:25.876  6877  7137 I RegiMgr-Utils: selectPdnType: rat=18pdn=1
07-10 01:28:25.876  6877  7137 I RegiMgr<1>: getServiceForNetwork: network 18
07-10 01:28:25.876  6877  7137 I RegiMgr<1>: getServiceForNetwork: service {options, chatbot-communication, ft_http, im, euc, gls}
07-10 01:28:25.885  6877  7137 I ConfigTrigger<1>: isValidAcsVersion:
07-10 01:28:25.885  6877  7137 E GlobalSettingsRepoBase: globalgcsettings No matched key : dual_rcs_policy
07-10 01:28:25.887  6877  7137 I ConfigProvider: query uri:xxxxx
07-10 01:28:25.892  6877  7137 I ConfigProvider: queryStorage path content://com.samsung.rcs.autoconfigurationprovider/parameter/version#simslot1
07-10 01:28:25.894  5674  9851 D SecContentProvider2: query(), uri = 18 selection = isRCSEnabled
07-10 01:28:25.894  5674  9851 I PhoneRestrictionPolicy: isRCSEnabledInternal(), showMsg: false, columnName: enableRCS
07-10 01:28:25.895  5674  9851 E PhoneRestrictionPolicy: getEmergencyCall >>false
07-10 01:28:25.895  5674  9851 I PhoneRestrictionPolicy: isRCSEnabledInternal(), showMsg: false, columnName: enableRCSForSimSlot1
07-10 01:28:25.895  5674  9851 E PhoneRestrictionPolicy: getEmergencyCall >>false
07-10 01:28:25.897  6877  7137 I ConfigTrigger<1>: RCS switch: true, version: 0, isRcsAcsCompleted: true
07-10 01:28:25.897  6877  7137 I ConfigTrigger<1>: version is improper : 0
07-10 01:28:25.898  6877  7137 I RegiGvnBase: isVideoCallEnabled: Enable
07-10 01:28:25.899  6877  7137 I RegiMgr<1>: getServiceForNetwork: filtered service []
07-10 01:28:25.899  6877  7137 I RegiMgr<1>: Global GC RCS: no ims service for current rat18
07-10 01:28:25.900  6877  7137 I PdnController: slot[1]: stopPdnConnectivity: network 1, callback is null
07-10 01:28:25.901  6877  7137 E PdnController<1>: requestStopNetwork: callback not found
07-10 01:28:25.901  6877  7137 E #IMSCR  : 07-10 01:28:25 0x1101000B:1,FILTERED ALL:1
07-10 01:28:25.901  6877  7137 I PdnController: handleMessage: what 107
07-10 01:28:25.901  6877  7137 I PdnController: slot[1]: requestStopNetwork: network 1, callback is null
07-10 01:28:25.936 11611 11645 I PerfettoCapture: Perfetto tracing started successfully with pid 27770.
07-10 01:28:26.050  4380  4380 I hwservicemanager: getTransport: Cannot find entry android.hardware.atrace@1.0::IAtraceDevice/default in either framework or device VINTF manifest.
07-10 01:28:26.076  5424  5424 I perfetto:    ftrace_procfs.cc:335 enabled ftrace in /sys/kernel/tracing/
07-10 01:28:26.145 11611 11645 I PerfettoCapture: /sys/kernel/tracing/tracing_on = 1, polled 1 times, capture fully started
07-10 01:28:26.146 11611 11645 D Benchmark: Set 11645 (Bench thread) to priority -20. Was -8, now -20
07-10 01:28:26.146 11611 11645 D Benchmark: Set 11624 (Jit) to priority -15. Was 9, now -15
07-10 01:28:26.166 11611 11645 I _benchmark.test: Explicit concurrent copying GC freed 66082(2007KB) AllocSpace objects, 1(20KB) LOS objects, 67% free, 3024KB/9168KB, paused 171us,103us total 20.027ms
07-10 01:28:26.808  9843 10427 I FuseDaemon: Threshold exceeded - fadvising 67108864
07-10 01:28:26.808  9843 10427 I FuseDaemon: Threshold now 0
07-10 01:28:26.810  5674  7726 D SemWifiUsabilityStatsMonitor: onWifiUsabilityStats - seqNum 21985, isSameBssidAndFreq true
07-10 01:28:26.811  5674  6128 I SemWifiLinkQualityMonitor: Link Qos Query: 0.046 ms / 175.500 Mbps (351 / 0.000 / 2.000)
07-10 01:28:26.813  6461  6461 D NetworkController.WifiSignalController: notifyListener: visible=true, connected=true, inetCondition=1, isDefault=true, wifiTestReported=true, receivedInetCondition=-1, hideDuringMobileSwitching=false
07-10 01:28:26.989 31135 32652 I native  : I0000 00:00:1688945306.988865   32652 soda_async_impl.cc:1540] Current audio timestamp: 1688945306620242
07-10 01:28:27.079  5674 27794 D TrafficStats: tagSocket(968) with statsTag=0xffffffff, statsUid=-1
07-10 01:28:27.289  5674 27794 D WifiConnectivityMonitor.DnsThread:  [|212]
07-10 01:28:27.291  5674  6182 D WifiConnectivityMonitor.NetworkStatsAnalyzer: DNS resultType : 0, responseTime : 212
07-10 01:28:27.292  5674  6164 D OpenNetworkQos[4.00]: updateBssidLatestDnsResultType - result: 0
07-10 01:28:27.292  5674  6164 D OpenNetworkQos[4.00]: updateBssidNoInternet: mBssidNoInternet = false
07-10 01:28:27.292  5674  6164 D OpenNetworkQos[4.00]: getOpenNetworkQosNoInternetStatus: false
07-10 01:28:27.292  5674  6164 D OpenNetworkQos[4.00]: getOpenNetworkQosScores: 26 26 26
07-10 01:28:27.293  5674  6164 I WifiProfileShare: network QoS data was changed (internet), updateQoSData networkType: true, qosData: false
07-10 01:28:27.294  5674  7451 V WifiProfileShare.Caster: update wips network, size: 0
07-10 01:28:27.294  5674  7451 D WifiProfileShare: nearby scanning settings run
07-10 01:28:27.294  5674  7451 D WifiProfileShare: network score provider settings enabled
07-10 01:28:27.295  5674  7451 D OpenNetworkQos[4.00]: getOpenNetworkQosScores: 26 26 26
07-10 01:28:27.295  5674  7451 D OpenNetworkQos[4.00]: getOpenNetworkQosNoInternetStatus: false
07-10 01:28:27.295  5674  7451 I WifiProfileShare.Caster: current network type: 0, score: [26, 26, 26]
07-10 01:28:27.296  5674  7451 V WifiProfileShare.Cache: update network score 00:e4:06:**:**:90
07-10 01:28:27.296  5674  7451 D WifiProfileShare.ScanMatcher: getMcfDataList size:2
07-10 01:28:27.296  5674  7451 I WifiProfileShare.Caster: qos data was updated , before:type:QOS, pBssid:51:2e:90, qosData:7c after:type:QOS, pBssid:51:2e:90, qosData:7c
07-10 01:28:27.298  5674  7451 I [MCFSDK_android_1.2.4010]_4_b: isNetworkEnabled - type : 1 ret : true
07-10 01:28:27.298  5674  7451 D WifiProfileShare.McfCast: -ME--- mIsNetworkEnabled :true
07-10 01:28:27.298  5674  7451 D WifiProfileShare.McfCast: updateQoSData ignored, same contents
07-10 01:28:27.298  5674  7451 D WifiProfileShare.MCF: success update QosData !
07-10 01:28:27.300  5674  7451 I [MCFSDK_android_1.2.4010]_4_b: isNetworkEnabled - type : 1 ret : true
07-10 01:28:27.300  5674  7451 D WifiProfileShare.McfCast: -ME--- mIsNetworkEnabled :true
07-10 01:28:27.300  5674  7451 D WifiProfileShare.McfCast: -ME--- updatePasswordDate pwdData size:2
07-10 01:28:28.249  9843 10427 I FuseDaemon: Threshold exceeded - fadvising 67108864
07-10 01:28:28.249  9843 10427 I FuseDaemon: Threshold now 0
07-10 01:28:28.575  6576 22194 D IpClient/wlan0: interfaceLinkStateChanged: ifindex 11 up
07-10 01:28:28.576 22079 22079 I wpa_supplicant: nl80211: Drv Event 34 (NL80211_CMD_NEW_SCAN_RESULTS) received for wlan0
07-10 01:28:28.576 22079 22079 I wpa_supplicant: wlan0: nl80211: New scan results available
07-10 01:28:28.576 22079 22079 I wpa_supplicant: nl80211: Scan probed for SSID ''
07-10 01:28:28.576 22079 22079 I wpa_supplicant: nl80211: Scan included frequencies: 2412 2417 2422 2427 2432 2437 2442 2447 2452 2457 2462 2467 2472 5180 5200 5220 5240 5260 5280 5300 5320 5745 5765 5785 5805 5825
07-10 01:28:28.579  5674  6593 D WifiNl80211Manager: Scan result ready event
07-10 01:28:28.582  5674  6593 D WifiNative: Scan result ready event
07-10 01:28:28.600  5674  6049 D WificondScannerImpl: Filtering out 4 scan results.
07-10 01:28:28.617  5674  6115 D SemWifiScanPool: countryCode: RS, count: 7, totalSamples: 9, rate: 77.77778%
07-10 01:28:28.617  5674  6115 V SemWifiScanPool: updateScanResult, full scan:15 configKeys: 13 pool_bssid:32 pool_configKeys:21
07-10 01:28:28.617  5674  6115 D WifiConnectivityMonitor: onScanResultUpdated
07-10 01:28:28.617  5674  6115 D WifiConnectivityMonitor: mMaxScannedCountryCode : RS
07-10 01:28:28.648 31135 31464 I A       : (REDACTED) #onAudioData: %s bytes, getAudioReadSize %s
07-10 01:28:28.739  5674  9851 V LocationManagerService: network provider registration 10234/com.google.android.as/403464A0 dropped delivery - too close
07-10 01:28:28.741  5674  9851 V LocationManagerService: passive provider registration 1000/android[SensorNotificationService]/3DC7BFCB dropped delivery - too close
07-10 01:28:28.741  5674  9851 V LocationManagerService: passive provider registration 5023/com.samsung.android.networkdiagnostic/4FDF9C6D dropped delivery - too close
07-10 01:28:28.742  7284  7370 I NlpMonitor_FLP: monitorNlp, package=com.google.android.as/ interval=21600000
07-10 01:28:28.745  5674  6793 D SLocation: PositionManager - PassiveonLocationChanged network 1688945308574
07-10 01:28:28.746  5674  6793 D SLocation: ARDistanceBigData - BIGDATA ARD - receive location
07-10 01:28:28.746  5674  6793 D SLocation: GeofenceLocationFilter - location sent before 2979, need to filter / provider : network, accuracy : 17.014
07-10 01:28:28.746  5674  6793 I SLocation: GeofenceLocationFilter - alarm set, next time to send location : 146808600, com.samsung.android.location.geofence.geopoint.d@7ec25ae
07-10 01:28:28.747  5674  6793 D SLocation: SLocationCoreSem - send to coreSem, packet length : 23 / [2, 26, 183, 30, 12, 12, 49, 247, 7, 0, 0, 0, 17, 2, 0, 0, 1, 137, 60, 252, 51, 158, 0]
07-10 01:28:28.747  5674  6793 D SemContextLocationCoreAttribute: setAttribute() mode : 0 action : 23
07-10 01:28:28.747  5674  6793 D SemContextService: lock : changeParameters
07-10 01:28:28.747  5674  6793 D SemContext.CaeProvider.LocationCoreImpl: setAttribute() mode : 0 action : 23
07-10 01:28:28.748  5674  6793 W CAE     : setCAProperty(ContextAwareService.java:513) - [setProperty 01] Mutex is locked for SLOCATION_RUNNER
07-10 01:28:28.748  5674  6793 I CAE     : setPropertyValue(SLocationRunner.java:116) - SLocationRunner setProperty header : 2, len : 23
07-10 01:28:28.748  5674  6793 I CAE     : sendCmdToSensorHub(SensorHubCommManager.java:156) - -63, 23, 55, 2, 26, -73, 30, 12, 12, 49, -9, 7, 0, 0, 0, 17, 2, 0, 0, 1, -119, 60, -4, 51, -98, 0,
07-10 01:28:28.748  5674  5862 D SensorService: setSContextDataLocked ints length 8 , byte length 26
07-10 01:28:28.748  5674  5862 D SensorService: setSContextDataLocked 23717c1
07-10 01:28:28.750  5306  5306 I SensorsHub: SContextSensor::injecet_sensor_data
07-10 01:28:28.751  5306  5306 D SensorsHub: c1 17 37 02 1a b7 1e 0c 0c 31 f7 07 00 00 00 11
07-10 01:28:28.751  5306  5306 D SensorsHub: 02 00 00 01 89 3c fc 33 9e 00
07-10 01:28:28.751  5306  5306 D SensorsHub: inject_scontext_data: New ssp_data_injection_fd(28)
07-10 01:28:28.751  5306  5306 D SensorsHub: SContext Data Injection return 26
07-10 01:28:28.751  5306  5327 I SensorsHub: context 10 0 9 1,1,55,0,5,2,2,0,0,0, 146805584661795
07-10 01:28:28.752  5674  6793 W CAE     : setCAProperty(ContextAwareService.java:519) - [setProperty 02] Mutex is unlocked for SLOCATION_RUNNER
07-10 01:28:28.752  5674  6793 D SemContextService: unlock : changeParameters
07-10 01:28:28.752  5674  6793 D SemContextManager:   .changeParameters : listener = com.samsung.android.location.semcontext.a@459a70d, service=SLocation Core
07-10 01:28:28.752  5674  5859 D SensorHubManager: onGetSensorHubDataLocked: library(10) = 1, 1, 55, 0, 5, 2, 2, 0, 0, 0
07-10 01:28:28.752  5674  5860 D CAE     : onGetSensorHubData(SensorHubParserProvider.java:89) - onGetSensorHubData Event [event buffer len :10], AP_WAKEUP
07-10 01:28:28.752  5674  5860 I CAE     : parse(SensorHubParserProvider.java:190) - buffer size = 10
07-10 01:28:28.753  5674  5860 I CAE     : parse(SensorHubParserProvider.java:201) - 1, 1, 55, 0, 5, 2, 2, 0, 0, 0,
07-10 01:28:28.753  5674  5860 I CAE     : parse(SLocationRunner.java:88) - SLocationRunner parse start : 3
07-10 01:28:28.753  5674  5860 D CAE     : display(ContextProvider.java:375) - ================= SLOCATION_RUNNER =================
07-10 01:28:28.753  5674  5860 I CAE     : display(ContextProvider.java:391) - ExtraDataArray=[1, 1, 55, 0, 5, 2, 2, 0, 0, 0]
07-10 01:28:28.753  5674  5860 I CAE     : parse(SLocationRunner.java:96) - SLocationRunner parse end:10
07-10 01:28:28.753  5674  6793 D SLocation: ARDistanceLibManager - request distance diff to AR Distance Library
07-10 01:28:28.754  5674  6793 D SLocation: SLocationCoreSem - send to coreSem, packet length : 1 / [34]
07-10 01:28:28.754  5674  6793 D SemContextLocationCoreAttribute: setAttribute() mode : 0 action : 23
07-10 01:28:28.754  5674  6793 D SemContextService: lock : changeParameters
07-10 01:28:28.754  5674  6793 D SemContext.CaeProvider.LocationCoreImpl: setAttribute() mode : 0 action : 23
07-10 01:28:28.754  5674  5857 D SemContextService: Service.updateContext() : service = SLocation Core
07-10 01:28:28.754  5674  6793 W CAE     : setCAProperty(ContextAwareService.java:513) - [setProperty 01] Mutex is locked for SLOCATION_RUNNER
07-10 01:28:28.754  5674  5674 D SemContextManager: onSemContextChanged() : event = SLocation Core
07-10 01:28:28.754  5674  5674 D SLocation: SLocationCoreSem - SemContextChanged type = 47, packet received
07-10 01:28:28.755  5674  6793 I CAE     : setPropertyValue(SLocationRunner.java:116) - SLocationRunner setProperty header : 34, len : 1
07-10 01:28:28.755  5674  6793 I CAE     : sendCmdToSensorHub(SensorHubCommManager.java:156) - -63, 23, 55, 34,
07-10 01:28:28.755  5674  5862 D SensorService: setSContextDataLocked ints length 2 , byte length 4
07-10 01:28:28.756  5674  5862 D SensorService: setSContextDataLocked 223717c1
07-10 01:28:28.756  5306  5306 I SensorsHub: SContextSensor::injecet_sensor_data
07-10 01:28:28.756  5306  5306 D SensorsHub: c1 17 37 22
07-10 01:28:28.756  5306  5306 D SensorsHub: inject_scontext_data: New ssp_data_injection_fd(28)
07-10 01:28:28.756  5306  5306 D SensorsHub: SContext Data Injection return 4
07-10 01:28:28.757  5306  5327 I SensorsHub: context 38 0 37 1,1,55,0,33,33,0,0,0,0,23,112,73,106,186,2,38,0,26,183,29,32,12,50,3,0,0,0,0,37,5,9,176,40,0,0,5,63, 146805590054910
07-10 01:28:28.757  5306  5327 I SensorsHub: context 10 0 9 1,1,55,0,5,2,34,0,0,0, 146805590103102
07-10 01:28:28.758  5674  6793 W CAE     : setCAProperty(ContextAwareService.java:519) - [setProperty 02] Mutex is unlocked for SLOCATION_RUNNER
07-10 01:28:28.758  5674  6793 D SemContextService: unlock : changeParameters
07-10 01:28:28.758  5674  6793 D SemContextManager:   .changeParameters : listener = com.samsung.android.location.semcontext.a@459a70d, service=SLocation Core
07-10 01:28:28.759  5674  6793 I SLocation: SemContextParser -  parse start : 3
07-10 01:28:28.759  5674  6793 I SLocation: SemContextParser -  packet Length : 5packet total size : 10
07-10 01:28:28.759  5674  6793 I SLocation: SemContextParser - packet : [2, 2, 0, 0, 0]
07-10 01:28:28.759  5674  5859 D SensorHubManager: onGetSensorHubDataLocked: library(38) = 1, 1, 55, 0, 33, 33, 0, 0, 0, 0, 23, 112, 73, 106, -70, 2, 38, 0, 26, -73, 29, 32, 12, 50, 3, 0, 0, 0, 0, 37, 5, 9, -80, 40, 0, 0, 5, 63
07-10 01:28:28.759  5674  5859 D SensorHubManager: onGetSensorHubDataLocked: library(10) = 1, 1, 55, 0, 5, 2, 34, 0, 0, 0
07-10 01:28:28.760  5674  5860 D CAE     : onGetSensorHubData(SensorHubParserProvider.java:89) - onGetSensorHubData Event [event buffer len :38], AP_WAKEUP
07-10 01:28:28.760  5674  5860 I CAE     : parse(SensorHubParserProvider.java:190) - buffer size = 38
07-10 01:28:28.760  5674  5860 I CAE     : parse(SensorHubParserProvider.java:201) - 1, 1, 55, 0, 33, 33, 0, 0, 0, 0, 23, 112, 73, 106, -70, 2, 38, 0, 26, -73, 29, 32, 12, 50, 3, 0, 0, 0, 0, 37, 5, 9, -80, 40, 0, 0, 5, 63,
07-10 01:28:28.760  5674  6793 D SLocation: GeofenceCoreManager - received Extra Data from core, len : 5
07-10 01:28:28.761  5674  6793 D SLocation: GeofenceCoreManager - handleCommandCallback - UNKNOWN_CALLBACK 2 SUCCESS
07-10 01:28:28.761  5674  6793 D SLocation: CommonCoreManager - received Extra Data from core, len : 5
07-10 01:28:28.761  5674  6793 D SLocation: CommonCoreManager - handleCommandCallback - FUNC_TYPE : SET_LOCATION ERROR_CODE : ERROR_NONE
07-10 01:28:28.761  5674  5860 I CAE     : parse(SLocationRunner.java:88) - SLocationRunner parse start : 3
07-10 01:28:28.761  5674  5860 D CAE     : display(ContextProvider.java:375) - ================= SLOCATION_RUNNER =================
07-10 01:28:28.762  5674  5860 I CAE     : display(ContextProvider.java:391) - ExtraDataArray=[1, 1, 55, 0, 33, 33, 0, 0, 0, 0, 23, 112, 73, 106, -70, 2, 38, 0, 26, -73, 29, 32, 12, 50, 3, 0, 0, 0, 0, 37, 5, 9, -80, 40, 0, 0, 5, 63]
07-10 01:28:28.763  5674  5860 I CAE     : parse(SLocationRunner.java:96) - SLocationRunner parse end:38
07-10 01:28:28.764  5674  5857 D SemContextService: Service.updateContext() : service = SLocation Core
07-10 01:28:28.764  5674  5860 D CAE     : onGetSensorHubData(SensorHubParserProvider.java:89) - onGetSensorHubData Event [event buffer len :10], AP_WAKEUP
07-10 01:28:28.764  5674  5860 I CAE     : parse(SensorHubParserProvider.java:190) - buffer size = 10
07-10 01:28:28.764  5674  5674 D SemContextManager: onSemContextChanged() : event = SLocation Core
07-10 01:28:28.764  5674  5860 I CAE     : parse(SensorHubParserProvider.java:201) - 1, 1, 55, 0, 5, 2, 34, 0, 0, 0,
07-10 01:28:28.764  5674  5674 D SLocation: SLocationCoreSem - SemContextChanged type = 47, packet received
07-10 01:28:28.765  5674  6793 I SLocation: SemContextParser -  parse start : 3
07-10 01:28:28.765  5674  5860 I CAE     : parse(SLocationRunner.java:88) - SLocationRunner parse start : 3
07-10 01:28:28.765  5674  6793 I SLocation: SemContextParser -  packet Length : 33packet total size : 38
07-10 01:28:28.765  5674  6793 I SLocation: SemContextParser - packet : [33, 0, 0, 0, 0, 23, 112, 73, 106, -70, 2, 38, 0, 26, -73, 29, 32, 12, 50, 3, 0, 0, 0, 0, 37, 5, 9, -80, 40, 0, 0, 5, 63]
07-10 01:28:28.765  5674  6793 D SLocation: GeofenceCoreManager - received Extra Data from core, len : 33
07-10 01:28:28.765  5674  6793 D SLocation: ARDistanceGetARDistance - convertSensorHubTimeToElapsedTime 1688928894201496833
07-10 01:28:28.765  5674  5860 D CAE     : display(ContextProvider.java:375) - ================= SLOCATION_RUNNER =================
07-10 01:28:28.765  5674  6793 D SLocation: ARDistanceGetARDistance - invalid location time from core pvt 1688928894201496833, do not use distance info
07-10 01:28:28.765  5674  6793 D SLocation: CommonCoreManager - received Extra Data from core, len : 33
07-10 01:28:28.766  5674  5860 I CAE     : display(ContextProvider.java:391) - ExtraDataArray=[1, 1, 55, 0, 5, 2, 34, 0, 0, 0]
07-10 01:28:28.767  5674  5860 I CAE     : parse(SLocationRunner.java:96) - SLocationRunner parse end:10
07-10 01:28:28.768  5674  5857 D SemContextService: Service.updateContext() : service = SLocation Core
07-10 01:28:28.769  5674  5674 D SemContextManager: onSemContextChanged() : event = SLocation Core
07-10 01:28:28.769  5674  5674 D SLocation: SLocationCoreSem - SemContextChanged type = 47, packet received
07-10 01:28:28.769  5674  6793 I SLocation: SemContextParser -  parse start : 3
07-10 01:28:28.769  5674  6793 I SLocation: SemContextParser -  packet Length : 5packet total size : 10
07-10 01:28:28.769  5674  6793 I SLocation: SemContextParser - packet : [2, 34, 0, 0, 0]
07-10 01:28:28.770  5674  6793 D SLocation: GeofenceCoreManager - received Extra Data from core, len : 5
07-10 01:28:28.770  5674  6793 D SLocation: GeofenceCoreManager - handleCommandCallback - UNKNOWN_CALLBACK 34 SUCCESS
07-10 01:28:28.770  5674  6793 D SLocation: ARDistanceLibManager - command callback received - CURRENT_LOCATION_REQUEST_DISTANCE ERROR CODE : ERROR_NONE
07-10 01:28:28.770  5674  6793 D SLocation: CommonCoreManager - received Extra Data from core, len : 5
07-10 01:28:29.729  9843 10427 I FuseDaemon: Threshold exceeded - fadvising 67108864
07-10 01:28:29.729  9843 10427 I FuseDaemon: Threshold now 0
07-10 01:28:29.845  5674  7726 D SemWifiUsabilityStatsMonitor: onWifiUsabilityStats - seqNum 21986, isSameBssidAndFreq true
07-10 01:28:29.847  5674  6128 I SemWifiLinkQualityMonitor: Link Qos Query: 0.021 ms / 390.000 Mbps (390 / 0.000 / 1.000)
07-10 01:28:29.847  6461  6461 D NetworkController.WifiSignalController: notifyListener: visible=true, connected=true, inetCondition=1, isDefault=true, wifiTestReported=true, receivedInetCondition=-1, hideDuringMobileSwitching=false
07-10 01:28:29.863 25156 25156 D ConnectivityManager: StackLog: [android.net.ConnectivityManager.sendRequestForNetwork(ConnectivityManager.java:4300)] [android.net.ConnectivityManager.registerDefaultNetworkCallbackForUid(ConnectivityManager.java:4864)] [android.net.ConnectivityManager.registerDefaultNetworkCallback(ConnectivityManager.java:4831)] [android.net.ConnectivityManager.registerDefaultNetworkCallback(ConnectivityManager.java:4805)] [androidx.work.impl.utils.NetworkApi24.registerDefaultNetworkCallbackCompat(Unknown Source:11)] [androidx.work.impl.constraints.trackers.NetworkStateTracker24.startTracking(Unknown Source:15)] [androidx.work.impl.constraints.controllers.ConstraintController.replace(Unknown Source:130)] [androidx.work.impl.constraints.WorkConstraintsTrackerImpl.replace(Unknown Source:41)] [androidx.work.impl.background.greedy.GreedyScheduler.schedule(Unknown Source:302)] [androidx.work.Worker$2.run(Unknown Source:1077)]
07-10 01:28:29.867  5674  9955 D ConnectivityService: requestNetwork for uid/pid:10329/25156 activeRequest: null callbackRequest: 16726 [NetworkRequest [ REQUEST id=16727, [ Capabilities: INTERNET&NOT_RESTRICTED&TRUSTED&NOT_VCN_MANAGED Uid: 10329 RequestorUid: 10329 RequestorPkg: com.Slack UnderlyingNetworks: Null] ]] callback flags: 0 order: 2147483647
07-10 01:28:29.869  5674  6055 D ConnectivityService:    accepting network in place of null
07-10 01:28:29.875  5674  6045 D WifiNetworkFactory: got request NetworkRequest [ REQUEST id=16727, [ Capabilities: INTERNET&NOT_RESTRICTED&TRUSTED&NOT_VCN_MANAGED Uid: 10329 RequestorUid: 10329 RequestorPkg: com.Slack UnderlyingNetworks: Null] ]
07-10 01:28:29.875  5674  6045 D UntrustedWifiNetworkFactory: got request NetworkRequest [ REQUEST id=16727, [ Capabilities: INTERNET&NOT_RESTRICTED&TRUSTED&NOT_VCN_MANAGED Uid: 10329 RequestorUid: 10329 RequestorPkg: com.Slack UnderlyingNetworks: Null] ]
07-10 01:28:29.877  5674  6045 D OemPaidWifiNetworkFactory: got request NetworkRequest [ REQUEST id=16727, [ Capabilities: INTERNET&NOT_RESTRICTED&TRUSTED&NOT_VCN_MANAGED Uid: 10329 RequestorUid: 10329 RequestorPkg: com.Slack UnderlyingNetworks: Null] ]
07-10 01:28:29.878  5674  6045 D MultiInternetWifiNetworkFactory: got request NetworkRequest [ REQUEST id=16727, [ Capabilities: INTERNET&NOT_RESTRICTED&TRUSTED&NOT_VCN_MANAGED Uid: 10329 RequestorUid: 10329 RequestorPkg: com.Slack UnderlyingNetworks: Null] ]
07-10 01:28:29.883  5674  6055 D ConnectivityService: Rematched networks [computed 1ms] [applied 2ms] [issued 12]
07-10 01:28:29.884  5674  6055 D ConnectivityService: NetworkReassignment :
07-10 01:28:29.884  5674  6055 D ConnectivityService:   16727 : null → 118
07-10 01:28:30.289  5674  5745 W libprocessgroup: Failed to open /dev/blkio//cgroup.procs: No such file or directory
07-10 01:28:30.311  5674  5745 W libprocessgroup: Failed to open /dev/blkio//cgroup.procs: No such file or directory
07-10 01:28:30.312  5353  6075 V APM_AudioPolicyManager: setAppState(portId:1005, state:1)
07-10 01:28:30.321  5287  5287 D Zygote  : Forked child process 27800
07-10 01:28:30.325 31802 31802 I CMHJobService: [#CMH#] onStartJob Called at Jul 10,2023 01:28:30
07-10 01:28:30.329 31802 31802 I CMHJobService: [#CMH#] Battery Percentage is:  1.0, High Temp: 0
07-10 01:28:30.337 25156 25156 D ConnectivityManager: StackLog: [android.net.ConnectivityManager.unregisterNetworkCallback(ConnectivityManager.java:4972)] [androidx.work.impl.utils.NetworkApi21.unregisterNetworkCallbackCompat(Unknown Source:11)] [androidx.work.impl.constraints.trackers.NetworkStateTracker24.stopTracking(Unknown Source:15)] [androidx.work.impl.constraints.trackers.ConstraintTracker.removeListener(Unknown Source:24)] [androidx.work.impl.constraints.controllers.ConstraintController.replace(Unknown Source:81)] [androidx.work.impl.constraints.WorkConstraintsTrackerImpl.replace(Unknown Source:41)] [androidx.work.impl.background.greedy.GreedyScheduler.onExecuted(Unknown Source:55)] [androidx.work.impl.Processor.onExecuted(Unknown Source:59)] [com.bugsnag.android.DeliveryDelegate$1.run(Unknown Source:212)]
07-10 01:28:30.339  5674  6055 D ConnectivityService:  Removing from current network [118 WIFI], leaving 155 requests.
07-10 01:28:30.343  5353  6075 V APM_AudioPolicyManager: setAppState(portId:1005, state:1)
07-10 01:28:30.354  5353  6075 V APM_AudioPolicyManager: setAppState(portId:1005, state:1)
