07-10 01:20:37.419 31102 31102 I Finsky  : [2] ywt.onStartJob(4): SCH: job service start with id 9156.
07-10 01:20:37.421  5674  5745 W libprocessgroup: Failed to open /dev/blkio//cgroup.procs: No such file or directory
07-10 01:20:37.422  5353  5543 V APM_AudioPolicyManager: setAppState(portId:1005, state:1)
07-10 01:20:37.439 31102 26709 I Finsky  : [581] zhz.a(118): SCH: Satisfied jobs for 9156 are: 10-11, 10-26
07-10 01:20:37.465 26595 26673 I AppWidgetManager: updateAppWidget() appWidgetIds = [20]
07-10 01:20:37.467 26595 26673 I AppWidgetManager: notifyAppWidgetViewDataChanged() appWidgetIds = [20], viewId = 2131296272
07-10 01:20:37.480  5353  5543 V APM_AudioPolicyManager: setAppState(portId:1005, state:1)
07-10 01:20:37.482  5353  5543 V APM_AudioPolicyManager: setAppState(portId:1005, state:1)
07-10 01:20:37.495 31102 26710 I Finsky  : [582] yvu.accept(68): SCH: Job 10-11 starting
07-10 01:20:37.499 31102 31399 I Finsky  : [151] zhz.a(129): Running split install cleaner
07-10 01:20:37.506 31102 26710 I Finsky  : [582] yvu.accept(68): SCH: Job 10-26 starting
07-10 01:20:37.515 31102 31383 I Finsky  : [147] aaep.a(31): Running deferred language split installer
07-10 01:20:37.529 31102 26712 I Finsky  : [584] aada.accept(10): Removed 0 obsolete sessions.
07-10 01:20:37.531 31102 26712 I Finsky  : [584] aada.accept(20): Removed 0 corrupted downloaded sessions.
07-10 01:20:37.536 31102 26712 I Finsky  : [584] aada.accept(29): Finished completion of 0 sessions. Successful: 0. Failed: 0.
07-10 01:20:37.585 31102 31411 I Finsky  : [153] yvh.r(4): SCH: jobFinished: 10-11. TimeElapsed: 85ms.
07-10 01:20:37.637 31102 31383 I Finsky  : [147] qby.run(6): Checking for language splits...
07-10 01:20:37.813 31102 31102 I Finsky  : [2] affk.aci(18): BulkDetails response obtained.
07-10 01:20:37.817 31102 31102 I Finsky  : [2] agzw.S(6): 4 apps have language splits to download.
07-10 01:20:37.825 31102 31102 I Finsky  : [2] agzw.Y(4): Triggering split install for 4 apps: [com.moodle.moodlemobile, ru.fns.lkfl, io.meduza.meduza, space.linuxct.phoneaccountdetector].
07-10 01:20:37.826  5674  7726 D SemWifiUsabilityStatsMonitor: onWifiUsabilityStats - seqNum 21831, isSameBssidAndFreq true
07-10 01:20:37.829  5674  6128 I SemWifiLinkQualityMonitor: Link Qos Query: 0.120 ms / 66.505 Mbps (117 / 0.000 / 1.759)
07-10 01:20:37.901 31102 31102 I Finsky  : [2] rkn.onCreate(2): IPC-SERVER: Starting gRPC host service...
07-10 01:20:37.922  5674  7126 D PackageManager: setEnabledSetting : userId = 0 packageName = com.Slack cmp = androidx.work.impl.background.systemalarm.RescheduleReceiver newState = 1 callingPackage = 10329/com.Slack
07-10 01:20:37.923  5674  7126 D ApplicationPolicy: getApplicationStateEnabled : pkg = com.Slack userId : 0
07-10 01:20:37.925  5674  7126 D ApplicationPolicy: getApplicationComponentState : pkg = com.Slack userId : 0
07-10 01:20:37.942 31102 26715 I Finsky  : [587] pwk.accept(3): IQ: Attempting to validate incoming request. [Package:com.moodle.moodlemobile, isid:ik6N_LIQQ_SRfggLW4c1vQ]
07-10 01:20:37.942 31102 26715 I Finsky  : [587] pwk.accept(3): IQ: Attempting to validate incoming request. [Package:ru.fns.lkfl, isid:cI5t_6wBQ5qy9a7Ct6RRDw]
07-10 01:20:37.943 31102 26715 I Finsky  : [587] pwk.accept(3): IQ: Attempting to validate incoming request. [Package:io.meduza.meduza, isid:i8lxBT9yTUa4HkSiTAFlwQ]
07-10 01:20:37.943 31102 26715 I Finsky  : [587] pwk.accept(3): IQ: Attempting to validate incoming request. [Package:space.linuxct.phoneaccountdetector, isid:_YqXrccVSq-ejBo_3ixZpA]
07-10 01:20:37.947 31102 26715 I Finsky  : [587] qpx.a(2): IQ::SLP: Process requests [Package:com.moodle.moodlemobile, isid:ik6N_LIQQ_SRfggLW4c1vQ], [Package:ru.fns.lkfl, isid:cI5t_6wBQ5qy9a7Ct6RRDw], [Package:io.meduza.meduza, isid:i8lxBT9yTUa4HkSiTAFlwQ], [Package:space.linuxct.phoneaccountdetector, isid:_YqXrccVSq-ejBo_3ixZpA].
07-10 01:20:37.949  5674  5745 W libprocessgroup: Failed to open /dev/blkio//cgroup.procs: No such file or directory
07-10 01:20:37.952  5353  5543 V APM_AudioPolicyManager: setAppState(portId:1005, state:1)
07-10 01:20:37.960 25156 25230 D ConnectivityManager: StackLog: [android.net.ConnectivityManager.sendRequestForNetwork(ConnectivityManager.java:4300)] [android.net.ConnectivityManager.registerDefaultNetworkCallbackForUid(ConnectivityManager.java:4864)] [android.net.ConnectivityManager.registerDefaultNetworkCallback(ConnectivityManager.java:4831)] [android.net.ConnectivityManager.registerDefaultNetworkCallback(ConnectivityManager.java:4805)] [androidx.work.impl.utils.NetworkApi24.registerDefaultNetworkCallbackCompat(Unknown Source:11)] [androidx.work.impl.constraints.trackers.NetworkStateTracker24.startTracking(Unknown Source:15)] [androidx.work.impl.constraints.controllers.ConstraintController.replace(Unknown Source:130)] [androidx.work.impl.constraints.WorkConstraintsTrackerImpl.replace(Unknown Source:41)] [androidx.work.impl.background.greedy.GreedyScheduler.schedule(Unknown Source:302)] [androidx.work.impl.Schedulers.schedule(Unknown Source:155)] [androidx.work.impl.utils.EnqueueRunnable.run(Unknown Source:53)] [androidx.work.Worker$2.run$androidx$work$impl$utils$SerialExecutorImpl$Task(Unknown Source:4)] [androidx.work.Worker$2.run(Unknown Source:868)] [java.util.concurrent.ThreadPoolExecutor.runWorker(ThreadPoolExecutor.java:1137)] [java.util.concurrent.ThreadPoolExecutor$Worker.run(ThreadPoolExecutor.java:637)] [java.lang.Thread.run(Thread.java:1012)]
07-10 01:20:37.961  5674  7126 D ConnectivityService: requestNetwork for uid/pid:10329/25156 activeRequest: null callbackRequest: 16687 [NetworkRequest [ REQUEST id=16688, [ Capabilities: INTERNET&NOT_RESTRICTED&TRUSTED&NOT_VCN_MANAGED Uid: 10329 RequestorUid: 10329 RequestorPkg: com.Slack UnderlyingNetworks: Null] ]] callback flags: 0 order: 2147483647
07-10 01:20:37.963  5674  6055 D ConnectivityService:    accepting network in place of null
07-10 01:20:37.968  5674  6045 D WifiNetworkFactory: got request NetworkRequest [ REQUEST id=16688, [ Capabilities: INTERNET&NOT_RESTRICTED&TRUSTED&NOT_VCN_MANAGED Uid: 10329 RequestorUid: 10329 RequestorPkg: com.Slack UnderlyingNetworks: Null] ]
07-10 01:20:37.969  5674  6045 D UntrustedWifiNetworkFactory: got request NetworkRequest [ REQUEST id=16688, [ Capabilities: INTERNET&NOT_RESTRICTED&TRUSTED&NOT_VCN_MANAGED Uid: 10329 RequestorUid: 10329 RequestorPkg: com.Slack UnderlyingNetworks: Null] ]
07-10 01:20:37.970  5674  6045 D OemPaidWifiNetworkFactory: got request NetworkRequest [ REQUEST id=16688, [ Capabilities: INTERNET&NOT_RESTRICTED&TRUSTED&NOT_VCN_MANAGED Uid: 10329 RequestorUid: 10329 RequestorPkg: com.Slack UnderlyingNetworks: Null] ]
07-10 01:20:37.971  5674  6045 D MultiInternetWifiNetworkFactory: got request NetworkRequest [ REQUEST id=16688, [ Capabilities: INTERNET&NOT_RESTRICTED&TRUSTED&NOT_VCN_MANAGED Uid: 10329 RequestorUid: 10329 RequestorPkg: com.Slack UnderlyingNetworks: Null] ]
07-10 01:20:37.976  5674  6055 D ConnectivityService: Rematched networks [computed 1ms] [applied 1ms] [issued 12]
07-10 01:20:37.976  5674  6055 D ConnectivityService: NetworkReassignment :
07-10 01:20:37.976  5674  6055 D ConnectivityService:   16688 : null  118
07-10 01:20:37.979 25156 25156 D ConnectivityManager: StackLog: [android.net.ConnectivityManager.unregisterNetworkCallback(ConnectivityManager.java:4972)] [androidx.work.impl.utils.NetworkApi21.unregisterNetworkCallbackCompat(Unknown Source:11)] [androidx.work.impl.constraints.trackers.NetworkStateTracker24.stopTracking(Unknown Source:15)] [androidx.work.impl.constraints.trackers.ConstraintTracker.removeListener(Unknown Source:24)] [androidx.work.impl.constraints.controllers.ConstraintController.replace(Unknown Source:81)] [androidx.work.impl.constraints.WorkConstraintsTrackerImpl.replace(Unknown Source:41)] [androidx.work.impl.background.greedy.GreedyScheduler.onExecuted(Unknown Source:55)] [androidx.work.impl.Processor.onExecuted(Unknown Source:59)] [com.bugsnag.android.DeliveryDelegate$1.run(Unknown Source:212)]
07-10 01:20:37.980  5674  6055 D ConnectivityService:  Removing from current network [118 WIFI], leaving 155 requests.
07-10 01:20:37.985  5353  5543 V APM_AudioPolicyManager: setAppState(portId:1005, state:1)
07-10 01:20:37.988  5353  5543 V APM_AudioPolicyManager: setAppState(portId:1005, state:1)
07-10 01:20:38.035 31102 31399 I Finsky  : [151] qpn.apply(85): IQ::IHP: [Package:com.moodle.moodlemobile, isid:ik6N_LIQQ_SRfggLW4c1vQ] is not applicable for install holdoff, modifying constraint.
07-10 01:20:38.037 31102 31399 I Finsky  : [151] qpn.apply(85): IQ::IHP: [Package:ru.fns.lkfl, isid:cI5t_6wBQ5qy9a7Ct6RRDw] is not applicable for install holdoff, modifying constraint.
07-10 01:20:38.039 31102 31399 I Finsky  : [151] qpn.apply(85): IQ::IHP: [Package:io.meduza.meduza, isid:i8lxBT9yTUa4HkSiTAFlwQ] is not applicable for install holdoff, modifying constraint.
07-10 01:20:38.040 31102 31399 I Finsky  : [151] qpn.apply(85): IQ::IHP: [Package:space.linuxct.phoneaccountdetector, isid:_YqXrccVSq-ejBo_3ixZpA] is not applicable for install holdoff, modifying constraint.
07-10 01:20:38.045 31102 31399 I Finsky  : [151] qod.m(2): IQ: Scheduling install request package_name=com.moodle.moodlemobile, pm_package_name=com.moodle.moodlemobile, version=40101, priority=3, reason=user_language_change_deferred, account_name=[u50CvjFgI4N8BK_7VI5wqgrBLx4XC93qbnmKX3YNI1k], type=0, isid=ik6N_LIQQ_SRfggLW4c1vQ, constraints=((IGNORE_HOLDOFF=true, NETWORK=ANY, PROVISIONING_STATE=PROVISIONED, BACKUP_MANAGER_STATE=BACKUP_READY),)
07-10 01:20:38.046 31102 31399 I Finsky  : [151] qod.m(2): IQ: Scheduling install request package_name=ru.fns.lkfl, pm_package_name=ru.fns.lkfl, version=15017348, priority=3, reason=user_language_change_deferred, account_name=[u50CvjFgI4N8BK_7VI5wqgrBLx4XC93qbnmKX3YNI1k], type=0, isid=cI5t_6wBQ5qy9a7Ct6RRDw, constraints=((IGNORE_HOLDOFF=true, NETWORK=ANY, PROVISIONING_STATE=PROVISIONED, BACKUP_MANAGER_STATE=BACKUP_READY),)
07-10 01:20:38.046 31102 31399 I Finsky  : [151] qod.m(2): IQ: Scheduling install request package_name=io.meduza.meduza, pm_package_name=io.meduza.meduza, version=232, priority=3, reason=user_language_change_deferred, account_name=[u50CvjFgI4N8BK_7VI5wqgrBLx4XC93qbnmKX3YNI1k], type=0, isid=i8lxBT9yTUa4HkSiTAFlwQ, constraints=((IGNORE_HOLDOFF=true, NETWORK=ANY, PROVISIONING_STATE=PROVISIONED, BACKUP_MANAGER_STATE=BACKUP_READY),)
07-10 01:20:38.047 31102 31399 I Finsky  : [151] qod.m(2): IQ: Scheduling install request package_name=space.linuxct.phoneaccountdetector, pm_package_name=space.linuxct.phoneaccountdetector, version=4, priority=3, reason=user_language_change_deferred, account_name=[u50CvjFgI4N8BK_7VI5wqgrBLx4XC93qbnmKX3YNI1k], type=0, isid=_YqXrccVSq-ejBo_3ixZpA, constraints=((IGNORE_HOLDOFF=true, NETWORK=ANY, PROVISIONING_STATE=PROVISIONED, BACKUP_MANAGER_STATE=BACKUP_READY),)
07-10 01:20:38.064 31102 26717 I Finsky  : [589] qod.Q(2): IQ: Notifying installation update. [Package:io.meduza.meduza, isid:i8lxBT9yTUa4HkSiTAFlwQ], status=SCHEDULED, tsc=PT0.212S
07-10 01:20:38.078 31102 26717 I Finsky  : [589] qod.Q(2): IQ: Notifying installation update. [Package:com.moodle.moodlemobile, isid:ik6N_LIQQ_SRfggLW4c1vQ], status=SCHEDULED, tsc=PT0.241S
07-10 01:20:38.088 31102 31102 I Finsky  : [2] jkx.g(1): AIM: AppInfoManager-Perf > getApps > called for 1 apps
07-10 01:20:38.093 31102 31399 I Finsky  : [151] jmc.a(5): AIM: AppInfoManager-Perf > OnDeviceAppInfo > cacheHitCount=0, cacheMissCount=1. Missed  in cache (limit 10) : [io.meduza.meduza]
07-10 01:20:38.096 31102 31399 I Finsky  : [151] jjt.apply(106): AIM: Got app ownership map. App counts: 1. Unique apps: 1
07-10 01:20:38.112 31102 31102 I Finsky  : [2] xiy.ads(4): PIM: Ignore install package event for: io.meduza.meduza, isid: i8lxBT9yTUa4HkSiTAFlwQ
07-10 01:20:38.116 31102 31102 I Finsky  : [2] jkx.g(1): AIM: AppInfoManager-Perf > getApps > called for 1 apps
07-10 01:20:38.116 31102 31361 I Finsky  : [141] jmc.a(5): AIM: AppInfoManager-Perf > OnDeviceAppInfo > cacheHitCount=0, cacheMissCount=1. Missed  in cache (limit 10) : [com.moodle.moodlemobile]
07-10 01:20:38.118 31102 31102 I Finsky  : [2] xiy.ads(4): PIM: Ignore install package event for: com.moodle.moodlemobile, isid: ik6N_LIQQ_SRfggLW4c1vQ
07-10 01:20:38.118 31102 26717 I Finsky  : [589] qod.Q(2): IQ: Notifying installation update. [Package:space.linuxct.phoneaccountdetector, isid:_YqXrccVSq-ejBo_3ixZpA], status=SCHEDULED, tsc=PT0.264S
07-10 01:20:38.119 31102 31361 I Finsky  : [141] jjt.apply(106): AIM: Got app ownership map. App counts: 1. Unique apps: 1
07-10 01:20:38.123 31102 31102 I Finsky  : [2] zxy.apply(69): IQ::HLD: Ongoing hold off applicable installs: []
07-10 01:20:38.123 31102 31102 I Finsky  : [2] zxy.apply(69): IQ::HLD: Ongoing hold off applicable installs: []
07-10 01:20:38.125 31102 31102 I Finsky  : [2] jkx.g(1): AIM: AppInfoManager-Perf > getApps > called for 1 apps
07-10 01:20:38.126 31102 31383 I Finsky  : [147] jmc.a(5): AIM: AppInfoManager-Perf > OnDeviceAppInfo > cacheHitCount=0, cacheMissCount=1. Missed  in cache (limit 10) : [space.linuxct.phoneaccountdetector]
07-10 01:20:38.128 31102 31102 I Finsky  : [2] xiy.ads(4): PIM: Ignore install package event for: space.linuxct.phoneaccountdetector, isid: _YqXrccVSq-ejBo_3ixZpA
07-10 01:20:38.129 31102 31102 I Finsky  : [2] zxy.apply(69): IQ::HLD: Ongoing hold off applicable installs: []
07-10 01:20:38.130 31102 26717 I Finsky  : [589] qod.Q(2): IQ: Notifying installation update. [Package:ru.fns.lkfl, isid:cI5t_6wBQ5qy9a7Ct6RRDw], status=SCHEDULED, tsc=PT0.279S
07-10 01:20:38.131 31102 31361 I Finsky  : [141] jjt.apply(106): AIM: Got app ownership map. App counts: 1. Unique apps: 1
07-10 01:20:38.142 31102 31102 I Finsky  : [2] jkx.g(1): AIM: AppInfoManager-Perf > getApps > called for 1 apps
07-10 01:20:38.144 31102 31411 I Finsky  : [153] jmc.a(5): AIM: AppInfoManager-Perf > OnDeviceAppInfo > cacheHitCount=0, cacheMissCount=1. Missed  in cache (limit 10) : [ru.fns.lkfl]
07-10 01:20:38.145 31102 31102 I Finsky  : [2] xiy.ads(4): PIM: Ignore install package event for: ru.fns.lkfl, isid: cI5t_6wBQ5qy9a7Ct6RRDw
07-10 01:20:38.147 31102 31102 I Finsky  : [2] zxy.apply(69): IQ::HLD: Ongoing hold off applicable installs: []
07-10 01:20:38.148 31102 26717 I Finsky  : [589] qib.apply(54): IQ: Creating job 38812, for (IGNORE_HOLDOFF=true, NETWORK=ANY, PROVISIONING_STATE=PROVISIONED, BACKUP_MANAGER_STATE=BACKUP_READY)
07-10 01:20:38.149 31102 26717 I Finsky  : [589] qod.F(9): IQ: Bulk scheduling created jobs
07-10 01:20:38.152 31102 31361 I Finsky  : [141] jjt.apply(106): AIM: Got app ownership map. App counts: 1. Unique apps: 1
07-10 01:20:38.163 31102 31361 I Finsky  : [141] jlz.a(11): AIM: AppInfoManager-Perf > ItemModel > CacheSize=181, cacheHitCount=0, cacheMissCount=1, total appsWithNoServerDataCount=8. Missed  in cache (limit 10) : [io.meduza.meduza]
07-10 01:20:38.166 31102 31361 I Finsky  : [141] jmb.n(3): AIM: AppInfoManager-Perf > ItemModel > ItemStore Called 1 apps cacheOptions = REFRESH_LOCAL_CACHE
07-10 01:20:38.169 31102 31361 I Finsky  : [141] jlz.a(98): AIM: ItemModel fetch - unauth(0), auth([u50CvjFgI4N8BK_7VI5wqgrBLx4XC93qbnmKX3YNI1k]->1)
07-10 01:20:38.175  5674  6213 D NetdEventListenerService: DNS Requested by : 118, 10229
07-10 01:20:38.175 31102 31361 I Finsky  : [141] jlz.a(11): AIM: AppInfoManager-Perf > ItemModel > CacheSize=181, cacheHitCount=0, cacheMissCount=1, total appsWithNoServerDataCount=8. Missed  in cache (limit 10) : [com.moodle.moodlemobile]
07-10 01:20:38.176 31102 31361 I Finsky  : [141] jmb.n(3): AIM: AppInfoManager-Perf > ItemModel > ItemStore Called 1 apps cacheOptions = REFRESH_LOCAL_CACHE
07-10 01:20:38.176 31102 31361 I Finsky  : [141] jlz.a(98): AIM: ItemModel fetch - unauth(0), auth([u50CvjFgI4N8BK_7VI5wqgrBLx4XC93qbnmKX3YNI1k]->1)
07-10 01:20:38.177 31102 31411 I Finsky  : [153] jlz.a(11): AIM: AppInfoManager-Perf > ItemModel > CacheSize=181, cacheHitCount=0, cacheMissCount=1, total appsWithNoServerDataCount=8. Missed  in cache (limit 10) : [space.linuxct.phoneaccountdetector]
07-10 01:20:38.178 31102 31411 I Finsky  : [153] jmb.n(3): AIM: AppInfoManager-Perf > ItemModel > ItemStore Called 1 apps cacheOptions = REFRESH_LOCAL_CACHE
07-10 01:20:38.178 31102 31411 I Finsky  : [153] jlz.a(98): AIM: ItemModel fetch - unauth(0), auth([u50CvjFgI4N8BK_7VI5wqgrBLx4XC93qbnmKX3YNI1k]->1)
07-10 01:20:38.180 31102 26723 D TrafficStats: tagSocket(192) with statsTag=0xffffffff, statsUid=-1
07-10 01:20:38.182 31102 31411 I Finsky  : [153] jlz.a(11): AIM: AppInfoManager-Perf > ItemModel > CacheSize=181, cacheHitCount=0, cacheMissCount=1, total appsWithNoServerDataCount=8. Missed  in cache (limit 10) : [ru.fns.lkfl]
07-10 01:20:38.183 31102 31411 I Finsky  : [153] jmb.n(3): AIM: AppInfoManager-Perf > ItemModel > ItemStore Called 1 apps cacheOptions = REFRESH_LOCAL_CACHE
07-10 01:20:38.183 31102 31411 I Finsky  : [153] jlz.a(98): AIM: ItemModel fetch - unauth(0), auth([u50CvjFgI4N8BK_7VI5wqgrBLx4XC93qbnmKX3YNI1k]->1)
07-10 01:20:38.189 31102 31411 I Finsky  : [153] jad.z(8): AU: Cannot update space.linuxct.phoneaccountdetector because package is disabled
07-10 01:20:38.189 31102 31361 I Finsky  : [141] jad.z(8): AU: Cannot update io.meduza.meduza because package is disabled
07-10 01:20:38.189 31102 31383 I Finsky  : [147] jad.z(8): AU: Cannot update com.moodle.moodlemobile because package is disabled
07-10 01:20:38.189 31102 31399 I Finsky  : [151] jad.z(8): AU: Cannot update ru.fns.lkfl because package is disabled
07-10 01:20:38.195 31102 31383 I Finsky  : [147] irw.accept(30): AIM: AppInfoManager-Perf > getApps > data collection finished
07-10 01:20:38.195 31102 31361 I Finsky  : [141] irw.accept(30): AIM: AppInfoManager-Perf > getApps > data collection finished
07-10 01:20:38.195 31102 31399 I Finsky  : [151] irw.accept(30): AIM: AppInfoManager-Perf > getApps > data collection finished
07-10 01:20:38.196 31102 31383 I Finsky  : [147] irw.accept(30): AIM: AppInfoManager-Perf > getApps > data collection finished
07-10 01:20:38.340 31102 31411 I Finsky  : [153] yct.accept(36): SCH: Scheduling phonesky job Id: 3-38812, CT: 1688944838150, Constraints: [{ L: 0, D: 86400000, C: 1, I: 1, N: 1 }, { L: 0, D: 0, C: 1, I: 1, N: 0 }]
07-10 01:20:38.348 31102 31399 I Finsky  : [151] yeu.apply(14): SCH: Scheduling 0 system job(s)
07-10 01:20:38.351 31102 31411 I Finsky  : [153] qnu.a(2): IQ: start evaluating install requests.
07-10 01:20:38.358 31102 31361 I Finsky  : [141] qnr.accept(118): IQ: Finishing job 38809
07-10 01:20:38.359 31102 31361 I Finsky  : [141] yvh.r(4): SCH: jobFinished: 3-38809. TimeElapsed: 571126ms.
07-10 01:20:38.361 31102 31411 I Finsky  : [153] qnu.a(17): IQ: 0 pending for job: 38809
07-10 01:20:38.362 31102 31411 I Finsky  : [153] qnu.a(25): IQ: No matching installs to run for jobs: [38809]
07-10 01:20:38.362 31102 31411 I Finsky  : [153] qnu.a(28): IQ: no installs to evaluate. Skipping.
07-10 01:20:38.365 31102 31361 I Finsky  : [141] lfx.d(1): XPF:unbinding for 219280164
07-10 01:20:38.367 31102 26709 I Finsky  : [581] zhz.a(118): SCH: Satisfied jobs for 9992 are: 3-38812
07-10 01:20:38.369 31102 32309 I Finsky  : [185] lfu.e(3): XPF:Removing listener for user UserHandle{0} and listener 198672467
07-10 01:20:38.369 31102 31411 I Finsky  : [153] yvc.a(2): SCH: no pending jobs to schedule.
07-10 01:20:38.370 31102 26710 I Finsky  : [582] yvu.accept(68): SCH: Job 3-38812 starting
07-10 01:20:38.371 31102 26710 I Finsky  : [582] ywt.a(16): SCH: job service finished with id 9141.
07-10 01:20:38.378 31102 31102 I Finsky  : [2] lfx.b(1): XPF:Binding for 4671896
07-10 01:20:38.408 31102 31102 I Finsky  : [2] ProfileStateService.onCreate(5): XPF:creating profileStateService
07-10 01:20:38.412 31102 31102 I Finsky  : [2] lfu.a(3): XPF:Registering listener 36923204 for user UserHandle{0}.
07-10 01:20:38.412 31102 31102 I Finsky  : [2] lfu.b(4): XPF:User UserHandle{0} finished enterprise setup, removing profile.
07-10 01:20:38.412  4378  4378 I lmkd    : 0(delay), 0(swap), 50(freelimit), 0(reentrymode) memory pressure events were skipped after a kill!
07-10 01:20:38.415 31102 31102 I Finsky  : [2] lfu.h(2): XPF:0 profiles are currently in enterprise setup
07-10 01:20:38.418 31102 31102 I Finsky  : [2] InstallQueuePhoneskyJob.g(7): IQ::IQPJ: Start job 38812
07-10 01:20:38.420 31102 31399 I Finsky  : [151] qnu.a(2): IQ: start evaluating install requests.
07-10 01:20:38.427 31102 31399 I Finsky  : [151] qnu.a(17): IQ: 4 pending for job: 38812
07-10 01:20:38.429 31102 31399 I Finsky  : [151] rmk.o(2): IU: Disabled package # qgb@bdf9cde not allowed for install
07-10 01:20:38.430 31102 31399 I Finsky  : [151] qnt.test(57): IQ: Rejecting [Package:com.moodle.moodlemobile, isid:ik6N_LIQQ_SRfggLW4c1vQ] because package is disabled.
07-10 01:20:38.432 31102 31399 I Finsky  : [151] qod.f(5): IQ: Canceling installs. packages=[com.moodle.moodlemobile] from surface=0
07-10 01:20:38.433 31102 31399 I Finsky  : [151] rmk.o(2): IU: Disabled package # qgb@3f8c210e not allowed for install
07-10 01:20:38.433 31102 31399 I Finsky  : [151] qnt.test(57): IQ: Rejecting [Package:space.linuxct.phoneaccountdetector, isid:_YqXrccVSq-ejBo_3ixZpA] because package is disabled.
07-10 01:20:38.436 31102 31399 I Finsky  : [151] qod.f(5): IQ: Canceling installs. packages=[space.linuxct.phoneaccountdetector] from surface=0
07-10 01:20:38.436 31102 31399 I Finsky  : [151] rmk.o(2): IU: Disabled package # qgb@2413a0d3 not allowed for install
07-10 01:20:38.436 31102 31399 I Finsky  : [151] qnt.test(57): IQ: Rejecting [Package:io.meduza.meduza, isid:i8lxBT9yTUa4HkSiTAFlwQ] because package is disabled.
07-10 01:20:38.439 31102 31399 I Finsky  : [151] qod.f(5): IQ: Canceling installs. packages=[io.meduza.meduza] from surface=0
07-10 01:20:38.440 31102 31399 I Finsky  : [151] rmk.o(2): IU: Disabled package # qgb@5a1856b2 not allowed for install
07-10 01:20:38.440 31102 31399 I Finsky  : [151] qnt.test(57): IQ: Rejecting [Package:ru.fns.lkfl, isid:cI5t_6wBQ5qy9a7Ct6RRDw] because package is disabled.
07-10 01:20:38.441 31102 26717 I Finsky  : [589] qod.Q(2): IQ: Notifying installation update. [Package:com.moodle.moodlemobile, isid:ik6N_LIQQ_SRfggLW4c1vQ], status=CANCELLING, tsc=PT0.603S
07-10 01:20:38.445 31102 31399 I Finsky  : [151] qod.f(5): IQ: Canceling installs. packages=[ru.fns.lkfl] from surface=0
07-10 01:20:38.445 31102 31399 I Finsky  : [151] qnu.a(25): IQ: No matching installs to run for jobs: [38812]
07-10 01:20:38.445 31102 31399 I Finsky  : [151] qnu.a(28): IQ: no installs to evaluate. Skipping.
07-10 01:20:38.450 31102 26717 I Finsky  : [589] qod.Q(2): IQ: Notifying installation update. [Package:space.linuxct.phoneaccountdetector, isid:_YqXrccVSq-ejBo_3ixZpA], status=CANCELLING, tsc=PT0.596S
07-10 01:20:38.453 31102 31102 I Finsky  : [2] xiy.ads(4): PIM: Ignore install package event for: com.moodle.moodlemobile, isid: ik6N_LIQQ_SRfggLW4c1vQ
07-10 01:20:38.455 31102 26717 I Finsky  : [589] qod.Q(2): IQ: Notifying installation update. [Package:io.meduza.meduza, isid:i8lxBT9yTUa4HkSiTAFlwQ], status=CANCELLING, tsc=PT0.602S
07-10 01:20:38.458 31102 31102 I Finsky  : [2] xiy.ads(4): PIM: Ignore install package event for: space.linuxct.phoneaccountdetector, isid: _YqXrccVSq-ejBo_3ixZpA
07-10 01:20:38.459 31102 31102 I Finsky  : [2] zxy.apply(69): IQ::HLD: Ongoing hold off applicable installs: []
07-10 01:20:38.460 31102 26717 I Finsky  : [589] qod.Q(2): IQ: Notifying installation update. [Package:ru.fns.lkfl, isid:cI5t_6wBQ5qy9a7Ct6RRDw], status=CANCELLING, tsc=PT0.61S
07-10 01:20:38.464 31102 31102 I Finsky  : [2] xiy.ads(4): PIM: Ignore install package event for: io.meduza.meduza, isid: i8lxBT9yTUa4HkSiTAFlwQ
07-10 01:20:38.465 31102 26717 I Finsky  : [589] qod.Q(2): IQ: Notifying installation update. [Package:space.linuxct.phoneaccountdetector, isid:_YqXrccVSq-ejBo_3ixZpA], status=DOWNLOAD_CANCELLED, tsc=PT0.61S
07-10 01:20:38.467 31102 31102 I Finsky  : [2] xiy.ads(4): PIM: Ignore install package event for: ru.fns.lkfl, isid: cI5t_6wBQ5qy9a7Ct6RRDw
07-10 01:20:38.468 31102 31102 I Finsky  : [2] zxy.apply(69): IQ::HLD: Ongoing hold off applicable installs: []
07-10 01:20:38.469 31102 31102 I Finsky  : [2] zxy.apply(69): IQ::HLD: Ongoing hold off applicable installs: []
07-10 01:20:38.470 31102 26717 I Finsky  : [589] qod.Q(2): IQ: Notifying installation update. [Package:com.moodle.moodlemobile, isid:ik6N_LIQQ_SRfggLW4c1vQ], status=DOWNLOAD_CANCELLED, tsc=PT0.633S
07-10 01:20:38.474 31102 31102 I Finsky  : [2] xiy.ads(4): PIM: Ignore install package event for: space.linuxct.phoneaccountdetector, isid: _YqXrccVSq-ejBo_3ixZpA
07-10 01:20:38.474 31102 31102 I Finsky  : [2] zxy.apply(69): IQ::HLD: Ongoing hold off applicable installs: []
07-10 01:20:38.474 31102 26717 I Finsky  : [589] qod.Q(2): IQ: Notifying installation update. [Package:io.meduza.meduza, isid:i8lxBT9yTUa4HkSiTAFlwQ], status=DOWNLOAD_CANCELLED, tsc=PT0.622S
07-10 01:20:38.479 31102 26717 I Finsky  : [589] qod.Q(2): IQ: Notifying installation update. [Package:ru.fns.lkfl, isid:cI5t_6wBQ5qy9a7Ct6RRDw], status=DOWNLOAD_CANCELLED, tsc=PT0.628S
07-10 01:20:38.480 31102 31102 I Finsky  : [2] xiy.ads(4): PIM: Ignore install package event for: com.moodle.moodlemobile, isid: ik6N_LIQQ_SRfggLW4c1vQ
07-10 01:20:38.481 31102 31399 I Finsky  : [151] qnu.a(2): IQ: start evaluating install requests.
07-10 01:20:38.483 31102 31383 I Finsky  : [147] qnr.accept(118): IQ: Finishing job 38812
07-10 01:20:38.483 31102 31399 I Finsky  : [151] qnu.a(17): IQ: 0 pending for job: 38812
07-10 01:20:38.484 31102 31383 I Finsky  : [147] yvh.r(4): SCH: jobFinished: 3-38812. TimeElapsed: 113ms.
07-10 01:20:38.484 31102 31383 I Finsky  : [147] lfx.d(1): XPF:unbinding for 4671896
07-10 01:20:38.484 31102 31399 I Finsky  : [151] qnu.a(25): IQ: No matching installs to run for jobs: [38812]
07-10 01:20:38.485 31102 31399 I Finsky  : [151] qnu.a(28): IQ: no installs to evaluate. Skipping.
07-10 01:20:38.485 31102 31399 I Finsky  : [151] qnu.a(2): IQ: start evaluating install requests.
07-10 01:20:38.485 31102 31102 I Finsky  : [2] xiy.ads(4): PIM: Ignore install package event for: io.meduza.meduza, isid: i8lxBT9yTUa4HkSiTAFlwQ
07-10 01:20:38.485 31102 31399 I Finsky  : [151] qnu.a(9): IQ: no jobs active. Skipping
07-10 01:20:38.485 31102 31399 I Finsky  : [151] qnu.a(28): IQ: no installs to evaluate. Skipping.
07-10 01:20:38.485 31102 31399 I Finsky  : [151] qnu.a(2): IQ: start evaluating install requests.
07-10 01:20:38.485 31102 31399 I Finsky  : [151] qnu.a(9): IQ: no jobs active. Skipping
07-10 01:20:38.485 31102 31399 I Finsky  : [151] qnu.a(28): IQ: no installs to evaluate. Skipping.
07-10 01:20:38.485 31102 31399 I Finsky  : [151] qnu.a(2): IQ: start evaluating install requests.
07-10 01:20:38.485 31102 31399 I Finsky  : [151] qnu.a(9): IQ: no jobs active. Skipping
07-10 01:20:38.485 31102 31102 I Finsky  : [2] zxy.apply(69): IQ::HLD: Ongoing hold off applicable installs: []
07-10 01:20:38.485 31102 31399 I Finsky  : [151] qnu.a(28): IQ: no installs to evaluate. Skipping.
07-10 01:20:38.486 31102 32309 I Finsky  : [185] lfu.e(3): XPF:Removing listener for user UserHandle{0} and listener 36923204
07-10 01:20:38.489 31102 31102 I Finsky  : [2] xiy.ads(4): PIM: Ignore install package event for: ru.fns.lkfl, isid: cI5t_6wBQ5qy9a7Ct6RRDw
07-10 01:20:38.490 31102 31102 I Finsky  : [2] zxy.apply(69): IQ::HLD: Ongoing hold off applicable installs: []
07-10 01:20:38.490 31102 31333 I Finsky  : [138] kec.b(3): AU2: Failure History successfully updated for package space.linuxct.phoneaccountdetector, attempting to upgrade to version 4 with install reason USER_LANGUAGE_CHANGE_DEFERRED and status_code 0
07-10 01:20:38.492 31102 31102 I Finsky  : [2] zxy.apply(69): IQ::HLD: Ongoing hold off applicable installs: []
07-10 01:20:38.493 31102 31102 I Finsky  : [2] zxy.apply(69): IQ::HLD: Ongoing hold off applicable installs: []
07-10 01:20:38.497 31102 31411 I Finsky  : [153] yct.accept(36): SCH: Scheduling phonesky job Id: 26-1414141414, CT: 1688929135272, Constraints: [{ L: 43199997, D: 44099997, C: 1, I: 1, N: 0 }]
07-10 01:20:38.503 31102 31383 I Finsky  : [147] yeu.apply(14): SCH: Scheduling 1 system job(s)
07-10 01:20:38.503 31102 31333 I Finsky  : [138] kec.b(3): AU2: Failure History successfully updated for package com.moodle.moodlemobile, attempting to upgrade to version 40101 with install reason USER_LANGUAGE_CHANGE_DEFERRED and status_code 0
07-10 01:20:38.504 31102 31383 I Finsky  : [147] yvf.d(19): SCH: Scheduling system job Id: 9162, L: 27496766, D: 28396766, C: false, I: false, N: 0
07-10 01:20:38.510 31102 26710 I Finsky  : [582] ywt.a(16): SCH: job service finished with id 9992.
07-10 01:20:38.510 31102 31333 I Finsky  : [138] kec.b(3): AU2: Failure History successfully updated for package io.meduza.meduza, attempting to upgrade to version 232 with install reason USER_LANGUAGE_CHANGE_DEFERRED and status_code 0
07-10 01:20:38.514 31102 31333 I Finsky  : [138] kec.b(3): AU2: Failure History successfully updated for package ru.fns.lkfl, attempting to upgrade to version 15017348 with install reason USER_LANGUAGE_CHANGE_DEFERRED and status_code 0
07-10 01:20:38.789 16924 16924 D BoundBrokerSvc: onUnbind: Intent { act=com.google.android.gms.scheduler.ACTION_PROXY_SCHEDULE pkg=com.google.android.gms }
07-10 01:20:40.882  5674  7726 D SemWifiUsabilityStatsMonitor: onWifiUsabilityStats - seqNum 21832, isSameBssidAndFreq true
07-10 01:20:40.887  5674  6128 I SemWifiLinkQualityMonitor: Link Qos Query: 0.128 ms / 62.500 Mbps (175 / 0.000 / 2.800)
07-10 01:20:41.364  5262  5262 E audit   : type=1400 audit(1688944841.361:70001): avc:  denied  { getattr } for  pid=5674 comm="BinderProcsColl" path="/sys/kernel/debug/binder/proc/5674" dev="debugfs" ino=32119 scontext=u:r:system_server:s0 tcontext=u:object_r:sec_debugfs:s0 tclass=file permissive=0 SEPF_SM-A515F_13_0001 audit_filtered
07-10 01:20:41.364  5262  5262 E audit   : type=1300 audit(1688944841.361:70001): arch=c00000b7 syscall=79 success=no exit=-13 a0=ffffff9c a1=7ad2330fc0 a2=79df9bd680 a3=0 items=0 ppid=5287 pid=5674 auid=4294967295 uid=1000 gid=1000 euid=1000 suid=1000 fsuid=1000 egid=1000 sgid=1000 fsgid=1000 tty=(none) ses=4294967295 comm="BinderProcsColl" exe="/system/bin/app_process64" subj=u:r:system_server:s0 key=(null)
07-10 01:20:41.365  5262  5262 E audit   : type=1327 audit(1688944841.361:70001): proctitle="system_server"
07-10 01:20:41.870 16924  9298 I PhenotypeProcessReaper: Memory state is: 125
07-10 01:20:43.777  5674  5674 D SemWifiP2pGoPowerSave: GopsReceiver : received : com.samsung.intent.action.CHECK_SIOP_LEVEL
07-10 01:20:43.777  5674  5674 I SemWifiP2pGoPowerSave: siop_level = 0
07-10 01:20:43.778 31802 32077 I SystemBroadcastReceiver: [#CMH#] onReceive completed :  0
07-10 01:20:43.780 31802 31802 I PolicyManager: [#CMH#] onReceive action = EVENT_SIOP
07-10 01:20:43.943  5674  7726 D SemWifiUsabilityStatsMonitor: onWifiUsabilityStats - seqNum 21833, isSameBssidAndFreq true
07-10 01:20:43.948  5674  6128 I SemWifiLinkQualityMonitor: Link Qos Query: 0.128 ms / 62.500 Mbps (175 / 0.000 / 2.800)
07-10 01:20:43.951  6461  6461 D NetworkController.WifiSignalController: notifyListener: visible=true, connected=true, inetCondition=1, isDefault=true, wifiTestReported=true, receivedInetCondition=-1, hideDuringMobileSwitching=false
07-10 01:20:45.787 31802 32118 I PolicyManager: [#CMH#] Is foreground game app: false
07-10 01:20:45.873 31802 32118 I ControllerUtils: [#CMH#] StoryService:  9, isNonJustShotRunningPossible: false, isStopHeavyTask: true
07-10 01:20:45.935 31802 32118 I ControllerUtils: [#CMH#] IPService:  5, isNonJustShotRunningPossible: false, isStopHeavyTask: true
07-10 01:20:45.996 31802 32118 I ControllerUtils: [#CMH#] FaceService:  2, isNonJustShotRunningPossible: false, isStopHeavyTask: true
07-10 01:20:47.004  5674  7726 D SemWifiUsabilityStatsMonitor: onWifiUsabilityStats - seqNum 21834, isSameBssidAndFreq true
07-10 01:20:47.009  5674  6128 I SemWifiLinkQualityMonitor: Link Qos Query: 0.128 ms / 62.500 Mbps (175 / 0.000 / 2.800)
07-10 01:20:47.010  6461  6461 D NetworkController.WifiSignalController: notifyListener: visible=true, connected=true, inetCondition=1, isDefault=true, wifiTestReported=true, receivedInetCondition=-1, hideDuringMobileSwitching=false
07-10 01:20:48.493 31102 31102 I Finsky  : [2] rkn.onDestroy(8): IPC-SERVER: Stopping gRPC host service...
07-10 01:20:50.065  5674  7726 D SemWifiUsabilityStatsMonitor: onWifiUsabilityStats - seqNum 21835, isSameBssidAndFreq true
07-10 01:20:50.071  5674  6128 I SemWifiLinkQualityMonitor: Link Qos Query: 0.552 ms / 14.500 Mbps (87 / 0.000 / 6.000)
07-10 01:20:50.071  6461  6461 D NetworkController.WifiSignalController: notifyListener: visible=true, connected=true, inetCondition=1, isDefault=true, wifiTestReported=true, receivedInetCondition=-1, hideDuringMobileSwitching=false
07-10 01:20:53.114  5674  7726 D SemWifiUsabilityStatsMonitor: onWifiUsabilityStats - seqNum 21836, isSameBssidAndFreq true
07-10 01:20:53.117  5674  6128 I SemWifiLinkQualityMonitor: Link Qos Query: 0.184 ms / 43.500 Mbps (87 / 0.000 / 2.000)
07-10 01:20:53.771  5674  5674 D SemWifiP2pGoPowerSave: GopsReceiver : received : com.samsung.intent.action.CHECK_SIOP_LEVEL
07-10 01:20:53.771  5674  5674 I SemWifiP2pGoPowerSave: siop_level = -1
07-10 01:20:53.772 31802 32077 I SystemBroadcastReceiver: [#CMH#] onReceive completed :  0
07-10 01:20:53.773 31802 31802 I PolicyManager: [#CMH#] onReceive action = EVENT_SIOP
07-10 01:20:55.778 31802 32118 I PolicyManager: [#CMH#] Is foreground game app: false
07-10 01:20:55.853 31802 32118 I ControllerUtils: [#CMH#] StoryService:  9, isNonJustShotRunningPossible: false, isStopHeavyTask: true
07-10 01:20:55.911 31802 32118 I ControllerUtils: [#CMH#] IPService:  5, isNonJustShotRunningPossible: false, isStopHeavyTask: true
07-10 01:20:55.969 31802 32118 I ControllerUtils: [#CMH#] FaceService:  2, isNonJustShotRunningPossible: false, isStopHeavyTask: true
07-10 01:20:56.177  5674  7726 D SemWifiUsabilityStatsMonitor: onWifiUsabilityStats - seqNum 21837, isSameBssidAndFreq true
07-10 01:20:56.181  5674  6128 I SemWifiLinkQualityMonitor: Link Qos Query: 0.092 ms / 87.000 Mbps (87 / 0.000 / 1.000)
07-10 01:20:56.992 31135 32652 I native  : I0000 00:00:1688944856.992298   32652 soda_async_impl.cc:1540] Current audio timestamp: 1688944856620242
07-10 01:20:57.126  5362  5362 I SurfaceFlinger: SFWD update time=135106495842826
07-10 01:20:58.490 31135 31460 I A       : (REDACTED) #onAudioData: %s bytes, getAudioReadSize %s
07-10 01:20:59.237  5674  7726 D SemWifiUsabilityStatsMonitor: onWifiUsabilityStats - seqNum 21838, isSameBssidAndFreq true
07-10 01:20:59.239  5674  6128 I SemWifiLinkQualityMonitor: Link Qos Query: 0.215 ms / 37.286 Mbps (87 / 0.000 / 2.333)
07-10 01:21:00.005  6461  7078 D QSClockBellTower: onReceive(android.intent.action.TIME_TICK) mTimeZoneString:null
07-10 01:21:00.006  6461  6461 D KeyguardUpdateMonitor: received broadcast android.intent.action.TIME_TICK
07-10 01:21:00.012  6461  6461 D QSClockBellTower: He is ready to ring the bell. (((QSClockBellSound - TimeText:01:21, TimeContentDescription:01:21, DateText:Mon, 10 July, ShortDateText:Mon, 10 Jul, Demo:false, QuickStar-Second(false|12:34:56))))
07-10 01:21:00.013  6461  6461 D QSClockIndicatorView: Home Indicator status_bar_clock 01:21 notifyTimeChanged(QSClockBellSound - TimeText:01:21, TimeContentDescription:01:21, DateText:Mon, 10 July, ShortDateText:Mon, 10 Jul, Demo:false, QuickStar-Second(false|12:34:56)) ClockVisibleByPolicy:true, ClockVisibleByUser:true, visible?false, parent:android.widget.LinearLayout{503272 V.E...... ........ 0,0-0,55 #7f0b04f0 app:id/left_clock_container}
07-10 01:21:00.014  6461  6461 D QSClockBellTower: Everyone heard the bell. run(currentTime:1688944860007,   getTime():Mon Jul 10 01:21:00 GMT+02:00 2023,   getTimeZone():libcore.util.ZoneInfo[mDstSavings=3600000,mUseDst=true,mDelegate=[id="Europe/Belgrade",mRawOffset=3600000,mEarliestRawOffset=4920000,transitions=119]])
07-10 01:21:00.016  6461  6461 D KeyguardUpdateMonitor: handleTimeUpdate
07-10 01:21:00.017  6461  6461 D FaceWidgetPagesController: onTimeChanged()
07-10 01:21:00.058  6461  6461 I FaceWidgetPositionAlgorithm: getClockContainerHeight() supplier = 270, bottom margin = 0, real height = 333
07-10 01:21:00.058  6461  6461 I FaceWidgetPositionAlgorithm: getClockContainerHeight() supplier = 270, bottom margin = 63, real height = 333
07-10 01:21:00.058  6461  6461 I FaceWidgetPositionAlgorithm: getMediaContainerHeight() height = 0 container Visibility = 8, isValid = false, mIsDozing = false, fraction = 1.0, source = 0, target = 0
07-10 01:21:00.058  6461  6461 I FaceWidgetPositionAlgorithm: getMediaContainerHeight() supplier = 0
07-10 01:21:00.059  6461  6461 V QsExpandAnimator: setQsExpansionPosition 0.0
07-10 01:21:00.063  6461  6461 V QsExpandAnimator: updateAnimators
07-10 01:21:00.063  6461  6461 V QsExpandAnimator: clearAnimationState
07-10 01:21:00.064  6461  6461 V QsExpandAnimator: updateViews
07-10 01:21:00.065  6461  6461 V QsExpandAnimator: updateTileAnimator
07-10 01:21:00.066  6461  6461 V QsExpandAnimator: updateHeaderAnimator
07-10 01:21:00.066  6461  6461 V QsExpandAnimator: updateBarAnimator
07-10 01:21:00.066  6461  6461 V QsExpandAnimator: setQsExpansionPosition 0.0
07-10 01:21:00.066  6461  6461 V QsExpandAnimator: onAnimationAtStart
07-10 01:21:01.664  5325  5325 E sehhealth-service: Could not open /sys/class/power_supply/battery/lrp
07-10 01:21:02.266  5674  7726 D SemWifiUsabilityStatsMonitor: onWifiUsabilityStats - seqNum 21839, isSameBssidAndFreq true
07-10 01:21:02.269  5674  6128 I SemWifiLinkQualityMonitor: Link Qos Query: 0.215 ms / 37.286 Mbps (87 / 0.000 / 2.333)
07-10 01:21:02.270  6461  6461 D NetworkController.WifiSignalController: notifyListener: visible=true, connected=true, inetCondition=1, isDefault=true, wifiTestReported=true, receivedInetCondition=-1, hideDuringMobileSwitching=false
07-10 01:21:03.534 11611 11645 D Benchmark: timeNs[ 0:10]: 17857400 17587076 17618607 17609976 17588184 17602215 17588569 17606884 17596938 17600607
07-10 01:21:03.534 11611 11645 D Benchmark: timeNs[10:20]: 17684500 17601769 17606415 17606607 17610015 17614138 17593323 17598307 17590400 17606430
07-10 01:21:03.534 11611 11645 D Benchmark: timeNs[20:30]: 17620177 17604146 17721223 17614677 17595153 17605584 17610792 17622192 17607915 17596369
07-10 01:21:03.534 11611 11645 D Benchmark: timeNs[30:40]: 17617338 17609115 17577500 17579753 17604923 17613876 17588061 17617169 17620753 17622415
07-10 01:21:03.534 11611 11645 D Benchmark: timeNs[40:50]: 17599153 17595469 17606176 17620938 17650007 17600330 17623477 17610215 17612953 17632607
07-10 01:21:03.781  5674  5674 D SemWifiP2pGoPowerSave: GopsReceiver : received : com.samsung.intent.action.CHECK_SIOP_LEVEL
07-10 01:21:03.781  5674  5674 I SemWifiP2pGoPowerSave: siop_level = 0
07-10 01:21:03.783 31802 32077 I SystemBroadcastReceiver: [#CMH#] onReceive completed :  0
07-10 01:21:03.784 31802 31802 I PolicyManager: [#CMH#] onReceive action = EVENT_SIOP
07-10 01:21:03.977 11611 11645 D Benchmark: allocationCount[ 0:10]: 0 0 0 0 0
07-10 01:21:03.977 11611 11645 D Benchmark: Set 11645 (Bench thread) to priority -8. Was -20, now -8
07-10 01:21:03.977 11611 11645 D Benchmark: Set 11624 (Jit) to priority 9. Was -15, now 9
07-10 01:21:03.977 11611 11645 D Benchmark: Warmup: t=8.015, iter=449, fastAvg=17620306, slowAvg=25416260
07-10 01:21:03.977 11611 11645 I PerfettoCapture: Stopping perfetto.
07-10 01:21:04.020 26412 26412 I perfetto:    perfetto_cmd.cc:1168 SIGINT/SIGTERM received: disabling tracing.
07-10 01:21:04.022 11611 11645 D Benchmark: kill -TERM command output -
07-10 01:21:04.037  5424  5424 I perfetto:  probes_producer.cc:396 Producer stop (id=1305)
07-10 01:21:04.039  5424  5424 I perfetto:    ftrace_procfs.cc:342 disabled ftrace in /sys/kernel/tracing/
07-10 01:21:04.102  4380  4380 I hwservicemanager: getTransport: Cannot find entry android.hardware.atrace@1.0::IAtraceDevice/default in either framework or device VINTF manifest.
07-10 01:21:04.108  5424  5424 I perfetto:  probes_producer.cc:396 Producer stop (id=1306)
07-10 01:21:04.109  5424  5424 I perfetto:  probes_producer.cc:396 Producer stop (id=1307)
07-10 01:21:04.123 26412 26412 I perfetto:    perfetto_cmd.cc:1124 Trace written into the output file
07-10 01:21:04.148  5436  5436 I perfetto: ng_service_impl.cc:2426 Tracing session 327 ended, total sessions:0
07-10 01:21:04.149 11611 11645 I PerfettoCapture: Writing to /storage/emulated/0/Android/data/org.jetbrains.android_benchmark.test/cache/Wolf3dBenchmark_valueInlineOnlyBodiesFloat_2023-07-09-23-21-03.perfetto-trace.
07-10 01:21:04.444 11611 11645 D Benchmark: Copying /storage/emulated/0/Android/data/org.jetbrains.android_benchmark.test/cache/Wolf3dBenchmark_valueInlineOnlyBodiesFloat_2023-07-09-23-21-03.perfetto-trace to /sdcard/Android/media/org.jetbrains.android_benchmark.test/additional_test_output/Wolf3dBenchmark_valueInlineOnlyBodiesFloat_2023-07-09-23-21-03.perfetto-trace
07-10 01:21:04.477  9843 26380 W MediaProvider: isAppCloneUserPair for user 0: false
07-10 01:21:04.555  5674  9952 D SyncManager: userId - 0 auto - true
07-10 01:21:04.704  5674  5745 W libprocessgroup: Failed to open /dev/blkio//cgroup.procs: No such file or directory
07-10 01:21:04.723 16924 25780 I NetworkScheduler.Stats: (REDACTED) Task %s/%s started execution. cause:%s exec_start_elapsed_seconds: %s
07-10 01:21:04.744 16924 25642 I NetworkScheduler.Stats: (REDACTED) Task %s/%s finished executing. cause:%s result: %s elapsed_millis: %s uptime_millis: %s exec_start_elapsed_seconds: %s
07-10 01:21:04.870 11611 11645 I Benchmark: Wolf3dBenchmark.valueInlineOnlyBodiesFloat[Metric (timeNs) results: median 1.7606746200000003E7, min 1.75775E7, max 1.78574E7, standardDeviation: 42120.746128016464, Metric (allocationCount) results: median 0.0, min 0.0, max 0.0, standardDeviation: 0.0]count=5
07-10 01:21:04.876 11611 11645 D Benchmark: writing results to /storage/emulated/0/Android/data/org.jetbrains.android_benchmark.test/cache/org.jetbrains.android_benchmark.test-benchmarkData.json
07-10 01:21:04.895 11611 11645 D Benchmark: Copying /storage/emulated/0/Android/data/org.jetbrains.android_benchmark.test/cache/org.jetbrains.android_benchmark.test-benchmarkData.json to /sdcard/Android/media/org.jetbrains.android_benchmark.test/additional_test_output/org.jetbrains.android_benchmark.test-benchmarkData.json
07-10 01:21:05.043  9843 26777 I MediaProvider: Deleted 0 0 0 0 0 0 0 items on external_primary due to org.jetbrains.android_benchmark.test
07-10 01:21:05.065  5353  5543 V APM_AudioPolicyManager: setAppState(portId:1005, state:1)
07-10 01:21:05.067  5674  5745 W libprocessgroup: Failed to open /dev/blkio//cgroup.procs: No such file or directory
07-10 01:21:05.072 11611 11645 I TestRunner: finished: valueInlineOnlyBodiesFloat(org.jetbrains.android_benchmark.Wolf3dBenchmark)
