07-10 01:35:44.553 11611 11645 I PerfettoCapture: Writing to /storage/emulated/0/Android/data/org.jetbrains.android_benchmark.test/cache/Wolf3dBenchmark_valueInlineFloat_2023-07-09-23-35-43.perfetto-trace.
07-10 01:35:44.600  5674  5690 I system_server: Background young concurrent copying GC freed 65658(11MB) AllocSpace objects, 0(0B) LOS objects, 4% free, 120MB/126MB, paused 710us,497us total 123.848ms
07-10 01:35:44.731  5674  5690 I system_server: Background young concurrent copying GC freed 29785(11MB) AllocSpace objects, 0(0B) LOS objects, 2% free, 123MB/126MB, paused 675us,1.225ms total 105.955ms
07-10 01:35:44.732  6461  6461 I FaceWidgetPositionAlgorithm: getClockContainerHeight() supplier = 270, bottom margin = 0, real height = 333
07-10 01:35:44.732  6461  6461 I FaceWidgetPositionAlgorithm: getClockContainerHeight() supplier = 270, bottom margin = 63, real height = 333
07-10 01:35:44.732  6461  6461 I FaceWidgetPositionAlgorithm: getMediaContainerHeight() height = 0 container Visibility = 8, isValid = false, mIsDozing = false, fraction = 1.0, source = 0, target = 0
07-10 01:35:44.732  6461  6461 I FaceWidgetPositionAlgorithm: getMediaContainerHeight() supplier = 0
07-10 01:35:44.732 11611 11645 D Benchmark: Copying /storage/emulated/0/Android/data/org.jetbrains.android_benchmark.test/cache/Wolf3dBenchmark_valueInlineFloat_2023-07-09-23-35-43.perfetto-trace to /sdcard/Android/media/org.jetbrains.android_benchmark.test/additional_test_output/Wolf3dBenchmark_valueInlineFloat_2023-07-09-23-35-43.perfetto-trace
07-10 01:35:44.733  5674  5692 W System  : A resource failed to call close.
07-10 01:35:44.736  6461  6461 D PluginAODManager: onNotificationInfoUpdated() 0
07-10 01:35:44.737  6461  6461 I AODNotificationManager: updateVisibleNotifications: 0
07-10 01:35:44.737  6461  6461 I a       : updateStatusBarNotifications: open
07-10 01:35:44.737  6461  6461 I a       : updateStatusBarNotifications: open
07-10 01:35:44.786  9843 28817 W MediaProvider: isAppCloneUserPair for user 0: false
07-10 01:35:44.977  5285 31050 W statsd  : Pull for atom 10083 exceeds timeout 2007397114 nano seconds.
07-10 01:35:44.983  5285 31050 E statsd  : Stats puller failed for tag: 10083 at 147239741796484
07-10 01:35:44.983  5674  9851 D SyncManager: userId - 0 auto - true
07-10 01:35:44.989  5285 31050 W statsd  : StatsPullerManager: Unknown tagId 10188
07-10 01:35:44.989  5285 31050 E statsd  : Stats puller failed for tag: 10188 at 147239741796484
07-10 01:35:45.028  5674  6055 D ConnectivityService: notifyType CALLBACK_CAP_CHANGED for [118 WIFI]
07-10 01:35:45.029  6461  6461 D NetworkController.WifiSignalController: notifyListener: visible=true, connected=true, inetCondition=1, isDefault=true, wifiTestReported=true, receivedInetCondition=-1, hideDuringMobileSwitching=false
07-10 01:35:45.036  5674  6086 D SemWifiSwitchForIndividualAppsService: stopTCPMonitoring : already stopped
07-10 01:35:45.054  5674  6086 I WifiConnectivityMonitor.NCC: sNetworkCallback(oCC) FULL : 118(true/false)[ Transports: WIFI Capabilities: NOT_METERED&INTERNET&NOT_RESTRICTED&TRUSTED&NOT_VPN&VALIDATED&NOT_ROAMING&FOREGROUND&NOT_CONGESTED&NOT_SUSPENDED&NOT_VCN_MANAGED LinkUpBandwidth>=38087Kbps LinkDnBandwidth>=48162Kbps TransportInfo: <SSID: <unknown ssid>, BSSID: 02:00:00:**:**:00, MAC: 02:00:00:**:**:00, IP: /192.168.1.19, Security type: 2, Supplicant state: COMPLETED, Wi-Fi standard: 5, RSSI: -60, Link speed: 234Mbps, Tx Link speed: 234Mbps, Max Supported Tx Link speed: 433Mbps, Rx Link speed: 6Mbps, Max Supported Rx Link speed: 433Mbps, Frequency: 5180MHz, Net ID: -1, Metered hint: false, score: 60, isUsable: true, CarrierMerged: false, SubscriptionId: -1, IsPrimary: 1, Trusted: true, Restricted: false, Ephemeral: false, OEM paid: false, OEM private: false, OSU AP: false, FQDN: <none>, Provider friendly name: <none>, Requesting package name: <none><none>MLO Information: , AP MLD Address: <none>, AP MLO Link Id: <none>, AP MLO Affiliated links: <none>> SignalStrength: -60 AdminUids: [1000] SSID: "Talija" UnderlyingNetworks: Null]
07-10 01:35:45.056  5674  6164 I WifiConnectivityMonitor: current mode : 1
07-10 01:35:45.056  5674  6164 D OpenNetworkQos[4.00]: updateBssidNoInternet: mBssidNoInternet = false
07-10 01:35:45.056  5674  6164 D OpenNetworkQos[4.00]: getOpenNetworkQosNoInternetStatus: false
07-10 01:35:45.056  5674  6164 D OpenNetworkQos[4.00]: getOpenNetworkQosScores: 26 26 26
07-10 01:35:45.056  5674  6164 I WifiProfileShare: network QoS data was changed (internet), updateQoSData networkType: true, qosData: false
07-10 01:35:45.075  5674  5690 I system_server: Background young concurrent copying GC freed 3417(11MB) AllocSpace objects, 0(0B) LOS objects, 1% free, 124MB/126MB, paused 751us,1.235ms total 114.641ms
07-10 01:35:45.080  5674  6128 I SemWifiLinkQualityMonitor: Link Qos Query: 0.057 ms / 140.400 Mbps (234 / 0.000 / 1.667)
07-10 01:35:45.081  5674  7726 D SemWifiUsabilityStatsMonitor: onWifiUsabilityStats - seqNum 22129, isSameBssidAndFreq true
07-10 01:35:45.082  5674  7451 V WifiProfileShare.Caster: update wips network, size: 0
07-10 01:35:45.082  5674  7451 D WifiProfileShare: nearby scanning settings run
07-10 01:35:45.083  5674  7451 D WifiProfileShare: network score provider settings enabled
07-10 01:35:45.083  5674  7451 D OpenNetworkQos[4.00]: getOpenNetworkQosScores: 26 26 26
07-10 01:35:45.083  5674  7451 D OpenNetworkQos[4.00]: getOpenNetworkQosNoInternetStatus: false
07-10 01:35:45.083  5674  7451 I WifiProfileShare.Caster: current network type: 0, score: [26, 26, 26]
07-10 01:35:45.084  5674  7451 V WifiProfileShare.Cache: update network score 00:e4:06:**:**:90
07-10 01:35:45.084  5674  7451 D WifiProfileShare.ScanMatcher: getMcfDataList size:2
07-10 01:35:45.085  5674  7451 I WifiProfileShare.Caster: qos data was updated , before:type:QOS, pBssid:51:2e:90, qosData:7c after:type:QOS, pBssid:51:2e:90, qosData:7c
07-10 01:35:45.090 16924 18725 I ChimeraSrvcProxy: NullBinder for android.net.action.RECOMMEND_NETWORKS triggering remote TransactionTooLargeException due to Service without Chimera impl
07-10 01:35:45.090 16924 18725 W .gms.persistent: Large reply transaction of 1056768 bytes, interface descriptor , code 1
07-10 01:35:45.096  5674  7451 I [MCFSDK_android_1.2.4010]_4_b: isNetworkEnabled - type : 1 ret : true
07-10 01:35:45.096  5674  7451 D WifiProfileShare.McfCast: -ME--- mIsNetworkEnabled :true
07-10 01:35:45.096  5674  7451 D WifiProfileShare.McfCast: updateQoSData ignored, same contents
07-10 01:35:45.096  5674  7451 D WifiProfileShare.MCF: success update QosData !
07-10 01:35:45.104  6461  6566 D NetworkController.WifiSignalController: notifyListener: visible=true, connected=true, inetCondition=1, isDefault=true, wifiTestReported=true, receivedInetCondition=-1, hideDuringMobileSwitching=false
07-10 01:35:45.113 11611 11645 I Benchmark: Wolf3dBenchmark.valueInlineFloat[Metric (timeNs) results: median 2.45487115E7, min 2.444356725E7, max 2.48048845E7, standardDeviation: 65768.82416460026, Metric (allocationCount) results: median 0.0, min 0.0, max 0.0, standardDeviation: 0.0]count=4
07-10 01:35:45.117 11611 11645 D Benchmark: writing results to /storage/emulated/0/Android/data/org.jetbrains.android_benchmark.test/cache/org.jetbrains.android_benchmark.test-benchmarkData.json
07-10 01:35:45.130 11611 11645 D Benchmark: Copying /storage/emulated/0/Android/data/org.jetbrains.android_benchmark.test/cache/org.jetbrains.android_benchmark.test-benchmarkData.json to /sdcard/Android/media/org.jetbrains.android_benchmark.test/additional_test_output/org.jetbrains.android_benchmark.test-benchmarkData.json
07-10 01:35:45.135  5674  7451 I [MCFSDK_android_1.2.4010]_4_b: isNetworkEnabled - type : 1 ret : true
07-10 01:35:45.138  5674  7451 D WifiProfileShare.McfCast: -ME--- mIsNetworkEnabled :true
07-10 01:35:45.139  5674  7451 D WifiProfileShare.McfCast: -ME--- updatePasswordDate pwdData size:2
07-10 01:35:45.206 16924 28741 I NetworkScheduler.Stats: (REDACTED) Task %s/%s started execution. cause:%s exec_start_elapsed_seconds: %s
07-10 01:35:45.227  5674  5690 I system_server: Background young concurrent copying GC freed 26534(10MB) AllocSpace objects, 0(0B) LOS objects, 0% free, 131MB/131MB, paused 784us,557us total 132.952ms
07-10 01:35:45.241 16924 28910 I NetworkScheduler.Stats: (REDACTED) Task %s/%s finished executing. cause:%s result: %s elapsed_millis: %s uptime_millis: %s exec_start_elapsed_seconds: %s
07-10 01:35:45.293 32326  9039 I Notification4Heart_AM: BroadcastUtils.sendBroadcast-nodeId: all, action: HISTORY_UPDATED
07-10 01:35:45.324  9843 28857 I MediaProvider: Deleted 0 0 0 0 0 0 0 items on external_primary due to org.jetbrains.android_benchmark.test
07-10 01:35:45.342 11611 11645 I TestRunner: finished: valueInlineFloat(org.jetbrains.android_benchmark.Wolf3dBenchmark)
