07-10 00:58:03.053  5674  7463 D ConnectivityService: requestNetwork for uid/pid:10006/19410 activeRequest: null callbackRequest: 16522 [NetworkRequest [ REQUEST id=16523, [ Capabilities: INTERNET&NOT_RESTRICTED&TRUSTED&NOT_VCN_MANAGED Uid: 10006 RequestorUid: 10006 RequestorPkg: com.linkedin.android UnderlyingNetworks: Null] ]] callback flags: 0 order: 2147483647
07-10 00:58:03.055  5674  6055 D ConnectivityService:    accepting network in place of null
07-10 00:58:03.060 19410 19451 D ConnectivityManager: StackLog: [android.net.ConnectivityManager.sendRequestForNetwork(ConnectivityManager.java:4300)] [android.net.ConnectivityManager.sendRequestForNetwork(ConnectivityManager.java:4342)] [android.net.ConnectivityManager.registerNetworkCallback(ConnectivityManager.java:4724)] [org.chromium.net.NetworkChangeNotifierAutoDetect$RegistrationPolicy.register(NetworkChangeNotifierAutoDetect.java:111)] [org.chromium.net.RegistrationPolicyAlwaysRegister.init(RegistrationPolicyAlwaysRegister.java:3)] [org.chromium.net.NetworkChangeNotifierAutoDetect.<init>(NetworkChangeNotifierAutoDetect.java:105)] [org.chromium.net.NetworkChangeNotifier.setAutoDetectConnectivityStateInternal(NetworkChangeNotifier.java:14)] [org.chromium.net.impl.CronetLibraryLoader.ensureInitializedOnInitThread(CronetLibraryLoader.java:17)] [org.chromium.net.impl.CronetLibraryLoader$1.run(CronetLibraryLoader.java:1)]
07-10 00:58:03.060 19410 19452 D CompatibilityChangeReporter: Compat change id reported: 160794467; UID 10006; state: ENABLED
07-10 00:58:03.065  5674  6045 D WifiNetworkFactory: got request NetworkRequest [ REQUEST id=16523, [ Capabilities: INTERNET&NOT_RESTRICTED&TRUSTED&NOT_VCN_MANAGED Uid: 10006 RequestorUid: 10006 RequestorPkg: com.linkedin.android UnderlyingNetworks: Null] ]
07-10 00:58:03.065  5674  6045 D UntrustedWifiNetworkFactory: got request NetworkRequest [ REQUEST id=16523, [ Capabilities: INTERNET&NOT_RESTRICTED&TRUSTED&NOT_VCN_MANAGED Uid: 10006 RequestorUid: 10006 RequestorPkg: com.linkedin.android UnderlyingNetworks: Null] ]
07-10 00:58:03.067  5674  6045 D OemPaidWifiNetworkFactory: got request NetworkRequest [ REQUEST id=16523, [ Capabilities: INTERNET&NOT_RESTRICTED&TRUSTED&NOT_VCN_MANAGED Uid: 10006 RequestorUid: 10006 RequestorPkg: com.linkedin.android UnderlyingNetworks: Null] ]
07-10 00:58:03.068  5674  6045 D MultiInternetWifiNetworkFactory: got request NetworkRequest [ REQUEST id=16523, [ Capabilities: INTERNET&NOT_RESTRICTED&TRUSTED&NOT_VCN_MANAGED Uid: 10006 RequestorUid: 10006 RequestorPkg: com.linkedin.android UnderlyingNetworks: Null] ]
07-10 00:58:03.073  5674  6055 D ConnectivityService: Rematched networks [computed 1ms] [applied 5ms] [issued 13]
07-10 00:58:03.073  5674  6055 D ConnectivityService: NetworkReassignment :
07-10 00:58:03.073  5674  6055 D ConnectivityService:   16523 : null → 118
07-10 00:58:03.078 19410 19450 I cr_CronetLibraryLoader: Cronet version: 102.0.5005.125, arch: aarch64
07-10 00:58:03.087  5674  6055 D ConnectivityService: Rematched networks [computed 1ms] [applied 1ms] [issued 11]
07-10 00:58:03.087  5674  6055 D ConnectivityService: NetworkReassignment : no changes
07-10 00:58:03.105 19410 19410 W DaggerInfraApplicationD: [main] Cannot set the application tracking stack multiple times. Skipping assignment.
07-10 00:58:03.105 19410 19410 D GlobalSequence: Global Sequence already initialized. Ignoring
07-10 00:58:03.105 19410 19465 I LMDBLRUCache: Entry init duration: 0ms
07-10 00:58:03.110 19410 19470 W ThreadPoolExecutor: [ConnectionMonitor-1] ConnectionStateChangedListener added to ConnectionMonitor, but ConnectionMonitor has not been started.
07-10 00:58:03.116 19410 19410 D LixManagerImpl: [main] Triggering sync for lix lixType 0
07-10 00:58:03.117 19410 19410 D LixNetworkManager: [main] Batch Fetch Lix url:/lix/lixFrontendTreatmentsV2?action=batchGet
07-10 00:58:03.153  5674  6213 D NetdEventListenerService: DNS Requested by : 118, 10006
07-10 00:58:03.164 19410 19410 D AppLaunchRateLimiter: [main] shouldLimitAppLaunchNetworkCalls: S600
07-10 00:58:03.165 19410 19410 D LaunchManagerImpl: [main] onAppProcessStarted(): shouldLimitNetworkCalls=false
07-10 00:58:03.173 19410 19410 D ShortcutBadger: Finding badger
07-10 00:58:03.175 19410 19410 D ShortcutBadger: Current badger:me.leolin.shortcutbadger.impl.DefaultBadger
07-10 00:58:03.210 19410 19495 W WM-WorkSpec: Flex duration lesser than minimum allowed value; Changed to 300000
07-10 00:58:03.223 19410 19410 D EventBus: No subscribers registered for event class com.linkedin.android.infra.events.VideoAutoPlaySettingChangedEvent
07-10 00:58:03.223 19410 19410 D EventBus: No subscribers registered for event class org.greenrobot.eventbus.NoSubscriberEvent
07-10 00:58:03.228 19410 19410 D CompatibilityChangeReporter: Compat change id reported: 194532703; UID 10006; state: ENABLED
07-10 00:58:03.254 19410 19499 W WM-WorkSpec: Flex duration lesser than minimum allowed value; Changed to 300000
07-10 00:58:03.503 19410 19495 W WM-WorkSpec: Flex duration lesser than minimum allowed value; Changed to 300000
07-10 00:58:03.511 19410 19495 W WM-WorkSpec: Flex duration lesser than minimum allowed value; Changed to 300000
07-10 00:58:03.512 19410 19495 W WM-WorkSpec: Flex duration lesser than minimum allowed value; Changed to 300000
07-10 00:58:03.585 19410 19459 I WM-WorkerWrapper: Worker result SUCCESS for Work [ id=10827bb2-e53d-45b1-a5bc-398adf46533c, tags={ com.linkedin.android.tracking.sensor.SensorMetricTapeWorker } ]
07-10 00:58:03.628 19410 19495 W WM-WorkSpec: Flex duration lesser than minimum allowed value; Changed to 300000
07-10 00:58:03.699 19410 19492 I WM-WorkerWrapper: Worker result SUCCESS for Work [ id=d4af4d43-769c-4869-8db5-3647769d67f7, tags={ com.linkedin.android.segment.ChameleonPeriodicWork } ]
07-10 00:58:03.718  5674  5674 D SemWifiP2pGoPowerSave: GopsReceiver : received : com.samsung.intent.action.CHECK_SIOP_LEVEL
07-10 00:58:03.718  5674  5674 I SemWifiP2pGoPowerSave: siop_level = 0
07-10 00:58:03.719 31802 32077 I SystemBroadcastReceiver: [#CMH#] onReceive completed :  0
07-10 00:58:03.720 31802 31802 I PolicyManager: [#CMH#] onReceive action = EVENT_SIOP
07-10 00:58:03.761 19410 19490 I WM-WorkerWrapper: Worker result SUCCESS for Work [ id=6e8773ca-e1a5-4d86-b91b-3ba4be1e8407, tags={ com.linkedin.android.litrackinglib.network.SendTrackingEventWorker, period_sync_work } ]
07-10 00:58:03.776  5353  6075 V APM_AudioPolicyManager: setAppState(portId:1005, state:1)
07-10 00:58:03.780  5353  6075 V APM_AudioPolicyManager: setAppState(portId:1005, state:1)
07-10 00:58:03.790  5674  5743 I libprocessgroup: Successfully killed process cgroup uid 10226 pid 14648 in 3ms
07-10 00:58:03.819  5287  5287 I Zygote  : Process 14648 exited due to signal 9 (Killed)
07-10 00:58:04.681  5674  9957 D PackageManager: setEnabledSetting : userId = 0 packageName = com.Slack cmp = androidx.work.impl.background.systemalarm.RescheduleReceiver newState = 1 callingPackage = 10329/com.Slack
07-10 00:58:04.683  5674  9957 D ApplicationPolicy: getApplicationStateEnabled : pkg = com.Slack userId : 0
07-10 00:58:04.685  5674  9957 D ApplicationPolicy: getApplicationComponentState : pkg = com.Slack userId : 0
07-10 00:58:04.724  5353  6075 V APM_AudioPolicyManager: setAppState(portId:1005, state:1)
07-10 00:58:04.729  5674  5745 W libprocessgroup: Failed to open /dev/blkio//cgroup.procs: No such file or directory
07-10 00:58:04.746 15049 15246 D ConnectivityManager: StackLog: [android.net.ConnectivityManager.sendRequestForNetwork(ConnectivityManager.java:4300)] [android.net.ConnectivityManager.registerDefaultNetworkCallbackForUid(ConnectivityManager.java:4864)] [android.net.ConnectivityManager.registerDefaultNetworkCallback(ConnectivityManager.java:4831)] [android.net.ConnectivityManager.registerDefaultNetworkCallback(ConnectivityManager.java:4805)] [androidx.work.impl.utils.NetworkApi24.registerDefaultNetworkCallbackCompat(Unknown Source:11)] [androidx.work.impl.constraints.trackers.NetworkStateTracker24.startTracking(Unknown Source:15)] [androidx.work.impl.constraints.controllers.ConstraintController.replace(Unknown Source:130)] [androidx.work.impl.constraints.WorkConstraintsTrackerImpl.replace(Unknown Source:41)] [androidx.work.impl.background.greedy.GreedyScheduler.schedule(Unknown Source:302)] [androidx.work.impl.Schedulers.schedule(Unknown Source:155)] [androidx.work.impl.utils.EnqueueRunnable.run(Unknown Source:53)] [androidx.work.Worker$2.run$androidx$work$impl$utils$SerialExecutorImpl$Task(Unknown Source:4)] [androidx.work.Worker$2.run(Unknown Source:868)] [java.util.concurrent.ThreadPoolExecutor.runWorker(ThreadPoolExecutor.java:1137)] [java.util.concurrent.ThreadPoolExecutor$Worker.run(ThreadPoolExecutor.java:637)] [java.lang.Thread.run(Thread.java:1012)]
07-10 00:58:04.749  5674  7463 D ConnectivityService: requestNetwork for uid/pid:10329/15049 activeRequest: null callbackRequest: 16525 [NetworkRequest [ REQUEST id=16526, [ Capabilities: INTERNET&NOT_RESTRICTED&TRUSTED&NOT_VCN_MANAGED Uid: 10329 RequestorUid: 10329 RequestorPkg: com.Slack UnderlyingNetworks: Null] ]] callback flags: 0 order: 2147483647
07-10 00:58:04.751  5674  6055 D ConnectivityService:    accepting network in place of null
07-10 00:58:04.755  5674  6045 D WifiNetworkFactory: got request NetworkRequest [ REQUEST id=16526, [ Capabilities: INTERNET&NOT_RESTRICTED&TRUSTED&NOT_VCN_MANAGED Uid: 10329 RequestorUid: 10329 RequestorPkg: com.Slack UnderlyingNetworks: Null] ]
07-10 00:58:04.755  5674  6045 D UntrustedWifiNetworkFactory: got request NetworkRequest [ REQUEST id=16526, [ Capabilities: INTERNET&NOT_RESTRICTED&TRUSTED&NOT_VCN_MANAGED Uid: 10329 RequestorUid: 10329 RequestorPkg: com.Slack UnderlyingNetworks: Null] ]
07-10 00:58:04.756  5674  6045 D OemPaidWifiNetworkFactory: got request NetworkRequest [ REQUEST id=16526, [ Capabilities: INTERNET&NOT_RESTRICTED&TRUSTED&NOT_VCN_MANAGED Uid: 10329 RequestorUid: 10329 RequestorPkg: com.Slack UnderlyingNetworks: Null] ]
07-10 00:58:04.757  5674  6045 D MultiInternetWifiNetworkFactory: got request NetworkRequest [ REQUEST id=16526, [ Capabilities: INTERNET&NOT_RESTRICTED&TRUSTED&NOT_VCN_MANAGED Uid: 10329 RequestorUid: 10329 RequestorPkg: com.Slack UnderlyingNetworks: Null] ]
07-10 00:58:04.761  5674  6055 D ConnectivityService: Rematched networks [computed 1ms] [applied 1ms] [issued 9]
07-10 00:58:04.761  5674  6055 D ConnectivityService: NetworkReassignment :
07-10 00:58:04.761  5674  6055 D ConnectivityService:   16526 : null → 118
07-10 00:58:04.777 15049 15049 D ConnectivityManager: StackLog: [android.net.ConnectivityManager.unregisterNetworkCallback(ConnectivityManager.java:4972)] [androidx.work.impl.utils.NetworkApi21.unregisterNetworkCallbackCompat(Unknown Source:11)] [androidx.work.impl.constraints.trackers.NetworkStateTracker24.stopTracking(Unknown Source:15)] [androidx.work.impl.constraints.trackers.ConstraintTracker.removeListener(Unknown Source:24)] [androidx.work.impl.constraints.controllers.ConstraintController.replace(Unknown Source:81)] [androidx.work.impl.constraints.WorkConstraintsTrackerImpl.replace(Unknown Source:41)] [androidx.work.impl.background.greedy.GreedyScheduler.onExecuted(Unknown Source:55)] [androidx.work.impl.Processor.onExecuted(Unknown Source:59)] [com.bugsnag.android.DeliveryDelegate$1.run(Unknown Source:212)]
07-10 00:58:04.780  5674  6055 D ConnectivityService:  Removing from current network [118 WIFI], leaving 156 requests.
07-10 00:58:04.787  5353  6075 V APM_AudioPolicyManager: setAppState(portId:1005, state:1)
07-10 00:58:04.791  5353  6075 V APM_AudioPolicyManager: setAppState(portId:1005, state:1)
07-10 00:58:05.728 31802 32118 I PolicyManager: [#CMH#] Is foreground game app: false
07-10 00:58:05.795 31802 32118 I ControllerUtils: [#CMH#] StoryService:  9, isNonJustShotRunningPossible: false, isStopHeavyTask: true
07-10 00:58:05.851  5674  7726 D SemWifiUsabilityStatsMonitor: onWifiUsabilityStats - seqNum 21387, isSameBssidAndFreq true
07-10 00:58:05.852  5674  6183 D WifiConnectivityMonitor: start WCM Poll.
07-10 00:58:05.853  5674  6128 I SemWifiLinkQualityMonitor: Link Qos Query: 0.039 ms / 205.636 Mbps (351 / 0.000 / 1.707)
07-10 00:58:05.854  6461  6461 D NetworkController.WifiSignalController: notifyListener: visible=true, connected=true, inetCondition=1, isDefault=true, wifiTestReported=true, receivedInetCondition=-1, hideDuringMobileSwitching=false
07-10 00:58:05.859 31802 32118 I ControllerUtils: [#CMH#] IPService:  5, isNonJustShotRunningPossible: false, isStopHeavyTask: true
07-10 00:58:05.917 31802 32118 I ControllerUtils: [#CMH#] FaceService:  2, isNonJustShotRunningPossible: false, isStopHeavyTask: true
07-10 00:58:06.661  5262  5262 E audit   : type=1400 audit(1688943486.657:69568): avc:  denied  { getattr } for  pid=5674 comm="BinderProcsColl" path="/sys/kernel/debug/binder/proc/5674" dev="debugfs" ino=32119 scontext=u:r:system_server:s0 tcontext=u:object_r:sec_debugfs:s0 tclass=file permissive=0 SEPF_SM-A515F_13_0001 audit_filtered
07-10 00:58:06.661  5262  5262 E audit   : type=1300 audit(1688943486.657:69568): arch=c00000b7 syscall=79 success=no exit=-13 a0=ffffff9c a1=7af04541c0 a2=79d539b680 a3=0 items=0 ppid=5287 pid=5674 auid=4294967295 uid=1000 gid=1000 euid=1000 suid=1000 fsuid=1000 egid=1000 sgid=1000 fsgid=1000 tty=(none) ses=4294967295 comm="BinderProcsColl" exe="/system/bin/app_process64" subj=u:r:system_server:s0 key=(null)
07-10 00:58:06.661  5262  5262 E audit   : type=1327 audit(1688943486.657:69568): proctitle="system_server"
07-10 00:58:08.887 19410 19513 D ProfileInstaller: Skipping profile installation for com.linkedin.android
07-10 00:58:08.892  5674  7726 D SemWifiUsabilityStatsMonitor: onWifiUsabilityStats - seqNum 21388, isSameBssidAndFreq true
07-10 00:58:08.894  5674  6128 I SemWifiLinkQualityMonitor: Link Qos Query: 0.034 ms / 234.000 Mbps (351 / 0.000 / 1.500)
07-10 00:58:11.922  5674  7726 D SemWifiUsabilityStatsMonitor: onWifiUsabilityStats - seqNum 21389, isSameBssidAndFreq true
07-10 00:58:11.925  5674  6128 I SemWifiLinkQualityMonitor: Link Qos Query: 0.031 ms / 260.000 Mbps (390 / 0.000 / 1.500)
07-10 00:58:13.724  5674  5674 D SemWifiP2pGoPowerSave: GopsReceiver : received : com.samsung.intent.action.CHECK_SIOP_LEVEL
07-10 00:58:13.725  5674  5674 I SemWifiP2pGoPowerSave: siop_level = -1
07-10 00:58:13.727 31802 32077 I SystemBroadcastReceiver: [#CMH#] onReceive completed :  0
07-10 00:58:13.730 31802 31802 I PolicyManager: [#CMH#] onReceive action = EVENT_SIOP
07-10 00:58:13.857 16924 16924 D BoundBrokerSvc: onUnbind: Intent { act=com.google.android.gms.auth.account.workaccount.START dat=chimera-action:/... cmp=com.google.android.gms/.chimera.PersistentApiService }
07-10 00:58:14.240 16924 16924 D BoundBrokerSvc: onBind: Intent { act=com.google.android.gms.auth.account.workaccount.START dat=chimera-action:/... cmp=com.google.android.gms/.chimera.PersistentApiService }
07-10 00:58:14.240 16924 16924 D BoundBrokerSvc: Loading bound service for intent: Intent { act=com.google.android.gms.auth.account.workaccount.START dat=chimera-action:/... cmp=com.google.android.gms/.chimera.PersistentApiService }
07-10 00:58:14.985  5674  7726 D SemWifiUsabilityStatsMonitor: onWifiUsabilityStats - seqNum 21390, isSameBssidAndFreq true
07-10 00:58:14.988  5674  6055 D ConnectivityService: notifyType CALLBACK_CAP_CHANGED for [118 WIFI]
07-10 00:58:14.988  5674  6128 I SemWifiLinkQualityMonitor: Link Qos Query: 0.059 ms / 135.000 Mbps (351 / 0.000 / 2.600)
07-10 00:58:14.992  5674  6086 D SemWifiSwitchForIndividualAppsService: stopTCPMonitoring : already stopped
07-10 00:58:14.995  5674  6086 I WifiConnectivityMonitor.NCC: sNetworkCallback(oCC) FULL : 118(true/false)[ Transports: WIFI Capabilities: NOT_METERED&INTERNET&NOT_RESTRICTED&TRUSTED&NOT_VPN&VALIDATED&NOT_ROAMING&FOREGROUND&NOT_CONGESTED&NOT_SUSPENDED&NOT_VCN_MANAGED LinkUpBandwidth>=15762Kbps LinkDnBandwidth>=38308Kbps TransportInfo: <SSID: <unknown ssid>, BSSID: 02:00:00:**:**:00, MAC: 02:00:00:**:**:00, IP: /192.168.1.19, Security type: 2, Supplicant state: COMPLETED, Wi-Fi standard: 5, RSSI: -64, Link speed: 351Mbps, Tx Link speed: 351Mbps, Max Supported Tx Link speed: 433Mbps, Rx Link speed: 6Mbps, Max Supported Rx Link speed: 433Mbps, Frequency: 5180MHz, Net ID: -1, Metered hint: false, score: 60, isUsable: true, CarrierMerged: false, SubscriptionId: -1, IsPrimary: 1, Trusted: true, Restricted: false, Ephemeral: false, OEM paid: false, OEM private: false, OSU AP: false, FQDN: <none>, Provider friendly name: <none>, Requesting package name: <none><none>MLO Information: , AP MLD Address: <none>, AP MLO Link Id: <none>, AP MLO Affiliated links: <none>> SignalStrength: -64 AdminUids: [1000] SSID: "Talija" UnderlyingNetworks: Null]
07-10 00:58:14.999  5674  6164 I WifiConnectivityMonitor: current mode : 1
07-10 00:58:14.999  5674  6164 D OpenNetworkQos[4.00]: updateBssidNoInternet: mBssidNoInternet = false
07-10 00:58:14.999  5674  6164 D OpenNetworkQos[4.00]: getOpenNetworkQosNoInternetStatus: false
07-10 00:58:14.999  5674  6164 D OpenNetworkQos[4.00]: getOpenNetworkQosScores: 26 26 26
07-10 00:58:15.000  5674  6164 I WifiProfileShare: network QoS data was changed (internet), updateQoSData networkType: true, qosData: false
07-10 00:58:15.001  5674  7451 V WifiProfileShare.Caster: update wips network, size: 0
07-10 00:58:15.001  5674  7451 D WifiProfileShare: nearby scanning settings run
07-10 00:58:15.001  5674  7451 D WifiProfileShare: network score provider settings enabled
07-10 00:58:15.002  5674  7451 D OpenNetworkQos[4.00]: getOpenNetworkQosScores: 26 26 26
07-10 00:58:15.002  5674  7451 D OpenNetworkQos[4.00]: getOpenNetworkQosNoInternetStatus: false
07-10 00:58:15.002  5674  7451 I WifiProfileShare.Caster: current network type: 0, score: [26, 26, 26]
07-10 00:58:15.004  5674  7451 V WifiProfileShare.Cache: update network score 00:e4:06:**:**:90
07-10 00:58:15.004  5674  7451 D WifiProfileShare.ScanMatcher: getMcfDataList size:2
07-10 00:58:15.005  5674  7451 I WifiProfileShare.Caster: qos data was updated , before:type:QOS, pBssid:51:2e:90, qosData:7c after:type:QOS, pBssid:51:2e:90, qosData:7c
07-10 00:58:15.006  5674  7451 I [MCFSDK_android_1.2.4010]_4_b: isNetworkEnabled - type : 1 ret : true
07-10 00:58:15.007  5674  7451 D WifiProfileShare.McfCast: -ME--- mIsNetworkEnabled :true
07-10 00:58:15.007  5674  7451 D WifiProfileShare.McfCast: updateQoSData ignored, same contents
07-10 00:58:15.007  5674  7451 D WifiProfileShare.MCF: success update QosData !
07-10 00:58:15.008  5674  7451 I [MCFSDK_android_1.2.4010]_4_b: isNetworkEnabled - type : 1 ret : true
07-10 00:58:15.008  5674  7451 D WifiProfileShare.McfCast: -ME--- mIsNetworkEnabled :true
07-10 00:58:15.008  5674  7451 D WifiProfileShare.McfCast: -ME--- updatePasswordDate pwdData size:2
07-10 00:58:15.030  6461  6566 D NetworkController.WifiSignalController: notifyListener: visible=true, connected=true, inetCondition=1, isDefault=true, wifiTestReported=true, receivedInetCondition=-1, hideDuringMobileSwitching=false
07-10 00:58:15.031 16924 16967 I ChimeraSrvcProxy: NullBinder for android.net.action.RECOMMEND_NETWORKS triggering remote TransactionTooLargeException due to Service without Chimera impl
07-10 00:58:15.031 16924 16967 W .gms.persistent: Large reply transaction of 1056768 bytes, interface descriptor , code 1
07-10 00:58:15.048  5262  5262 E audit   : type=1400 audit(1688943495.045:69569): avc:  denied  { read } for  pid=19410 comm="binder:19410_1" name="u:object_r:perf_prop:s0" dev="tmpfs" ino=10663 scontext=u:r:untrusted_app:s0:c6,c256,c512,c768 tcontext=u:object_r:perf_prop:s0 tclass=file permissive=0 SEPF_SM-A515F_13_0001 audit_filtered
07-10 00:58:15.049  5262  5262 E audit   : type=1300 audit(1688943495.045:69569): arch=c00000b7 syscall=56 success=no exit=-13 a0=ffffff9c a1=7b7d4612f8 a2=88000 a3=0 items=0 ppid=5287 pid=19410 auid=4294967295 uid=10006 gid=10006 euid=10006 suid=10006 fsuid=10006 egid=10006 sgid=10006 fsgid=10006 tty=(none) ses=4294967295 comm="binder:19410_1" exe="/system/bin/app_process64" subj=u:r:untrusted_app:s0:c6,c256,c512,c768 key=(null)
07-10 00:58:15.049  5262  5262 E audit   : type=1327 audit(1688943495.045:69569): proctitle="zygote64"
07-10 00:58:15.049 19410 19422 W libc    : Access denied finding property "sys.perf.boostopt"
07-10 00:58:15.737 31802 32118 I PolicyManager: [#CMH#] Is foreground game app: false
07-10 00:58:15.818 31802 32118 I ControllerUtils: [#CMH#] StoryService:  9, isNonJustShotRunningPossible: false, isStopHeavyTask: true
07-10 00:58:15.874 31802 32118 I ControllerUtils: [#CMH#] IPService:  5, isNonJustShotRunningPossible: false, isStopHeavyTask: true
07-10 00:58:15.934 31802 32118 I ControllerUtils: [#CMH#] FaceService:  2, isNonJustShotRunningPossible: false, isStopHeavyTask: true
07-10 00:58:16.738  6461  6566 D MobileStatusTracker(1/2): onSignalStrengthsChanged level=2, vendorLevel=1
07-10 00:58:16.743  6461  6566 D MobileSignalController(1/2): notifyListener: enabled=true, connected=true, dataConnected=false, networkType=LTE (4G), emergencyOnly=false, roaming=false, isDefault=false, dataActivity=, level=1, ca=false, mmWave=false, disabledDataIcon=false, simCard=ETC
07-10 00:58:16.746  6461  6566 D NetworkController: SignalStrength from intent slotId=1
07-10 00:58:18.046  5674  7726 D SemWifiUsabilityStatsMonitor: onWifiUsabilityStats - seqNum 21391, isSameBssidAndFreq true
07-10 00:58:18.048  5674  6128 I SemWifiLinkQualityMonitor: Link Qos Query: 0.068 ms / 116.800 Mbps (292 / 0.000 / 2.500)
07-10 00:58:18.049  6461  6461 D NetworkController.WifiSignalController: notifyListener: visible=true, connected=true, inetCondition=1, isDefault=true, wifiTestReported=true, receivedInetCondition=-1, hideDuringMobileSwitching=false
07-10 00:58:21.103  5674  6055 D ConnectivityService: notifyType CALLBACK_CAP_CHANGED for [118 WIFI]
07-10 00:58:21.103  5674  7726 D SemWifiUsabilityStatsMonitor: onWifiUsabilityStats - seqNum 21392, isSameBssidAndFreq true
07-10 00:58:21.106  5674  6128 I SemWifiLinkQualityMonitor: Link Qos Query: 0.068 ms / 116.800 Mbps (292 / 0.000 / 2.500)
07-10 00:58:21.107  6461  6461 D NetworkController.WifiSignalController: notifyListener: visible=true, connected=true, inetCondition=1, isDefault=true, wifiTestReported=true, receivedInetCondition=-1, hideDuringMobileSwitching=false
07-10 00:58:21.107  5674  6086 D SemWifiSwitchForIndividualAppsService: stopTCPMonitoring : already stopped
07-10 00:58:21.109  5674  6086 I WifiConnectivityMonitor.NCC: sNetworkCallback(oCC) FULL : 118(true/false)[ Transports: WIFI Capabilities: NOT_METERED&INTERNET&NOT_RESTRICTED&TRUSTED&NOT_VPN&VALIDATED&NOT_ROAMING&FOREGROUND&NOT_CONGESTED&NOT_SUSPENDED&NOT_VCN_MANAGED LinkUpBandwidth>=38087Kbps LinkDnBandwidth>=48162Kbps TransportInfo: <SSID: <unknown ssid>, BSSID: 02:00:00:**:**:00, MAC: 02:00:00:**:**:00, IP: /192.168.1.19, Security type: 2, Supplicant state: COMPLETED, Wi-Fi standard: 5, RSSI: -63, Link speed: 292Mbps, Tx Link speed: 292Mbps, Max Supported Tx Link speed: 433Mbps, Rx Link speed: 6Mbps, Max Supported Rx Link speed: 433Mbps, Frequency: 5180MHz, Net ID: -1, Metered hint: false, score: 60, isUsable: true, CarrierMerged: false, SubscriptionId: -1, IsPrimary: 1, Trusted: true, Restricted: false, Ephemeral: false, OEM paid: false, OEM private: false, OSU AP: false, FQDN: <none>, Provider friendly name: <none>, Requesting package name: <none><none>MLO Information: , AP MLD Address: <none>, AP MLO Link Id: <none>, AP MLO Affiliated links: <none>> SignalStrength: -63 AdminUids: [1000] SSID: "Talija" UnderlyingNetworks: Null]
07-10 00:58:21.112  5674  6164 I WifiConnectivityMonitor: current mode : 1
07-10 00:58:21.112  5674  6164 D OpenNetworkQos[4.00]: updateBssidNoInternet: mBssidNoInternet = false
07-10 00:58:21.112  5674  6164 D OpenNetworkQos[4.00]: getOpenNetworkQosNoInternetStatus: false
07-10 00:58:21.112  5674  6164 D OpenNetworkQos[4.00]: getOpenNetworkQosScores: 26 26 26
07-10 00:58:21.114  5674  6164 I WifiProfileShare: network QoS data was changed (internet), updateQoSData networkType: true, qosData: false
07-10 00:58:21.117  5674  7451 V WifiProfileShare.Caster: update wips network, size: 0
07-10 00:58:21.117  5674  7451 D WifiProfileShare: nearby scanning settings run
07-10 00:58:21.117  5674  7451 D WifiProfileShare: network score provider settings enabled
07-10 00:58:21.117  5674  7451 D OpenNetworkQos[4.00]: getOpenNetworkQosScores: 26 26 26
07-10 00:58:21.117  5674  7451 D OpenNetworkQos[4.00]: getOpenNetworkQosNoInternetStatus: false
07-10 00:58:21.118  5674  7451 I WifiProfileShare.Caster: current network type: 0, score: [26, 26, 26]
07-10 00:58:21.119  5674  7451 V WifiProfileShare.Cache: update network score 00:e4:06:**:**:90
07-10 00:58:21.119  5674  7451 D WifiProfileShare.ScanMatcher: getMcfDataList size:2
07-10 00:58:21.122  5674  7451 I WifiProfileShare.Caster: qos data was updated , before:type:QOS, pBssid:51:2e:90, qosData:7c after:type:QOS, pBssid:51:2e:90, qosData:7c
07-10 00:58:21.125  5674  7451 I [MCFSDK_android_1.2.4010]_4_b: isNetworkEnabled - type : 1 ret : true
07-10 00:58:21.125  5674  7451 D WifiProfileShare.McfCast: -ME--- mIsNetworkEnabled :true
07-10 00:58:21.125  5674  7451 D WifiProfileShare.McfCast: updateQoSData ignored, same contents
07-10 00:58:21.125  5674  7451 D WifiProfileShare.MCF: success update QosData !
07-10 00:58:21.128  5674  7451 I [MCFSDK_android_1.2.4010]_4_b: isNetworkEnabled - type : 1 ret : true
07-10 00:58:21.129  5674  7451 D WifiProfileShare.McfCast: -ME--- mIsNetworkEnabled :true
07-10 00:58:21.129  5674  7451 D WifiProfileShare.McfCast: -ME--- updatePasswordDate pwdData size:2
07-10 00:58:21.131 16924 16967 I ChimeraSrvcProxy: NullBinder for android.net.action.RECOMMEND_NETWORKS triggering remote TransactionTooLargeException due to Service without Chimera impl
07-10 00:58:21.131 16924 16967 W .gms.persistent: Large reply transaction of 1056768 bytes, interface descriptor , code 1
07-10 00:58:21.133  6461  6566 D NetworkController.WifiSignalController: notifyListener: visible=true, connected=true, inetCondition=1, isDefault=true, wifiTestReported=true, receivedInetCondition=-1, hideDuringMobileSwitching=false
07-10 00:58:23.721  5674  5674 D SemWifiP2pGoPowerSave: GopsReceiver : received : com.samsung.intent.action.CHECK_SIOP_LEVEL
07-10 00:58:23.721  5674  5674 I SemWifiP2pGoPowerSave: siop_level = 0
07-10 00:58:23.727 31802 32077 I SystemBroadcastReceiver: [#CMH#] onReceive completed :  0
07-10 00:58:23.728 31802 31802 I PolicyManager: [#CMH#] onReceive action = EVENT_SIOP
07-10 00:58:24.165  5674  7726 D SemWifiUsabilityStatsMonitor: onWifiUsabilityStats - seqNum 21393, isSameBssidAndFreq true
07-10 00:58:24.167  5674  6128 I SemWifiLinkQualityMonitor: Link Qos Query: 0.046 ms / 175.500 Mbps (351 / 0.000 / 2.000)
07-10 00:58:24.168  6461  6461 D NetworkController.WifiSignalController: notifyListener: visible=true, connected=true, inetCondition=1, isDefault=true, wifiTestReported=true, receivedInetCondition=-1, hideDuringMobileSwitching=false
07-10 00:58:25.736 31802 32118 I PolicyManager: [#CMH#] Is foreground game app: false
07-10 00:58:25.807 31802 32118 I ControllerUtils: [#CMH#] StoryService:  9, isNonJustShotRunningPossible: false, isStopHeavyTask: true
07-10 00:58:25.865 31802 32118 I ControllerUtils: [#CMH#] IPService:  5, isNonJustShotRunningPossible: false, isStopHeavyTask: true
07-10 00:58:25.921 31802 32118 I ControllerUtils: [#CMH#] FaceService:  2, isNonJustShotRunningPossible: false, isStopHeavyTask: true
07-10 00:58:26.992 31135 32652 I native  : I0000 00:00:1688943506.992410   32652 soda_async_impl.cc:1540] Current audio timestamp: 1688943506620242
07-10 00:58:27.097  5362  5362 I SurfaceFlinger: SFWD update time=133756467090099
07-10 00:58:27.215  5674  7726 D SemWifiUsabilityStatsMonitor: onWifiUsabilityStats - seqNum 21394, isSameBssidAndFreq true
07-10 00:58:27.218  6461  6461 D NetworkController.WifiSignalController: notifyListener: visible=true, connected=true, inetCondition=1, isDefault=true, wifiTestReported=true, receivedInetCondition=-1, hideDuringMobileSwitching=false
07-10 00:58:27.218  5674  6128 I SemWifiLinkQualityMonitor: Link Qos Query: 0.046 ms / 175.500 Mbps (351 / 0.000 / 2.000)
07-10 00:58:28.208 31135 31454 I A       : (REDACTED) #onAudioData: %s bytes, getAudioReadSize %s
07-10 00:58:28.266 30967 31717 I ContactsProvider_EventLog: cp_s: [CONTACT con(158) dat(1091) acc({sim(3)=15, sec(6)=1, sim2(4)=1, google(2)=81, org.telegram.messenger(236)=100, com.whatsapp(14)=41}) calls([logtype:100 cnt:877, logtype:200 cnt:5, logtype:300 cnt:495, logtype:1000 cnt:632, logtype:1150 cnt:161]) Iso(RS) uId(0) ]
07-10 00:58:28.266 30967 31717 I ContactsProvider_EventLog: cp_s: [ agr({[2 ,2 ,14 ,236]=1, [2 ,14 ,236]=32, [3]=15, [14]=1, [4]=1, [2 ,14]=4, [2 ,2]=2, [2]=34, [6 ,14]=1, [2 ,236]=3, [236]=62, [2 ,236 ,14]=2}) ]
07-10 00:58:28.266 30967 31717 I ContactsProvider_EventLog: cp_s: [ cnt({acore(30967)=1}) ]
07-10 00:58:28.266 30967 31717 I ContactsProvider_EventLog: cp_s: [PROFILE con(1) dat(1) acc({vnd.sec.contact.phone=1}) ] [SAPROFILE ]
07-10 00:58:28.266 30967 31717 I ContactsProvider_EventLog: cp_s: [STATE R(T) ]
07-10 00:58:29.281 16924 16924 D BoundBrokerSvc: onUnbind: Intent { act=com.google.android.gms.auth.account.workaccount.START dat=chimera-action:/... cmp=com.google.android.gms/.chimera.PersistentApiService }
07-10 00:58:29.854  5325  5325 E sehhealth-service: Could not open /sys/class/power_supply/battery/lrp
07-10 00:58:30.274  5674  7726 D SemWifiUsabilityStatsMonitor: onWifiUsabilityStats - seqNum 21395, isSameBssidAndFreq true
07-10 00:58:30.277  5674  6128 I SemWifiLinkQualityMonitor: Link Qos Query: 0.046 ms / 175.500 Mbps (351 / 0.000 / 2.000)
07-10 00:58:30.478  6461  6566 D TileLifecycleManager: Binding service Intent { cmp=com.android.nfc/com.samsung.android.nfc.quicktile.NfcTile (has extras) } UserHandle{0}
07-10 00:58:30.492  6461  6566 D TileLifecycleManager: onStartListening
07-10 00:58:30.493  6461  6566 W Tile.CustomTile: handleUpdateState : hasPendingBind NFC
07-10 00:58:30.498  6461  6566 W Tile.CustomTile: handleUpdateState : hasPendingBind NFC
07-10 00:58:30.499  6461  6566 D TileLifecycleManager: onStopListening
07-10 00:58:30.512  6868  6868 D NfcTile : onBind()
07-10 00:58:30.512  6868  6868 D NfcTile : mContext is null
07-10 00:58:30.514  6868  6868 D TileService: onBind : mService = android.service.quicksettings.IQSService$Stub$Proxy@b9c61d1, mTileToken = android.os.BinderProxy@2237042NfcTile
07-10 00:58:30.521  6868  6868 D TileService: onBind : mTile = android.service.quicksettings.Tile@98436NfcTile
07-10 00:58:30.527  6461  6461 D TileLifecycleManager: onServiceConnected ComponentInfo{com.android.nfc/com.samsung.android.nfc.quicktile.NfcTile}
07-10 00:58:30.527  6461  6461 D TileLifecycleManager: stopPackageListening
07-10 00:58:33.322  5674  7726 D SemWifiUsabilityStatsMonitor: onWifiUsabilityStats - seqNum 21396, isSameBssidAndFreq true
07-10 00:58:33.326  5674  6128 I SemWifiLinkQualityMonitor: Link Qos Query: 0.082 ms / 97.333 Mbps (292 / 0.000 / 3.000)
07-10 00:58:33.326  6461  6461 D NetworkController.WifiSignalController: notifyListener: visible=true, connected=true, inetCondition=1, isDefault=true, wifiTestReported=true, receivedInetCondition=-1, hideDuringMobileSwitching=false
07-10 00:58:34.224  5674  6112 I ChimeraAggressivePolicyHandler: executePolicy() - triggerSource: TRIGGER_SOURCE_LMKD
07-10 00:58:34.227  5674  6112 I ChimeraAggressivePolicyHandler: available memory: 862912, free memory target: 870400, quit chimera
07-10 00:58:34.662  5674  9957 D PackageManager: setEnabledSetting : userId = 0 packageName = com.Slack cmp = androidx.work.impl.background.systemalarm.RescheduleReceiver newState = 1 callingPackage = 10329/com.Slack
07-10 00:58:34.663  5674  9957 D ApplicationPolicy: getApplicationStateEnabled : pkg = com.Slack userId : 0
07-10 00:58:34.666  5674  9957 D ApplicationPolicy: getApplicationComponentState : pkg = com.Slack userId : 0
07-10 00:58:34.690  5353  6075 V APM_AudioPolicyManager: setAppState(portId:1005, state:1)
07-10 00:58:34.692  5674  5745 W libprocessgroup: Failed to open /dev/blkio//cgroup.procs: No such file or directory
07-10 00:58:34.711 15049 15247 D ConnectivityManager: StackLog: [android.net.ConnectivityManager.sendRequestForNetwork(ConnectivityManager.java:4300)] [android.net.ConnectivityManager.registerDefaultNetworkCallbackForUid(ConnectivityManager.java:4864)] [android.net.ConnectivityManager.registerDefaultNetworkCallback(ConnectivityManager.java:4831)] [android.net.ConnectivityManager.registerDefaultNetworkCallback(ConnectivityManager.java:4805)] [androidx.work.impl.utils.NetworkApi24.registerDefaultNetworkCallbackCompat(Unknown Source:11)] [androidx.work.impl.constraints.trackers.NetworkStateTracker24.startTracking(Unknown Source:15)] [androidx.work.impl.constraints.controllers.ConstraintController.replace(Unknown Source:130)] [androidx.work.impl.constraints.WorkConstraintsTrackerImpl.replace(Unknown Source:41)] [androidx.work.impl.background.greedy.GreedyScheduler.schedule(Unknown Source:302)] [androidx.work.impl.Schedulers.schedule(Unknown Source:155)] [androidx.work.impl.utils.EnqueueRunnable.run(Unknown Source:53)] [androidx.work.Worker$2.run$androidx$work$impl$utils$SerialExecutorImpl$Task(Unknown Source:4)] [androidx.work.Worker$2.run(Unknown Source:868)] [java.util.concurrent.ThreadPoolExecutor.runWorker(ThreadPoolExecutor.java:1137)] [java.util.concurrent.ThreadPoolExecutor$Worker.run(ThreadPoolExecutor.java:637)] [java.lang.Thread.run(Thread.java:1012)]
07-10 00:58:34.714  5674  9681 D ConnectivityService: requestNetwork for uid/pid:10329/15049 activeRequest: null callbackRequest: 16527 [NetworkRequest [ REQUEST id=16528, [ Capabilities: INTERNET&NOT_RESTRICTED&TRUSTED&NOT_VCN_MANAGED Uid: 10329 RequestorUid: 10329 RequestorPkg: com.Slack UnderlyingNetworks: Null] ]] callback flags: 0 order: 2147483647
07-10 00:58:34.715  5674  6055 D ConnectivityService:    accepting network in place of null
07-10 00:58:34.717  5674  6045 D WifiNetworkFactory: got request NetworkRequest [ REQUEST id=16528, [ Capabilities: INTERNET&NOT_RESTRICTED&TRUSTED&NOT_VCN_MANAGED Uid: 10329 RequestorUid: 10329 RequestorPkg: com.Slack UnderlyingNetworks: Null] ]
07-10 00:58:34.717  5674  6045 D UntrustedWifiNetworkFactory: got request NetworkRequest [ REQUEST id=16528, [ Capabilities: INTERNET&NOT_RESTRICTED&TRUSTED&NOT_VCN_MANAGED Uid: 10329 RequestorUid: 10329 RequestorPkg: com.Slack UnderlyingNetworks: Null] ]
07-10 00:58:34.718  5674  6045 D OemPaidWifiNetworkFactory: got request NetworkRequest [ REQUEST id=16528, [ Capabilities: INTERNET&NOT_RESTRICTED&TRUSTED&NOT_VCN_MANAGED Uid: 10329 RequestorUid: 10329 RequestorPkg: com.Slack UnderlyingNetworks: Null] ]
07-10 00:58:34.718  5674  6045 D MultiInternetWifiNetworkFactory: got request NetworkRequest [ REQUEST id=16528, [ Capabilities: INTERNET&NOT_RESTRICTED&TRUSTED&NOT_VCN_MANAGED Uid: 10329 RequestorUid: 10329 RequestorPkg: com.Slack UnderlyingNetworks: Null] ]
07-10 00:58:34.719  5674  6055 D ConnectivityService: Rematched networks [computed 0ms] [applied 1ms] [issued 3]
07-10 00:58:34.719  5674  6055 D ConnectivityService: NetworkReassignment :
07-10 00:58:34.719  5674  6055 D ConnectivityService:   16528 : null → 118
07-10 00:58:34.737 15049 15049 D ConnectivityManager: StackLog: [android.net.ConnectivityManager.unregisterNetworkCallback(ConnectivityManager.java:4972)] [androidx.work.impl.utils.NetworkApi21.unregisterNetworkCallbackCompat(Unknown Source:11)] [androidx.work.impl.constraints.trackers.NetworkStateTracker24.stopTracking(Unknown Source:15)] [androidx.work.impl.constraints.trackers.ConstraintTracker.removeListener(Unknown Source:24)] [androidx.work.impl.constraints.controllers.ConstraintController.replace(Unknown Source:81)] [androidx.work.impl.constraints.WorkConstraintsTrackerImpl.replace(Unknown Source:41)] [androidx.work.impl.background.greedy.GreedyScheduler.onExecuted(Unknown Source:55)] [androidx.work.impl.Processor.onExecuted(Unknown Source:59)] [com.bugsnag.android.DeliveryDelegate$1.run(Unknown Source:212)]
07-10 00:58:34.739  5674  6055 D ConnectivityService:  Removing from current network [118 WIFI], leaving 156 requests.
07-10 00:58:34.747  5353  6075 V APM_AudioPolicyManager: setAppState(portId:1005, state:1)
07-10 00:58:34.750  5353  6075 V APM_AudioPolicyManager: setAppState(portId:1005, state:1)
07-10 00:58:36.343  5674  7726 D SemWifiUsabilityStatsMonitor: onWifiUsabilityStats - seqNum 21397, isSameBssidAndFreq true
07-10 00:58:36.346  5674  6128 I SemWifiLinkQualityMonitor: Link Qos Query: 0.082 ms / 97.333 Mbps (292 / 0.000 / 3.000)
07-10 00:58:36.347  6461  6461 D NetworkController.WifiSignalController: notifyListener: visible=true, connected=true, inetCondition=1, isDefault=true, wifiTestReported=true, receivedInetCondition=-1, hideDuringMobileSwitching=false
07-10 00:58:36.768  5262  5262 E audit   : type=1400 audit(1688943516.765:69570): avc:  denied  { getattr } for  pid=5674 comm="BinderProcsColl" path="/sys/kernel/debug/binder/proc/5674" dev="debugfs" ino=32119 scontext=u:r:system_server:s0 tcontext=u:object_r:sec_debugfs:s0 tclass=file permissive=0 SEPF_SM-A515F_13_0001 audit_filtered
07-10 00:58:36.768  5262  5262 E audit   : type=1300 audit(1688943516.765:69570): arch=c00000b7 syscall=79 success=no exit=-13 a0=ffffff9c a1=7ad2363ae0 a2=79d539b680 a3=0 items=0 ppid=5287 pid=5674 auid=4294967295 uid=1000 gid=1000 euid=1000 suid=1000 fsuid=1000 egid=1000 sgid=1000 fsgid=1000 tty=(none) ses=4294967295 comm="BinderProcsColl" exe="/system/bin/app_process64" subj=u:r:system_server:s0 key=(null)
07-10 00:58:36.768  5262  5262 E audit   : type=1327 audit(1688943516.765:69570): proctitle="system_server"
07-10 00:58:37.809 17749 17847 I AppMetrica-Attribution: Choosing distribution data: ClidsInfo(chosen=Candidate(clids=null, source=APP), candidates=[Candidate(clids=null, source=APP)])
07-10 00:58:37.864 17749 17821 D TrafficStats: tagSocket(6) with statsTag=0xffffffff, statsUid=-1
07-10 00:58:37.864  5674  6213 D NetdEventListenerService: DNS Requested by : 118, 10343
07-10 00:58:39.387  5674  7726 D SemWifiUsabilityStatsMonitor: onWifiUsabilityStats - seqNum 21398, isSameBssidAndFreq true
07-10 00:58:39.389  5674  6128 I SemWifiLinkQualityMonitor: Link Qos Query: 0.054 ms / 147.727 Mbps (325 / 0.000 / 2.200)
07-10 00:58:39.390  6461  6461 D NetworkController.WifiSignalController: notifyListener: visible=true, connected=true, inetCondition=1, isDefault=true, wifiTestReported=true, receivedInetCondition=-1, hideDuringMobileSwitching=false
07-10 00:58:42.429  5674  7726 D SemWifiUsabilityStatsMonitor: onWifiUsabilityStats - seqNum 21399, isSameBssidAndFreq true
07-10 00:58:42.433  6461  6461 D NetworkController.WifiSignalController: notifyListener: visible=true, connected=true, inetCondition=1, isDefault=true, wifiTestReported=true, receivedInetCondition=-1, hideDuringMobileSwitching=false
07-10 00:58:42.433  5674  6128 I SemWifiLinkQualityMonitor: Link Qos Query: 0.054 ms / 147.727 Mbps (325 / 0.000 / 2.200)
07-10 00:58:45.471  5674  7726 D SemWifiUsabilityStatsMonitor: onWifiUsabilityStats - seqNum 21400, isSameBssidAndFreq true
07-10 00:58:45.475  6461  6461 D NetworkController.WifiSignalController: notifyListener: visible=true, connected=true, inetCondition=1, isDefault=true, wifiTestReported=true, receivedInetCondition=-1, hideDuringMobileSwitching=false
07-10 00:58:45.475  5674  6128 I SemWifiLinkQualityMonitor: Link Qos Query: 0.054 ms / 147.727 Mbps (325 / 0.000 / 2.200)
07-10 00:58:46.105 31135 31445 I BluetoothAdapter: STATE_ON
07-10 00:58:46.110 31135 31445 D BluetoothGatt: connect() - device: 645DF4_1, auto: false
07-10 00:58:46.110 31135 31445 D BluetoothGatt: registerApp()
07-10 00:58:46.110 31135 31445 D BluetoothGatt: registerApp() - UUID=5f158622-f86a-4729-b28e-25b52ffcf5d3
07-10 00:58:46.117 15865 15892 D BtGatt.GattService: registerClient(com.google.android.googlequicksearchbox) - UUID=5f158622-f86a-4729-b28e-25b52ffcf5d3
07-10 00:58:46.121 15865 15892 D BtGatt.ContextMap: add() - appUid: 10233, appPid: 31135, appName: com.google.android.googlequicksearchbox
07-10 00:58:46.124 15865 16649 W bt_bta_gattc: bta_gattc_register :: state: 2, uuid=5f158622-f86a-4729-b28e-25b52ffcf5d3
07-10 00:58:46.124 15865 16649 W bt_bta_gattc: Registered GATT client interface 6 with uuid=5f158622-f86a-4729-b28e-25b52ffcf5d3, starting it on main thread
07-10 00:58:46.125 15865 16649 W bt_bta_gattc: client_if=6
07-10 00:58:46.125 15865 16182 D BtGatt.GattService: onClientRegistered() - UUID=5f158622-f86a-4729-b28e-25b52ffcf5d3, clientIf=6
07-10 00:58:46.126 31135 31445 I GattConnObserver: GATT connect started, beginning countdown timer
07-10 00:58:46.127 31135  1898 D BluetoothGatt: onClientRegistered() - status=0 clientIf=6
07-10 00:58:46.141 15865 15892 D BtGatt.GattService: clientConnect(com.google.android.googlequicksearchbox) - address = 645DF4_1, isDirect=true transport =2 set own addr = false own addr type:0, clientIf: 6, opportunistic=false, phy: 1
07-10 00:58:46.144 15865 16649 W bt_btm_ble: BTM_SecAddBleDevice :: dev_type=0x3
07-10 00:58:46.145 15865 16649 W bt_bta_gattc: bta_gattc_process_api_open
07-10 00:58:46.145 15865 16649 I bt_stack: [INFO:bta_gattc_main.cc(314)] bta_gattc_sm_execute: State 0x00, Event 0x1f00
07-10 00:58:46.145 15865 16649 W bt_bta_gattc: bta_gattc_open
07-10 00:58:46.145 15865 16649 W bt_stack: [WARNING:gatt_api.cc(1238)] GATT_Connect
07-10 00:58:46.145 15865 16649 W bt_stack: Starting direct connect gatt_if=6 address=645df4
07-10 00:58:46.145 15865 16649 W bt_stack: gatt_act_connect
07-10 00:58:46.145 15865 16649 I bt_stack: [INFO:gatt_attr.cc(886)] gatt_sr_init_cl_status: bda=645df4, cl_supp_feat=0000, aware=1
07-10 00:58:46.145 15865 16649 W bt_stack: gatt_connect
07-10 00:58:46.145 15865 16649 W bt_stack: gatt_connect :: call acl_create_le_connection_with_id
07-10 00:58:46.145 15865 16649 W btm_acl : Creating le direct connection to:xx:xx:xx:xx:b3:b1[public]
07-10 00:58:46.145 15865 16649 W bt_stack: AcceptLeConnectionFrom xx:xx:xx:xx:b3:b1
07-10 00:58:46.145 15865 16587 W bt_stack: Allow Le connection from remote:xx:xx:xx:xx:b3:b1[PUBLIC_DEVICE_ADDRESS]
07-10 00:58:46.146 15865 16587 W bt_stack: create_le_connection :: address : 64:5d:f4, add_to_connect_list : 1, is_direct : 1
07-10 00:58:46.146 15865 16587 W bt_stack: add_device_to_connect_list 64:5d:f4 :: Send command after register
07-10 00:58:46.146 15865 16587 W bt_stack: add_device_to_connect_list :: Device is found in security db(64:5d:f4 -> 645df4)
07-10 00:58:46.146 15865 16587 W bt_stack: add_device_to_connect_list :: set address_with_type as identity_addr
07-10 00:58:46.146 15865 16587 W bt_stack: Fast Connection Mode is already Set!!!
07-10 00:58:46.146 15865 16587 W bt_stack: Deferred until filter accept list has completed
07-10 00:58:46.146 15865 16587 W bt_stack: pause_registered_clients()
07-10 00:58:46.146 15865 16587 W bt_stack: le_scanning_manager :: OnPause()
07-10 00:58:46.147 15865 16587 W bt_stack: Stop LeSetScanEnable
07-10 00:58:46.147 15865 16587 W bt_stack: le_scanning_manager :: OnPause() - call AckPause
07-10 00:58:46.147 15865 16587 W bt_stack: le_impl :: OnPause()
07-10 00:58:46.147 15865 16587 W bt_stack: le_impl :: ConnectabilityState is DISARMED. Call AckPause()
07-10 00:58:46.147 15865 16587 W bt_stack: pause_registered_clients()
07-10 00:58:46.148 15865 16587 W bt_stack: le_address_manager :: ack_pause()
07-10 00:58:46.148 15865 16587 W bt_stack: le_address_manager :: ack_pause() - make sure all client paused. Return
07-10 00:58:46.148 15865 16587 W bt_stack: le_address_manager :: ack_pause()
07-10 00:58:46.148 15865 16587 W bt_stack: le_address_manager :: ack_pause() - handle_next_command
07-10 00:58:46.148 15865 16587 W bt_stack: handle_next_command()
07-10 00:58:46.150 15865 16587 W bt_stack: Received command complete with op_code LE_ADD_DEVICE_TO_FILTER_ACCEPT_LIST
07-10 00:58:46.150 15865 16587 W bt_stack: handle_next_command()
07-10 00:58:46.152 15865 16587 W bt_stack: Received command complete with op_code LE_ADD_DEVICE_TO_FILTER_ACCEPT_LIST
07-10 00:58:46.152 15865 16587 W bt_stack: le_scanning_manager :: OnResume()
07-10 00:58:46.152 15865 16587 W bt_stack: Start LeSetScan
07-10 00:58:46.152 15865 16587 W bt_stack: le_scanning_manager :: OnResume() - call AckResume
07-10 00:58:46.152 15865 16587 W bt_stack: le_impl :: OnResume()
07-10 00:58:46.152 15865 16587 W bt_stack: le_impl :: OnResume - Try arm connectability
07-10 00:58:46.152 15865 16587 W bt_stack: arm_connectability()
07-10 00:58:46.153 15865 16587 W bt_stack: le_impl :: check_for_unregister()
07-10 00:58:46.153 15865 16587 W bt_stack: le_address_manager :: ack_resume()
07-10 00:58:46.154 15865 16587 W bt_stack: le_address_manager :: ack_resume()
07-10 00:58:46.156 15865 16587 E bt_stack: on_create_connection :: Command status is success. Set ConnectabilityState to ARMED
07-10 00:58:48.518  5674  7726 D SemWifiUsabilityStatsMonitor: onWifiUsabilityStats - seqNum 21401, isSameBssidAndFreq true
07-10 00:58:48.518  5674  6055 D ConnectivityService: notifyType CALLBACK_CAP_CHANGED for [118 WIFI]
07-10 00:58:48.520  5674  6128 I SemWifiLinkQualityMonitor: Link Qos Query: 0.054 ms / 147.727 Mbps (325 / 0.000 / 2.200)
07-10 00:58:48.523  6461  6461 D NetworkController.WifiSignalController: notifyListener: visible=true, connected=true, inetCondition=1, isDefault=true, wifiTestReported=true, receivedInetCondition=-1, hideDuringMobileSwitching=false
07-10 00:58:48.524  5674  6086 D SemWifiSwitchForIndividualAppsService: stopTCPMonitoring : already stopped
07-10 00:58:48.525  5674  6086 I WifiConnectivityMonitor.NCC: sNetworkCallback(oCC) FULL : 118(true/false)[ Transports: WIFI Capabilities: NOT_METERED&INTERNET&NOT_RESTRICTED&TRUSTED&NOT_VPN&VALIDATED&NOT_ROAMING&FOREGROUND&NOT_CONGESTED&NOT_SUSPENDED&NOT_VCN_MANAGED LinkUpBandwidth>=15762Kbps LinkDnBandwidth>=38308Kbps TransportInfo: <SSID: <unknown ssid>, BSSID: 02:00:00:**:**:00, MAC: 02:00:00:**:**:00, IP: /192.168.1.19, Security type: 2, Supplicant state: COMPLETED, Wi-Fi standard: 5, RSSI: -65, Link speed: 325Mbps, Tx Link speed: 325Mbps, Max Supported Tx Link speed: 433Mbps, Rx Link speed: 6Mbps, Max Supported Rx Link speed: 433Mbps, Frequency: 5180MHz, Net ID: -1, Metered hint: false, score: 60, isUsable: true, CarrierMerged: false, SubscriptionId: -1, IsPrimary: 1, Trusted: true, Restricted: false, Ephemeral: false, OEM paid: false, OEM private: false, OSU AP: false, FQDN: <none>, Provider friendly name: <none>, Requesting package name: <none><none>MLO Information: , AP MLD Address: <none>, AP MLO Link Id: <none>, AP MLO Affiliated links: <none>> SignalStrength: -65 AdminUids: [1000] SSID: "Talija" UnderlyingNetworks: Null]
07-10 00:58:48.528  5674  6164 I WifiConnectivityMonitor: current mode : 1
07-10 00:58:48.528  5674  6164 D OpenNetworkQos[4.00]: updateBssidNoInternet: mBssidNoInternet = false
07-10 00:58:48.528  5674  6164 D OpenNetworkQos[4.00]: getOpenNetworkQosNoInternetStatus: false
07-10 00:58:48.528  5674  6164 D OpenNetworkQos[4.00]: getOpenNetworkQosScores: 26 26 26
07-10 00:58:48.529  5674  6164 I WifiProfileShare: network QoS data was changed (internet), updateQoSData networkType: true, qosData: false
07-10 00:58:48.530  5674  7451 V WifiProfileShare.Caster: update wips network, size: 0
07-10 00:58:48.530  5674  7451 D WifiProfileShare: nearby scanning settings run
07-10 00:58:48.530  5674  7451 D WifiProfileShare: network score provider settings enabled
07-10 00:58:48.531  5674  7451 D OpenNetworkQos[4.00]: getOpenNetworkQosScores: 26 26 26
07-10 00:58:48.531  5674  7451 D OpenNetworkQos[4.00]: getOpenNetworkQosNoInternetStatus: false
07-10 00:58:48.531  5674  7451 I WifiProfileShare.Caster: current network type: 0, score: [26, 26, 26]
07-10 00:58:48.532  5674  7451 V WifiProfileShare.Cache: update network score 00:e4:06:**:**:90
07-10 00:58:48.532  5674  7451 D WifiProfileShare.ScanMatcher: getMcfDataList size:2
07-10 00:58:48.533  5674  7451 I WifiProfileShare.Caster: qos data was updated , before:type:QOS, pBssid:51:2e:90, qosData:7c after:type:QOS, pBssid:51:2e:90, qosData:7c
07-10 00:58:48.534  5674  7451 I [MCFSDK_android_1.2.4010]_4_b: isNetworkEnabled - type : 1 ret : true
07-10 00:58:48.534  5674  7451 D WifiProfileShare.McfCast: -ME--- mIsNetworkEnabled :true
07-10 00:58:48.534  5674  7451 D WifiProfileShare.McfCast: updateQoSData ignored, same contents
07-10 00:58:48.534  5674  7451 D WifiProfileShare.MCF: success update QosData !
07-10 00:58:48.536  5674  7451 I [MCFSDK_android_1.2.4010]_4_b: isNetworkEnabled - type : 1 ret : true
07-10 00:58:48.536  5674  7451 D WifiProfileShare.McfCast: -ME--- mIsNetworkEnabled :true
07-10 00:58:48.536  5674  7451 D WifiProfileShare.McfCast: -ME--- updatePasswordDate pwdData size:2
07-10 00:58:48.555  6461  6566 D NetworkController.WifiSignalController: notifyListener: visible=true, connected=true, inetCondition=1, isDefault=true, wifiTestReported=true, receivedInetCondition=-1, hideDuringMobileSwitching=false
07-10 00:58:48.563 16924 20137 I ChimeraSrvcProxy: NullBinder for android.net.action.RECOMMEND_NETWORKS triggering remote TransactionTooLargeException due to Service without Chimera impl
07-10 00:58:48.563 16924 20137 W .gms.persistent: Large reply transaction of 1056768 bytes, interface descriptor , code 1
07-10 00:58:51.130 31135 31135 W GattConnObserver: GATT connect timeout!
07-10 00:58:51.131 31135 31135 D BluetoothGatt: cancelOpen() - device: 645DF4_1
07-10 00:58:51.137 15865 15892 D BtGatt.GattService: clientDisconnect(com.google.android.googlequicksearchbox) - address=645DF4_1, connId=null, clientIf: 6
07-10 00:58:51.140 15865 16649 W bt_bta_gattc: bta_gattc_process_api_open_cancel
07-10 00:58:51.140 15865 16649 W bt_bta_gattc: Cancel GATT client direct connection
