07-10 00:47:34.721 15049 15049 D ConnectivityManager: StackLog: [android.net.ConnectivityManager.unregisterNetworkCallback(ConnectivityManager.java:4972)] [androidx.work.impl.utils.NetworkApi21.unregisterNetworkCallbackCompat(Unknown Source:11)] [androidx.work.impl.constraints.trackers.NetworkStateTracker24.stopTracking(Unknown Source:15)] [androidx.work.impl.constraints.trackers.ConstraintTracker.removeListener(Unknown Source:24)] [androidx.work.impl.constraints.controllers.ConstraintController.replace(Unknown Source:81)] [androidx.work.impl.constraints.WorkConstraintsTrackerImpl.replace(Unknown Source:41)] [androidx.work.impl.background.greedy.GreedyScheduler.onExecuted(Unknown Source:55)] [androidx.work.impl.Processor.onExecuted(Unknown Source:59)] [com.bugsnag.android.DeliveryDelegate$1.run(Unknown Source:212)]
07-10 00:47:34.723  5674  6055 D ConnectivityService:  Removing from current network [118 WIFI], leaving 152 requests.
07-10 00:47:34.730  5353  6075 V APM_AudioPolicyManager: setAppState(portId:1005, state:1)
07-10 00:47:34.736  5353  6075 V APM_AudioPolicyManager: setAppState(portId:1005, state:1)
07-10 00:47:35.734  5674  7726 D SemWifiUsabilityStatsMonitor: onWifiUsabilityStats - seqNum 21180, isSameBssidAndFreq true
07-10 00:47:35.739  5674  6128 I SemWifiLinkQualityMonitor: Link Qos Query: 0.034 ms / 234.000 Mbps (351 / 0.000 / 1.500)
07-10 00:47:35.740  6461  6461 D NetworkController.WifiSignalController: notifyListener: visible=true, connected=true, inetCondition=1, isDefault=true, wifiTestReported=true, receivedInetCondition=-1, hideDuringMobileSwitching=false
07-10 00:47:38.388  9837 10033 I SemDvfsHyPerManager: acquire hyper - SIOP_ARM_MAX/9837@2, type = 301993986
07-10 00:47:38.389  5313  5394 I HYPER-HAL: [RequestManager.cpp]acquire(): Acquired ID : 48407882  [9837 / 2]    HINT :      list : [CPUMaxFreq / 1898000]
07-10 00:47:38.799  5674  7726 D SemWifiUsabilityStatsMonitor: onWifiUsabilityStats - seqNum 21181, isSameBssidAndFreq true
07-10 00:47:38.803  5674  6128 I SemWifiLinkQualityMonitor: Link Qos Query: 0.041 ms / 195.000 Mbps (390 / 0.000 / 2.000)
07-10 00:47:38.804  6461  6461 D NetworkController.WifiSignalController: notifyListener: visible=true, connected=true, inetCondition=1, isDefault=true, wifiTestReported=true, receivedInetCondition=-1, hideDuringMobileSwitching=false
07-10 00:47:41.829  5674  7726 D SemWifiUsabilityStatsMonitor: onWifiUsabilityStats - seqNum 21182, isSameBssidAndFreq true
07-10 00:47:41.832  5674  6128 I SemWifiLinkQualityMonitor: Link Qos Query: 0.041 ms / 195.000 Mbps (390 / 0.000 / 2.000)
07-10 00:47:41.833  6461  6461 D NetworkController.WifiSignalController: notifyListener: visible=true, connected=true, inetCondition=1, isDefault=true, wifiTestReported=true, receivedInetCondition=-1, hideDuringMobileSwitching=false
07-10 00:47:43.682 31802 32077 I SystemBroadcastReceiver: [#CMH#] onReceive completed :  0
07-10 00:47:43.682 31802 31802 I PolicyManager: [#CMH#] onReceive action = EVENT_SIOP
07-10 00:47:43.685  5674  5674 D SemWifiP2pGoPowerSave: GopsReceiver : received : com.samsung.intent.action.CHECK_SIOP_LEVEL
07-10 00:47:43.686  5674  5674 I SemWifiP2pGoPowerSave: siop_level = -1
07-10 00:47:44.878  5674  7726 D SemWifiUsabilityStatsMonitor: onWifiUsabilityStats - seqNum 21183, isSameBssidAndFreq true
07-10 00:47:44.881  5674  6128 I SemWifiLinkQualityMonitor: Link Qos Query: 0.192 ms / 41.714 Mbps (292 / 0.000 / 7.000)
07-10 00:47:44.882  6461  6461 D NetworkController.WifiSignalController: notifyListener: visible=true, connected=true, inetCondition=1, isDefault=true, wifiTestReported=true, receivedInetCondition=-1, hideDuringMobileSwitching=false
07-10 00:47:45.688 31802 32118 I PolicyManager: [#CMH#] Is foreground game app: false
07-10 00:47:45.703  5674 16637 D TrafficStats: tagSocket(854) with statsTag=0xffffffff, statsUid=-1
07-10 00:47:45.776 31802 32118 I ControllerUtils: [#CMH#] StoryService:  9, isNonJustShotRunningPossible: false, isStopHeavyTask: true
07-10 00:47:45.836 31802 32118 I ControllerUtils: [#CMH#] IPService:  5, isNonJustShotRunningPossible: false, isStopHeavyTask: true
07-10 00:47:45.897 31802 32118 I ControllerUtils: [#CMH#] FaceService:  2, isNonJustShotRunningPossible: false, isStopHeavyTask: true
07-10 00:47:45.911  5674 16637 D WifiConnectivityMonitor.DnsThread:  [|211]
07-10 00:47:45.912  5674  6182 D WifiConnectivityMonitor.NetworkStatsAnalyzer: DNS resultType : 0, responseTime : 211
07-10 00:47:45.913  5674  6164 D OpenNetworkQos[4.00]: updateBssidLatestDnsResultType - result: 0
07-10 00:47:45.913  5674  6164 D OpenNetworkQos[4.00]: updateBssidNoInternet: mBssidNoInternet = false
07-10 00:47:45.913  5674  6164 D OpenNetworkQos[4.00]: getOpenNetworkQosNoInternetStatus: false
07-10 00:47:45.913  5674  6164 D OpenNetworkQos[4.00]: getOpenNetworkQosScores: 26 26 26
07-10 00:47:45.914  5674  6164 I WifiProfileShare: network QoS data was changed (internet), updateQoSData networkType: true, qosData: false
07-10 00:47:45.915  5674  7451 V WifiProfileShare.Caster: update wips network, size: 0
07-10 00:47:45.915  5674  7451 D WifiProfileShare: nearby scanning settings run
07-10 00:47:45.915  5674  7451 D WifiProfileShare: network score provider settings enabled
07-10 00:47:45.916  5674  7451 D OpenNetworkQos[4.00]: getOpenNetworkQosScores: 26 26 26
07-10 00:47:45.916  5674  7451 D OpenNetworkQos[4.00]: getOpenNetworkQosNoInternetStatus: false
07-10 00:47:45.916  5674  7451 I WifiProfileShare.Caster: current network type: 0, score: [26, 26, 26]
07-10 00:47:45.917  5674  7451 V WifiProfileShare.Cache: update network score 00:e4:06:**:**:90
07-10 00:47:45.918  5674  7451 D WifiProfileShare.ScanMatcher: getMcfDataList size:2
07-10 00:47:45.919  5674  7451 I WifiProfileShare.Caster: qos data was updated , before:type:QOS, pBssid:51:2e:90, qosData:7c after:type:QOS, pBssid:51:2e:90, qosData:7c
07-10 00:47:45.920  5674  7451 I [MCFSDK_android_1.2.4010]_4_b: isNetworkEnabled - type : 1 ret : true
07-10 00:47:45.920  5674  7451 D WifiProfileShare.McfCast: -ME--- mIsNetworkEnabled :true
07-10 00:47:45.920  5674  7451 D WifiProfileShare.McfCast: updateQoSData ignored, same contents
07-10 00:47:45.920  5674  7451 D WifiProfileShare.MCF: success update QosData !
07-10 00:47:45.922  5674  7451 I [MCFSDK_android_1.2.4010]_4_b: isNetworkEnabled - type : 1 ret : true
07-10 00:47:45.922  5674  7451 D WifiProfileShare.McfCast: -ME--- mIsNetworkEnabled :true
07-10 00:47:45.922  5674  7451 D WifiProfileShare.McfCast: -ME--- updatePasswordDate pwdData size:2
07-10 00:47:47.929  5674  7726 D SemWifiUsabilityStatsMonitor: onWifiUsabilityStats - seqNum 21184, isSameBssidAndFreq true
07-10 00:47:47.934  5674  6128 I SemWifiLinkQualityMonitor: Link Qos Query: 0.027 ms / 292.000 Mbps (292 / 0.000 / 1.000)
07-10 00:47:48.057  5674  5690 I system_server: Background young concurrent copying GC freed 339203(13MB) AllocSpace objects, 51(1040KB) LOS objects, 11% free, 111MB/126MB, paused 993us,357us total 128.745ms
07-10 00:47:48.060 15049 15079 W libc    : Access denied finding property "sys.perf.boostopt"
07-10 00:47:48.061  5262  5262 E audit   : type=1400 audit(1688942868.057:69494): avc:  denied  { read } for  pid=15049 comm="binder:15049_1" name="u:object_r:perf_prop:s0" dev="tmpfs" ino=10663 scontext=u:r:untrusted_app:s0:c73,c257,c512,c768 tcontext=u:object_r:perf_prop:s0 tclass=file permissive=0 SEPF_SM-A515F_13_0001 audit_filtered
07-10 00:47:48.062  5262  5262 E audit   : type=1300 audit(1688942868.057:69494): arch=c00000b7 syscall=56 success=no exit=-13 a0=ffffff9c a1=7b7d3472f8 a2=88000 a3=0 items=0 ppid=5287 pid=15049 auid=4294967295 uid=10329 gid=10329 euid=10329 suid=10329 fsuid=10329 egid=10329 sgid=10329 fsgid=10329 tty=(none) ses=4294967295 comm="binder:15049_1" exe="/system/bin/app_process64" subj=u:r:untrusted_app:s0:c73,c257,c512,c768 key=(null)
07-10 00:47:48.062  5262  5262 E audit   : type=1327 audit(1688942868.057:69494): proctitle="com.microsoft.todos"
07-10 00:47:48.071  5674  5692 W System  : A resource failed to call close.
07-10 00:47:48.071  5674  5692 W System  : A resource failed to call close.
07-10 00:47:48.419  5313  5394 I HYPER-HAL: [RequestManager.cpp]releaseLocked(): Released ID : 48427565
07-10 00:47:48.432  5313  5394 I HYPER-HAL: [RequestManager.cpp]releaseLocked(): Released ID : 48407882
07-10 00:47:50.989  5674  7726 D SemWifiUsabilityStatsMonitor: onWifiUsabilityStats - seqNum 21185, isSameBssidAndFreq true
07-10 00:47:50.989  5674  6055 D ConnectivityService: notifyType CALLBACK_CAP_CHANGED for [118 WIFI]
07-10 00:47:50.992  5674  6128 I SemWifiLinkQualityMonitor: Link Qos Query: 0.027 ms / 292.000 Mbps (292 / 0.000 / 1.000)
07-10 00:47:50.993  5674  6086 D SemWifiSwitchForIndividualAppsService: stopTCPMonitoring : already stopped
07-10 00:47:50.994  5674  6086 I WifiConnectivityMonitor.NCC: sNetworkCallback(oCC) FULL : 118(true/false)[ Transports: WIFI Capabilities: NOT_METERED&INTERNET&NOT_RESTRICTED&TRUSTED&NOT_VPN&VALIDATED&NOT_ROAMING&FOREGROUND&NOT_CONGESTED&NOT_SUSPENDED&NOT_VCN_MANAGED LinkUpBandwidth>=15762Kbps LinkDnBandwidth>=38308Kbps TransportInfo: <SSID: <unknown ssid>, BSSID: 02:00:00:**:**:00, MAC: 02:00:00:**:**:00, IP: /192.168.1.19, Security type: 2, Supplicant state: COMPLETED, Wi-Fi standard: 5, RSSI: -66, Link speed: 292Mbps, Tx Link speed: 292Mbps, Max Supported Tx Link speed: 433Mbps, Rx Link speed: 6Mbps, Max Supported Rx Link speed: 433Mbps, Frequency: 5180MHz, Net ID: -1, Metered hint: false, score: 60, isUsable: true, CarrierMerged: false, SubscriptionId: -1, IsPrimary: 1, Trusted: true, Restricted: false, Ephemeral: false, OEM paid: false, OEM private: false, OSU AP: false, FQDN: <none>, Provider friendly name: <none>, Requesting package name: <none><none>MLO Information: , AP MLD Address: <none>, AP MLO Link Id: <none>, AP MLO Affiliated links: <none>> SignalStrength: -66 AdminUids: [1000] SSID: "Talija" UnderlyingNetworks: Null]
07-10 00:47:50.995  5674  6164 I WifiConnectivityMonitor: current mode : 1
07-10 00:47:50.996  5674  6164 D OpenNetworkQos[4.00]: updateBssidNoInternet: mBssidNoInternet = false
07-10 00:47:50.996  5674  6164 D OpenNetworkQos[4.00]: getOpenNetworkQosNoInternetStatus: false
07-10 00:47:50.996  5674  6164 D OpenNetworkQos[4.00]: getOpenNetworkQosScores: 26 26 26
07-10 00:47:50.997  5674  6164 I WifiProfileShare: network QoS data was changed (internet), updateQoSData networkType: true, qosData: false
07-10 00:47:50.999  5674  7451 V WifiProfileShare.Caster: update wips network, size: 0
07-10 00:47:50.999  5674  7451 D WifiProfileShare: nearby scanning settings run
07-10 00:47:50.999  5674  7451 D WifiProfileShare: network score provider settings enabled
07-10 00:47:50.999  5674  7451 D OpenNetworkQos[4.00]: getOpenNetworkQosScores: 26 26 26
07-10 00:47:50.999  5674  7451 D OpenNetworkQos[4.00]: getOpenNetworkQosNoInternetStatus: false
07-10 00:47:50.999  5674  7451 I WifiProfileShare.Caster: current network type: 0, score: [26, 26, 26]
07-10 00:47:51.000  5674  7451 V WifiProfileShare.Cache: update network score 00:e4:06:**:**:90
07-10 00:47:51.000  5674  7451 D WifiProfileShare.ScanMatcher: getMcfDataList size:2
07-10 00:47:51.001  5674  7451 I WifiProfileShare.Caster: qos data was updated , before:type:QOS, pBssid:51:2e:90, qosData:7c after:type:QOS, pBssid:51:2e:90, qosData:7c
07-10 00:47:51.002  5674  7451 I [MCFSDK_android_1.2.4010]_4_b: isNetworkEnabled - type : 1 ret : true
07-10 00:47:51.002  5674  7451 D WifiProfileShare.McfCast: -ME--- mIsNetworkEnabled :true
07-10 00:47:51.003  5674  7451 D WifiProfileShare.McfCast: updateQoSData ignored, same contents
07-10 00:47:51.003  5674  7451 D WifiProfileShare.MCF: success update QosData !
07-10 00:47:51.003  5674  7451 I [MCFSDK_android_1.2.4010]_4_b: isNetworkEnabled - type : 1 ret : true
07-10 00:47:51.004  5674  7451 D WifiProfileShare.McfCast: -ME--- mIsNetworkEnabled :true
07-10 00:47:51.004  5674  7451 D WifiProfileShare.McfCast: -ME--- updatePasswordDate pwdData size:2
07-10 00:47:51.028  6461  6566 D NetworkController.WifiSignalController: notifyListener: visible=true, connected=true, inetCondition=1, isDefault=true, wifiTestReported=true, receivedInetCondition=-1, hideDuringMobileSwitching=false
07-10 00:47:51.029 16924 21590 I ChimeraSrvcProxy: NullBinder for android.net.action.RECOMMEND_NETWORKS triggering remote TransactionTooLargeException due to Service without Chimera impl
07-10 00:47:51.029 16924 21590 W .gms.persistent: Large reply transaction of 1056768 bytes, interface descriptor , code 1
07-10 00:47:53.879 20901 20970 I nightwatch-target: monitor resources last 600 iteration: 300570 msec
07-10 00:47:54.043  5674  7726 D SemWifiUsabilityStatsMonitor: onWifiUsabilityStats - seqNum 21186, isSameBssidAndFreq true
07-10 00:47:54.047  5674  6128 I SemWifiLinkQualityMonitor: Link Qos Query: 0.027 ms / 292.000 Mbps (292 / 0.000 / 1.000)
07-10 00:47:54.047  6461  6461 D NetworkController.WifiSignalController: notifyListener: visible=true, connected=true, inetCondition=1, isDefault=true, wifiTestReported=true, receivedInetCondition=-1, hideDuringMobileSwitching=false
07-10 00:47:56.993 31135 32652 I native  : I0000 00:00:1688942876.992692   32652 soda_async_impl.cc:1540] Current audio timestamp: 1688942876620242
07-10 00:47:57.096  5674  7726 D SemWifiUsabilityStatsMonitor: onWifiUsabilityStats - seqNum 21187, isSameBssidAndFreq true
07-10 00:47:57.097  5674  6055 D ConnectivityService: notifyType CALLBACK_CAP_CHANGED for [118 WIFI]
07-10 00:47:57.100  5674  6128 I SemWifiLinkQualityMonitor: Link Qos Query: 0.027 ms / 292.000 Mbps (292 / 0.000 / 1.000)
07-10 00:47:57.101  5674  6086 D SemWifiSwitchForIndividualAppsService: stopTCPMonitoring : already stopped
07-10 00:47:57.103  5674  6086 I WifiConnectivityMonitor.NCC: sNetworkCallback(oCC) FULL : 118(true/false)[ Transports: WIFI Capabilities: NOT_METERED&INTERNET&NOT_RESTRICTED&TRUSTED&NOT_VPN&VALIDATED&NOT_ROAMING&FOREGROUND&NOT_CONGESTED&NOT_SUSPENDED&NOT_VCN_MANAGED LinkUpBandwidth>=38087Kbps LinkDnBandwidth>=48162Kbps TransportInfo: <SSID: <unknown ssid>, BSSID: 02:00:00:**:**:00, MAC: 02:00:00:**:**:00, IP: /192.168.1.19, Security type: 2, Supplicant state: COMPLETED, Wi-Fi standard: 5, RSSI: -61, Link speed: 292Mbps, Tx Link speed: 292Mbps, Max Supported Tx Link speed: 433Mbps, Rx Link speed: 6Mbps, Max Supported Rx Link speed: 433Mbps, Frequency: 5180MHz, Net ID: -1, Metered hint: false, score: 60, isUsable: true, CarrierMerged: false, SubscriptionId: -1, IsPrimary: 1, Trusted: true, Restricted: false, Ephemeral: false, OEM paid: false, OEM private: false, OSU AP: false, FQDN: <none>, Provider friendly name: <none>, Requesting package name: <none><none>MLO Information: , AP MLD Address: <none>, AP MLO Link Id: <none>, AP MLO Affiliated links: <none>> SignalStrength: -61 AdminUids: [1000] SSID: "Talija" UnderlyingNetworks: Null]
07-10 00:47:57.103  5674  6164 I WifiConnectivityMonitor: current mode : 1
07-10 00:47:57.104  5674  6164 D OpenNetworkQos[4.00]: updateBssidNoInternet: mBssidNoInternet = false
07-10 00:47:57.104  5674  6164 D OpenNetworkQos[4.00]: getOpenNetworkQosNoInternetStatus: false
07-10 00:47:57.104  5674  6164 D OpenNetworkQos[4.00]: getOpenNetworkQosScores: 26 26 26
07-10 00:47:57.104  5674  6164 I WifiProfileShare: network QoS data was changed (internet), updateQoSData networkType: true, qosData: false
07-10 00:47:57.105  5674  7451 V WifiProfileShare.Caster: update wips network, size: 0
07-10 00:47:57.105  5674  7451 D WifiProfileShare: nearby scanning settings run
07-10 00:47:57.106  5674  7451 D WifiProfileShare: network score provider settings enabled
07-10 00:47:57.106  5674  7451 D OpenNetworkQos[4.00]: getOpenNetworkQosScores: 26 26 26
07-10 00:47:57.106  5674  7451 D OpenNetworkQos[4.00]: getOpenNetworkQosNoInternetStatus: false
07-10 00:47:57.106  5674  7451 I WifiProfileShare.Caster: current network type: 0, score: [26, 26, 26]
07-10 00:47:57.107  5674  7451 V WifiProfileShare.Cache: update network score 00:e4:06:**:**:90
07-10 00:47:57.107  5674  7451 D WifiProfileShare.ScanMatcher: getMcfDataList size:2
07-10 00:47:57.108  5674  7451 I WifiProfileShare.Caster: qos data was updated , before:type:QOS, pBssid:51:2e:90, qosData:7c after:type:QOS, pBssid:51:2e:90, qosData:7c
07-10 00:47:57.109  5674  7451 I [MCFSDK_android_1.2.4010]_4_b: isNetworkEnabled - type : 1 ret : true
07-10 00:47:57.109  5674  7451 D WifiProfileShare.McfCast: -ME--- mIsNetworkEnabled :true
07-10 00:47:57.109  5674  7451 D WifiProfileShare.McfCast: updateQoSData ignored, same contents
07-10 00:47:57.109  5674  7451 D WifiProfileShare.MCF: success update QosData !
07-10 00:47:57.111  5674  7451 I [MCFSDK_android_1.2.4010]_4_b: isNetworkEnabled - type : 1 ret : true
07-10 00:47:57.111  5674  7451 D WifiProfileShare.McfCast: -ME--- mIsNetworkEnabled :true
07-10 00:47:57.111  5674  7451 D WifiProfileShare.McfCast: -ME--- updatePasswordDate pwdData size:2
07-10 00:47:57.126  6461  6566 D NetworkController.WifiSignalController: notifyListener: visible=true, connected=true, inetCondition=1, isDefault=true, wifiTestReported=true, receivedInetCondition=-1, hideDuringMobileSwitching=false
07-10 00:47:57.126 16924 19021 I ChimeraSrvcProxy: NullBinder for android.net.action.RECOMMEND_NETWORKS triggering remote TransactionTooLargeException due to Service without Chimera impl
07-10 00:47:57.127 16924 19021 W .gms.persistent: Large reply transaction of 1056768 bytes, interface descriptor , code 1
07-10 00:47:58.073 31135 31464 I A       : (REDACTED) #onAudioData: %s bytes, getAudioReadSize %s
07-10 00:47:58.947  5325  5325 E sehhealth-service: Could not open /sys/class/power_supply/battery/lrp
07-10 00:48:00.010  6461  6461 D KeyguardUpdateMonitor: received broadcast android.intent.action.TIME_TICK
07-10 00:48:00.012  6461  7078 D QSClockBellTower: onReceive(android.intent.action.TIME_TICK) mTimeZoneString:null
07-10 00:48:00.013  6461  6461 D KeyguardUpdateMonitor: handleTimeUpdate
07-10 00:48:00.017  6461  6461 D FaceWidgetPagesController: onTimeChanged()
07-10 00:48:00.080  6461  6461 D QSClockBellTower: He is ready to ring the bell. (((QSClockBellSound - TimeText:00:48, TimeContentDescription:00:48, DateText:Mon, 10 July, ShortDateText:Mon, 10 Jul, Demo:false, QuickStar-Second(false|12:34:56))))
07-10 00:48:00.080  6461  6461 D QSClockIndicatorView: Home Indicator status_bar_clock 00:48 notifyTimeChanged(QSClockBellSound - TimeText:00:48, TimeContentDescription:00:48, DateText:Mon, 10 July, ShortDateText:Mon, 10 Jul, Demo:false, QuickStar-Second(false|12:34:56)) ClockVisibleByPolicy:true, ClockVisibleByUser:true, visible?false, parent:android.widget.LinearLayout{503272 V.E...... ......I. 0,0-0,55 #7f0b04f0 app:id/left_clock_container}
07-10 00:48:00.081  6461  6461 D QSClockBellTower: Everyone heard the bell. run(currentTime:1688942880078,   getTime():Mon Jul 10 00:48:00 GMT+02:00 2023,   getTimeZone():libcore.util.ZoneInfo[mDstSavings=3600000,mUseDst=true,mDelegate=[id="Europe/Belgrade",mRawOffset=3600000,mEarliestRawOffset=4920000,transitions=119]])
07-10 00:48:00.086  6461  6461 I FaceWidgetPositionAlgorithm: getClockContainerHeight() supplier = 270, bottom margin = 0, real height = 333
07-10 00:48:00.086  6461  6461 I FaceWidgetPositionAlgorithm: getClockContainerHeight() supplier = 270, bottom margin = 63, real height = 333
07-10 00:48:00.087  6461  6461 I FaceWidgetPositionAlgorithm: getMediaContainerHeight() height = 0 container Visibility = 8, isValid = false, mIsDozing = false, fraction = 1.0, source = 0, target = 0
07-10 00:48:00.087  6461  6461 I FaceWidgetPositionAlgorithm: getMediaContainerHeight() supplier = 0
07-10 00:48:00.088  6461  6461 V QsExpandAnimator: setQsExpansionPosition 0.0
07-10 00:48:00.093  6461  6461 V QsExpandAnimator: updateAnimators
07-10 00:48:00.093  6461  6461 V QsExpandAnimator: clearAnimationState
07-10 00:48:00.094  6461  6461 V QsExpandAnimator: updateViews
07-10 00:48:00.096  6461  6461 V QsExpandAnimator: updateTileAnimator
07-10 00:48:00.098  6461  6461 V QsExpandAnimator: updateHeaderAnimator
07-10 00:48:00.099  6461  6461 V QsExpandAnimator: updateBarAnimator
07-10 00:48:00.099  6461  6461 V QsExpandAnimator: setQsExpansionPosition 0.0
07-10 00:48:00.099  6461  6461 V QsExpandAnimator: onAnimationAtStart
07-10 00:48:00.144  5674  7726 D SemWifiUsabilityStatsMonitor: onWifiUsabilityStats - seqNum 21188, isSameBssidAndFreq true
07-10 00:48:00.146  5674  6128 I SemWifiLinkQualityMonitor: Link Qos Query: 0.027 ms / 292.000 Mbps (292 / 0.000 / 1.000)
07-10 00:48:00.974  5674  6055 D ConnectivityService: reportNetworkActive, notify 0 listeners
07-10 00:48:03.194  5674  7726 D SemWifiUsabilityStatsMonitor: onWifiUsabilityStats - seqNum 21189, isSameBssidAndFreq true
07-10 00:48:03.198  6461  6461 D NetworkController.WifiSignalController: notifyListener: visible=true, connected=true, inetCondition=1, isDefault=true, wifiTestReported=true, receivedInetCondition=-1, hideDuringMobileSwitching=false
07-10 00:48:03.198  5674  6128 I SemWifiLinkQualityMonitor: Link Qos Query: 0.046 ms / 175.500 Mbps (351 / 0.000 / 2.000)
07-10 00:48:04.653  5674  6523 D PackageManager: setEnabledSetting : userId = 0 packageName = com.Slack cmp = androidx.work.impl.background.systemalarm.RescheduleReceiver newState = 1 callingPackage = 10329/com.Slack
07-10 00:48:04.655  5674  6523 D ApplicationPolicy: getApplicationStateEnabled : pkg = com.Slack userId : 0
07-10 00:48:04.657  5674  6523 D ApplicationPolicy: getApplicationComponentState : pkg = com.Slack userId : 0
07-10 00:48:04.677  5353  6075 V APM_AudioPolicyManager: setAppState(portId:1005, state:1)
07-10 00:48:04.678  5262  5262 E audit   : type=1400 audit(1688942884.673:69495): avc:  denied  { getattr } for  pid=5674 comm="BinderProcsColl" path="/sys/kernel/debug/binder/proc/5674" dev="debugfs" ino=32119 scontext=u:r:system_server:s0 tcontext=u:object_r:sec_debugfs:s0 tclass=file permissive=0 SEPF_SM-A515F_13_0001 audit_filtered
07-10 00:48:04.678  5262  5262 E audit   : type=1300 audit(1688942884.673:69495): arch=c00000b7 syscall=79 success=no exit=-13 a0=ffffff9c a1=7ad20c54f0 a2=79df9bd680 a3=0 items=0 ppid=5287 pid=5674 auid=4294967295 uid=1000 gid=1000 euid=1000 suid=1000 fsuid=1000 egid=1000 sgid=1000 fsgid=1000 tty=(none) ses=4294967295 comm="BinderProcsColl" exe="/system/bin/app_process64" subj=u:r:system_server:s0 key=(null)
07-10 00:48:04.679  5262  5262 E audit   : type=1327 audit(1688942884.673:69495): proctitle="system_server"
07-10 00:48:04.681  5674  5745 W libprocessgroup: Failed to open /dev/blkio//cgroup.procs: No such file or directory
07-10 00:48:04.702 15049 15209 D ConnectivityManager: StackLog: [android.net.ConnectivityManager.sendRequestForNetwork(ConnectivityManager.java:4300)] [android.net.ConnectivityManager.registerDefaultNetworkCallbackForUid(ConnectivityManager.java:4864)] [android.net.ConnectivityManager.registerDefaultNetworkCallback(ConnectivityManager.java:4831)] [android.net.ConnectivityManager.registerDefaultNetworkCallback(ConnectivityManager.java:4805)] [androidx.work.impl.utils.NetworkApi24.registerDefaultNetworkCallbackCompat(Unknown Source:11)] [androidx.work.impl.constraints.trackers.NetworkStateTracker24.startTracking(Unknown Source:15)] [androidx.work.impl.constraints.controllers.ConstraintController.replace(Unknown Source:130)] [androidx.work.impl.constraints.WorkConstraintsTrackerImpl.replace(Unknown Source:41)] [androidx.work.impl.background.greedy.GreedyScheduler.schedule(Unknown Source:302)] [androidx.work.impl.Schedulers.schedule(Unknown Source:155)] [androidx.work.impl.utils.EnqueueRunnable.run(Unknown Source:53)] [androidx.work.Worker$2.run$androidx$work$impl$utils$SerialExecutorImpl$Task(Unknown Source:4)] [androidx.work.Worker$2.run(Unknown Source:868)] [java.util.concurrent.ThreadPoolExecutor.runWorker(ThreadPoolExecutor.java:1137)] [java.util.concurrent.ThreadPoolExecutor$Worker.run(ThreadPoolExecutor.java:637)] [java.lang.Thread.run(Thread.java:1012)]
07-10 00:48:04.704  5674  6523 D ConnectivityService: requestNetwork for uid/pid:10329/15049 activeRequest: null callbackRequest: 16468 [NetworkRequest [ REQUEST id=16469, [ Capabilities: INTERNET&NOT_RESTRICTED&TRUSTED&NOT_VCN_MANAGED Uid: 10329 RequestorUid: 10329 RequestorPkg: com.Slack UnderlyingNetworks: Null] ]] callback flags: 0 order: 2147483647
07-10 00:48:04.705  5674  6055 D ConnectivityService:    accepting network in place of null
07-10 00:48:04.709  5674  6045 D WifiNetworkFactory: got request NetworkRequest [ REQUEST id=16469, [ Capabilities: INTERNET&NOT_RESTRICTED&TRUSTED&NOT_VCN_MANAGED Uid: 10329 RequestorUid: 10329 RequestorPkg: com.Slack UnderlyingNetworks: Null] ]
07-10 00:48:04.709  5674  6045 D UntrustedWifiNetworkFactory: got request NetworkRequest [ REQUEST id=16469, [ Capabilities: INTERNET&NOT_RESTRICTED&TRUSTED&NOT_VCN_MANAGED Uid: 10329 RequestorUid: 10329 RequestorPkg: com.Slack UnderlyingNetworks: Null] ]
07-10 00:48:04.709  5674  6045 D OemPaidWifiNetworkFactory: got request NetworkRequest [ REQUEST id=16469, [ Capabilities: INTERNET&NOT_RESTRICTED&TRUSTED&NOT_VCN_MANAGED Uid: 10329 RequestorUid: 10329 RequestorPkg: com.Slack UnderlyingNetworks: Null] ]
07-10 00:48:04.711  5674  6045 D MultiInternetWifiNetworkFactory: got request NetworkRequest [ REQUEST id=16469, [ Capabilities: INTERNET&NOT_RESTRICTED&TRUSTED&NOT_VCN_MANAGED Uid: 10329 RequestorUid: 10329 RequestorPkg: com.Slack UnderlyingNetworks: Null] ]
07-10 00:48:04.718  5674  6055 D ConnectivityService: Rematched networks [computed 0ms] [applied 1ms] [issued 11]
07-10 00:48:04.719  5674  6055 D ConnectivityService: NetworkReassignment :
07-10 00:48:04.719  5674  6055 D ConnectivityService:   16469 : null → 118
07-10 00:48:04.726 15049 15049 D ConnectivityManager: StackLog: [android.net.ConnectivityManager.unregisterNetworkCallback(ConnectivityManager.java:4972)] [androidx.work.impl.utils.NetworkApi21.unregisterNetworkCallbackCompat(Unknown Source:11)] [androidx.work.impl.constraints.trackers.NetworkStateTracker24.stopTracking(Unknown Source:15)] [androidx.work.impl.constraints.trackers.ConstraintTracker.removeListener(Unknown Source:24)] [androidx.work.impl.constraints.controllers.ConstraintController.replace(Unknown Source:81)] [androidx.work.impl.constraints.WorkConstraintsTrackerImpl.replace(Unknown Source:41)] [androidx.work.impl.background.greedy.GreedyScheduler.onExecuted(Unknown Source:55)] [androidx.work.impl.Processor.onExecuted(Unknown Source:59)] [com.bugsnag.android.DeliveryDelegate$1.run(Unknown Source:212)]
07-10 00:48:04.728  5674  6055 D ConnectivityService:  Removing from current network [118 WIFI], leaving 152 requests.
07-10 00:48:04.736  5353  6075 V APM_AudioPolicyManager: setAppState(portId:1005, state:1)
07-10 00:48:04.738  5353  6075 V APM_AudioPolicyManager: setAppState(portId:1005, state:1)
07-10 00:48:06.255  5674  7726 D SemWifiUsabilityStatsMonitor: onWifiUsabilityStats - seqNum 21190, isSameBssidAndFreq true
07-10 00:48:06.258  5674  6128 I SemWifiLinkQualityMonitor: Link Qos Query: 0.046 ms / 175.500 Mbps (351 / 0.000 / 2.000)
07-10 00:48:06.259  6461  6461 D NetworkController.WifiSignalController: notifyListener: visible=true, connected=true, inetCondition=1, isDefault=true, wifiTestReported=true, receivedInetCondition=-1, hideDuringMobileSwitching=false
07-10 00:48:06.698  5674  6112 I ChimeraAggressivePolicyHandler: executePolicy() - triggerSource: TRIGGER_SOURCE_LMKD
07-10 00:48:06.700  5674  6112 I ChimeraAggressivePolicyHandler: available memory: 952616, free memory target: 870400, quit chimera
07-10 00:48:06.843  4378  4378 I lmkd    : cached 1, sandbox(not0) 0
07-10 00:48:06.847  4378  4378 I lmkd    : Reclaim 'com.sec.android.app.shealth' (13726), uid 10256, oom_score_adj 999, state 19 to free 56808kB rss, 29624kb swap
07-10 00:48:06.848  4378  4378 I lmkd    : Reclaimed 86432kB at oom_score_adj 850
07-10 00:48:06.893  5306  5306 I SensorsHub: batch: handle=17 period=1000000 timeout=0
07-10 00:48:06.894  5674  9951 D SensorService: Calling activate off
07-10 00:48:06.896  5674  5743 I libprocessgroup: Successfully killed process cgroup uid 10256 pid 13726 in 0ms
07-10 00:48:06.901  5287  5287 I Zygote  : Process 13726 exited due to signal 9 (Killed)
07-10 00:48:09.307  5674  7726 D SemWifiUsabilityStatsMonitor: onWifiUsabilityStats - seqNum 21191, isSameBssidAndFreq true
07-10 00:48:09.309  5674  6128 I SemWifiLinkQualityMonitor: Link Qos Query: 0.046 ms / 175.500 Mbps (351 / 0.000 / 2.000)
07-10 00:48:09.988  6461  6566 D MobileStatusTracker(0/1): onSignalStrengthsChanged level=2, vendorLevel=1
07-10 00:48:09.991  6461  6566 D MobileSignalController(0/1): notifyListener: enabled=true, connected=true, dataConnected=false, networkType=LTE (4G), emergencyOnly=false, roaming=true, isDefault=false, dataActivity=, level=1, ca=false, mmWave=false, disabledDataIcon=false, simCard=ETC
07-10 00:48:09.993  6461  6566 D NetworkController: SignalStrength from intent slotId=0
07-10 00:48:11.090 11611 11645 D Benchmark: timeNs[ 0:10]: 157042 150463 147240 155634 143697 149650 148798 154326 161812 157423
07-10 00:48:11.090 11611 11645 D Benchmark: timeNs[10:20]: 152419 152899 172751 156416 166842 161747 147364 153908 154110 156894
07-10 00:48:11.090 11611 11645 D Benchmark: timeNs[20:30]: 159211 155849 150294 162211 165087 155270 160729 158351 153784 154823
07-10 00:48:11.090 11611 11645 D Benchmark: timeNs[30:40]: 162793 149582 147417 155653 164633 165053 158392 153321 151501 148997
07-10 00:48:11.090 11611 11645 D Benchmark: timeNs[40:50]: 157004 151225 155389 149695 150596 171788 168477 166552 158984 158438
07-10 00:48:11.819 11611 11645 W _benchmark.test: Suspending all threads took: 5.616ms
07-10 00:48:11.821 11611 11645 D Benchmark: allocationCount[ 0:10]: 1880 1880 1880 1880 1880
07-10 00:48:11.822 11611 11645 D Benchmark: Set 11645 (Bench thread) to priority -8. Was -20, now -8
07-10 00:48:11.822 11611 11645 D Benchmark: Set 11624 (Jit) to priority 9. Was -15, now 9
07-10 00:48:11.822 11611 11645 D Benchmark: Warmup: t=4.367, iter=24902, fastAvg=167021, slowAvg=171651
07-10 00:48:11.822 11611 11645 I PerfettoCapture: Stopping perfetto.
07-10 00:48:11.860 16491 16491 I perfetto:    perfetto_cmd.cc:1168 SIGINT/SIGTERM received: disabling tracing.
07-10 00:48:11.866 11611 11645 D Benchmark: kill -TERM command output -
07-10 00:48:11.871  5424  5424 I perfetto:  probes_producer.cc:396 Producer stop (id=1181)
07-10 00:48:11.875  5424  5424 I perfetto:    ftrace_procfs.cc:342 disabled ftrace in /sys/kernel/tracing/
07-10 00:48:11.936  4380  4380 I hwservicemanager: getTransport: Cannot find entry android.hardware.atrace@1.0::IAtraceDevice/default in either framework or device VINTF manifest.
07-10 00:48:11.944  5424  5424 I perfetto:  probes_producer.cc:396 Producer stop (id=1182)
07-10 00:48:11.945  5424  5424 I perfetto:  probes_producer.cc:396 Producer stop (id=1183)
07-10 00:48:12.082 16491 16491 I perfetto:    perfetto_cmd.cc:1124 Trace written into the output file
07-10 00:48:12.100  5436  5436 I perfetto: ng_service_impl.cc:2426 Tracing session 296 ended, total sessions:0
07-10 00:48:12.374  5674  7726 D SemWifiUsabilityStatsMonitor: onWifiUsabilityStats - seqNum 21192, isSameBssidAndFreq true
07-10 00:48:12.382  5674  6128 I SemWifiLinkQualityMonitor: Link Qos Query: 0.082 ms / 97.333 Mbps (292 / 0.000 / 3.000)
07-10 00:48:12.384  6461  6461 D NetworkController.WifiSignalController: notifyListener: visible=true, connected=true, inetCondition=1, isDefault=true, wifiTestReported=true, receivedInetCondition=-1, hideDuringMobileSwitching=false
07-10 00:48:12.491 11611 11645 D Benchmark: Waiting 500 ms for [ProcessPid(processName=perfetto, pid=16491)] to die
07-10 00:48:12.616 11611 11645 I PerfettoCapture: Writing to /storage/emulated/0/Android/data/org.jetbrains.android_benchmark.test/cache/AckermannBenchmark_valueOnlyBodiesDouble_2023-07-09-22-48-11.perfetto-trace.
07-10 00:48:13.146  4378  4378 I lmkd    : 3(delay), 0(swap), 0(freelimit), 0(reentrymode) memory pressure events were skipped after a kill!
07-10 00:48:13.149  5674  6112 I ChimeraAggressivePolicyHandler: executePolicy() - triggerSource: TRIGGER_SOURCE_LMKD
07-10 00:48:13.151  5674  6112 I ChimeraAggressivePolicyHandler: available memory: 1054136, free memory target: 870400, quit chimera
07-10 00:48:13.195 11611 11645 D Benchmark: Copying /storage/emulated/0/Android/data/org.jetbrains.android_benchmark.test/cache/AckermannBenchmark_valueOnlyBodiesDouble_2023-07-09-22-48-11.perfetto-trace to /sdcard/Android/media/org.jetbrains.android_benchmark.test/additional_test_output/AckermannBenchmark_valueOnlyBodiesDouble_2023-07-09-22-48-11.perfetto-trace
07-10 00:48:13.230  9843 16126 W MediaProvider: isAppCloneUserPair for user 0: false
07-10 00:48:13.305  5674  6523 D SyncManager: userId - 0 auto - true
07-10 00:48:13.414  5674  5745 W libprocessgroup: Failed to open /dev/blkio//cgroup.procs: No such file or directory
07-10 00:48:13.424 16924 14903 I NetworkScheduler.Stats: (REDACTED) Task %s/%s started execution. cause:%s exec_start_elapsed_seconds: %s
07-10 00:48:13.441 16924 16461 I NetworkScheduler.Stats: (REDACTED) Task %s/%s finished executing. cause:%s result: %s elapsed_millis: %s uptime_millis: %s exec_start_elapsed_seconds: %s
07-10 00:48:13.695  5674  5674 D SemWifiP2pGoPowerSave: GopsReceiver : received : com.samsung.intent.action.CHECK_SIOP_LEVEL
07-10 00:48:13.695  5674  5674 I SemWifiP2pGoPowerSave: siop_level = 0
07-10 00:48:13.699 31802 32077 I SystemBroadcastReceiver: [#CMH#] onReceive completed :  0
07-10 00:48:13.700 31802 31802 I PolicyManager: [#CMH#] onReceive action = EVENT_SIOP
07-10 00:48:13.719  9843 10427 I FuseDaemon: Threshold exceeded - fadvising 67129344
07-10 00:48:13.719  9843 10427 I FuseDaemon: Threshold now 0
07-10 00:48:13.804 11611 11645 I Benchmark: AckermannBenchmark.valueOnlyBodiesDouble[Metric (timeNs) results: median 155643.8127090301, min 143697.32441471572, max 172751.80100334447, standardDeviation: 6609.480574582045, Metric (allocationCount) results: median 1880.0033444816054, min 1880.0016722408027, max 1880.005016722408, standardDeviation: 0.0013990970343506438]count=598
07-10 00:48:13.807 11611 11645 D Benchmark: writing results to /storage/emulated/0/Android/data/org.jetbrains.android_benchmark.test/cache/org.jetbrains.android_benchmark.test-benchmarkData.json
07-10 00:48:13.812 11611 11645 D Benchmark: Copying /storage/emulated/0/Android/data/org.jetbrains.android_benchmark.test/cache/org.jetbrains.android_benchmark.test-benchmarkData.json to /sdcard/Android/media/org.jetbrains.android_benchmark.test/additional_test_output/org.jetbrains.android_benchmark.test-benchmarkData.json
07-10 00:48:13.813  5674  5745 W libprocessgroup: Failed to open /dev/blkio//cgroup.procs: No such file or directory
07-10 00:48:13.814  5353  6075 V APM_AudioPolicyManager: setAppState(portId:1005, state:1)
07-10 00:48:13.835 10639 10639 I SCS@AiSearch user 0: (ObserverWorker::AOSP_MP) [main] entering in startWork():
07-10 00:48:13.836 10639 10639 I SCS@AiSearch user 0: (BaseCollector::AOSP_MP) [main] entering in onChange():
07-10 00:48:13.836 10639 10825 I SCS@AiSearch user 0: (BaseCollector::AOSP_MP) [AOSP_MP-0] entering in collectChanges():
07-10 00:48:13.841  5674  9919 D PackageManager: setEnabledSetting : userId = 0 packageName = com.samsung.android.scs cmp = androidx.work.impl.background.systemalarm.RescheduleReceiver newState = 1 callingPackage = 10380/com.samsung.android.scs
07-10 00:48:13.843  5674  9919 D ApplicationPolicy: getApplicationStateEnabled : pkg = com.samsung.android.scs userId : 0
07-10 00:48:13.844  5674  9919 D ApplicationPolicy: getApplicationComponentState : pkg = com.samsung.android.scs userId : 0
07-10 00:48:13.850  9843 16701 I MediaProvider: Deleted 0 0 0 0 0 0 0 items on external_primary due to org.jetbrains.android_benchmark.test
07-10 00:48:13.868 11611 11645 I TestRunner: finished: valueOnlyBodiesDouble(org.jetbrains.android_benchmark.AckermannBenchmark)
