07-10 00:55:46.875 11611 11645 I TestRunner: started: valueDouble(org.jetbrains.android_benchmark.Wolf3dBenchmark)
07-10 00:55:46.880 11611 11611 I MonitoringInstr: Activities that are still in CREATED to STOPPED: 1
07-10 00:55:46.880 11611 11611 I MonitoringInstr: Finishing activity: androidx.benchmark.IsolationActivity@c9a4959
07-10 00:55:46.890 11611 11645 I GrantPermissionCallable: Permission: android.permission.WRITE_EXTERNAL_STORAGE is already granted!
07-10 00:55:46.891 11611 11645 I GrantPermissionCallable: Permission: android.permission.READ_EXTERNAL_STORAGE is already granted!
07-10 00:55:46.891 11611 11645 D Benchmark: -- Running org.jetbrains.android_benchmark.Wolf3dBenchmark#valueDouble --
07-10 00:55:46.892 11611 11645 D PerfettoCapture: Supported ABIs: arm64-v8a, armeabi-v7a, armeabi
07-10 00:55:46.892 11611 11645 D PerfettoCapture: Recording perfetto trace
07-10 00:55:46.903  5353  6075 V APM_AudioPolicyManager: setAppState(portId:1005, state:1)
07-10 00:55:46.905  5674  5745 W libprocessgroup: Failed to open /dev/blkio//cgroup.procs: No such file or directory
07-10 00:55:46.931 10639 10639 I SCS@AiSearch user 0: (ObserverWorker::AOSP_MP) [main] entering in startWork():
07-10 00:55:46.932 10639 10639 I SCS@AiSearch user 0: (BaseCollector::AOSP_MP) [main] entering in onChange():
07-10 00:55:46.932 10639 10825 I SCS@AiSearch user 0: (BaseCollector::AOSP_MP) [AOSP_MP-0] entering in collectChanges():
07-10 00:55:46.937 11611 11645 I PerfettoCapture: Cleanup perfetto before starting.
07-10 00:55:46.946  5674  9681 D PackageManager: setEnabledSetting : userId = 0 packageName = com.samsung.android.scs cmp = androidx.work.impl.background.systemalarm.RescheduleReceiver newState = 1 callingPackage = 10380/com.samsung.android.scs
07-10 00:55:46.948  5674  9681 D ApplicationPolicy: getApplicationStateEnabled : pkg = com.samsung.android.scs userId : 0
07-10 00:55:46.950  5674  9681 D ApplicationPolicy: getApplicationComponentState : pkg = com.samsung.android.scs userId : 0
07-10 00:55:47.095 11611 11645 I PerfettoCapture: Perfetto output file cleanup -
07-10 00:55:47.096 11611 11645 I PerfettoCapture: Starting perfetto tracing with cmd: cat /storage/emulated/0/Android/data/org.jetbrains.android_benchmark.test/cache/trace_config.pb | perfetto --background -c - -o /data/misc/perfetto-traces/trace_output.pb
07-10 00:55:47.096 10639 10825 I SCS@AiSearch user 0: (BaseCollector::AOSP_MP) fetchInternal values : maxSyncId: 1000028446 indexCount: 19466 sourceCount: 19466
07-10 00:55:47.234 10639 10825 I SCS@AiSearch user 0: (IndexManager) [AOSP_MP-0] entering in addIndex():
07-10 00:55:47.240 10639 10825 I SCS@AiSearch user 0: (BaseCollector::AOSP_MP) fetch: fetching took  218 ms
07-10 00:55:47.240 10639 10825 I SCS@AiSearch user 0: (BaseCollector::AOSP_MP) fetchChanges: applied 0 items
07-10 00:55:47.241 10639 10825 I SCS@AiSearch user 0: (BaseCollector::AOSP_MP) Collect finished. Result: true
07-10 00:55:47.243 10639 10825 I SCS@AiSearch user 0: (BaseCollector::AOSP_MP) enqueue ObserverWorker name: com.sec.android.app.myfiles, policy: APPEND_OR_REPLACE
07-10 00:55:47.245 10639 10782 I WM-WorkerWrapper: Worker result SUCCESS for Work [ id=d80d9584-a18c-4544-9370-1d6d61e80f51, tags={ com.sec.android.app.myfiles, com.samsung.android.scs.ai.search.data.collector.ObserverWorker } ]
07-10 00:55:47.247 19150 19150 I perfetto:    perfetto_cmd.cc:1001 Connected to the Perfetto traced service, starting tracing
07-10 00:55:47.250  5436  5436 I perfetto: ing_service_impl.cc:953 Configured tracing session 318, #sources:4, duration:0 ms, #buffers:2, total buffer size:36864 KB, total sessions:1, uid:2000 session name: ""
07-10 00:55:47.252  5424  5424 I perfetto:  probes_producer.cc:139 Ftrace setup (target_buf=635)
07-10 00:55:47.264  5353  6075 V APM_AudioPolicyManager: setAppState(portId:1005, state:1)
07-10 00:55:47.274  5353  6075 V APM_AudioPolicyManager: setAppState(portId:1005, state:1)
07-10 00:55:47.282 11611 11645 I PerfettoCapture: Perfetto output - 19150
07-10 00:55:47.282 11611 11645 I PerfettoCapture: EXITCODE=0
07-10 00:55:47.327  4380  4380 I hwservicemanager: getTransport: Cannot find entry android.hardware.atrace@1.0::IAtraceDevice/default in either framework or device VINTF manifest.
07-10 00:55:47.349  5424  5424 I perfetto:    ftrace_procfs.cc:335 enabled ftrace in /sys/kernel/tracing/
07-10 00:55:47.367  5674  6593 D PackageManager: setEnabledSetting : userId = 0 packageName = com.samsung.android.scs cmp = androidx.work.impl.background.systemalarm.RescheduleReceiver newState = 1 callingPackage = 10380/com.samsung.android.scs
07-10 00:55:47.370  5674  6593 D ApplicationPolicy: getApplicationStateEnabled : pkg = com.samsung.android.scs userId : 0
07-10 00:55:47.372  5674  6593 D ApplicationPolicy: getApplicationComponentState : pkg = com.samsung.android.scs userId : 0
07-10 00:55:47.409 11611 11645 I PerfettoCapture: Perfetto tracing started successfully with pid 19150.
07-10 00:55:47.493 11611 11645 I PerfettoCapture: /sys/kernel/tracing/tracing_on = 1, polled 0 times, capture fully started
07-10 00:55:47.494 11611 11645 D Benchmark: Set 11645 (Bench thread) to priority -20. Was -8, now -20
07-10 00:55:47.494 11611 11645 D Benchmark: Set 11624 (Jit) to priority -15. Was 9, now -15
07-10 00:55:47.526 11611 11645 I _benchmark.test: Explicit concurrent copying GC freed 264212(4677KB) AllocSpace objects, 1(20KB) LOS objects, 67% free, 2996KB/9140KB, paused 299us,56us total 31.372ms
07-10 00:55:48.846  5674  7726 D SemWifiUsabilityStatsMonitor: onWifiUsabilityStats - seqNum 21342, isSameBssidAndFreq true
07-10 00:55:48.851  6461  6461 D NetworkController.WifiSignalController: notifyListener: visible=true, connected=true, inetCondition=1, isDefault=true, wifiTestReported=true, receivedInetCondition=-1, hideDuringMobileSwitching=false
07-10 00:55:48.851  5674  6128 I SemWifiLinkQualityMonitor: Link Qos Query: 0.030 ms / 263.250 Mbps (351 / 0.000 / 1.333)
07-10 00:55:51.895  5674  7726 D SemWifiUsabilityStatsMonitor: onWifiUsabilityStats - seqNum 21343, isSameBssidAndFreq true
07-10 00:55:51.899  5674  6128 I SemWifiLinkQualityMonitor: Link Qos Query: 0.021 ms / 390.000 Mbps (390 / 0.000 / 1.000)
07-10 00:55:51.899  6461  6461 D NetworkController.WifiSignalController: notifyListener: visible=true, connected=true, inetCondition=1, isDefault=true, wifiTestReported=true, receivedInetCondition=-1, hideDuringMobileSwitching=false
07-10 00:55:54.010  5674 19171 D TrafficStats: tagSocket(950) with statsTag=0xffffffff, statsUid=-1
07-10 00:55:54.216  5674 19171 D WifiConnectivityMonitor.DnsThread:  [|206]
07-10 00:55:54.216  5674  6182 D WifiConnectivityMonitor.NetworkStatsAnalyzer: DNS resultType : 0, responseTime : 206
07-10 00:55:54.217  5674  6164 D OpenNetworkQos[4.00]: updateBssidLatestDnsResultType - result: 0
07-10 00:55:54.217  5674  6164 D OpenNetworkQos[4.00]: updateBssidNoInternet: mBssidNoInternet = false
07-10 00:55:54.217  5674  6164 D OpenNetworkQos[4.00]: getOpenNetworkQosNoInternetStatus: false
07-10 00:55:54.217  5674  6164 D OpenNetworkQos[4.00]: getOpenNetworkQosScores: 26 26 26
07-10 00:55:54.218  5674  6164 I WifiProfileShare: network QoS data was changed (internet), updateQoSData networkType: true, qosData: false
07-10 00:55:54.218  5674  7451 V WifiProfileShare.Caster: update wips network, size: 0
07-10 00:55:54.219  5674  7451 D WifiProfileShare: nearby scanning settings run
07-10 00:55:54.219  5674  7451 D WifiProfileShare: network score provider settings enabled
07-10 00:55:54.219  5674  7451 D OpenNetworkQos[4.00]: getOpenNetworkQosScores: 26 26 26
07-10 00:55:54.219  5674  7451 D OpenNetworkQos[4.00]: getOpenNetworkQosNoInternetStatus: false
07-10 00:55:54.219  5674  7451 I WifiProfileShare.Caster: current network type: 0, score: [26, 26, 26]
07-10 00:55:54.220  5674  7451 V WifiProfileShare.Cache: update network score 00:e4:06:**:**:90
07-10 00:55:54.220  5674  7451 D WifiProfileShare.ScanMatcher: getMcfDataList size:2
07-10 00:55:54.221  5674  7451 I WifiProfileShare.Caster: qos data was updated , before:type:QOS, pBssid:51:2e:90, qosData:7c after:type:QOS, pBssid:51:2e:90, qosData:7c
07-10 00:55:54.223  5674  7451 I [MCFSDK_android_1.2.4010]_4_b: isNetworkEnabled - type : 1 ret : true
07-10 00:55:54.223  5674  7451 D WifiProfileShare.McfCast: -ME--- mIsNetworkEnabled :true
07-10 00:55:54.223  5674  7451 D WifiProfileShare.McfCast: updateQoSData ignored, same contents
07-10 00:55:54.223  5674  7451 D WifiProfileShare.MCF: success update QosData !
07-10 00:55:54.224  5674  7451 I [MCFSDK_android_1.2.4010]_4_b: isNetworkEnabled - type : 1 ret : true
07-10 00:55:54.224  5674  7451 D WifiProfileShare.McfCast: -ME--- mIsNetworkEnabled :true
07-10 00:55:54.224  5674  7451 D WifiProfileShare.McfCast: -ME--- updatePasswordDate pwdData size:2
07-10 00:55:54.939  5674  7726 D SemWifiUsabilityStatsMonitor: onWifiUsabilityStats - seqNum 21344, isSameBssidAndFreq true
07-10 00:55:54.941  5674  6128 I SemWifiLinkQualityMonitor: Link Qos Query: 0.041 ms / 195.000 Mbps (390 / 0.000 / 2.000)
07-10 00:55:56.406  5353  6075 V APM_AudioPolicyManager: setAppState(portId:1005, state:1)
07-10 00:55:56.409  5674  5745 W libprocessgroup: Failed to open /dev/blkio//cgroup.procs: No such file or directory
07-10 00:55:56.430  5674  5745 W libprocessgroup: Failed to open /dev/blkio//cgroup.procs: No such file or directory
07-10 00:55:56.431  5353  6075 V APM_AudioPolicyManager: setAppState(portId:1005, state:1)
07-10 00:55:56.472  5353  6075 V APM_AudioPolicyManager: setAppState(portId:1005, state:1)
07-10 00:55:56.484  5353  6075 V APM_AudioPolicyManager: setAppState(portId:1005, state:1)
07-10 00:55:56.496  5353  6075 V APM_AudioPolicyManager: setAppState(portId:1005, state:1)
07-10 00:55:56.500  5353  6075 V APM_AudioPolicyManager: setAppState(portId:1005, state:1)
07-10 00:55:56.990 31135 32652 I native  : I0000 00:00:1688943356.989951   32652 soda_async_impl.cc:1540] Current audio timestamp: 1688943356620242
07-10 00:55:57.093  5362  5362 I SurfaceFlinger: SFWD update time=133606463673783
07-10 00:55:57.975  5674  7726 D SemWifiUsabilityStatsMonitor: onWifiUsabilityStats - seqNum 21345, isSameBssidAndFreq true
07-10 00:55:57.977  5674  6128 I SemWifiLinkQualityMonitor: Link Qos Query: 0.041 ms / 195.000 Mbps (390 / 0.000 / 2.000)
07-10 00:55:57.977  6461  6461 D NetworkController.WifiSignalController: notifyListener: visible=true, connected=true, inetCondition=1, isDefault=true, wifiTestReported=true, receivedInetCondition=-1, hideDuringMobileSwitching=false
07-10 00:55:58.178 31135 31447 I A       : (REDACTED) #onAudioData: %s bytes, getAudioReadSize %s
07-10 00:55:58.871 29789 19179 I GmscoreIpa: Starting mediastore instant index [CONTEXT service_id=255 ]
07-10 00:55:59.637  5325  5325 E sehhealth-service: Could not open /sys/class/power_supply/battery/lrp
07-10 00:56:00.008  6461  6461 D KeyguardUpdateMonitor: received broadcast android.intent.action.TIME_TICK
07-10 00:56:00.009  6461  7078 D QSClockBellTower: onReceive(android.intent.action.TIME_TICK) mTimeZoneString:null
07-10 00:56:00.009  6461  6461 D KeyguardUpdateMonitor: handleTimeUpdate
07-10 00:56:00.015  6461  6461 D FaceWidgetPagesController: onTimeChanged()
07-10 00:56:00.021  6461  6461 D QSClockBellTower: He is ready to ring the bell. (((QSClockBellSound - TimeText:00:56, TimeContentDescription:00:56, DateText:Mon, 10 July, ShortDateText:Mon, 10 Jul, Demo:false, QuickStar-Second(false|12:34:56))))
07-10 00:56:00.023  6461  6461 D QSClockIndicatorView: Home Indicator status_bar_clock 00:56 notifyTimeChanged(QSClockBellSound - TimeText:00:56, TimeContentDescription:00:56, DateText:Mon, 10 July, ShortDateText:Mon, 10 Jul, Demo:false, QuickStar-Second(false|12:34:56)) ClockVisibleByPolicy:true, ClockVisibleByUser:true, visible?false, parent:android.widget.LinearLayout{503272 V.E...... ......I. 0,0-0,55 #7f0b04f0 app:id/left_clock_container}
07-10 00:56:00.024  6461  6461 D QSClockBellTower: Everyone heard the bell. run(currentTime:1688943360016,   getTime():Mon Jul 10 00:56:00 GMT+02:00 2023,   getTimeZone():libcore.util.ZoneInfo[mDstSavings=3600000,mUseDst=true,mDelegate=[id="Europe/Belgrade",mRawOffset=3600000,mEarliestRawOffset=4920000,transitions=119]])
07-10 00:56:00.090  6461  6461 I FaceWidgetPositionAlgorithm: getClockContainerHeight() supplier = 270, bottom margin = 0, real height = 333
07-10 00:56:00.090  6461  6461 I FaceWidgetPositionAlgorithm: getClockContainerHeight() supplier = 270, bottom margin = 63, real height = 333
07-10 00:56:00.090  6461  6461 I FaceWidgetPositionAlgorithm: getMediaContainerHeight() height = 0 container Visibility = 8, isValid = false, mIsDozing = false, fraction = 1.0, source = 0, target = 0
07-10 00:56:00.090  6461  6461 I FaceWidgetPositionAlgorithm: getMediaContainerHeight() supplier = 0
07-10 00:56:00.091  6461  6461 V QsExpandAnimator: setQsExpansionPosition 0.0
07-10 00:56:00.096  6461  6461 V QsExpandAnimator: updateAnimators
07-10 00:56:00.096  6461  6461 V QsExpandAnimator: clearAnimationState
07-10 00:56:00.097  6461  6461 V QsExpandAnimator: updateViews
07-10 00:56:00.098  6461  6461 V QsExpandAnimator: updateTileAnimator
07-10 00:56:00.099  6461  6461 V QsExpandAnimator: updateHeaderAnimator
07-10 00:56:00.099  6461  6461 V QsExpandAnimator: updateBarAnimator
07-10 00:56:00.099  6461  6461 V QsExpandAnimator: setQsExpansionPosition 0.0
07-10 00:56:00.099  6461  6461 V QsExpandAnimator: onAnimationAtStart
07-10 00:56:01.019  5674  7726 D SemWifiUsabilityStatsMonitor: onWifiUsabilityStats - seqNum 21346, isSameBssidAndFreq true
07-10 00:56:01.021  5674  6128 I SemWifiLinkQualityMonitor: Link Qos Query: 0.055 ms / 146.000 Mbps (292 / 0.000 / 2.000)
07-10 00:56:01.022  6461  6461 D NetworkController.WifiSignalController: notifyListener: visible=true, connected=true, inetCondition=1, isDefault=true, wifiTestReported=true, receivedInetCondition=-1, hideDuringMobileSwitching=false
07-10 00:56:04.071  5674  7726 D SemWifiUsabilityStatsMonitor: onWifiUsabilityStats - seqNum 21347, isSameBssidAndFreq true
07-10 00:56:04.076  5674  6128 I SemWifiLinkQualityMonitor: Link Qos Query: 0.055 ms / 146.000 Mbps (292 / 0.000 / 2.000)
07-10 00:56:04.076  6461  6461 D NetworkController.WifiSignalController: notifyListener: visible=true, connected=true, inetCondition=1, isDefault=true, wifiTestReported=true, receivedInetCondition=-1, hideDuringMobileSwitching=false
07-10 00:56:04.665  5674  9951 D PackageManager: setEnabledSetting : userId = 0 packageName = com.Slack cmp = androidx.work.impl.background.systemalarm.RescheduleReceiver newState = 1 callingPackage = 10329/com.Slack
07-10 00:56:04.666  5674  9951 D ApplicationPolicy: getApplicationStateEnabled : pkg = com.Slack userId : 0
07-10 00:56:04.668  5674  9951 D ApplicationPolicy: getApplicationComponentState : pkg = com.Slack userId : 0
07-10 00:56:04.694  5353  6075 V APM_AudioPolicyManager: setAppState(portId:1005, state:1)
07-10 00:56:04.695  5674  5745 W libprocessgroup: Failed to open /dev/blkio//cgroup.procs: No such file or directory
07-10 00:56:04.717 15049 15246 D ConnectivityManager: StackLog: [android.net.ConnectivityManager.sendRequestForNetwork(ConnectivityManager.java:4300)] [android.net.ConnectivityManager.registerDefaultNetworkCallbackForUid(ConnectivityManager.java:4864)] [android.net.ConnectivityManager.registerDefaultNetworkCallback(ConnectivityManager.java:4831)] [android.net.ConnectivityManager.registerDefaultNetworkCallback(ConnectivityManager.java:4805)] [androidx.work.impl.utils.NetworkApi24.registerDefaultNetworkCallbackCompat(Unknown Source:11)] [androidx.work.impl.constraints.trackers.NetworkStateTracker24.startTracking(Unknown Source:15)] [androidx.work.impl.constraints.controllers.ConstraintController.replace(Unknown Source:130)] [androidx.work.impl.constraints.WorkConstraintsTrackerImpl.replace(Unknown Source:41)] [androidx.work.impl.background.greedy.GreedyScheduler.schedule(Unknown Source:302)] [androidx.work.impl.Schedulers.schedule(Unknown Source:155)] [androidx.work.impl.utils.EnqueueRunnable.run(Unknown Source:53)] [androidx.work.Worker$2.run$androidx$work$impl$utils$SerialExecutorImpl$Task(Unknown Source:4)] [androidx.work.Worker$2.run(Unknown Source:868)] [java.util.concurrent.ThreadPoolExecutor.runWorker(ThreadPoolExecutor.java:1137)] [java.util.concurrent.ThreadPoolExecutor$Worker.run(ThreadPoolExecutor.java:637)] [java.lang.Thread.run(Thread.java:1012)]
07-10 00:56:04.720  5674  9951 D ConnectivityService: requestNetwork for uid/pid:10329/15049 activeRequest: null callbackRequest: 16506 [NetworkRequest [ REQUEST id=16507, [ Capabilities: INTERNET&NOT_RESTRICTED&TRUSTED&NOT_VCN_MANAGED Uid: 10329 RequestorUid: 10329 RequestorPkg: com.Slack UnderlyingNetworks: Null] ]] callback flags: 0 order: 2147483647
07-10 00:56:04.721  5674  6055 D ConnectivityService:    accepting network in place of null
07-10 00:56:04.723  5674  6045 D WifiNetworkFactory: got request NetworkRequest [ REQUEST id=16507, [ Capabilities: INTERNET&NOT_RESTRICTED&TRUSTED&NOT_VCN_MANAGED Uid: 10329 RequestorUid: 10329 RequestorPkg: com.Slack UnderlyingNetworks: Null] ]
07-10 00:56:04.724  5674  6045 D UntrustedWifiNetworkFactory: got request NetworkRequest [ REQUEST id=16507, [ Capabilities: INTERNET&NOT_RESTRICTED&TRUSTED&NOT_VCN_MANAGED Uid: 10329 RequestorUid: 10329 RequestorPkg: com.Slack UnderlyingNetworks: Null] ]
07-10 00:56:04.724  5674  6045 D OemPaidWifiNetworkFactory: got request NetworkRequest [ REQUEST id=16507, [ Capabilities: INTERNET&NOT_RESTRICTED&TRUSTED&NOT_VCN_MANAGED Uid: 10329 RequestorUid: 10329 RequestorPkg: com.Slack UnderlyingNetworks: Null] ]
07-10 00:56:04.724  5674  6045 D MultiInternetWifiNetworkFactory: got request NetworkRequest [ REQUEST id=16507, [ Capabilities: INTERNET&NOT_RESTRICTED&TRUSTED&NOT_VCN_MANAGED Uid: 10329 RequestorUid: 10329 RequestorPkg: com.Slack UnderlyingNetworks: Null] ]
07-10 00:56:04.726  5674  6055 D ConnectivityService: Rematched networks [computed 0ms] [applied 1ms] [issued 4]
07-10 00:56:04.726  5674  6055 D ConnectivityService: NetworkReassignment :
07-10 00:56:04.726  5674  6055 D ConnectivityService:   16507 : null → 118
07-10 00:56:04.741 15049 15049 D ConnectivityManager: StackLog: [android.net.ConnectivityManager.unregisterNetworkCallback(ConnectivityManager.java:4972)] [androidx.work.impl.utils.NetworkApi21.unregisterNetworkCallbackCompat(Unknown Source:11)] [androidx.work.impl.constraints.trackers.NetworkStateTracker24.stopTracking(Unknown Source:15)] [androidx.work.impl.constraints.trackers.ConstraintTracker.removeListener(Unknown Source:24)] [androidx.work.impl.constraints.controllers.ConstraintController.replace(Unknown Source:81)] [androidx.work.impl.constraints.WorkConstraintsTrackerImpl.replace(Unknown Source:41)] [androidx.work.impl.background.greedy.GreedyScheduler.onExecuted(Unknown Source:55)] [androidx.work.impl.Processor.onExecuted(Unknown Source:59)] [com.bugsnag.android.DeliveryDelegate$1.run(Unknown Source:212)]
07-10 00:56:04.743  5674  6055 D ConnectivityService:  Removing from current network [118 WIFI], leaving 153 requests.
07-10 00:56:04.752  5353  6075 V APM_AudioPolicyManager: setAppState(portId:1005, state:1)
07-10 00:56:04.755  5353  6075 V APM_AudioPolicyManager: setAppState(portId:1005, state:1)
07-10 00:56:06.246  5262  5262 E audit   : type=1400 audit(1688943366.241:69556): avc:  denied  { getattr } for  pid=5674 comm="BinderProcsColl" path="/sys/kernel/debug/binder/proc/5674" dev="debugfs" ino=32119 scontext=u:r:system_server:s0 tcontext=u:object_r:sec_debugfs:s0 tclass=file permissive=0 SEPF_SM-A515F_13_0001 audit_filtered
07-10 00:56:06.248  5262  5262 E audit   : type=1300 audit(1688943366.241:69556): arch=c00000b7 syscall=79 success=no exit=-13 a0=ffffff9c a1=7ad23e17c0 a2=79df9bd680 a3=0 items=0 ppid=5287 pid=5674 auid=4294967295 uid=1000 gid=1000 euid=1000 suid=1000 fsuid=1000 egid=1000 sgid=1000 fsgid=1000 tty=(none) ses=4294967295 comm="BinderProcsColl" exe="/system/bin/app_process64" subj=u:r:system_server:s0 key=(null)
07-10 00:56:06.248  5262  5262 E audit   : type=1327 audit(1688943366.241:69556): proctitle="system_server"
07-10 00:56:07.123  5674  7726 D SemWifiUsabilityStatsMonitor: onWifiUsabilityStats - seqNum 21348, isSameBssidAndFreq true
07-10 00:56:07.126  6461  6461 D NetworkController.WifiSignalController: notifyListener: visible=true, connected=true, inetCondition=1, isDefault=true, wifiTestReported=true, receivedInetCondition=-1, hideDuringMobileSwitching=false
07-10 00:56:07.127  5674  6128 I SemWifiLinkQualityMonitor: Link Qos Query: 0.055 ms / 146.000 Mbps (292 / 0.000 / 2.000)
07-10 00:56:09.846 16924 18133 I WearableConn: Connecting to "Galaxy Watch5 Pro (MJNP)"
07-10 00:56:09.848 16924 18133 I BluetoothSocket: connect() for device 645DF4_1 called by pid: 16924
07-10 00:56:09.867 15865 16587 W btm_acl : Unable to find active acl
07-10 00:56:09.871 15865 16587 W bt_stack: xx:xx:xx:xx:b3:b1 EnqueueCommand (classic_link)
07-10 00:56:10.168  5674  7726 D SemWifiUsabilityStatsMonitor: onWifiUsabilityStats - seqNum 21349, isSameBssidAndFreq true
07-10 00:56:10.171  5674  6128 I SemWifiLinkQualityMonitor: Link Qos Query: 0.055 ms / 146.000 Mbps (292 / 0.000 / 2.000)
07-10 00:56:10.171  6461  6461 D NetworkController.WifiSignalController: notifyListener: visible=true, connected=true, inetCondition=1, isDefault=true, wifiTestReported=true, receivedInetCondition=-1, hideDuringMobileSwitching=false
07-10 00:56:10.840 16924 18958 E WakeLock: WearableBluetooth ** IS FORCE-RELEASED ON TIMEOUT **
07-10 00:56:13.194  5674  7726 D SemWifiUsabilityStatsMonitor: onWifiUsabilityStats - seqNum 21350, isSameBssidAndFreq true
07-10 00:56:13.198  6461  6461 D NetworkController.WifiSignalController: notifyListener: visible=true, connected=true, inetCondition=1, isDefault=true, wifiTestReported=true, receivedInetCondition=-1, hideDuringMobileSwitching=false
07-10 00:56:13.200  5674  6128 I SemWifiLinkQualityMonitor: Link Qos Query: 0.055 ms / 146.000 Mbps (292 / 0.000 / 2.000)
07-10 00:56:13.706  5674  5674 D SemWifiP2pGoPowerSave: GopsReceiver : received : com.samsung.intent.action.CHECK_SIOP_LEVEL
07-10 00:56:13.708  5674  5674 I SemWifiP2pGoPowerSave: siop_level = 1
07-10 00:56:13.713 31802 32077 I SystemBroadcastReceiver: [#CMH#] onReceive completed :  0
07-10 00:56:13.713 31802 31802 I PolicyManager: [#CMH#] onReceive action = EVENT_SIOP
07-10 00:56:15.076  5674  6112 I ChimeraAggressivePolicyHandler: executePolicy() - triggerSource: TRIGGER_SOURCE_LMKD
07-10 00:56:15.079  5674  6112 I ChimeraAggressivePolicyHandler: available memory: 893320, free memory target: 870400, quit chimera
07-10 00:56:15.717 31802 32118 I PolicyManager: [#CMH#] Is foreground game app: false
07-10 00:56:15.774 31802 32118 I ControllerUtils: [#CMH#] StoryService:  9, isNonJustShotRunningPossible: false, isStopHeavyTask: true
07-10 00:56:15.829 31802 32118 I ControllerUtils: [#CMH#] IPService:  5, isNonJustShotRunningPossible: false, isStopHeavyTask: true
07-10 00:56:15.886 31802 32118 I ControllerUtils: [#CMH#] FaceService:  2, isNonJustShotRunningPossible: false, isStopHeavyTask: true
07-10 00:56:16.229  5674  7726 D SemWifiUsabilityStatsMonitor: onWifiUsabilityStats - seqNum 21351, isSameBssidAndFreq true
07-10 00:56:16.234  6461  6461 D NetworkController.WifiSignalController: notifyListener: visible=true, connected=true, inetCondition=1, isDefault=true, wifiTestReported=true, receivedInetCondition=-1, hideDuringMobileSwitching=false
07-10 00:56:16.235  5674  6128 I SemWifiLinkQualityMonitor: Link Qos Query: 0.046 ms / 175.500 Mbps (351 / 0.000 / 2.000)
07-10 00:56:16.285 15865 16587 W bt_stack: Unhandled vendor specific event of type 0x90
07-10 00:56:16.286 15865 16587 W bt_stack: Connection failed classic remote:xx:xx:xx:xx:b3:b1 reason:PAGE_TIMEOUT
07-10 00:56:16.289 15865 16649 W bt_l2cap: L2CAP - no CCB for L2CA_disc_req, CID: 110
07-10 00:56:16.289 15865 16649 W btm_acl : Unable to find active acl
07-10 00:56:16.293 15865 16679 E bt_btif_sock_rfcomm: find_rfc_slot_by_id unable to find RFCOMM slot id: 101
07-10 00:56:16.294 16924 18133 W WearableConn: Failed to connect, error: read failed, socket might closed or timeout, read ret: -1
07-10 00:56:16.295 16924 18133 D BluetoothSocket: close() this: android.bluetooth.BluetoothSocket@a0660a9, channel: -1, mSocketIS: android.net.LocalSocketImpl$SocketInputStream@1e0d62e, mSocketOS: android.net.LocalSocketImpl$SocketOutputStream@39165cf, mSocket: android.net.LocalSocket@f079b5c impl:android.net.LocalSocketImpl@cbb5e65 fd:java.io.FileDescriptor@9a8273a, mSocketState: INIT
07-10 00:56:16.300 16924 18133 I WearableConn: Setting alarm for 256.0 seconds to retry connection
07-10 00:56:16.306 16924 18133 I AlarmManager: setExactAndAllowWhileIdle [name: WearableBluetooth type: 2 triggerAtMillis: 145129133]
07-10 00:56:16.320 15865 16182 D BluetoothUtils: getBtEnabledContainers(): btContainers = []
07-10 00:56:16.332 15865 16182 D BluetoothUtils: getBtEnabledContainers(): btContainers = []
07-10 00:56:16.335  6461  6566 V BluetoothEventManager: onReceive :: android.bluetooth.device.action.NAME_CHANGED
07-10 00:56:16.342  6461  6566 I BluetoothAdapter: STATE_ON
07-10 00:56:16.357  6461  6566 D CachedBluetoothDeviceManager: onDeviceNameUpdated :: skip same name update
07-10 00:56:16.358  6461  6566 V BluetoothEventManager: onReceive :: android.bluetooth.device.action.CLASS_CHANGED
07-10 00:56:16.363  6461  6566 V BluetoothEventManager: onReceive :: com.samsung.bluetooth.device.action.MANUFACTURER_CHANGED
07-10 00:56:17.113  5674  5886 I HqmInfo::HqmManagerService: MSG_TYPE:MSG_TYPE_PROCESS_LOG_BY_HQM
07-10 00:56:19.274  5674  7726 D SemWifiUsabilityStatsMonitor: onWifiUsabilityStats - seqNum 21352, isSameBssidAndFreq true
07-10 00:56:19.278  5674  6128 I SemWifiLinkQualityMonitor: Link Qos Query: 0.046 ms / 175.500 Mbps (351 / 0.000 / 2.000)
07-10 00:56:19.278  6461  6461 D NetworkController.WifiSignalController: notifyListener: visible=true, connected=true, inetCondition=1, isDefault=true, wifiTestReported=true, receivedInetCondition=-1, hideDuringMobileSwitching=false
07-10 00:56:20.326  9837 10033 I SemDvfsHyPerManager: acquire hyper - SIOP_ARM_MAX/9837@2, type = 301993986
07-10 00:56:20.327  5313  5394 I HYPER-HAL: [RequestManager.cpp]acquire(): Acquired ID : 48407882  [9837 / 2]    HINT :      list : [CPUMaxFreq / 2210000]
07-10 00:56:20.555 15049 15049 D ConnectivityManager: StackLog: [android.net.ConnectivityManager.sendRequestForNetwork(ConnectivityManager.java:4300)] [android.net.ConnectivityManager.registerDefaultNetworkCallbackForUid(ConnectivityManager.java:4864)] [android.net.ConnectivityManager.registerDefaultNetworkCallback(ConnectivityManager.java:4831)] [android.net.ConnectivityManager.registerDefaultNetworkCallback(ConnectivityManager.java:4805)] [androidx.work.impl.utils.NetworkApi24.registerDefaultNetworkCallbackCompat(Unknown Source:11)] [androidx.work.impl.constraints.trackers.NetworkStateTracker24.startTracking(Unknown Source:15)] [androidx.work.impl.constraints.controllers.ConstraintController.replace(Unknown Source:130)] [androidx.work.impl.constraints.WorkConstraintsTrackerImpl.replace(Unknown Source:41)] [androidx.work.impl.background.greedy.GreedyScheduler.schedule(Unknown Source:302)] [androidx.work.Worker$2.run(Unknown Source:1077)]
07-10 00:56:20.559  5674  9681 D ConnectivityService: requestNetwork for uid/pid:10329/15049 activeRequest: null callbackRequest: 16508 [NetworkRequest [ REQUEST id=16509, [ Capabilities: INTERNET&NOT_RESTRICTED&TRUSTED&NOT_VCN_MANAGED Uid: 10329 RequestorUid: 10329 RequestorPkg: com.Slack UnderlyingNetworks: Null] ]] callback flags: 0 order: 2147483647
07-10 00:56:20.562  5674  6055 D ConnectivityService:    accepting network in place of null
07-10 00:56:20.567  5674  6045 D WifiNetworkFactory: got request NetworkRequest [ REQUEST id=16509, [ Capabilities: INTERNET&NOT_RESTRICTED&TRUSTED&NOT_VCN_MANAGED Uid: 10329 RequestorUid: 10329 RequestorPkg: com.Slack UnderlyingNetworks: Null] ]
07-10 00:56:20.567  5674  6045 D UntrustedWifiNetworkFactory: got request NetworkRequest [ REQUEST id=16509, [ Capabilities: INTERNET&NOT_RESTRICTED&TRUSTED&NOT_VCN_MANAGED Uid: 10329 RequestorUid: 10329 RequestorPkg: com.Slack UnderlyingNetworks: Null] ]
07-10 00:56:20.568  5674  6045 D OemPaidWifiNetworkFactory: got request NetworkRequest [ REQUEST id=16509, [ Capabilities: INTERNET&NOT_RESTRICTED&TRUSTED&NOT_VCN_MANAGED Uid: 10329 RequestorUid: 10329 RequestorPkg: com.Slack UnderlyingNetworks: Null] ]
07-10 00:56:20.568  5674  6045 D MultiInternetWifiNetworkFactory: got request NetworkRequest [ REQUEST id=16509, [ Capabilities: INTERNET&NOT_RESTRICTED&TRUSTED&NOT_VCN_MANAGED Uid: 10329 RequestorUid: 10329 RequestorPkg: com.Slack UnderlyingNetworks: Null] ]
07-10 00:56:20.569  5674  6055 D ConnectivityService: Rematched networks [computed 1ms] [applied 2ms] [issued 5]
07-10 00:56:20.569  5674  6055 D ConnectivityService: NetworkReassignment :
07-10 00:56:20.569  5674  6055 D ConnectivityService:   16509 : null → 118
07-10 00:56:21.028  5674  5745 W libprocessgroup: Failed to open /dev/blkio//cgroup.procs: No such file or directory
07-10 00:56:21.031  5353  6075 V APM_AudioPolicyManager: setAppState(portId:1005, state:1)
07-10 00:56:21.037 15049 15158 E SQLiteLog: (283) recovered 2 frames from WAL file /data/data/com.Slack/databases/org_T0288D531-wal
07-10 00:56:21.039  5287  5287 D Zygote  : Forked child process 19212
07-10 00:56:21.116 19212 19212 I .osp.app.signin: Using CollectorTypeCC GC.
07-10 00:56:21.145 19212 19212 E .osp.app.signin: Not starting debugger since process cannot load the jdwp agent.
07-10 00:56:21.148 15049 15049 D ConnectivityManager: StackLog: [android.net.ConnectivityManager.unregisterNetworkCallback(ConnectivityManager.java:4972)] [androidx.work.impl.utils.NetworkApi21.unregisterNetworkCallbackCompat(Unknown Source:11)] [androidx.work.impl.constraints.trackers.NetworkStateTracker24.stopTracking(Unknown Source:15)] [androidx.work.impl.constraints.trackers.ConstraintTracker.removeListener(Unknown Source:24)] [androidx.work.impl.constraints.controllers.ConstraintController.replace(Unknown Source:81)] [androidx.work.impl.constraints.WorkConstraintsTrackerImpl.replace(Unknown Source:41)] [androidx.work.impl.background.greedy.GreedyScheduler.onExecuted(Unknown Source:55)] [androidx.work.impl.Processor.onExecuted(Unknown Source:59)] [com.bugsnag.android.DeliveryDelegate$1.run(Unknown Source:212)]
07-10 00:56:21.150  5674  6055 D ConnectivityService:  Removing from current network [118 WIFI], leaving 153 requests.
07-10 00:56:21.159  5353  6075 V APM_AudioPolicyManager: setAppState(portId:1005, state:1)
07-10 00:56:21.162  5353  6075 V APM_AudioPolicyManager: setAppState(portId:1005, state:1)
07-10 00:56:21.191 19212 19212 W libc    : Access denied finding property "sys.perf.boostopt"
07-10 00:56:21.191  5262  5262 E audit   : type=1400 audit(1688943381.189:69557): avc:  denied  { read } for  pid=19212 comm=".osp.app.signin" name="u:object_r:perf_prop:s0" dev="tmpfs" ino=10663 scontext=u:r:platform_app:s0:c512,c768 tcontext=u:object_r:perf_prop:s0 tclass=file permissive=0 SEPF_SM-A515F_13_0001 audit_filtered
07-10 00:56:21.191  5262  5262 E audit   : type=1300 audit(1688943381.189:69557): arch=c00000b7 syscall=56 success=no exit=-13 a0=ffffff9c a1=7fcf7d5458 a2=88000 a3=0 items=0 ppid=5287 pid=19212 auid=4294967295 uid=10104 gid=10104 euid=10104 suid=10104 fsuid=10104 egid=10104 sgid=10104 fsgid=10104 tty=(none) ses=4294967295 comm=".osp.app.signin" exe="/system/bin/app_process64" subj=u:r:platform_app:s0:c512,c768 key=(null)
07-10 00:56:21.191  5262  5262 E audit   : type=1327 audit(1688943381.189:69557): proctitle="zygote64"
07-10 00:56:21.192 19212 19226 W libc    : Access denied finding property "sys.perf.boostopt"
07-10 00:56:21.192  5262  5262 E audit   : type=1400 audit(1688943381.189:69558): avc:  denied  { read } for  pid=19212 comm="binder:19212_1" name="u:object_r:perf_prop:s0" dev="tmpfs" ino=10663 scontext=u:r:platform_app:s0:c512,c768 tcontext=u:object_r:perf_prop:s0 tclass=file permissive=0 SEPF_SM-A515F_13_0001 audit_filtered
07-10 00:56:21.192  5262  5262 E audit   : type=1300 audit(1688943381.189:69558): arch=c00000b7 syscall=56 success=no exit=-13 a0=ffffff9c a1=7b7d4792f8 a2=88000 a3=0 items=0 ppid=5287 pid=19212 auid=4294967295 uid=10104 gid=10104 euid=10104 suid=10104 fsuid=10104 egid=10104 sgid=10104 fsgid=10104 tty=(none) ses=4294967295 comm="binder:19212_1" exe="/system/bin/app_process64" subj=u:r:platform_app:s0:c512,c768 key=(null)
07-10 00:56:21.202 19212 19212 D ActivityThread: setConscryptValidator
07-10 00:56:21.203 19212 19212 D ActivityThread: setConscryptValidator - put
07-10 00:56:21.228  5353  6075 V APM_AudioPolicyManager: setAppState(portId:1005, state:1)
07-10 00:56:21.254 19212 19226 W libc    : Access denied finding property "sys.perf.boostopt"
07-10 00:56:21.275 19212 19212 D CompatibilityChangeReporter: Compat change id reported: 171979766; UID 10104; state: ENABLED
07-10 00:56:21.342 19212 19212 D nativeloader: Configuring classloader-namespace for other apk /system/framework/org.apache.http.legacy.jar. target_sdk_version=33, uses_libraries=ALL, library_path=/data/app/~~EhoCLpe9IJr2cAibezJfdg==/com.osp.app.signin-mgXNME0fm512t8l_4MNsMA==/lib/arm64:/data/app/~~EhoCLpe9IJr2cAibezJfdg==/com.osp.app.signin-mgXNME0fm512t8l_4MNsMA==/base.apk!/lib/arm64-v8a, permitted_path=/data:/mnt/expand:/data/user/0/com.osp.app.signin
07-10 00:56:21.343 19212 19212 D nativeloader: Extending system_exposed_libraries: libhumantracking.arcsoft.so:libPortraitDistortionCorrection.arcsoft.so:libPortraitDistortionCorrectionCali.arcsoft.so:libface_landmark.arcsoft.so:libFacialStickerEngine.arcsoft.so:libveengine.arcsoft.so:liblow_light_hdr.arcsoft.so:libhigh_dynamic_range.arcsoft.so:libFacialAttributeDetection.arcsoft.so:libBeauty_v4.camera.samsung.so:libexifa.camera.samsung.so:libjpega.camera.samsung.so:libOpenCv.camera.samsung.so:libImageScreener.camera.samsung.so:libMyFilter.camera.samsung.so:libtensorflowLite.myfilter.camera.samsung.so:libtensorflowlite_inference_api.myfilter.camera.samsung.so:libEventFinder.camera.samsung.so:libHIDTSnapJNI.camera.samsung.so:libSmartScan.camera.samsung.so:libRectify.camera.samsung.so:libDocRectifyWrapper.camera.samsung.so:libUltraWideDistortionCorrection.camera.samsung.so:libHpr_RecGAE_cvFeature_v1.0.camera.samsung.so:libHprFace_GAE_api.camera.samsung.so:libFace_Landmark_API.camera.samsung.so:libHprFace_GAE_jni.camera.samsung.so:libFacialBasedSelfieCorrec
07-10 00:56:21.369 19212 19212 D nativeloader: Configuring classloader-namespace for other apk /system/framework/samsungkeystoreutils.jar. target_sdk_version=33, uses_libraries=ALL, library_path=/data/app/~~EhoCLpe9IJr2cAibezJfdg==/com.osp.app.signin-mgXNME0fm512t8l_4MNsMA==/lib/arm64:/data/app/~~EhoCLpe9IJr2cAibezJfdg==/com.osp.app.signin-mgXNME0fm512t8l_4MNsMA==/base.apk!/lib/arm64-v8a, permitted_path=/data:/mnt/expand:/data/user/0/com.osp.app.signin
07-10 00:56:21.369 19212 19212 D nativeloader: Extending system_exposed_libraries: libhumantracking.arcsoft.so:libPortraitDistortionCorrection.arcsoft.so:libPortraitDistortionCorrectionCali.arcsoft.so:libface_landmark.arcsoft.so:libFacialStickerEngine.arcsoft.so:libveengine.arcsoft.so:liblow_light_hdr.arcsoft.so:libhigh_dynamic_range.arcsoft.so:libFacialAttributeDetection.arcsoft.so:libBeauty_v4.camera.samsung.so:libexifa.camera.samsung.so:libjpega.camera.samsung.so:libOpenCv.camera.samsung.so:libImageScreener.camera.samsung.so:libMyFilter.camera.samsung.so:libtensorflowLite.myfilter.camera.samsung.so:libtensorflowlite_inference_api.myfilter.camera.samsung.so:libEventFinder.camera.samsung.so:libHIDTSnapJNI.camera.samsung.so:libSmartScan.camera.samsung.so:libRectify.camera.samsung.so:libDocRectifyWrapper.camera.samsung.so:libUltraWideDistortionCorrection.camera.samsung.so:libHpr_RecGAE_cvFeature_v1.0.camera.samsung.so:libHprFace_GAE_api.camera.samsung.so:libFace_Landmark_API.camera.samsung.so:libHprFace_GAE_jni.camera.samsung.so:libFacialBasedSelfieCorrec
07-10 00:56:21.408 19212 19212 D nativeloader: Configuring classloader-namespace for other apk /data/app/~~EhoCLpe9IJr2cAibezJfdg==/com.osp.app.signin-mgXNME0fm512t8l_4MNsMA==/base.apk. target_sdk_version=33, uses_libraries=, library_path=/data/app/~~EhoCLpe9IJr2cAibezJfdg==/com.osp.app.signin-mgXNME0fm512t8l_4MNsMA==/lib/arm64:/data/app/~~EhoCLpe9IJr2cAibezJfdg==/com.osp.app.signin-mgXNME0fm512t8l_4MNsMA==/base.apk!/lib/arm64-v8a, permitted_path=/data:/mnt/expand:/data/user/0/com.osp.app.signin
07-10 00:56:21.499 19212 19212 V GraphicsEnvironment: ANGLE Developer option for 'com.osp.app.signin' set to: 'default'
07-10 00:56:21.500 19212 19212 V GraphicsEnvironment: ANGLE GameManagerService for com.osp.app.signin: false
07-10 00:56:21.500 19212 19212 V GraphicsEnvironment: Neither updatable production driver nor prerelease driver is supported.
07-10 00:56:21.532 19212 19212 D NetworkSecurityConfig: No Network Security Config specified, using platform default
07-10 00:56:21.539 19212 19212 D NetworkSecurityConfig: No Network Security Config specified, using platform default
07-10 00:56:21.578 19212 19212 W .osp.app.signin: Opening an oat file without a class loader. Are you using the deprecated DexFile APIs?
07-10 00:56:21.665 19212 19212 D CompatibilityChangeReporter: Compat change id reported: 183155436; UID 10104; state: ENABLED
07-10 00:56:21.667 19212 19212 I FirebaseApp: Device unlocked: initializing all Firebase APIs for app [DEFAULT]
07-10 00:56:21.699 19212 19212 I FirebaseInitProvider: FirebaseApp initialization successful
07-10 00:56:21.705 19212 19212 I CapsuleProvider_1.0.23: onCreate
07-10 00:56:21.707 19212 19212 D WM-WrkMgrInitializer: Initializing WorkManager with default configuration.
07-10 00:56:21.717  5674  9952 D PackageManager: setEnabledSetting : userId = 0 packageName = com.osp.app.signin cmp = androidx.work.impl.background.systemjob.SystemJobService newState = 1 callingPackage = 10104/com.osp.app.signin
07-10 00:56:21.718  5674  9952 D ApplicationPolicy: getApplicationStateEnabled : pkg = com.osp.app.signin userId : 0
07-10 00:56:21.720  5674  9952 D ApplicationPolicy: getApplicationComponentState : pkg = com.osp.app.signin userId : 0
07-10 00:56:21.749 19212 19239 I DynamiteModule: Considering local module com.google.android.gms.measurement.dynamite:78 and remote module com.google.android.gms.measurement.dynamite:93
07-10 00:56:21.749 19212 19239 I DynamiteModule: Selected remote version of com.google.android.gms.measurement.dynamite, version >= 93
07-10 00:56:21.749 19212 19239 V DynamiteModule: Dynamite loader version >= 2, using loadModule2NoCrashUtils
07-10 00:56:21.753 19212 19243 D CompatibilityChangeReporter: Compat change id reported: 160794467; UID 10104; state: ENABLED
07-10 00:56:21.764 19212 19212 D DIAGMON_SDK[605055]: setDeviceId :
07-10 00:56:21.788 19212 19212 I SamsungAccount: [BrandNameUtil] isBrandGalaxy, isCscFeatureEnabled: false
07-10 00:56:21.788 19212 19212 I SamsungAccount: [BrandNameUtil] isBrandGalaxy, oneUiVersion is below 5.1: true
07-10 00:56:21.791 19212 19212 I SamsungAccount: [GlobalSearchProvider] secQueryGetFingerprint : 1410000008en_GB
07-10 00:56:21.796 19212 19239 W System  : ClassLoader referenced unknown path:
07-10 00:56:21.796 19212 19239 D nativeloader: Configuring classloader-namespace for other apk . target_sdk_version=33, uses_libraries=, library_path=/data/app/~~e8ouw1akU6W2gQxV1EBpmQ==/com.google.android.gms-hGaGeUGENve9dqYnT27Igw==/lib/arm64:/data/app/~~e8ouw1akU6W2gQxV1EBpmQ==/com.google.android.gms-hGaGeUGENve9dqYnT27Igw==/base.apk!/lib/arm64-v8a, permitted_path=/data:/mnt/expand:/data/user/0/com.google.android.gms
07-10 00:56:21.804 19212 19212 I SamsungAccount: [SamsungService(Application)] onCreate START
07-10 00:56:21.811 19212 19212 D SamsungAccount$SALogger: init Log Path : /data/user/0/com.osp.app.signin/Log/
07-10 00:56:21.817 19212 19212 D SamsungAccount$SALogger: init success
07-10 00:56:21.818 19212 19212 I SamsungAccount: [TestPropertyManager] setPropStagingMode, server: NONE
07-10 00:56:21.818 19212 19212 I SamsungAccount: [TestPropertyManager] HiddenModeValueIsSet? false [hiddenModeServerName: NONE, hiddenModeMcc: NONE, isMarketingAgreementToastMode: false, isAgreementHistoryWriteMode: false, isInvalidSimTestMode: false]
07-10 00:56:21.829 19212 19212 I SamsungAccount: [TestPropertyManager] property file not exist
07-10 00:56:21.836 19212 19212 I SamsungAccount: [DeviceManager] init START
07-10 00:56:21.844 19212 19212 I SamsungAccount: [DeviceManager] init END
07-10 00:56:21.844 19212 19212 I SamsungAccount: [OpenDBManager] saveOpenData(Support_SamsungPass_Integration, true)
07-10 00:56:21.847 19212 19212 I SamsungAccount: [OpenContentProvider]  URI : content://com.msc.openprovider.openContentProvider/openData
07-10 00:56:21.851 19212 19212 I SamsungAccount: [OpenContentProvider] update openData : true
07-10 00:56:21.852 19212 19212 I SamsungAccount: [PushUtil] enable firebase auto init by RU
07-10 00:56:21.855 19212 19212 I SamsungAccount: [AccountManagerUtil] isSamsungAccountSignedIn : true
07-10 00:56:21.856 19212 19212 I SamsungAccount: [PushUtil] requestSmpInit
07-10 00:56:21.858 19212 19212 I SmpLog  : [SMP] init. S:true P:FCM_PRIMARY_MODE A:a
07-10 00:56:21.860 19212 19212 I SamsungAccount: [SamsungService] PUSH_STATE_CHECK registerId = not empty
07-10 00:56:21.860 19212 19212 I SamsungAccount: [StateCheckUtil] getLogPushRegistrationResult result = REGISTRATION_SUCCESS
07-10 00:56:21.860 19212 19212 I SamsungAccount: [SamsungService] PUSH_STATE_CHECK resultState = REGISTRATION_SUCCESS
07-10 00:56:21.860 19212 19212 I SamsungAccount: [SamsungService] check push token updates
07-10 00:56:21.860 19212 19212 I SamsungAccount: [PushUtil] checkTokenUpdates
07-10 00:56:21.863 19212 19212 I SmpLog  : [SMP] get push type : fcm
07-10 00:56:21.864 19212 19212 I SmpLog  : [SMP] get token : ...Sv (152)
07-10 00:56:21.864 19212 19212 I SamsungAccount: [AccountManagerUtil] makeSamsungAccountVisible
07-10 00:56:21.866 19212 19247 I SmpLog  : [SMP] Test mode: false, v:3.3.3.3, com.osp.app.signin
07-10 00:56:21.868 19212 19247 I SmpLog  : [SMP] ptype:fcm, token:...Sv (152), D:null, U:null, S:false, M:null, P:FCM_PRIMARY_MODE
07-10 00:56:21.870 19212 19212 I SamsungAccount: [AccountManagerUtil] setSamsungAccountManagedVisibilityIfNeeded : app.shealth.
07-10 00:56:21.872 19212 19212 I SamsungAccount: [PackageUtils] com.sec.android.app.shealth is existed : version code : 6236003
07-10 00:56:21.872 19212 19212 I SamsungAccount: [SignatureCheckUtil] runCheckSignatureWithEmptyId
07-10 00:56:21.872 19212 19212 I SamsungAccount: [SignatureCheckUtil] runCheckSignatureAsync
07-10 00:56:21.872 19212 19212 I SamsungAccount: [SignaturePreconditionChecker] getSignatureResult - fromSesSdk : true
07-10 00:56:21.887 19212 19212 I SamsungAccount: [SignatureInfoDbHelper] getSignatureResult - [][app.shealth.]
07-10 00:56:21.888 19212 19212 I SamsungAccount: [SignatureInfoHelper] getClientIdFromMetaData : [10/1y90e]
07-10 00:56:21.888 19212 19212 I SamsungAccount: [SignatureInfoDbHelper] searchOnUser
07-10 00:56:21.901 19212 19247 I SmpLog  : [SMP] SEND BR : smp init success
07-10 00:56:21.915 19212 19212 I SamsungAccount: [SignatureInfoDbHelper] searchOnUser - [10/1y90e][app.shealth.][64/14aaf] => matched
07-10 00:56:21.915 19212 19212 I SamsungAccount: [SignatureInfoDbHelper] search - matched
07-10 00:56:21.915 19212 19212 I SamsungAccount: [SignatureCheckUtil] runCheckSignatureAsync(fromDb) - matched
07-10 00:56:21.915 19212 19212 I SamsungAccount: [AccountManagerUtil] setSamsungAccountManagedVisibilityIfNeeded - isInstalled : true, isAllowedApplication : true
07-10 00:56:21.915 19212 19212 I SamsungAccount: [AccountManagerUtil] getSamsungAccountVisibilityByPackageName
07-10 00:56:21.917 19212 19212 I SamsungAccount: [AccountManagerUtil] getSamsungAccountVisibilityByPackageName
07-10 00:56:21.919 19212 19212 I SamsungAccount: [AccountManagerUtil] setSamsungAccountManagedVisibilityIfNeeded - visibility : 2
07-10 00:56:21.930 19212 19212 I SamsungAccount: [DbManagerV2] getEmailID
07-10 00:56:21.931 19212 19212 I SamsungAccount: [DbManagerV2] getDataV02ForItems : EMAIL_ID from Db
07-10 00:56:21.962 19212 19249 I FA      : App measurement disabled via the manifest
07-10 00:56:21.964 19212 19249 I FA      : App measurement initialized, version: 80006
07-10 00:56:21.964 19212 19249 I FA      : To enable debug logging run: adb shell setprop log.tag.FA VERBOSE
07-10 00:56:21.964 19212 19249 I FA      : To enable faster debug mode event logging run:
07-10 00:56:21.964 19212 19249 I FA      :   adb shell setprop debug.firebase.analytics.app com.osp.app.signin
07-10 00:56:21.976  4613  4613 W keymaster_tee: [WRN]begin req PARAMS: A32 B2 P64
07-10 00:56:21.985  5674  5745 W libprocessgroup: Failed to open /dev/blkio//cgroup.procs: No such file or directory
07-10 00:56:21.987 19212 19212 I SamsungAccount: [AccountManagerUtil] isSamsungAccountSignedIn : true
07-10 00:56:21.987 19212 19212 I SamsungAccount: [DeviceManager] SEP Platform version : 14.1
07-10 00:56:21.987 19212 19212 D SamsungAnalytics605055: [Tracker] Tracker start:6.05.055
07-10 00:56:21.988 19212 19252 I SamsungAccount: [ConsentWorkManager] startWorkerAfterCheckCondition
07-10 00:56:21.991 19212 19253 D DIAGMON_SDK: dma pkg:910501000
07-10 00:56:21.993 19212 19212 I SamsungAccount: [AnalyticsWorkManager] startWork
07-10 00:56:21.994 19212 19212 I SamsungAccount: [AnalyticsPref] setSaVersionStatus : 14.1.00.8
07-10 00:56:21.995 29789 29789 D BoundBrokerSvc: onBind: Intent { act=com.google.android.gms.measurement.START pkg=com.google.android.gms }
07-10 00:56:21.995 29789 29789 D BoundBrokerSvc: Loading bound service for intent: Intent { act=com.google.android.gms.measurement.START pkg=com.google.android.gms }
07-10 00:56:21.996 19212 19252 I SamsungAccount: [DeviceManager] isHeadlessDevice = false
07-10 00:56:21.997 19212 19252 I SamsungAccount: [ConsentWorkManager] checkWorkerIsRunning
07-10 00:56:21.998 19212 19212 I SamsungAccount: [AccountManagerUtil] isSamsungAccountSignedIn : true
07-10 00:56:21.999 19212 19212 I SamsungAccount: [AnalyticsPref] setSignedInStatus : 1
07-10 00:56:21.999 19212 19212 I SamsungAccount: [AccountDiagmonLogger] Diagmon Logger Init
07-10 00:56:21.999 19212 19212 I DIAGMON_SDK[605055]: DiagMonAgent type: 2
07-10 00:56:21.999 19212 19212 D DIAGMON_SDK[605055][773-399-565755] : setConfiguration type : CUSTOM
07-10 00:56:21.999 19212 19212 I DIAGMON_SDK[605055][773-399-565755] : generated SR object
07-10 00:56:22.000 19212 19212 I SamsungAccount: [DclPolicyJobService] polling job service was already scheduled (from:86400000 to:86400000)
07-10 00:56:22.001 19212 19212 I SamsungAccount: [SamsungAccount] initBixby2()
07-10 00:56:22.001 19212 19212 I CapsuleProvider_1.0.23: releasing initialize wait lock.
07-10 00:56:22.002 19212 19212 I SamsungAccount: [MobileServiceStateProxy] registerServiceStateForSesSdk : false
07-10 00:56:22.002 19212 19212 I SamsungAccount: [MobileServiceStateImpl] serviceName : AuthService
07-10 00:56:22.002 19212 19212 I SamsungAccount: [MobileServiceStateProxy] registerServiceState, AuthService is added
07-10 00:56:22.002 19212 19212 I SamsungAccount: [MobileServiceStateImpl] serviceName : ProfileService
07-10 00:56:22.002 19212 19212 I SamsungAccount: [MobileServiceStateProxy] registerServiceState, ProfileService is added
07-10 00:56:22.002 19212 19212 I SamsungAccount: [MobileServiceStateImpl] serviceName : PlaceService
07-10 00:56:22.002 19212 19212 I SamsungAccount: [MobileServiceStateProxy] registerServiceState, PlaceService is added
07-10 00:56:22.004 19212 19253 D SamsungAnalytics605055: do not send setting < 1day
07-10 00:56:22.004 19212 19259 I SamsungAccount: [DclPolicyManager] 3.1.2 GET SERVICE POLICY
07-10 00:56:22.005 19212 19259 I SamsungAccount: [AccountManagerUtil] isSamsungAccountSignedIn : true
07-10 00:56:22.005 19212 19259 I SamsungAccount: [DclPolicyManager] Dcl policy : last server request time is not expired.
07-10 00:56:22.005 19212 19259 I SamsungAccount: [DclPolicyManager] Dcl policy : last server request time : 20230709234457
07-10 00:56:22.006 19212 19253 D SamsungAnalytics605055: do not send setting < 1day
07-10 00:56:22.006 19212 19212 I SamsungAccount: [Migration]  startMigrationService : Migration was completed in the past! status - 2
07-10 00:56:22.007 19212 19212 I SamsungAccount: [EasySignUpMappingManager] requestMappingIfNeeded
07-10 00:56:22.007 19212 19212 I SamsungAccount: [EasySignUpMappingManager] This OneUI version does not need ESU mapping.
07-10 00:56:22.007 19212 19212 I SamsungAccount: [AccountManagerUtil] isSamsungAccountSignedIn : true
07-10 00:56:22.007 19212 19212 I SamsungAccount: [DbManagerV2] getEmailID
07-10 00:56:22.007 19212 19212 I SamsungAccount: [DbManagerV2] getDataV02ForItems : EMAIL_ID from Cache
07-10 00:56:22.007 19212 19212 I SamsungAccount: [SamsungService(Application)] onCreate END
07-10 00:56:22.016 19212 19212 D DCL-2.0.02-HIGH_CleanUpJobService: onStartJob
07-10 00:56:22.017 19212 19263 D DCL-2.0.02_CleanUpJobService: Start clean up service
07-10 00:56:22.018 19212 19263 D DCL-2.0.02-CTS_Policy: Profile data sync with database
07-10 00:56:22.018 19212 19263 D DCL-2.0.02_Database: queryProfileList
07-10 00:56:22.020 19212 19263 D DCL-2.0.02_ProfileDatabaseHelper: queryProfileList enter
07-10 00:56:22.020 19212 19263 D DCL-2.0.02_ProfileDatabaseHelper: queryProfileIntervalList enter
07-10 00:56:22.022  5353  5543 V APM_AudioPolicyManager: setAppState(portId:1005, state:1)
07-10 00:56:22.045  5353  5543 V APM_AudioPolicyManager: setAppState(portId:1005, state:1)
07-10 00:56:22.047 19212 19263 D DCL-2.0.02_ProfileDatabaseHelper: queryProfileIntervalList exit
07-10 00:56:22.048 19212 19263 D DCL-2.0.02_ProfileDatabaseHelper: queryProfileList exit
