07-10 00:39:48.051 29666 29666 I Launcher.AppsPageDelegate: updateItemToNewPosition = title : YandexDisk, rank : 24, screenId : 4, user: UserHandle{0}, screenType: 0, pos: 24, screen: 4
07-10 00:39:48.051 29666 29666 I Launcher.AppsPageDelegate: updateItemToNewPosition = title : Yandex Navi, rank : 26, screenId : 4, user: UserHandle{0}, screenType: 0, pos: 26, screen: 4
07-10 00:39:48.051 29666 29666 I Launcher.AppsPageDelegate: updateItemToNewPosition = title : Wolfram Alpha, rank : 19, screenId : 4, user: UserHandle{0}, screenType: 0, pos: 19, screen: 4
07-10 00:39:48.051 29666 29666 I Launcher.AppsPageDelegate: updateItemToNewPosition = title : Translate, rank : 11, screenId : 4, user: UserHandle{0}, screenType: 0, pos: 11, screen: 4
07-10 00:39:48.051 29666 29666 I Launcher.AppsPageDelegate: updateItemToNewPosition = title : Termux Tutorial, rank : 6, screenId : 4, user: UserHandle{0}, screenType: 0, pos: 6, screen: 4
07-10 00:39:48.051 29666 29666 I Launcher.AppsPageDelegate: updateItemToNewPosition = title : Y.Weather, rank : 23, screenId : 4, user: UserHandle{0}, screenType: 0, pos: 23, screen: 4
07-10 00:39:48.051 29666 29666 I Launcher.AppsPageDelegate: updateItemToNewPosition = title : YandexGo, rank : 28, screenId : 4, user: UserHandle{0}, screenType: 0, pos: 28, screen: 4
07-10 00:39:48.051 29666 29666 I Launcher.AppsPageDelegate: updateItemToNewPosition = title : Twitch, rank : 12, screenId : 4, user: UserHandle{0}, screenType: 0, pos: 12, screen: 4
07-10 00:39:48.051 29666 29666 I Launcher.AppsPageDelegate: updateItemToNewPosition = title : Yandex Metro, rank : 25, screenId : 4, user: UserHandle{0}, screenType: 0, pos: 25, screen: 4
07-10 00:39:48.051 29666 29666 I Launcher.AppsPageDelegate: updateItemToNewPosition = title : Wallet, rank : 16, screenId : 4, user: UserHandle{0}, screenType: 0, pos: 16, screen: 4
07-10 00:39:48.051 29666 29666 I Launcher.AppsPageDelegate: updateItemToNewPosition = title : Yettel, rank : 29, screenId : 4, user: UserHandle{0}, screenType: 0, pos: 29, screen: 4
07-10 00:39:48.051 29666 29666 I Launcher.AppsPageDelegate: updateItemToNewPosition = title : Wolt, rank : 20, screenId : 4, user: UserHandle{0}, screenType: 0, pos: 20, screen: 4
07-10 00:39:48.052 29666 29666 I Launcher.AppsPageDelegate: updateItemToNewPosition = title : Teams, rank : 2, screenId : 4, user: UserHandle{0}, screenType: 0, pos: 2, screen: 4
07-10 00:39:48.052 29666 29666 I Launcher.AppsPageDelegate: updateItemToNewPosition = title : WiFiAnalyzer, rank : 18, screenId : 4, user: UserHandle{0}, screenType: 0, pos: 18, screen: 4
07-10 00:39:48.052 29666 29666 I Launcher.AppsPageDelegate: updateItemToNewPosition = title : To Do, rank : 9, screenId : 4, user: UserHandle{0}, screenType: 0, pos: 9, screen: 4
07-10 00:39:48.052 29666 29666 I Launcher.AppsPageDelegate: updateItemToNewPosition = title : Tinkoff, rank : 7, screenId : 4, user: UserHandle{0}, screenType: 0, pos: 7, screen: 4
07-10 00:39:48.052 29666 29666 I Launcher.AppsPageDelegate: updateItemToNewPosition = title : Twitter, rank : 13, screenId : 4, user: UserHandle{0}, screenType: 0, pos: 13, screen: 4
07-10 00:39:48.052 29666 29666 I Launcher.AppsPageDelegate: updateItemToNewPosition = title : Telemost, rank : 4, screenId : 4, user: UserHandle{0}, screenType: 0, pos: 4, screen: 4
07-10 00:39:48.052 29666 29666 I Launcher.AppsPageDelegate: updateItemToNewPosition = title : Xiaomi Home, rank : 22, screenId : 4, user: UserHandle{0}, screenType: 0, pos: 22, screen: 4
07-10 00:39:48.052 29666 29666 I Launcher.AppsPageDelegate: updateItemToNewPosition = title : TeamCityApp, rank : 1, screenId : 4, user: UserHandle{0}, screenType: 0, pos: 1, screen: 4
07-10 00:39:48.052 29666 29666 I Launcher.AppsPageDelegate: updateItemToNewPosition = title : Urban VPN, rank : 14, screenId : 4, user: UserHandle{0}, screenType: 0, pos: 14, screen: 4
07-10 00:39:48.052 29666 29666 I Launcher.AppsPageDelegate: updateItemToNewPosition = title : , rank : 6, screenId : 5, user: UserHandle{0}, screenType: 0, pos: 6, screen: 5
07-10 00:39:48.052 29666 29666 I Launcher.AppsPageDelegate: updateItemToNewPosition = title :  , rank : 12, screenId : 5, user: UserHandle{0}, screenType: 0, pos: 12, screen: 5
07-10 00:39:48.052 29666 29666 I Launcher.AppsPageDelegate: updateItemToNewPosition = title : , rank : 7, screenId : 5, user: UserHandle{0}, screenType: 0, pos: 7, screen: 5
07-10 00:39:48.052 29666 29666 I Launcher.AppsPageDelegate: updateItemToNewPosition = title : , rank : 10, screenId : 5, user: UserHandle{0}, screenType: 0, pos: 10, screen: 5
07-10 00:39:48.052 29666 29666 I Launcher.AppsPageDelegate: updateItemToNewPosition = title : , rank : 2, screenId : 5, user: UserHandle{0}, screenType: 0, pos: 2, screen: 5
07-10 00:39:48.052 29666 29666 I Launcher.AppsPageDelegate: updateItemToNewPosition = title :  Tele2, rank : 8, screenId : 5, user: UserHandle{0}, screenType: 0, pos: 8, screen: 5
07-10 00:39:48.052 29666 29666 I Launcher.AppsPageDelegate: updateItemToNewPosition = title : , rank : 4, screenId : 5, user: UserHandle{0}, screenType: 0, pos: 4, screen: 5
07-10 00:39:48.052 29666 29666 I Launcher.AppsPageDelegate: updateItemToNewPosition = title :  , rank : 9, screenId : 5, user: UserHandle{0}, screenType: 0, pos: 9, screen: 5
07-10 00:39:48.052 29666 29666 I Launcher.AppsPageDelegate: updateItemToNewPosition = title : Zoom, rank : 1, screenId : 5, user: UserHandle{0}, screenType: 0, pos: 1, screen: 5
07-10 00:39:48.052 29666 29666 I Launcher.AppsPageDelegate: updateItemToNewPosition = title : , rank : 3, screenId : 5, user: UserHandle{0}, screenType: 0, pos: 3, screen: 5
07-10 00:39:48.052 29666 29666 I Launcher.AppsPageDelegate: updateItemToNewPosition = title : YouTrack, rank : 0, screenId : 5, user: UserHandle{0}, screenType: 0, pos: 0, screen: 5
07-10 00:39:48.053 29666 29666 I Launcher.AppsPageDelegate: updateItemToNewPosition = title : ., rank : 5, screenId : 5, user: UserHandle{0}, screenType: 0, pos: 5, screen: 5
07-10 00:39:48.053 29666 29666 I Launcher.AppsPageDelegate: updateItemToNewPosition = title :  , rank : 11, screenId : 5, user: UserHandle{0}, screenType: 0, pos: 11, screen: 5
07-10 00:39:48.053 29666 29666 I Launcher.AppsPageDelegate: rearrangeChildren took : 16
07-10 00:39:48.053 29666 29666 I Launcher.AppsPagedView: UpdateItems => id: 58, rank: 22, screenId: 2, cellX: 2, cellY: 4, container: -102, dirty: false, title: OneDrive, isFolder: false, user: UserHandle{0}, disabled: false, screenType: 0
07-10 00:39:48.054 29666 29666 I Launcher.AppsPageDelegate: updateItemToNewPosition = title : Samsung, rank : 1, screenId : 0, user: UserHandle{0}, screenType: 0, pos: 1, screen: 0
07-10 00:39:48.054 29666 29666 I Launcher.AppsPageDelegate: updateItemToNewPosition = title : Google, rank : 0, screenId : 0, user: UserHandle{0}, screenType: 0, pos: 0, screen: 0
07-10 00:39:48.054 29666 29666 I Launcher.AppsPageDelegate: updateItemToNewPosition = title : Camera, rank : 17, screenId : 0, user: UserHandle{0}, screenType: 0, pos: 17, screen: 0
07-10 00:39:48.054 29666 29666 I Launcher.AppsPageDelegate: updateItemToNewPosition = title : Clock, rank : 21, screenId : 0, user: UserHandle{0}, screenType: 0, pos: 21, screen: 0
07-10 00:39:48.054 29666 29666 I Launcher.AppsPageDelegate: updateItemToNewPosition = title : Contacts, rank : 23, screenId : 0, user: UserHandle{0}, screenType: 0, pos: 23, screen: 0
07-10 00:39:48.054 29666 29666 I Launcher.AppsPageDelegate: updateItemToNewPosition = title : Calendar, rank : 15, screenId : 0, user: UserHandle{0}, screenType: 0, pos: 15, screen: 0
07-10 00:39:48.054 29666 29666 I Launcher.AppsPageDelegate: updateItemToNewPosition = title : Calculator, rank : 13, screenId : 0, user: UserHandle{0}, screenType: 0, pos: 13, screen: 0
07-10 00:39:48.054 29666 29666 I Launcher.AppsPageDelegate: updateItemToNewPosition = title : Browser, rank : 12, screenId : 0, user: UserHandle{0}, screenType: 0, pos: 12, screen: 0
07-10 00:39:48.054 29666 29666 I Launcher.AppsPageDelegate: updateItemToNewPosition = title : CDE ITMO, rank : 20, screenId : 0, user: UserHandle{0}, screenType: 0, pos: 20, screen: 0
07-10 00:39:48.054 29666 29666 I Launcher.AppsPageDelegate: updateItemToNewPosition = title : Discord, rank : 28, screenId : 0, user: UserHandle{0}, screenType: 0, pos: 28, screen: 0
07-10 00:39:48.054 29666 29666 I Launcher.AppsPageDelegate: updateItemToNewPosition = title : Cxxdroid, rank : 25, screenId : 0, user: UserHandle{0}, screenType: 0, pos: 25, screen: 0
07-10 00:39:48.054 29666 29666 I Launcher.AppsPageDelegate: updateItemToNewPosition = title : Calculator, rank : 14, screenId : 0, user: UserHandle{0}, screenType: 0, pos: 14, screen: 0
07-10 00:39:48.054 29666 29666 I Launcher.AppsPageDelegate: updateItemToNewPosition = title : 3D Calculator, rank : 2, screenId : 0, user: UserHandle{0}, screenType: 0, pos: 2, screen: 0
07-10 00:39:48.054 29666 29666 I Launcher.AppsPageDelegate: updateItemToNewPosition = title : Assistant, rank : 7, screenId : 0, user: UserHandle{0}, screenType: 0, pos: 7, screen: 0
07-10 00:39:48.054 29666 29666 I Launcher.AppsPageDelegate: updateItemToNewPosition = title : Docs, rank : 29, screenId : 0, user: UserHandle{0}, screenType: 0, pos: 29, screen: 0
07-10 00:39:48.054 29666 29666 I Launcher.AppsPageDelegate: updateItemToNewPosition = title : App Center, rank : 5, screenId : 0, user: UserHandle{0}, screenType: 0, pos: 5, screen: 0
07-10 00:39:48.054 29666 29666 I Launcher.AppsPageDelegate: updateItemToNewPosition = title : Cloud Mail.ru, rank : 22, screenId : 0, user: UserHandle{0}, screenType: 0, pos: 22, screen: 0
07-10 00:39:48.057 29666 29666 I Launcher.AppsPageDelegate: updateItemToNewPosition = title : Meet, rank : 7, screenId : 2, user: UserHandle{0}, screenType: 0, pos: 7, screen: 2
07-10 00:39:48.057 29666 29666 I Launcher.AppsPageDelegate: updateItemToNewPosition = title : PhoneAccount Abuse Detector, rank : 27, screenId : 2, user: UserHandle{0}, screenType: 0, pos: 27, screen: 2
07-10 00:39:48.057 29666 29666 I Launcher.AppsPageDelegate: updateItemToNewPosition = title : Lens, rank : 1, screenId : 2, user: UserHandle{0}, screenType: 0, pos: 1, screen: 2
07-10 00:39:48.057 29666 29666 I Launcher.AppsPageDelegate: updateItemToNewPosition = title : Moodle, rank : 15, screenId : 2, user: UserHandle{0}, screenType: 0, pos: 15, screen: 2
07-10 00:39:48.057 29666 29666 I Launcher.AppsPageDelegate: updateItemToNewPosition = title : Omnics, rank : 21, screenId : 2, user: UserHandle{0}, screenType: 0, pos: 21, screen: 2
07-10 00:39:48.057 29666 29666 I Launcher.AppsPageDelegate: updateItemToNewPosition = title : Moja mBanka, rank : 14, screenId : 2, user: UserHandle{0}, screenType: 0, pos: 14, screen: 2
07-10 00:39:48.057 29666 29666 I Launcher.AppsPageDelegate: updateItemToNewPosition = title : Meet (original), rank : 8, screenId : 2, user: UserHandle{0}, screenType: 0, pos: 8, screen: 2
07-10 00:39:48.057 29666 29666 I Launcher.AppsPageDelegate: updateItemToNewPosition = title : LinkedIn, rank : 2, screenId : 2, user: UserHandle{0}, screenType: 0, pos: 2, screen: 2
07-10 00:39:48.057 29666 29666 I Launcher.AppsPageDelegate: updateItemToNewPosition = title : Moovit, rank : 16, screenId : 2, user: UserHandle{0}, screenType: 0, pos: 16, screen: 2
07-10 00:39:48.070 11883 11883 I [SC]SyncAccountRecoveryManager: onAppCreated
07-10 00:39:48.075 29666 29751 I PackageUpdatedTask: set null app progress level to 100
07-10 00:39:48.081 29666 29751 I ModelWriter: updateItemInDatabase++
07-10 00:39:48.081 29666 29751 I ModelWriter: updateItemInDatabase : input item> 68, 69, 0, 0, -1, -1, 1, 1, UserHandle{0}, 0, OneDrive
07-10 00:39:48.087 31625 31668 W putmethod.latin: Reducing the number of considered missed Gc histogram windows from 325 to 100
07-10 00:39:48.143 11883 12264 I [SC]LinkContextProvider: call : LOAD_CONTEXT
07-10 00:39:48.145 29666 29666 I CapturePreview: sendMessageForCapture
07-10 00:39:48.154 29666 29751 I WidgetsModel: EasyModeWidget will be excluded on WidgetList.
07-10 00:39:48.168 29666 29751 I PostPositionOperator: addItem() - com.microsoft.skydrive, isWidgetOnly : true
07-10 00:39:48.170 29666 29751 W PackageUpdatedTask: refreshSearchLayout return, operation is not matched
07-10 00:39:48.184 11883 12264 I [SC][AUTH]AuthUtil: getAuthData
07-10 00:39:48.194 11883 12259 I [SC]CommonNotiUtil: hideProgress: GALLERY_EXT_UPLOAD_PROGRESSING
07-10 00:39:48.201 29666 15436 I LauncherProvider: External provider call by package : com.samsung.android.app.galaxyfinder  for method : get_home_mode
07-10 00:39:48.201 29666 15436 I ExternalMethodFactory: get_home_mode
07-10 00:39:48.209 12163 12163 W .android.chrome: JIT profile information will not be recorded: profile file does not exist.
07-10 00:39:48.210 12163 12163 W .android.chrome: JIT profile information will not be recorded: profile file does not exist.
07-10 00:39:48.229 29666 15436 I LauncherProvider: External provider call by package : com.samsung.android.app.galaxyfinder  for method : get_home_mode
07-10 00:39:48.229 29666 15436 I ExternalMethodFactory: get_home_mode
07-10 00:39:48.252 11822 11865 W plugin:passport: Long monitor contention with owner DefaultDispatcher-worker-1 (12156) at java.lang.Object h8r.get()(SourceFile:68) waiters=1 in java.lang.Object h8r.get() for 436ms
07-10 00:39:48.267 11822 12156 D CompatibilityChangeReporter: Compat change id reported: 194532703; UID 10222; state: ENABLED
07-10 00:39:48.280  5674  5745 W libprocessgroup: Failed to open /dev/blkio//cgroup.procs: No such file or directory
07-10 00:39:48.281  5674  5745 W libprocessgroup: Failed to open /dev/blkio//cgroup.procs: No such file or directory
07-10 00:39:48.282  5353  5699 V APM_AudioPolicyManager: setAppState(portId:1005, state:1)
07-10 00:39:48.294 11822 11860 W libc    : Access denied finding property "sys.perf.boostopt"
07-10 00:39:48.295  5262  5262 E audit   : type=1400 audit(1688942388.281:69312): avc:  denied  { read } for  pid=11822 comm="binder:11822_2" name="u:object_r:perf_prop:s0" dev="tmpfs" ino=10663 scontext=u:r:untrusted_app:s0:c222,c256,c512,c768 tcontext=u:object_r:perf_prop:s0 tclass=file permissive=0 SEPF_SM-A515F_13_0001 audit_filtered
07-10 00:39:48.295  5262  5262 E audit   : type=1300 audit(1688942388.281:69312): arch=c00000b7 syscall=56 success=no exit=-13 a0=ffffff9c a1=7b7d34b2f8 a2=88000 a3=0 items=0 ppid=5287 pid=11822 auid=4294967295 uid=10222 gid=10222 euid=10222 suid=10222 fsuid=10222 egid=10222 sgid=10222 fsgid=10222 tty=(none) ses=4294967295 comm="binder:11822_2" exe="/system/bin/app_process64" subj=u:r:untrusted_app:s0:c222,c256,c512,c768 key=(null)
07-10 00:39:48.295  5262  5262 E audit   : type=1327 audit(1688942388.281:69312): proctitle="ru.yandex.searchplugin:passport"
07-10 00:39:48.304 11883 11883 I [SC]SamsungCloudApp: time elapsed to initialize OperatorInitializer: 385
07-10 00:39:48.308  5353  5699 V APM_AudioPolicyManager: setAppState(portId:1005, state:1)
07-10 00:39:48.315 11883 11883 I [SC]SamsungCloudApp: time elapsed to initialize BixbyInitializer: 10
07-10 00:39:48.315 11883 11883 I [SC]SamsungCloudApp: time elapsed to initialize SamsungAccountEventHandlerInitializer: 0
07-10 00:39:48.315 11883 11883 I [SC]SamsungCloudApp: time elapsed to initialize RxJavaInitializer: 0
07-10 00:39:48.322 11883 12277 I [SC]ConfigurationManager: getSimplePolicy
07-10 00:39:48.327  5674  6055 D ConnectivityService: Rematched networks [computed 1ms] [applied 2ms] [issued 6]
07-10 00:39:48.327  5674  6055 D ConnectivityService: NetworkReassignment : no changes
07-10 00:39:48.365 10970 10970 I SamsungAccount: [AIDLRequestService] OnCreate Service
07-10 00:39:48.379  5313 11723 I HYPER-HAL: [RequestManager.cpp]releaseLocked(): Released ID : 48526040
07-10 00:39:48.420 10970 10970 I SamsungAccount: [AIDLRequestService] OnBind
07-10 00:39:48.422 10970 10970 I SamsungAccount: [AIDLRequestService] [InAIDL] Service bound
07-10 00:39:48.428  5353  5699 V APM_AudioPolicyManager: setAppState(portId:1005, state:1)
07-10 00:39:48.441 11883 12292 I [SC]DeviceObservers: start
07-10 00:39:48.442 11883 12293 I [SC]SyncInitializer: initialize
07-10 00:39:48.475 11883 12277 I [SC]ConfigurationItemDataManager: getFilePath : configurationName = scloud_simplePolicy
07-10 00:39:48.481 11883 12292 I [SC]DevicePropertyManager: addPropertyChangeListener: NetworkConnectionAllowedObservable
07-10 00:39:48.482 11883 12290 I [SC]SamsungCloudApp: getWorkManagerConfiguration
07-10 00:39:48.490  5674  9952 D PackageManager: setEnabledSetting : userId = 0 packageName = com.samsung.android.scloud cmp = androidx.work.impl.background.systemjob.SystemJobService newState = 1 callingPackage = 5009/com.samsung.android.scloud
07-10 00:39:48.491  5674  9952 D ApplicationPolicy: getApplicationStateEnabled : pkg = com.samsung.android.scloud userId : 0
07-10 00:39:48.492  5674  9952 D ApplicationPolicy: getApplicationComponentState : pkg = com.samsung.android.scloud userId : 0
07-10 00:39:48.497 11883 12284 I [SC]MediaMigration: existCloudFile : false
07-10 00:39:48.504 11883 12282 I [SC]DeviceControlOperator: handled: REQUEST_REFRESH_APP_ICON
07-10 00:39:48.508 11883 12293 I [SC]SyncInitializer: initializePrivate
07-10 00:39:48.509 11883 12293 I [SC][DEPENDENCY][GALLERY]: is created
07-10 00:39:48.509 11883 12293 I [SC][DEPENDENCY][AREmoji]: is created
07-10 00:39:48.509 11883 12293 I [SC][DEPENDENCY][WiFi]: is created
07-10 00:39:48.509 11883 12293 I [SC][DEPENDENCY][BT_S]: is created
07-10 00:39:48.511 11883 12284 I [SC]BaseSyncUtil: com.android.bluetooth isSupported: true, isEnabled: true
07-10 00:39:48.536 11883 12284 I [SC]ComponentInitializer: switchBtComponent: com.samsung.bt.btservice.btsettingsprovider
07-10 00:39:48.541 11883 12284 I [SC]SyncUtil: invisibleSync: com.samsung.android.scloud.deviceproperty
07-10 00:39:48.572  5287  5287 D Zygote  : Forked child process 12305
07-10 00:39:48.580 11883 12293 I [SC]SyncInitialization: initialize
07-10 00:39:48.585  5674  6213 D NetdEventListenerService: DNS Requested by : 118, 10338
07-10 00:39:48.598 11883 12284 I [SC]SyncSettingManager: switchOnOff: com.samsung.android.scloud.deviceproperty, 0
07-10 00:39:48.609 11883 12284 I [SC]SyncSettingManager: setIsSyncable: com.samsung.android.scloud.deviceproperty, 0
07-10 00:39:48.609 11883 12284 I [SC]BaseSyncUtil: visibleSync: com.samsung.bt.btservice.btsettingsprovider
07-10 00:39:48.613 11883 12284 I [SC]SyncSettingManager: setIsSyncable: com.samsung.bt.btservice.btsettingsprovider, 1
07-10 00:39:48.619 12305 12305 I oid.samsungpass: Using CollectorTypeCC GC.
07-10 00:39:48.620 11883 12296 I [SC]EnqueueConfiguration: run.
07-10 00:39:48.626 11883 11883 I [SC]SamsungCloudApp: time elapsed to initialize ComponentInitializer: 308
07-10 00:39:48.627 11883 11883 I [SC]SamsungCloudApp: time elapsed to initialize DesignCodeConsumerInitializer: 282
07-10 00:39:48.630 12305 12305 E oid.samsungpass: Not starting debugger since process cannot load the jdwp agent.
07-10 00:39:48.636 12112 12288 D TrafficStats: tagSocket(80) with statsTag=0xffffffff, statsUid=-1
07-10 00:39:48.644 12305 12305 W libc    : Access denied finding property "sys.perf.boostopt"
07-10 00:39:48.644  5262  5262 E audit   : type=1400 audit(1688942388.641:69313): avc:  denied  { read } for  pid=12305 comm="oid.samsungpass" name="u:object_r:perf_prop:s0" dev="tmpfs" ino=10663 scontext=u:r:platform_app:s0:c512,c768 tcontext=u:object_r:perf_prop:s0 tclass=file permissive=0 SEPF_SM-A515F_13_0001 audit_filtered
07-10 00:39:48.648 12305 12326 W libc    : Access denied finding property "sys.perf.boostopt"
07-10 00:39:48.652 12305 12305 D ActivityThread: setConscryptValidator
07-10 00:39:48.652 12305 12305 D ActivityThread: setConscryptValidator - put
07-10 00:39:48.656 11883 12290 I [SC]AutoBackupUtil: initialize: nextTimeInterval: 29535191
07-10 00:39:48.658 12163 12163 V GraphicsEnvironment: ANGLE Developer option for 'com.android.chrome' set to: 'default'
07-10 00:39:48.668  5353  5699 V APM_AudioPolicyManager: setAppState(portId:1005, state:1)
07-10 00:39:48.669 12305 12326 W libc    : Access denied finding property "sys.perf.boostopt"
07-10 00:39:48.672 12163 12163 V GraphicsEnvironment: ANGLE GameManagerService for com.android.chrome: false
07-10 00:39:48.673 12163 12163 V GraphicsEnvironment: Neither updatable production driver nor prerelease driver is supported.
07-10 00:39:48.674  5674  6067 I SearchManagerService: _updateSearchables
07-10 00:39:48.686 11883 12310 I [SC]AbstractPatchDevice: Account or cert isn't exist
07-10 00:39:48.692 11883 12308 I [SC]AbstractPatchDevice: Account or cert isn't exist
07-10 00:39:48.701 12305 12305 D CompatibilityChangeReporter: Compat change id reported: 171979766; UID 10111; state: ENABLED
07-10 00:39:48.721 11883 12309 E [SC]SyncDependencyFactory: [E] dependency meta data not found: com.sec.android.app.sbrowser
07-10 00:39:48.723 11883 12299 I [SC][AUTH]SmpUtil: Firebase init
07-10 00:39:48.741 11883 12329 I [SC][AUTH]AuthUtil: getAuthData
07-10 00:39:48.769 11883 12309 I [SC][DEPENDENCY][INTERNET]: is created
07-10 00:39:48.804 11883 12309 E [SC]SyncDependencyFactory: [E] dependency meta data not found: com.android.contacts
07-10 00:39:48.804 11883 12309 I [SC][DEPENDENCY][CONTACTS]: is created
07-10 00:39:48.813 11883 12299 I FirebaseApp: Device unlocked: initializing all Firebase APIs for app [DEFAULT]
07-10 00:39:48.820 11883 12309 E [SC]SyncDependencyFactory: [E] dependency meta data not found: com.android.calendar
07-10 00:39:48.837 12060 12060 D CompatibilityChangeReporter: Compat change id reported: 183155436; UID 10129; state: ENABLED
07-10 00:39:48.845 11542 11663 I AppMetrica-Attribution: Choosing distribution data: ClidsInfo(chosen=Candidate(clids={clid24=2305182, clid1=2207450, clid1010=2295103, clid2023=2395783, clid1003=2207452, clid1004=2207453, clid1002=2207451}, source=APP), candidates=[Candidate(clids={clid24=2305182, clid1=2207450, clid1010=2295103, clid2023=2395783, clid1003=2207452, clid1004=2207453, clid1002=2207451}, source=APP)])
07-10 00:39:48.873 11822 11865 W plugin:passport: Long monitor contention with owner Thread-2 (12154) at e50 b50.a()(SourceFile:13) waiters=0 in e50 b50.a() for 583ms
07-10 00:39:48.890 12163 12163 I LoadedApk: No resource references to update in package com.google.android.trichromelibrary
07-10 00:39:48.891 12163 12163 D NetworkSecurityConfig: Using Network Security Config from resource 0_resource_name_obfuscated debugBuild: false
07-10 00:39:48.903 11883 12309 I [SC][DEPENDENCY][STD][com.samsung.android.app.reminder]: is created
07-10 00:39:48.946  5674  9914 D LocationManagerService: passive provider removed registration from 10222/ru.yandex.searchplugin/7370A776
07-10 00:39:48.946  5674  9914 D LocationManagerService: passive provider added registration from 10222/ru.yandex.searchplugin/7370A776 -> Request[PASSIVE, minUpdateInterval=+1s0ms, WorkSource{10222 ru.yandex.searchplugin}]
07-10 00:39:48.948  5674  5690 I system_server: Background young concurrent copying GC freed 369348(21MB) AllocSpace objects, 12(240KB) LOS objects, 15% free, 107MB/127MB, paused 4.376ms,335us total 250.521ms
07-10 00:39:48.950 11883 12309 I [SC][DEPENDENCY][STD][com.samsung.android.app.notes.sync]: is created
07-10 00:39:48.951  7284  7370 E RequestManager_FLP: [LocationManager] Location remove 7370A776 from ru.yandex.searchplugin
07-10 00:39:48.951  7284  7370 W LocationRequestData_FLP: Not registered using location provider, 7370A776
07-10 00:39:48.952 11883 12309 E [SC]SyncDependencyFactory: [E] dependency meta data not found: com.samsung.android.app.memo
07-10 00:39:48.959  7284  7370 E RequestManager_FLP: [LocationManager] Location request (NOT STARTED) 7370A776(Listener) passive (min=1000ms) from ru.yandex.searchplugin (10222_FINE_perceptible_false_background)
07-10 00:39:48.962 11542 11673 D [GplLibraryWrapper]: updateLastKnownLocation
07-10 00:39:48.966 11883 12309 E [SC]SyncDependencyFactory: [E] dependency meta data not found: com.samsung.android.snote
07-10 00:39:48.967 11883 12309 I [SC][DEPENDENCY][SNOTE]: is created
07-10 00:39:48.981 11883 12331 I [SC]SecMediaChangeMonitor: onStartMonitoring
07-10 00:39:48.983 11883 12309 I [SC][DEPENDENCY][SPASS]: is created
07-10 00:39:48.985  4613  4613 W keymaster_tee: [WRN]begin req PARAMS: A32 B2 P64
07-10 00:39:48.993 11883 12299 I SmpLog  : [SMP] init. S:true P:SPP_ONLY_MODE A:a
07-10 00:39:49.013 11883 12309 E [SC]SyncDependencyFactory: [E] dependency meta data not found: com.samsung.android.app.pinboard
07-10 00:39:49.013 11883 12309 I [SC][DEPENDENCY][SCRAPBOOK]: is created
07-10 00:39:49.127  5674  6067 W SearchableInfo: Invalid searchable metadata for com.samsung.android.messaging/.ui.view.recipientspicker.PickerActivity: Search label must be a resource reference.
07-10 00:39:49.135 12163 12163 D NetworkSecurityConfig: Using Network Security Config from resource 0_resource_name_obfuscated debugBuild: false
07-10 00:39:49.203 11883 12361 I [SC]SyncProvision: Category: AR Emoji, Thread id: 208
07-10 00:39:49.239 12163 12163 I cr_SplitCompatApp: Launched version=114.0.5735.196 minSdkVersion=29 isBundle=true processName=com.android.chrome isIsolated=false
07-10 00:39:49.244 11883 12361 I [SC]BaseSyncUtil: com.samsung.android.aremoji isSupported: true, isEnabled: true
07-10 00:39:49.268  5674  5739 I SearchManagerService: updateSearchables
07-10 00:39:49.281 29666 29666 I Launcher.Model: isValidStateInKnoxMode:false user:UserHandle{0}
07-10 00:39:49.281 29666 29666 I Launcher.Model: package changed received : com.microsoft.skydrive
07-10 00:39:49.282 29666 29751 I PackageUpdatedTask: mAllAppsList.updatePackage com.microsoft.skydrive
07-10 00:39:49.291 11883 12362 I [SC]SyncProvision: Category: Scrapbook, Thread id: 209
07-10 00:39:49.303 11883 12362 E [SC]SyncPolicyManager: [E] com.samsung.android.app.pinboard is not installed
07-10 00:39:49.308 29666 29751 I AppIconSolution: getThemeIconWithBG called with public API, pkg = com.microsoft.skydrive, mode = 48
07-10 00:39:49.310 29666 29751 I AppIconSolution: return adaptive icon for com.microsoft.skydrive, isNight = true
07-10 00:39:49.310 29666 29751 I LauncherActivityInfo: packageName: com.microsoft.skydrive, useThemeIcon: false, height: 288, width: 288, density: 640
07-10 00:39:49.317 11883 12317 I [SC]KeyStoreDisabler: Disable Keystore
07-10 00:39:49.321 11883 12374 I [SC]SyncProvision: Category: SNote, Thread id: 215
07-10 00:39:49.322 11883 12372 I [SC]SyncProvision: Category: Gallery, Thread id: 213
07-10 00:39:49.323 11883 12374 E [SC]SyncPolicyManager: [E] com.samsung.android.snote is not installed
07-10 00:39:49.323 11883 12360 I [SC]SyncProvision: Category: Contacts, Thread id: 207
07-10 00:39:49.326 11883 12373 I [SC]SyncProvision: Category: Samsung Notes, Thread id: 214
07-10 00:39:49.330 11883 12369 I [SC]SyncProvision: Category: Memo, Thread id: 210
07-10 00:39:49.332 11883 12370 I [SC]SyncProvision: Category: Bluetooth, Thread id: 211
07-10 00:39:49.335 11883 12372 I [SC]DeviceUtil: hasSepLiteSpec: false
07-10 00:39:49.338 11883 12371 I [SC]SyncProvision: Category: Reminder, Thread id: 212
07-10 00:39:49.341 11883 12369 E [SC]SyncPolicyManager: [E] com.samsung.android.app.memo is not installed
07-10 00:39:49.343  5674  9914 D SyncManager: userId - 0 auto - true
07-10 00:39:49.343 11883 12370 I [SC]BaseSyncUtil: com.android.bluetooth isSupported: true, isEnabled: true
07-10 00:39:49.349 11883 12385 I [SC]SyncProvision: Category: Samsung Pass, Thread id: 217
07-10 00:39:49.352 11883 12361 I [SC]SyncSettingManager: getCategory: com.samsung.android.aremoji.cloud
07-10 00:39:49.354 11883 12372 I [SC]MediaApi: isSyncAutomatically(): master sync: true
07-10 00:39:49.356  5287  5287 D Zygote  : Forked child process 12390
07-10 00:39:49.363 11883 12361 I [SC]SyncSettingManager: getIsSyncable: com.samsung.android.aremoji.cloud
07-10 00:39:49.367 11883 12386 I [SC]SyncProvision: Category: Wi-Fi, Thread id: 219
07-10 00:39:49.399 29666 29751 I HsAllAppsList: set ComponentInfo{com.microsoft.skydrive/com.microsoft.skydrive.MainActivity} app progress level to 100
07-10 00:39:49.408 11883 12388 I [SC]SyncProvision: Category: Calendar, Thread id: 222
07-10 00:39:49.408 11883 12361 I [SC]SyncSettingManager: setSyncStatus: SyncStatusVo{authority='com.samsung.android.aremoji.cloud', state='INACTIVE', errorCode='999'}
07-10 00:39:49.408 11883 12360 I [SC]SyncSettingManager: getCategory: com.android.contacts
07-10 00:39:49.409 11883 12370 I [SC]SyncSettingManager: getCategory: com.samsung.bt.btservice.btsettingsprovider
07-10 00:39:49.411 11883 12361 I [SC]SyncSettingManager: getContentVo: com.samsung.android.aremoji.cloud, k6M02It8oQ
07-10 00:39:49.413 12390 12390 I droid.app.notes: Using CollectorTypeCC GC.
07-10 00:39:49.414 11883 12387 I [SC]SyncProvision: Category: Internet, Thread id: 221
07-10 00:39:49.416  5674  9953 W system_server: Long monitor contention with owner AccountManagerService (5831) at void com.android.server.accounts.AccountManagerService.validateAccountsInternal(com.android.server.accounts.AccountManagerService$UserAccounts, boolean)(AccountManagerService.java:1193) waiters=0 in boolean com.android.server.accounts.AccountManagerService.accountExistsCache(com.android.server.accounts.AccountManagerService$UserAccounts, android.accounts.Account) for 149ms
07-10 00:39:49.418 11883 12387 E [SC]SyncPolicyManager: [E] com.sec.android.app.sbrowser is not installed
07-10 00:39:49.424 11883 12372 I [SC]MediaApi: isSyncAutomatically(), false
07-10 00:39:49.426 12390 12390 E droid.app.notes: Not starting debugger since process cannot load the jdwp agent.
07-10 00:39:49.429 11883 12388 I [SC]SyncSettingManager: getCategory: com.android.calendar
07-10 00:39:49.433 12390 12390 W libc    : Access denied finding property "sys.perf.boostopt"
07-10 00:39:49.433  5262  5262 E audit   : type=1400 audit(1688942389.429:69316): avc:  denied  { read } for  pid=12390 comm="droid.app.notes" name="u:object_r:perf_prop:s0" dev="tmpfs" ino=10663 scontext=u:r:platform_app:s0:c512,c768 tcontext=u:object_r:perf_prop:s0 tclass=file permissive=0 SEPF_SM-A515F_13_0001 audit_filtered
07-10 00:39:49.433  5262  5262 E audit   : type=1300 audit(1688942389.429:69316): arch=c00000b7 syscall=56 success=no exit=-13 a0=ffffff9c a1=7fcf7d5458 a2=88000 a3=0 items=0 ppid=5287 pid=12390 auid=4294967295 uid=10260 gid=10260 euid=10260 suid=10260 fsuid=10260 egid=10260 sgid=10260 fsgid=10260 tty=(none) ses=4294967295 comm="droid.app.notes" exe="/system/bin/app_process64" subj=u:r:platform_app:s0:c512,c768 key=(null)
07-10 00:39:49.434  5262  5262 E audit   : type=1327 audit(1688942389.429:69316): proctitle="zygote64"
07-10 00:39:49.435 12390 12390 D ActivityThread: setConscryptValidator
07-10 00:39:49.436 12390 12390 D ActivityThread: setConscryptValidator - put
07-10 00:39:49.439 29666 29751 I WidgetsModel: EasyModeWidget will be excluded on WidgetList.
07-10 00:39:49.440 11883 12360 I [SC]SyncSettingManager: getIsSyncable: com.android.contacts
07-10 00:39:49.443 29666 29751 I AppIconSolution: return adaptive icon for com.microsoft.skydrive, isNight = true
07-10 00:39:49.452 12390 12408 W libc    : Access denied finding property "sys.perf.boostopt"
07-10 00:39:49.453  5262  5262 E audit   : type=1400 audit(1688942389.449:69317): avc:  denied  { read } for  pid=12390 comm="binder:12390_1" name="u:object_r:perf_prop:s0" dev="tmpfs" ino=10663 scontext=u:r:platform_app:s0:c512,c768 tcontext=u:object_r:perf_prop:s0 tclass=file permissive=0 SEPF_SM-A515F_13_0001 audit_filtered
07-10 00:39:49.464  5353  5543 V APM_AudioPolicyManager: setAppState(portId:1005, state:1)
07-10 00:39:49.475 11883 12398 I [SC]SyncPackageRemoved: execute: com.samsung.android.SmartClip
07-10 00:39:49.475 11883 12398 I [SC]SyncSettingManager: getCategory: com.samsung.android.SmartClip
07-10 00:39:49.485 11883 12342 I SmpLog  : [SMP] Test mode: false, v:3.3.3.3, com.samsung.android.scloud
07-10 00:39:49.506 29666 29751 I PackageUpdatedTask: modified, appInfo : AppInfo(id=58 type=APP hidden=0 container=all_apps screen=2 rank=22 rankOfList=-1 user=UserHandle{0} title=OneDrive componentName=ComponentInfo{com.microsoft.skydrive/com.microsoft.skydrive.MainActivity} screenType=0 runtimeStatusFlags=320 status=0)
07-10 00:39:49.507 29666 29751 I AppsModelWriter: updateItems(start) : needToNormalize = true
07-10 00:39:49.507 29666 29751 I AppsModelWriter: updateItems(start) > needToBind = true
07-10 00:39:49.507 29666 29751 I AppsModelWriter: updateItems(start)> 0, 58, 0, -102, 2, 22, UserHandle{0}, 0, OneDrive, -1, -1
07-10 00:39:49.507 29666 29751 I AppsModelWriter: normalizeVisibleItems : [matched = true] col = 5, raw : 6
07-10 00:39:49.508 29666 29751 I AppsModelWriter: normalizeVisibleItems(visibleItems)> 0, 46, 2, -102, 0, 0, UserHandle{0}, 0, Google, -1, -1
07-10 00:39:49.508 29666 29751 I AppsModelWriter: normalizeVisibleItems(visibleItems)> 0, 36, 2, -102, 0, 1, UserHandle{0}, 0, Samsung, -1, -1
07-10 00:39:49.508 29666 29751 I AppsModelWriter: normalizeVisibleItems(visibleItems)> 0, 160, 0, -102, 0, 2, UserHandle{0}, 0, 3D Calculator, -1, -1
07-10 00:39:49.508 29666 29751 I AppsModelWriter: normalizeVisibleItems(visibleItems)> 0, 202, 0, -102, 0, 3, UserHandle{0}, 0, Adobe Acrobat, -1, -1
07-10 00:39:49.508 29666 29751 I AppsModelWriter: normalizeVisibleItems(visibleItems)> 0, 286, 0, -102, 0, 4, UserHandle{0}, 0, AnkiDroid, -1, -1
07-10 00:39:49.508 29666 29751 I AppsModelWriter: normalizeVisibleItems(visibleItems)> 0, 176, 0, -102, 0, 5, UserHandle{0}, 0, App Center, -1, -1
07-10 00:39:49.509 29666 29751 I AppsModelWriter: normalizeVisibleItems(visibleItems)> 0, 250, 0, -102, 0, 6, UserHandle{0}, 0, AR Zone, -1, -1
07-10 00:39:49.509 29666 29751 I AppsModelWriter: normalizeVisibleItems(visibleItems)> 0, 161, 0, -102, 0, 7, UserHandle{0}, 0, Assistant, -1, -1
07-10 00:39:49.509 29666 29751 I AppsModelWriter: normalizeVisibleItems(visibleItems)> 0, 180, 0, -102, 0, 8, UserHandle{0}, 0, Authenticator, -1, -1
07-10 00:39:49.509 29666 29751 I AppsModelWriter: normalizeVisibleItems(visibleItems)> 0, 249, 0, -102, 0, 9, UserHandle{0}, 0, Benchmark, -1, -1
07-10 00:39:49.509 29666 29751 I AppsModelWriter: normalizeVisibleItems(visibleItems)> 0, 270, 0, -102, 0, 10, UserHandle{0}, 0, BeoGRADSKI prevoz, -1, -1
07-10 00:39:49.509 29666 29751 I AppsModelWriter: normalizeVisibleItems(visibleItems)> 0, 277, 0, -102, 0, 11, UserHandle{0}, 0, Bing, -1, -1
07-10 00:39:49.509 29666 29751 I AppsModelWriter: normalizeVisibleItems(visibleItems)> 0, 111, 0, -102, 0, 12, UserHandle{0}, 0, Browser, -1, -1
07-10 00:39:49.509 29666 29751 I AppsModelWriter: normalizeVisibleItems(visibleItems)> 0, 93, 0, -102, 0, 13, UserHandle{0}, 0, Calculator, -1, -1
07-10 00:39:49.509 29666 29751 I AppsModelWriter: normalizeVisibleItems(visibleItems)> 0, 158, 0, -102, 0, 14, UserHandle{0}, 0, Calculator, -1, -1
07-10 00:39:49.509 29666 29751 I AppsModelWriter: normalizeVisibleItems(visibleItems)> 0, 74, 0, -102, 0, 15, UserHandle{0}, 0, Calendar, -1, -1
07-10 00:39:49.509 29666 29751 I AppsModelWriter: normalizeVisibleItems(visibleItems)> 0, 224, 0, -102, 0, 16, UserHandle{0}, 0, Calendar, -1, -1
07-10 00:39:49.509 29666 29751 I AppsModelWriter: normalizeVisibleItems(visibleItems)> 0, 69, 0, -102, 0, 17, UserHandle{0}, 0, Camera, -1, -1
07-10 00:39:49.509 29666 29751 I AppsModelWriter: normalizeVisibleItems(visibleItems)> 0, 204, 0, -102, 0, 18, UserHandle{0}, 0, Canon Print Service, -1, -1
07-10 00:39:49.509 29666 29751 I AppsModelWriter: normalizeVisibleItems(visibleItems)> 0, 236, 0, -102, 0, 19, UserHandle{0}, 0, CAR:GO, -1, -1
07-10 00:39:49.509 29666 29751 I AppsModelWriter: normalizeVisibleItems(visibleItems)> 0, 116, 0, -102, 0, 20, UserHandle{0}, 0, CDE ITMO, -1, -1
07-10 00:39:49.509 29666 29751 I AppsModelWriter: normalizeVisibleItems(visibleItems)> 0, 71, 0, -102, 0, 21, UserHandle{0}, 0, Clock, -1, -1
07-10 00:39:49.509 29666 29751 I AppsModelWriter: normalizeVisibleItems(visibleItems)> 0, 178, 0, -102, 0, 22, UserHandle{0}, 0, Cloud Mail.ru, -1, -1
07-10 00:39:49.509 29666 29751 I AppsModelWriter: normalizeVisibleItems(visibleItems)> 0, 72, 0, -102, 0, 23, UserHandle{0}, 0, Contacts, -1, -1
07-10 00:39:49.509 29666 29751 I AppsModelWriter: normalizeVisibleItems(visibleItems)> 0, 195, 0, -102, 0, 24, UserHandle{0}, 0, Contacts, -1, -1
07-10 00:39:49.509 29666 29751 I AppsModelWriter: normalizeVisibleItems(visibleItems)> 0, 151, 0, -102, 0, 25, UserHandle{0}, 0, Cxxdroid, -1, -1
07-10 00:39:49.509 29666 29751 I AppsModelWriter: normalizeVisibleItems(visibleItems)> 0, 193, 0, -102, 0, 26, UserHandle{0}, 0, Dcoder, -1, -1
07-10 00:39:49.509 29666 29751 I AppsModelWriter: normalizeVisibleItems(visibleItems)> 0, 266, 0, -102, 0, 27, UserHandle{0}, 0, Digital Wellbeing, -1, -1
07-10 00:39:49.509 29666 29751 I AppsModelWriter: normalizeVisibleItems(visibleItems)> 0, 118, 0, -102, 0, 28, UserHandle{0}, 0, Discord, -1, -1
07-10 00:39:49.509 29666 29751 I AppsModelWriter: normalizeVisibleItems(visibleItems)> 0, 171, 0, -102, 0, 29, UserHandle{0}, 0, Docs, -1, -1
07-10 00:39:49.509 29666 29751 I AppsModelWriter: normalizeVisibleItems(visibleItems)> 0, 268, 0, -102, 1, 0, UserHandle{0}, 0, DontKillMyApp, -1, -1
07-10 00:39:49.509 29666 29751 I AppsModelWriter: normalizeVisibleItems(visibleItems)> 0, 86, 0, -102, 1, 1, UserHandle{0}, 0, Drive, -1, -1
07-10 00:39:49.509 29666 29751 I AppsModelWriter: normalizeVisibleItems(visibleItems)> 0, 166, 0, -102, 1, 2, UserHandle{0}, 0, DuckDuckGo, -1, -1
07-10 00:39:49.509 29666 29751 I AppsModelWriter: normalizeVisibleItems(visibleItems)> 0, 253, 0, -102, 1, 3, UserHandle{0}, 0, Duolingo, -1, -1
07-10 00:39:49.509 29666 29751 I AppsModelWriter: normalizeVisibleItems(visibleItems)> 0, 279, 0, -102, 1, 4, UserHandle{0}, 0, Durak, -1, -1
07-10 00:39:49.509 29666 29751 I AppsModelWriter: normalizeVisibleItems(visibleItems)> 0, 174, 0, -102, 1, 5, UserHandle{0}, 0, Excel, -1, -1
07-10 00:39:49.509 29666 29751 I AppsModelWriter: normalizeVisibleItems(visibleItems)> 0, 285, 0, -102, 1, 6, UserHandle{0}, 0, F-Droid, -1, -1
07-10 00:39:49.509 29666 29751 I AppsModelWriter: normalizeVisibleItems(visibleItems)> 0, 196, 0, -102, 1, 7, UserHandle{0}, 0, Files, -1, -1
07-10 00:39:49.510 29666 29751 I AppsModelWriter: normalizeVisibleItems(visibleItems)> 0, 145, 0, -102, 1, 8, UserHandle{0}, 0, Firefox, -1, -1
07-10 00:39:49.510 29666 29751 I AppsModelWriter: normalizeVisibleItems(visibleItems)> 0, 264, 0, -102, 1, 9, UserHandle{0}, 0, Flipd, -1, -1
07-10 00:39:49.510 29666 29751 I AppsModelWriter: normalizeVisibleItems(visibleItems)> 0, 263, 0, -102, 1, 10, UserHandle{0}, 0, Forest, -1, -1
07-10 00:39:49.510 29666 29751 I AppsModelWriter: normalizeVisibleItems(visibleItems)> 0, 63, 0, -102, 1, 11, UserHandle{0}, 0, Galaxy Store, -1, -1
07-10 00:39:49.510 29666 29751 I AppsModelWriter: normalizeVisibleItems(visibleItems)> 0, 94, 0, -102, 1, 12, UserHandle{0}, 0, Galaxy Wearable, -1, -1
07-10 00:39:49.510 29666 29751 I AppsModelWriter: normalizeVisibleItems(visibleItems)> 0, 70, 0, -102, 1, 13, UserHandle{0}, 0, Gallery, -1, -1
07-10 00:39:49.510 29666 29751 I AppsModelWriter: normalizeVisibleItems(visibleItems)> 0, 78, 0, -102, 1, 14, UserHandle{0}, 0, Game Launcher, -1, -1
07-10 00:39:49.510 29666 29751 I AppsModelWriter: normalizeVisibleItems(visibleItems)> 0, 239, 0, -102, 1, 15, UserHandle{0}, 0, Game Plugins, -1, -1
07-10 00:39:49.510 29666 29751 I AppsModelWriter: normalizeVisibleItems(visibleItems)> 0, 280, 0, -102, 1, 16, UserHandle{0}, 0, Games, -1, -1
07-10 00:39:49.510 29666 29751 I AppsModelWriter: normalizeVisibleItems(visibleItems)> 0, 198, 0, -102, 1, 17, UserHandle{0}, 0, Gboard, -1, -1
07-10 00:39:49.510 29666 29751 I AppsModelWriter: normalizeVisibleItems(visibleItems)> 0, 173, 0, -102, 1, 18, UserHandle{0}, 0, GitHub, -1, -1
07-10 00:39:49.510 29666 29751 I AppsModelWriter: normalizeVisibleItems(visibleItems)> 0, 209, 0, -102, 1, 19, UserHandle{0}, 0, Glovo, -1, -1
07-10 00:39:49.510 29666 29751 I AppsModelWriter: normalizeVisibleItems(visibleItems)> 0, 153, 0, -102, 1, 20, UserHandle{0}, 0, Google Japanese Input, -1, -1
07-10 00:39:49.510 29666 29751 I AppsModelWriter: normalizeVisibleItems(visibleItems)> 0, 281, 0, -102, 1, 21, UserHandle{0}, 0, Grammarly, -1, -1
07-10 00:39:49.510 29666 29751 I AppsModelWriter: normalizeVisibleItems(visibleItems)> 0, 181, 0, -102, 1, 22, UserHandle{0}, 0, Graphing Calc, -1, -1
07-10 00:39:49.510 29666 29751 I AppsModelWriter: normalizeVisibleItems(visibleItems)> 0, 165, 0, -102, 1, 23, UserHandle{0}, 0, HiPER Scientific Calculator, -1, -1
07-10 00:39:49.510 29666 29751 I AppsModelWriter: normalizeVisibleItems(visibleItems)> 0, 274, 0, -102, 1, 24, UserHandle{0}, 0, Instagram, -1, -1
07-10 00:39:49.510 29666 29751 I AppsModelWriter: normalizeVisibleItems(visibleItems)> 0, 235, 0, -102, 1, 25, UserHandle{0}, 0, KAlgebra, -1, -1
07-10 00:39:49.510 29666 29751 I AppsModelWriter: normalizeVisibleItems(visibleItems)> 0, 139, 0, -102, 1, 26, UserHandle{0}, 0, Kaspersky, -1, -1
07-10 00:39:49.510 29666 29751 I AppsModelWriter: normalizeVisibleItems(visibleItems)> 0, 234, 0, -102, 1, 27, UserHandle{0}, 0, KDE Connect, -1, -1
07-10 00:39:49.510 29666 29751 I AppsModelWriter: normalizeVisibleItems(visibleItems)> 0, 120, 0, -102, 1, 28, UserHandle{0}, 0, Keep notes, -1, -1
07-10 00:39:49.510 29666 29751 I AppsModelWriter: normalizeVisibleItems(visibleItems)> 0, 244, 0, -102, 1, 29, UserHandle{0}, 0, Knowledge, -1, -1
07-10 00:39:49.510 29666 29751 I AppsModelWriter: normalizeVisibleItems(visibleItems)> 0, 287, 0, -102, 2, 0, UserHandle{0}, 0, Kotlin playground, -1, -1
07-10 00:39:49.510 29666 29751 I AppsModelWriter: normalizeVisibleItems(visibleItems)> 0, 228, 0, -102, 2, 1, UserHandle{0}, 0, Lens, -1, -1
07-10 00:39:49.510 29666 29751 I AppsModelWriter: normalizeVisibleItems(visibleItems)> 0, 255, 0, -102, 2, 2, UserHandle{0}, 0, LinkedIn, -1, -1
07-10 00:39:49.510 29666 29751 I AppsModelWriter: normalizeVisibleItems(visibleItems)> 0, 84, 0, -102, 2, 3, UserHandle{0}, 0, Mail, -1, -1
07-10 00:39:49.510 29666 29751 I AppsModelWriter: normalizeVisibleItems(visibleItems)> 0, 117, 0, -102, 2, 4, UserHandle{0}, 0, Mail, -1, -1
07-10 00:39:49.510 29666 29751 I AppsModelWriter: normalizeVisibleItems(visibleItems)> 0, 125, 0, -102, 2, 5, UserHandle{0}, 0, Maps, -1, -1
07-10 00:39:49.510 29666 29751 I AppsModelWriter: normalizeVisibleItems(visibleItems)> 0, 203, 0, -102, 2, 6, UserHandle{0}, 0, meduza, -1, -1
07-10 00:39:49.510 29666 29751 I AppsModelWriter: normalizeVisibleItems(visibleItems)> 0, 218, 0, -102, 2, 7, UserHandle{0}, 0, Meet, -1, -1
07-10 00:39:49.511 29666 29751 I AppsModelWriter: normalizeVisibleItems(visibleItems)> 0, 254, 0, -102, 2, 8, UserHandle{0}, 0, Meet (original), -1, -1
07-10 00:39:49.511 29666 29751 I AppsModelWriter: normalizeVisibleItems(visibleItems)> 0, 276, 0, -102, 2, 9, UserHandle{0}, 0, MegaFonPRO, -1, -1
07-10 00:39:49.511 29666 29751 I AppsModelWriter: normalizeVisibleItems(visibleItems)> 0, 68, 0, -102, 2, 10, UserHandle{0}, 0, Messages, -1, -1
07-10 00:39:49.511 29666 29751 I AppsModelWriter: normalizeVisibleItems(visibleItems)> 0, 103, 0, -102, 2, 11, UserHandle{0}, 0, Microsoft 365 (Office), -1, -1
07-10 00:39:49.511 29666 29751 I AppsModelWriter: normalizeVisibleItems(visibleItems)> 0, 159, 0, -102, 2, 12, UserHandle{0}, 0, Microsoft Launcher, -1, -1
07-10 00:39:49.511 29666 29751 I AppsModelWriter: normalizeVisibleItems(visibleItems)> 0, 261, 0, -102, 2, 13, UserHandle{0}, 0, Moj Maxi, -1, -1
07-10 00:39:49.511 29666 29751 I AppsModelWriter: normalizeVisibleItems(visibleItems)> 0, 252, 0, -102, 2, 14, UserHandle{0}, 0, Moja mBanka, -1, -1
07-10 00:39:49.511 29666 29751 I AppsModelWriter: normalizeVisibleItems(visibleItems)> 0, 233, 0, -102, 2, 15, UserHandle{0}, 0, Moodle, -1, -1
07-10 00:39:49.511 29666 29751 I AppsModelWriter: normalizeVisibleItems(visibleItems)> 0, 258, 0, -102, 2, 16, UserHandle{0}, 0, Moovit, -1, -1
07-10 00:39:49.511 29666 29751 I AppsModelWriter: normalizeVisibleItems(visibleItems)> 0, 275, 0, -102, 2, 17, UserHandle{0}, 0, Music, -1, -1
07-10 00:39:49.511 29666 29751 I AppsModelWriter: normalizeVisibleItems(visibleItems)> 0, 169, 0, -102, 2, 18, UserHandle{0}, 0, my.itmo, -1, -1
07-10 00:39:49.511 29666 29751 I AppsModelWriter: normalizeVisibleItems(visibleItems)> 0, 197, 0, -102, 2, 19, UserHandle{0}, 0, Natural Scientific Calculator, -1, -1
07-10 00:39:49.511 29666 29751 I AppsModelWriter: normalizeVisibleItems(visibleItems)> 0, 260, 0, -102, 2, 20, UserHandle{0}, 0, Notion, -1, -1
07-10 00:39:49.511 29666 29751 I AppsModelWriter: normalizeVisibleItems(visibleItems)> 0, 251, 0, -102, 2, 21, UserHandle{0}, 0, Omnics, -1, -1
07-10 00:39:49.511 29666 29751 I AppsModelWriter: normalizeVisibleItems(visibleItems)> 0, 58, 0, -102, 2, 22, UserHandle{0}, 0, OneDrive, -1, -1
07-10 00:39:49.511 29666 29751 I AppsModelWriter: normalizeVisibleItems(visibleItems)> 0, 149, 0, -102, 2, 23, UserHandle{0}, 0, OONI Probe, -1, -1
07-10 00:39:49.511 29666 29751 I AppsModelWriter: normalizeVisibleItems(visibleItems)> 0, 179, 0, -102, 2, 24, UserHandle{0}, 0, Orbot, -1, -1
07-10 00:39:49.511 29666 29751 I AppsModelWriter: normalizeVisibleItems(visibleItems)> 0, 146, 0, -102, 2, 25, UserHandle{0}, 0, PaintCAD, -1, -1
07-10 00:39:49.511 29666 29751 I AppsModelWriter: normalizeVisibleItems(visibleItems)> 0, 67, 0, -102, 2, 26, UserHandle{0}, 0, Phone, -1, -1
07-10 00:39:49.511 29666 29751 I AppsModelWriter: normalizeVisibleItems(visibleItems)> 0, 219, 0, -102, 2, 27, UserHandle{0}, 0, PhoneAccount Abuse Detector, -1, -1
07-10 00:39:49.511 29666 29751 I AppsModelWriter: normalizeVisibleItems(visibleItems)> 0, 177, 0, -102, 2, 28, UserHandle{0}, 0, Photomath, -1, -1
07-10 00:39:49.511 29666 29751 I AppsModelWriter: normalizeVisibleItems(visibleItems)> 0, 92, 0, -102, 2, 29, UserHandle{0}, 0, Photos, -1, -1
07-10 00:39:49.511 29666 29751 I AppsModelWriter: normalizeVisibleItems(visibleItems)> 0, 132, 0, -102, 3, 0, UserHandle{0}, 0, PhotoScan, -1, -1
07-10 00:39:49.511 29666 29751 I AppsModelWriter: normalizeVisibleItems(visibleItems)> 0, 242, 0, -102, 3, 1, UserHandle{0}, 0, Play Games, -1, -1
07-10 00:39:49.511 29666 29751 I AppsModelWriter: normalizeVisibleItems(visibleItems)> 0, 192, 0, -102, 3, 2, UserHandle{0}, 0, Play Music, -1, -1
07-10 00:39:49.511 29666 29751 I AppsModelWriter: normalizeVisibleItems(visibleItems)> 0, 61, 0, -102, 3, 3, UserHandle{0}, 0, Play Store, -1, -1
07-10 00:39:49.511 29666 29751 I AppsModelWriter: normalizeVisibleItems(visibleItems)> 0, 227, 0, -102, 3, 4, UserHandle{0}, 0, Proton VPN, -1, -1
07-10 00:39:49.511 29666 29751 I AppsModelWriter: normalizeVisibleItems(visibleItems)> 0, 200, 0, -102, 3, 5, UserHandle{0}, 0, Psiphon Pro, -1, -1
07-10 00:39:49.511 29666 29751 I AppsModelWriter: normalizeVisibleItems(visibleItems)> 0, 147, 0, -102, 3, 6, UserHandle{0}, 0, Pydroid 3, -1, -1
07-10 00:39:49.511 29666 29751 I AppsModelWriter: normalizeVisibleItems(visibleItems)> 0, 124, 0, -102, 3, 7, UserHandle{0}, 0, QuickEdit, -1, -1
07-10 00:39:49.511 29666 29751 I AppsModelWriter: normalizeVisibleItems(visibleItems)> 0, 232, 0, -102, 3, 8, UserHandle{0}, 0, Quip, -1, -1
07-10 00:39:49.511 29666 29751 I AppsModelWriter: normalizeVisibleItems(visibleItems)> 0, 221, 0, -102, 3, 9, UserHandle{0}, 0, RaiPay, -1, -1
07-10 00:39:49.511 29666 29751 I AppsModelWriter: normalizeVisibleItems(visibleItems)> 0, 128, 0, -102, 3, 10, UserHandle{0}, 0, RAR, -1, -1
07-10 00:39:49.511 29666 29751 I AppsModelWriter: normalizeVisibleItems(visibleItems)> 0, 245, 0, -102, 3, 11, UserHandle{0}, 0, Reddit, -1, -1
07-10 00:39:49.512 29666 29751 I AppsModelWriter: normalizeVisibleItems(visibleItems)> 0, 96, 0, -102, 3, 12, UserHandle{0}, 0, Samsung Health, -1, -1
07-10 00:39:49.512 29666 29751 I AppsModelWriter: normalizeVisibleItems(visibleItems)> 0, 99, 0, -102, 3, 13, UserHandle{0}, 0, Samsung Members, -1, -1
07-10 00:39:49.512 29666 29751 I AppsModelWriter: normalizeVisibleItems(visibleItems)> 0, 100, 0, -102, 3, 14, UserHandle{0}, 0, Samsung Notes, -1, -1
07-10 00:39:49.512 29666 29751 I AppsModelWriter: normalizeVisibleItems(visibleItems)> 0, 205, 0, -102, 3, 15, UserHandle{0}, 0, ScreenshotGo, -1, -1
07-10 00:39:49.512 29666 29751 I AppsModelWriter: normalizeVisibleItems(visibleItems)> 0, 73, 0, -102, 3, 16, UserHandle{0}, 0, Settings, -1, -1
07-10 00:39:49.512 29666 29751 I AppsModelWriter: normalizeVisibleItems(visibleItems)> 0, 143, 0, -102, 3, 17, UserHandle{0}, 0, Shazam, -1, -1
07-10 00:39:49.512 29666 29751 I AppsModelWriter: normalizeVisibleItems(visibleItems)> 0, 112, 0, -102, 3, 18, UserHandle{0}, 0, Sheets, -1, -1
07-10 00:39:49.512 29666 29751 I AppsModelWriter: normalizeVisibleItems(visibleItems)> 0, 183, 0, -102, 3, 19, UserHandle{0}, 0, Skype, -1, -1
07-10 00:39:49.512 29666 29751 I AppsModelWriter: normalizeVisibleItems(visibleItems)> 0, 170, 0, -102, 3, 20, UserHandle{0}, 0, Slack, -1, -1
07-10 00:39:49.512 29666 29751 I AppsModelWriter: normalizeVisibleItems(visibleItems)> 0, 135, 0, -102, 3, 21, UserHandle{0}, 0, Slides, -1, -1
07-10 00:39:49.512 29666 29751 I AppsModelWriter: normalizeVisibleItems(visibleItems)> 0, 216, 0, -102, 3, 22, UserHandle{0}, 0, Smart Tutor, -1, -1
07-10 00:39:49.512 29666 29751 I AppsModelWriter: normalizeVisibleItems(visibleItems)> 0, 241, 0, -102, 3, 23, UserHandle{0}, 0, Space, -1, -1
07-10 00:39:49.512 29666 29751 I AppsModelWriter: normalizeVisibleItems(visibleItems)> 0, 265, 0, -102, 3, 24, UserHandle{0}, 0, SPACE, -1, -1
07-10 00:39:49.512 29666 29751 I AppsModelWriter: normalizeVisibleItems(visibleItems)> 0, 136, 0, -102, 3, 25, UserHandle{0}, 0, Speedtest, -1, -1
07-10 00:39:49.512 29666 29751 I AppsModelWriter: normalizeVisibleItems(visibleItems)> 0, 237, 0, -102, 3, 26, UserHandle{0}, 0, Splitwise, -1, -1
07-10 00:39:49.512 29666 29751 I AppsModelWriter: normalizeVisibleItems(visibleItems)> 0, 278, 0, -102, 3, 27, UserHandle{0}, 0, Srbija voz, -1, -1
