07-10 01:03:36.156 11611 11645 I TestRunner: started: mutableSpecificRefFloat(org.jetbrains.android_benchmark.Wolf3dBenchmark)
07-10 01:03:36.159 11611 11611 I MonitoringInstr: Activities that are still in CREATED to STOPPED: 1
07-10 01:03:36.159 11611 11611 I MonitoringInstr: Finishing activity: androidx.benchmark.IsolationActivity@c9a4959
07-10 01:03:36.173 11611 11645 I GrantPermissionCallable: Permission: android.permission.WRITE_EXTERNAL_STORAGE is already granted!
07-10 01:03:36.173 11611 11645 I GrantPermissionCallable: Permission: android.permission.READ_EXTERNAL_STORAGE is already granted!
07-10 01:03:36.173 11611 11645 D Benchmark: -- Running org.jetbrains.android_benchmark.Wolf3dBenchmark#mutableSpecificRefFloat --
07-10 01:03:36.180 11611 11645 D PerfettoCapture: Supported ABIs: arm64-v8a, armeabi-v7a, armeabi
07-10 01:03:36.180 11611 11645 D PerfettoCapture: Recording perfetto trace
07-10 01:03:36.190 21284 21336 D ConnectivityManager: StackLog: [android.net.ConnectivityManager.sendRequestForNetwork(ConnectivityManager.java:4300)] [android.net.ConnectivityManager.registerDefaultNetworkCallbackForUid(ConnectivityManager.java:4864)] [android.net.ConnectivityManager.registerDefaultNetworkCallback(ConnectivityManager.java:4831)] [android.net.ConnectivityManager.registerDefaultNetworkCallback(ConnectivityManager.java:4805)] [ede.b(PG:2)] [edh.b(PG:3)] [ecj.o(PG:1)] [ecg.a(PG:1)] [_6.<init>(PG:13)] [_1012.<init>(PG:1)] [ecu.a(PG:2)] [ecw.b(PG:8)] [drk.d(PG:1)] [_969.G(PG:1)] [npx.b(PG:2)] [enb.ay(PG:870)] [enb.c(PG:6)] [enb.b(PG:1)] [ajze.C(PG:9)] [ajze.k(PG:2)] [ajze.h(PG:2)] [autb.call(PG:47)] [ahvh.call(PG:1)] [ahvy.call(PG:2)] [ahvp.run(PG:8)] [java.util.concurrent.ThreadPoolExecutor.runWorker(ThreadPoolExecutor.java:1137)] [java.util.concurrent.ThreadPoolExecutor$Worker.run(ThreadPoolExecutor.java:637)] [java.lang.Thread.run(Thread.java:1012)] [ahvb.run(PG:2)]
07-10 01:03:36.193  5674  9950 D ConnectivityService: requestNetwork for uid/pid:10252/21284 activeRequest: null callbackRequest: 16567 [NetworkRequest [ REQUEST id=16568, [ Capabilities: INTERNET&NOT_RESTRICTED&TRUSTED&NOT_VCN_MANAGED Uid: 10252 RequestorUid: 10252 RequestorPkg: com.google.android.apps.photos UnderlyingNetworks: Null] ]] callback flags: 0 order: 2147483647
07-10 01:03:36.195  5674  6055 D ConnectivityService:    accepting network in place of null
07-10 01:03:36.200  5674  6045 D WifiNetworkFactory: got request NetworkRequest [ REQUEST id=16568, [ Capabilities: INTERNET&NOT_RESTRICTED&TRUSTED&NOT_VCN_MANAGED Uid: 10252 RequestorUid: 10252 RequestorPkg: com.google.android.apps.photos UnderlyingNetworks: Null] ]
07-10 01:03:36.200  5674  6045 D UntrustedWifiNetworkFactory: got request NetworkRequest [ REQUEST id=16568, [ Capabilities: INTERNET&NOT_RESTRICTED&TRUSTED&NOT_VCN_MANAGED Uid: 10252 RequestorUid: 10252 RequestorPkg: com.google.android.apps.photos UnderlyingNetworks: Null] ]
07-10 01:03:36.201  5674  6045 D OemPaidWifiNetworkFactory: got request NetworkRequest [ REQUEST id=16568, [ Capabilities: INTERNET&NOT_RESTRICTED&TRUSTED&NOT_VCN_MANAGED Uid: 10252 RequestorUid: 10252 RequestorPkg: com.google.android.apps.photos UnderlyingNetworks: Null] ]
07-10 01:03:36.203  5674  6045 D MultiInternetWifiNetworkFactory: got request NetworkRequest [ REQUEST id=16568, [ Capabilities: INTERNET&NOT_RESTRICTED&TRUSTED&NOT_VCN_MANAGED Uid: 10252 RequestorUid: 10252 RequestorPkg: com.google.android.apps.photos UnderlyingNetworks: Null] ]
07-10 01:03:36.206  5674  6055 D ConnectivityService: Rematched networks [computed 1ms] [applied 2ms] [issued 9]
07-10 01:03:36.206  5674  6055 D ConnectivityService: NetworkReassignment :
07-10 01:03:36.206  5674  6055 D ConnectivityService:   16568 : null → 118
07-10 01:03:36.218 11611 11645 I PerfettoCapture: Cleanup perfetto before starting.
07-10 01:03:36.289 21284 21345 W oid.apps.photos: Long monitor contention with owner Thread-5 (21339) at android.database.sqlite.SQLiteDatabase android.database.sqlite.SQLiteOpenHelper.getReadableDatabase()(SQLiteOpenHelper.java:437) waiters=0 in android.database.sqlite.SQLiteDatabase kki.getReadableDatabase() for 147ms
07-10 01:03:36.355 11611 11645 I PerfettoCapture: Perfetto output file cleanup -
07-10 01:03:36.355 11611 11645 I PerfettoCapture: Starting perfetto tracing with cmd: cat /storage/emulated/0/Android/data/org.jetbrains.android_benchmark.test/cache/trace_config.pb | perfetto --background -c - -o /data/misc/perfetto-traces/trace_output.pb
07-10 01:03:36.455 21284 21336 D CompatibilityChangeReporter: Compat change id reported: 210923482; UID 10252; state: ENABLED
07-10 01:03:36.507 21374 21374 I perfetto:    perfetto_cmd.cc:1001 Connected to the Perfetto traced service, starting tracing
07-10 01:03:36.515  5436  5436 I perfetto: ing_service_impl.cc:953 Configured tracing session 320, #sources:4, duration:0 ms, #buffers:2, total buffer size:36864 KB, total sessions:1, uid:2000 session name: ""
07-10 01:03:36.519  5424  5424 I perfetto:  probes_producer.cc:139 Ftrace setup (target_buf=639)
07-10 01:03:36.541 11611 11645 I PerfettoCapture: Perfetto output - 21374
07-10 01:03:36.541 11611 11645 I PerfettoCapture: EXITCODE=0
07-10 01:03:36.658 11611 11645 I PerfettoCapture: Perfetto tracing started successfully with pid 21374.
07-10 01:03:36.700  4380  4380 I hwservicemanager: getTransport: Cannot find entry android.hardware.atrace@1.0::IAtraceDevice/default in either framework or device VINTF manifest.
07-10 01:03:36.833  5424  5424 I perfetto:    ftrace_procfs.cc:335 enabled ftrace in /sys/kernel/tracing/
07-10 01:03:36.896 11611 11645 I PerfettoCapture: /sys/kernel/tracing/tracing_on = 1, polled 1 times, capture fully started
07-10 01:03:36.898 11611 11645 D Benchmark: Set 11645 (Bench thread) to priority -20. Was -8, now -20
07-10 01:03:36.898 11611 11645 D Benchmark: Set 11624 (Jit) to priority -15. Was 9, now -15
07-10 01:03:36.995 11611 11645 I _benchmark.test: Explicit concurrent copying GC freed 339995(5873KB) AllocSpace objects, 1(20KB) LOS objects, 67% free, 3010KB/9154KB, paused 380us,94us total 96.596ms
07-10 01:03:37.012 21284 21345 D CompatibilityChangeReporter: Compat change id reported: 170233598; UID 10252; state: DISABLED
07-10 01:03:37.617  9843 10427 I FuseDaemon: Threshold exceeded - fadvising 67108864
07-10 01:03:37.617  9843 10427 I FuseDaemon: Threshold now 0
07-10 01:03:37.722  5674  7726 D SemWifiUsabilityStatsMonitor: onWifiUsabilityStats - seqNum 21496, isSameBssidAndFreq true
07-10 01:03:37.733  5674  6128 I SemWifiLinkQualityMonitor: Link Qos Query: 0.018 ms / 433.000 Mbps (433 / 0.000 / 1.000)
07-10 01:03:37.793  5262  5262 E audit   : type=1400 audit(1688943817.789:69660): avc:  denied  { getattr } for  pid=5674 comm="BinderProcsColl" path="/sys/kernel/debug/binder/proc/5674" dev="debugfs" ino=32119 scontext=u:r:system_server:s0 tcontext=u:object_r:sec_debugfs:s0 tclass=file permissive=0 SEPF_SM-A515F_13_0001 audit_filtered
07-10 01:03:37.794  5262  5262 E audit   : type=1300 audit(1688943817.789:69660): arch=c00000b7 syscall=79 success=no exit=-13 a0=ffffff9c a1=7ad23e09b0 a2=79df9bd680 a3=0 items=0 ppid=5287 pid=5674 auid=4294967295 uid=1000 gid=1000 euid=1000 suid=1000 fsuid=1000 egid=1000 sgid=1000 fsgid=1000 tty=(none) ses=4294967295 comm="BinderProcsColl" exe="/system/bin/app_process64" subj=u:r:system_server:s0 key=(null)
07-10 01:03:37.794  5262  5262 E audit   : type=1327 audit(1688943817.789:69660): proctitle="system_server"
07-10 01:03:38.171  5353  5699 V APM_AudioPolicyManager: setAppState(portId:1005, state:1)
07-10 01:03:38.176  5353  5699 V APM_AudioPolicyManager: setAppState(portId:1005, state:1)
07-10 01:03:38.380  6461  6566 D MobileStatusTracker(1/2): onSignalStrengthsChanged level=2, vendorLevel=1
07-10 01:03:38.385  6461  6566 D MobileSignalController(1/2): notifyListener: enabled=true, connected=true, dataConnected=false, networkType=LTE (4G), emergencyOnly=false, roaming=false, isDefault=false, dataActivity=, level=1, ca=false, mmWave=false, disabledDataIcon=false, simCard=ETC
07-10 01:03:38.392  6461  6566 D NetworkController: SignalStrength from intent slotId=1
07-10 01:03:38.588  5353  5699 V APM_AudioPolicyManager: setAppState(portId:1005, state:1)
07-10 01:03:38.591  5674  5745 W libprocessgroup: Failed to open /dev/blkio//cgroup.procs: No such file or directory
07-10 01:03:38.714 16924 21016 D ConnectivityManager: StackLog: [android.net.ConnectivityManager.reportNetworkConnectivity(ConnectivityManager.java:3499)] [apit.i(:com.google.android.gms@232414044@23.24.14 (190400-544099984):0)] [apii.run(:com.google.android.gms@232414044@23.24.14 (190400-544099984):57)] [apjh.run(:com.google.android.gms@232414044@23.24.14 (190400-544099984):2)] [dhfe.run(:com.google.android.gms@232414044@23.24.14 (190400-544099984):2)] [acmg.c(:com.google.android.gms@232414044@23.24.14 (190400-544099984):6)] [acmg.run(:com.google.android.gms@232414044@23.24.14 (190400-544099984):7)] [java.util.concurrent.ThreadPoolExecutor.runWorker(ThreadPoolExecutor.java:1137)] [java.util.concurrent.ThreadPoolExecutor$Worker.run(ThreadPoolExecutor.java:637)] [acro.run(:com.google.android.gms@232414044@23.24.14 (190400-544099984):0)] [java.lang.Thread.run(Thread.java:1012)]
07-10 01:03:38.725 16924 21016 I AlarmManager: setExactAndAllowWhileIdle [name: GCM_HB_ALARM type: 2 triggerAtMillis: 147045557]
07-10 01:03:38.746  5353  5699 V APM_AudioPolicyManager: setAppState(portId:1005, state:1)
07-10 01:03:38.749  5353  5699 V APM_AudioPolicyManager: setAppState(portId:1005, state:1)
07-10 01:03:38.778 16924 21247 I AlarmManager: setExactAndAllowWhileIdle [name: FcmRetry type: 2 triggerAtMillis: 145435589]
07-10 01:03:38.802 31802 32118 I ControllerUtils: [#CMH#] StoryService:  9, isNonJustShotRunningPossible: false, isStopHeavyTask: true
07-10 01:03:38.843  5674  5745 W libprocessgroup: Failed to open /dev/blkio//cgroup.procs: No such file or directory
07-10 01:03:38.866  5353  5699 V APM_AudioPolicyManager: setAppState(portId:1005, state:1)
07-10 01:03:38.868 31802 32118 I ControllerUtils: [#CMH#] IPService:  5, isNonJustShotRunningPossible: false, isStopHeavyTask: true
07-10 01:03:38.885  5353  5699 V APM_AudioPolicyManager: setAppState(portId:1005, state:1)
07-10 01:03:38.908  5353  5699 V APM_AudioPolicyManager: setAppState(portId:1005, state:1)
07-10 01:03:38.926 31802 32118 I ControllerUtils: [#CMH#] FaceService:  2, isNonJustShotRunningPossible: false, isStopHeavyTask: true
07-10 01:03:39.042  9843 10427 I FuseDaemon: Threshold exceeded - fadvising 67108864
07-10 01:03:39.042  9843 10427 I FuseDaemon: Threshold now 0
07-10 01:03:39.288 16924 16924 D BoundBrokerSvc: onUnbind: Intent { act=com.google.android.gms.phenotype.service.START dat=chimera-action:/... cmp=com.google.android.gms/.chimera.PersistentApiService }
07-10 01:03:40.490  9843 10427 I FuseDaemon: Threshold exceeded - fadvising 67108864
07-10 01:03:40.490  9843 10427 I FuseDaemon: Threshold now 0
07-10 01:03:40.742  5674  7726 D SemWifiUsabilityStatsMonitor: onWifiUsabilityStats - seqNum 21497, isSameBssidAndFreq true
07-10 01:03:40.743  5674  6128 I SemWifiLinkQualityMonitor: Link Qos Query: 0.085 ms / 93.929 Mbps (263 / 0.000 / 2.800)
07-10 01:03:41.798  5262  5262 E audit   : type=1400 audit(1688943821.793:69661): avc:  denied  { read } for  pid=21284 comm="binder:21284_3" name="u:object_r:perf_prop:s0" dev="tmpfs" ino=10663 scontext=u:r:untrusted_app:s0:c252,c256,c512,c768 tcontext=u:object_r:perf_prop:s0 tclass=file permissive=0 SEPF_SM-A515F_13_0001 audit_filtered
07-10 01:03:41.799 21284 21300 W libc    : Access denied finding property "sys.perf.boostopt"
07-10 01:03:41.799  5262  5262 E audit   : type=1300 audit(1688943821.793:69661): arch=c00000b7 syscall=56 success=no exit=-13 a0=ffffff9c a1=7b7d2492f8 a2=88000 a3=0 items=0 ppid=5287 pid=21284 auid=4294967295 uid=10252 gid=10252 euid=10252 suid=10252 fsuid=10252 egid=10252 sgid=10252 fsgid=10252 tty=(none) ses=4294967295 comm="binder:21284_3" exe="/system/bin/app_process64" subj=u:r:untrusted_app:s0:c252,c256,c512,c768 key=(null)
07-10 01:03:41.799  5262  5262 E audit   : type=1327 audit(1688943821.793:69661): proctitle="com.google.android.apps.photos"
07-10 01:03:41.801 21179 21205 W libc    : Access denied finding property "sys.perf.boostopt"
07-10 01:03:41.801  5262  5262 E audit   : type=1400 audit(1688943821.797:69662): avc:  denied  { read } for  pid=21179 comm="binder:21179_3" name="u:object_r:perf_prop:s0" dev="tmpfs" ino=10663 scontext=u:r:platform_app:s0:c512,c768 tcontext=u:object_r:perf_prop:s0 tclass=file permissive=0 SEPF_SM-A515F_13_0001 audit_filtered
07-10 01:03:41.801  5262  5262 E audit   : type=1300 audit(1688943821.797:69662): arch=c00000b7 syscall=56 success=no exit=-13 a0=ffffff9c a1=7b7d2742f8 a2=88000 a3=0 items=0 ppid=5287 pid=21179 auid=4294967295 uid=10380 gid=10380 euid=10380 suid=10380 fsuid=10380 egid=10380 sgid=10380 fsgid=10380 tty=(none) ses=4294967295 comm="binder:21179_3" exe="/system/bin/app_process64" subj=u:r:platform_app:s0:c512,c768 key=(null)
07-10 01:03:41.857 16924 16924 D BoundBrokerSvc: onUnbind: Intent { act=com.google.android.gms.udc.service.START dat=chimera-action:/... cmp=com.google.android.gms/.chimera.PersistentApiService }
07-10 01:03:41.968  9843 10427 I FuseDaemon: Threshold exceeded - fadvising 67108864
07-10 01:03:41.968  9843 10427 I FuseDaemon: Threshold now 0
07-10 01:03:42.010  5353  5699 V APM_AudioPolicyManager: setAppState(portId:1005, state:1)
07-10 01:03:42.012  5353  5699 V APM_AudioPolicyManager: setAppState(portId:1005, state:1)
07-10 01:03:42.182  9837 10033 I SemDvfsHyPerManager: acquire hyper - SIOP_ARM_MAX/9837@2, type = 301993986
07-10 01:03:42.192  5313  5394 I HYPER-HAL: [RequestManager.cpp]acquire(): Acquired ID : 48407882  [9837 / 2]    HINT :      list : [CPUMaxFreq / 2184000]
07-10 01:03:42.428  6429  6628 W SQLiteLog: (28) double-quoted string literal: "nitz_status"
07-10 01:03:43.276  9843 10427 I FuseDaemon: Threshold exceeded - fadvising 67108864
07-10 01:03:43.276  9843 10427 I FuseDaemon: Threshold now 0
07-10 01:03:43.482 16924 16924 D BoundBrokerSvc: onUnbind: Intent { act=com.google.android.gms.auth.account.workaccount.START dat=chimera-action:/... cmp=com.google.android.gms/.chimera.PersistentApiService }
07-10 01:03:43.791  5674  7726 D SemWifiUsabilityStatsMonitor: onWifiUsabilityStats - seqNum 21498, isSameBssidAndFreq true
07-10 01:03:43.792  5674  6055 D ConnectivityService: notifyType CALLBACK_CAP_CHANGED for [118 WIFI]
07-10 01:03:43.794  5674  6128 I SemWifiLinkQualityMonitor: Link Qos Query: 0.296 ms / 27.000 Mbps (117 / 0.000 / 4.333)
07-10 01:03:43.797  5674  6086 D SemWifiSwitchForIndividualAppsService: stopTCPMonitoring : already stopped
07-10 01:03:43.798  5674  6086 I WifiConnectivityMonitor.NCC: sNetworkCallback(oCC) FULL : 118(true/false)[ Transports: WIFI Capabilities: NOT_METERED&INTERNET&NOT_RESTRICTED&TRUSTED&NOT_VPN&VALIDATED&NOT_ROAMING&FOREGROUND&NOT_CONGESTED&NOT_SUSPENDED&NOT_VCN_MANAGED LinkUpBandwidth>=38087Kbps LinkDnBandwidth>=48162Kbps TransportInfo: <SSID: <unknown ssid>, BSSID: 02:00:00:**:**:00, MAC: 02:00:00:**:**:00, IP: /192.168.1.19, Security type: 2, Supplicant state: COMPLETED, Wi-Fi standard: 5, RSSI: -60, Link speed: 117Mbps, Tx Link speed: 117Mbps, Max Supported Tx Link speed: 433Mbps, Rx Link speed: 6Mbps, Max Supported Rx Link speed: 433Mbps, Frequency: 5180MHz, Net ID: -1, Metered hint: false, score: 60, isUsable: true, CarrierMerged: false, SubscriptionId: -1, IsPrimary: 1, Trusted: true, Restricted: false, Ephemeral: false, OEM paid: false, OEM private: false, OSU AP: false, FQDN: <none>, Provider friendly name: <none>, Requesting package name: <none><none>MLO Information: , AP MLD Address: <none>, AP MLO Link Id: <none>, AP MLO Affiliated links: <none>> SignalStrength: -60 AdminUids: [1000] SSID: "Talija" UnderlyingNetworks: Null]
07-10 01:03:43.804  5674  6164 I WifiConnectivityMonitor: current mode : 1
07-10 01:03:43.804  5674  6164 D OpenNetworkQos[4.00]: updateBssidNoInternet: mBssidNoInternet = false
07-10 01:03:43.804  5674  6164 D OpenNetworkQos[4.00]: getOpenNetworkQosNoInternetStatus: false
07-10 01:03:43.804  5674  6164 D OpenNetworkQos[4.00]: getOpenNetworkQosScores: 26 26 26
07-10 01:03:43.806  5674  6164 I WifiProfileShare: network QoS data was changed (internet), updateQoSData networkType: true, qosData: false
07-10 01:03:43.807  5674  7451 V WifiProfileShare.Caster: update wips network, size: 0
07-10 01:03:43.807  5674  7451 D WifiProfileShare: nearby scanning settings run
07-10 01:03:43.807  5674  7451 D WifiProfileShare: network score provider settings enabled
07-10 01:03:43.807  5674  7451 D OpenNetworkQos[4.00]: getOpenNetworkQosScores: 26 26 26
07-10 01:03:43.807  5674  7451 D OpenNetworkQos[4.00]: getOpenNetworkQosNoInternetStatus: false
07-10 01:03:43.808  5674  7451 I WifiProfileShare.Caster: current network type: 0, score: [26, 26, 26]
07-10 01:03:43.809  5674  7451 V WifiProfileShare.Cache: update network score 00:e4:06:**:**:90
07-10 01:03:43.809  5674  7451 D WifiProfileShare.ScanMatcher: getMcfDataList size:2
07-10 01:03:43.810  5674  7451 I WifiProfileShare.Caster: qos data was updated , before:type:QOS, pBssid:51:2e:90, qosData:7c after:type:QOS, pBssid:51:2e:90, qosData:7c
07-10 01:03:43.813  5674  7451 I [MCFSDK_android_1.2.4010]_4_b: isNetworkEnabled - type : 1 ret : true
07-10 01:03:43.813  5674  7451 D WifiProfileShare.McfCast: -ME--- mIsNetworkEnabled :true
07-10 01:03:43.813  5674  7451 D WifiProfileShare.McfCast: updateQoSData ignored, same contents
07-10 01:03:43.813  5674  7451 D WifiProfileShare.MCF: success update QosData !
07-10 01:03:43.814  5674  7451 I [MCFSDK_android_1.2.4010]_4_b: isNetworkEnabled - type : 1 ret : true
07-10 01:03:43.814  5674  7451 D WifiProfileShare.McfCast: -ME--- mIsNetworkEnabled :true
07-10 01:03:43.814  5674  7451 D WifiProfileShare.McfCast: -ME--- updatePasswordDate pwdData size:2
07-10 01:03:43.846 16924 16966 I ChimeraSrvcProxy: NullBinder for android.net.action.RECOMMEND_NETWORKS triggering remote TransactionTooLargeException due to Service without Chimera impl
07-10 01:03:43.846 16924 16966 W .gms.persistent: Large reply transaction of 1056768 bytes, interface descriptor , code 1
07-10 01:03:43.847  6461  6566 D NetworkController.WifiSignalController: notifyListener: visible=true, connected=true, inetCondition=1, isDefault=true, wifiTestReported=true, receivedInetCondition=-1, hideDuringMobileSwitching=false
07-10 01:03:44.837  9843 10427 I FuseDaemon: Threshold exceeded - fadvising 67108864
07-10 01:03:44.838  9843 10427 I FuseDaemon: Threshold now 0
07-10 01:03:46.320  9843 10427 I FuseDaemon: Threshold exceeded - fadvising 67108864
07-10 01:03:46.320  9843 10427 I FuseDaemon: Threshold now 0
07-10 01:03:46.564 31135 31148 I hbox:interactor: Background young concurrent copying GC freed 71731(6222KB) AllocSpace objects, 0(0B) LOS objects, 41% free, 8697KB/14MB, paused 707us,70us total 174.610ms
07-10 01:03:46.820  5674  7726 D SemWifiUsabilityStatsMonitor: onWifiUsabilityStats - seqNum 21499, isSameBssidAndFreq true
07-10 01:03:46.823  5674  6128 I SemWifiLinkQualityMonitor: Link Qos Query: 0.091 ms / 87.750 Mbps (234 / 0.000 / 2.667)
07-10 01:03:47.540 11611 11645 D Benchmark: THERMAL THROTTLE DETECTED, SLEEPING FOR 90 SECONDS
07-10 01:03:47.749  9843 10427 I FuseDaemon: Threshold exceeded - fadvising 67108864
07-10 01:03:47.749  9843 10427 I FuseDaemon: Threshold now 0
07-10 01:03:49.871  5674  7726 D SemWifiUsabilityStatsMonitor: onWifiUsabilityStats - seqNum 21500, isSameBssidAndFreq true
07-10 01:03:49.875  5674  6128 I SemWifiLinkQualityMonitor: Link Qos Query: 0.046 ms / 175.333 Mbps (263 / 0.000 / 1.500)
07-10 01:03:51.185 16924 16924 D BoundBrokerSvc: onUnbind: Intent { act=com.google.android.gms.phenotype.service.START pkg=com.google.android.gms }
07-10 01:03:51.189 31135 31440 I BluetoothAdapter: STATE_ON
07-10 01:03:51.211 31135 31440 D BluetoothGatt: connect() - device: 645DF4_1, auto: false
07-10 01:03:51.214 31135 31440 D BluetoothGatt: registerApp()
07-10 01:03:51.223 31135 31440 D BluetoothGatt: registerApp() - UUID=4cf15445-79ac-4f21-bdce-7d455d7841d7
07-10 01:03:51.257 15865 15892 D BtGatt.GattService: registerClient(com.google.android.googlequicksearchbox) - UUID=4cf15445-79ac-4f21-bdce-7d455d7841d7
07-10 01:03:51.265 15865 15892 D BtGatt.ContextMap: add() - appUid: 10233, appPid: 31135, appName: com.google.android.googlequicksearchbox
07-10 01:03:51.286 31135 31440 I GattConnObserver: GATT connect started, beginning countdown timer
07-10 01:03:51.297 15865 16649 W bt_bta_gattc: bta_gattc_register :: state: 2, uuid=4cf15445-79ac-4f21-bdce-7d455d7841d7
07-10 01:03:51.301 15865 16649 W bt_bta_gattc: Registered GATT client interface 6 with uuid=4cf15445-79ac-4f21-bdce-7d455d7841d7, starting it on main thread
07-10 01:03:51.302 15865 16649 W bt_bta_gattc: client_if=6
07-10 01:03:51.304 15865 16182 D BtGatt.GattService: onClientRegistered() - UUID=4cf15445-79ac-4f21-bdce-7d455d7841d7, clientIf=6
07-10 01:03:51.306 31135 31905 D BluetoothGatt: onClientRegistered() - status=0 clientIf=6
07-10 01:03:51.342 15865 15892 D BtGatt.GattService: clientConnect(com.google.android.googlequicksearchbox) - address = 645DF4_1, isDirect=true transport =2 set own addr = false own addr type:0, clientIf: 6, opportunistic=false, phy: 1
07-10 01:03:51.366 15865 16649 W bt_btm_ble: BTM_SecAddBleDevice :: dev_type=0x3
07-10 01:03:51.374 15865 16649 W bt_bta_gattc: bta_gattc_process_api_open
07-10 01:03:51.408 15865 16649 I bt_stack: [INFO:bta_gattc_main.cc(314)] bta_gattc_sm_execute: State 0x00, Event 0x1f00
07-10 01:03:51.411 15865 16649 W bt_bta_gattc: bta_gattc_open
07-10 01:03:51.414 15865 16649 W bt_stack: [WARNING:gatt_api.cc(1238)] GATT_Connect
07-10 01:03:51.421 15865 16649 W bt_stack: Starting direct connect gatt_if=6 address=645df4
07-10 01:03:51.424 15865 16649 W bt_stack: gatt_act_connect
07-10 01:03:51.451 15865 16649 I bt_stack: [INFO:gatt_attr.cc(886)] gatt_sr_init_cl_status: bda=645df4, cl_supp_feat=0000, aware=1
07-10 01:03:51.455 15865 16649 W bt_stack: gatt_connect
07-10 01:03:51.457 15865 16649 W bt_stack: gatt_connect :: call acl_create_le_connection_with_id
07-10 01:03:51.463 15865 16649 W btm_acl : Creating le direct connection to:xx:xx:xx:xx:b3:b1[public]
07-10 01:03:51.471 15865 16649 W bt_stack: AcceptLeConnectionFrom xx:xx:xx:xx:b3:b1
07-10 01:03:51.481 15865 16587 W bt_stack: Allow Le connection from remote:xx:xx:xx:xx:b3:b1[PUBLIC_DEVICE_ADDRESS]
07-10 01:03:51.492 15865 16587 W bt_stack: create_le_connection :: address : 64:5d:f4, add_to_connect_list : 1, is_direct : 1
07-10 01:03:51.495 15865 16587 W bt_stack: add_device_to_connect_list 64:5d:f4 :: Send command after register
07-10 01:03:51.496 15865 16587 W bt_stack: add_device_to_connect_list :: Device is found in security db(64:5d:f4 -> 645df4)
07-10 01:03:51.496 15865 16587 W bt_stack: add_device_to_connect_list :: set address_with_type as identity_addr
07-10 01:03:51.501 15865 16587 W bt_stack: Fast Connection Mode is already Set!!!
07-10 01:03:51.508 15865 16587 W bt_stack: Deferred until filter accept list has completed
07-10 01:03:51.512 15865 16587 W bt_stack: pause_registered_clients()
07-10 01:03:51.515 15865 16587 W bt_stack: le_scanning_manager :: OnPause()
07-10 01:03:51.517 15865 16587 W bt_stack: Stop LeSetScanEnable
07-10 01:03:51.524 15865 16587 W bt_stack: le_scanning_manager :: OnPause() - call AckPause
07-10 01:03:51.527 15865 16587 W bt_stack: le_impl :: OnPause()
07-10 01:03:51.527 15865 16587 W bt_stack: le_impl :: ConnectabilityState is DISARMED. Call AckPause()
07-10 01:03:51.528 15865 16587 W bt_stack: pause_registered_clients()
07-10 01:03:51.578 15865 16587 W bt_stack: le_address_manager :: ack_pause()
07-10 01:03:51.579 15865 16587 W bt_stack: le_address_manager :: ack_pause() - make sure all client paused. Return
07-10 01:03:51.597 15865 16587 W bt_stack: le_address_manager :: ack_pause()
07-10 01:03:51.597 15865 16587 W bt_stack: le_address_manager :: ack_pause() - handle_next_command
07-10 01:03:51.599 15865 16587 W bt_stack: handle_next_command()
07-10 01:03:51.625 15865 16587 W bt_stack: Received command complete with op_code LE_ADD_DEVICE_TO_FILTER_ACCEPT_LIST
07-10 01:03:51.632 15865 16587 W bt_stack: handle_next_command()
07-10 01:03:51.639 15865 16587 W bt_stack: Received command complete with op_code LE_ADD_DEVICE_TO_FILTER_ACCEPT_LIST
07-10 01:03:51.641 15865 16587 W bt_stack: le_scanning_manager :: OnResume()
07-10 01:03:51.643 15865 16587 W bt_stack: Start LeSetScan
07-10 01:03:51.643 15865 16587 W bt_stack: le_scanning_manager :: OnResume() - call AckResume
07-10 01:03:51.644 15865 16587 W bt_stack: le_impl :: OnResume()
07-10 01:03:51.644 15865 16587 W bt_stack: le_impl :: OnResume - Try arm connectability
07-10 01:03:51.645 15865 16587 W bt_stack: arm_connectability()
07-10 01:03:51.653 15865 16587 W bt_stack: le_impl :: check_for_unregister()
07-10 01:03:51.654 15865 16587 W bt_stack: le_address_manager :: ack_resume()
07-10 01:03:51.656 15865 16587 W bt_stack: le_address_manager :: ack_resume()
07-10 01:03:51.672 15865 16587 E bt_stack: on_create_connection :: Command status is success. Set ConnectabilityState to ARMED
07-10 01:03:52.244  9837 10033 I SemDvfsHyPerManager: acquire hyper - SIOP_GPU_FREQ_MAX/9837@4, type = 536875010
07-10 01:03:52.246  5313  5394 I HYPER-HAL: [RequestManager.cpp]acquire(): Acquired ID : 48427565  [9837 / 4]    HINT :      list : [GPUMaxFreq / 764000]
07-10 01:03:52.246  9837 10033 I SemDvfsHyPerManager: acquire hyper - SIOP_ARM_MAX/9837@2, type = 301993986
07-10 01:03:52.251  5313  5394 I HYPER-HAL: [RequestManager.cpp]acquire(): Acquired ID : 48407882  [9837 / 2]    HINT :      list : [CPUMaxFreq / 2080000]
07-10 01:03:52.366  9837  9865 I c.android.sdhms: Background concurrent copying GC freed 107079(4395KB) AllocSpace objects, 80(1600KB) LOS objects, 59% free, 4135KB/10MB, paused 252us,75us total 103.196ms
07-10 01:03:52.928  5674  7726 D SemWifiUsabilityStatsMonitor: onWifiUsabilityStats - seqNum 21501, isSameBssidAndFreq true
07-10 01:03:52.934  5674  6128 I SemWifiLinkQualityMonitor: Link Qos Query: 0.046 ms / 175.333 Mbps (263 / 0.000 / 1.500)
07-10 01:03:52.936  6461  6461 D NetworkController.WifiSignalController: notifyListener: visible=true, connected=true, inetCondition=1, isDefault=true, wifiTestReported=true, receivedInetCondition=-1, hideDuringMobileSwitching=false
07-10 01:03:53.737  5674  5674 D SemWifiP2pGoPowerSave: GopsReceiver : received : com.samsung.intent.action.CHECK_SIOP_LEVEL
07-10 01:03:53.737  5674  5674 I SemWifiP2pGoPowerSave: siop_level = 0
07-10 01:03:53.741 31802 32077 I SystemBroadcastReceiver: [#CMH#] onReceive completed :  0
07-10 01:03:53.742 31802 31802 I PolicyManager: [#CMH#] onReceive action = EVENT_SIOP
07-10 01:03:53.799 16924 21247 D ConnectivityManager: StackLog: [android.net.ConnectivityManager.reportNetworkConnectivity(ConnectivityManager.java:3499)] [apit.i(:com.google.android.gms@232414044@23.24.14 (190400-544099984):0)] [apii.run(:com.google.android.gms@232414044@23.24.14 (190400-544099984):57)] [apjh.run(:com.google.android.gms@232414044@23.24.14 (190400-544099984):2)] [dhfe.run(:com.google.android.gms@232414044@23.24.14 (190400-544099984):2)] [acmg.c(:com.google.android.gms@232414044@23.24.14 (190400-544099984):6)] [acmg.run(:com.google.android.gms@232414044@23.24.14 (190400-544099984):7)] [java.util.concurrent.ThreadPoolExecutor.runWorker(ThreadPoolExecutor.java:1137)] [java.util.concurrent.ThreadPoolExecutor$Worker.run(ThreadPoolExecutor.java:637)] [acro.run(:com.google.android.gms@232414044@23.24.14 (190400-544099984):0)] [java.lang.Thread.run(Thread.java:1012)]
07-10 01:03:53.807 16924 21247 I AlarmManager: setExactAndAllowWhileIdle [name: GCM_HB_ALARM type: 2 triggerAtMillis: 147060638]
07-10 01:03:53.849 16924 21397 I AlarmManager: setExactAndAllowWhileIdle [name: FcmRetry type: 2 triggerAtMillis: 145450678]
07-10 01:03:53.861 16924 21421 I AlarmManager: setExactAndAllowWhileIdle [name: GCM_HB_ALARM type: 2 triggerAtMillis: 147060694]
07-10 01:03:53.897  5287  5287 D Zygote  : Forked child process 21424
07-10 01:03:53.980 21424 21424 I ru.mail.mailapp: Using CollectorTypeCC GC.
07-10 01:03:54.012 21424 21424 E ru.mail.mailapp: Not starting debugger since process cannot load the jdwp agent.
07-10 01:03:54.023 29789 21431 I GmscoreIpa: Starting mediastore instant index [CONTEXT service_id=255 ]
07-10 01:03:54.047 21424 21424 W libc    : Access denied finding property "sys.perf.boostopt"
07-10 01:03:54.047  5262  5262 E audit   : type=1400 audit(1688943834.045:69663): avc:  denied  { read } for  pid=21424 comm="ru.mail.mailapp" name="u:object_r:perf_prop:s0" dev="tmpfs" ino=10663 scontext=u:r:untrusted_app:s0:c221,c256,c512,c768 tcontext=u:object_r:perf_prop:s0 tclass=file permissive=0 SEPF_SM-A515F_13_0001 audit_filtered
07-10 01:03:54.047  5262  5262 E audit   : type=1300 audit(1688943834.045:69663): arch=c00000b7 syscall=56 success=no exit=-13 a0=ffffff9c a1=7fcf7d5458 a2=88000 a3=0 items=0 ppid=5287 pid=21424 auid=4294967295 uid=10221 gid=10221 euid=10221 suid=10221 fsuid=10221 egid=10221 sgid=10221 fsgid=10221 tty=(none) ses=4294967295 comm="ru.mail.mailapp" exe="/system/bin/app_process64" subj=u:r:untrusted_app:s0:c221,c256,c512,c768 key=(null)
07-10 01:03:54.047  5262  5262 E audit   : type=1327 audit(1688943834.045:69663): proctitle="zygote64"
07-10 01:03:54.049  5262  5262 E audit   : type=1400 audit(1688943834.045:69664): avc:  denied  { read } for  pid=21424 comm="binder:21424_1" name="u:object_r:perf_prop:s0" dev="tmpfs" ino=10663 scontext=u:r:untrusted_app:s0:c221,c256,c512,c768 tcontext=u:object_r:perf_prop:s0 tclass=file permissive=0 SEPF_SM-A515F_13_0001 audit_filtered
07-10 01:03:54.050 21424 21438 W libc    : Access denied finding property "sys.perf.boostopt"
07-10 01:03:54.066 21424 21424 D ActivityThread: setConscryptValidator
07-10 01:03:54.066 21424 21424 D ActivityThread: setConscryptValidator - put
07-10 01:03:54.099  5353  5699 V APM_AudioPolicyManager: setAppState(portId:1005, state:1)
07-10 01:03:54.115 21424 21438 W libc    : Access denied finding property "sys.perf.boostopt"
07-10 01:03:54.141 21424 21424 D CompatibilityChangeReporter: Compat change id reported: 171979766; UID 10221; state: ENABLED
07-10 01:03:54.233 21424 21424 D nativeloader: Configuring classloader-namespace for other apk /system/framework/org.apache.http.legacy.jar. target_sdk_version=33, uses_libraries=ALL, library_path=/data/app/~~PuRLzinNsInQk7XkNJN04g==/ru.mail.mailapp-WtIkWmhQKnJb4l_rqTcQIQ==/lib/arm64:/data/app/~~PuRLzinNsInQk7XkNJN04g==/ru.mail.mailapp-WtIkWmhQKnJb4l_rqTcQIQ==/base.apk!/lib/arm64-v8a:/data/app/~~PuRLzinNsInQk7XkNJN04g==/ru.mail.mailapp-WtIkWmhQKnJb4l_rqTcQIQ==/split_config.arm64_v8a.apk!/lib/arm64-v8a:/data/app/~~PuRLzinNsInQk7XkNJN04g==/ru.mail.mailapp-WtIkWmhQKnJb4l_rqTcQIQ==/split_config.ru.apk!/lib/arm64-v8a:/data/app/~~PuRLzinNsInQk7XkNJN04g==/ru.mail.mailapp-WtIkWmhQKnJb4l_rqTcQIQ==/split_config.xxhdpi.apk!/lib/arm64-v8a, permitted_path=/data:/mnt/expand:/data/user/0/ru.mail.mailapp
07-10 01:03:54.233 21424 21424 D nativeloader: Extending system_exposed_libraries: libhumantracking.arcsoft.so:libPortraitDistortionCorrection.arcsoft.so:libPortraitDistortionCorrectionCali.arcsoft.so:libface_landmark.arcsoft.so:libFacialStickerEngine.arcsoft.so:libveengine.arcsoft.so:liblow_light_hdr.arcsoft.so:libhigh_dynamic_range.arcsoft.so:libFacialAttributeDetection.arcsoft.so:libBeauty_v4.camera.samsung.so:libexifa.camera.samsung.so:libjpega.camera.samsung.so:libOpenCv.camera.samsung.so:libImageScreener.camera.samsung.so:libMyFilter.camera.samsung.so:libtensorflowLite.myfilter.camera.samsung.so:libtensorflowlite_inference_api.myfilter.camera.samsung.so:libEventFinder.camera.samsung.so:libHIDTSnapJNI.camera.samsung.so:libSmartScan.camera.samsung.so:libRectify.camera.samsung.so:libDocRectifyWrapper.camera.samsung.so:libUltraWideDistortionCorrection.camera.samsung.so:libHpr_RecGAE_cvFeature_v1.0.camera.samsung.so:libHprFace_GAE_api.camera.samsung.so:libFace_Landmark_API.camera.samsung.so:libHprFace_GAE_jni.camera.samsung.so:libFacialBasedSelfieCorrec
07-10 01:03:54.439 21424 21424 W ziparchive: Unable to open '/data/app/~~PuRLzinNsInQk7XkNJN04g==/ru.mail.mailapp-WtIkWmhQKnJb4l_rqTcQIQ==/split_config.arm64_v8a.dm': No such file or directory
07-10 01:03:54.439 21424 21424 W ziparchive: Unable to open '/data/app/~~PuRLzinNsInQk7XkNJN04g==/ru.mail.mailapp-WtIkWmhQKnJb4l_rqTcQIQ==/split_config.arm64_v8a.dm': No such file or directory
07-10 01:03:54.444 21424 21424 W ru.mail.mailapp: Entry not found
07-10 01:03:54.450 21424 21424 W ziparchive: Unable to open '/data/app/~~PuRLzinNsInQk7XkNJN04g==/ru.mail.mailapp-WtIkWmhQKnJb4l_rqTcQIQ==/split_config.ru.dm': No such file or directory
07-10 01:03:54.451 21424 21424 W ziparchive: Unable to open '/data/app/~~PuRLzinNsInQk7XkNJN04g==/ru.mail.mailapp-WtIkWmhQKnJb4l_rqTcQIQ==/split_config.ru.dm': No such file or directory
07-10 01:03:54.455 21424 21424 W ru.mail.mailapp: Entry not found
07-10 01:03:54.457 21424 21424 W ziparchive: Unable to open '/data/app/~~PuRLzinNsInQk7XkNJN04g==/ru.mail.mailapp-WtIkWmhQKnJb4l_rqTcQIQ==/split_config.xxhdpi.dm': No such file or directory
07-10 01:03:54.457 21424 21424 W ziparchive: Unable to open '/data/app/~~PuRLzinNsInQk7XkNJN04g==/ru.mail.mailapp-WtIkWmhQKnJb4l_rqTcQIQ==/split_config.xxhdpi.dm': No such file or directory
07-10 01:03:54.463 21424 21424 W ru.mail.mailapp: Entry not found
07-10 01:03:54.466 21424 21424 D nativeloader: Configuring classloader-namespace for other apk /data/app/~~PuRLzinNsInQk7XkNJN04g==/ru.mail.mailapp-WtIkWmhQKnJb4l_rqTcQIQ==/base.apk:/data/app/~~PuRLzinNsInQk7XkNJN04g==/ru.mail.mailapp-WtIkWmhQKnJb4l_rqTcQIQ==/split_config.arm64_v8a.apk:/data/app/~~PuRLzinNsInQk7XkNJN04g==/ru.mail.mailapp-WtIkWmhQKnJb4l_rqTcQIQ==/split_config.ru.apk:/data/app/~~PuRLzinNsInQk7XkNJN04g==/ru.mail.mailapp-WtIkWmhQKnJb4l_rqTcQIQ==/split_config.xxhdpi.apk. target_sdk_version=33, uses_libraries=, library_path=/data/app/~~PuRLzinNsInQk7XkNJN04g==/ru.mail.mailapp-WtIkWmhQKnJb4l_rqTcQIQ==/lib/arm64:/data/app/~~PuRLzinNsInQk7XkNJN04g==/ru.mail.mailapp-WtIkWmhQKnJb4l_rqTcQIQ==/base.apk!/lib/arm64-v8a:/data/app/~~PuRLzinNsInQk7XkNJN04g==/ru.mail.mailapp-WtIkWmhQKnJb4l_rqTcQIQ==/split_config.arm64_v8a.apk!/lib/arm64-v8a:/data/app/~~PuRLzinNsInQk7XkNJN04g==/ru.mail.mailapp-WtIkWmhQKnJb4l_rqTcQIQ==/split_config.ru.apk!/lib/arm64-v8a:/data/app/~~PuRLzinNsInQk7XkNJN04g==/ru.mail.mailapp-WtIkWmhQKnJb4l_rqTcQIQ==/split_config.xxhdpi.apk!/lib
07-10 01:03:54.475 21424 21424 W ru.mail.mailapp: JIT profile information will not be recorded: profile file does not exist.
07-10 01:03:54.475 21424 21424 W ru.mail.mailapp: JIT profile information will not be recorded: profile file does not exist.
07-10 01:03:54.476 21424 21424 W ru.mail.mailapp: JIT profile information will not be recorded: profile file does not exist.
07-10 01:03:54.584 21424 21424 V GraphicsEnvironment: ANGLE Developer option for 'ru.mail.mailapp' set to: 'default'
07-10 01:03:54.585 21424 21424 V GraphicsEnvironment: ANGLE GameManagerService for ru.mail.mailapp: false
07-10 01:03:54.585 21424 21424 V GraphicsEnvironment: Neither updatable production driver nor prerelease driver is supported.
07-10 01:03:54.627 21424 21424 D NetworkSecurityConfig: Using Network Security Config from resource network_security_config debugBuild: false
07-10 01:03:54.667 21424 21424 D NetworkSecurityConfig: Using Network Security Config from resource network_security_config debugBuild: false
07-10 01:03:54.816 16924 21421 D ConnectivityManager: StackLog: [android.net.ConnectivityManager.reportNetworkConnectivity(ConnectivityManager.java:3499)] [apit.i(:com.google.android.gms@232414044@23.24.14 (190400-544099984):0)] [apii.run(:com.google.android.gms@232414044@23.24.14 (190400-544099984):57)] [apjh.run(:com.google.android.gms@232414044@23.24.14 (190400-544099984):2)] [dhfe.run(:com.google.android.gms@232414044@23.24.14 (190400-544099984):2)] [acmg.c(:com.google.android.gms@232414044@23.24.14 (190400-544099984):6)] [acmg.run(:com.google.android.gms@232414044@23.24.14 (190400-544099984):7)] [java.util.concurrent.ThreadPoolExecutor.runWorker(ThreadPoolExecutor.java:1137)] [java.util.concurrent.ThreadPoolExecutor$Worker.run(ThreadPoolExecutor.java:637)] [acro.run(:com.google.android.gms@232414044@23.24.14 (190400-544099984):0)] [java.lang.Thread.run(Thread.java:1012)]
07-10 01:03:54.819 16924 21421 I AlarmManager: setExactAndAllowWhileIdle [name: GCM_HB_ALARM type: 2 triggerAtMillis: 147061652]
07-10 01:03:54.829 16924 21422 I AlarmManager: setExactAndAllowWhileIdle [name: FcmRetry type: 2 triggerAtMillis: 145450678]
07-10 01:03:54.847 21424 21424 I HMSSDK_AutoInit: Push init start
07-10 01:03:54.887 21424 21450 I HMSSDK_o: The local secret is already in separate file mode.
07-10 01:03:54.908 21424 21450 E HMSSDK_HMSPackageManager: query hms action, resolveInfoList is null or empty.
07-10 01:03:54.914 21424 21450 E HMSSDK_HMSPackageManager: query aglite action, resolveInfoList is null or empty
07-10 01:03:54.917 21424 21450 E HMSSDK_HMSPackageManager: PackagePriorityInfo list is null
07-10 01:03:54.919 21424 21450 E HMSSDK_HMSPackageManager: <initHmsPackageInfoForMultiService> Failed to find HMS apk
07-10 01:03:54.923 21424 21450 I HMSSDK_HMSPackageManager: Enter getHMSPackageNameForMultiService
07-10 01:03:54.927 21424 21454 I HMSSDK_HMSPackageManager: enter asyncOnceCheckMDMState
07-10 01:03:54.934 21424 21450 E HMSSDK_HMSPackageManager: query hms action, resolveInfoList is null or empty.
07-10 01:03:54.937 21424 21450 E HMSSDK_HMSPackageManager: query aglite action, resolveInfoList is null or empty
07-10 01:03:54.940 21424 21450 E HMSSDK_HMSPackageManager: PackagePriorityInfo list is null
07-10 01:03:54.943 21424 21450 E HMSSDK_HMSPackageManager: <initHmsPackageInfoForMultiService> Failed to find HMS apk
07-10 01:03:54.954 21424 21450 E HMSSDK_AGCUtils: Get appId with AGConnectServicesConfig failed
07-10 01:03:54.970 21424 21450 I HMSSDK_HianalyticsExist: In isHianalyticsExist, Failed to find class HiAnalyticsConfig.
07-10 01:03:54.974 21424 21450 I HMSSDK_HianalyticsExist: hianalytics exist: false
07-10 01:03:54.978 21424 21450 I HMSSDK_HMSBIInitializer: Builder->biInitFlag :false
07-10 01:03:54.989 21424 21450 I NetworkKit_CountryCodeBean: Thread-3|null|com.huawei.hms.framework.network.grs.local.model.CountryCodeBean|getVendorCountryCode|39|countryCode by ro.hw.country is: UNKNOWN
07-10 01:03:54.995 21424 21424 D CompatibilityChangeReporter: Compat change id reported: 183155436; UID 10221; state: ENABLED
07-10 01:03:54.998 21424 21450 I NetworkKit_CountryCodeBean: Thread-3|null|com.huawei.hms.framework.network.grs.local.model.CountryCodeBean|getSimCountryCode|74|countryCode by SimCountryIso is: rs
07-10 01:03:54.999 21424 21450 I NetworkKit_CountryCodeBean: Thread-3|null|com.huawei.hms.framework.network.grs.local.model.CountryCodeBean|init|32|get issue_country code from SIM_COUNTRY
07-10 01:03:55.000 21424 21450 I HMSSDK_AnalyticsSwitchHolder: not ChinaROM
07-10 01:03:55.005 21424 21450 I HMSSDK_HMSPackageManager: Enter getHMSPackageNameForMultiService
07-10 01:03:55.008 21424 21450 E HMSSDK_HMSPackageManager: query hms action, resolveInfoList is null or empty.
07-10 01:03:55.011 21424 21450 E HMSSDK_HMSPackageManager: query aglite action, resolveInfoList is null or empty
07-10 01:03:55.017 21424 21450 E HMSSDK_HMSPackageManager: PackagePriorityInfo list is null
07-10 01:03:55.023 21424 21450 E HMSSDK_HMSPackageManager: <initHmsPackageInfoForMultiService> Failed to find HMS apk
07-10 01:03:55.028 21424 21450 E HMSSDK_AGCUtils: Get appId with AGConnectServicesConfig failed
07-10 01:03:55.030 21424 21455 I HMSSDK_HiAnalyticsUtils: Settings.SettingNotFoundException hw_app_analytics_state
07-10 01:03:55.041 21424 21455 I HMSSDK_HiAnalyticsUtils: getOobeAnalyticsState IllegalArgumentException
07-10 01:03:55.042 21424 21450 I HMSSDK_HMSPackageManager: Enter getHMSPackageNameForMultiService
07-10 01:03:55.044 21424 21455 I HMSSDK_AnalyticsCacheManager: clear AnalyticsCache.
07-10 01:03:55.045 21424 21450 E HMSSDK_HMSPackageManager: query hms action, resolveInfoList is null or empty.
07-10 01:03:55.047 21424 21455 I HMSSDK_AnalyticsSwitchHolder: getStateForHmsAnalyticsProvider
07-10 01:03:55.049 21424 21450 E HMSSDK_HMSPackageManager: query aglite action, resolveInfoList is null or empty
07-10 01:03:55.051 21424 21450 E HMSSDK_HMSPackageManager: PackagePriorityInfo list is null
07-10 01:03:55.052 21424 21450 E HMSSDK_HMSPackageManager: <initHmsPackageInfoForMultiService> Failed to find HMS apk
07-10 01:03:55.054 21424 21450 E HMSSDK_AGCUtils: Get appId with AGConnectServicesConfig failed
07-10 01:03:55.140 21424 21450 I HMSSDK_HMSPackageManager: Enter getHMSPackageNameForMultiService
07-10 01:03:55.144 21424 21450 E HMSSDK_HMSPackageManager: query hms action, resolveInfoList is null or empty.
07-10 01:03:55.147 21424 21450 E HMSSDK_HMSPackageManager: query aglite action, resolveInfoList is null or empty
07-10 01:03:55.148 21424 21450 E HMSSDK_HMSPackageManager: PackagePriorityInfo list is null
07-10 01:03:55.150 21424 21450 E HMSSDK_HMSPackageManager: <initHmsPackageInfoForMultiService> Failed to find HMS apk
07-10 01:03:55.152 21424 21450 E HMSSDK_AGCUtils: Get appId with AGConnectServicesConfig failed
07-10 01:03:55.206 21424 21478 I HMSSDK_HMSPackageManager: Enter getHMSPackageNameForMultiService
07-10 01:03:55.211 21424 21478 E HMSSDK_HMSPackageManager: query hms action, resolveInfoList is null or empty.
07-10 01:03:55.220 21424 21478 E HMSSDK_HMSPackageManager: query aglite action, resolveInfoList is null or empty
07-10 01:03:55.222 21424 21478 E HMSSDK_HMSPackageManager: PackagePriorityInfo list is null
07-10 01:03:55.231 21424 21478 E HMSSDK_HMSPackageManager: <initHmsPackageInfoForMultiService> Failed to find HMS apk
07-10 01:03:55.237 21424 21478 I HMSSDK_HuaweiApi: No setInnerHms, hms pkg name is com.huawei.hwid
07-10 01:03:55.244 21424 21478 I HMSSDK_HuaweiApi: sendRequest
07-10 01:03:55.253 21424 21478 I HMSSDK_HMSPackageManager: Enter getHMSPackageName
07-10 01:03:55.261 21424 21478 E HMSSDK_HMSPackageManager: query hms action, resolveInfoList is null or empty.
07-10 01:03:55.268 21424 21478 E HMSSDK_HMSPackageManager: <initHmsPackageInfo> Failed to find HMS apk
07-10 01:03:55.276 21424 21478 E HMSSDK_PackageManagerHelper: get PackageVersionCode failed android.content.pm.PackageManager$NameNotFoundException: com.huawei.hwid
07-10 01:03:55.288 21424 21478 I HMSSDK_HuaweiApi: isConnected:false.
07-10 01:03:55.305 21424 21478 I HMSSDK_BaseHmsClient: ====== HMSSDK version: 60800300 ======
07-10 01:03:55.309 21424 21478 I HMSSDK_BaseHmsClient: Enter connect, Connection Status: 1
07-10 01:03:55.329 21424 21478 I HMSSDK_BaseHmsClient: connect minVersion:30000000 packageName:com.huawei.hwid
07-10 01:03:55.331 21424 21478 I HMSSDK_Util: available exist: true
07-10 01:03:55.336 21424 21478 I HMSSDK_Util: available exist: true
07-10 01:03:55.344 21424 21478 E HMSSDK_HMSPackageManager: query hms action, resolveInfoList is null or empty.
07-10 01:03:55.356 21424 21478 E HMSSDK_HMSPackageManager: query aglite action, resolveInfoList is null or empty
07-10 01:03:55.358 21424 21478 E HMSSDK_HMSPackageManager: PackagePriorityInfo list is null
07-10 01:03:55.359 21424 21478 E HMSSDK_HMSPackageManager: <initHmsPackageInfoForMultiService> Failed to find HMS apk
07-10 01:03:55.361 21424 21478 I HMSSDK_AvailableAdapter: HMS is not installed
07-10 01:03:55.367 21424 21478 I HMSSDK_BaseHmsClient: check available result: 1
07-10 01:03:55.371 21424 21478 I HMSSDK_BaseHmsClient: bindCoreService3.0 fail, start resolution now.
07-10 01:03:55.374 21424 21478 I HMSSDK_BaseHmsClient: enter HmsCore resolution
07-10 01:03:55.384 21424 21478 I HMSSDK_HuaweiApiAvailabilityImpl: Enter getResolveErrorPendingIntent, errorCode: 1 requestCode: 0
07-10 01:03:55.386 21424 21478 I HMSSDK_HuaweiApiAvailabilityImpl: Enter getResolveErrorIntent, errorCode: 1
07-10 01:03:55.395 21424 21478 I HMSSDK_Util: available exist: true
07-10 01:03:55.398 21424 21478 I HMSSDK_AvailableUtil: available exist: false
07-10 01:03:55.405 21424 21478 D CompatibilityChangeReporter: Compat change id reported: 160794467; UID 10221; state: ENABLED
07-10 01:03:55.411 21424 21478 I HMSSDK_BaseHmsClient: notifyFailed result: 26
07-10 01:03:55.419 21424 21478 I HMSSDK_RequestManager: RequestManager handleMessage.
07-10 01:03:55.420 21424 21478 I HMSSDK_RequestManager: NOTIFY_CONNECT_FAILED.
07-10 01:03:55.423 21424 21478 I HMSSDK_HuaweiApi: onConnectionFailed
07-10 01:03:55.425 21424 21478 I HMSSDK_Util: available exist: true
07-10 01:03:55.436 21424 21478 I HMSSDK_Util: available exist: true
07-10 01:03:55.437 21424 21478 I HMSSDK_TaskApiCall: doExecute, uri:push.gettoken, errorCode:907135003, transactionId:100893843ttoken20230710010355172971619
07-10 01:03:55.440 21424 21478 E HMSSDK_HmsInstanceId: TokenTask failed, ErrorCode:907135003
07-10 01:03:55.449 21424 21478 I HMSSDK_HMSPackageManager: Enter getHMSPackageNameForMultiService
07-10 01:03:55.453 21424 21478 E HMSSDK_HMSPackageManager: query hms action, resolveInfoList is null or empty.
07-10 01:03:55.456 21424 21478 E HMSSDK_HMSPackageManager: query aglite action, resolveInfoList is null or empty
07-10 01:03:55.472 21424 21478 E HMSSDK_HMSPackageManager: PackagePriorityInfo list is null
07-10 01:03:55.475 21424 21478 E HMSSDK_HMSPackageManager: <initHmsPackageInfoForMultiService> Failed to find HMS apk
07-10 01:03:55.481 21424 21471 W System  : ClassLoader referenced unknown path:
07-10 01:03:55.482 21424 21478 I HMSSDK_BaseHmsClient: Enter disconnect, Connection Status: 1
07-10 01:03:55.482 21424 21471 D nativeloader: Configuring classloader-namespace for other apk . target_sdk_version=33, uses_libraries=, library_path=/data/app/~~e8ouw1akU6W2gQxV1EBpmQ==/com.google.android.gms-hGaGeUGENve9dqYnT27Igw==/lib/arm64:/data/app/~~e8ouw1akU6W2gQxV1EBpmQ==/com.google.android.gms-hGaGeUGENve9dqYnT27Igw==/base.apk!/lib/arm64-v8a, permitted_path=/data:/mnt/expand:/data/user/0/com.google.android.gms
07-10 01:03:55.579 29789 29789 D BoundBrokerSvc: onBind: Intent { act=com.google.android.gms.appset.service.START dat=chimera-action:/... cmp=com.google.android.gms/.chimera.GmsApiService }
07-10 01:03:55.581 29789 29789 D BoundBrokerSvc: Loading bound service for intent: Intent { act=com.google.android.gms.appset.service.START dat=chimera-action:/... cmp=com.google.android.gms/.chimera.GmsApiService }
07-10 01:03:55.682 21424 21496 W ru.mail.mailapp: Long monitor contention with owner main (21424) at java.io.File[] android.app.ContextImpl.getExternalCacheDirs()(ContextImpl.java:934) waiters=0 in java.io.File android.app.ContextImpl.getCacheDir() for 104ms
07-10 01:03:55.754 31802 32118 I PolicyManager: [#CMH#] Is foreground game app: false
07-10 01:03:55.835 31802 32118 I ControllerUtils: [#CMH#] StoryService:  9, isNonJustShotRunningPossible: false, isStopHeavyTask: true
07-10 01:03:55.892 31802 32118 I ControllerUtils: [#CMH#] IPService:  5, isNonJustShotRunningPossible: false, isStopHeavyTask: true
07-10 01:03:55.949 31802 32118 I ControllerUtils: [#CMH#] FaceService:  2, isNonJustShotRunningPossible: false, isStopHeavyTask: true
07-10 01:03:55.953  5674  7726 D SemWifiUsabilityStatsMonitor: onWifiUsabilityStats - seqNum 21502, isSameBssidAndFreq true
07-10 01:03:55.956  6461  6461 D NetworkController.WifiSignalController: notifyListener: visible=true, connected=true, inetCondition=1, isDefault=true, wifiTestReported=true, receivedInetCondition=-1, hideDuringMobileSwitching=false
07-10 01:03:55.958  5674  6128 I SemWifiLinkQualityMonitor: Link Qos Query: 0.030 ms / 263.250 Mbps (351 / 0.000 / 1.333)
07-10 01:03:56.063  5674  9914 D PackageManager: setEnabledSetting : userId = 0 packageName = ru.mail.mailapp cmp = androidx.work.impl.background.systemjob.SystemJobService newState = 1 callingPackage = 10221/ru.mail.mailapp
07-10 01:03:56.066  5674  9914 D ApplicationPolicy: getApplicationStateEnabled : pkg = ru.mail.mailapp userId : 0
07-10 01:03:56.069  5674  9914 D ApplicationPolicy: getApplicationComponentState : pkg = ru.mail.mailapp userId : 0
07-10 01:03:56.268 21424 21511 D CompatibilityChangeReporter: Compat change id reported: 194532703; UID 10221; state: ENABLED
07-10 01:03:56.295 21424 21502 I FA      : App measurement initialized, version: 80006
07-10 01:03:56.295 21424 21502 I FA      : To enable debug logging run: adb shell setprop log.tag.FA VERBOSE
07-10 01:03:56.296 21424 21502 I FA      : To enable faster debug mode event logging run:
07-10 01:03:56.296 21424 21502 I FA      :   adb shell setprop debug.firebase.analytics.app ru.mail.mailapp
07-10 01:03:56.299 31135 31135 W GattConnObserver: GATT connect timeout!
07-10 01:03:56.299 31135 31135 D BluetoothGatt: cancelOpen() - device: 645DF4_1
07-10 01:03:56.303 15865 15892 D BtGatt.GattService: clientDisconnect(com.google.android.googlequicksearchbox) - address=645DF4_1, connId=null, clientIf: 6
07-10 01:03:56.308 15865 16649 W bt_bta_gattc: bta_gattc_process_api_open_cancel
07-10 01:03:56.309 15865 16649 W bt_bta_gattc: Cancel GATT client direct connection
07-10 01:03:56.309 15865 16649 I bt_stack: [INFO:bta_gattc_main.cc(314)] bta_gattc_sm_execute: State 0x01, Event 0x1f02
07-10 01:03:56.310 15865 16649 W bt_bta_gattc: bta_gattc_cancel_open
07-10 01:03:56.311 15865 16649 W bt_stack: [WARNING:gatt_api.cc(1322)] GATT_CancelConnect: gatt_if:6, address: 645df4, direct:1
07-10 01:03:56.315 15865 16649 W bt_stack: gatt_disconnect
07-10 01:03:56.317 15865 16649 W bt_stack: Unable to find background connection to remove
07-10 01:03:56.318 15865 16649 W bt_stack: BTM_AcceptlistRemove
07-10 01:03:56.319 31135 31445 I BistoGattHelper: (REDACTED) [%s] GATT disconnected
07-10 01:03:56.319 15865 16649 W bt_stack: IgnoreLeConnectionFrom xx:xx:xx:xx:b3:b1
