07-10 00:55:33.714  5674  5674 D SemWifiP2pGoPowerSave: GopsReceiver : received : com.samsung.intent.action.CHECK_SIOP_LEVEL
07-10 00:55:33.714  5674  5674 I SemWifiP2pGoPowerSave: siop_level = 0
07-10 00:55:33.715 31802 32077 I SystemBroadcastReceiver: [#CMH#] onReceive completed :  0
07-10 00:55:33.716 31802 31802 I PolicyManager: [#CMH#] onReceive action = EVENT_SIOP
07-10 00:55:34.657  5674  9957 D PackageManager: setEnabledSetting : userId = 0 packageName = com.Slack cmp = androidx.work.impl.background.systemalarm.RescheduleReceiver newState = 1 callingPackage = 10329/com.Slack
07-10 00:55:34.659  5674  9957 D ApplicationPolicy: getApplicationStateEnabled : pkg = com.Slack userId : 0
07-10 00:55:34.660  5674  9957 D ApplicationPolicy: getApplicationComponentState : pkg = com.Slack userId : 0
07-10 00:55:34.679  5353  6075 V APM_AudioPolicyManager: setAppState(portId:1005, state:1)
07-10 00:55:34.681  5674  5745 W libprocessgroup: Failed to open /dev/blkio//cgroup.procs: No such file or directory
07-10 00:55:34.694 15049 15246 D ConnectivityManager: StackLog: [android.net.ConnectivityManager.sendRequestForNetwork(ConnectivityManager.java:4300)] [android.net.ConnectivityManager.registerDefaultNetworkCallbackForUid(ConnectivityManager.java:4864)] [android.net.ConnectivityManager.registerDefaultNetworkCallback(ConnectivityManager.java:4831)] [android.net.ConnectivityManager.registerDefaultNetworkCallback(ConnectivityManager.java:4805)] [androidx.work.impl.utils.NetworkApi24.registerDefaultNetworkCallbackCompat(Unknown Source:11)] [androidx.work.impl.constraints.trackers.NetworkStateTracker24.startTracking(Unknown Source:15)] [androidx.work.impl.constraints.controllers.ConstraintController.replace(Unknown Source:130)] [androidx.work.impl.constraints.WorkConstraintsTrackerImpl.replace(Unknown Source:41)] [androidx.work.impl.background.greedy.GreedyScheduler.schedule(Unknown Source:302)] [androidx.work.impl.Schedulers.schedule(Unknown Source:155)] [androidx.work.impl.utils.EnqueueRunnable.run(Unknown Source:53)] [androidx.work.Worker$2.run$androidx$work$impl$utils$SerialExecutorImpl$Task(Unknown Source:4)] [androidx.work.Worker$2.run(Unknown Source:868)] [java.util.concurrent.ThreadPoolExecutor.runWorker(ThreadPoolExecutor.java:1137)] [java.util.concurrent.ThreadPoolExecutor$Worker.run(ThreadPoolExecutor.java:637)] [java.lang.Thread.run(Thread.java:1012)]
07-10 00:55:34.696  5674  9957 D ConnectivityService: requestNetwork for uid/pid:10329/15049 activeRequest: null callbackRequest: 16504 [NetworkRequest [ REQUEST id=16505, [ Capabilities: INTERNET&NOT_RESTRICTED&TRUSTED&NOT_VCN_MANAGED Uid: 10329 RequestorUid: 10329 RequestorPkg: com.Slack UnderlyingNetworks: Null] ]] callback flags: 0 order: 2147483647
07-10 00:55:34.697  5674  6055 D ConnectivityService:    accepting network in place of null
07-10 00:55:34.703  5674  6045 D WifiNetworkFactory: got request NetworkRequest [ REQUEST id=16505, [ Capabilities: INTERNET&NOT_RESTRICTED&TRUSTED&NOT_VCN_MANAGED Uid: 10329 RequestorUid: 10329 RequestorPkg: com.Slack UnderlyingNetworks: Null] ]
07-10 00:55:34.706  5674  6045 D UntrustedWifiNetworkFactory: got request NetworkRequest [ REQUEST id=16505, [ Capabilities: INTERNET&NOT_RESTRICTED&TRUSTED&NOT_VCN_MANAGED Uid: 10329 RequestorUid: 10329 RequestorPkg: com.Slack UnderlyingNetworks: Null] ]
07-10 00:55:34.709  5674  6045 D OemPaidWifiNetworkFactory: got request NetworkRequest [ REQUEST id=16505, [ Capabilities: INTERNET&NOT_RESTRICTED&TRUSTED&NOT_VCN_MANAGED Uid: 10329 RequestorUid: 10329 RequestorPkg: com.Slack UnderlyingNetworks: Null] ]
07-10 00:55:34.710  5674  6045 D MultiInternetWifiNetworkFactory: got request NetworkRequest [ REQUEST id=16505, [ Capabilities: INTERNET&NOT_RESTRICTED&TRUSTED&NOT_VCN_MANAGED Uid: 10329 RequestorUid: 10329 RequestorPkg: com.Slack UnderlyingNetworks: Null] ]
07-10 00:55:34.715  5674  6055 D ConnectivityService: Rematched networks [computed 1ms] [applied 3ms] [issued 15]
07-10 00:55:34.715  5674  6055 D ConnectivityService: NetworkReassignment :
07-10 00:55:34.715  5674  6055 D ConnectivityService:   16505 : null  118
07-10 00:55:34.717 15049 15049 D ConnectivityManager: StackLog: [android.net.ConnectivityManager.unregisterNetworkCallback(ConnectivityManager.java:4972)] [androidx.work.impl.utils.NetworkApi21.unregisterNetworkCallbackCompat(Unknown Source:11)] [androidx.work.impl.constraints.trackers.NetworkStateTracker24.stopTracking(Unknown Source:15)] [androidx.work.impl.constraints.trackers.ConstraintTracker.removeListener(Unknown Source:24)] [androidx.work.impl.constraints.controllers.ConstraintController.replace(Unknown Source:81)] [androidx.work.impl.constraints.WorkConstraintsTrackerImpl.replace(Unknown Source:41)] [androidx.work.impl.background.greedy.GreedyScheduler.onExecuted(Unknown Source:55)] [androidx.work.impl.Processor.onExecuted(Unknown Source:59)] [com.bugsnag.android.DeliveryDelegate$1.run(Unknown Source:212)]
07-10 00:55:34.719  5674  6055 D ConnectivityService:  Removing from current network [118 WIFI], leaving 153 requests.
07-10 00:55:34.728  5353  6075 V APM_AudioPolicyManager: setAppState(portId:1005, state:1)
07-10 00:55:34.730  5353  6075 V APM_AudioPolicyManager: setAppState(portId:1005, state:1)
07-10 00:55:34.963 31102 31266 I Finsky  : [127] nlb.run(33): Stats for Executor: BlockingExecutor nls@dc8ff8d[Running, pool size = 0, active threads = 0, queued tasks = 0, completed tasks = 61]
07-10 00:55:34.964 31102 31266 I Finsky  : [127] nlb.run(33): Stats for Executor: LightweightExecutor nls@7ff542[Running, pool size = 4, active threads = 0, queued tasks = 0, completed tasks = 333]
07-10 00:55:34.964 31102 31266 I Finsky  : [127] nlb.run(33): Stats for Executor: bgExecutor nls@641b953[Running, pool size = 4, active threads = 0, queued tasks = 0, completed tasks = 1024]
07-10 00:55:35.727 31802 32118 I PolicyManager: [#CMH#] Is foreground game app: false
07-10 00:55:35.787 31802 32118 I ControllerUtils: [#CMH#] StoryService:  9, isNonJustShotRunningPossible: false, isStopHeavyTask: true
07-10 00:55:35.844 31802 32118 I ControllerUtils: [#CMH#] IPService:  5, isNonJustShotRunningPossible: false, isStopHeavyTask: true
07-10 00:55:35.857  5674  6793 D SLocation: GeopointGeofenceManager - Location reported : fix method = 4 / 16.414
07-10 00:55:35.857  5674  6793 W Settings: Setting airplane_mode_on has moved from android.provider.Settings.System to android.provider.Settings.Global, returning read-only value.
07-10 00:55:35.860  5674  6793 D SLocation: LocationProcessingAlgorithm - entry condition - dist : 4653.9233 padding : 0.0, accuracy : 16.414, provider : network, dir : 2
07-10 00:55:35.861  5674  6793 D SLocation: LocationProcessingAlgorithm - entry condition - dist : 3807521.2 padding : 0.0, accuracy : 16.414, provider : network, dir : 2
07-10 00:55:35.861  5674  6793 D SLocation: LocationProcessingAlgorithm - entry condition - dist : 90751.94 padding : 0.0, accuracy : 16.414, provider : network, dir : 2
07-10 00:55:35.861  5674  6793 D SLocation: LocationProcessingAlgorithm - entry condition - dist : 3807944.8 padding : 0.0, accuracy : 16.414, provider : network, dir : 2
07-10 00:55:35.862  5674  6793 D SLocation: LocationProcessingAlgorithm - entry condition - dist : 685.37726 padding : 0.0, accuracy : 16.414, provider : network, dir : 2
07-10 00:55:35.862  5674  6793 D SLocation: LocationProcessingAlgorithm - entry condition - dist : 1917398.0 padding : 0.0, accuracy : 16.414, provider : network, dir : 2
07-10 00:55:35.862  5674  6793 D SLocation: LocationProcessingAlgorithm - entry condition - dist : 13352.073 padding : 0.0, accuracy : 16.414, provider : network, dir : 2
07-10 00:55:35.863  5674  6793 D SLocation: LocationProcessingAlgorithm - entry condition - dist : 3807944.8 padding : 0.0, accuracy : 16.414, provider : network, dir : 2
07-10 00:55:35.863  5674  6793 D SLocation: LocationProcessingAlgorithm - entry condition - dist : 1801178.5 padding : 0.0, accuracy : 16.414, provider : network, dir : 2
07-10 00:55:35.863  5674  6793 D SLocation: LocationProcessingAlgorithm - entry condition - dist : 664.5974 padding : 0.0, accuracy : 16.414, provider : network, dir : 2
07-10 00:55:35.864  5674  6793 D SLocation: ReceiverPairWithWifi - ignore direction of location due to wifi, id =11reason=400
07-10 00:55:35.864  5674  6793 D SLocation: LocationProcessingAlgorithm - entry condition - dist : 426.82697 padding : 0.0, accuracy : 16.414, provider : network, dir : 1
07-10 00:55:35.865  5674  6793 D SLocation: GeopointReceiver - send geopoint result - 1
07-10 00:55:35.902 31802 32118 I ControllerUtils: [#CMH#] FaceService:  2, isNonJustShotRunningPossible: false, isStopHeavyTask: true
07-10 00:55:36.145  5262  5262 E audit   : type=1400 audit(1688943336.141:69554): avc:  denied  { getattr } for  pid=5674 comm="BinderProcsColl" path="/sys/kernel/debug/binder/proc/5674" dev="debugfs" ino=32119 scontext=u:r:system_server:s0 tcontext=u:object_r:sec_debugfs:s0 tclass=file permissive=0 SEPF_SM-A515F_13_0001 audit_filtered
07-10 00:55:36.145  5262  5262 E audit   : type=1300 audit(1688943336.141:69554): arch=c00000b7 syscall=79 success=no exit=-13 a0=ffffff9c a1=7ad2331a10 a2=79df9bd680 a3=0 items=0 ppid=5287 pid=5674 auid=4294967295 uid=1000 gid=1000 euid=1000 suid=1000 fsuid=1000 egid=1000 sgid=1000 fsgid=1000 tty=(none) ses=4294967295 comm="BinderProcsColl" exe="/system/bin/app_process64" subj=u:r:system_server:s0 key=(null)
07-10 00:55:36.145  5262  5262 E audit   : type=1327 audit(1688943336.141:69554): proctitle="system_server"
07-10 00:55:36.682  5674  7726 D SemWifiUsabilityStatsMonitor: onWifiUsabilityStats - seqNum 21338, isSameBssidAndFreq true
07-10 00:55:36.684  5674  6055 D ConnectivityService: notifyType CALLBACK_CAP_CHANGED for [118 WIFI]
07-10 00:55:36.686  6461  6461 D NetworkController.WifiSignalController: notifyListener: visible=true, connected=true, inetCondition=1, isDefault=true, wifiTestReported=true, receivedInetCondition=-1, hideDuringMobileSwitching=false
07-10 00:55:36.686  5674  6128 I SemWifiLinkQualityMonitor: Link Qos Query: 0.082 ms / 97.333 Mbps (292 / 0.000 / 3.000)
07-10 00:55:36.690  5674  6086 D SemWifiSwitchForIndividualAppsService: stopTCPMonitoring : already stopped
07-10 00:55:36.690  5674  6086 I WifiConnectivityMonitor.NCC: sNetworkCallback(oCC) FULL : 118(true/false)[ Transports: WIFI Capabilities: NOT_METERED&INTERNET&NOT_RESTRICTED&TRUSTED&NOT_VPN&VALIDATED&NOT_ROAMING&FOREGROUND&NOT_CONGESTED&NOT_SUSPENDED&NOT_VCN_MANAGED LinkUpBandwidth>=38087Kbps LinkDnBandwidth>=48162Kbps TransportInfo: <SSID: <unknown ssid>, BSSID: 02:00:00:**:**:00, MAC: 02:00:00:**:**:00, IP: /192.168.1.19, Security type: 2, Supplicant state: COMPLETED, Wi-Fi standard: 5, RSSI: -62, Link speed: 292Mbps, Tx Link speed: 292Mbps, Max Supported Tx Link speed: 433Mbps, Rx Link speed: 6Mbps, Max Supported Rx Link speed: 433Mbps, Frequency: 5180MHz, Net ID: -1, Metered hint: false, score: 60, isUsable: true, CarrierMerged: false, SubscriptionId: -1, IsPrimary: 1, Trusted: true, Restricted: false, Ephemeral: false, OEM paid: false, OEM private: false, OSU AP: false, FQDN: <none>, Provider friendly name: <none>, Requesting package name: <none><none>MLO Information: , AP MLD Address: <none>, AP MLO Link Id: <none>, AP MLO Affiliated links: <none>> SignalStrength: -62 AdminUids: [1000] SSID: "Talija" UnderlyingNetworks: Null]
07-10 00:55:36.691  5674  6164 I WifiConnectivityMonitor: current mode : 1
07-10 00:55:36.691  5674  6164 D OpenNetworkQos[4.00]: updateBssidNoInternet: mBssidNoInternet = false
07-10 00:55:36.691  5674  6164 D OpenNetworkQos[4.00]: getOpenNetworkQosNoInternetStatus: false
07-10 00:55:36.691  5674  6164 D OpenNetworkQos[4.00]: getOpenNetworkQosScores: 26 26 26
07-10 00:55:36.692  5674  6164 I WifiProfileShare: network QoS data was changed (internet), updateQoSData networkType: true, qosData: false
07-10 00:55:36.692  5674  7451 V WifiProfileShare.Caster: update wips network, size: 0
07-10 00:55:36.692  5674  7451 D WifiProfileShare: nearby scanning settings run
07-10 00:55:36.692  5674  7451 D WifiProfileShare: network score provider settings enabled
07-10 00:55:36.692  5674  7451 D OpenNetworkQos[4.00]: getOpenNetworkQosScores: 26 26 26
07-10 00:55:36.692  5674  7451 D OpenNetworkQos[4.00]: getOpenNetworkQosNoInternetStatus: false
07-10 00:55:36.692  5674  7451 I WifiProfileShare.Caster: current network type: 0, score: [26, 26, 26]
07-10 00:55:36.692  5674  7451 V WifiProfileShare.Cache: update network score 00:e4:06:**:**:90
07-10 00:55:36.693  5674  7451 D WifiProfileShare.ScanMatcher: getMcfDataList size:2
07-10 00:55:36.693  5674  7451 I WifiProfileShare.Caster: qos data was updated , before:type:QOS, pBssid:51:2e:90, qosData:7c after:type:QOS, pBssid:51:2e:90, qosData:7c
07-10 00:55:36.694  5674  7451 I [MCFSDK_android_1.2.4010]_4_b: isNetworkEnabled - type : 1 ret : true
07-10 00:55:36.694  5674  7451 D WifiProfileShare.McfCast: -ME--- mIsNetworkEnabled :true
07-10 00:55:36.694  5674  7451 D WifiProfileShare.McfCast: updateQoSData ignored, same contents
07-10 00:55:36.695  5674  7451 D WifiProfileShare.MCF: success update QosData !
07-10 00:55:36.704  5674  7451 I [MCFSDK_android_1.2.4010]_4_b: isNetworkEnabled - type : 1 ret : true
07-10 00:55:36.704  5674  7451 D WifiProfileShare.McfCast: -ME--- mIsNetworkEnabled :true
07-10 00:55:36.704  5674  7451 D WifiProfileShare.McfCast: -ME--- updatePasswordDate pwdData size:2
07-10 00:55:36.755  6461  6566 D NetworkController.WifiSignalController: notifyListener: visible=true, connected=true, inetCondition=1, isDefault=true, wifiTestReported=true, receivedInetCondition=-1, hideDuringMobileSwitching=false
07-10 00:55:36.756 16924 19001 I ChimeraSrvcProxy: NullBinder for android.net.action.RECOMMEND_NETWORKS triggering remote TransactionTooLargeException due to Service without Chimera impl
07-10 00:55:36.756 16924 19001 W .gms.persistent: Large reply transaction of 1056768 bytes, interface descriptor , code 1
07-10 00:55:36.804  5674  5690 I system_server: Background young concurrent copying GC freed 420314(19MB) AllocSpace objects, 69(1896KB) LOS objects, 16% free, 105MB/126MB, paused 2.486ms,340us total 111.147ms
07-10 00:55:36.810 15049 15080 W libc    : Access denied finding property "sys.perf.boostopt"
07-10 00:55:36.810  5262  5262 E audit   : type=1400 audit(1688943336.805:69555): avc:  denied  { read } for  pid=15049 comm="binder:15049_2" name="u:object_r:perf_prop:s0" dev="tmpfs" ino=10663 scontext=u:r:untrusted_app:s0:c73,c257,c512,c768 tcontext=u:object_r:perf_prop:s0 tclass=file permissive=0 SEPF_SM-A515F_13_0001 audit_filtered
07-10 00:55:36.810  5262  5262 E audit   : type=1300 audit(1688943336.805:69555): arch=c00000b7 syscall=56 success=no exit=-13 a0=ffffff9c a1=7b7d2492f8 a2=88000 a3=0 items=0 ppid=5287 pid=15049 auid=4294967295 uid=10329 gid=10329 euid=10329 suid=10329 fsuid=10329 egid=10329 sgid=10329 fsgid=10329 tty=(none) ses=4294967295 comm="binder:15049_2" exe="/system/bin/app_process64" subj=u:r:untrusted_app:s0:c73,c257,c512,c768 key=(null)
07-10 00:55:36.810  5262  5262 E audit   : type=1327 audit(1688943336.805:69555): proctitle="<pre-initialized>"
07-10 00:55:36.816  5674  5692 W System  : A resource failed to call close.
07-10 00:55:36.818  5674  5692 W System  : A resource failed to call close.
07-10 00:55:38.734  5353  6075 V APM_AudioPolicyManager: setAppState(portId:1005, state:1)
07-10 00:55:38.737  5674  5745 W libprocessgroup: Failed to open /dev/blkio//cgroup.procs: No such file or directory
07-10 00:55:38.754  5353  6075 V APM_AudioPolicyManager: setAppState(portId:1005, state:1)
07-10 00:55:38.754  5674  5745 W libprocessgroup: Failed to open /dev/blkio//cgroup.procs: No such file or directory
07-10 00:55:38.787  5353  6075 V APM_AudioPolicyManager: setAppState(portId:1005, state:1)
07-10 00:55:38.793  5353  6075 V APM_AudioPolicyManager: setAppState(portId:1005, state:1)
07-10 00:55:38.817  5353  6075 V APM_AudioPolicyManager: setAppState(portId:1005, state:1)
07-10 00:55:38.822  5353  6075 V APM_AudioPolicyManager: setAppState(portId:1005, state:1)
07-10 00:55:39.713  5674  7726 D SemWifiUsabilityStatsMonitor: onWifiUsabilityStats - seqNum 21339, isSameBssidAndFreq true
07-10 00:55:39.716  5674  6128 I SemWifiLinkQualityMonitor: Link Qos Query: 0.027 ms / 292.000 Mbps (292 / 0.000 / 1.000)
07-10 00:55:41.352  5674  6112 I ChimeraAggressivePolicyHandler: executePolicy() - triggerSource: TRIGGER_SOURCE_LMKD
07-10 00:55:41.355  5674  6112 I ChimeraAggressivePolicyHandler: available memory: 887900, free memory target: 870400, quit chimera
07-10 00:55:42.752  5674  7726 D SemWifiUsabilityStatsMonitor: onWifiUsabilityStats - seqNum 21340, isSameBssidAndFreq true
07-10 00:55:42.754  5674  6128 I SemWifiLinkQualityMonitor: Link Qos Query: 0.034 ms / 234.000 Mbps (351 / 0.000 / 1.500)
07-10 00:55:44.310 11611 11645 D Benchmark: timeNs[ 0:10]: 4989 5014 5021 4913 4947 4956 5186 4870 4870 4747
07-10 00:55:44.310 11611 11645 D Benchmark: timeNs[10:20]: 5006 4819 4884 5161 5046 4958 5160 5444 5094 5076
07-10 00:55:44.310 11611 11645 D Benchmark: timeNs[20:30]: 5791 4860 4938 5008 5073 5037 5119 4733 4830 5324
07-10 00:55:44.310 11611 11645 D Benchmark: timeNs[30:40]: 4973 4914 5157 4832 5285 4952 4810 5114 5044 4978
07-10 00:55:44.310 11611 11645 D Benchmark: timeNs[40:50]: 4982 5086 4882 4981 4822 4902 4871 5307 5315 5352
07-10 00:55:44.610 11611 11645 W _benchmark.test: Suspending all threads took: 19.838ms
07-10 00:55:45.027 11611 11645 D Benchmark: allocationCount[ 0:10]: 100 100 100 100 100
07-10 00:55:45.028 11611 11645 D Benchmark: Set 11645 (Bench thread) to priority -8. Was -20, now -8
07-10 00:55:45.028 11611 11645 D Benchmark: Set 11624 (Jit) to priority 9. Was -15, now 9
07-10 00:55:45.028 11611 11645 D Benchmark: Warmup: t=8.000, iter=1030071, fastAvg=6653, slowAvg=9424
07-10 00:55:45.028 11611 11645 I PerfettoCapture: Stopping perfetto.
07-10 00:55:45.064 19058 19058 I perfetto:    perfetto_cmd.cc:1168 SIGINT/SIGTERM received: disabling tracing.
07-10 00:55:45.069 11611 11645 D Benchmark: kill -TERM command output -
07-10 00:55:45.077  5424  5424 I perfetto:  probes_producer.cc:396 Producer stop (id=1265)
07-10 00:55:45.081  5424  5424 I perfetto:    ftrace_procfs.cc:342 disabled ftrace in /sys/kernel/tracing/
07-10 00:55:45.137  4380  4380 I hwservicemanager: getTransport: Cannot find entry android.hardware.atrace@1.0::IAtraceDevice/default in either framework or device VINTF manifest.
07-10 00:55:45.144  5424  5424 I perfetto:  probes_producer.cc:396 Producer stop (id=1266)
07-10 00:55:45.144  5424  5424 I perfetto:  probes_producer.cc:396 Producer stop (id=1267)
07-10 00:55:45.240 19058 19058 I perfetto:    perfetto_cmd.cc:1124 Trace written into the output file
07-10 00:55:45.256  5436  5436 I perfetto: ng_service_impl.cc:2426 Tracing session 317 ended, total sessions:0
07-10 00:55:45.706 11611 11645 D Benchmark: Waiting 500 ms for [ProcessPid(processName=perfetto, pid=19058)] to die
07-10 00:55:45.797  5674  7726 D SemWifiUsabilityStatsMonitor: onWifiUsabilityStats - seqNum 21341, isSameBssidAndFreq true
07-10 00:55:45.800  5674  6128 I SemWifiLinkQualityMonitor: Link Qos Query: 0.030 ms / 263.250 Mbps (351 / 0.000 / 1.333)
07-10 00:55:45.845 11611 11645 I PerfettoCapture: Writing to /storage/emulated/0/Android/data/org.jetbrains.android_benchmark.test/cache/BoxRecreationBenchmark_valueFloat_2023-07-09-22-55-45.perfetto-trace.
07-10 00:55:46.217 11611 11645 D Benchmark: Copying /storage/emulated/0/Android/data/org.jetbrains.android_benchmark.test/cache/BoxRecreationBenchmark_valueFloat_2023-07-09-22-55-45.perfetto-trace to /sdcard/Android/media/org.jetbrains.android_benchmark.test/additional_test_output/BoxRecreationBenchmark_valueFloat_2023-07-09-22-55-45.perfetto-trace
07-10 00:55:46.259  9843 19026 W MediaProvider: isAppCloneUserPair for user 0: false
07-10 00:55:46.391  5674  6593 D SyncManager: userId - 0 auto - true
07-10 00:55:46.472  5674  5745 W libprocessgroup: Failed to open /dev/blkio//cgroup.procs: No such file or directory
07-10 00:55:46.491 16924 17588 I NetworkScheduler.Stats: (REDACTED) Task %s/%s started execution. cause:%s exec_start_elapsed_seconds: %s
07-10 00:55:46.501 16924 18859 I NetworkScheduler.Stats: (REDACTED) Task %s/%s finished executing. cause:%s result: %s elapsed_millis: %s uptime_millis: %s exec_start_elapsed_seconds: %s
07-10 00:55:46.753 11611 11645 I Benchmark: BoxRecreationBenchmark.valueFloat[Metric (timeNs) results: median 4985.934530938124, min 4733.768330006654, max 5791.391616766467, standardDeviation: 196.17104969731204, Metric (allocationCount) results: median 100.00006653359947, min 100.0, max 100.0001996007984, standardDeviation: 8.148668472047265E-5]count=15030
07-10 00:55:46.756 11611 11645 D Benchmark: writing results to /storage/emulated/0/Android/data/org.jetbrains.android_benchmark.test/cache/org.jetbrains.android_benchmark.test-benchmarkData.json
07-10 00:55:46.768 11611 11645 D Benchmark: Copying /storage/emulated/0/Android/data/org.jetbrains.android_benchmark.test/cache/org.jetbrains.android_benchmark.test-benchmarkData.json to /sdcard/Android/media/org.jetbrains.android_benchmark.test/additional_test_output/org.jetbrains.android_benchmark.test-benchmarkData.json
07-10 00:55:46.837  9843 19121 I MediaProvider: Deleted 0 0 0 0 0 0 0 items on external_primary due to org.jetbrains.android_benchmark.test
07-10 00:55:46.857 11611 11645 I TestRunner: finished: valueFloat(org.jetbrains.android_benchmark.BoxRecreationBenchmark)
