07-10 01:19:15.842 11611 11645 I TestRunner: started: valueInlineOnlyBodiesFloat(org.jetbrains.android_benchmark.Wolf3dBenchmark)
07-10 01:19:15.845 11611 11611 I MonitoringInstr: Activities that are still in CREATED to STOPPED: 1
07-10 01:19:15.845 11611 11611 I MonitoringInstr: Finishing activity: androidx.benchmark.IsolationActivity@c9a4959
07-10 01:19:15.853 11611 11645 I GrantPermissionCallable: Permission: android.permission.WRITE_EXTERNAL_STORAGE is already granted!
07-10 01:19:15.853 11611 11645 I GrantPermissionCallable: Permission: android.permission.READ_EXTERNAL_STORAGE is already granted!
07-10 01:19:15.854 11611 11645 D Benchmark: -- Running org.jetbrains.android_benchmark.Wolf3dBenchmark#valueInlineOnlyBodiesFloat --
07-10 01:19:15.854 11611 11645 D PerfettoCapture: Supported ABIs: arm64-v8a, armeabi-v7a, armeabi
07-10 01:19:15.854 11611 11645 D PerfettoCapture: Recording perfetto trace
07-10 01:19:15.887 11611 11645 I PerfettoCapture: Cleanup perfetto before starting.
07-10 01:19:15.901  5674  5745 W libprocessgroup: Failed to open /dev/blkio//cgroup.procs: No such file or directory
07-10 01:19:15.923 16924 25642 I NetworkScheduler.Stats: (REDACTED) Task %s/%s started execution. cause:%s exec_start_elapsed_seconds: %s
07-10 01:19:15.981 29789 25625 I WakefulBroadcastRcvr: Processing wakeful broadcast: com.google.android.gms.checkin.CHECKIN_START_ACTION
07-10 01:19:15.990  5353  6075 V APM_AudioPolicyManager: setAppState(portId:1005, state:1)
07-10 01:19:15.991  5674  5745 W libprocessgroup: Failed to open /dev/blkio//cgroup.procs: No such file or directory
07-10 01:19:16.006 16924 23191 I NetworkScheduler.Stats: (REDACTED) Task %s/%s finished executing. cause:%s result: %s elapsed_millis: %s uptime_millis: %s exec_start_elapsed_seconds: %s
07-10 01:19:16.039 25568 25568 I SCS@AiSearch user 0: (ObserverWorker::AOSP_MP) [main] entering in startWork():
07-10 01:19:16.040 25568 25568 I SCS@AiSearch user 0: (BaseCollector::AOSP_MP) [main] entering in onChange():
07-10 01:19:16.042 25568 25789 I SCS@AiSearch user 0: (BaseCollector::AOSP_MP) [AOSP_MP-0] entering in collectChanges():
07-10 01:19:16.057 11611 11645 I PerfettoCapture: Perfetto output file cleanup -
07-10 01:19:16.057 11611 11645 I PerfettoCapture: Starting perfetto tracing with cmd: cat /storage/emulated/0/Android/data/org.jetbrains.android_benchmark.test/cache/trace_config.pb | perfetto --background -c - -o /data/misc/perfetto-traces/trace_output.pb
07-10 01:19:16.061  5674  9929 D PackageManager: setEnabledSetting : userId = 0 packageName = com.samsung.android.scs cmp = androidx.work.impl.background.systemalarm.RescheduleReceiver newState = 1 callingPackage = 10380/com.samsung.android.scs
07-10 01:19:16.062  5674  9929 D ApplicationPolicy: getApplicationStateEnabled : pkg = com.samsung.android.scs userId : 0
07-10 01:19:16.064  5674  9929 D ApplicationPolicy: getApplicationComponentState : pkg = com.samsung.android.scs userId : 0
07-10 01:19:16.100 29789 26391 I Checkin : [EventLogChimeraService] Opted in for usage reporting: true
07-10 01:19:16.199 26412 26412 I perfetto:    perfetto_cmd.cc:1001 Connected to the Perfetto traced service, starting tracing
07-10 01:19:16.201  5436  5436 I perfetto: ing_service_impl.cc:953 Configured tracing session 327, #sources:4, duration:0 ms, #buffers:2, total buffer size:36864 KB, total sessions:1, uid:2000 session name: ""
07-10 01:19:16.202  5424  5424 I perfetto:  probes_producer.cc:139 Ftrace setup (target_buf=653)
07-10 01:19:16.222 25568 25789 I SCS@AiSearch user 0: (BaseCollector::AOSP_MP) fetchInternal values : maxSyncId: 1000028446 indexCount: 19466 sourceCount: 19466
07-10 01:19:16.241 11611 11645 I PerfettoCapture: Perfetto output - 26412
07-10 01:19:16.241 11611 11645 I PerfettoCapture: EXITCODE=0
07-10 01:19:16.272 29789 26391 W GmsTaskScheduler: ScheduledCheckinGmsTaskService is not available. This may cause the task to be lost.
07-10 01:19:16.286  4380  4380 I hwservicemanager: getTransport: Cannot find entry android.hardware.atrace@1.0::IAtraceDevice/default in either framework or device VINTF manifest.
07-10 01:19:16.305 29789 26391 I Checkin : [EventLogChimeraService] Accumulating logs since 1688901986608
07-10 01:19:16.309  5424  5424 I perfetto:    ftrace_procfs.cc:335 enabled ftrace in /sys/kernel/tracing/
07-10 01:19:16.351 25568 25789 I SCS@AiSearch user 0: (IndexManager) [AOSP_MP-0] entering in addIndex():
07-10 01:19:16.362 25568 25789 I SCS@AiSearch user 0: (BaseCollector::AOSP_MP) fetch: fetching took  214 ms
07-10 01:19:16.363 25568 25789 I SCS@AiSearch user 0: (BaseCollector::AOSP_MP) fetchChanges: applied 0 items
07-10 01:19:16.363 11611 11645 I PerfettoCapture: Perfetto tracing started successfully with pid 26412.
07-10 01:19:16.364 25568 25789 I SCS@AiSearch user 0: (BaseCollector::AOSP_MP) Collect finished. Result: true
07-10 01:19:16.367 25568 25621 I WM-WorkerWrapper: Worker result SUCCESS for Work [ id=954e789e-d5ea-495f-8d3a-b34f48eb3dd2, tags={ com.sec.android.app.myfiles, com.samsung.android.scs.ai.search.data.collector.ObserverWorker } ]
07-10 01:19:16.375 25568 25789 I SCS@AiSearch user 0: (BaseCollector::AOSP_MP) enqueue ObserverWorker name: com.sec.android.app.myfiles, policy: APPEND_OR_REPLACE
07-10 01:19:16.395  5353  6075 V APM_AudioPolicyManager: setAppState(portId:1005, state:1)
07-10 01:19:16.413  5353  6075 V APM_AudioPolicyManager: setAppState(portId:1005, state:1)
07-10 01:19:16.454 29789 26391 W Checkin : [EventLogAggregator] Unknown tag: install_package_attempt
07-10 01:19:16.455 29789 26391 W Checkin : [EventLogAggregator] Unknown tag: snet_gcore
07-10 01:19:16.455 29789 26391 W Checkin : [EventLogAggregator] Unknown tag: snet_launch_service
07-10 01:19:16.477 11611 11645 I PerfettoCapture: /sys/kernel/tracing/tracing_on = 1, polled 0 times, capture fully started
07-10 01:19:16.479 11611 11645 D Benchmark: Set 11645 (Bench thread) to priority -20. Was -8, now -20
07-10 01:19:16.479 11611 11645 D Benchmark: Set 11624 (Jit) to priority -15. Was 9, now -15
07-10 01:19:16.513 11611 11645 I _benchmark.test: Explicit concurrent copying GC freed 9228(693KB) AllocSpace objects, 1(20KB) LOS objects, 67% free, 3021KB/9165KB, paused 443us,98us total 33.222ms
07-10 01:19:16.566  5674  9957 D PackageManager: setEnabledSetting : userId = 0 packageName = com.samsung.android.scs cmp = androidx.work.impl.background.systemalarm.RescheduleReceiver newState = 1 callingPackage = 10380/com.samsung.android.scs
07-10 01:19:16.570  5674  9957 D ApplicationPolicy: getApplicationStateEnabled : pkg = com.samsung.android.scs userId : 0
07-10 01:19:16.571  5674  9957 D ApplicationPolicy: getApplicationComponentState : pkg = com.samsung.android.scs userId : 0
07-10 01:19:16.913 31135 31440 W BistoGattHelper: (REDACTED) [%s] GATT already released after un-subscribing, doing nothing.
07-10 01:19:16.945  5674  5745 W libprocessgroup: Failed to open /dev/blkio//cgroup.procs: No such file or directory
07-10 01:19:16.946  5674  5745 W libprocessgroup: Failed to open /dev/blkio//cgroup.procs: No such file or directory
07-10 01:19:17.076 16924 16924 D BoundBrokerSvc: onBind: Intent { act=com.google.android.gms.udc.service.START dat=chimera-action:/... cmp=com.google.android.gms/.chimera.PersistentApiService }
07-10 01:19:17.076 16924 16924 D BoundBrokerSvc: Loading bound service for intent: Intent { act=com.google.android.gms.udc.service.START dat=chimera-action:/... cmp=com.google.android.gms/.chimera.PersistentApiService }
07-10 01:19:17.086 29789 29822 W gle.android.gms: Couldn't lock the profile file /data/user/0/com.google.android.gms/cache/oat/1684864811298.jar.cur.prof: Failed to open file '/data/user/0/com.google.android.gms/cache/oat/1684864811298.jar.cur.prof': No such file or directory
07-10 01:19:17.087 29789 29822 W gle.android.gms: Could not forcefully load profile /data/user/0/com.google.android.gms/cache/oat/1684864811298.jar.cur.prof
07-10 01:19:17.285  5674 26436 D TrafficStats: tagSocket(967) with statsTag=0xffffffff, statsUid=-1
07-10 01:19:17.493  5674 26436 D WifiConnectivityMonitor.DnsThread:  [|210]
07-10 01:19:17.494  5674  6182 D WifiConnectivityMonitor.NetworkStatsAnalyzer: DNS resultType : 0, responseTime : 210
07-10 01:19:17.495  5674  6164 D OpenNetworkQos[4.00]: updateBssidLatestDnsResultType - result: 0
07-10 01:19:17.495  5674  6164 D OpenNetworkQos[4.00]: updateBssidNoInternet: mBssidNoInternet = false
07-10 01:19:17.495  5674  6164 D OpenNetworkQos[4.00]: getOpenNetworkQosNoInternetStatus: false
07-10 01:19:17.495  5674  6164 D OpenNetworkQos[4.00]: getOpenNetworkQosScores: 26 26 26
07-10 01:19:17.501  5674  6164 I WifiProfileShare: network QoS data was changed (internet), updateQoSData networkType: true, qosData: false
07-10 01:19:17.502  5674  7451 V WifiProfileShare.Caster: update wips network, size: 0
07-10 01:19:17.502  5674  7451 D WifiProfileShare: nearby scanning settings run
07-10 01:19:17.502  5674  7451 D WifiProfileShare: network score provider settings enabled
07-10 01:19:17.503  5674  7451 D OpenNetworkQos[4.00]: getOpenNetworkQosScores: 26 26 26
07-10 01:19:17.503  5674  7451 D OpenNetworkQos[4.00]: getOpenNetworkQosNoInternetStatus: false
07-10 01:19:17.503  5674  7451 I WifiProfileShare.Caster: current network type: 0, score: [26, 26, 26]
07-10 01:19:17.504  5674  7451 V WifiProfileShare.Cache: update network score 00:e4:06:**:**:90
07-10 01:19:17.505  5674  7451 D WifiProfileShare.ScanMatcher: getMcfDataList size:2
07-10 01:19:17.505  5674  7451 I WifiProfileShare.Caster: qos data was updated , before:type:QOS, pBssid:51:2e:90, qosData:7c after:type:QOS, pBssid:51:2e:90, qosData:7c
07-10 01:19:17.509  5674  7451 I [MCFSDK_android_1.2.4010]_4_b: isNetworkEnabled - type : 1 ret : true
07-10 01:19:17.510  5674  7451 D WifiProfileShare.McfCast: -ME--- mIsNetworkEnabled :true
07-10 01:19:17.510  5674  7451 D WifiProfileShare.McfCast: updateQoSData ignored, same contents
07-10 01:19:17.510  5674  7451 D WifiProfileShare.MCF: success update QosData !
07-10 01:19:17.513  5674  7451 I [MCFSDK_android_1.2.4010]_4_b: isNetworkEnabled - type : 1 ret : true
07-10 01:19:17.513  5674  7451 D WifiProfileShare.McfCast: -ME--- mIsNetworkEnabled :true
07-10 01:19:17.513  5674  7451 D WifiProfileShare.McfCast: -ME--- updatePasswordDate pwdData size:2
07-10 01:19:17.526 16924 16948 I .gms.persistent: Background concurrent copying GC freed 500062(22MB) AllocSpace objects, 9(292KB) LOS objects, 50% free, 19MB/39MB, paused 214us,166us total 385.278ms
07-10 01:19:17.529 25837 26306 W libc    : Access denied finding property "sys.perf.boostopt"
07-10 01:19:17.531 20569 23305 W libc    : Access denied finding property "sys.perf.boostopt"
07-10 01:19:17.534 25320 25747 W libc    : Access denied finding property "sys.perf.boostopt"
07-10 01:19:17.535  5262  5262 E audit   : type=1400 audit(1688944757.525:69985): avc:  denied  { read } for  pid=25837 comm="binder:25837_5" name="u:object_r:perf_prop:s0" dev="tmpfs" ino=10663 scontext=u:r:untrusted_app:s0:c252,c256,c512,c768 tcontext=u:object_r:perf_prop:s0 tclass=file permissive=0 SEPF_SM-A515F_13_0001 audit_filtered
07-10 01:19:17.535  5262  5262 E audit   : type=1300 audit(1688944757.525:69985): arch=c00000b7 syscall=56 success=no exit=-13 a0=ffffff9c a1=7b8a0732f8 a2=88000 a3=0 items=0 ppid=5287 pid=25837 auid=4294967295 uid=10252 gid=10252 euid=10252 suid=10252 fsuid=10252 egid=10252 sgid=10252 fsgid=10252 tty=(none) ses=4294967295 comm="binder:25837_5" exe="/system/bin/app_process64" subj=u:r:untrusted_app:s0:c252,c256,c512,c768 key=(null)
07-10 01:19:17.535  5262  5262 E audit   : type=1327 audit(1688944757.525:69985): proctitle="com.google.android.apps.photos"
07-10 01:19:17.535  5262  5262 E audit   : type=1400 audit(1688944757.525:69986): avc:  denied  { read } for  pid=20569 comm="binder:20569_9" name="u:object_r:perf_prop:s0" dev="tmpfs" ino=10663 scontext=u:r:priv_app:s0:c512,c768 tcontext=u:object_r:perf_prop:s0 tclass=file permissive=0 SEPF_SM-A515F_13_0001 audit_filtered
07-10 01:19:17.535  5262  5262 E audit   : type=1300 audit(1688944757.525:69986): arch=c00000b7 syscall=56 success=no exit=-13 a0=ffffff9c a1=7b89f032f8 a2=88000 a3=0 items=0 ppid=5287 pid=20569 auid=4294967295 uid=10226 gid=10226 euid=10226 suid=10226 fsuid=10226 egid=10226 sgid=10226 fsgid=10226 tty=(none) ses=4294967295 comm="binder:20569_9" exe="/system/bin/app_process64" subj=u:r:priv_app:s0:c512,c768 key=(null)
07-10 01:19:17.535 16924 16952 D BluetoothSocket: close() this: android.bluetooth.BluetoothSocket@30a53ad, channel: -1, mSocketIS: android.net.LocalSocketImpl$SocketInputStream@5b286e2, mSocketOS: android.net.LocalSocketImpl$SocketOutputStream@6e87a73, mSocket: null, mSocketState: CLOSED
07-10 01:19:17.536 24412 24424 W libc    : Access denied finding property "sys.perf.boostopt"
07-10 01:19:17.540  5674  5745 W libprocessgroup: Failed to open /dev/blkio//cgroup.procs: No such file or directory
07-10 01:19:17.542  5674  5745 W libprocessgroup: Failed to open /dev/blkio//cgroup.procs: No such file or directory
07-10 01:19:17.546 16924 16952 D BluetoothSocket: close() this: android.bluetooth.BluetoothSocket@653b53a, channel: -1, mSocketIS: android.net.LocalSocketImpl$SocketInputStream@7b805eb, mSocketOS: android.net.LocalSocketImpl$SocketOutputStream@9ea4f48, mSocket: null, mSocketState: CLOSED
07-10 01:19:17.597  5674  6213 D NetdEventListenerService: DNS Requested by : 118, 10226
07-10 01:19:17.602 24412 24988 D TrafficStats: tagSocket(114) with statsTag=0x1803, statsUid=10226
07-10 01:19:18.002 29789 26396 I GmscoreIpa: Starting mediastore instant index [CONTEXT service_id=255 ]
07-10 01:19:18.545  5674  7726 D SemWifiUsabilityStatsMonitor: onWifiUsabilityStats - seqNum 21805, isSameBssidAndFreq true
07-10 01:19:18.547  5674  6128 I SemWifiLinkQualityMonitor: Link Qos Query: 0.128 ms / 62.507 Mbps (117 / 0.000 / 1.872)
07-10 01:19:18.922 15865 16587 W bt_stack: pause_registered_clients()
07-10 01:19:18.922 15865 16587 W bt_stack: le_scanning_manager :: OnPause()
07-10 01:19:18.922 15865 16587 W bt_stack: Stop LeSetScanEnable
07-10 01:19:18.922 15865 16587 W bt_stack: le_scanning_manager :: OnPause() - call AckPause
07-10 01:19:18.922 15865 16587 W bt_stack: le_impl :: OnPause()
07-10 01:19:18.923 15865 16587 W bt_stack: le_impl :: ConnectabilityState is DISARMED. Call AckPause()
07-10 01:19:18.924 15865 16587 W bt_stack: le_address_manager :: ack_pause()
07-10 01:19:18.924 15865 16587 W bt_stack: le_address_manager :: ack_pause() - make sure all client paused. Return
07-10 01:19:18.924 15865 16587 W bt_stack: le_address_manager :: ack_pause()
07-10 01:19:18.924 15865 16587 W bt_stack: le_address_manager :: ack_pause() - handle_next_command
07-10 01:19:18.924 15865 16587 W bt_stack: handle_next_command()
07-10 01:19:18.934 15865 16587 W bt_stack: Received command complete with op_code LE_SET_RANDOM_ADDRESS
07-10 01:19:18.934 15865 16587 W bt_stack: le_scanning_manager :: OnResume()
07-10 01:19:18.934 15865 16587 W bt_stack: Start LeSetScan
07-10 01:19:18.935 15865 16587 W bt_stack: le_scanning_manager :: OnResume() - call AckResume
07-10 01:19:18.935 15865 16587 W bt_stack: le_impl :: OnResume()
07-10 01:19:18.935 15865 16587 W bt_stack: le_impl :: check_for_unregister()
07-10 01:19:18.935 15865 16587 W bt_stack: le_address_manager :: ack_resume()
07-10 01:19:18.935 15865 16587 W bt_stack: le_address_manager :: ack_resume()
07-10 01:19:20.123 29789 26391 I Checkin : [CheckinOperation] Starting Checkin: PeriodicTaskTag Reason : 8 Force : false UserId : 0 Start time : 146256955
07-10 01:19:20.166 29789 26391 I CheckinUtil: Classify the device as Phone. [CONTEXT service_id=130 ]
07-10 01:19:20.313 29789 26391 I Checkin : [AndroidCheckinProtoModule] Checkin reason type: 8 attempt count: 1.
07-10 01:19:20.475 16924 16924 D BoundBrokerSvc: onBind: Intent { act=com.google.android.gms.auth.account.workaccount.START dat=chimera-action:/... cmp=com.google.android.gms/.chimera.PersistentApiService }
07-10 01:19:20.476 16924 16924 D BoundBrokerSvc: Loading bound service for intent: Intent { act=com.google.android.gms.auth.account.workaccount.START dat=chimera-action:/... cmp=com.google.android.gms/.chimera.PersistentApiService }
07-10 01:19:20.492  5674  5745 W libprocessgroup: Failed to open /dev/blkio//cgroup.procs: No such file or directory
07-10 01:19:20.493  5674  5745 W libprocessgroup: Failed to open /dev/blkio//cgroup.procs: No such file or directory
07-10 01:19:20.495  5674  5745 W libprocessgroup: Failed to open /dev/blkio//cgroup.procs: No such file or directory
07-10 01:19:20.502 29789 29789 D BoundBrokerSvc: onBind: Intent { act=com.google.android.gms.checkin.START pkg=com.google.android.gms }
07-10 01:19:20.502 29789 29789 D BoundBrokerSvc: Loading bound service for intent: Intent { act=com.google.android.gms.checkin.START pkg=com.google.android.gms }
07-10 01:19:20.863 16924 20534 D TrafficStats: tagSocket(212) with statsTag=0x30000401, statsUid=10226
07-10 01:19:20.863  5674  6213 D NetdEventListenerService: DNS Requested by : 118, 10226
07-10 01:19:20.922 16924 20534 W Conscrypt: Could not set socket write timeout: java.net.SocketException: Socket closed
07-10 01:19:20.939 16924 20534 W Conscrypt: 	at com.google.android.gms.org.conscrypt.Platform.setSocketWriteTimeout(:com.google.android.gms@232414044@23.24.14 (190400-544099984):2)
07-10 01:19:20.940 16924 20534 W Conscrypt: 	at com.google.android.gms.org.conscrypt.ConscryptFileDescriptorSocket.setSoWriteTimeout(:com.google.android.gms@232414044@23.24.14 (190400-544099984):0)
07-10 01:19:21.019 16924 20534 W Conscrypt: Could not set socket write timeout: java.net.SocketException: Socket closed
07-10 01:19:21.020 16924 20534 W Conscrypt: 	at com.google.android.gms.org.conscrypt.Platform.setSocketWriteTimeout(:com.google.android.gms@232414044@23.24.14 (190400-544099984):2)
07-10 01:19:21.020 16924 20534 W Conscrypt: 	at com.google.android.gms.org.conscrypt.ConscryptFileDescriptorSocket.setSoWriteTimeout(:com.google.android.gms@232414044@23.24.14 (190400-544099984):0)
07-10 01:19:21.246  5674  6183 D WifiConnectivityMonitor: start WCM Poll.
07-10 01:19:21.254 16924 20534 I Auth    : (REDACTED) [GetTokenResponse] Decryption key=%s success, service=%s
07-10 01:19:21.556 16924 20534 I Auth    : (REDACTED) [GetTokenResponse] Decryption key=%s success, service=%s
07-10 01:19:21.575  5674  7726 D SemWifiUsabilityStatsMonitor: onWifiUsabilityStats - seqNum 21806, isSameBssidAndFreq true
07-10 01:19:21.577  5674  6128 I SemWifiLinkQualityMonitor: Link Qos Query: 0.302 ms / 26.514 Mbps (58 / 0.000 / 2.188)
07-10 01:19:21.736 16924 16924 D BoundBrokerSvc: onBind: Intent { act=com.google.android.gms.pseudonymous.service.START dat=chimera-action:/... cmp=com.google.android.gms/.chimera.PersistentApiService }
07-10 01:19:21.736 16924 16924 D BoundBrokerSvc: Loading bound service for intent: Intent { act=com.google.android.gms.pseudonymous.service.START dat=chimera-action:/... cmp=com.google.android.gms/.chimera.PersistentApiService }
07-10 01:19:21.768 29789 26391 D TrafficStats: tagSocket(171) with statsTag=0x30000408, statsUid=-1
07-10 01:19:21.768  5674  6213 D NetdEventListenerService: DNS Requested by : 118, 10226
07-10 01:19:21.810 29789 26391 W Conscrypt: Could not set socket write timeout: java.net.SocketException: Socket closed
07-10 01:19:21.814 29789 26391 W Conscrypt: 	at com.google.android.gms.org.conscrypt.Platform.setSocketWriteTimeout(:com.google.android.gms@232414044@23.24.14 (190400-544099984):2)
07-10 01:19:21.814 29789 26391 W Conscrypt: 	at com.google.android.gms.org.conscrypt.ConscryptFileDescriptorSocket.setSoWriteTimeout(:com.google.android.gms@232414044@23.24.14 (190400-544099984):0)
07-10 01:19:21.912 29789 26391 W Conscrypt: Could not set socket write timeout: java.net.SocketException: Socket closed
07-10 01:19:21.912 29789 26391 W Conscrypt: 	at com.google.android.gms.org.conscrypt.Platform.setSocketWriteTimeout(:com.google.android.gms@232414044@23.24.14 (190400-544099984):2)
07-10 01:19:21.912 29789 26391 W Conscrypt: 	at com.google.android.gms.org.conscrypt.ConscryptFileDescriptorSocket.setSoWriteTimeout(:com.google.android.gms@232414044@23.24.14 (190400-544099984):0)
07-10 01:19:22.137 29789 26391 I Checkin : [CheckinRequestProcessor] updateCheckinIdTokenFileFromResponse, Reading existing AID
07-10 01:19:22.147 29789 26391 I Checkin : [CheckinRequestProcessor] PeriodicTaskTag : Checkin Succeeded: https://android.googleapis.com/checkin (fragment #1).
07-10 01:19:22.178 29789 26391 I Checkin : [CheckinOperation] Checkin Operation finished with result: SUCCESS finish time: 146259011.
07-10 01:19:22.325 16924 23191 I AlarmManager: setExactAndAllowWhileIdle [name: GCM_CONN_ALARM type: 2 triggerAtMillis: 146289159]
07-10 01:19:22.369 29789 26391 I AccountSeedingPrefetchI: AccountSeedingPrefetchInit intent operation started. [CONTEXT service_id=42 ]
07-10 01:19:22.384 16924 16924 D BoundBrokerSvc: onBind: Intent { act=com.google.android.gms.phenotype.service.START dat=chimera-action:/... cmp=com.google.android.gms/.chimera.PersistentApiService }
07-10 01:19:22.384 16924 16924 D BoundBrokerSvc: Loading bound service for intent: Intent { act=com.google.android.gms.phenotype.service.START dat=chimera-action:/... cmp=com.google.android.gms/.chimera.PersistentApiService }
07-10 01:19:22.387  5287  5287 D Zygote  : Forked child process 26464
07-10 01:19:22.415 29789 26433 W gle.android.gms: Accessing hidden method Landroid/net/ConnectivityManager;->isNetworkTypeMobile(I)Z (max-target-p, reflection, denied)
07-10 01:19:22.415 29789 26433 W gle.android.gms: Accessing hidden method Landroid/os/PowerManager;->isLightDeviceIdleMode()Z (max-target-s, reflection, denied)
07-10 01:19:22.443 26464 26464 I gms.supervision: Using CollectorTypeCC GC.
07-10 01:19:22.479 26464 26464 E gms.supervision: Not starting debugger since process cannot load the jdwp agent.
07-10 01:19:22.508 26464 26464 W libc    : Access denied finding property "sys.perf.boostopt"
07-10 01:19:22.509  5262  5262 E audit   : type=1400 audit(1688944762.505:69989): avc:  denied  { read } for  pid=26464 comm="gms.supervision" name="u:object_r:perf_prop:s0" dev="tmpfs" ino=10663 scontext=u:r:gmscore_app:s0:c512,c768 tcontext=u:object_r:perf_prop:s0 tclass=file permissive=0 SEPF_SM-A515F_13_0001 audit_filtered
07-10 01:19:22.509  5262  5262 E audit   : type=1300 audit(1688944762.505:69989): arch=c00000b7 syscall=56 success=no exit=-13 a0=ffffff9c a1=7fcf7d5458 a2=88000 a3=0 items=0 ppid=5287 pid=26464 auid=4294967295 uid=10037 gid=10037 euid=10037 suid=10037 fsuid=10037 egid=10037 sgid=10037 fsgid=10037 tty=(none) ses=4294967295 comm="gms.supervision" exe="/system/bin/app_process64" subj=u:r:gmscore_app:s0:c512,c768 key=(null)
07-10 01:19:22.509  5262  5262 E audit   : type=1327 audit(1688944762.505:69989): proctitle="zygote64"
07-10 01:19:22.509 26464 26476 W libc    : Access denied finding property "sys.perf.boostopt"
07-10 01:19:22.509  5262  5262 E audit   : type=1400 audit(1688944762.505:69990): avc:  denied  { read } for  pid=26464 comm="binder:26464_1" name="u:object_r:perf_prop:s0" dev="tmpfs" ino=10663 scontext=u:r:gmscore_app:s0:c512,c768 tcontext=u:object_r:perf_prop:s0 tclass=file permissive=0 SEPF_SM-A515F_13_0001 audit_filtered
07-10 01:19:22.517 26464 26464 D ActivityThread: setConscryptValidator
07-10 01:19:22.517 26464 26464 D ActivityThread: setConscryptValidator - put
07-10 01:19:22.584  5353  6075 V APM_AudioPolicyManager: setAppState(portId:1005, state:1)
07-10 01:19:22.617 26464 26464 D CompatibilityChangeReporter: Compat change id reported: 171979766; UID 10037; state: ENABLED
07-10 01:19:22.738 26464 26464 D nativeloader: Configuring classloader-namespace for other apk /system/framework/org.apache.http.legacy.jar. target_sdk_version=33, uses_libraries=ALL, library_path=/data/app/~~kcP77l55wzvh6-2FTmlhNw==/com.google.android.gms.supervision-4HxuiWwgL2GCEpSRnkptlQ==/lib/arm64, permitted_path=/data:/mnt/expand:/data/user/0/com.google.android.gms.supervision
07-10 01:19:22.738 26464 26464 D nativeloader: Extending system_exposed_libraries: libhumantracking.arcsoft.so:libPortraitDistortionCorrection.arcsoft.so:libPortraitDistortionCorrectionCali.arcsoft.so:libface_landmark.arcsoft.so:libFacialStickerEngine.arcsoft.so:libveengine.arcsoft.so:liblow_light_hdr.arcsoft.so:libhigh_dynamic_range.arcsoft.so:libFacialAttributeDetection.arcsoft.so:libBeauty_v4.camera.samsung.so:libexifa.camera.samsung.so:libjpega.camera.samsung.so:libOpenCv.camera.samsung.so:libImageScreener.camera.samsung.so:libMyFilter.camera.samsung.so:libtensorflowLite.myfilter.camera.samsung.so:libtensorflowlite_inference_api.myfilter.camera.samsung.so:libEventFinder.camera.samsung.so:libHIDTSnapJNI.camera.samsung.so:libSmartScan.camera.samsung.so:libRectify.camera.samsung.so:libDocRectifyWrapper.camera.samsung.so:libUltraWideDistortionCorrection.camera.samsung.so:libHpr_RecGAE_cvFeature_v1.0.camera.samsung.so:libHprFace_GAE_api.camera.samsung.so:libFace_Landmark_API.camera.samsung.so:libHprFace_GAE_jni.camera.samsung.so:libFacialBasedSelfieCorrec
07-10 01:19:22.797 26464 26464 W ziparchive: Unable to open '/data/app/~~kcP77l55wzvh6-2FTmlhNw==/com.google.android.gms.supervision-4HxuiWwgL2GCEpSRnkptlQ==/split_config.en.dm': No such file or directory
07-10 01:19:22.798 26464 26464 W ziparchive: Unable to open '/data/app/~~kcP77l55wzvh6-2FTmlhNw==/com.google.android.gms.supervision-4HxuiWwgL2GCEpSRnkptlQ==/split_config.en.dm': No such file or directory
07-10 01:19:22.800 26464 26464 W gms.supervision: Entry not found
07-10 01:19:22.805 26464 26464 W ziparchive: Unable to open '/data/app/~~kcP77l55wzvh6-2FTmlhNw==/com.google.android.gms.supervision-4HxuiWwgL2GCEpSRnkptlQ==/split_config.ru.dm': No such file or directory
07-10 01:19:22.805 26464 26464 W ziparchive: Unable to open '/data/app/~~kcP77l55wzvh6-2FTmlhNw==/com.google.android.gms.supervision-4HxuiWwgL2GCEpSRnkptlQ==/split_config.ru.dm': No such file or directory
07-10 01:19:22.808 26464 26464 W gms.supervision: Entry not found
07-10 01:19:22.810 26464 26464 W ziparchive: Unable to open '/data/app/~~kcP77l55wzvh6-2FTmlhNw==/com.google.android.gms.supervision-4HxuiWwgL2GCEpSRnkptlQ==/split_config.xxhdpi.dm': No such file or directory
07-10 01:19:22.811 26464 26464 W ziparchive: Unable to open '/data/app/~~kcP77l55wzvh6-2FTmlhNw==/com.google.android.gms.supervision-4HxuiWwgL2GCEpSRnkptlQ==/split_config.xxhdpi.dm': No such file or directory
07-10 01:19:22.813 26464 26464 W gms.supervision: Entry not found
07-10 01:19:22.816 26464 26464 D nativeloader: Configuring classloader-namespace for other apk /data/app/~~kcP77l55wzvh6-2FTmlhNw==/com.google.android.gms.supervision-4HxuiWwgL2GCEpSRnkptlQ==/base.apk:/data/app/~~kcP77l55wzvh6-2FTmlhNw==/com.google.android.gms.supervision-4HxuiWwgL2GCEpSRnkptlQ==/split_config.en.apk:/data/app/~~kcP77l55wzvh6-2FTmlhNw==/com.google.android.gms.supervision-4HxuiWwgL2GCEpSRnkptlQ==/split_config.ru.apk:/data/app/~~kcP77l55wzvh6-2FTmlhNw==/com.google.android.gms.supervision-4HxuiWwgL2GCEpSRnkptlQ==/split_config.xxhdpi.apk. target_sdk_version=33, uses_libraries=, library_path=/data/app/~~kcP77l55wzvh6-2FTmlhNw==/com.google.android.gms.supervision-4HxuiWwgL2GCEpSRnkptlQ==/lib/arm64, permitted_path=/data:/mnt/expand:/data/user/0/com.google.android.gms.supervision
07-10 01:19:22.825 26464 26464 W gms.supervision: JIT profile information will not be recorded: profile file does not exist.
07-10 01:19:22.825 26464 26464 W gms.supervision: JIT profile information will not be recorded: profile file does not exist.
07-10 01:19:22.825 26464 26464 W gms.supervision: JIT profile information will not be recorded: profile file does not exist.
07-10 01:19:22.896 26464 26464 V GraphicsEnvironment: ANGLE Developer option for 'com.google.android.gms.supervision' set to: 'default'
07-10 01:19:22.898 26464 26464 V GraphicsEnvironment: ANGLE GameManagerService for com.google.android.gms.supervision: false
07-10 01:19:22.899 26464 26464 V GraphicsEnvironment: Neither updatable production driver nor prerelease driver is supported.
07-10 01:19:22.931 26464 26464 D NetworkSecurityConfig: No Network Security Config specified, using platform default
07-10 01:19:22.944 26464 26464 D NetworkSecurityConfig: No Network Security Config specified, using platform default
07-10 01:19:23.068 26464 26464 I GmsApplication: Staging modules and/or updating config
07-10 01:19:23.108 26464 26464 I GmsApplication: Staging modules and/or updating config already complete
07-10 01:19:23.139 26464 26464 W DynamiteModule: Local module descriptor class for com.google.android.gms.providerinstaller.dynamite not found.
07-10 01:19:23.184 26464 26464 D nativeloader: Configuring classloader-namespace for other apk /system/framework/com.android.media.remotedisplay.jar. target_sdk_version=33, uses_libraries=ALL, library_path=/data/app/~~e8ouw1akU6W2gQxV1EBpmQ==/com.google.android.gms-hGaGeUGENve9dqYnT27Igw==/lib/arm64:/data/app/~~e8ouw1akU6W2gQxV1EBpmQ==/com.google.android.gms-hGaGeUGENve9dqYnT27Igw==/base.apk!/lib/arm64-v8a, permitted_path=/data:/mnt/expand:/data/user/0/com.google.android.gms
07-10 01:19:23.184 26464 26464 D nativeloader: Extending system_exposed_libraries: libhumantracking.arcsoft.so:libPortraitDistortionCorrection.arcsoft.so:libPortraitDistortionCorrectionCali.arcsoft.so:libface_landmark.arcsoft.so:libFacialStickerEngine.arcsoft.so:libveengine.arcsoft.so:liblow_light_hdr.arcsoft.so:libhigh_dynamic_range.arcsoft.so:libFacialAttributeDetection.arcsoft.so:libBeauty_v4.camera.samsung.so:libexifa.camera.samsung.so:libjpega.camera.samsung.so:libOpenCv.camera.samsung.so:libImageScreener.camera.samsung.so:libMyFilter.camera.samsung.so:libtensorflowLite.myfilter.camera.samsung.so:libtensorflowlite_inference_api.myfilter.camera.samsung.so:libEventFinder.camera.samsung.so:libHIDTSnapJNI.camera.samsung.so:libSmartScan.camera.samsung.so:libRectify.camera.samsung.so:libDocRectifyWrapper.camera.samsung.so:libUltraWideDistortionCorrection.camera.samsung.so:libHpr_RecGAE_cvFeature_v1.0.camera.samsung.so:libHprFace_GAE_api.camera.samsung.so:libFace_Landmark_API.camera.samsung.so:libHprFace_GAE_jni.camera.samsung.so:libFacialBasedSelfieCorrec
07-10 01:19:23.197 26464 26464 D nativeloader: Configuring classloader-namespace for other apk /system/framework/com.android.location.provider.jar. target_sdk_version=33, uses_libraries=ALL, library_path=/data/app/~~e8ouw1akU6W2gQxV1EBpmQ==/com.google.android.gms-hGaGeUGENve9dqYnT27Igw==/lib/arm64:/data/app/~~e8ouw1akU6W2gQxV1EBpmQ==/com.google.android.gms-hGaGeUGENve9dqYnT27Igw==/base.apk!/lib/arm64-v8a, permitted_path=/data:/mnt/expand:/data/user/0/com.google.android.gms
07-10 01:19:23.198 26464 26464 D nativeloader: Extending system_exposed_libraries: libhumantracking.arcsoft.so:libPortraitDistortionCorrection.arcsoft.so:libPortraitDistortionCorrectionCali.arcsoft.so:libface_landmark.arcsoft.so:libFacialStickerEngine.arcsoft.so:libveengine.arcsoft.so:liblow_light_hdr.arcsoft.so:libhigh_dynamic_range.arcsoft.so:libFacialAttributeDetection.arcsoft.so:libBeauty_v4.camera.samsung.so:libexifa.camera.samsung.so:libjpega.camera.samsung.so:libOpenCv.camera.samsung.so:libImageScreener.camera.samsung.so:libMyFilter.camera.samsung.so:libtensorflowLite.myfilter.camera.samsung.so:libtensorflowlite_inference_api.myfilter.camera.samsung.so:libEventFinder.camera.samsung.so:libHIDTSnapJNI.camera.samsung.so:libSmartScan.camera.samsung.so:libRectify.camera.samsung.so:libDocRectifyWrapper.camera.samsung.so:libUltraWideDistortionCorrection.camera.samsung.so:libHpr_RecGAE_cvFeature_v1.0.camera.samsung.so:libHprFace_GAE_api.camera.samsung.so:libFace_Landmark_API.camera.samsung.so:libHprFace_GAE_jni.camera.samsung.so:libFacialBasedSelfieCorrec
07-10 01:19:23.203 26464 26464 W ziparchive: Unable to open '/system_ext/framework/org.carconnectivity.android.digitalkey.timesync.dm': No such file or directory
07-10 01:19:23.203 26464 26464 W ziparchive: Unable to open '/system_ext/framework/org.carconnectivity.android.digitalkey.timesync.dm': No such file or directory
07-10 01:19:23.208 26464 26464 D nativeloader: Configuring classloader-namespace for other apk /system_ext/framework/org.carconnectivity.android.digitalkey.timesync.jar. target_sdk_version=33, uses_libraries=ALL, library_path=/data/app/~~e8ouw1akU6W2gQxV1EBpmQ==/com.google.android.gms-hGaGeUGENve9dqYnT27Igw==/lib/arm64:/data/app/~~e8ouw1akU6W2gQxV1EBpmQ==/com.google.android.gms-hGaGeUGENve9dqYnT27Igw==/base.apk!/lib/arm64-v8a, permitted_path=/data:/mnt/expand:/data/user/0/com.google.android.gms
07-10 01:19:23.208 26464 26464 D nativeloader: Extending system_exposed_libraries: libhumantracking.arcsoft.so:libPortraitDistortionCorrection.arcsoft.so:libPortraitDistortionCorrectionCali.arcsoft.so:libface_landmark.arcsoft.so:libFacialStickerEngine.arcsoft.so:libveengine.arcsoft.so:liblow_light_hdr.arcsoft.so:libhigh_dynamic_range.arcsoft.so:libFacialAttributeDetection.arcsoft.so:libBeauty_v4.camera.samsung.so:libexifa.camera.samsung.so:libjpega.camera.samsung.so:libOpenCv.camera.samsung.so:libImageScreener.camera.samsung.so:libMyFilter.camera.samsung.so:libtensorflowLite.myfilter.camera.samsung.so:libtensorflowlite_inference_api.myfilter.camera.samsung.so:libEventFinder.camera.samsung.so:libHIDTSnapJNI.camera.samsung.so:libSmartScan.camera.samsung.so:libRectify.camera.samsung.so:libDocRectifyWrapper.camera.samsung.so:libUltraWideDistortionCorrection.camera.samsung.so:libHpr_RecGAE_cvFeature_v1.0.camera.samsung.so:libHprFace_GAE_api.camera.samsung.so:libFace_Landmark_API.camera.samsung.so:libHprFace_GAE_jni.camera.samsung.so:libFacialBasedSelfieCorrec
07-10 01:19:23.239 26464 26464 D nativeloader: Configuring classloader-namespace for other apk /data/app/~~e8ouw1akU6W2gQxV1EBpmQ==/com.google.android.gms-hGaGeUGENve9dqYnT27Igw==/base.apk. target_sdk_version=33, uses_libraries=, library_path=/data/app/~~e8ouw1akU6W2gQxV1EBpmQ==/com.google.android.gms-hGaGeUGENve9dqYnT27Igw==/lib/arm64:/data/app/~~e8ouw1akU6W2gQxV1EBpmQ==/com.google.android.gms-hGaGeUGENve9dqYnT27Igw==/base.apk!/lib/arm64-v8a, permitted_path=/data:/mnt/expand:/data/user/0/com.google.android.gms
07-10 01:19:23.385 16924 20534 W ProviderHelper: Unknown dynamite feature providerinstaller.dynamite
07-10 01:19:23.391 26464 26464 I DynamiteModule: Considering local module com.google.android.gms.providerinstaller.dynamite:0 and remote module com.google.android.gms.providerinstaller.dynamite:0
07-10 01:19:23.392 26464 26464 W ProviderInstaller: Failed to load providerinstaller module: No acceptable module com.google.android.gms.providerinstaller.dynamite found. Local version is 0 and remote version is 0.
07-10 01:19:23.423 26464 26464 V NativeCrypto: Registering com/google/android/gms/org/conscrypt/NativeCrypto's 295 native methods...
07-10 01:19:23.499 26464 26464 I ProviderInstaller: Installed default security provider GmsCore_OpenSSL
07-10 01:19:23.537 26464 26489 I Watchcat: Started
07-10 01:19:23.540 26464 26464 I knp     : Primes not initialized, returning default (no-op) Primes instance which will ignore all calls. Please call Primes.initialize(...) before using any Primes API.
07-10 01:19:23.541 26464 26489 I GMS_MM_Logger: Start time: 98220
07-10 01:19:23.542 26464 26489 I GMS_MM_Logger: Started.
07-10 01:19:23.566 26464 26489 I GmsModuleFndr: Beginning GMS chimera module scan
07-10 01:19:23.579 26464 26489 I ModuleSetMgr: Computing pending module set with APKs: []
07-10 01:19:23.581 26464 26489 I ModuleSetMgr: Pending container module APKs: []
07-10 01:19:23.581 26464 26489 I ModuleSetMgr: Pending non-container module APKs: []
07-10 01:19:23.598 26464 26489 E GmsContextWrapper: /system/etc/sysconfig/google.xml must have <allow-in-power-save package="com.google.android.gms"/>.
07-10 01:19:23.618  5353  5543 V APM_AudioPolicyManager: setAppState(portId:1005, state:1)
07-10 01:19:23.618  5353  5543 V APM_AudioPolicyManager: setAppState(portId:1005, state:1)
07-10 01:19:23.625  5353  6075 V APM_AudioPolicyManager: setAppState(portId:1005, state:1)
07-10 01:19:23.626  5262  5262 E audit   : type=1400 audit(1688944763.625:69991): avc:  denied  { read } for  pid=26464 comm="binder:26464_2" name="u:object_r:perf_prop:s0" dev="tmpfs" ino=10663 scontext=u:r:gmscore_app:s0:c512,c768 tcontext=u:object_r:perf_prop:s0 tclass=file permissive=0 SEPF_SM-A515F_13_0001 audit_filtered
07-10 01:19:23.626  5262  5262 E audit   : type=1300 audit(1688944763.625:69991): arch=c00000b7 syscall=56 success=no exit=-13 a0=ffffff9c a1=7b7d34c2f8 a2=88000 a3=0 items=0 ppid=5287 pid=26464 auid=4294967295 uid=10037 gid=10037 euid=10037 suid=10037 fsuid=10037 egid=10037 sgid=10037 fsgid=10037 tty=(none) ses=4294967295 comm="binder:26464_2" exe="/system/bin/app_process64" subj=u:r:gmscore_app:s0:c512,c768 key=(null)
07-10 01:19:23.626  5262  5262 E audit   : type=1327 audit(1688944763.625:69991): proctitle="com.google.android.gms.supervision"
07-10 01:19:23.627 26464 26477 W libc    : Access denied finding property "sys.perf.boostopt"
07-10 01:19:23.696 26464 26501 D CompatibilityChangeReporter: Compat change id reported: 160794467; UID 10037; state: ENABLED
07-10 01:19:23.710 16924 16924 D BoundBrokerSvc: onBind: Intent { act=com.google.android.gms.phenotype.service.START pkg=com.google.android.gms }
07-10 01:19:23.710 16924 16924 D BoundBrokerSvc: Loading bound service for intent: Intent { act=com.google.android.gms.phenotype.service.START pkg=com.google.android.gms }
07-10 01:19:23.771  5674  5674 D SemWifiP2pGoPowerSave: GopsReceiver : received : com.samsung.intent.action.CHECK_SIOP_LEVEL
07-10 01:19:23.771  5674  5674 I SemWifiP2pGoPowerSave: siop_level = 1
07-10 01:19:23.773 31802 32077 I SystemBroadcastReceiver: [#CMH#] onReceive completed :  0
07-10 01:19:23.773 31802 31802 I PolicyManager: [#CMH#] onReceive action = EVENT_SIOP
07-10 01:19:24.619  5674  7726 D SemWifiUsabilityStatsMonitor: onWifiUsabilityStats - seqNum 21807, isSameBssidAndFreq true
07-10 01:19:24.621  5674  6128 I SemWifiLinkQualityMonitor: Link Qos Query: 0.045 ms / 176.860 Mbps (195 / 0.000 / 1.103)
07-10 01:19:25.185  9837 10033 I SemDvfsHyPerManager: acquire hyper - SIOP_ARM_MAX/9837@2, type = 301993986
07-10 01:19:25.189  5313  5394 I HYPER-HAL: [RequestManager.cpp]acquire(): Acquired ID : 48407882  [9837 / 2]    HINT :      list : [CPUMaxFreq / 2210000]
07-10 01:19:25.490  5353  6075 V APM_AudioPolicyManager: setAppState(portId:1005, state:1)
07-10 01:19:25.492  5674  5745 W libprocessgroup: Failed to open /dev/blkio//cgroup.procs: No such file or directory
07-10 01:19:25.509  5353  6075 V APM_AudioPolicyManager: setAppState(portId:1005, state:1)
07-10 01:19:25.509  5674  5745 W libprocessgroup: Failed to open /dev/blkio//cgroup.procs: No such file or directory
07-10 01:19:25.547  5353  6075 V APM_AudioPolicyManager: setAppState(portId:1005, state:1)
07-10 01:19:25.551  5353  6075 V APM_AudioPolicyManager: setAppState(portId:1005, state:1)
07-10 01:19:25.638  5353  6075 V APM_AudioPolicyManager: setAppState(portId:1005, state:1)
07-10 01:19:25.645  5353  6075 V APM_AudioPolicyManager: setAppState(portId:1005, state:1)
07-10 01:19:25.786 31802 32118 I PolicyManager: [#CMH#] Is foreground game app: false
07-10 01:19:26.251  5674  6183 D WifiConnectivityMonitor: called startWcmPoll but already Ongoing
07-10 01:19:26.251  5674  6183 D SemWifiRssiBasePoller: RSSI_BASE_STOP
07-10 01:19:26.843 31802 32118 I ControllerUtils: [#CMH#] StoryService:  9, isNonJustShotRunningPossible: false, isStopHeavyTask: true
07-10 01:19:26.893 31802 32118 I ControllerUtils: [#CMH#] IPService:  5, isNonJustShotRunningPossible: false, isStopHeavyTask: true
07-10 01:19:26.943 31802 32118 I ControllerUtils: [#CMH#] FaceService:  2, isNonJustShotRunningPossible: false, isStopHeavyTask: true
07-10 01:19:26.988 31135 32652 I native  : I0000 00:00:1688944766.988554   32652 soda_async_impl.cc:1540] Current audio timestamp: 1688944766620242
07-10 01:19:27.123  5362  5362 I SurfaceFlinger: SFWD update time=135016493266544
07-10 01:19:27.650  5674  7726 D SemWifiUsabilityStatsMonitor: onWifiUsabilityStats - seqNum 21808, isSameBssidAndFreq true
07-10 01:19:27.652  5674  6128 I SemWifiLinkQualityMonitor: Link Qos Query: 0.045 ms / 176.860 Mbps (195 / 0.000 / 1.103)
07-10 01:19:27.653  6461  6461 D NetworkController.WifiSignalController: notifyListener: visible=true, connected=true, inetCondition=1, isDefault=true, wifiTestReported=true, receivedInetCondition=-1, hideDuringMobileSwitching=false
07-10 01:19:27.984  5262  5262 E audit   : type=1400 audit(1688944767.981:69992): avc:  denied  { read } for  pid=25837 comm="binder:25837_4" name="u:object_r:perf_prop:s0" dev="tmpfs" ino=10663 scontext=u:r:untrusted_app:s0:c252,c256,c512,c768 tcontext=u:object_r:perf_prop:s0 tclass=file permissive=0 SEPF_SM-A515F_13_0001 audit_filtered
07-10 01:19:27.984  5262  5262 E audit   : type=1300 audit(1688944767.981:69992): arch=c00000b7 syscall=56 success=no exit=-13 a0=ffffff9c a1=7b8a1712f8 a2=88000 a3=0 items=0 ppid=5287 pid=25837 auid=4294967295 uid=10252 gid=10252 euid=10252 suid=10252 fsuid=10252 egid=10252 sgid=10252 fsgid=10252 tty=(none) ses=4294967295 comm="binder:25837_4" exe="/system/bin/app_process64" subj=u:r:untrusted_app:s0:c252,c256,c512,c768 key=(null)
07-10 01:19:27.984  5262  5262 E audit   : type=1327 audit(1688944767.981:69992): proctitle="com.google.android.apps.photos"
07-10 01:19:27.985 25837 26172 W libc    : Access denied finding property "sys.perf.boostopt"
07-10 01:19:27.992 25837 26172 W libc    : Access denied finding property "sys.perf.boostopt"
07-10 01:19:27.992  5262  5262 E audit   : type=1400 audit(1688944767.989:69993): avc:  denied  { read } for  pid=25837 comm="binder:25837_4" name="u:object_r:perf_prop:s0" dev="tmpfs" ino=10663 scontext=u:r:untrusted_app:s0:c252,c256,c512,c768 tcontext=u:object_r:perf_prop:s0 tclass=file permissive=0 SEPF_SM-A515F_13_0001 audit_filtered
07-10 01:19:27.992  5262  5262 E audit   : type=1300 audit(1688944767.989:69993): arch=c00000b7 syscall=56 success=no exit=-13 a0=ffffff9c a1=7b8a1712f8 a2=88000 a3=0 items=0 ppid=5287 pid=25837 auid=4294967295 uid=10252 gid=10252 euid=10252 suid=10252 fsuid=10252 egid=10252 sgid=10252 fsgid=10252 tty=(none) ses=4294967295 comm="binder:25837_4" exe="/system/bin/app_process64" subj=u:r:untrusted_app:s0:c252,c256,c512,c768 key=(null)
07-10 01:19:28.469 31135 31465 I A       : (REDACTED) #onAudioData: %s bytes, getAudioReadSize %s
07-10 01:19:29.127 11611 11645 D Benchmark: THERMAL THROTTLE DETECTED, SLEEPING FOR 90 SECONDS
07-10 01:19:30.701  5674  7726 D SemWifiUsabilityStatsMonitor: onWifiUsabilityStats - seqNum 21809, isSameBssidAndFreq true
07-10 01:19:30.704  5674  6128 I SemWifiLinkQualityMonitor: Link Qos Query: 0.045 ms / 176.860 Mbps (195 / 0.000 / 1.103)
07-10 01:19:30.758  5353  6075 V APM_AudioPolicyManager: setAppState(portId:1005, state:1)
07-10 01:19:30.996 30967 31717 I ContactsProvider_EventLog: cp_s: [CONTACT con(158) dat(1091) acc({sim(3)=15, sec(6)=1, sim2(4)=1, google(2)=81, org.telegram.messenger(236)=100, com.whatsapp(14)=41}) calls([logtype:100 cnt:877, logtype:200 cnt:5, logtype:300 cnt:495, logtype:1000 cnt:632, logtype:1150 cnt:161]) Iso(RS) uId(0) ]
07-10 01:19:30.996 30967 31717 I ContactsProvider_EventLog: cp_s: [ agr({[2 ,2 ,14 ,236]=1, [2 ,14 ,236]=32, [3]=15, [14]=1, [4]=1, [2 ,14]=4, [2 ,2]=2, [2]=34, [6 ,14]=1, [2 ,236]=3, [236]=62, [2 ,236 ,14]=2}) ]
07-10 01:19:30.996 30967 31717 I ContactsProvider_EventLog: cp_s: [ cnt({acore(30967)=1}) ]
07-10 01:19:30.996 30967 31717 I ContactsProvider_EventLog: cp_s: [PROFILE con(1) dat(1) acc({vnd.sec.contact.phone=1}) ] [SAPROFILE ]
07-10 01:19:30.996 30967 31717 I ContactsProvider_EventLog: cp_s: [STATE R(T) ]
07-10 01:19:31.552  5325  5325 E sehhealth-service: Could not open /sys/class/power_supply/battery/lrp
07-10 01:19:32.140 16924 16924 D BoundBrokerSvc: onUnbind: Intent { act=com.google.android.gms.udc.service.START dat=chimera-action:/... cmp=com.google.android.gms/.chimera.PersistentApiService }
07-10 01:19:33.749  5674  7726 D SemWifiUsabilityStatsMonitor: onWifiUsabilityStats - seqNum 21810, isSameBssidAndFreq true
07-10 01:19:33.756  5674  6128 I SemWifiLinkQualityMonitor: Link Qos Query: 0.123 ms / 65.000 Mbps (130 / 0.000 / 2.000)
07-10 01:19:33.757  6461  6461 D NetworkController.WifiSignalController: notifyListener: visible=true, connected=true, inetCondition=1, isDefault=true, wifiTestReported=true, receivedInetCondition=-1, hideDuringMobileSwitching=false
07-10 01:19:33.773  5674  5674 D SemWifiP2pGoPowerSave: GopsReceiver : received : com.samsung.intent.action.CHECK_SIOP_LEVEL
07-10 01:19:33.773  5674  5674 I SemWifiP2pGoPowerSave: siop_level = 0
07-10 01:19:33.776 31802 32077 I SystemBroadcastReceiver: [#CMH#] onReceive completed :  0
07-10 01:19:33.777 31802 31802 I PolicyManager: [#CMH#] onReceive action = EVENT_SIOP
07-10 01:19:35.524 16924 16924 D BoundBrokerSvc: onUnbind: Intent { act=com.google.android.gms.auth.account.workaccount.START dat=chimera-action:/... cmp=com.google.android.gms/.chimera.PersistentApiService }
07-10 01:19:35.539 29789 29789 D BoundBrokerSvc: onUnbind: Intent { act=com.google.android.gms.checkin.START pkg=com.google.android.gms }
07-10 01:19:35.785 31802 32118 I PolicyManager: [#CMH#] Is foreground game app: false
07-10 01:19:35.881 31802 32118 I ControllerUtils: [#CMH#] StoryService:  9, isNonJustShotRunningPossible: false, isStopHeavyTask: true
07-10 01:19:35.942 31802 32118 I ControllerUtils: [#CMH#] IPService:  5, isNonJustShotRunningPossible: false, isStopHeavyTask: true
07-10 01:19:36.000 31802 32118 I ControllerUtils: [#CMH#] FaceService:  2, isNonJustShotRunningPossible: false, isStopHeavyTask: true
07-10 01:19:36.769 16924 16924 D BoundBrokerSvc: onUnbind: Intent { act=com.google.android.gms.pseudonymous.service.START dat=chimera-action:/... cmp=com.google.android.gms/.chimera.PersistentApiService }
07-10 01:19:36.777  5674  7726 D SemWifiUsabilityStatsMonitor: onWifiUsabilityStats - seqNum 21811, isSameBssidAndFreq true
07-10 01:19:36.779  5674  6128 I SemWifiLinkQualityMonitor: Link Qos Query: 0.154 ms / 52.000 Mbps (130 / 0.000 / 2.500)
07-10 01:19:37.424 16924 16924 D BoundBrokerSvc: onUnbind: Intent { act=com.google.android.gms.phenotype.service.START dat=chimera-action:/... cmp=com.google.android.gms/.chimera.PersistentApiService }
07-10 01:19:37.945  5674  9950 D PackageManager: setEnabledSetting : userId = 0 packageName = com.Slack cmp = androidx.work.impl.background.systemalarm.RescheduleReceiver newState = 1 callingPackage = 10329/com.Slack
07-10 01:19:37.946  5674  9950 D ApplicationPolicy: getApplicationStateEnabled : pkg = com.Slack userId : 0
07-10 01:19:37.949  5674  9950 D ApplicationPolicy: getApplicationComponentState : pkg = com.Slack userId : 0
07-10 01:19:37.983  5674  5745 W libprocessgroup: Failed to open /dev/blkio//cgroup.procs: No such file or directory
07-10 01:19:37.983  5353  6075 V APM_AudioPolicyManager: setAppState(portId:1005, state:1)
07-10 01:19:38.000 25156 25230 D ConnectivityManager: StackLog: [android.net.ConnectivityManager.sendRequestForNetwork(ConnectivityManager.java:4300)] [android.net.ConnectivityManager.registerDefaultNetworkCallbackForUid(ConnectivityManager.java:4864)] [android.net.ConnectivityManager.registerDefaultNetworkCallback(ConnectivityManager.java:4831)] [android.net.ConnectivityManager.registerDefaultNetworkCallback(ConnectivityManager.java:4805)] [androidx.work.impl.utils.NetworkApi24.registerDefaultNetworkCallbackCompat(Unknown Source:11)] [androidx.work.impl.constraints.trackers.NetworkStateTracker24.startTracking(Unknown Source:15)] [androidx.work.impl.constraints.controllers.ConstraintController.replace(Unknown Source:130)] [androidx.work.impl.constraints.WorkConstraintsTrackerImpl.replace(Unknown Source:41)] [androidx.work.impl.background.greedy.GreedyScheduler.schedule(Unknown Source:302)] [androidx.work.impl.Schedulers.schedule(Unknown Source:155)] [androidx.work.impl.utils.EnqueueRunnable.run(Unknown Source:53)] [androidx.work.Worker$2.run$androidx$work$impl$utils$SerialExecutorImpl$Task(Unknown Source:4)] [androidx.work.Worker$2.run(Unknown Source:868)] [java.util.concurrent.ThreadPoolExecutor.runWorker(ThreadPoolExecutor.java:1137)] [java.util.concurrent.ThreadPoolExecutor$Worker.run(ThreadPoolExecutor.java:637)] [java.lang.Thread.run(Thread.java:1012)]
07-10 01:19:38.004  5674  6523 D ConnectivityService: requestNetwork for uid/pid:10329/25156 activeRequest: null callbackRequest: 16679 [NetworkRequest [ REQUEST id=16680, [ Capabilities: INTERNET&NOT_RESTRICTED&TRUSTED&NOT_VCN_MANAGED Uid: 10329 RequestorUid: 10329 RequestorPkg: com.Slack UnderlyingNetworks: Null] ]] callback flags: 0 order: 2147483647
07-10 01:19:38.008  5674  6055 D ConnectivityService:    accepting network in place of null
07-10 01:19:38.017  5674  6045 D WifiNetworkFactory: got request NetworkRequest [ REQUEST id=16680, [ Capabilities: INTERNET&NOT_RESTRICTED&TRUSTED&NOT_VCN_MANAGED Uid: 10329 RequestorUid: 10329 RequestorPkg: com.Slack UnderlyingNetworks: Null] ]
07-10 01:19:38.019  5674  6045 D UntrustedWifiNetworkFactory: got request NetworkRequest [ REQUEST id=16680, [ Capabilities: INTERNET&NOT_RESTRICTED&TRUSTED&NOT_VCN_MANAGED Uid: 10329 RequestorUid: 10329 RequestorPkg: com.Slack UnderlyingNetworks: Null] ]
07-10 01:19:38.020  5674  6045 D OemPaidWifiNetworkFactory: got request NetworkRequest [ REQUEST id=16680, [ Capabilities: INTERNET&NOT_RESTRICTED&TRUSTED&NOT_VCN_MANAGED Uid: 10329 RequestorUid: 10329 RequestorPkg: com.Slack UnderlyingNetworks: Null] ]
07-10 01:19:38.021  5674  6045 D MultiInternetWifiNetworkFactory: got request NetworkRequest [ REQUEST id=16680, [ Capabilities: INTERNET&NOT_RESTRICTED&TRUSTED&NOT_VCN_MANAGED Uid: 10329 RequestorUid: 10329 RequestorPkg: com.Slack UnderlyingNetworks: Null] ]
