07-10 00:58:51.140 15865 16649 I bt_stack: [INFO:bta_gattc_main.cc(314)] bta_gattc_sm_execute: State 0x01, Event 0x1f02
07-10 00:58:51.140 15865 16649 W bt_bta_gattc: bta_gattc_cancel_open
07-10 00:58:51.140 15865 16649 W bt_stack: [WARNING:gatt_api.cc(1322)] GATT_CancelConnect: gatt_if:6, address: 645df4, direct:1
07-10 00:58:51.141 15865 16649 W bt_stack: gatt_disconnect
07-10 00:58:51.141 15865 16649 W bt_stack: Unable to find background connection to remove
07-10 00:58:51.141 15865 16649 W bt_stack: BTM_AcceptlistRemove
07-10 00:58:51.141 15865 16649 W bt_stack: IgnoreLeConnectionFrom xx:xx:xx:xx:b3:b1
07-10 00:58:51.141 15865 16649 W gatt_utils: gatt_cleanup_upon_disc
07-10 00:58:51.141 15865 16649 W gatt_utils: gatt_cleanup_upon_disc :: GATT_CH_CLOSE
07-10 00:58:51.141 15865 16587 W bt_stack: Ignore Le connection from remote:xx:xx:xx:xx:b3:b1[PUBLIC_DEVICE_ADDRESS]
07-10 00:58:51.141 15865 16649 W bt_stack: Unable to find background connection to remove
07-10 00:58:51.141 15865 16587 W bt_stack: cancel_connection_and_remove_device_from_background_connection_list 64:5d:f4
07-10 00:58:51.141 15865 16587 W bt_stack: remove_device_from_background_connection_list 64:5d:f4
07-10 00:58:51.141 15865 16587 W bt_stack: cancel_connect 64:5d:f4
07-10 00:58:51.141 15865 16649 I bt_stack: [INFO:bta_gattc_main.cc(314)] bta_gattc_sm_execute: State 0x01, Event 0x1f03
07-10 00:58:51.141 15865 16587 W bt_stack: remove_device_from_connect_list 64:5d:f4 :: Send command after register
07-10 00:58:51.141 15865 16587 W bt_stack: remove_device_from_connect_list :: Device is found in security db(64:5d:f4 -> 645df4)
07-10 00:58:51.141 15865 16587 W bt_stack: remove_device_from_connect_list :: set address_with_type as identity_addr
07-10 00:58:51.141 15865 16649 W bt_bta_gattc: bta_gattc_cancel_open_ok
07-10 00:58:51.141 15865 16587 W bt_stack: pause_registered_clients()
07-10 00:58:51.141 15865 16587 W bt_stack: le_scanning_manager :: OnPause()
07-10 00:58:51.141 15865 16587 W bt_stack: Stop LeSetScanEnable
07-10 00:58:51.141 15865 16649 W bt_bta_gattc: bta_gattc_process_api_open_cancel
07-10 00:58:51.141 15865 16649 W bt_bta_gattc: Cancel GATT client background connection
07-10 00:58:51.142 15865 16649 W bt_bta_gattc: bta_gattc_cancel_bk_conn
07-10 00:58:51.142 15865 16587 W bt_stack: le_scanning_manager :: OnPause() - call AckPause
07-10 00:58:51.142 15865 16587 W bt_stack: le_impl :: OnPause()
07-10 00:58:51.142 15865 16587 W bt_stack: le_impl :: Try to disarm connectability
07-10 00:58:51.142 15865 16587 W bt_stack: disarm_connectability()
07-10 00:58:51.142 15865 16587 W bt_stack: Pause Background Connection
07-10 00:58:51.142 15865 16649 E bt_stack: [ERROR:bta_gattc_utils.cc(447)] bta_gattc_mark_bg_conn unable to find the bg connection mask for bd_addr=645df4
07-10 00:58:51.142 15865 16587 W bt_stack: pause_registered_clients()
07-10 00:58:51.142 15865 16649 E bta_gattc_main: Ignore unknown conn ID: 3
07-10 00:58:51.142 15865 16649 E bta_gattc_main: Ignore unknown conn ID: 4
07-10 00:58:51.142 15865 16649 E bta_gattc_main: Ignore unknown conn ID: 5
07-10 00:58:51.142 15865 16649 E bta_gattc_main: Ignore unknown conn ID: 6
07-10 00:58:51.143 15865 16587 W bt_stack: le_address_manager :: ack_pause()
07-10 00:58:51.143 15865 16587 W bt_stack: le_address_manager :: ack_pause() - make sure all client paused. Return
07-10 00:58:51.148 15865 16587 W bt_stack: on_le_enhanced_connection_complete()
07-10 00:58:51.148 15865 16587 W bt_stack: on_le_enhanced_connection_complete :: Role is central. Set connectability to DISARMED
07-10 00:58:51.148 15865 16587 W bt_stack: on_le_enhanced_connection_complete :: pause_connection : 1
07-10 00:58:51.149 15865 16587 W bt_stack: on_le_connection_canceled_on_pause(). Set connectability to DISARMED
07-10 00:58:51.149 15865 16587 W bt_stack: le_address_manager :: ack_pause()
07-10 00:58:51.149 15865 16587 W bt_stack: le_address_manager :: ack_pause() - handle_next_command
07-10 00:58:51.149 15865 16587 W bt_stack: handle_next_command()
07-10 00:58:51.151 15865 16587 W bt_stack: Received command complete with op_code LE_REMOVE_DEVICE_FROM_FILTER_ACCEPT_LIST
07-10 00:58:51.151 15865 16587 W bt_stack: handle_next_command()
07-10 00:58:51.154 31135 31440 I BistoGattHelper: (REDACTED) [%s] GATT disconnected
07-10 00:58:51.154 31135 31440 I RemotePeerStateCommunicator: (REDACTED) RemotePeerStateCommunicator scheduling message : %d, action: %s, device id : %s
07-10 00:58:51.155 15865 16587 W bt_stack: Received command complete with op_code LE_REMOVE_DEVICE_FROM_FILTER_ACCEPT_LIST
07-10 00:58:51.155 15865 16587 W bt_stack: le_scanning_manager :: OnResume()
07-10 00:58:51.155 15865 16587 W bt_stack: Start LeSetScan
07-10 00:58:51.155 15865 16587 W bt_stack: le_scanning_manager :: OnResume() - call AckResume
07-10 00:58:51.155 15865 16587 W bt_stack: le_impl :: OnResume()
07-10 00:58:51.155 15865 16587 W bt_stack: le_impl :: OnResume - Try arm connectability
07-10 00:58:51.155 15865 16587 W bt_stack: arm_connectability()
07-10 00:58:51.155 15865 16587 W bt_stack: le_impl :: check_for_unregister()
07-10 00:58:51.155 15865 16587 W bt_stack: le_address_manager :: ack_resume()
07-10 00:58:51.156 15865 16587 W bt_stack: le_address_manager :: ack_resume()
07-10 00:58:51.159 31135 31440 I BistoGattHelper: (REDACTED) [%s] close
07-10 00:58:51.164 31135 31440 I BistoGattHelper: (REDACTED) [%s] executeNextShutdownOperation
07-10 00:58:51.164 31135 31440 D BluetoothGatt: close()
07-10 00:58:51.168 31135 31440 D BluetoothGatt: unregisterApp() - mClientIf=6
07-10 00:58:51.171 15865 15892 D BtGatt.GattService: unregisterClient(com.google.android.googlequicksearchbox) - clientIf=6
07-10 00:58:51.173 15865 15892 D BtGatt.ContextMap: remove() - id: 6
07-10 00:58:51.173 15865 15892 E BtGatt.ContextMap: remove() - removed: 6
07-10 00:58:51.174 15865 16649 W bt_bta_gattc: bta_gattc_deregister
07-10 00:58:51.174 15865 16649 I bt_stack: [INFO:gatt_api.cc(1111)] GATT_Deregister gatt_if=6
07-10 00:58:51.174 15865 16649 W bt_stack: on_app_deregistered :: app_id=6
07-10 00:58:51.174 15865 16649 I bt_stack: [INFO:gatt_api.cc(1164)] Initialize tGATT_REG
07-10 00:58:51.181 31135 31440 I BistoGattHelper: (REDACTED) [%s] GATT released
07-10 00:58:51.181 31135 31440 I BistoGattHelper: (REDACTED) [%s] close
07-10 00:58:51.182 31135 31440 I BistoGattHelper: (REDACTED) [%s] executeNextShutdownOperation
07-10 00:58:51.183 31135 31440 E GmuTls  : You must initialize the system with proper values before handshake
07-10 00:58:51.575  5674  7726 D SemWifiUsabilityStatsMonitor: onWifiUsabilityStats - seqNum 21402, isSameBssidAndFreq true
07-10 00:58:51.578  5674  6128 I SemWifiLinkQualityMonitor: Link Qos Query: 0.054 ms / 147.727 Mbps (325 / 0.000 / 2.200)
07-10 00:58:53.257 11611 11645 D Benchmark: timeNs[ 0:10]: 730631769 708836384 732621423 725049730 726310346 718657230 744353268 724088192 721527961 725575884
07-10 00:58:53.257 11611 11645 D Benchmark: timeNs[10:20]: 717925038 716294884 701286922 723083268 707434538 730790807 731304269 704944307 726287653 705703769
07-10 00:58:53.257 11611 11645 D Benchmark: timeNs[20:30]: 718803846 739577500 713991845 711525807 717564192 718843961 708688307 712791115 699169384 715699731
07-10 00:58:53.257 11611 11645 D Benchmark: timeNs[30:40]: 728981807 713589615 723028345 713801769 723304000 729475499 739067615 716180577 722568307 728752345
07-10 00:58:53.257 11611 11645 D Benchmark: timeNs[40:50]: 712061538 738555461 733572807 707510884 740721538 717377922 729167808 731301230 719447192 710829115
07-10 00:58:54.635  5674  7726 D SemWifiUsabilityStatsMonitor: onWifiUsabilityStats - seqNum 21403, isSameBssidAndFreq true
07-10 00:58:54.638  5674  6128 I SemWifiLinkQualityMonitor: Link Qos Query: 0.041 ms / 195.000 Mbps (390 / 0.000 / 2.000)
07-10 00:58:54.638  6461  6461 D NetworkController.WifiSignalController: notifyListener: visible=true, connected=true, inetCondition=1, isDefault=true, wifiTestReported=true, receivedInetCondition=-1, hideDuringMobileSwitching=false
07-10 00:58:54.912  5674  5745 W libprocessgroup: Failed to open /dev/blkio//cgroup.procs: No such file or directory
07-10 00:58:54.929 31802 31802 I CMHJobService: [#CMH#] onStartJob Called at Jul 10,2023 00:58:54
07-10 00:58:54.932 31802 31802 I CMHJobService: [#CMH#] Battery Percentage is:  1.0, High Temp: 0
07-10 00:58:56.183 31135 31441 W BistoGattHelper: (REDACTED) [%s] GATT already released after un-subscribing, doing nothing.
07-10 00:58:56.992 31135 32652 I native  : I0000 00:00:1688943536.992284   32652 soda_async_impl.cc:1540] Current audio timestamp: 1688943536620242
07-10 00:58:57.097  5362  5362 I SurfaceFlinger: SFWD update time=133786467636116
07-10 00:58:57.169  5674 19570 D TrafficStats: tagSocket(990) with statsTag=0xffffffff, statsUid=-1
07-10 00:58:57.380  5674 19570 D WifiConnectivityMonitor.DnsThread:  [|213]
07-10 00:58:57.382  5674  6182 D WifiConnectivityMonitor.NetworkStatsAnalyzer: DNS resultType : 0, responseTime : 213
07-10 00:58:57.382  5674  6164 D OpenNetworkQos[4.00]: updateBssidLatestDnsResultType - result: 0
07-10 00:58:57.383  5674  6164 D OpenNetworkQos[4.00]: updateBssidNoInternet: mBssidNoInternet = false
07-10 00:58:57.383  5674  6164 D OpenNetworkQos[4.00]: getOpenNetworkQosNoInternetStatus: false
07-10 00:58:57.383  5674  6164 D OpenNetworkQos[4.00]: getOpenNetworkQosScores: 26 26 26
07-10 00:58:57.384  5674  6164 I WifiProfileShare: network QoS data was changed (internet), updateQoSData networkType: true, qosData: false
07-10 00:58:57.384  5674  7451 V WifiProfileShare.Caster: update wips network, size: 0
07-10 00:58:57.385  5674  7451 D WifiProfileShare: nearby scanning settings run
07-10 00:58:57.385  5674  7451 D WifiProfileShare: network score provider settings enabled
07-10 00:58:57.386  5674  7451 D OpenNetworkQos[4.00]: getOpenNetworkQosScores: 26 26 26
07-10 00:58:57.386  5674  7451 D OpenNetworkQos[4.00]: getOpenNetworkQosNoInternetStatus: false
07-10 00:58:57.386  5674  7451 I WifiProfileShare.Caster: current network type: 0, score: [26, 26, 26]
07-10 00:58:57.387  5674  7451 V WifiProfileShare.Cache: update network score 00:e4:06:**:**:90
07-10 00:58:57.388  5674  7451 D WifiProfileShare.ScanMatcher: getMcfDataList size:2
07-10 00:58:57.389  5674  7451 I WifiProfileShare.Caster: qos data was updated , before:type:QOS, pBssid:51:2e:90, qosData:7c after:type:QOS, pBssid:51:2e:90, qosData:7c
07-10 00:58:57.391  5674  7451 I [MCFSDK_android_1.2.4010]_4_b: isNetworkEnabled - type : 1 ret : true
07-10 00:58:57.392  5674  7451 D WifiProfileShare.McfCast: -ME--- mIsNetworkEnabled :true
07-10 00:58:57.392  5674  7451 D WifiProfileShare.McfCast: updateQoSData ignored, same contents
07-10 00:58:57.392  5674  7451 D WifiProfileShare.MCF: success update QosData !
07-10 00:58:57.394  5674  7451 I [MCFSDK_android_1.2.4010]_4_b: isNetworkEnabled - type : 1 ret : true
07-10 00:58:57.394  5674  7451 D WifiProfileShare.McfCast: -ME--- mIsNetworkEnabled :true
07-10 00:58:57.394  5674  7451 D WifiProfileShare.McfCast: -ME--- updatePasswordDate pwdData size:2
07-10 00:58:57.685  5674  6055 D ConnectivityService: notifyType CALLBACK_CAP_CHANGED for [118 WIFI]
07-10 00:58:57.685  5674  7726 D SemWifiUsabilityStatsMonitor: onWifiUsabilityStats - seqNum 21404, isSameBssidAndFreq true
07-10 00:58:57.691  5674  6086 D SemWifiSwitchForIndividualAppsService: stopTCPMonitoring : already stopped
07-10 00:58:57.692  5674  6086 I WifiConnectivityMonitor.NCC: sNetworkCallback(oCC) FULL : 118(true/false)[ Transports: WIFI Capabilities: NOT_METERED&INTERNET&NOT_RESTRICTED&TRUSTED&NOT_VPN&VALIDATED&NOT_ROAMING&FOREGROUND&NOT_CONGESTED&NOT_SUSPENDED&NOT_VCN_MANAGED LinkUpBandwidth>=38087Kbps LinkDnBandwidth>=48162Kbps TransportInfo: <SSID: <unknown ssid>, BSSID: 02:00:00:**:**:00, MAC: 02:00:00:**:**:00, IP: /192.168.1.19, Security type: 2, Supplicant state: COMPLETED, Wi-Fi standard: 5, RSSI: -61, Link speed: 390Mbps, Tx Link speed: 390Mbps, Max Supported Tx Link speed: 433Mbps, Rx Link speed: 6Mbps, Max Supported Rx Link speed: 433Mbps, Frequency: 5180MHz, Net ID: -1, Metered hint: false, score: 60, isUsable: true, CarrierMerged: false, SubscriptionId: -1, IsPrimary: 1, Trusted: true, Restricted: false, Ephemeral: false, OEM paid: false, OEM private: false, OSU AP: false, FQDN: <none>, Provider friendly name: <none>, Requesting package name: <none><none>MLO Information: , AP MLD Address: <none>, AP MLO Link Id: <none>, AP MLO Affiliated links: <none>> SignalStrength: -61 AdminUids: [1000] SSID: "Talija" UnderlyingNetworks: Null]
07-10 00:58:57.693  5674  6164 I WifiConnectivityMonitor: current mode : 1
07-10 00:58:57.693  5674  6164 D OpenNetworkQos[4.00]: updateBssidNoInternet: mBssidNoInternet = false
07-10 00:58:57.693  5674  6164 D OpenNetworkQos[4.00]: getOpenNetworkQosNoInternetStatus: false
07-10 00:58:57.693  5674  6164 D OpenNetworkQos[4.00]: getOpenNetworkQosScores: 26 26 26
07-10 00:58:57.694  5674  6164 I WifiProfileShare: network QoS data was changed (internet), updateQoSData networkType: true, qosData: false
07-10 00:58:57.695  5674  6128 I SemWifiLinkQualityMonitor: Link Qos Query: 0.031 ms / 260.000 Mbps (390 / 0.000 / 1.500)
07-10 00:58:57.696  5674  7451 V WifiProfileShare.Caster: update wips network, size: 0
07-10 00:58:57.697  5674  7451 D WifiProfileShare: nearby scanning settings run
07-10 00:58:57.697  5674  7451 D WifiProfileShare: network score provider settings enabled
07-10 00:58:57.697  5674  7451 D OpenNetworkQos[4.00]: getOpenNetworkQosScores: 26 26 26
07-10 00:58:57.697  5674  7451 D OpenNetworkQos[4.00]: getOpenNetworkQosNoInternetStatus: false
07-10 00:58:57.698  5674  7451 I WifiProfileShare.Caster: current network type: 0, score: [26, 26, 26]
07-10 00:58:57.699  5674  7451 V WifiProfileShare.Cache: update network score 00:e4:06:**:**:90
07-10 00:58:57.699  5674  7451 D WifiProfileShare.ScanMatcher: getMcfDataList size:2
07-10 00:58:57.699  5674  7451 I WifiProfileShare.Caster: qos data was updated , before:type:QOS, pBssid:51:2e:90, qosData:7c after:type:QOS, pBssid:51:2e:90, qosData:7c
07-10 00:58:57.700  5674  7451 I [MCFSDK_android_1.2.4010]_4_b: isNetworkEnabled - type : 1 ret : true
07-10 00:58:57.700  5674  7451 D WifiProfileShare.McfCast: -ME--- mIsNetworkEnabled :true
07-10 00:58:57.700  5674  7451 D WifiProfileShare.McfCast: updateQoSData ignored, same contents
07-10 00:58:57.701  5674  7451 D WifiProfileShare.MCF: success update QosData !
07-10 00:58:57.703  5674  7451 I [MCFSDK_android_1.2.4010]_4_b: isNetworkEnabled - type : 1 ret : true
07-10 00:58:57.703  5674  7451 D WifiProfileShare.McfCast: -ME--- mIsNetworkEnabled :true
07-10 00:58:57.703  5674  7451 D WifiProfileShare.McfCast: -ME--- updatePasswordDate pwdData size:2
07-10 00:58:57.707  6461  6566 D NetworkController.WifiSignalController: notifyListener: visible=true, connected=true, inetCondition=1, isDefault=true, wifiTestReported=true, receivedInetCondition=-1, hideDuringMobileSwitching=false
07-10 00:58:57.711 16924 20137 I ChimeraSrvcProxy: NullBinder for android.net.action.RECOMMEND_NETWORKS triggering remote TransactionTooLargeException due to Service without Chimera impl
07-10 00:58:57.712 16924 20137 W .gms.persistent: Large reply transaction of 1056768 bytes, interface descriptor , code 1
07-10 00:58:58.209 31135 31464 I A       : (REDACTED) #onAudioData: %s bytes, getAudioReadSize %s
07-10 00:58:58.835 11611 11645 D Benchmark: allocationCount[ 0:10]: 8872492 8872480 8872483 8872498 8872491
07-10 00:58:58.835 11611 11645 D Benchmark: Set 11645 (Bench thread) to priority -8. Was -20, now -8
07-10 00:58:58.835 11611 11645 D Benchmark: Set 11624 (Jit) to priority 9. Was -15, now 9
07-10 00:58:58.835 11611 11645 D Benchmark: Warmup: t=22.112, iter=30, fastAvg=740745088, slowAvg=927272640
07-10 00:58:58.835 11611 11645 I PerfettoCapture: Stopping perfetto.
07-10 00:58:58.875 19150 19150 I perfetto:    perfetto_cmd.cc:1168 SIGINT/SIGTERM received: disabling tracing.
07-10 00:58:58.879 11611 11645 D Benchmark: kill -TERM command output -
07-10 00:58:58.888  5424  5424 I perfetto:  probes_producer.cc:396 Producer stop (id=1269)
07-10 00:58:58.891  5424  5424 I perfetto:    ftrace_procfs.cc:342 disabled ftrace in /sys/kernel/tracing/
07-10 00:58:58.952  4380  4380 I hwservicemanager: getTransport: Cannot find entry android.hardware.atrace@1.0::IAtraceDevice/default in either framework or device VINTF manifest.
07-10 00:58:58.959  5424  5424 I perfetto:  probes_producer.cc:396 Producer stop (id=1270)
07-10 00:58:58.960  5424  5424 I perfetto:  probes_producer.cc:396 Producer stop (id=1271)
07-10 00:58:59.053 19150 19150 I perfetto:    perfetto_cmd.cc:1124 Trace written into the output file
07-10 00:58:59.076  5436  5436 I perfetto: ng_service_impl.cc:2426 Tracing session 318 ended, total sessions:0
07-10 00:58:59.503 11611 11645 D Benchmark: Waiting 500 ms for [ProcessPid(processName=perfetto, pid=19150)] to die
07-10 00:58:59.631 11611 11645 I PerfettoCapture: Writing to /storage/emulated/0/Android/data/org.jetbrains.android_benchmark.test/cache/Wolf3dBenchmark_valueDouble_2023-07-09-22-58-58.perfetto-trace.
07-10 00:58:59.859  5325  5325 E sehhealth-service: Could not open /sys/class/power_supply/battery/lrp
07-10 00:59:00.005  6461  6461 D KeyguardUpdateMonitor: received broadcast android.intent.action.TIME_TICK
07-10 00:59:00.006  6461  6461 D KeyguardUpdateMonitor: handleTimeUpdate
07-10 00:59:00.007  6461  6461 D FaceWidgetPagesController: onTimeChanged()
07-10 00:59:00.010  6461  7078 D QSClockBellTower: onReceive(android.intent.action.TIME_TICK) mTimeZoneString:null
07-10 00:59:00.059  6461  6461 D QSClockBellTower: He is ready to ring the bell. (((QSClockBellSound - TimeText:00:59, TimeContentDescription:00:59, DateText:Mon, 10 July, ShortDateText:Mon, 10 Jul, Demo:false, QuickStar-Second(false|12:34:56))))
07-10 00:59:00.060  6461  6461 D QSClockIndicatorView: Home Indicator status_bar_clock 00:59 notifyTimeChanged(QSClockBellSound - TimeText:00:59, TimeContentDescription:00:59, DateText:Mon, 10 July, ShortDateText:Mon, 10 Jul, Demo:false, QuickStar-Second(false|12:34:56)) ClockVisibleByPolicy:true, ClockVisibleByUser:true, visible?false, parent:android.widget.LinearLayout{503272 V.E...... ......I. 0,0-0,55 #7f0b04f0 app:id/left_clock_container}
07-10 00:59:00.060  6461  6461 D QSClockBellTower: Everyone heard the bell. run(currentTime:1688943540058,   getTime():Mon Jul 10 00:59:00 GMT+02:00 2023,   getTimeZone():libcore.util.ZoneInfo[mDstSavings=3600000,mUseDst=true,mDelegate=[id="Europe/Belgrade",mRawOffset=3600000,mEarliestRawOffset=4920000,transitions=119]])
07-10 00:59:00.079  6461  6461 I FaceWidgetPositionAlgorithm: getClockContainerHeight() supplier = 270, bottom margin = 0, real height = 333
07-10 00:59:00.079  6461  6461 I FaceWidgetPositionAlgorithm: getClockContainerHeight() supplier = 270, bottom margin = 63, real height = 333
07-10 00:59:00.079  6461  6461 I FaceWidgetPositionAlgorithm: getMediaContainerHeight() height = 0 container Visibility = 8, isValid = false, mIsDozing = false, fraction = 1.0, source = 0, target = 0
07-10 00:59:00.079  6461  6461 I FaceWidgetPositionAlgorithm: getMediaContainerHeight() supplier = 0
07-10 00:59:00.080  6461  6461 V QsExpandAnimator: setQsExpansionPosition 0.0
07-10 00:59:00.083  6461  6461 V QsExpandAnimator: updateAnimators
07-10 00:59:00.083  6461  6461 V QsExpandAnimator: clearAnimationState
07-10 00:59:00.084  6461  6461 V QsExpandAnimator: updateViews
07-10 00:59:00.085  6461  6461 V QsExpandAnimator: updateTileAnimator
07-10 00:59:00.086  6461  6461 V QsExpandAnimator: updateHeaderAnimator
07-10 00:59:00.087  6461  6461 V QsExpandAnimator: updateBarAnimator
07-10 00:59:00.088  6461  6461 V QsExpandAnimator: setQsExpansionPosition 0.0
07-10 00:59:00.088  6461  6461 V QsExpandAnimator: onAnimationAtStart
07-10 00:59:00.206  5674  6112 I ChimeraAggressivePolicyHandler: executePolicy() - triggerSource: TRIGGER_SOURCE_LMKD
07-10 00:59:00.212  5674  6112 I ChimeraAggressivePolicyHandler: available memory: 913144, free memory target: 870400, quit chimera
07-10 00:59:00.500  6461  6461 D TileLifecycleManager: Unbinding service Intent { cmp=com.android.nfc/com.samsung.android.nfc.quicktile.NfcTile (has extras) } UserHandle{0}
07-10 00:59:00.509  6868  6868 D NfcTile : onUnBind()
07-10 00:59:00.566 15403 15403 D ConnectivityManager: StackLog: [android.net.ConnectivityManager.sendRequestForNetwork(ConnectivityManager.java:4300)] [android.net.ConnectivityManager.registerDefaultNetworkCallbackForUid(ConnectivityManager.java:4864)] [android.net.ConnectivityManager.registerDefaultNetworkCallback(ConnectivityManager.java:4831)] [android.net.ConnectivityManager.registerDefaultNetworkCallback(ConnectivityManager.java:4805)] [g7.l.a(NetworkApi24.kt:11)] [d7.k.d(NetworkStateTracker.kt:18)] [c7.c.d(ConstraintController.kt:155)] [b7.d.d(WorkConstraintsTracker.kt:41)] [y6.c.c(GreedyScheduler.java:361)] [y6.a.run(DelayedWorkTracker.java:38)]
07-10 00:59:00.569  5674  9957 D ConnectivityService: requestNetwork for uid/pid:10220/15403 activeRequest: null callbackRequest: 16529 [NetworkRequest [ REQUEST id=16530, [ Capabilities: INTERNET&NOT_RESTRICTED&TRUSTED&NOT_VCN_MANAGED Uid: 10220 RequestorUid: 10220 RequestorPkg: com.reddit.frontpage UnderlyingNetworks: Null] ]] callback flags: 0 order: 2147483647
07-10 00:59:00.570  5674  6055 D ConnectivityService:    accepting network in place of null
07-10 00:59:00.572  5674  6045 D WifiNetworkFactory: got request NetworkRequest [ REQUEST id=16530, [ Capabilities: INTERNET&NOT_RESTRICTED&TRUSTED&NOT_VCN_MANAGED Uid: 10220 RequestorUid: 10220 RequestorPkg: com.reddit.frontpage UnderlyingNetworks: Null] ]
07-10 00:59:00.572  5674  6045 D UntrustedWifiNetworkFactory: got request NetworkRequest [ REQUEST id=16530, [ Capabilities: INTERNET&NOT_RESTRICTED&TRUSTED&NOT_VCN_MANAGED Uid: 10220 RequestorUid: 10220 RequestorPkg: com.reddit.frontpage UnderlyingNetworks: Null] ]
07-10 00:59:00.573  5674  6045 D OemPaidWifiNetworkFactory: got request NetworkRequest [ REQUEST id=16530, [ Capabilities: INTERNET&NOT_RESTRICTED&TRUSTED&NOT_VCN_MANAGED Uid: 10220 RequestorUid: 10220 RequestorPkg: com.reddit.frontpage UnderlyingNetworks: Null] ]
07-10 00:59:00.573  5674  6045 D MultiInternetWifiNetworkFactory: got request NetworkRequest [ REQUEST id=16530, [ Capabilities: INTERNET&NOT_RESTRICTED&TRUSTED&NOT_VCN_MANAGED Uid: 10220 RequestorUid: 10220 RequestorPkg: com.reddit.frontpage UnderlyingNetworks: Null] ]
07-10 00:59:00.574  5674  6055 D ConnectivityService: Rematched networks [computed 0ms] [applied 1ms] [issued 2]
07-10 00:59:00.574  5674  6055 D ConnectivityService: NetworkReassignment :
07-10 00:59:00.574  5674  6055 D ConnectivityService:   16530 : null → 118
07-10 00:59:00.719  5674  7726 D SemWifiUsabilityStatsMonitor: onWifiUsabilityStats - seqNum 21405, isSameBssidAndFreq true
07-10 00:59:00.722  5674  6128 I SemWifiLinkQualityMonitor: Link Qos Query: 0.021 ms / 390.000 Mbps (390 / 0.000 / 1.000)
07-10 00:59:00.951 15403 15492 I WM-WorkerWrapper: Worker result SUCCESS for Work [ id=9a7aa4de-7f10-4cff-9b82-e481def1039d, tags={ com.reddit.analytics.data.dispatcher.AnalyticsDispatchWorker } ]
07-10 00:59:00.956 15403 15403 D ConnectivityManager: StackLog: [android.net.ConnectivityManager.unregisterNetworkCallback(ConnectivityManager.java:4972)] [g7.j.c(NetworkApi21.kt:11)] [d7.k.e(NetworkStateTracker.kt:18)] [d7.h.b(ConstraintTracker.kt:25)] [c7.c.d(ConstraintController.kt:81)] [b7.d.d(WorkConstraintsTracker.kt:41)] [y6.c.a(GreedyScheduler.java:72)] [androidx.work.impl.o.a(Processor.java:98)] [androidx.work.impl.o$a.run(Processor.java:19)]
07-10 00:59:00.958  5674  6055 D ConnectivityService:  Removing from current network [118 WIFI], leaving 156 requests.
07-10 00:59:01.526  4378  4378 I lmkd    : cached 1, sandbox(not0) 0
07-10 00:59:01.532  4378  4378 I lmkd    : Reclaim 'com.reddit.frontpage' (15403), uid 10220, oom_score_adj 999, state 19 to free 78672kB rss, 27908kb swap
07-10 00:59:01.533  4378  4378 I lmkd    : Reclaimed 106580kB at oom_score_adj 850
07-10 00:59:01.568  5674  5743 I libprocessgroup: Successfully killed process cgroup uid 10220 pid 15403 in 0ms
07-10 00:59:01.568  5287  5287 I Zygote  : Process 15403 exited due to signal 9 (Killed)
07-10 00:59:01.758  4378  4378 I lmkd    : 1(delay), 0(swap), 0(freelimit), 0(reentrymode) memory pressure events were skipped after a kill!
07-10 00:59:01.759  4378  4378 I lmkd    : cached 1, sandbox(not0) 0
07-10 00:59:01.764  4378  4378 I lmkd    : Reclaim 'com.samsung.android.samsungpass' (12305), uid 10111, oom_score_adj 999, state 19 to free 29984kB rss, 41644kb swap
07-10 00:59:01.764  4378  4378 I lmkd    : Reclaimed 71628kB at oom_score_adj 850
07-10 00:59:01.803  5287  5287 I Zygote  : Process 12305 exited due to signal 9 (Killed)
07-10 00:59:01.805  5674  5743 I libprocessgroup: Successfully killed process cgroup uid 10111 pid 12305 in 0ms
07-10 00:59:01.814 15720 15734 W libc    : Access denied finding property "sys.perf.boostopt"
07-10 00:59:01.814  5262  5262 E audit   : type=1400 audit(1688943541.809:69571): avc:  denied  { read } for  pid=15720 comm="binder:15720_3" name="u:object_r:perf_prop:s0" dev="tmpfs" ino=10663 scontext=u:r:platform_app:s0:c512,c768 tcontext=u:object_r:perf_prop:s0 tclass=file permissive=0 SEPF_SM-A515F_13_0001 audit_filtered
07-10 00:59:01.815  5262  5262 E audit   : type=1300 audit(1688943541.809:69571): arch=c00000b7 syscall=56 success=no exit=-13 a0=ffffff9c a1=7b7d2692f8 a2=88000 a3=0 items=0 ppid=5287 pid=15720 auid=4294967295 uid=5278 gid=5278 euid=5278 suid=5278 fsuid=5278 egid=5278 sgid=5278 fsgid=5278 tty=(none) ses=4294967295 comm="binder:15720_3" exe="/system/bin/app_process64" subj=u:r:platform_app:s0:c512,c768 key=(null)
07-10 00:59:01.815  5262  5262 E audit   : type=1327 audit(1688943541.809:69571): proctitle="com.samsung.android.authfw"
07-10 00:59:01.818  4378  4378 I lmkd    : 2(delay), 0(swap), 0(freelimit), 0(reentrymode) memory pressure events were skipped after a kill!
07-10 00:59:01.819  4378  4378 I lmkd    : cached 1, sandbox(not0) 0
07-10 00:59:01.822  4378  4378 I lmkd    : Reclaim 'com.microsoft.todos' (17597), uid 10016, oom_score_adj 999, state 19 to free 76504kB rss, 27948kb swap
07-10 00:59:01.823  4378  4378 I lmkd    : Reclaimed 104452kB at oom_score_adj 850
07-10 00:59:01.850 15720 15720 I [PASS][SDK]h: onServiceDisconnected
07-10 00:59:01.855  5287  5287 I Zygote  : Process 17597 exited due to signal 9 (Killed)
07-10 00:59:01.857  5674  5743 I libprocessgroup: Successfully killed process cgroup uid 10016 pid 17597 in 0ms
07-10 00:59:02.107  4378  4378 I lmkd    : cached 1, sandbox(not0) 0
07-10 00:59:02.110  4378  4378 I lmkd    : Reclaim 'com.google.process.gservices' (13764), uid 10226, oom_score_adj 999, state 19 to free 35340kB rss, 31736kb swap
07-10 00:59:02.111  4378  4378 I lmkd    : Reclaimed 67076kB at oom_score_adj 850
07-10 00:59:02.141  5287  5287 I Zygote  : Process 13764 exited due to signal 9 (Killed)
07-10 00:59:02.141  5674  5743 I libprocessgroup: Successfully killed process cgroup uid 10226 pid 13764 in 0ms
07-10 00:59:02.141  5262  5262 E audit   : type=1400 audit(1688943542.137:69572): avc:  denied  { read } for  pid=17542 comm="binder:17542_2" name="u:object_r:perf_prop:s0" dev="tmpfs" ino=10663 scontext=u:r:gmscore_app:s0:c512,c768 tcontext=u:object_r:perf_prop:s0 tclass=file permissive=0 SEPF_SM-A515F_13_0001 audit_filtered
07-10 00:59:02.141 17542 17555 W libc    : Access denied finding property "sys.perf.boostopt"
07-10 00:59:02.141  5262  5262 E audit   : type=1300 audit(1688943542.137:69572): arch=c00000b7 syscall=56 success=no exit=-13 a0=ffffff9c a1=7b7d3542f8 a2=88000 a3=0 items=0 ppid=5287 pid=17542 auid=4294967295 uid=10226 gid=10226 euid=10226 suid=10226 fsuid=10226 egid=10226 sgid=10226 fsgid=10226 tty=(none) ses=4294967295 comm="binder:17542_2" exe="/system/bin/app_process64" subj=u:r:gmscore_app:s0:c512,c768 key=(null)
07-10 00:59:02.141  5262  5262 E audit   : type=1327 audit(1688943542.137:69572): proctitle="com.google.android.gms.unstable"
07-10 00:59:02.169  4378  4378 I lmkd    : 1(delay), 0(swap), 0(freelimit), 0(reentrymode) memory pressure events were skipped after a kill!
07-10 00:59:02.170  4378  4378 I lmkd    : cached 1, sandbox(not0) 0
07-10 00:59:02.171  4378  4378 I lmkd    : Reclaim 'com.google.android.cellbroadcastreceiver' (16422), uid 10397, oom_score_adj 999, state 19 to free 35716kB rss, 31500kb swap
07-10 00:59:02.172  4378  4378 I lmkd    : Reclaimed 67216kB at oom_score_adj 850
07-10 00:59:02.196  5287  5287 I Zygote  : Process 16422 exited due to signal 9 (Killed)
07-10 00:59:02.198  5674  5743 I libprocessgroup: Successfully killed process cgroup uid 10397 pid 16422 in 0ms
07-10 00:59:02.260  4378  4378 I lmkd    : cached 1, sandbox(not0) 0
07-10 00:59:02.263  4378  4378 I lmkd    : Reclaim 'com.sec.unifiedwfc' (16399), uid 10161, oom_score_adj 999, state 19 to free 39900kB rss, 31460kb swap
07-10 00:59:02.264  4378  4378 I lmkd    : Reclaimed 71360kB at oom_score_adj 850
07-10 00:59:02.305  5287  5287 I Zygote  : Process 16399 exited due to signal 9 (Killed)
07-10 00:59:02.305  5674  5743 I libprocessgroup: Successfully killed process cgroup uid 10161 pid 16399 in 0ms
07-10 00:59:02.400  4378  4378 I lmkd    : cached 1, sandbox(not0) 0
07-10 00:59:02.404  4378  4378 I lmkd    : Reclaim 'com.samsung.android.game.gamehome' (17917), uid 10080, oom_score_adj 999, state 19 to free 43816kB rss, 30412kb swap
07-10 00:59:02.406  4378  4378 I lmkd    : Reclaimed 74228kB at oom_score_adj 850
07-10 00:59:02.447  5674  5743 I libprocessgroup: Successfully killed process cgroup uid 10080 pid 17917 in 0ms
07-10 00:59:02.447  5287  5287 I Zygote  : Process 17917 exited due to signal 9 (Killed)
07-10 00:59:02.848  5287  5287 D Zygote  : Forked child process 19593
07-10 00:59:02.917 19593 19593 I oid.samsungpass: Using CollectorTypeCC GC.
07-10 00:59:02.925 19593 19593 E oid.samsungpass: Not starting debugger since process cannot load the jdwp agent.
07-10 00:59:02.933 19593 19593 W libc    : Access denied finding property "sys.perf.boostopt"
07-10 00:59:02.933  5262  5262 E audit   : type=1400 audit(1688943542.929:69573): avc:  denied  { read } for  pid=19593 comm="oid.samsungpass" name="u:object_r:perf_prop:s0" dev="tmpfs" ino=10663 scontext=u:r:platform_app:s0:c512,c768 tcontext=u:object_r:perf_prop:s0 tclass=file permissive=0 SEPF_SM-A515F_13_0001 audit_filtered
07-10 00:59:02.934  5262  5262 E audit   : type=1300 audit(1688943542.929:69573): arch=c00000b7 syscall=56 success=no exit=-13 a0=ffffff9c a1=7fcf7d5458 a2=88000 a3=0 items=0 ppid=5287 pid=19593 auid=4294967295 uid=10111 gid=10111 euid=10111 suid=10111 fsuid=10111 egid=10111 sgid=10111 fsgid=10111 tty=(none) ses=4294967295 comm="oid.samsungpass" exe="/system/bin/app_process64" subj=u:r:platform_app:s0:c512,c768 key=(null)
07-10 00:59:02.934  5262  5262 E audit   : type=1327 audit(1688943542.929:69573): proctitle="zygote64"
07-10 00:59:02.934 19593 19605 W libc    : Access denied finding property "sys.perf.boostopt"
07-10 00:59:02.934  5262  5262 E audit   : type=1400 audit(1688943542.933:69574): avc:  denied  { read } for  pid=19593 comm="binder:19593_1" name="u:object_r:perf_prop:s0" dev="tmpfs" ino=10663 scontext=u:r:platform_app:s0:c512,c768 tcontext=u:object_r:perf_prop:s0 tclass=file permissive=0 SEPF_SM-A515F_13_0001 audit_filtered
07-10 00:59:02.936 19593 19593 D ActivityThread: setConscryptValidator
07-10 00:59:02.936 19593 19593 D ActivityThread: setConscryptValidator - put
07-10 00:59:02.952  5353  6075 V APM_AudioPolicyManager: setAppState(portId:1005, state:1)
07-10 00:59:02.955 19593 19606 W libc    : Access denied finding property "sys.perf.boostopt"
07-10 00:59:02.960 19593 19593 D CompatibilityChangeReporter: Compat change id reported: 171979766; UID 10111; state: ENABLED
07-10 00:59:03.663 19593 19593 I FirebaseApp: Device unlocked: initializing all Firebase APIs for app [DEFAULT]
07-10 00:59:03.697 19593 19593 I FirebaseInitProvider: FirebaseApp initialization successful
07-10 00:59:03.751 19593 19593 I CrashlyticsInitProvider: CrashlyticsInitProvider skipping initialization
07-10 00:59:03.752  5674  7726 D SemWifiUsabilityStatsMonitor: onWifiUsabilityStats - seqNum 21406, isSameBssidAndFreq true
07-10 00:59:03.756  5674  6128 I SemWifiLinkQualityMonitor: Link Qos Query: 0.037 ms / 216.500 Mbps (433 / 0.000 / 2.000)
07-10 00:59:03.929 19593 19593 I [PASS][SPASS]SamsungPassSettingsProvider: onCreateData
07-10 00:59:03.935 19593 19593 I [PASS][SPASS]SamsungPassSettingsProvider: checkCondition - Build.Version:33, UserId:0, UserIsGuest:false
07-10 00:59:03.990 19593 19593 I [PASS][SPASS]EasySigninProvider: onCreate
07-10 00:59:04.033 19593 19593 I [PASS][CMN]WalletDeeplinkTokenProvider: onCreate
07-10 00:59:04.046 19593 19593 I [PASS][SPASS]SettingDBProvider: onCreate
07-10 00:59:04.052 19593 19593 I [PASS][SPASS]WalletSettingsProvider: onCreate
07-10 00:59:04.067 19593 19593 I [PASS][SPASS]SPassApplication: onCreate
07-10 00:59:04.083 19593 19593 I [PASS][SPASS]FrameworkUtils: isInitialized : true
07-10 00:59:04.083 19593 19593 I [PASS][SPASS]FrameworkHelper: initialize - already initialized
07-10 00:59:04.219 19593 19593 I [PASS][SPASS]SPassApplication: checkDeviceId true
07-10 00:59:04.219 19593 19593 I [PASS][SPASS]FrameworkUtils: isInitialized : true
07-10 00:59:04.220 19593 19593 I [PASS][SPASS]PassFramework: ISU
07-10 00:59:04.322  4613  4613 W keymaster_tee: [WRN]begin req PARAMS: A32 B2 P64
07-10 00:59:04.359 19593 19593 W [PASS][PASS]PermissionHelper: usrId is invalid : -1
07-10 00:59:04.359 19593 19593 I [PASS][SPASS]FrameworkUtils: isSignedUp - false
07-10 00:59:04.396 19593 19593 I [PASS][CMN]WalletUtil: getWalletMigrated : false
07-10 00:59:04.399 19593 19593 I [PASS][SPASS]IconUtils:  checkVersionAddIcon : criticalUpdateVersion : true firstCheck : false appIconExist : false  walletMigrated : false
07-10 00:59:04.400 19593 19593 I [PASS][SPASS]FrameworkUtils: isInitialized : true
07-10 00:59:04.400 19593 19593 I [PASS][SPASS]PassFramework: ISU
07-10 00:59:04.400 19593 19593 W [PASS][PASS]PermissionHelper: usrId is invalid : -1
07-10 00:59:04.400 19593 19593 I [PASS][SPASS]FrameworkUtils: isSignedUp - false
07-10 00:59:04.403 19593 19593 I [PASS][CMN]WalletUtil: getWalletMigrated : false
07-10 00:59:04.403 19593 19593 I [PASS][SPASS]IconUtils: setComponentEnabledSetting : false, walletMigrated : false
07-10 00:59:04.405  5674  7463 D PackageManager: setEnabledSetting : userId = 0 packageName = com.samsung.android.samsungpass cmp = com.samsung.android.samsungpass.launcher.EntryLauncher newState = 2 callingPackage = 10111/com.samsung.android.samsungpass
07-10 00:59:04.409  5674  7463 D PackageManager: setEnabledSetting : userId = 0 packageName = com.samsung.android.samsungpass cmp = com.samsung.android.samsungpass.ui.activity.EntryLauncher newState = 2 callingPackage = 10111/com.samsung.android.samsungpass
07-10 00:59:04.412  5674  7463 D PackageManager: setEnabledSetting : userId = 0 packageName = com.samsung.android.samsungpass cmp = com.samsung.android.samsungpass.launcher.EntryLauncherJPN newState = 2 callingPackage = 10111/com.samsung.android.samsungpass
07-10 00:59:04.415  5674  7463 D PackageManager: setEnabledSetting : userId = 0 packageName = com.samsung.android.samsungpass cmp = com.samsung.android.samsungpass.launcher.SearchableActivity newState = 1 callingPackage = 10111/com.samsung.android.samsungpass
07-10 00:59:04.416  5674  7463 D ApplicationPolicy: getApplicationStateEnabled : pkg = com.samsung.android.samsungpass userId : 0
07-10 00:59:04.419  5674  7463 D ApplicationPolicy: getApplicationComponentState : pkg = com.samsung.android.samsungpass userId : 0
07-10 00:59:04.462 19593 19593 I MockDeskModeManager:  isDeskMode : false
07-10 00:59:04.462 19593 19593 I MockDeskModeManager: Adding Desktop State change Listeners
07-10 00:59:04.625 19593 19593 W [PASS][PASS]PermissionHelper: usrId is invalid : -1
07-10 00:59:04.691  5674  7463 D PackageManager: setEnabledSetting : userId = 0 packageName = com.Slack cmp = androidx.work.impl.background.systemalarm.RescheduleReceiver newState = 1 callingPackage = 10329/com.Slack
07-10 00:59:04.692  5674  7463 D ApplicationPolicy: getApplicationStateEnabled : pkg = com.Slack userId : 0
07-10 00:59:04.694  5674  7463 D ApplicationPolicy: getApplicationComponentState : pkg = com.Slack userId : 0
07-10 00:59:04.708 19593 19642 I [PASS][CMN]WalletUtil: getWalletMigrated : false
07-10 00:59:04.709 19593 19642 I [PASS][CMN]SamsungAnalyticsLog: initializeSamsungAnalytics
07-10 00:59:04.710 19593 19593 I [AUTHFW][PSDK]PassOperation: initialize
07-10 00:59:04.710 19593 19642 I [PASS][CMN]WalletUtil: getWalletMigrated : false
07-10 00:59:04.712 19593 19593 I [AUTHFW][PSDK]PassServiceConnection: bindService
07-10 00:59:04.719 19593 19642 I DIAGMON_SDK[605060]: DiagMonAgent type: 2
07-10 00:59:04.720 19593 19642 I DIAGMON_SDK[605060][p595fm8rxk] : generated SR object
07-10 00:59:04.724 19593 19642 I [PASS][SPASS]SPassApplication: AndroidThreeTen initialized
07-10 00:59:04.726 19593 19593 I [PASS][SPASS]FrameworkUtils: isInitialized : true
07-10 00:59:04.726 19593 19593 I [PASS][SPASS]PassFramework: ISU
07-10 00:59:04.726 19593 19593 W [PASS][PASS]PermissionHelper: usrId is invalid : -1
07-10 00:59:04.726 19593 19593 I [PASS][SPASS]FrameworkUtils: isSignedUp - false
07-10 00:59:04.729 19593 19593 W [PASS][CMN]PackageUtil: Can not find package [com.samsung.android.spaymini]
07-10 00:59:04.729  5674  5745 W libprocessgroup: Failed to open /dev/blkio//cgroup.procs: No such file or directory
07-10 00:59:04.731  5353  5543 V APM_AudioPolicyManager: setAppState(portId:1005, state:1)
07-10 00:59:04.748 15049 15247 D ConnectivityManager: StackLog: [android.net.ConnectivityManager.sendRequestForNetwork(ConnectivityManager.java:4300)] [android.net.ConnectivityManager.registerDefaultNetworkCallbackForUid(ConnectivityManager.java:4864)] [android.net.ConnectivityManager.registerDefaultNetworkCallback(ConnectivityManager.java:4831)] [android.net.ConnectivityManager.registerDefaultNetworkCallback(ConnectivityManager.java:4805)] [androidx.work.impl.utils.NetworkApi24.registerDefaultNetworkCallbackCompat(Unknown Source:11)] [androidx.work.impl.constraints.trackers.NetworkStateTracker24.startTracking(Unknown Source:15)] [androidx.work.impl.constraints.controllers.ConstraintController.replace(Unknown Source:130)] [androidx.work.impl.constraints.WorkConstraintsTrackerImpl.replace(Unknown Source:41)] [androidx.work.impl.background.greedy.GreedyScheduler.schedule(Unknown Source:302)] [androidx.work.impl.Schedulers.schedule(Unknown Source:155)] [androidx.work.impl.utils.EnqueueRunnable.run(Unknown Source:53)] [androidx.work.Worker$2.run$androidx$work$impl$utils$SerialExecutorImpl$Task(Unknown Source:4)] [androidx.work.Worker$2.run(Unknown Source:868)] [java.util.concurrent.ThreadPoolExecutor.runWorker(ThreadPoolExecutor.java:1137)] [java.util.concurrent.ThreadPoolExecutor$Worker.run(ThreadPoolExecutor.java:637)] [java.lang.Thread.run(Thread.java:1012)]
07-10 00:59:04.751  5674  9951 D ConnectivityService: requestNetwork for uid/pid:10329/15049 activeRequest: null callbackRequest: 16531 [NetworkRequest [ REQUEST id=16532, [ Capabilities: INTERNET&NOT_RESTRICTED&TRUSTED&NOT_VCN_MANAGED Uid: 10329 RequestorUid: 10329 RequestorPkg: com.Slack UnderlyingNetworks: Null] ]] callback flags: 0 order: 2147483647
07-10 00:59:04.752  5674  6055 D ConnectivityService:    accepting network in place of null
07-10 00:59:04.752 15720 15720 I [AUTHFW][PASS]PassService: personaId : 0
07-10 00:59:04.754  5674  6045 D WifiNetworkFactory: got request NetworkRequest [ REQUEST id=16532, [ Capabilities: INTERNET&NOT_RESTRICTED&TRUSTED&NOT_VCN_MANAGED Uid: 10329 RequestorUid: 10329 RequestorPkg: com.Slack UnderlyingNetworks: Null] ]
07-10 00:59:04.755  5674  6045 D UntrustedWifiNetworkFactory: got request NetworkRequest [ REQUEST id=16532, [ Capabilities: INTERNET&NOT_RESTRICTED&TRUSTED&NOT_VCN_MANAGED Uid: 10329 RequestorUid: 10329 RequestorPkg: com.Slack UnderlyingNetworks: Null] ]
07-10 00:59:04.755  5674  6045 D OemPaidWifiNetworkFactory: got request NetworkRequest [ REQUEST id=16532, [ Capabilities: INTERNET&NOT_RESTRICTED&TRUSTED&NOT_VCN_MANAGED Uid: 10329 RequestorUid: 10329 RequestorPkg: com.Slack UnderlyingNetworks: Null] ]
07-10 00:59:04.755  5674  6045 D MultiInternetWifiNetworkFactory: got request NetworkRequest [ REQUEST id=16532, [ Capabilities: INTERNET&NOT_RESTRICTED&TRUSTED&NOT_VCN_MANAGED Uid: 10329 RequestorUid: 10329 RequestorPkg: com.Slack UnderlyingNetworks: Null] ]
07-10 00:59:04.756  4379  4385 I servicemanager: Adding 'u:r:platform_app:s0:c512,c768' service (com.samsung.android.pass.IPassService:15720)
07-10 00:59:04.756  5674  6055 D ConnectivityService: Rematched networks [computed 0ms] [applied 1ms] [issued 3]
07-10 00:59:04.756  5674  6055 D ConnectivityService: NetworkReassignment :
07-10 00:59:04.756  5674  6055 D ConnectivityService:   16532 : null → 118
07-10 00:59:04.756  4379  4385 I BpBinder: onLastStrongRef automatically unlinking death recipients: <uncached descriptor>
07-10 00:59:04.759 15720 15720 I [AUTHFW][PASS]PassService: onBind:PassOperation
07-10 00:59:04.765 19593 19593 I [PASS][PASS]PassService: onBind:SamsungPassService
07-10 00:59:04.767 15720 15720 I [PASS][SDK]h: onServiceConnected
07-10 00:59:04.770 15720 15720 I [AUTHFW][PASS]AuthFwApp: Samsung Pass Service is connected
07-10 00:59:04.777  5353  5543 V APM_AudioPolicyManager: setAppState(portId:1005, state:1)
07-10 00:59:04.782 15049 15049 D ConnectivityManager: StackLog: [android.net.ConnectivityManager.unregisterNetworkCallback(ConnectivityManager.java:4972)] [androidx.work.impl.utils.NetworkApi21.unregisterNetworkCallbackCompat(Unknown Source:11)] [androidx.work.impl.constraints.trackers.NetworkStateTracker24.stopTracking(Unknown Source:15)] [androidx.work.impl.constraints.trackers.ConstraintTracker.removeListener(Unknown Source:24)] [androidx.work.impl.constraints.controllers.ConstraintController.replace(Unknown Source:81)] [androidx.work.impl.constraints.WorkConstraintsTrackerImpl.replace(Unknown Source:41)] [androidx.work.impl.background.greedy.GreedyScheduler.onExecuted(Unknown Source:55)] [androidx.work.impl.Processor.onExecuted(Unknown Source:59)] [com.bugsnag.android.DeliveryDelegate$1.run(Unknown Source:212)]
07-10 00:59:04.784 19593 19593 I [AUTHFW][PSDK]PassServiceConnection: onServiceConnected
07-10 00:59:04.784  5674  6055 D ConnectivityService:  Removing from current network [118 WIFI], leaving 156 requests.
07-10 00:59:04.784 19593 19593 I [PASS][SPASS]SPassApplication: pass connected
07-10 00:59:04.787 11611 11645 D Benchmark: Copying /storage/emulated/0/Android/data/org.jetbrains.android_benchmark.test/cache/Wolf3dBenchmark_valueDouble_2023-07-09-22-58-58.perfetto-trace to /sdcard/Android/media/org.jetbrains.android_benchmark.test/additional_test_output/Wolf3dBenchmark_valueDouble_2023-07-09-22-58-58.perfetto-trace
07-10 00:59:04.792  5353  5543 V APM_AudioPolicyManager: setAppState(portId:1005, state:1)
07-10 00:59:04.797  5353  5543 V APM_AudioPolicyManager: setAppState(portId:1005, state:1)
07-10 00:59:04.857  9843 19122 W MediaProvider: isAppCloneUserPair for user 0: false
07-10 00:59:05.169  5674  7463 D SyncManager: userId - 0 auto - true
07-10 00:59:05.297  5674  5745 W libprocessgroup: Failed to open /dev/blkio//cgroup.procs: No such file or directory
07-10 00:59:05.391 16924 19405 I NetworkScheduler.Stats: (REDACTED) Task %s/%s started execution. cause:%s exec_start_elapsed_seconds: %s
07-10 00:59:05.462 16924 17588 I NetworkScheduler.Stats: (REDACTED) Task %s/%s finished executing. cause:%s result: %s elapsed_millis: %s uptime_millis: %s exec_start_elapsed_seconds: %s
07-10 00:59:05.647  5674  5745 W libprocessgroup: Failed to open /dev/blkio//cgroup.procs: No such file or directory
07-10 00:59:05.648  5353  5543 V APM_AudioPolicyManager: setAppState(portId:1005, state:1)
07-10 00:59:05.769 10639 10639 I SCS@AiSearch user 0: (ObserverWorker::AOSP_MP) [main] entering in startWork():
07-10 00:59:05.769 10639 10639 I SCS@AiSearch user 0: (BaseCollector::AOSP_MP) [main] entering in onChange():
07-10 00:59:05.771 10639 10825 I SCS@AiSearch user 0: (BaseCollector::AOSP_MP) [AOSP_MP-0] entering in collectChanges():
07-10 00:59:05.793  5674  7463 D PackageManager: setEnabledSetting : userId = 0 packageName = com.samsung.android.scs cmp = androidx.work.impl.background.systemalarm.RescheduleReceiver newState = 1 callingPackage = 10380/com.samsung.android.scs
07-10 00:59:05.795  5674  7463 D ApplicationPolicy: getApplicationStateEnabled : pkg = com.samsung.android.scs userId : 0
07-10 00:59:05.796  5674  7463 D ApplicationPolicy: getApplicationComponentState : pkg = com.samsung.android.scs userId : 0
07-10 00:59:06.054  9843 10427 I FuseDaemon: Threshold exceeded - fadvising 67223552
07-10 00:59:06.054  9843 10427 I FuseDaemon: Threshold now 0
07-10 00:59:06.065 10639 10825 I SCS@AiSearch user 0: (BaseCollector::AOSP_MP) fetchInternal values : maxSyncId: 1000028446 indexCount: 19466 sourceCount: 19466
07-10 00:59:06.226 10639 10825 I SCS@AiSearch user 0: (IndexManager) [AOSP_MP-0] entering in addIndex():
07-10 00:59:06.240 10639 10825 I SCS@AiSearch user 0: (BaseCollector::AOSP_MP) fetch: fetching took  291 ms
07-10 00:59:06.240 10639 10825 I SCS@AiSearch user 0: (BaseCollector::AOSP_MP) fetchChanges: applied 0 items
07-10 00:59:06.240 10639 10825 I SCS@AiSearch user 0: (BaseCollector::AOSP_MP) Collect finished. Result: true
07-10 00:59:06.242 10639 10825 I SCS@AiSearch user 0: (BaseCollector::AOSP_MP) enqueue ObserverWorker name: com.sec.android.app.myfiles, policy: APPEND_OR_REPLACE
07-10 00:59:06.243 10639 10702 I WM-WorkerWrapper: Worker result SUCCESS for Work [ id=b32dcd9f-fc1c-4c2d-976c-80c496cd4623, tags={ com.sec.android.app.myfiles, com.samsung.android.scs.ai.search.data.collector.ObserverWorker } ]
07-10 00:59:06.253  5353  5543 V APM_AudioPolicyManager: setAppState(portId:1005, state:1)
07-10 00:59:06.261  5353  5543 V APM_AudioPolicyManager: setAppState(portId:1005, state:1)
07-10 00:59:06.330  5674  7463 D PackageManager: setEnabledSetting : userId = 0 packageName = com.samsung.android.scs cmp = androidx.work.impl.background.systemalarm.RescheduleReceiver newState = 1 callingPackage = 10380/com.samsung.android.scs
07-10 00:59:06.331  5674  7463 D ApplicationPolicy: getApplicationStateEnabled : pkg = com.samsung.android.scs userId : 0
07-10 00:59:06.332  5674  7463 D ApplicationPolicy: getApplicationComponentState : pkg = com.samsung.android.scs userId : 0
07-10 00:59:06.406  5287  5287 D Zygote  : Forked child process 19687
07-10 00:59:06.460 19687 19687 I eddit.frontpage: Using CollectorTypeCC GC.
07-10 00:59:06.466 19687 19687 E eddit.frontpage: Not starting debugger since process cannot load the jdwp agent.
07-10 00:59:06.480 19687 19687 W libc    : Access denied finding property "sys.perf.boostopt"
07-10 00:59:06.480  5262  5262 E audit   : type=1400 audit(1688943546.477:69576): avc:  denied  { read } for  pid=19687 comm="eddit.frontpage" name="u:object_r:perf_prop:s0" dev="tmpfs" ino=10663 scontext=u:r:untrusted_app:s0:c220,c256,c512,c768 tcontext=u:object_r:perf_prop:s0 tclass=file permissive=0 SEPF_SM-A515F_13_0001 audit_filtered
07-10 00:59:06.480  5262  5262 E audit   : type=1300 audit(1688943546.477:69576): arch=c00000b7 syscall=56 success=no exit=-13 a0=ffffff9c a1=7fcf7d5458 a2=88000 a3=0 items=0 ppid=5287 pid=19687 auid=4294967295 uid=10220 gid=10220 euid=10220 suid=10220 fsuid=10220 egid=10220 sgid=10220 fsgid=10220 tty=(none) ses=4294967295 comm="eddit.frontpage" exe="/system/bin/app_process64" subj=u:r:untrusted_app:s0:c220,c256,c512,c768 key=(null)
07-10 00:59:06.481  5262  5262 E audit   : type=1327 audit(1688943546.477:69576): proctitle="zygote64"
07-10 00:59:06.481  5262  5262 E audit   : type=1400 audit(1688943546.477:69577): avc:  denied  { read } for  pid=19687 comm="binder:19687_1" name="u:object_r:perf_prop:s0" dev="tmpfs" ino=10663 scontext=u:r:untrusted_app:s0:c220,c256,c512,c768 tcontext=u:object_r:perf_prop:s0 tclass=file permissive=0 SEPF_SM-A515F_13_0001 audit_filtered
07-10 00:59:06.481 19687 19705 W libc    : Access denied finding property "sys.perf.boostopt"
07-10 00:59:06.483 19687 19687 D ActivityThread: setConscryptValidator
07-10 00:59:06.483 19687 19687 D ActivityThread: setConscryptValidator - put
07-10 00:59:06.509  5353  5543 V APM_AudioPolicyManager: setAppState(portId:1005, state:1)
07-10 00:59:06.513 19687 19706 W libc    : Access denied finding property "sys.perf.boostopt"
07-10 00:59:06.518 19687 19687 D CompatibilityChangeReporter: Compat change id reported: 171979766; UID 10220; state: ENABLED
07-10 00:59:06.641  9843 10427 I FuseDaemon: Threshold exceeded - fadvising 67145728
07-10 00:59:06.641  9843 10427 I FuseDaemon: Threshold now 0
07-10 00:59:06.791  5674  7726 D SemWifiUsabilityStatsMonitor: onWifiUsabilityStats - seqNum 21407, isSameBssidAndFreq true
07-10 00:59:06.796  5674  6128 I SemWifiLinkQualityMonitor: Link Qos Query: 0.037 ms / 216.500 Mbps (433 / 0.000 / 2.000)
07-10 00:59:06.847  6461  6461 D NetworkController.WifiSignalController: notifyListener: visible=true, connected=true, inetCondition=1, isDefault=true, wifiTestReported=true, receivedInetCondition=-1, hideDuringMobileSwitching=false
07-10 00:59:06.915 19687 19687 W ziparchive: Unable to open '/data/app/~~wftFiSVWniWN5bsjsPIT1A==/com.reddit.frontpage-mGYImKoPtrdV2k-3GgfSuQ==/split_config.arm64_v8a.dm': No such file or directory
07-10 00:59:06.916 19687 19687 W ziparchive: Unable to open '/data/app/~~wftFiSVWniWN5bsjsPIT1A==/com.reddit.frontpage-mGYImKoPtrdV2k-3GgfSuQ==/split_config.arm64_v8a.dm': No such file or directory
07-10 00:59:06.916  9843 10427 I FuseDaemon: Threshold exceeded - fadvising 67223552
