07-10 00:53:39.769 11611 11645 I TestRunner: started: longPackInt(org.jetbrains.android_benchmark.BoxRecreationBenchmark)
07-10 00:53:39.774 11611 11611 I MonitoringInstr: Activities that are still in CREATED to STOPPED: 1
07-10 00:53:39.774 11611 11611 I MonitoringInstr: Finishing activity: androidx.benchmark.IsolationActivity@c9a4959
07-10 00:53:39.781 11611 11645 I GrantPermissionCallable: Permission: android.permission.WRITE_EXTERNAL_STORAGE is already granted!
07-10 00:53:39.781 11611 11645 I GrantPermissionCallable: Permission: android.permission.READ_EXTERNAL_STORAGE is already granted!
07-10 00:53:39.781 11611 11645 D Benchmark: -- Running org.jetbrains.android_benchmark.BoxRecreationBenchmark#longPackInt --
07-10 00:53:39.782 11611 11645 D PerfettoCapture: Supported ABIs: arm64-v8a, armeabi-v7a, armeabi
07-10 00:53:39.782 11611 11645 D PerfettoCapture: Recording perfetto trace
07-10 00:53:39.823 11611 11645 I PerfettoCapture: Cleanup perfetto before starting.
07-10 00:53:40.031 11611 11645 I PerfettoCapture: Perfetto output file cleanup -
07-10 00:53:40.031 11611 11645 I PerfettoCapture: Starting perfetto tracing with cmd: cat /storage/emulated/0/Android/data/org.jetbrains.android_benchmark.test/cache/trace_config.pb | perfetto --background -c - -o /data/misc/perfetto-traces/trace_output.pb
07-10 00:53:40.057  5353  6075 V APM_AudioPolicyManager: setAppState(portId:1005, state:1)
07-10 00:53:40.061  5674  5745 W libprocessgroup: Failed to open /dev/blkio//cgroup.procs: No such file or directory
07-10 00:53:40.085 10639 10639 I SCS@AiSearch user 0: (ObserverWorker::AOSP_MP) [main] entering in startWork():
07-10 00:53:40.086 10639 10639 I SCS@AiSearch user 0: (BaseCollector::AOSP_MP) [main] entering in onChange():
07-10 00:53:40.087 10639 10825 I SCS@AiSearch user 0: (BaseCollector::AOSP_MP) [AOSP_MP-0] entering in collectChanges():
07-10 00:53:40.095  5674  7463 D PackageManager: setEnabledSetting : userId = 0 packageName = com.samsung.android.scs cmp = androidx.work.impl.background.systemalarm.RescheduleReceiver newState = 1 callingPackage = 10380/com.samsung.android.scs
07-10 00:53:40.096  5674  7463 D ApplicationPolicy: getApplicationStateEnabled : pkg = com.samsung.android.scs userId : 0
07-10 00:53:40.098  5674  7463 D ApplicationPolicy: getApplicationComponentState : pkg = com.samsung.android.scs userId : 0
07-10 00:53:40.199 18833 18833 I perfetto:    perfetto_cmd.cc:1001 Connected to the Perfetto traced service, starting tracing
07-10 00:53:40.200  5436  5436 I perfetto: ing_service_impl.cc:953 Configured tracing session 316, #sources:4, duration:0 ms, #buffers:2, total buffer size:36864 KB, total sessions:1, uid:2000 session name: ""
07-10 00:53:40.202  5424  5424 I perfetto:  probes_producer.cc:139 Ftrace setup (target_buf=631)
07-10 00:53:40.238 11611 11645 I PerfettoCapture: Perfetto output - 18833
07-10 00:53:40.238 11611 11645 I PerfettoCapture: EXITCODE=0
07-10 00:53:40.266  4380  4380 I hwservicemanager: getTransport: Cannot find entry android.hardware.atrace@1.0::IAtraceDevice/default in either framework or device VINTF manifest.
07-10 00:53:40.285 10639 10825 I SCS@AiSearch user 0: (BaseCollector::AOSP_MP) fetchInternal values : maxSyncId: 1000028446 indexCount: 19466 sourceCount: 19466
07-10 00:53:40.289  5424  5424 I perfetto:    ftrace_procfs.cc:335 enabled ftrace in /sys/kernel/tracing/
07-10 00:53:40.335 11611 11645 I PerfettoCapture: Perfetto tracing started successfully with pid 18833.
07-10 00:53:40.395 10639 10825 I SCS@AiSearch user 0: (IndexManager) [AOSP_MP-0] entering in addIndex():
07-10 00:53:40.402 10639 10825 I SCS@AiSearch user 0: (BaseCollector::AOSP_MP) fetch: fetching took  221 ms
07-10 00:53:40.402 10639 10825 I SCS@AiSearch user 0: (BaseCollector::AOSP_MP) fetchChanges: applied 0 items
07-10 00:53:40.403 10639 10825 I SCS@AiSearch user 0: (BaseCollector::AOSP_MP) Collect finished. Result: true
07-10 00:53:40.406 10639 10702 I WM-WorkerWrapper: Worker result SUCCESS for Work [ id=5a2f2a27-6572-4129-b4f2-16a56f1dc607, tags={ com.sec.android.app.myfiles, com.samsung.android.scs.ai.search.data.collector.ObserverWorker } ]
07-10 00:53:40.412 11611 11645 I PerfettoCapture: /sys/kernel/tracing/tracing_on = 1, polled 0 times, capture fully started
07-10 00:53:40.414 10639 10825 I SCS@AiSearch user 0: (BaseCollector::AOSP_MP) enqueue ObserverWorker name: com.sec.android.app.myfiles, policy: APPEND_OR_REPLACE
07-10 00:53:40.414 11611 11645 D Benchmark: Set 11645 (Bench thread) to priority -20. Was -8, now -20
07-10 00:53:40.415 11611 11645 D Benchmark: Set 11624 (Jit) to priority -15. Was 9, now -15
07-10 00:53:40.420  5353  6075 V APM_AudioPolicyManager: setAppState(portId:1005, state:1)
07-10 00:53:40.436  5353  6075 V APM_AudioPolicyManager: setAppState(portId:1005, state:1)
07-10 00:53:40.454 11611 11645 I _benchmark.test: Explicit concurrent copying GC freed 427238(7230KB) AllocSpace objects, 1(20KB) LOS objects, 67% free, 2993KB/9137KB, paused 436us,99us total 39.068ms
07-10 00:53:40.507  5674  9952 D PackageManager: setEnabledSetting : userId = 0 packageName = com.samsung.android.scs cmp = androidx.work.impl.background.systemalarm.RescheduleReceiver newState = 1 callingPackage = 10380/com.samsung.android.scs
07-10 00:53:40.509  5674  9952 D ApplicationPolicy: getApplicationStateEnabled : pkg = com.samsung.android.scs userId : 0
07-10 00:53:40.510  5674  9952 D ApplicationPolicy: getApplicationComponentState : pkg = com.samsung.android.scs userId : 0
07-10 00:53:40.856  5674  7726 D SemWifiUsabilityStatsMonitor: onWifiUsabilityStats - seqNum 21300, isSameBssidAndFreq true
07-10 00:53:40.859  5674  6128 I SemWifiLinkQualityMonitor: Link Qos Query: 0.073 ms / 109.583 Mbps (263 / 0.000 / 2.400)
07-10 00:53:40.859  6461  6461 D NetworkController.WifiSignalController: notifyListener: visible=true, connected=true, inetCondition=1, isDefault=true, wifiTestReported=true, receivedInetCondition=-1, hideDuringMobileSwitching=false
07-10 00:53:40.982 31135 31441 I BluetoothAdapter: STATE_ON
07-10 00:53:40.988 31135 31441 D BluetoothGatt: connect() - device: 645DF4_1, auto: false
07-10 00:53:40.988 31135 31441 D BluetoothGatt: registerApp()
07-10 00:53:40.989 31135 31441 D BluetoothGatt: registerApp() - UUID=abb8c587-8386-4632-a7b4-fe3ee55e0b16
07-10 00:53:41.005 15865 15892 D BtGatt.GattService: registerClient(com.google.android.googlequicksearchbox) - UUID=abb8c587-8386-4632-a7b4-fe3ee55e0b16
07-10 00:53:41.010 15865 15892 D BtGatt.ContextMap: add() - appUid: 10233, appPid: 31135, appName: com.google.android.googlequicksearchbox
07-10 00:53:41.013 15865 16649 W bt_bta_gattc: bta_gattc_register :: state: 2, uuid=abb8c587-8386-4632-a7b4-fe3ee55e0b16
07-10 00:53:41.014 15865 16649 W bt_bta_gattc: Registered GATT client interface 6 with uuid=abb8c587-8386-4632-a7b4-fe3ee55e0b16, starting it on main thread
07-10 00:53:41.015 15865 16649 W bt_bta_gattc: client_if=6
07-10 00:53:41.015 15865 16182 D BtGatt.GattService: onClientRegistered() - UUID=abb8c587-8386-4632-a7b4-fe3ee55e0b16, clientIf=6
07-10 00:53:41.019 31135 31441 I GattConnObserver: GATT connect started, beginning countdown timer
07-10 00:53:41.023 31135 31905 D BluetoothGatt: onClientRegistered() - status=0 clientIf=6
07-10 00:53:41.038 15865 15892 D BtGatt.GattService: clientConnect(com.google.android.googlequicksearchbox) - address = 645DF4_1, isDirect=true transport =2 set own addr = false own addr type:0, clientIf: 6, opportunistic=false, phy: 1
07-10 00:53:41.041 15865 16649 W bt_btm_ble: BTM_SecAddBleDevice :: dev_type=0x3
07-10 00:53:41.041 15865 16649 W bt_bta_gattc: bta_gattc_process_api_open
07-10 00:53:41.043 15865 16649 I bt_stack: [INFO:bta_gattc_main.cc(314)] bta_gattc_sm_execute: State 0x00, Event 0x1f00
07-10 00:53:41.044 15865 16649 W bt_bta_gattc: bta_gattc_open
07-10 00:53:41.045 15865 16649 W bt_stack: [WARNING:gatt_api.cc(1238)] GATT_Connect
07-10 00:53:41.045 15865 16649 W bt_stack: Starting direct connect gatt_if=6 address=645df4
07-10 00:53:41.046 15865 16649 W bt_stack: gatt_act_connect
07-10 00:53:41.050 15865 16649 I bt_stack: [INFO:gatt_attr.cc(886)] gatt_sr_init_cl_status: bda=645df4, cl_supp_feat=0000, aware=1
07-10 00:53:41.051 15865 16649 W bt_stack: gatt_connect
07-10 00:53:41.051 15865 16649 W bt_stack: gatt_connect :: call acl_create_le_connection_with_id
07-10 00:53:41.052 15865 16649 W btm_acl : Creating le direct connection to:xx:xx:xx:xx:b3:b1[public]
07-10 00:53:41.052 15865 16649 W bt_stack: AcceptLeConnectionFrom xx:xx:xx:xx:b3:b1
07-10 00:53:41.053 15865 16587 W bt_stack: Allow Le connection from remote:xx:xx:xx:xx:b3:b1[PUBLIC_DEVICE_ADDRESS]
07-10 00:53:41.054 15865 16587 W bt_stack: create_le_connection :: address : 64:5d:f4, add_to_connect_list : 1, is_direct : 1
07-10 00:53:41.055 15865 16587 W bt_stack: add_device_to_connect_list 64:5d:f4 :: Send command after register
07-10 00:53:41.056 15865 16587 W bt_stack: add_device_to_connect_list :: Device is found in security db(64:5d:f4 -> 645df4)
07-10 00:53:41.056 15865 16587 W bt_stack: add_device_to_connect_list :: set address_with_type as identity_addr
07-10 00:53:41.056 15865 16587 W bt_stack: Fast Connection Mode is already Set!!!
07-10 00:53:41.057 15865 16587 W bt_stack: Deferred until filter accept list has completed
07-10 00:53:41.057 15865 16587 W bt_stack: pause_registered_clients()
07-10 00:53:41.058 15865 16587 W bt_stack: le_scanning_manager :: OnPause()
07-10 00:53:41.058 15865 16587 W bt_stack: Stop LeSetScanEnable
07-10 00:53:41.058 15865 16587 W bt_stack: le_scanning_manager :: OnPause() - call AckPause
07-10 00:53:41.058 15865 16587 W bt_stack: le_impl :: OnPause()
07-10 00:53:41.058 15865 16587 W bt_stack: le_impl :: ConnectabilityState is DISARMED. Call AckPause()
07-10 00:53:41.058 15865 16587 W bt_stack: pause_registered_clients()
07-10 00:53:41.059 15865 16587 W bt_stack: le_address_manager :: ack_pause()
07-10 00:53:41.060 15865 16587 W bt_stack: le_address_manager :: ack_pause() - make sure all client paused. Return
07-10 00:53:41.060 15865 16587 W bt_stack: le_address_manager :: ack_pause()
07-10 00:53:41.060 15865 16587 W bt_stack: le_address_manager :: ack_pause() - handle_next_command
07-10 00:53:41.060 15865 16587 W bt_stack: handle_next_command()
07-10 00:53:41.069 15865 16587 W bt_stack: Received command complete with op_code LE_ADD_DEVICE_TO_FILTER_ACCEPT_LIST
07-10 00:53:41.069 15865 16587 W bt_stack: handle_next_command()
07-10 00:53:41.074 15865 16587 W bt_stack: Received command complete with op_code LE_ADD_DEVICE_TO_FILTER_ACCEPT_LIST
07-10 00:53:41.074 15865 16587 W bt_stack: le_scanning_manager :: OnResume()
07-10 00:53:41.074 15865 16587 W bt_stack: Start LeSetScan
07-10 00:53:41.074 15865 16587 W bt_stack: le_scanning_manager :: OnResume() - call AckResume
07-10 00:53:41.074 15865 16587 W bt_stack: le_impl :: OnResume()
07-10 00:53:41.074 15865 16587 W bt_stack: le_impl :: OnResume - Try arm connectability
07-10 00:53:41.074 15865 16587 W bt_stack: arm_connectability()
07-10 00:53:41.076 15865 16587 W bt_stack: le_impl :: check_for_unregister()
07-10 00:53:41.076 15865 16587 W bt_stack: le_address_manager :: ack_resume()
07-10 00:53:41.077 15865 16587 W bt_stack: le_address_manager :: ack_resume()
07-10 00:53:41.079 15865 16587 E bt_stack: on_create_connection :: Command status is success. Set ConnectabilityState to ARMED
07-10 00:53:43.900  5674  7726 D SemWifiUsabilityStatsMonitor: onWifiUsabilityStats - seqNum 21301, isSameBssidAndFreq true
07-10 00:53:43.903  5674  6128 I SemWifiLinkQualityMonitor: Link Qos Query: 0.027 ms / 292.000 Mbps (292 / 0.000 / 1.000)
07-10 00:53:43.904  6461  6461 D NetworkController.WifiSignalController: notifyListener: visible=true, connected=true, inetCondition=1, isDefault=true, wifiTestReported=true, receivedInetCondition=-1, hideDuringMobileSwitching=false
07-10 00:53:46.029 31135 31135 W GattConnObserver: GATT connect timeout!
07-10 00:53:46.029 31135 31135 D BluetoothGatt: cancelOpen() - device: 645DF4_1
07-10 00:53:46.035 15865 15892 D BtGatt.GattService: clientDisconnect(com.google.android.googlequicksearchbox) - address=645DF4_1, connId=null, clientIf: 6
07-10 00:53:46.038 15865 16649 W bt_bta_gattc: bta_gattc_process_api_open_cancel
07-10 00:53:46.038 15865 16649 W bt_bta_gattc: Cancel GATT client direct connection
07-10 00:53:46.038 15865 16649 I bt_stack: [INFO:bta_gattc_main.cc(314)] bta_gattc_sm_execute: State 0x01, Event 0x1f02
07-10 00:53:46.038 15865 16649 W bt_bta_gattc: bta_gattc_cancel_open
07-10 00:53:46.039 15865 16649 W bt_stack: [WARNING:gatt_api.cc(1322)] GATT_CancelConnect: gatt_if:6, address: 645df4, direct:1
07-10 00:53:46.039 15865 16649 W bt_stack: gatt_disconnect
07-10 00:53:46.040 15865 16649 W bt_stack: Unable to find background connection to remove
07-10 00:53:46.040 15865 16649 W bt_stack: BTM_AcceptlistRemove
07-10 00:53:46.041 15865 16649 W bt_stack: IgnoreLeConnectionFrom xx:xx:xx:xx:b3:b1
07-10 00:53:46.041 15865 16649 W gatt_utils: gatt_cleanup_upon_disc
07-10 00:53:46.041 15865 16587 W bt_stack: Ignore Le connection from remote:xx:xx:xx:xx:b3:b1[PUBLIC_DEVICE_ADDRESS]
07-10 00:53:46.043 15865 16649 W gatt_utils: gatt_cleanup_upon_disc :: GATT_CH_CLOSE
07-10 00:53:46.044 15865 16587 W bt_stack: cancel_connection_and_remove_device_from_background_connection_list 64:5d:f4
07-10 00:53:46.044 31135 31440 I BistoGattHelper: (REDACTED) [%s] GATT disconnected
07-10 00:53:46.044 15865 16649 W bt_stack: Unable to find background connection to remove
07-10 00:53:46.044 15865 16649 I bt_stack: [INFO:bta_gattc_main.cc(314)] bta_gattc_sm_execute: State 0x01, Event 0x1f03
07-10 00:53:46.044 15865 16587 W bt_stack: remove_device_from_background_connection_list 64:5d:f4
07-10 00:53:46.044 15865 16587 W bt_stack: cancel_connect 64:5d:f4
07-10 00:53:46.044 15865 16649 W bt_bta_gattc: bta_gattc_cancel_open_ok
07-10 00:53:46.045 15865 16649 W bt_bta_gattc: bta_gattc_process_api_open_cancel
07-10 00:53:46.045 15865 16649 W bt_bta_gattc: Cancel GATT client background connection
07-10 00:53:46.045 15865 16649 W bt_bta_gattc: bta_gattc_cancel_bk_conn
07-10 00:53:46.045 15865 16587 W bt_stack: remove_device_from_connect_list 64:5d:f4 :: Send command after register
07-10 00:53:46.046 15865 16587 W bt_stack: remove_device_from_connect_list :: Device is found in security db(64:5d:f4 -> 645df4)
07-10 00:53:46.046 15865 16587 W bt_stack: remove_device_from_connect_list :: set address_with_type as identity_addr
07-10 00:53:46.046 15865 16587 W bt_stack: pause_registered_clients()
07-10 00:53:46.046 15865 16587 W bt_stack: le_scanning_manager :: OnPause()
07-10 00:53:46.046 15865 16587 W bt_stack: Stop LeSetScanEnable
07-10 00:53:46.047 15865 16587 W bt_stack: le_scanning_manager :: OnPause() - call AckPause
07-10 00:53:46.047 15865 16587 W bt_stack: le_impl :: OnPause()
07-10 00:53:46.048 15865 16587 W bt_stack: le_impl :: Try to disarm connectability
07-10 00:53:46.048 15865 16649 E bt_stack: [ERROR:bta_gattc_utils.cc(447)] bta_gattc_mark_bg_conn unable to find the bg connection mask for bd_addr=645df4
07-10 00:53:46.048 15865 16649 E bta_gattc_main: Ignore unknown conn ID: 3
07-10 00:53:46.048 15865 16649 E bta_gattc_main: Ignore unknown conn ID: 4
07-10 00:53:46.049 15865 16649 E bta_gattc_main: Ignore unknown conn ID: 5
07-10 00:53:46.049 15865 16587 W bt_stack: disarm_connectability()
07-10 00:53:46.049 15865 16649 E bta_gattc_main: Ignore unknown conn ID: 6
07-10 00:53:46.049 15865 16587 W bt_stack: Pause Background Connection
07-10 00:53:46.049 15865 16587 W bt_stack: pause_registered_clients()
07-10 00:53:46.050 15865 16587 W bt_stack: le_address_manager :: ack_pause()
07-10 00:53:46.051 15865 16587 W bt_stack: le_address_manager :: ack_pause() - make sure all client paused. Return
07-10 00:53:46.051 31135 31440 I RemotePeerStateCommunicator: (REDACTED) RemotePeerStateCommunicator scheduling message : %d, action: %s, device id : %s
07-10 00:53:46.056 31135 31440 I BistoGattHelper: (REDACTED) [%s] close
07-10 00:53:46.057 15865 16587 W bt_stack: on_le_enhanced_connection_complete()
07-10 00:53:46.057 15865 16587 W bt_stack: on_le_enhanced_connection_complete :: Role is central. Set connectability to DISARMED
07-10 00:53:46.057 15865 16587 W bt_stack: on_le_enhanced_connection_complete :: pause_connection : 1
07-10 00:53:46.057 15865 16587 W bt_stack: on_le_connection_canceled_on_pause(). Set connectability to DISARMED
07-10 00:53:46.057 15865 16587 W bt_stack: le_address_manager :: ack_pause()
07-10 00:53:46.057 15865 16587 W bt_stack: le_address_manager :: ack_pause() - handle_next_command
07-10 00:53:46.057 15865 16587 W bt_stack: handle_next_command()
07-10 00:53:46.061 15865 16587 W bt_stack: Received command complete with op_code LE_REMOVE_DEVICE_FROM_FILTER_ACCEPT_LIST
07-10 00:53:46.061 15865 16587 W bt_stack: handle_next_command()
07-10 00:53:46.066 15865 16587 W bt_stack: Received command complete with op_code LE_REMOVE_DEVICE_FROM_FILTER_ACCEPT_LIST
07-10 00:53:46.066 15865 16587 W bt_stack: le_scanning_manager :: OnResume()
07-10 00:53:46.066 15865 16587 W bt_stack: Start LeSetScan
07-10 00:53:46.066 15865 16587 W bt_stack: le_scanning_manager :: OnResume() - call AckResume
07-10 00:53:46.066 15865 16587 W bt_stack: le_impl :: OnResume()
07-10 00:53:46.066 15865 16587 W bt_stack: le_impl :: OnResume - Try arm connectability
07-10 00:53:46.066 15865 16587 W bt_stack: arm_connectability()
07-10 00:53:46.066 15865 16587 W bt_stack: le_impl :: check_for_unregister()
07-10 00:53:46.066 15865 16587 W bt_stack: le_address_manager :: ack_resume()
07-10 00:53:46.067 15865 16587 W bt_stack: le_address_manager :: ack_resume()
07-10 00:53:46.069 31135 31440 I BistoGattHelper: (REDACTED) [%s] executeNextShutdownOperation
07-10 00:53:46.070 31135 31440 D BluetoothGatt: close()
07-10 00:53:46.073 31135 31440 D BluetoothGatt: unregisterApp() - mClientIf=6
07-10 00:53:46.077 15865 15892 D BtGatt.GattService: unregisterClient(com.google.android.googlequicksearchbox) - clientIf=6
07-10 00:53:46.082 15865 15892 D BtGatt.ContextMap: remove() - id: 6
07-10 00:53:46.082 15865 15892 E BtGatt.ContextMap: remove() - removed: 6
07-10 00:53:46.083 15865 16649 W bt_bta_gattc: bta_gattc_deregister
07-10 00:53:46.083 15865 16649 I bt_stack: [INFO:gatt_api.cc(1111)] GATT_Deregister gatt_if=6
07-10 00:53:46.083 15865 16649 W bt_stack: on_app_deregistered :: app_id=6
07-10 00:53:46.083 15865 16649 I bt_stack: [INFO:gatt_api.cc(1164)] Initialize tGATT_REG
07-10 00:53:46.087 31135 31440 I BistoGattHelper: (REDACTED) [%s] GATT released
07-10 00:53:46.088 31135 31440 I BistoGattHelper: (REDACTED) [%s] close
07-10 00:53:46.088 31135 31440 I BistoGattHelper: (REDACTED) [%s] executeNextShutdownOperation
07-10 00:53:46.101 31135 31440 E GmuTls  : You must initialize the system with proper values before handshake
07-10 00:53:46.951  5674  7726 D SemWifiUsabilityStatsMonitor: onWifiUsabilityStats - seqNum 21302, isSameBssidAndFreq true
07-10 00:53:46.953  5674  6128 I SemWifiLinkQualityMonitor: Link Qos Query: 0.027 ms / 292.000 Mbps (292 / 0.000 / 1.000)
07-10 00:53:46.954  6461  6461 D NetworkController.WifiSignalController: notifyListener: visible=true, connected=true, inetCondition=1, isDefault=true, wifiTestReported=true, receivedInetCondition=-1, hideDuringMobileSwitching=false
07-10 00:53:47.055  5674  5690 I system_server: Background young concurrent copying GC freed 545806(20MB) AllocSpace objects, 66(1388KB) LOS objects, 18% free, 103MB/126MB, paused 464us,234us total 101.177ms
07-10 00:53:47.085  5674  5692 W System  : A resource failed to call close.
07-10 00:53:48.560  6461  6566 D MobileStatusTracker(1/2): onSignalStrengthsChanged level=2, vendorLevel=1
07-10 00:53:48.562  6461  6566 D MobileSignalController(1/2): notifyListener: enabled=true, connected=true, dataConnected=false, networkType=LTE (4G), emergencyOnly=false, roaming=false, isDefault=false, dataActivity=, level=1, ca=false, mmWave=false, disabledDataIcon=false, simCard=ETC
07-10 00:53:48.567  6461  6566 D NetworkController: SignalStrength from intent slotId=1
07-10 00:53:49.559  5674  5745 W libprocessgroup: Failed to open /dev/blkio//cgroup.procs: No such file or directory
07-10 00:53:49.560  5353  6075 V APM_AudioPolicyManager: setAppState(portId:1005, state:1)
07-10 00:53:49.583  5353  6075 V APM_AudioPolicyManager: setAppState(portId:1005, state:1)
07-10 00:53:49.585  5674  5745 W libprocessgroup: Failed to open /dev/blkio//cgroup.procs: No such file or directory
07-10 00:53:49.621  5353  6075 V APM_AudioPolicyManager: setAppState(portId:1005, state:1)
07-10 00:53:49.623  5353  6075 V APM_AudioPolicyManager: setAppState(portId:1005, state:1)
07-10 00:53:49.646  5353  6075 V APM_AudioPolicyManager: setAppState(portId:1005, state:1)
07-10 00:53:49.650  5353  6075 V APM_AudioPolicyManager: setAppState(portId:1005, state:1)
07-10 00:53:49.985  5674  7726 D SemWifiUsabilityStatsMonitor: onWifiUsabilityStats - seqNum 21303, isSameBssidAndFreq true
07-10 00:53:49.987  5674  6128 I SemWifiLinkQualityMonitor: Link Qos Query: 0.027 ms / 292.000 Mbps (292 / 0.000 / 1.000)
07-10 00:53:49.987  6461  6461 D NetworkController.WifiSignalController: notifyListener: visible=true, connected=true, inetCondition=1, isDefault=true, wifiTestReported=true, receivedInetCondition=-1, hideDuringMobileSwitching=false
07-10 00:53:51.089 31135 31446 W BistoGattHelper: (REDACTED) [%s] GATT already released after un-subscribing, doing nothing.
07-10 00:53:51.830  5674 18861 D TrafficStats: tagSocket(950) with statsTag=0xffffffff, statsUid=-1
07-10 00:53:52.035  5674 18861 D WifiConnectivityMonitor.DnsThread:  [|206]
07-10 00:53:52.036  5674  6182 D WifiConnectivityMonitor.NetworkStatsAnalyzer: DNS resultType : 0, responseTime : 206
07-10 00:53:52.036  5674  6164 D OpenNetworkQos[4.00]: updateBssidLatestDnsResultType - result: 0
07-10 00:53:52.036  5674  6164 D OpenNetworkQos[4.00]: updateBssidNoInternet: mBssidNoInternet = false
07-10 00:53:52.036  5674  6164 D OpenNetworkQos[4.00]: getOpenNetworkQosNoInternetStatus: false
07-10 00:53:52.036  5674  6164 D OpenNetworkQos[4.00]: getOpenNetworkQosScores: 26 26 26
07-10 00:53:52.037  5674  6164 I WifiProfileShare: network QoS data was changed (internet), updateQoSData networkType: true, qosData: false
07-10 00:53:52.038  5674  7451 V WifiProfileShare.Caster: update wips network, size: 0
07-10 00:53:52.039  5674  7451 D WifiProfileShare: nearby scanning settings run
07-10 00:53:52.039  5674  7451 D WifiProfileShare: network score provider settings enabled
07-10 00:53:52.039  5674  7451 D OpenNetworkQos[4.00]: getOpenNetworkQosScores: 26 26 26
07-10 00:53:52.039  5674  7451 D OpenNetworkQos[4.00]: getOpenNetworkQosNoInternetStatus: false
07-10 00:53:52.039  5674  7451 I WifiProfileShare.Caster: current network type: 0, score: [26, 26, 26]
07-10 00:53:52.040  5674  7451 V WifiProfileShare.Cache: update network score 00:e4:06:**:**:90
07-10 00:53:52.041  5674  7451 D WifiProfileShare.ScanMatcher: getMcfDataList size:2
07-10 00:53:52.041  5674  7451 I WifiProfileShare.Caster: qos data was updated , before:type:QOS, pBssid:51:2e:90, qosData:7c after:type:QOS, pBssid:51:2e:90, qosData:7c
07-10 00:53:52.043  5674  7451 I [MCFSDK_android_1.2.4010]_4_b: isNetworkEnabled - type : 1 ret : true
07-10 00:53:52.044  5674  7451 D WifiProfileShare.McfCast: -ME--- mIsNetworkEnabled :true
07-10 00:53:52.044  5674  7451 D WifiProfileShare.McfCast: updateQoSData ignored, same contents
07-10 00:53:52.044  5674  7451 D WifiProfileShare.MCF: success update QosData !
07-10 00:53:52.045  5674  7451 I [MCFSDK_android_1.2.4010]_4_b: isNetworkEnabled - type : 1 ret : true
07-10 00:53:52.045  5674  7451 D WifiProfileShare.McfCast: -ME--- mIsNetworkEnabled :true
07-10 00:53:52.045  5674  7451 D WifiProfileShare.McfCast: -ME--- updatePasswordDate pwdData size:2
07-10 00:53:53.043  5674  7726 D SemWifiUsabilityStatsMonitor: onWifiUsabilityStats - seqNum 21304, isSameBssidAndFreq true
07-10 00:53:53.047  5674  6128 I SemWifiLinkQualityMonitor: Link Qos Query: 0.023 ms / 351.000 Mbps (351 / 0.000 / 1.000)
07-10 00:53:53.047  6461  6461 D NetworkController.WifiSignalController: notifyListener: visible=true, connected=true, inetCondition=1, isDefault=true, wifiTestReported=true, receivedInetCondition=-1, hideDuringMobileSwitching=false
07-10 00:53:53.704 31802 32077 I SystemBroadcastReceiver: [#CMH#] onReceive completed :  0
07-10 00:53:53.705 31802 31802 I PolicyManager: [#CMH#] onReceive action = EVENT_SIOP
07-10 00:53:53.705  5674  5674 D SemWifiP2pGoPowerSave: GopsReceiver : received : com.samsung.intent.action.CHECK_SIOP_LEVEL
07-10 00:53:53.705  5674  5674 I SemWifiP2pGoPowerSave: siop_level = 1
07-10 00:53:53.830 11611 11645 D Benchmark: THERMAL THROTTLE DETECTED, SLEEPING FOR 90 SECONDS
07-10 00:53:55.713 31802 32118 I PolicyManager: [#CMH#] Is foreground game app: false
07-10 00:53:55.805 31802 32118 I ControllerUtils: [#CMH#] StoryService:  9, isNonJustShotRunningPossible: false, isStopHeavyTask: true
07-10 00:53:55.868 31802 32118 I ControllerUtils: [#CMH#] IPService:  5, isNonJustShotRunningPossible: false, isStopHeavyTask: true
07-10 00:53:55.931 31802 32118 I ControllerUtils: [#CMH#] FaceService:  2, isNonJustShotRunningPossible: false, isStopHeavyTask: true
07-10 00:53:56.111  5674  7726 D SemWifiUsabilityStatsMonitor: onWifiUsabilityStats - seqNum 21305, isSameBssidAndFreq true
07-10 00:53:56.115  5674  6128 I SemWifiLinkQualityMonitor: Link Qos Query: 0.041 ms / 195.000 Mbps (390 / 0.000 / 2.000)
07-10 00:53:56.993 31135 32652 I native  : I0000 00:00:1688943236.993011   32652 soda_async_impl.cc:1540] Current audio timestamp: 1688943236620242
07-10 00:53:57.091  5362  5362 I SurfaceFlinger: SFWD update time=133486460964331
07-10 00:53:58.133 31135 31464 I A       : (REDACTED) #onAudioData: %s bytes, getAudioReadSize %s
07-10 00:53:58.557  5674  6213 D NetdEventListenerService: DNS Requested by : 118, 10226
07-10 00:53:59.165  5674  7726 D SemWifiUsabilityStatsMonitor: onWifiUsabilityStats - seqNum 21306, isSameBssidAndFreq true
07-10 00:53:59.168  5674  6128 I SemWifiLinkQualityMonitor: Link Qos Query: 0.027 ms / 300.857 Mbps (351 / 0.000 / 1.167)
07-10 00:53:59.412  5325  5325 E sehhealth-service: Could not open /sys/class/power_supply/battery/lrp
07-10 00:53:59.756  9837 10033 I SemDvfsHyPerManager: acquire hyper - SIOP_ARM_MAX/9837@2, type = 301993986
07-10 00:53:59.757  5313  5394 I HYPER-HAL: [RequestManager.cpp]acquire(): Acquired ID : 48407882  [9837 / 2]    HINT :      list : [CPUMaxFreq / 2210000]
07-10 00:53:59.998 29789 18876 I GmscoreIpa: Starting mediastore instant index [CONTEXT service_id=255 ]
07-10 00:54:00.006  6461  6461 D KeyguardUpdateMonitor: received broadcast android.intent.action.TIME_TICK
07-10 00:54:00.007  6461  6461 D KeyguardUpdateMonitor: handleTimeUpdate
07-10 00:54:00.009  6461  7078 D QSClockBellTower: onReceive(android.intent.action.TIME_TICK) mTimeZoneString:null
07-10 00:54:00.010  6461  6461 D FaceWidgetPagesController: onTimeChanged()
07-10 00:54:00.071  6461  6461 D QSClockBellTower: He is ready to ring the bell. (((QSClockBellSound - TimeText:00:54, TimeContentDescription:00:54, DateText:Mon, 10 July, ShortDateText:Mon, 10 Jul, Demo:false, QuickStar-Second(false|12:34:56))))
07-10 00:54:00.072  6461  6461 D QSClockIndicatorView: Home Indicator status_bar_clock 00:54 notifyTimeChanged(QSClockBellSound - TimeText:00:54, TimeContentDescription:00:54, DateText:Mon, 10 July, ShortDateText:Mon, 10 Jul, Demo:false, QuickStar-Second(false|12:34:56)) ClockVisibleByPolicy:true, ClockVisibleByUser:true, visible?false, parent:android.widget.LinearLayout{503272 V.E...... ......I. 0,0-0,55 #7f0b04f0 app:id/left_clock_container}
07-10 00:54:00.072  6461  6461 D QSClockBellTower: Everyone heard the bell. run(currentTime:1688943240069,   getTime():Mon Jul 10 00:54:00 GMT+02:00 2023,   getTimeZone():libcore.util.ZoneInfo[mDstSavings=3600000,mUseDst=true,mDelegate=[id="Europe/Belgrade",mRawOffset=3600000,mEarliestRawOffset=4920000,transitions=119]])
07-10 00:54:00.077  6461  6461 I FaceWidgetPositionAlgorithm: getClockContainerHeight() supplier = 270, bottom margin = 0, real height = 333
07-10 00:54:00.077  6461  6461 I FaceWidgetPositionAlgorithm: getClockContainerHeight() supplier = 270, bottom margin = 63, real height = 333
07-10 00:54:00.078  6461  6461 I FaceWidgetPositionAlgorithm: getMediaContainerHeight() height = 0 container Visibility = 8, isValid = false, mIsDozing = false, fraction = 1.0, source = 0, target = 0
07-10 00:54:00.078  6461  6461 I FaceWidgetPositionAlgorithm: getMediaContainerHeight() supplier = 0
07-10 00:54:00.079  6461  6461 V QsExpandAnimator: setQsExpansionPosition 0.0
07-10 00:54:00.083  6461  6461 V QsExpandAnimator: updateAnimators
07-10 00:54:00.083  6461  6461 V QsExpandAnimator: clearAnimationState
07-10 00:54:00.084  6461  6461 V QsExpandAnimator: updateViews
07-10 00:54:00.086  6461  6461 V QsExpandAnimator: updateTileAnimator
07-10 00:54:00.088  6461  6461 V QsExpandAnimator: updateHeaderAnimator
07-10 00:54:00.088  6461  6461 V QsExpandAnimator: updateBarAnimator
07-10 00:54:00.088  6461  6461 V QsExpandAnimator: setQsExpansionPosition 0.0
07-10 00:54:00.088  6461  6461 V QsExpandAnimator: onAnimationAtStart
07-10 00:54:02.228  5674  7726 D SemWifiUsabilityStatsMonitor: onWifiUsabilityStats - seqNum 21307, isSameBssidAndFreq true
07-10 00:54:02.230  5674  6055 D ConnectivityService: notifyType CALLBACK_CAP_CHANGED for [118 WIFI]
07-10 00:54:02.234  5674  6128 I SemWifiLinkQualityMonitor: Link Qos Query: 0.041 ms / 195.000 Mbps (390 / 0.000 / 2.000)
07-10 00:54:02.236  5674  6086 D SemWifiSwitchForIndividualAppsService: stopTCPMonitoring : already stopped
07-10 00:54:02.238  5674  6086 I WifiConnectivityMonitor.NCC: sNetworkCallback(oCC) FULL : 118(true/false)[ Transports: WIFI Capabilities: NOT_METERED&INTERNET&NOT_RESTRICTED&TRUSTED&NOT_VPN&VALIDATED&NOT_ROAMING&FOREGROUND&NOT_CONGESTED&NOT_SUSPENDED&NOT_VCN_MANAGED LinkUpBandwidth>=15762Kbps LinkDnBandwidth>=38308Kbps TransportInfo: <SSID: <unknown ssid>, BSSID: 02:00:00:**:**:00, MAC: 02:00:00:**:**:00, IP: /192.168.1.19, Security type: 2, Supplicant state: COMPLETED, Wi-Fi standard: 5, RSSI: -64, Link speed: 390Mbps, Tx Link speed: 390Mbps, Max Supported Tx Link speed: 433Mbps, Rx Link speed: 6Mbps, Max Supported Rx Link speed: 433Mbps, Frequency: 5180MHz, Net ID: -1, Metered hint: false, score: 60, isUsable: true, CarrierMerged: false, SubscriptionId: -1, IsPrimary: 1, Trusted: true, Restricted: false, Ephemeral: false, OEM paid: false, OEM private: false, OSU AP: false, FQDN: <none>, Provider friendly name: <none>, Requesting package name: <none><none>MLO Information: , AP MLD Address: <none>, AP MLO Link Id: <none>, AP MLO Affiliated links: <none>> SignalStrength: -64 AdminUids: [1000] SSID: "Talija" UnderlyingNetworks: Null]
07-10 00:54:02.239  5674  6164 I WifiConnectivityMonitor: current mode : 1
07-10 00:54:02.240  5674  6164 D OpenNetworkQos[4.00]: updateBssidNoInternet: mBssidNoInternet = false
07-10 00:54:02.240  5674  6164 D OpenNetworkQos[4.00]: getOpenNetworkQosNoInternetStatus: false
07-10 00:54:02.240  5674  6164 D OpenNetworkQos[4.00]: getOpenNetworkQosScores: 26 26 26
07-10 00:54:02.242  5674  6164 I WifiProfileShare: network QoS data was changed (internet), updateQoSData networkType: true, qosData: false
07-10 00:54:02.242  5674  7451 V WifiProfileShare.Caster: update wips network, size: 0
07-10 00:54:02.243  5674  7451 D WifiProfileShare: nearby scanning settings run
07-10 00:54:02.243  5674  7451 D WifiProfileShare: network score provider settings enabled
07-10 00:54:02.243  5674  7451 D OpenNetworkQos[4.00]: getOpenNetworkQosScores: 26 26 26
07-10 00:54:02.243  5674  7451 D OpenNetworkQos[4.00]: getOpenNetworkQosNoInternetStatus: false
07-10 00:54:02.244  5674  7451 I WifiProfileShare.Caster: current network type: 0, score: [26, 26, 26]
07-10 00:54:02.245  5674  7451 V WifiProfileShare.Cache: update network score 00:e4:06:**:**:90
07-10 00:54:02.245  5674  7451 D WifiProfileShare.ScanMatcher: getMcfDataList size:2
07-10 00:54:02.246  5674  7451 I WifiProfileShare.Caster: qos data was updated , before:type:QOS, pBssid:51:2e:90, qosData:7c after:type:QOS, pBssid:51:2e:90, qosData:7c
07-10 00:54:02.250  5674  7451 I [MCFSDK_android_1.2.4010]_4_b: isNetworkEnabled - type : 1 ret : true
07-10 00:54:02.250  5674  7451 D WifiProfileShare.McfCast: -ME--- mIsNetworkEnabled :true
07-10 00:54:02.250  5674  7451 D WifiProfileShare.McfCast: updateQoSData ignored, same contents
07-10 00:54:02.250  5674  7451 D WifiProfileShare.MCF: success update QosData !
07-10 00:54:02.251  5674  7451 I [MCFSDK_android_1.2.4010]_4_b: isNetworkEnabled - type : 1 ret : true
07-10 00:54:02.252  5674  7451 D WifiProfileShare.McfCast: -ME--- mIsNetworkEnabled :true
07-10 00:54:02.252  5674  7451 D WifiProfileShare.McfCast: -ME--- updatePasswordDate pwdData size:2
07-10 00:54:02.276 16924 16964 I ChimeraSrvcProxy: NullBinder for android.net.action.RECOMMEND_NETWORKS triggering remote TransactionTooLargeException due to Service without Chimera impl
07-10 00:54:02.276 16924 16964 W .gms.persistent: Large reply transaction of 1056768 bytes, interface descriptor , code 1
07-10 00:54:02.277  6461  6566 D NetworkController.WifiSignalController: notifyListener: visible=true, connected=true, inetCondition=1, isDefault=true, wifiTestReported=true, receivedInetCondition=-1, hideDuringMobileSwitching=false
07-10 00:54:03.715  5674  5674 D SemWifiP2pGoPowerSave: GopsReceiver : received : com.samsung.intent.action.CHECK_SIOP_LEVEL
07-10 00:54:03.716  5674  5674 I SemWifiP2pGoPowerSave: siop_level = 0
07-10 00:54:03.720 31802 32077 I SystemBroadcastReceiver: [#CMH#] onReceive completed :  0
07-10 00:54:03.722 31802 31802 I PolicyManager: [#CMH#] onReceive action = EVENT_SIOP
07-10 00:54:04.677  5674  9957 D PackageManager: setEnabledSetting : userId = 0 packageName = com.Slack cmp = androidx.work.impl.background.systemalarm.RescheduleReceiver newState = 1 callingPackage = 10329/com.Slack
07-10 00:54:04.679  5674  9957 D ApplicationPolicy: getApplicationStateEnabled : pkg = com.Slack userId : 0
07-10 00:54:04.681  5674  9957 D ApplicationPolicy: getApplicationComponentState : pkg = com.Slack userId : 0
07-10 00:54:04.717  5353  6075 V APM_AudioPolicyManager: setAppState(portId:1005, state:1)
07-10 00:54:04.718  5674  5745 W libprocessgroup: Failed to open /dev/blkio//cgroup.procs: No such file or directory
07-10 00:54:04.743 15049 15209 D ConnectivityManager: StackLog: [android.net.ConnectivityManager.sendRequestForNetwork(ConnectivityManager.java:4300)] [android.net.ConnectivityManager.registerDefaultNetworkCallbackForUid(ConnectivityManager.java:4864)] [android.net.ConnectivityManager.registerDefaultNetworkCallback(ConnectivityManager.java:4831)] [android.net.ConnectivityManager.registerDefaultNetworkCallback(ConnectivityManager.java:4805)] [androidx.work.impl.utils.NetworkApi24.registerDefaultNetworkCallbackCompat(Unknown Source:11)] [androidx.work.impl.constraints.trackers.NetworkStateTracker24.startTracking(Unknown Source:15)] [androidx.work.impl.constraints.controllers.ConstraintController.replace(Unknown Source:130)] [androidx.work.impl.constraints.WorkConstraintsTrackerImpl.replace(Unknown Source:41)] [androidx.work.impl.background.greedy.GreedyScheduler.schedule(Unknown Source:302)] [androidx.work.impl.Schedulers.schedule(Unknown Source:155)] [androidx.work.impl.utils.EnqueueRunnable.run(Unknown Source:53)] [androidx.work.Worker$2.run$androidx$work$impl$utils$SerialExecutorImpl$Task(Unknown Source:4)] [androidx.work.Worker$2.run(Unknown Source:868)] [java.util.concurrent.ThreadPoolExecutor.runWorker(ThreadPoolExecutor.java:1137)] [java.util.concurrent.ThreadPoolExecutor$Worker.run(ThreadPoolExecutor.java:637)] [java.lang.Thread.run(Thread.java:1012)]
07-10 00:54:04.746  5674  9952 D ConnectivityService: requestNetwork for uid/pid:10329/15049 activeRequest: null callbackRequest: 16498 [NetworkRequest [ REQUEST id=16499, [ Capabilities: INTERNET&NOT_RESTRICTED&TRUSTED&NOT_VCN_MANAGED Uid: 10329 RequestorUid: 10329 RequestorPkg: com.Slack UnderlyingNetworks: Null] ]] callback flags: 0 order: 2147483647
07-10 00:54:04.749  5674  6055 D ConnectivityService:    accepting network in place of null
07-10 00:54:04.753  5674  6045 D WifiNetworkFactory: got request NetworkRequest [ REQUEST id=16499, [ Capabilities: INTERNET&NOT_RESTRICTED&TRUSTED&NOT_VCN_MANAGED Uid: 10329 RequestorUid: 10329 RequestorPkg: com.Slack UnderlyingNetworks: Null] ]
07-10 00:54:04.753  5674  6045 D UntrustedWifiNetworkFactory: got request NetworkRequest [ REQUEST id=16499, [ Capabilities: INTERNET&NOT_RESTRICTED&TRUSTED&NOT_VCN_MANAGED Uid: 10329 RequestorUid: 10329 RequestorPkg: com.Slack UnderlyingNetworks: Null] ]
07-10 00:54:04.754  5674  6045 D OemPaidWifiNetworkFactory: got request NetworkRequest [ REQUEST id=16499, [ Capabilities: INTERNET&NOT_RESTRICTED&TRUSTED&NOT_VCN_MANAGED Uid: 10329 RequestorUid: 10329 RequestorPkg: com.Slack UnderlyingNetworks: Null] ]
07-10 00:54:04.755  5674  6045 D MultiInternetWifiNetworkFactory: got request NetworkRequest [ REQUEST id=16499, [ Capabilities: INTERNET&NOT_RESTRICTED&TRUSTED&NOT_VCN_MANAGED Uid: 10329 RequestorUid: 10329 RequestorPkg: com.Slack UnderlyingNetworks: Null] ]
07-10 00:54:04.758  5674  6055 D ConnectivityService: Rematched networks [computed 1ms] [applied 1ms] [issued 8]
07-10 00:54:04.758  5674  6055 D ConnectivityService: NetworkReassignment :
07-10 00:54:04.758  5674  6055 D ConnectivityService:   16499 : null → 118
07-10 00:54:04.774 15049 15049 D ConnectivityManager: StackLog: [android.net.ConnectivityManager.unregisterNetworkCallback(ConnectivityManager.java:4972)] [androidx.work.impl.utils.NetworkApi21.unregisterNetworkCallbackCompat(Unknown Source:11)] [androidx.work.impl.constraints.trackers.NetworkStateTracker24.stopTracking(Unknown Source:15)] [androidx.work.impl.constraints.trackers.ConstraintTracker.removeListener(Unknown Source:24)] [androidx.work.impl.constraints.controllers.ConstraintController.replace(Unknown Source:81)] [androidx.work.impl.constraints.WorkConstraintsTrackerImpl.replace(Unknown Source:41)] [androidx.work.impl.background.greedy.GreedyScheduler.onExecuted(Unknown Source:55)] [androidx.work.impl.Processor.onExecuted(Unknown Source:59)] [com.bugsnag.android.DeliveryDelegate$1.run(Unknown Source:212)]
07-10 00:54:04.776  5674  6055 D ConnectivityService:  Removing from current network [118 WIFI], leaving 153 requests.
07-10 00:54:04.784  5353  6075 V APM_AudioPolicyManager: setAppState(portId:1005, state:1)
07-10 00:54:04.786  5353  6075 V APM_AudioPolicyManager: setAppState(portId:1005, state:1)
07-10 00:54:05.256  9837  9865 I c.android.sdhms: Background concurrent copying GC freed 118921(4802KB) AllocSpace objects, 80(1600KB) LOS objects, 59% free, 4109KB/10MB, paused 604us,559us total 111.282ms
07-10 00:54:05.269  5674  7726 D SemWifiUsabilityStatsMonitor: onWifiUsabilityStats - seqNum 21308, isSameBssidAndFreq true
07-10 00:54:05.271  5674  6128 I SemWifiLinkQualityMonitor: Link Qos Query: 0.041 ms / 195.000 Mbps (390 / 0.000 / 2.000)
07-10 00:54:05.272  6461  6461 D NetworkController.WifiSignalController: notifyListener: visible=true, connected=true, inetCondition=1, isDefault=true, wifiTestReported=true, receivedInetCondition=-1, hideDuringMobileSwitching=false
07-10 00:54:05.731 31802 32118 I PolicyManager: [#CMH#] Is foreground game app: false
07-10 00:54:05.804  5262  5262 E audit   : type=1400 audit(1688943245.801:69550): avc:  denied  { getattr } for  pid=5674 comm="BinderProcsColl" path="/sys/kernel/debug/binder/proc/5674" dev="debugfs" ino=32119 scontext=u:r:system_server:s0 tcontext=u:object_r:sec_debugfs:s0 tclass=file permissive=0 SEPF_SM-A515F_13_0001 audit_filtered
07-10 00:54:05.805  5262  5262 E audit   : type=1300 audit(1688943245.801:69550): arch=c00000b7 syscall=79 success=no exit=-13 a0=ffffff9c a1=7ad23e07a0 a2=79df9bd680 a3=0 items=0 ppid=5287 pid=5674 auid=4294967295 uid=1000 gid=1000 euid=1000 suid=1000 fsuid=1000 egid=1000 sgid=1000 fsgid=1000 tty=(none) ses=4294967295 comm="BinderProcsColl" exe="/system/bin/app_process64" subj=u:r:system_server:s0 key=(null)
07-10 00:54:05.805  5262  5262 E audit   : type=1327 audit(1688943245.801:69550): proctitle="system_server"
07-10 00:54:05.831 31802 32118 I ControllerUtils: [#CMH#] StoryService:  9, isNonJustShotRunningPossible: false, isStopHeavyTask: true
07-10 00:54:05.888 31802 32118 I ControllerUtils: [#CMH#] IPService:  5, isNonJustShotRunningPossible: false, isStopHeavyTask: true
07-10 00:54:05.950 31802 32118 I ControllerUtils: [#CMH#] FaceService:  2, isNonJustShotRunningPossible: false, isStopHeavyTask: true
07-10 00:54:08.321  5674  7726 D SemWifiUsabilityStatsMonitor: onWifiUsabilityStats - seqNum 21309, isSameBssidAndFreq true
07-10 00:54:08.323  5674  6128 I SemWifiLinkQualityMonitor: Link Qos Query: 0.041 ms / 195.000 Mbps (390 / 0.000 / 2.000)
07-10 00:54:11.390  5674  6055 D ConnectivityService: notifyType CALLBACK_CAP_CHANGED for [118 WIFI]
07-10 00:54:11.390  5674  7726 D SemWifiUsabilityStatsMonitor: onWifiUsabilityStats - seqNum 21310, isSameBssidAndFreq true
07-10 00:54:11.392  5674  6128 I SemWifiLinkQualityMonitor: Link Qos Query: 0.041 ms / 195.000 Mbps (390 / 0.000 / 2.000)
07-10 00:54:11.396  5674  6086 D SemWifiSwitchForIndividualAppsService: stopTCPMonitoring : already stopped
07-10 00:54:11.397  5674  6086 I WifiConnectivityMonitor.NCC: sNetworkCallback(oCC) FULL : 118(true/false)[ Transports: WIFI Capabilities: NOT_METERED&INTERNET&NOT_RESTRICTED&TRUSTED&NOT_VPN&VALIDATED&NOT_ROAMING&FOREGROUND&NOT_CONGESTED&NOT_SUSPENDED&NOT_VCN_MANAGED LinkUpBandwidth>=38087Kbps LinkDnBandwidth>=48162Kbps TransportInfo: <SSID: <unknown ssid>, BSSID: 02:00:00:**:**:00, MAC: 02:00:00:**:**:00, IP: /192.168.1.19, Security type: 2, Supplicant state: COMPLETED, Wi-Fi standard: 5, RSSI: -62, Link speed: 390Mbps, Tx Link speed: 390Mbps, Max Supported Tx Link speed: 433Mbps, Rx Link speed: 6Mbps, Max Supported Rx Link speed: 433Mbps, Frequency: 5180MHz, Net ID: -1, Metered hint: false, score: 60, isUsable: true, CarrierMerged: false, SubscriptionId: -1, IsPrimary: 1, Trusted: true, Restricted: false, Ephemeral: false, OEM paid: false, OEM private: false, OSU AP: false, FQDN: <none>, Provider friendly name: <none>, Requesting package name: <none><none>MLO Information: , AP MLD Address: <none>, AP MLO Link Id: <none>, AP MLO Affiliated links: <none>> SignalStrength: -62 AdminUids: [1000] SSID: "Talija" UnderlyingNetworks: Null]
07-10 00:54:11.399  5674  6164 I WifiConnectivityMonitor: current mode : 1
07-10 00:54:11.400  5674  6164 D OpenNetworkQos[4.00]: updateBssidNoInternet: mBssidNoInternet = false
07-10 00:54:11.400  5674  6164 D OpenNetworkQos[4.00]: getOpenNetworkQosNoInternetStatus: false
07-10 00:54:11.400  5674  6164 D OpenNetworkQos[4.00]: getOpenNetworkQosScores: 26 26 26
07-10 00:54:11.401  5674  6164 I WifiProfileShare: network QoS data was changed (internet), updateQoSData networkType: true, qosData: false
07-10 00:54:11.404  5674  7451 V WifiProfileShare.Caster: update wips network, size: 0
07-10 00:54:11.404  5674  7451 D WifiProfileShare: nearby scanning settings run
07-10 00:54:11.404  5674  7451 D WifiProfileShare: network score provider settings enabled
07-10 00:54:11.405  5674  7451 D OpenNetworkQos[4.00]: getOpenNetworkQosScores: 26 26 26
07-10 00:54:11.405  5674  7451 D OpenNetworkQos[4.00]: getOpenNetworkQosNoInternetStatus: false
07-10 00:54:11.405  5674  7451 I WifiProfileShare.Caster: current network type: 0, score: [26, 26, 26]
07-10 00:54:11.408  5674  7451 V WifiProfileShare.Cache: update network score 00:e4:06:**:**:90
07-10 00:54:11.408  5674  7451 D WifiProfileShare.ScanMatcher: getMcfDataList size:2
07-10 00:54:11.409  5674  7451 I WifiProfileShare.Caster: qos data was updated , before:type:QOS, pBssid:51:2e:90, qosData:7c after:type:QOS, pBssid:51:2e:90, qosData:7c
07-10 00:54:11.413  5674  7451 I [MCFSDK_android_1.2.4010]_4_b: isNetworkEnabled - type : 1 ret : true
07-10 00:54:11.413  5674  7451 D WifiProfileShare.McfCast: -ME--- mIsNetworkEnabled :true
07-10 00:54:11.413  5674  7451 D WifiProfileShare.McfCast: updateQoSData ignored, same contents
07-10 00:54:11.413  5674  7451 D WifiProfileShare.MCF: success update QosData !
07-10 00:54:11.415  5674  7451 I [MCFSDK_android_1.2.4010]_4_b: isNetworkEnabled - type : 1 ret : true
07-10 00:54:11.415  5674  7451 D WifiProfileShare.McfCast: -ME--- mIsNetworkEnabled :true
07-10 00:54:11.415  5674  7451 D WifiProfileShare.McfCast: -ME--- updatePasswordDate pwdData size:2
07-10 00:54:11.439  6461  6566 D NetworkController.WifiSignalController: notifyListener: visible=true, connected=true, inetCondition=1, isDefault=true, wifiTestReported=true, receivedInetCondition=-1, hideDuringMobileSwitching=false
07-10 00:54:11.444 16924 16964 I ChimeraSrvcProxy: NullBinder for android.net.action.RECOMMEND_NETWORKS triggering remote TransactionTooLargeException due to Service without Chimera impl
07-10 00:54:11.444 16924 16964 W .gms.persistent: Large reply transaction of 1056768 bytes, interface descriptor , code 1
07-10 00:54:13.463  6461  6461 D NetworkController.WifiSignalController: notifyListener: visible=true, connected=true, inetCondition=1, isDefault=true, wifiTestReported=true, receivedInetCondition=-1, hideDuringMobileSwitching=false
07-10 00:54:13.466  6461  6461 D MobileSignalController(0/1): notifyListener: enabled=true, connected=true, dataConnected=false, networkType=LTE (4G), emergencyOnly=false, roaming=true, isDefault=false, dataActivity=, level=1, ca=false, mmWave=false, disabledDataIcon=false, simCard=ETC
07-10 00:54:13.467  6461  6566 D Tile.WifiTile: handleUpdateState isTransient=false transientEnabling =false cb.isTransient=false state.state = 2 mStateBeforeClick.value =false enabled =true
07-10 00:54:13.467  6461  6461 D MobileSignalController(1/2): notifyListener: enabled=true, connected=true, dataConnected=false, networkType=LTE (4G), emergencyOnly=false, roaming=false, isDefault=false, dataActivity=, level=1, ca=false, mmWave=false, disabledDataIcon=false, simCard=ETC
07-10 00:54:13.473  6461  6566 D Tile.WifiTile: handleUpdateState isTransient=false transientEnabling =false cb.isTransient=false state.state = 2 mStateBeforeClick.value =false enabled =true
07-10 00:54:14.449  5674  7726 D SemWifiUsabilityStatsMonitor: onWifiUsabilityStats - seqNum 21311, isSameBssidAndFreq true
07-10 00:54:14.451  5674  6128 I SemWifiLinkQualityMonitor: Link Qos Query: 0.041 ms / 195.000 Mbps (390 / 0.000 / 2.000)
07-10 00:54:17.483  5674  7726 D SemWifiUsabilityStatsMonitor: onWifiUsabilityStats - seqNum 21312, isSameBssidAndFreq true
07-10 00:54:17.485  5674  6128 I SemWifiLinkQualityMonitor: Link Qos Query: 0.041 ms / 195.000 Mbps (390 / 0.000 / 2.000)
07-10 00:54:19.743  5674  6055 D ConnectivityService: reportNetworkActive, notify 0 listeners
07-10 00:54:20.525  5674  7726 D SemWifiUsabilityStatsMonitor: onWifiUsabilityStats - seqNum 21313, isSameBssidAndFreq true
07-10 00:54:20.526  5674  6128 I SemWifiLinkQualityMonitor: Link Qos Query: 0.038 ms / 210.600 Mbps (351 / 0.000 / 1.667)
07-10 00:54:20.528  6461  6461 D NetworkController.WifiSignalController: notifyListener: visible=true, connected=true, inetCondition=1, isDefault=true, wifiTestReported=true, receivedInetCondition=-1, hideDuringMobileSwitching=false
07-10 00:54:23.580  5674  7726 D SemWifiUsabilityStatsMonitor: onWifiUsabilityStats - seqNum 21314, isSameBssidAndFreq true
07-10 00:54:23.584  5674  6128 I SemWifiLinkQualityMonitor: Link Qos Query: 0.038 ms / 210.600 Mbps (351 / 0.000 / 1.667)
07-10 00:54:23.584  6461  6461 D NetworkController.WifiSignalController: notifyListener: visible=true, connected=true, inetCondition=1, isDefault=true, wifiTestReported=true, receivedInetCondition=-1, hideDuringMobileSwitching=false
07-10 00:54:26.625  5674  7726 D SemWifiUsabilityStatsMonitor: onWifiUsabilityStats - seqNum 21315, isSameBssidAndFreq true
07-10 00:54:26.628  5674  6128 I SemWifiLinkQualityMonitor: Link Qos Query: 0.031 ms / 260.000 Mbps (390 / 0.000 / 1.500)
07-10 00:54:26.629  6461  6461 D NetworkController.WifiSignalController: notifyListener: visible=true, connected=true, inetCondition=1, isDefault=true, wifiTestReported=true, receivedInetCondition=-1, hideDuringMobileSwitching=false
07-10 00:54:26.993 31135 32652 I native  : I0000 00:00:1688943266.993320   32652 soda_async_impl.cc:1540] Current audio timestamp: 1688943266620242
07-10 00:54:27.092  5362  5362 I SurfaceFlinger: SFWD update time=133516462589886
07-10 00:54:27.640  5674  6213 D NetdEventListenerService: DNS Requested by : 118, 10226
07-10 00:54:27.772 30967 31717 I ContactsProvider_EventLog: cp_s: [CONTACT con(158) dat(1091) acc({sim(3)=15, sec(6)=1, sim2(4)=1, google(2)=81, org.telegram.messenger(236)=100, com.whatsapp(14)=41}) calls([logtype:100 cnt:877, logtype:200 cnt:5, logtype:300 cnt:495, logtype:1000 cnt:632, logtype:1150 cnt:161]) Iso(RS) uId(0) ]
07-10 00:54:27.772 30967 31717 I ContactsProvider_EventLog: cp_s: [ agr({[2 ,2 ,14 ,236]=1, [2 ,14 ,236]=32, [3]=15, [14]=1, [4]=1, [2 ,14]=4, [2 ,2]=2, [2]=34, [6 ,14]=1, [2 ,236]=3, [236]=62, [2 ,236 ,14]=2}) ]
07-10 00:54:27.772 30967 31717 I ContactsProvider_EventLog: cp_s: [ cnt({acore(30967)=1}) ]
07-10 00:54:27.772 30967 31717 I ContactsProvider_EventLog: cp_s: [PROFILE con(1) dat(1) acc({vnd.sec.contact.phone=1}) ] [SAPROFILE ]
07-10 00:54:27.772 30967 31717 I ContactsProvider_EventLog: cp_s: [STATE R(T) ]
07-10 00:54:28.134 31135 31452 I A       : (REDACTED) #onAudioData: %s bytes, getAudioReadSize %s
07-10 00:54:29.572  5325  5325 E sehhealth-service: Could not open /sys/class/power_supply/battery/lrp
07-10 00:54:29.656  5674  7726 D SemWifiUsabilityStatsMonitor: onWifiUsabilityStats - seqNum 21316, isSameBssidAndFreq true
