07-10 01:00:59.244  6877  7330 I StackIF : processResponse: handle 15 result 0 reason 0
07-10 01:00:59.244  6877  7137 I RegiMgr<0>: RegisterTask(s): Megafon VoLTE (IDLE)
07-10 01:00:59.246  6877  7137 I RegiMgr<1>: RegisterTask(s): Telenor Serbia IMS (REGISTERED, rat = 13, service = [mmtel-video, smsip, mmtel]), Global GC RCS (IDLE)
07-10 01:00:59.246  6877  7137 I RcsPolicyMgr<1>: pendingRcsRegister: mActiveDataPhoneId = 1
07-10 01:00:59.246  6877  7137 I RcsPolicyMgr<1>: pendingRcsRegister: mActiveDataPhoneId = 1
07-10 01:00:59.246  6877  7137 I RegisterTask: isSuspended: mSuspended(false) mSuspendByIrat(false)
07-10 01:00:59.246  6877  7137 I RegiMgr<1>: [Global GC RCS|IDLE] checkForTryRegister id: 1003
07-10 01:00:59.246  6877  7137 I RegiMgr : isPdnConnected: false, PdnType: 1
07-10 01:00:59.250  6877  7137 I PdnController: getDefaultNetworkBearer:  WIFI
07-10 01:00:59.252  6877  7137 I PdnController: isWifiConnected: [type: WIFI[], state: CONNECTED/CONNECTED, reason: (unspecified), extra: , failover: false, available: true, roaming: false]
07-10 01:00:59.252  6877  7137 I RegiMgr-Utils<1>: findBestNetwork: WIFI needWifiNetwork = true
07-10 01:00:59.253  6877  7137 I RegiGvnBase<1>: isReadyToDualRegister : true
07-10 01:00:59.256  6877  7137 I RegiMgr<1>: [Global GC RCS|IDLE] checkInitialRegistrationIsReady: APM ON [false], Roamimg [false]
07-10 01:00:59.256  6877  7137 I RcsPolicyMgr<1>: pendingRcsRegister: mActiveDataPhoneId = 1
07-10 01:00:59.256  6877  7137 I ImsProfile: isRttSupportByCallApp : false ttyType : 1
07-10 01:00:59.256  6877  7137 I RegiMgr-Utils<1>: getPriorityRegiedTask : isPriority  High? true
07-10 01:00:59.257  6877  7137 I RegiGvnBase: checkRegiStatus: getState()=IDLE mIsUpdateRegistering=false
07-10 01:00:59.257  6877  7137 I RegiMgr<1>: getTelephonyCallStatus:
07-10 01:00:59.260  6877  7137 I ConfigProvider: query uri:xxxxx
07-10 01:00:59.268  6877  7137 I ConfigProvider: queryStorage path content://com.samsung.rcs.autoconfigurationprovider/parameter/version#simslot1
07-10 01:00:59.276  6877  7137 E GlobalSettingsRepoBase: globalgcsettings No matched key : dual_rcs_policy
07-10 01:00:59.279  6877  7137 I ImsServiceSwitchEur[1]:  isRcsEnabled: true mDefaultSms true mUpsmEnabled false mEmergencyEnabled false
07-10 01:00:59.283  6877  7137 I ConfigTrigger<1>: isWaitAutoConfig:
07-10 01:00:59.283  6877  7137 E GlobalSettingsRepoBase: globalgcsettings No matched key : dual_rcs_policy
07-10 01:00:59.285  6877  7137 I ImsServiceSwitchEur[1]:  isRcsEnabled: true mDefaultSms true mUpsmEnabled false mEmergencyEnabled false
07-10 01:00:59.285  6877  7137 I RegiMgr-Utils: selectPdnType: rat=18pdn=1
07-10 01:00:59.286  6877  7137 I RegiMgr<1>: getServiceForNetwork: network 18
07-10 01:00:59.286  6877  7137 I RegiMgr<1>: getServiceForNetwork: service {options, chatbot-communication, ft_http, im, euc, gls}
07-10 01:00:59.295  6877  7137 I ConfigTrigger<1>: isValidAcsVersion:
07-10 01:00:59.296  6877  7137 E GlobalSettingsRepoBase: globalgcsettings No matched key : dual_rcs_policy
07-10 01:00:59.298  6877  7137 I ConfigProvider: query uri:xxxxx
07-10 01:00:59.303  6877  7137 I ConfigProvider: queryStorage path content://com.samsung.rcs.autoconfigurationprovider/parameter/version#simslot1
07-10 01:00:59.304  5674  9951 D SecContentProvider2: query(), uri = 18 selection = isRCSEnabled
07-10 01:00:59.305  5674  9951 I PhoneRestrictionPolicy: isRCSEnabledInternal(), showMsg: false, columnName: enableRCS
07-10 01:00:59.306  5674  9951 E PhoneRestrictionPolicy: getEmergencyCall >>false
07-10 01:00:59.308  5674  9951 I PhoneRestrictionPolicy: isRCSEnabledInternal(), showMsg: false, columnName: enableRCSForSimSlot1
07-10 01:00:59.309  5674  9951 E PhoneRestrictionPolicy: getEmergencyCall >>false
07-10 01:00:59.312  6877  7137 I ConfigTrigger<1>: RCS switch: true, version: 0, isRcsAcsCompleted: true
07-10 01:00:59.313  6877  7137 I ConfigTrigger<1>: version is improper : 0
07-10 01:00:59.315  6877  7137 I RegiGvnBase: isVideoCallEnabled: Enable
07-10 01:00:59.315  6877  7137 I RegiMgr<1>: getServiceForNetwork: filtered service []
07-10 01:00:59.315  6877  7137 I RegiMgr<1>: Global GC RCS: no ims service for current rat18
07-10 01:00:59.317  6877  7137 I PdnController: slot[1]: stopPdnConnectivity: network 1, callback is null
07-10 01:00:59.317  6877  7137 E PdnController<1>: requestStopNetwork: callback not found
07-10 01:00:59.318  6877  7137 E #IMSCR  : 07-10 01:00:59 0x1101000B:1,FILTERED ALL:1
07-10 01:00:59.318  6877  7137 I PdnController: handleMessage: what 107
07-10 01:00:59.318  6877  7137 I PdnController: slot[1]: requestStopNetwork: network 1, callback is null
07-10 01:00:59.399  5674 20343 D TrafficStats: tagSocket(931) with statsTag=0xffffffff, statsUid=-1
07-10 01:00:59.404  5674  7726 D SemWifiUsabilityStatsMonitor: onWifiUsabilityStats - seqNum 21444, isSameBssidAndFreq true
07-10 01:00:59.407  5674  6128 I SemWifiLinkQualityMonitor: Link Qos Query: 0.026 ms / 303.333 Mbps (390 / 0.000 / 1.286)
07-10 01:00:59.608  5674 20343 D WifiConnectivityMonitor.DnsThread:  [|209]
07-10 01:00:59.610  5674  6182 D WifiConnectivityMonitor.NetworkStatsAnalyzer: DNS resultType : 0, responseTime : 209
07-10 01:00:59.611  5674  6164 D OpenNetworkQos[4.00]: updateBssidLatestDnsResultType - result: 0
07-10 01:00:59.612  5674  6164 D OpenNetworkQos[4.00]: updateBssidNoInternet: mBssidNoInternet = false
07-10 01:00:59.612  5674  6164 D OpenNetworkQos[4.00]: getOpenNetworkQosNoInternetStatus: false
07-10 01:00:59.612  5674  6164 D OpenNetworkQos[4.00]: getOpenNetworkQosScores: 26 26 26
07-10 01:00:59.613  5674  6164 I WifiProfileShare: network QoS data was changed (internet), updateQoSData networkType: true, qosData: false
07-10 01:00:59.614  5674  7451 V WifiProfileShare.Caster: update wips network, size: 0
07-10 01:00:59.614  5674  7451 D WifiProfileShare: nearby scanning settings run
07-10 01:00:59.614  5674  7451 D WifiProfileShare: network score provider settings enabled
07-10 01:00:59.615  5674  7451 D OpenNetworkQos[4.00]: getOpenNetworkQosScores: 26 26 26
07-10 01:00:59.615  5674  7451 D OpenNetworkQos[4.00]: getOpenNetworkQosNoInternetStatus: false
07-10 01:00:59.615  5674  7451 I WifiProfileShare.Caster: current network type: 0, score: [26, 26, 26]
07-10 01:00:59.616  5674  7451 V WifiProfileShare.Cache: update network score 00:e4:06:**:**:90
07-10 01:00:59.617  5674  7451 D WifiProfileShare.ScanMatcher: getMcfDataList size:2
07-10 01:00:59.618  5674  7451 I WifiProfileShare.Caster: qos data was updated , before:type:QOS, pBssid:51:2e:90, qosData:7c after:type:QOS, pBssid:51:2e:90, qosData:7c
07-10 01:00:59.621  5674  7451 I [MCFSDK_android_1.2.4010]_4_b: isNetworkEnabled - type : 1 ret : true
07-10 01:00:59.622  5674  7451 D WifiProfileShare.McfCast: -ME--- mIsNetworkEnabled :true
07-10 01:00:59.622  5674  7451 D WifiProfileShare.McfCast: updateQoSData ignored, same contents
07-10 01:00:59.622  5674  7451 D WifiProfileShare.MCF: success update QosData !
07-10 01:00:59.624  5674  7451 I [MCFSDK_android_1.2.4010]_4_b: isNetworkEnabled - type : 1 ret : true
07-10 01:00:59.624  5674  7451 D WifiProfileShare.McfCast: -ME--- mIsNetworkEnabled :true
07-10 01:00:59.625  5674  7451 D WifiProfileShare.McfCast: -ME--- updatePasswordDate pwdData size:2
07-10 01:00:59.961  6461  6566 D MobileStatusTracker(1/2): onSignalStrengthsChanged level=2, vendorLevel=1
07-10 01:00:59.971  6461  6566 D MobileSignalController(1/2): notifyListener: enabled=true, connected=true, dataConnected=false, networkType=LTE (4G), emergencyOnly=false, roaming=false, isDefault=false, dataActivity=, level=1, ca=false, mmWave=false, disabledDataIcon=false, simCard=ETC
07-10 01:00:59.971  6461  6566 D NetworkController: SignalStrength from intent slotId=1
07-10 01:00:59.990  5325  5325 E sehhealth-service: Could not open /sys/class/power_supply/battery/lrp
07-10 01:01:00.005  6461  6461 D KeyguardUpdateMonitor: received broadcast android.intent.action.TIME_TICK
07-10 01:01:00.006  6461  6461 D KeyguardUpdateMonitor: handleTimeUpdate
07-10 01:01:00.009  6461  6461 D FaceWidgetPagesController: onTimeChanged()
07-10 01:01:00.011  6461  7078 D QSClockBellTower: onReceive(android.intent.action.TIME_TICK) mTimeZoneString:null
07-10 01:01:00.059  6461  6461 D QSClockBellTower: He is ready to ring the bell. (((QSClockBellSound - TimeText:01:01, TimeContentDescription:01:01, DateText:Mon, 10 July, ShortDateText:Mon, 10 Jul, Demo:false, QuickStar-Second(false|12:34:56))))
07-10 01:01:00.060  6461  6461 D QSClockIndicatorView: Home Indicator status_bar_clock 01:01 notifyTimeChanged(QSClockBellSound - TimeText:01:01, TimeContentDescription:01:01, DateText:Mon, 10 July, ShortDateText:Mon, 10 Jul, Demo:false, QuickStar-Second(false|12:34:56)) ClockVisibleByPolicy:true, ClockVisibleByUser:true, visible?false, parent:android.widget.LinearLayout{503272 V.E...... ........ 0,0-0,55 #7f0b04f0 app:id/left_clock_container}
07-10 01:01:00.060  6461  6461 D QSClockBellTower: Everyone heard the bell. run(currentTime:1688943660053,   getTime():Mon Jul 10 01:01:00 GMT+02:00 2023,   getTimeZone():libcore.util.ZoneInfo[mDstSavings=3600000,mUseDst=true,mDelegate=[id="Europe/Belgrade",mRawOffset=3600000,mEarliestRawOffset=4920000,transitions=119]])
07-10 01:01:00.068  6461  6461 I FaceWidgetPositionAlgorithm: getClockContainerHeight() supplier = 270, bottom margin = 0, real height = 333
07-10 01:01:00.068  6461  6461 I FaceWidgetPositionAlgorithm: getClockContainerHeight() supplier = 270, bottom margin = 63, real height = 333
07-10 01:01:00.068  6461  6461 I FaceWidgetPositionAlgorithm: getMediaContainerHeight() height = 0 container Visibility = 8, isValid = false, mIsDozing = false, fraction = 1.0, source = 0, target = 0
07-10 01:01:00.068  6461  6461 I FaceWidgetPositionAlgorithm: getMediaContainerHeight() supplier = 0
07-10 01:01:00.070  6461  6461 V QsExpandAnimator: setQsExpansionPosition 0.0
07-10 01:01:00.074  6461  6461 V QsExpandAnimator: updateAnimators
07-10 01:01:00.074  6461  6461 V QsExpandAnimator: clearAnimationState
07-10 01:01:00.075  6461  6461 V QsExpandAnimator: updateViews
07-10 01:01:00.077  6461  6461 V QsExpandAnimator: updateTileAnimator
07-10 01:01:00.078  6461  6461 V QsExpandAnimator: updateHeaderAnimator
07-10 01:01:00.078  6461  6461 V QsExpandAnimator: updateBarAnimator
07-10 01:01:00.079  6461  6461 V QsExpandAnimator: setQsExpansionPosition 0.0
07-10 01:01:00.079  6461  6461 V QsExpandAnimator: onAnimationAtStart
07-10 01:01:02.282 22079 22079 I wpa_supplicant: nl80211: Drv Event 34 (NL80211_CMD_NEW_SCAN_RESULTS) received for wlan0
07-10 01:01:02.283 22079 22079 I wpa_supplicant: wlan0: nl80211: New scan results available
07-10 01:01:02.283 22079 22079 I wpa_supplicant: nl80211: Scan probed for SSID ''
07-10 01:01:02.283 22079 22079 I wpa_supplicant: nl80211: Scan included frequencies: 2412 2417 2422 2427 2432 2437 2442 2447 2452 2457 2462 2467 2472 5180 5200 5220 5240 5260 5280 5300 5320 5745 5765 5785 5805 5825
07-10 01:01:02.288  6576 22194 D IpClient/wlan0: interfaceLinkStateChanged: ifindex 11 up
07-10 01:01:02.289  5674  9951 D WifiNl80211Manager: Scan result ready event
07-10 01:01:02.291  5674  9951 D WifiNative: Scan result ready event
07-10 01:01:02.316  5674  6049 D WificondScannerImpl: Filtering out 5 scan results.
07-10 01:01:02.347  5674  6115 D SemWifiScanPool: countryCode: RS, count: 9, totalSamples: 12, rate: 75.0%
07-10 01:01:02.348  5674  6115 V SemWifiScanPool: updateScanResult, full scan:17 configKeys: 15 pool_bssid:30 pool_configKeys:21
07-10 01:01:02.348  5674  6115 D WifiConnectivityMonitor: onScanResultUpdated
07-10 01:01:02.348  5674  6115 D WifiConnectivityMonitor: mMaxScannedCountryCode : RS
07-10 01:01:02.411  5674  9849 V LocationManagerService: network provider registration 10234/com.google.android.as/403464A0 dropped delivery - too close
07-10 01:01:02.412  7284  7370 I NlpMonitor_FLP: monitorNlp, package=com.google.android.as/ interval=21600000
07-10 01:01:02.413  5674  9849 V LocationManagerService: passive provider registration 1000/android[SensorNotificationService]/3DC7BFCB dropped delivery - too close
07-10 01:01:02.414  5674  9849 V LocationManagerService: passive provider registration 5023/com.samsung.android.networkdiagnostic/4FDF9C6D dropped delivery - too close
07-10 01:01:02.416  5674  6793 D SLocation: PositionManager - PassiveonLocationChanged network 1688943662281
07-10 01:01:02.416  5674  6793 D SLocation: ARDistanceBigData - BIGDATA ARD - receive location
07-10 01:01:02.416  5674  6793 D SLocation: GeofenceLocationFilter - location sent before 3245, need to filter / provider : network, accuracy : 17.251
07-10 01:01:02.416  5674  6793 I SLocation: GeofenceLocationFilter - alarm set, next time to send location : 145162004, com.samsung.android.location.geofence.geopoint.d@be391b0
07-10 01:01:02.418  5674  6793 D SLocation: SLocationCoreSem - send to coreSem, packet length : 23 / [2, 26, 183, 29, 154, 12, 49, 248, 63, 0, 0, 0, 17, 2, 0, 0, 1, 137, 60, 227, 20, 201, 0]
07-10 01:01:02.418  5674  6793 D SemContextLocationCoreAttribute: setAttribute() mode : 0 action : 23
07-10 01:01:02.418  5674  6793 D SemContextService: lock : changeParameters
07-10 01:01:02.418  5674  6793 D SemContext.CaeProvider.LocationCoreImpl: setAttribute() mode : 0 action : 23
07-10 01:01:02.419  5674  6793 W CAE     : setCAProperty(ContextAwareService.java:513) - [setProperty 01] Mutex is locked for SLOCATION_RUNNER
07-10 01:01:02.419  5674  6793 I CAE     : setPropertyValue(SLocationRunner.java:116) - SLocationRunner setProperty header : 2, len : 23
07-10 01:01:02.420  5674  6793 I CAE     : sendCmdToSensorHub(SensorHubCommManager.java:156) - -63, 23, 55, 2, 26, -73, 29, -102, 12, 49, -8, 63, 0, 0, 0, 17, 2, 0, 0, 1, -119, 60, -29, 20, -55, 0,
07-10 01:01:02.421  5674  5862 D SensorService: setSContextDataLocked ints length 8 , byte length 26
07-10 01:01:02.421  5674  5862 D SensorService: setSContextDataLocked 23717c1
07-10 01:01:02.421  5306  5306 I SensorsHub: SContextSensor::injecet_sensor_data
07-10 01:01:02.421  5306  5306 D SensorsHub: c1 17 37 02 1a b7 1d 9a 0c 31 f8 3f 00 00 00 11
07-10 01:01:02.421  5306  5306 D SensorsHub: 02 00 00 01 89 3c e3 14 c9 00
07-10 01:01:02.421  5306  5306 D SensorsHub: inject_scontext_data: New ssp_data_injection_fd(28)
07-10 01:01:02.422  5306  5306 D SensorsHub: SContext Data Injection return 26
07-10 01:01:02.422  5306  5327 I SensorsHub: context 10 0 9 1,1,55,0,5,2,2,0,0,0, 145159255564318
07-10 01:01:02.424  5674  5859 D SensorHubManager: onGetSensorHubDataLocked: library(10) = 1, 1, 55, 0, 5, 2, 2, 0, 0, 0
07-10 01:01:02.424  5674  6793 W CAE     : setCAProperty(ContextAwareService.java:519) - [setProperty 02] Mutex is unlocked for SLOCATION_RUNNER
07-10 01:01:02.424  5674  6793 D SemContextService: unlock : changeParameters
07-10 01:01:02.424  5674  6793 D SemContextManager:   .changeParameters : listener = com.samsung.android.location.semcontext.a@459a70d, service=SLocation Core
07-10 01:01:02.425  5674  5860 D CAE     : onGetSensorHubData(SensorHubParserProvider.java:89) - onGetSensorHubData Event [event buffer len :10], AP_WAKEUP
07-10 01:01:02.425  5674  6793 D SLocation: ARDistanceLibManager - request distance diff to AR Distance Library
07-10 01:01:02.425  5674  6793 D SLocation: SLocationCoreSem - send to coreSem, packet length : 1 / [34]
07-10 01:01:02.425  5674  6793 D SemContextLocationCoreAttribute: setAttribute() mode : 0 action : 23
07-10 01:01:02.425  5674  6793 D SemContextService: lock : changeParameters
07-10 01:01:02.425  5674  6793 D SemContext.CaeProvider.LocationCoreImpl: setAttribute() mode : 0 action : 23
07-10 01:01:02.426  5674  6793 W CAE     : setCAProperty(ContextAwareService.java:513) - [setProperty 01] Mutex is locked for SLOCATION_RUNNER
07-10 01:01:02.426  5674  6793 I CAE     : setPropertyValue(SLocationRunner.java:116) - SLocationRunner setProperty header : 34, len : 1
07-10 01:01:02.427  5674  6793 I CAE     : sendCmdToSensorHub(SensorHubCommManager.java:156) - -63, 23, 55, 34,
07-10 01:01:02.427  5674  5862 D SensorService: setSContextDataLocked ints length 2 , byte length 4
07-10 01:01:02.427  5674  5862 D SensorService: setSContextDataLocked 223717c1
07-10 01:01:02.428  5674  5860 I CAE     : parse(SensorHubParserProvider.java:190) - buffer size = 10
07-10 01:01:02.428  5306  5306 I SensorsHub: SContextSensor::injecet_sensor_data
07-10 01:01:02.428  5306  5306 D SensorsHub: c1 17 37 22
07-10 01:01:02.428  5306  5306 D SensorsHub: inject_scontext_data: New ssp_data_injection_fd(28)
07-10 01:01:02.428  5674  5860 I CAE     : parse(SensorHubParserProvider.java:201) - 1, 1, 55, 0, 5, 2, 2, 0, 0, 0,
07-10 01:01:02.429  5306  5306 D SensorsHub: SContext Data Injection return 4
07-10 01:01:02.429  5674  5860 I CAE     : parse(SLocationRunner.java:88) - SLocationRunner parse start : 3
07-10 01:01:02.429  5674  5860 D CAE     : display(ContextProvider.java:375) - ================= SLOCATION_RUNNER =================
07-10 01:01:02.430  5674  5860 I CAE     : display(ContextProvider.java:391) - ExtraDataArray=[1, 1, 55, 0, 5, 2, 2, 0, 0, 0]
07-10 01:01:02.430  5306  5327 I SensorsHub: context 38 0 37 1,1,55,0,33,33,0,0,0,0,23,112,73,106,186,2,38,0,26,183,29,32,12,50,3,0,0,0,0,37,4,240,130,216,0,0,5,63, 145159262509434
07-10 01:01:02.430  5306  5327 I SensorsHub: context 10 0 9 1,1,55,0,5,2,34,0,0,0, 145159262537280
07-10 01:01:02.431  5674  5859 D SensorHubManager: onGetSensorHubDataLocked: library(38) = 1, 1, 55, 0, 33, 33, 0, 0, 0, 0, 23, 112, 73, 106, -70, 2, 38, 0, 26, -73, 29, 32, 12, 50, 3, 0, 0, 0, 0, 37, 4, -16, -126, -40, 0, 0, 5, 63
07-10 01:01:02.431  5674  5859 D SensorHubManager: onGetSensorHubDataLocked: library(10) = 1, 1, 55, 0, 5, 2, 34, 0, 0, 0
07-10 01:01:02.431  5674  5857 D SemContextService: Service.updateContext() : service = SLocation Core
07-10 01:01:02.432  5674  5860 I CAE     : parse(SLocationRunner.java:96) - SLocationRunner parse end:10
07-10 01:01:02.432  5674  5674 D SemContextManager: onSemContextChanged() : event = SLocation Core
07-10 01:01:02.432  5674  5674 D SLocation: SLocationCoreSem - SemContextChanged type = 47, packet received
07-10 01:01:02.433  5674  5860 D CAE     : onGetSensorHubData(SensorHubParserProvider.java:89) - onGetSensorHubData Event [event buffer len :38], AP_WAKEUP
07-10 01:01:02.433  5674  6793 W CAE     : setCAProperty(ContextAwareService.java:519) - [setProperty 02] Mutex is unlocked for SLOCATION_RUNNER
07-10 01:01:02.433  5674  5860 I CAE     : parse(SensorHubParserProvider.java:190) - buffer size = 38
07-10 01:01:02.433  5674  6793 D SemContextService: unlock : changeParameters
07-10 01:01:02.434  5674  6793 D SemContextManager:   .changeParameters : listener = com.samsung.android.location.semcontext.a@459a70d, service=SLocation Core
07-10 01:01:02.434  5674  5860 I CAE     : parse(SensorHubParserProvider.java:201) - 1, 1, 55, 0, 33, 33, 0, 0, 0, 0, 23, 112, 73, 106, -70, 2, 38, 0, 26, -73, 29, 32, 12, 50, 3, 0, 0, 0, 0, 37, 4, -16, -126, -40, 0, 0, 5, 63,
07-10 01:01:02.434  5674  6793 I SLocation: SemContextParser -  parse start : 3
07-10 01:01:02.434  5674  6793 I SLocation: SemContextParser -  packet Length : 5packet total size : 10
07-10 01:01:02.434  5674  6793 I SLocation: SemContextParser - packet : [2, 2, 0, 0, 0]
07-10 01:01:02.434  5674  5860 I CAE     : parse(SLocationRunner.java:88) - SLocationRunner parse start : 3
07-10 01:01:02.434  5674  6793 D SLocation: GeofenceCoreManager - received Extra Data from core, len : 5
07-10 01:01:02.435  5674  6793 D SLocation: GeofenceCoreManager - handleCommandCallback - UNKNOWN_CALLBACK 2 SUCCESS
07-10 01:01:02.435  5674  6793 D SLocation: CommonCoreManager - received Extra Data from core, len : 5
07-10 01:01:02.435  5674  6793 D SLocation: CommonCoreManager - handleCommandCallback - FUNC_TYPE : SET_LOCATION ERROR_CODE : ERROR_NONE
07-10 01:01:02.435  5674  5860 D CAE     : display(ContextProvider.java:375) - ================= SLOCATION_RUNNER =================
07-10 01:01:02.436  5674  5860 I CAE     : display(ContextProvider.java:391) - ExtraDataArray=[1, 1, 55, 0, 33, 33, 0, 0, 0, 0, 23, 112, 73, 106, -70, 2, 38, 0, 26, -73, 29, 32, 12, 50, 3, 0, 0, 0, 0, 37, 4, -16, -126, -40, 0, 0, 5, 63]
07-10 01:01:02.437  5674  5860 I CAE     : parse(SLocationRunner.java:96) - SLocationRunner parse end:38
07-10 01:01:02.437  5674  5860 D CAE     : onGetSensorHubData(SensorHubParserProvider.java:89) - onGetSensorHubData Event [event buffer len :10], AP_WAKEUP
07-10 01:01:02.437  5674  5860 I CAE     : parse(SensorHubParserProvider.java:190) - buffer size = 10
07-10 01:01:02.438  5674  5857 D SemContextService: Service.updateContext() : service = SLocation Core
07-10 01:01:02.438  5674  5860 I CAE     : parse(SensorHubParserProvider.java:201) - 1, 1, 55, 0, 5, 2, 34, 0, 0, 0,
07-10 01:01:02.438  5674  5674 D SemContextManager: onSemContextChanged() : event = SLocation Core
07-10 01:01:02.438  5674  5674 D SLocation: SLocationCoreSem - SemContextChanged type = 47, packet received
07-10 01:01:02.439  5674  6793 I SLocation: SemContextParser -  parse start : 3
07-10 01:01:02.439  5674  7726 D SemWifiUsabilityStatsMonitor: onWifiUsabilityStats - seqNum 21445, isSameBssidAndFreq true
07-10 01:01:02.439  5674  6793 I SLocation: SemContextParser -  packet Length : 33packet total size : 38
07-10 01:01:02.439  5674  6793 I SLocation: SemContextParser - packet : [33, 0, 0, 0, 0, 23, 112, 73, 106, -70, 2, 38, 0, 26, -73, 29, 32, 12, 50, 3, 0, 0, 0, 0, 37, 4, -16, -126, -40, 0, 0, 5, 63]
07-10 01:01:02.439  5674  6793 D SLocation: GeofenceCoreManager - received Extra Data from core, len : 33
07-10 01:01:02.440  5674  5860 I CAE     : parse(SLocationRunner.java:88) - SLocationRunner parse start : 3
07-10 01:01:02.440  5674  6793 D SLocation: ARDistanceGetARDistance - convertSensorHubTimeToElapsedTime 1688928894201496833
07-10 01:01:02.440  5674  6793 D SLocation: ARDistanceGetARDistance - invalid location time from core pvt 1688928894201496833, do not use distance info
07-10 01:01:02.440  5674  5860 D CAE     : display(ContextProvider.java:375) - ================= SLOCATION_RUNNER =================
07-10 01:01:02.440  5674  6128 I SemWifiLinkQualityMonitor: Link Qos Query: 0.018 ms / 433.000 Mbps (433 / 0.000 / 1.000)
07-10 01:01:02.440  5674  6793 D SLocation: CommonCoreManager - received Extra Data from core, len : 33
07-10 01:01:02.441  5674  5860 I CAE     : display(ContextProvider.java:391) - ExtraDataArray=[1, 1, 55, 0, 5, 2, 34, 0, 0, 0]
07-10 01:01:02.441  5674  5860 I CAE     : parse(SLocationRunner.java:96) - SLocationRunner parse end:10
07-10 01:01:02.442  5674  5857 D SemContextService: Service.updateContext() : service = SLocation Core
07-10 01:01:02.442  5674  5674 D SemContextManager: onSemContextChanged() : event = SLocation Core
07-10 01:01:02.442  5674  5674 D SLocation: SLocationCoreSem - SemContextChanged type = 47, packet received
07-10 01:01:02.443  5674  6793 I SLocation: SemContextParser -  parse start : 3
07-10 01:01:02.443  5674  6793 I SLocation: SemContextParser -  packet Length : 5packet total size : 10
07-10 01:01:02.443  5674  6793 I SLocation: SemContextParser - packet : [2, 34, 0, 0, 0]
07-10 01:01:02.443  5674  6793 D SLocation: GeofenceCoreManager - received Extra Data from core, len : 5
07-10 01:01:02.444  5674  6793 D SLocation: GeofenceCoreManager - handleCommandCallback - UNKNOWN_CALLBACK 34 SUCCESS
07-10 01:01:02.444  5674  6793 D SLocation: ARDistanceLibManager - command callback received - CURRENT_LOCATION_REQUEST_DISTANCE ERROR CODE : ERROR_NONE
07-10 01:01:02.444  5674  6793 D SLocation: CommonCoreManager - received Extra Data from core, len : 5
07-10 01:01:03.777  6461  6566 D MobileStatusTracker(1/2): onSignalStrengthsChanged level=2, vendorLevel=1
07-10 01:01:03.782  6461  6566 D MobileSignalController(1/2): notifyListener: enabled=true, connected=true, dataConnected=false, networkType=LTE (4G), emergencyOnly=false, roaming=false, isDefault=false, dataActivity=, level=1, ca=false, mmWave=false, disabledDataIcon=false, simCard=ETC
07-10 01:01:03.789  6461  6566 D NetworkController: SignalStrength from intent slotId=1
07-10 01:01:04.716  5674  6522 D PackageManager: setEnabledSetting : userId = 0 packageName = com.Slack cmp = androidx.work.impl.background.systemalarm.RescheduleReceiver newState = 1 callingPackage = 10329/com.Slack
07-10 01:01:04.719  5674  6522 D ApplicationPolicy: getApplicationStateEnabled : pkg = com.Slack userId : 0
07-10 01:01:04.720  5674  6522 D ApplicationPolicy: getApplicationComponentState : pkg = com.Slack userId : 0
07-10 01:01:04.745  5674  5745 W libprocessgroup: Failed to open /dev/blkio//cgroup.procs: No such file or directory
07-10 01:01:04.746  5353  5543 V APM_AudioPolicyManager: setAppState(portId:1005, state:1)
07-10 01:01:04.781 15049 15240 D ConnectivityManager: StackLog: [android.net.ConnectivityManager.sendRequestForNetwork(ConnectivityManager.java:4300)] [android.net.ConnectivityManager.registerDefaultNetworkCallbackForUid(ConnectivityManager.java:4864)] [android.net.ConnectivityManager.registerDefaultNetworkCallback(ConnectivityManager.java:4831)] [android.net.ConnectivityManager.registerDefaultNetworkCallback(ConnectivityManager.java:4805)] [androidx.work.impl.utils.NetworkApi24.registerDefaultNetworkCallbackCompat(Unknown Source:11)] [androidx.work.impl.constraints.trackers.NetworkStateTracker24.startTracking(Unknown Source:15)] [androidx.work.impl.constraints.controllers.ConstraintController.replace(Unknown Source:130)] [androidx.work.impl.constraints.WorkConstraintsTrackerImpl.replace(Unknown Source:41)] [androidx.work.impl.background.greedy.GreedyScheduler.schedule(Unknown Source:302)] [androidx.work.impl.Schedulers.schedule(Unknown Source:155)] [androidx.work.impl.utils.EnqueueRunnable.run(Unknown Source:53)] [androidx.work.Worker$2.run$androidx$work$impl$utils$SerialExecutorImpl$Task(Unknown Source:4)] [androidx.work.Worker$2.run(Unknown Source:868)] [java.util.concurrent.ThreadPoolExecutor.runWorker(ThreadPoolExecutor.java:1137)] [java.util.concurrent.ThreadPoolExecutor$Worker.run(ThreadPoolExecutor.java:637)] [java.lang.Thread.run(Thread.java:1012)]
07-10 01:01:04.784  5674  9849 D ConnectivityService: requestNetwork for uid/pid:10329/15049 activeRequest: null callbackRequest: 16545 [NetworkRequest [ REQUEST id=16546, [ Capabilities: INTERNET&NOT_RESTRICTED&TRUSTED&NOT_VCN_MANAGED Uid: 10329 RequestorUid: 10329 RequestorPkg: com.Slack UnderlyingNetworks: Null] ]] callback flags: 0 order: 2147483647
07-10 01:01:04.786  5674  6055 D ConnectivityService:    accepting network in place of null
07-10 01:01:04.796  5674  6045 D WifiNetworkFactory: got request NetworkRequest [ REQUEST id=16546, [ Capabilities: INTERNET&NOT_RESTRICTED&TRUSTED&NOT_VCN_MANAGED Uid: 10329 RequestorUid: 10329 RequestorPkg: com.Slack UnderlyingNetworks: Null] ]
07-10 01:01:04.797  5674  6045 D UntrustedWifiNetworkFactory: got request NetworkRequest [ REQUEST id=16546, [ Capabilities: INTERNET&NOT_RESTRICTED&TRUSTED&NOT_VCN_MANAGED Uid: 10329 RequestorUid: 10329 RequestorPkg: com.Slack UnderlyingNetworks: Null] ]
07-10 01:01:04.799  5674  6045 D OemPaidWifiNetworkFactory: got request NetworkRequest [ REQUEST id=16546, [ Capabilities: INTERNET&NOT_RESTRICTED&TRUSTED&NOT_VCN_MANAGED Uid: 10329 RequestorUid: 10329 RequestorPkg: com.Slack UnderlyingNetworks: Null] ]
07-10 01:01:04.801  5674  6045 D MultiInternetWifiNetworkFactory: got request NetworkRequest [ REQUEST id=16546, [ Capabilities: INTERNET&NOT_RESTRICTED&TRUSTED&NOT_VCN_MANAGED Uid: 10329 RequestorUid: 10329 RequestorPkg: com.Slack UnderlyingNetworks: Null] ]
07-10 01:01:04.807  5674  6055 D ConnectivityService: Rematched networks [computed 1ms] [applied 3ms] [issued 18]
07-10 01:01:04.807  5674  6055 D ConnectivityService: NetworkReassignment :
07-10 01:01:04.807  5674  6055 D ConnectivityService:   16546 : null → 118
07-10 01:01:04.814 15049 15049 D ConnectivityManager: StackLog: [android.net.ConnectivityManager.unregisterNetworkCallback(ConnectivityManager.java:4972)] [androidx.work.impl.utils.NetworkApi21.unregisterNetworkCallbackCompat(Unknown Source:11)] [androidx.work.impl.constraints.trackers.NetworkStateTracker24.stopTracking(Unknown Source:15)] [androidx.work.impl.constraints.trackers.ConstraintTracker.removeListener(Unknown Source:24)] [androidx.work.impl.constraints.controllers.ConstraintController.replace(Unknown Source:81)] [androidx.work.impl.constraints.WorkConstraintsTrackerImpl.replace(Unknown Source:41)] [androidx.work.impl.background.greedy.GreedyScheduler.onExecuted(Unknown Source:55)] [androidx.work.impl.Processor.onExecuted(Unknown Source:59)] [com.bugsnag.android.DeliveryDelegate$1.run(Unknown Source:212)]
07-10 01:01:04.816  5674  6055 D ConnectivityService:  Removing from current network [118 WIFI], leaving 157 requests.
07-10 01:01:04.825  5353  5543 V APM_AudioPolicyManager: setAppState(portId:1005, state:1)
07-10 01:01:04.831  5353  5543 V APM_AudioPolicyManager: setAppState(portId:1005, state:1)
07-10 01:01:05.171  5674  6793 D SLocation: GeopointGeofenceManager - Location reported : fix method = 4 / 17.251
07-10 01:01:05.172  5674  6793 W Settings: Setting airplane_mode_on has moved from android.provider.Settings.System to android.provider.Settings.Global, returning read-only value.
07-10 01:01:05.176  5674  6793 D SLocation: LocationProcessingAlgorithm - entry condition - dist : 4653.0986 padding : 0.0, accuracy : 17.251, provider : network, dir : 2
07-10 01:01:05.176  5674  6793 D SLocation: LocationProcessingAlgorithm - entry condition - dist : 3807522.2 padding : 0.0, accuracy : 17.251, provider : network, dir : 2
07-10 01:01:05.177  5674  6793 D SLocation: LocationProcessingAlgorithm - entry condition - dist : 90750.96 padding : 0.0, accuracy : 17.251, provider : network, dir : 2
07-10 01:01:05.178  5674  6793 D SLocation: LocationProcessingAlgorithm - entry condition - dist : 3807945.8 padding : 0.0, accuracy : 17.251, provider : network, dir : 2
07-10 01:01:05.178  5674  6793 D SLocation: LocationProcessingAlgorithm - entry condition - dist : 685.1336 padding : 0.0, accuracy : 17.251, provider : network, dir : 2
07-10 01:01:05.179  5674  6793 D SLocation: LocationProcessingAlgorithm - entry condition - dist : 1917398.0 padding : 0.0, accuracy : 17.251, provider : network, dir : 2
07-10 01:01:05.179  5674  6793 D SLocation: LocationProcessingAlgorithm - entry condition - dist : 13351.136 padding : 0.0, accuracy : 17.251, provider : network, dir : 2
07-10 01:01:05.180  5674  6793 D SLocation: LocationProcessingAlgorithm - entry condition - dist : 3807945.8 padding : 0.0, accuracy : 17.251, provider : network, dir : 2
07-10 01:01:05.180  5674  6793 D SLocation: LocationProcessingAlgorithm - entry condition - dist : 1801178.6 padding : 0.0, accuracy : 17.251, provider : network, dir : 2
07-10 01:01:05.181  5674  6793 D SLocation: LocationProcessingAlgorithm - entry condition - dist : 664.4239 padding : 0.0, accuracy : 17.251, provider : network, dir : 2
07-10 01:01:05.181  5674  6793 D SLocation: ReceiverPairWithWifi - ignore direction of location due to wifi, id =11reason=400
07-10 01:01:05.182  5674  6793 D SLocation: LocationProcessingAlgorithm - entry condition - dist : 426.8945 padding : 0.0, accuracy : 17.251, provider : network, dir : 1
07-10 01:01:05.182  5674  6793 D SLocation: GeopointReceiver - send geopoint result - 1
07-10 01:01:05.504  5674  7726 D SemWifiUsabilityStatsMonitor: onWifiUsabilityStats - seqNum 21446, isSameBssidAndFreq true
07-10 01:01:05.508  5674  6128 I SemWifiLinkQualityMonitor: Link Qos Query: 0.077 ms / 104.286 Mbps (292 / 0.000 / 2.800)
07-10 01:01:06.367  5353  5543 V APM_AudioPolicyManager: setAppState(portId:1005, state:1)
07-10 01:01:06.370  5674  5745 W libprocessgroup: Failed to open /dev/blkio//cgroup.procs: No such file or directory
07-10 01:01:06.377 16924 19948 D ConnectivityManager: StackLog: [android.net.ConnectivityManager.reportNetworkConnectivity(ConnectivityManager.java:3499)] [apit.i(:com.google.android.gms@232414044@23.24.14 (190400-544099984):0)] [apii.run(:com.google.android.gms@232414044@23.24.14 (190400-544099984):57)] [apjh.run(:com.google.android.gms@232414044@23.24.14 (190400-544099984):2)] [dhfe.run(:com.google.android.gms@232414044@23.24.14 (190400-544099984):2)] [acmg.c(:com.google.android.gms@232414044@23.24.14 (190400-544099984):6)] [acmg.run(:com.google.android.gms@232414044@23.24.14 (190400-544099984):7)] [java.util.concurrent.ThreadPoolExecutor.runWorker(ThreadPoolExecutor.java:1137)] [java.util.concurrent.ThreadPoolExecutor$Worker.run(ThreadPoolExecutor.java:637)] [acro.run(:com.google.android.gms@232414044@23.24.14 (190400-544099984):0)] [java.lang.Thread.run(Thread.java:1012)]
07-10 01:01:06.382 16924 19948 I AlarmManager: setExactAndAllowWhileIdle [name: GCM_HB_ALARM type: 2 triggerAtMillis: 146893215]
07-10 01:01:06.405 16924 20341 I AlarmManager: setExactAndAllowWhileIdle [name: FcmRetry type: 2 triggerAtMillis: 145283234]
07-10 01:01:06.411 16924 19948 I AlarmManager: setExactAndAllowWhileIdle [name: GCM_HB_ALARM type: 2 triggerAtMillis: 146893244]
07-10 01:01:06.430  5674  5745 W libprocessgroup: Failed to open /dev/blkio//cgroup.procs: No such file or directory
07-10 01:01:06.468  7952  8090 I AppWidgetManager: notifyAppWidgetViewDataChanged() appWidgetIds = [43], viewId = 2131230850
07-10 01:01:06.468  5353  5543 V APM_AudioPolicyManager: setAppState(portId:1005, state:1)
07-10 01:01:06.481  5353  5543 V APM_AudioPolicyManager: setAppState(portId:1005, state:1)
07-10 01:01:07.260  5262  5262 E audit   : type=1400 audit(1688943667.257:69607): avc:  denied  { getattr } for  pid=5674 comm="BinderProcsColl" path="/sys/kernel/debug/binder/proc/5674" dev="debugfs" ino=32119 scontext=u:r:system_server:s0 tcontext=u:object_r:sec_debugfs:s0 tclass=file permissive=0 SEPF_SM-A515F_13_0001 audit_filtered
07-10 01:01:07.260  5262  5262 E audit   : type=1300 audit(1688943667.257:69607): arch=c00000b7 syscall=79 success=no exit=-13 a0=ffffff9c a1=7ad2331a70 a2=79df9bd680 a3=0 items=0 ppid=5287 pid=5674 auid=4294967295 uid=1000 gid=1000 euid=1000 suid=1000 fsuid=1000 egid=1000 sgid=1000 fsgid=1000 tty=(none) ses=4294967295 comm="BinderProcsColl" exe="/system/bin/app_process64" subj=u:r:system_server:s0 key=(null)
07-10 01:01:07.261  5262  5262 E audit   : type=1327 audit(1688943667.257:69607): proctitle="system_server"
07-10 01:01:08.555  5674  7726 D SemWifiUsabilityStatsMonitor: onWifiUsabilityStats - seqNum 21447, isSameBssidAndFreq true
07-10 01:01:08.557  5674  6128 I SemWifiLinkQualityMonitor: Link Qos Query: 0.039 ms / 206.471 Mbps (351 / 0.000 / 1.700)
07-10 01:01:11.645  5674  7726 D SemWifiUsabilityStatsMonitor: onWifiUsabilityStats - seqNum 21448, isSameBssidAndFreq true
07-10 01:01:11.648  5674  6128 I SemWifiLinkQualityMonitor: Link Qos Query: 0.099 ms / 80.923 Mbps (263 / 0.000 / 3.250)
07-10 01:01:11.660  5674  6055 D ConnectivityService: notifyType CALLBACK_CAP_CHANGED for [118 WIFI]
07-10 01:01:11.668  5674  6086 D SemWifiSwitchForIndividualAppsService: stopTCPMonitoring : already stopped
07-10 01:01:11.671  5674  6086 I WifiConnectivityMonitor.NCC: sNetworkCallback(oCC) FULL : 118(true/false)[ Transports: WIFI Capabilities: NOT_METERED&INTERNET&NOT_RESTRICTED&TRUSTED&NOT_VPN&VALIDATED&NOT_ROAMING&FOREGROUND&NOT_CONGESTED&NOT_SUSPENDED&NOT_VCN_MANAGED LinkUpBandwidth>=15762Kbps LinkDnBandwidth>=38308Kbps TransportInfo: <SSID: <unknown ssid>, BSSID: 02:00:00:**:**:00, MAC: 02:00:00:**:**:00, IP: /192.168.1.19, Security type: 2, Supplicant state: COMPLETED, Wi-Fi standard: 5, RSSI: -65, Link speed: 263Mbps, Tx Link speed: 263Mbps, Max Supported Tx Link speed: 433Mbps, Rx Link speed: 6Mbps, Max Supported Rx Link speed: 433Mbps, Frequency: 5180MHz, Net ID: -1, Metered hint: false, score: 60, isUsable: true, CarrierMerged: false, SubscriptionId: -1, IsPrimary: 1, Trusted: true, Restricted: false, Ephemeral: false, OEM paid: false, OEM private: false, OSU AP: false, FQDN: <none>, Provider friendly name: <none>, Requesting package name: <none><none>MLO Information: , AP MLD Address: <none>, AP MLO Link Id: <none>, AP MLO Affiliated links: <none>> SignalStrength: -65 AdminUids: [1000] SSID: "Talija" UnderlyingNetworks: Null]
07-10 01:01:11.675  5674  6164 I WifiConnectivityMonitor: current mode : 1
07-10 01:01:11.675  5674  6164 D OpenNetworkQos[4.00]: updateBssidNoInternet: mBssidNoInternet = false
07-10 01:01:11.675  5674  6164 D OpenNetworkQos[4.00]: getOpenNetworkQosNoInternetStatus: false
07-10 01:01:11.675  5674  6164 D OpenNetworkQos[4.00]: getOpenNetworkQosScores: 26 26 26
07-10 01:01:11.676  5674  6164 I WifiProfileShare: network QoS data was changed (internet), updateQoSData networkType: true, qosData: false
07-10 01:01:11.676  5674  7451 V WifiProfileShare.Caster: update wips network, size: 0
07-10 01:01:11.676  5674  7451 D WifiProfileShare: nearby scanning settings run
07-10 01:01:11.676  5674  7451 D WifiProfileShare: network score provider settings enabled
07-10 01:01:11.677  5674  7451 D OpenNetworkQos[4.00]: getOpenNetworkQosScores: 26 26 26
07-10 01:01:11.677  5674  7451 D OpenNetworkQos[4.00]: getOpenNetworkQosNoInternetStatus: false
07-10 01:01:11.677  5674  7451 I WifiProfileShare.Caster: current network type: 0, score: [26, 26, 26]
07-10 01:01:11.677  5674  7451 V WifiProfileShare.Cache: update network score 00:e4:06:**:**:90
07-10 01:01:11.678  5674  7451 D WifiProfileShare.ScanMatcher: getMcfDataList size:2
07-10 01:01:11.678  5674  7451 I WifiProfileShare.Caster: qos data was updated , before:type:QOS, pBssid:51:2e:90, qosData:7c after:type:QOS, pBssid:51:2e:90, qosData:7c
07-10 01:01:11.680  5674  7451 I [MCFSDK_android_1.2.4010]_4_b: isNetworkEnabled - type : 1 ret : true
07-10 01:01:11.681  5674  7451 D WifiProfileShare.McfCast: -ME--- mIsNetworkEnabled :true
07-10 01:01:11.681  5674  7451 D WifiProfileShare.McfCast: updateQoSData ignored, same contents
07-10 01:01:11.681  5674  7451 D WifiProfileShare.MCF: success update QosData !
07-10 01:01:11.682  5674  7451 I [MCFSDK_android_1.2.4010]_4_b: isNetworkEnabled - type : 1 ret : true
07-10 01:01:11.682  5674  7451 D WifiProfileShare.McfCast: -ME--- mIsNetworkEnabled :true
07-10 01:01:11.682  5674  7451 D WifiProfileShare.McfCast: -ME--- updatePasswordDate pwdData size:2
07-10 01:01:11.717  6461  6566 D NetworkController.WifiSignalController: notifyListener: visible=true, connected=true, inetCondition=1, isDefault=true, wifiTestReported=true, receivedInetCondition=-1, hideDuringMobileSwitching=false
07-10 01:01:11.718 16924 19143 I ChimeraSrvcProxy: NullBinder for android.net.action.RECOMMEND_NETWORKS triggering remote TransactionTooLargeException due to Service without Chimera impl
07-10 01:01:11.719 16924 19143 W .gms.persistent: Large reply transaction of 1056768 bytes, interface descriptor , code 1
07-10 01:01:13.966 16924 16924 D BoundBrokerSvc: onUnbind: Intent { act=com.google.android.gms.auth.account.workaccount.START dat=chimera-action:/... cmp=com.google.android.gms/.chimera.PersistentApiService }
07-10 01:01:14.366 16924 16924 D BoundBrokerSvc: onBind: Intent { act=com.google.android.gms.auth.account.workaccount.START dat=chimera-action:/... cmp=com.google.android.gms/.chimera.PersistentApiService }
07-10 01:01:14.366 16924 16924 D BoundBrokerSvc: Loading bound service for intent: Intent { act=com.google.android.gms.auth.account.workaccount.START dat=chimera-action:/... cmp=com.google.android.gms/.chimera.PersistentApiService }
07-10 01:01:14.678  5674  7726 D SemWifiUsabilityStatsMonitor: onWifiUsabilityStats - seqNum 21449, isSameBssidAndFreq true
07-10 01:01:14.678  5674  6055 D ConnectivityService: notifyType CALLBACK_CAP_CHANGED for [118 WIFI]
07-10 01:01:14.680  5674  6128 I SemWifiLinkQualityMonitor: Link Qos Query: 0.033 ms / 243.333 Mbps (292 / 0.000 / 1.200)
07-10 01:01:14.682  5674  6086 D SemWifiSwitchForIndividualAppsService: stopTCPMonitoring : already stopped
07-10 01:01:14.684  5674  6086 I WifiConnectivityMonitor.NCC: sNetworkCallback(oCC) FULL : 118(true/false)[ Transports: WIFI Capabilities: NOT_METERED&INTERNET&NOT_RESTRICTED&TRUSTED&NOT_VPN&VALIDATED&NOT_ROAMING&FOREGROUND&NOT_CONGESTED&NOT_SUSPENDED&NOT_VCN_MANAGED LinkUpBandwidth>=38087Kbps LinkDnBandwidth>=48162Kbps TransportInfo: <SSID: <unknown ssid>, BSSID: 02:00:00:**:**:00, MAC: 02:00:00:**:**:00, IP: /192.168.1.19, Security type: 2, Supplicant state: COMPLETED, Wi-Fi standard: 5, RSSI: -62, Link speed: 292Mbps, Tx Link speed: 292Mbps, Max Supported Tx Link speed: 433Mbps, Rx Link speed: 58Mbps, Max Supported Rx Link speed: 433Mbps, Frequency: 5180MHz, Net ID: -1, Metered hint: false, score: 60, isUsable: true, CarrierMerged: false, SubscriptionId: -1, IsPrimary: 1, Trusted: true, Restricted: false, Ephemeral: false, OEM paid: false, OEM private: false, OSU AP: false, FQDN: <none>, Provider friendly name: <none>, Requesting package name: <none><none>MLO Information: , AP MLD Address: <none>, AP MLO Link Id: <none>, AP MLO Affiliated links: <none>> SignalStrength: -62 AdminUids: [1000] SSID: "Talija" UnderlyingNetworks: Null]
07-10 01:01:14.685  5674  6164 I WifiConnectivityMonitor: current mode : 1
07-10 01:01:14.685  5674  6164 D OpenNetworkQos[4.00]: updateBssidNoInternet: mBssidNoInternet = false
07-10 01:01:14.685  5674  6164 D OpenNetworkQos[4.00]: getOpenNetworkQosNoInternetStatus: false
07-10 01:01:14.685  5674  6164 D OpenNetworkQos[4.00]: getOpenNetworkQosScores: 26 26 26
07-10 01:01:14.686  5674  6164 I WifiProfileShare: network QoS data was changed (internet), updateQoSData networkType: true, qosData: false
07-10 01:01:14.686  5674  7451 V WifiProfileShare.Caster: update wips network, size: 0
07-10 01:01:14.686  5674  7451 D WifiProfileShare: nearby scanning settings run
07-10 01:01:14.687  5674  7451 D WifiProfileShare: network score provider settings enabled
07-10 01:01:14.687  5674  7451 D OpenNetworkQos[4.00]: getOpenNetworkQosScores: 26 26 26
07-10 01:01:14.687  5674  7451 D OpenNetworkQos[4.00]: getOpenNetworkQosNoInternetStatus: false
07-10 01:01:14.687  5674  7451 I WifiProfileShare.Caster: current network type: 0, score: [26, 26, 26]
07-10 01:01:14.688  5674  7451 V WifiProfileShare.Cache: update network score 00:e4:06:**:**:90
07-10 01:01:14.688  5674  7451 D WifiProfileShare.ScanMatcher: getMcfDataList size:2
07-10 01:01:14.689  5674  7451 I WifiProfileShare.Caster: qos data was updated , before:type:QOS, pBssid:51:2e:90, qosData:7c after:type:QOS, pBssid:51:2e:90, qosData:7c
07-10 01:01:14.692  5674  7451 I [MCFSDK_android_1.2.4010]_4_b: isNetworkEnabled - type : 1 ret : true
07-10 01:01:14.692  5674  7451 D WifiProfileShare.McfCast: -ME--- mIsNetworkEnabled :true
07-10 01:01:14.692  5674  7451 D WifiProfileShare.McfCast: updateQoSData ignored, same contents
07-10 01:01:14.692  5674  7451 D WifiProfileShare.MCF: success update QosData !
07-10 01:01:14.693  5674  7451 I [MCFSDK_android_1.2.4010]_4_b: isNetworkEnabled - type : 1 ret : true
07-10 01:01:14.694  5674  7451 D WifiProfileShare.McfCast: -ME--- mIsNetworkEnabled :true
07-10 01:01:14.694  5674  7451 D WifiProfileShare.McfCast: -ME--- updatePasswordDate pwdData size:2
07-10 01:01:14.705  6461  6566 D NetworkController.WifiSignalController: notifyListener: visible=true, connected=true, inetCondition=1, isDefault=true, wifiTestReported=true, receivedInetCondition=-1, hideDuringMobileSwitching=false
07-10 01:01:14.707 16924 19001 I ChimeraSrvcProxy: NullBinder for android.net.action.RECOMMEND_NETWORKS triggering remote TransactionTooLargeException due to Service without Chimera impl
07-10 01:01:14.707 16924 19001 W .gms.persistent: Large reply transaction of 1056768 bytes, interface descriptor , code 1
07-10 01:01:14.885  5353  5543 V APM_AudioPolicyManager: setAppState(portId:1005, state:1)
07-10 01:01:14.896  5353  5543 V APM_AudioPolicyManager: setAppState(portId:1005, state:1)
07-10 01:01:17.740  5674  7726 D SemWifiUsabilityStatsMonitor: onWifiUsabilityStats - seqNum 21450, isSameBssidAndFreq true
07-10 01:01:17.744  5674  6128 I SemWifiLinkQualityMonitor: Link Qos Query: 0.091 ms / 87.750 Mbps (351 / 0.000 / 4.000)
07-10 01:01:18.987  5287  5287 D Zygote  : Forked child process 20374
07-10 01:01:18.994  5353  5543 V APM_AudioPolicyManager: setAppState(portId:1005, state:1)
07-10 01:01:18.995  5674  5745 W libprocessgroup: Failed to open /dev/blkio//cgroup.procs: No such file or directory
07-10 01:01:19.016  5353  5543 V APM_AudioPolicyManager: setAppState(portId:1005, state:1)
07-10 01:01:19.025  5353  5543 V APM_AudioPolicyManager: setAppState(portId:1005, state:1)
07-10 01:01:19.044  5353  5543 V APM_AudioPolicyManager: setAppState(portId:1005, state:1)
07-10 01:01:19.049  5674  5745 W libprocessgroup: Failed to open /dev/blkio//cgroup.procs: No such file or directory
07-10 01:01:19.060 20374 20374 I ndroid.game.gos: Using CollectorTypeCC GC.
07-10 01:01:19.069 20374 20374 E ndroid.game.gos: Not starting debugger since process cannot load the jdwp agent.
07-10 01:01:19.074 20040 20168 I downloadWifiLock: [Download Executor Thread:ru.yandex.disk.download.e] wifi lock released WifiLock{ 25fffbe; not refcounted }
07-10 01:01:19.074 20040 20168 I ru.yandex.disk: wifi lock released WifiLock{ 25fffbe; not refcounted }
07-10 01:01:19.079 20374 20374 W libc    : Access denied finding property "sys.perf.boostopt"
07-10 01:01:19.079  5262  5262 E audit   : type=1400 audit(1688943679.077:69608): avc:  denied  { read } for  pid=20374 comm="ndroid.game.gos" name="u:object_r:perf_prop:s0" dev="tmpfs" ino=10663 scontext=u:r:platform_app:s0:c512,c768 tcontext=u:object_r:perf_prop:s0 tclass=file permissive=0 SEPF_SM-A515F_13_0001 audit_filtered
07-10 01:01:19.079  5262  5262 E audit   : type=1300 audit(1688943679.077:69608): arch=c00000b7 syscall=56 success=no exit=-13 a0=ffffff9c a1=7fcf7d5458 a2=88000 a3=0 items=0 ppid=5287 pid=20374 auid=4294967295 uid=10217 gid=10217 euid=10217 suid=10217 fsuid=10217 egid=10217 sgid=10217 fsgid=10217 tty=(none) ses=4294967295 comm="ndroid.game.gos" exe="/system/bin/app_process64" subj=u:r:platform_app:s0:c512,c768 key=(null)
07-10 01:01:19.080  5262  5262 E audit   : type=1327 audit(1688943679.077:69608): proctitle="zygote64"
07-10 01:01:19.081 20374 20387 W libc    : Access denied finding property "sys.perf.boostopt"
07-10 01:01:19.082  5262  5262 E audit   : type=1400 audit(1688943679.077:69609): avc:  denied  { read } for  pid=20374 comm="binder:20374_1" name="u:object_r:perf_prop:s0" dev="tmpfs" ino=10663 scontext=u:r:platform_app:s0:c512,c768 tcontext=u:object_r:perf_prop:s0 tclass=file permissive=0 SEPF_SM-A515F_13_0001 audit_filtered
07-10 01:01:19.082  5262  5262 E audit   : type=1300 audit(1688943679.077:69609): arch=c00000b7 syscall=56 success=no exit=-13 a0=ffffff9c a1=7b7d47a2f8 a2=88000 a3=0 items=0 ppid=5287 pid=20374 auid=4294967295 uid=10217 gid=10217 euid=10217 suid=10217 fsuid=10217 egid=10217 sgid=10217 fsgid=10217 tty=(none) ses=4294967295 comm="binder:20374_1" exe="/system/bin/app_process64" subj=u:r:platform_app:s0:c512,c768 key=(null)
07-10 01:01:19.085 20374 20374 D ActivityThread: setConscryptValidator
07-10 01:01:19.085 20374 20374 D ActivityThread: setConscryptValidator - put
07-10 01:01:19.109 20374 20388 W libc    : Access denied finding property "sys.perf.boostopt"
07-10 01:01:19.109  5353  5543 V APM_AudioPolicyManager: setAppState(portId:1005, state:1)
07-10 01:01:19.114 20374 20374 D CompatibilityChangeReporter: Compat change id reported: 171979766; UID 10217; state: ENABLED
07-10 01:01:19.203  5353  5543 V APM_AudioPolicyManager: setAppState(portId:1005, state:1)
07-10 01:01:19.205  5353  5543 V APM_AudioPolicyManager: setAppState(portId:1005, state:1)
07-10 01:01:19.300 20374 20396 I GOS:DssFeature: dpi: 420, width: 1080, height: 2186
07-10 01:01:19.312 20374 20396 I GOS:VrrFeature: updateDisplayModes(): displayModes: [{id=1, width=1080, height=2400, fps=60.000004, alternativeRefreshRates=[]}]
07-10 01:01:19.312 20374 20396 I GOS:VrrFeature: updateDisplayModes()-{96=null, 48=null, 120=null, 90=null, 60=1}
07-10 01:01:19.318 20374 20396 I GOS:PlatformUtil: getSemPlatformVersion(). SEM_PLATFORM_INT: 140100
07-10 01:01:19.334 20374 20396 I GOS:Initializer: DB is already initialized
07-10 01:01:19.356 20374 20396 I GOS:Initializer: finished initGos()
07-10 01:01:19.361 20374 20399 I GOS:MainIntentService: onHandleIntent(). type(ON_ALARM) from 4
07-10 01:01:19.361 20374 20399 I GOS:MainIntentService: received UPDATE_ALARM type alarm: ON_ALARM
07-10 01:01:19.580 20374 20399 I GOS:AlarmController: onUpdateAlarm(), start!, IntentType: ON_ALARM
07-10 01:01:19.585 20374 20399 I GOS:AlarmController: onUpdateAlarm() - too early. skip full update. millisFromLastFullyUpdate: 144037044
07-10 01:01:19.586 20374 20399 I GOS:AlarmController: onUpdateAlarm() - too early. skip normal update. millisFromLastUpdate: 57467322
07-10 01:01:19.588 20374 20399 I GOS:MainIntentService: onHandleIntent(). type(INIT_GOS) from 201
07-10 01:01:19.592 20374 20399 I GOS:AutoControlFeature: updateControlLevels maxBrightness=255, maxFps=60
07-10 01:01:19.593 20374 20399 I GOS:AutoControlFeature: update(): brightness=false, volume=false, fps=false
07-10 01:01:19.596 20374 20399 I GOS:WifiQosFeature: updatePolicy(). mTid: 0
07-10 01:01:19.601 20374 20399 I GOS:ClearBGProcessFeature: mLruNum=1
07-10 01:01:19.603 20374 20399 I GOS:ClearBGProcessFeature: loadSurviveMap apps=com.android.vending
07-10 01:01:19.620 20374 20399 I GOS:ClearBGProcessFeature: updateSurviveList mSurviveAppList=[com.sec.android.app.clockpackage, 10160, com.samsung.android.app.reminder, 10150, com.android.vending, 10229, com.samsung.android.voc, 10259, com.samsung.android.calendar, 10193]
07-10 01:01:19.628 20374 20399 I GOS:SeInputManager: checkInputFeature(), ret: 257
07-10 01:01:19.628 20374 20399 I GOS:TspFeature: isAvailableForSystemHelper(), tspVrrInputAvailable: false
