07-10 01:25:33.196 27241 27241 V GraphicsEnvironment: Neither updatable production driver nor prerelease driver is supported.
07-10 01:25:33.218 27241 27241 D NetworkSecurityConfig: No Network Security Config specified, using platform default
07-10 01:25:33.227 27269 27269 D nativeloader: Configuring classloader-namespace for other apk /system/framework/org.apache.http.legacy.jar. target_sdk_version=31, uses_libraries=ALL, library_path=/data/app/~~PR1jeH5orTZ6823Q8IvBaw==/com.microsoft.office.officehubrow-Di8PgQd2eCnnH8SrtzZiIw==/lib/arm64:/data/app/~~PR1jeH5orTZ6823Q8IvBaw==/com.microsoft.office.officehubrow-Di8PgQd2eCnnH8SrtzZiIw==/base.apk!/lib/arm64-v8a, permitted_path=/data:/mnt/expand:/data/user/0/com.microsoft.office.officehubrow
07-10 01:25:33.227 27269 27269 D nativeloader: Extending system_exposed_libraries: libhumantracking.arcsoft.so:libPortraitDistortionCorrection.arcsoft.so:libPortraitDistortionCorrectionCali.arcsoft.so:libface_landmark.arcsoft.so:libFacialStickerEngine.arcsoft.so:libveengine.arcsoft.so:liblow_light_hdr.arcsoft.so:libhigh_dynamic_range.arcsoft.so:libFacialAttributeDetection.arcsoft.so:libBeauty_v4.camera.samsung.so:libexifa.camera.samsung.so:libjpega.camera.samsung.so:libOpenCv.camera.samsung.so:libImageScreener.camera.samsung.so:libMyFilter.camera.samsung.so:libtensorflowLite.myfilter.camera.samsung.so:libtensorflowlite_inference_api.myfilter.camera.samsung.so:libEventFinder.camera.samsung.so:libHIDTSnapJNI.camera.samsung.so:libSmartScan.camera.samsung.so:libRectify.camera.samsung.so:libDocRectifyWrapper.camera.samsung.so:libUltraWideDistortionCorrection.camera.samsung.so:libHpr_RecGAE_cvFeature_v1.0.camera.samsung.so:libHprFace_GAE_api.camera.samsung.so:libFace_Landmark_API.camera.samsung.so:libHprFace_GAE_jni.camera.samsung.so:libFacialBasedSelfieCorrec
07-10 01:25:33.241 27241 27241 D NetworkSecurityConfig: No Network Security Config specified, using platform default
07-10 01:25:33.335 27269 27269 D nativeloader: Configuring classloader-namespace for other apk /data/app/~~PR1jeH5orTZ6823Q8IvBaw==/com.microsoft.office.officehubrow-Di8PgQd2eCnnH8SrtzZiIw==/base.apk. target_sdk_version=31, uses_libraries=, library_path=/data/app/~~PR1jeH5orTZ6823Q8IvBaw==/com.microsoft.office.officehubrow-Di8PgQd2eCnnH8SrtzZiIw==/lib/arm64:/data/app/~~PR1jeH5orTZ6823Q8IvBaw==/com.microsoft.office.officehubrow-Di8PgQd2eCnnH8SrtzZiIw==/base.apk!/lib/arm64-v8a, permitted_path=/data:/mnt/expand:/data/user/0/com.microsoft.office.officehubrow
07-10 01:25:33.343  5674  7726 D SemWifiUsabilityStatsMonitor: onWifiUsabilityStats - seqNum 21928, isSameBssidAndFreq true
07-10 01:25:33.346  5674  6128 I SemWifiLinkQualityMonitor: Link Qos Query: 0.030 ms / 264.194 Mbps (390 / 0.000 / 1.476)
07-10 01:25:33.346  6461  6461 D NetworkController.WifiSignalController: notifyListener: visible=true, connected=true, inetCondition=1, isDefault=true, wifiTestReported=true, receivedInetCondition=-1, hideDuringMobileSwitching=false
07-10 01:25:33.372 27269 27269 V GraphicsEnvironment: ANGLE Developer option for 'com.microsoft.office.officehubrow' set to: 'default'
07-10 01:25:33.373 27269 27269 V GraphicsEnvironment: ANGLE GameManagerService for com.microsoft.office.officehubrow: false
07-10 01:25:33.373 27269 27269 V GraphicsEnvironment: Neither updatable production driver nor prerelease driver is supported.
07-10 01:25:33.382 27269 27269 D NetworkSecurityConfig: Using Network Security Config from resource network_security_config debugBuild: false
07-10 01:25:33.396 27269 27269 D NetworkSecurityConfig: Using Network Security Config from resource network_security_config debugBuild: false
07-10 01:25:33.401 27269 27269 I MAMInfo : MAMInfo initialized. Debug=false, Agent=PRODUCTION, ManagedDialogDisabled=false, PolicyRequired=false, MultiIdentityEnabled=true, FullBackupContent=true, DataExtractionRules=true, UseDefaultEnrollment=false, ExceptionOnInit=false, Debuggable=false, IsolatedProcessesAllowed=false
07-10 01:25:33.424 27269 27269 I ApplicationUtils: Application process name com.microsoft.office.officehubrow:remote
07-10 01:25:33.424 27269 27269 I PerfFeatureGate: FeatureGate - Microsoft.Office.Android.EnableRegistryAsyncInit , value = true
07-10 01:25:33.432 27269 27292 I OfficeApplication: Initializing registry asynchronously
07-10 01:25:33.432 27269 27292 I Registry:  init - START
07-10 01:25:33.435 27269 27293 I FirebaseInitializer: Firebase initialization start
07-10 01:25:33.436 27269 27293 D ApplicationUtils: Primary process for app = com.microsoft.office.officehubrow
07-10 01:25:33.437 27269 27293 I FirebaseInitializer: Not initializing from non primary process com.microsoft.office.officehubrow:remote
07-10 01:25:33.441 27269 27292 I RegistryDBUtilities: Registry Database is disabled.
07-10 01:25:33.441 27269 27292 I Registry:  initFile - START
07-10 01:25:33.456 27269 27269 D CompatibilityChangeReporter: Compat change id reported: 160794467; UID 10263; state: ENABLED
07-10 01:25:33.471  5674  7126 D PackageManager: setEnabledSetting : userId = 0 packageName = com.microsoft.office.officehubrow cmp = androidx.work.impl.background.systemjob.SystemJobService newState = 1 callingPackage = 10263/com.microsoft.office.officehubrow
07-10 01:25:33.473  5674  7126 D ApplicationPolicy: getApplicationStateEnabled : pkg = com.microsoft.office.officehubrow userId : 0
07-10 01:25:33.474  5674  7126 D ApplicationPolicy: getApplicationComponentState : pkg = com.microsoft.office.officehubrow userId : 0
07-10 01:25:33.487 27269 27269 I TelemetryManager: Initalizing Android early telemetry
07-10 01:25:33.491 27269 27269 D TSLTokenProviderImpl: Initializing Token Share Manager
07-10 01:25:33.492 27241 27241 D CellBroadcastReceiver: onReceive Intent { act=android.intent.action.SERVICE_STATE flg=0x1000010 cmp=com.google.android.cellbroadcastreceiver/com.android.cellbroadcastreceiver.CellBroadcastReceiver (has extras) }
07-10 01:25:33.493 27269 27269 D TSLTokenProviderImpl: Check if this IsTSLDebugMode
07-10 01:25:33.494 27269 27269 D TokenSharingManager_v1.6.4: Library works in release mode
07-10 01:25:33.504 27269 27269 I WM-RemoteWorkerService: Binding to RemoteWorkerService
07-10 01:25:33.557 27241 27241 D CellBroadcastReceiver: onServiceStateChanged, ss: 0
07-10 01:25:33.559 27269 27286 D BackgroundTaskWorker: BackgroundTaskHost worker started
07-10 01:25:33.566 27241 27241 D CellBroadcastReceiver: networkOperator: 22001
07-10 01:25:33.592 27269 27269 D BackgroundTaskWorker: BackGround Service execution Started
07-10 01:25:33.606 27241 27241 D CellBroadcastReceiver: update supported roaming operator as
07-10 01:25:33.643 27269 27292 I Registry:  initFile - END
07-10 01:25:33.651  5353  5543 V APM_AudioPolicyManager: setAppState(portId:1005, state:1)
07-10 01:25:33.653 27269 27291 W TSLTokenProviderImpl: No TSL account found.
07-10 01:25:33.653 27269 27291 I TSLTokenProviderImpl: Count of TSL accounts returned = 0
07-10 01:25:33.673 27269 27292 I Registry:  Store Type: FILE
07-10 01:25:33.673 27269 27292 I Registry:  init - END
07-10 01:25:33.857 27269 27269 I CXA_THROW: RegisterTerminateHandler: Try to register TerminateHandler.
07-10 01:25:33.858 27269 27269 I CXA_THROW: RegisterTerminateHandler: Complete registration of TerminateHandler.
07-10 01:25:33.957  5262  5262 E audit   : type=1400 audit(1688945133.953:70029): avc:  granted  { execute } for  pid=27269 comm="cehubrow:remote" path="/data/data/com.microsoft.office.officehubrow/files/data/commonlibs/libofficecrypto.so" dev="sda32" ino=1210589 scontext=u:r:untrusted_app_30:s0:c7,c257,c512,c768 tcontext=u:object_r:app_data_file:s0:c7,c257,c512,c768 tclass=file SEPF_SM-A515F_13_0001 audit_filtered
07-10 01:25:33.958  5262  5262 E audit   : type=1300 audit(1688945133.953:70029): arch=c00000b7 syscall=222 success=yes exit=528485257216 a0=7b0c2d1000 a1=c0840 a2=5 a3=12 items=0 ppid=5287 pid=27269 auid=4294967295 uid=10263 gid=10263 euid=10263 suid=10263 fsuid=10263 egid=10263 sgid=10263 fsgid=10263 tty=(none) ses=4294967295 comm="cehubrow:remote" exe="/system/bin/app_process64" subj=u:r:untrusted_app_30:s0:c7,c257,c512,c768 key=(null)
07-10 01:25:33.959  5262  5262 E audit   : type=1327 audit(1688945133.953:70029): proctitle="zygote64"
07-10 01:25:33.965  5674  5842 D SEP_UNION_SemDeviceInfoManagerService: onReceive : android.intent.action.PACKAGE_CHANGED, userId = 0
07-10 01:25:33.967 15865 15865 V AvrcpMediaPlayerList: mPackageChangedBroadcastReceiver: action: android.intent.action.PACKAGE_CHANGED
07-10 01:25:33.972  5674  5722 I CompanionDeviceManagerService: onPackageModified() u0/com.microsoft.office.officehubrow
07-10 01:25:33.974  5674  5674 I AppWidgetServiceImpl: Received broadcast: android.intent.action.PACKAGE_CHANGED, Updates all providers with com.microsoft.office.officehubrow, userId: 0
07-10 01:25:33.977  6429  6429 D CarrierSvcBindHelper: onPackageModified: com.microsoft.office.officehubrow
07-10 01:25:33.978  6429  6429 D CarrierSvcBindHelper: No carrier app for: 0
07-10 01:25:33.978  6429  6429 D CarrierSvcBindHelper: No carrier app for: 1
07-10 01:25:33.979  5674  5839 I RoleService: Granting default roles...
07-10 01:25:33.987 25568 25568 I SCS@AiSearch user 0: (PackageBroadcastReceiver) onReceive android.intent.action.PACKAGE_CHANGED
07-10 01:25:33.987  5262  5262 E audit   : type=1400 audit(1688945133.985:70030): avc:  granted  { execute } for  pid=27269 comm="cehubrow:remote" path="/data/data/com.microsoft.office.officehubrow/files/data/commonlibs/libmso20android.so" dev="sda32" ino=1155472 scontext=u:r:untrusted_app_30:s0:c7,c257,c512,c768 tcontext=u:object_r:app_data_file:s0:c7,c257,c512,c768 tclass=file SEPF_SM-A515F_13_0001 audit_filtered
07-10 01:25:33.997 25568 25568 I SCS@AiSearch user 0: (PackageBroadcastReceiver) packageName: com.microsoft.office.officehubrow
07-10 01:25:33.997 25568 25568 I SCS@AiSearch user 0: (PackageBroadcastReceiver) Packages changed: [com.microsoft.office.officehubrow]
07-10 01:25:34.014  5287  5287 D Zygote  : Forked child process 27310
07-10 01:25:34.015  5674  5739 E system_server: No package ID 7f found for ID 0x7f080c4b.
07-10 01:25:34.015  5674  5739 E system_server: No package ID 7f found for ID 0x7f1305e3.
07-10 01:25:34.016  6461  6461 D SPluginManagerImpl: onReceive: android.intent.action.PACKAGE_CHANGED, size:{com.android.systemui.navigationbar.plugin.PluginBarInteractionManager$pluginListener$1@29d45b4=SPluginInstanceManager@228256491 (action=com.samsung.systemui.navigationbar.PLUGIN), com.samsung.android.systemui.multistar.MultiStarManager$2@515c19c=SPluginInstanceManager@189517896 (action=com.samsung.systemui.action.PLUGIN_MULTISTAR), com.android.systemui.volume.VolumeStarInteractor$1@6bc134f=SPluginInstanceManager@141414113 (action=com.samsung.systemui.volume.PLUGIN), com.android.systemui.slimindicator.SlimIndicatorPluginMediator@77b7710=SPluginInstanceManager@248501254 (action=com.samsung.systemui.action.SPLUGIN_SLIMINDICATOR), com.android.systemui.lockstar.PluginLockStarManager@815bda5=SPluginInstanceManager@62606023 (action=com.samsung.systemui.action.PLUGIN_LOCK_STAR), com.android.systemui.pluginlock.PluginLockMediatorImpl@bb386a6=SPluginInstanceManager@74557684 (action=com.samsung.systemui.action.PLUGIN_LOCK), com.android.systemui.noticenter.NotiCenterPlugin$NotiCenterPluginListener@e409ddc=SPluginInstanceManager@110589981 (action=com.samsung.systemui.action.PLUGIN_NOTICENTER)}
07-10 01:25:34.016 25568 25568 I SCS@AiSearch user 0: (AppsDataObserver) scheduling worker CMD_UPDATE_LIST
07-10 01:25:34.029  6461  6461 D KeyguardUpdateMonitor: received broadcast android.intent.action.PACKAGE_CHANGED
07-10 01:25:34.033  6429  6429 D ImsResolver: maybeAddedImsService, packageName: com.microsoft.office.officehubrow
07-10 01:25:34.034  6461  6608 D PluginInstanceManager: queryPkg com.microsoft.office.officehubrow com.android.systemui.action.PLUGIN_GLOBAL_ACTIONS
07-10 01:25:34.035  6461  6608 D PluginInstanceManager: queryPkg com.microsoft.office.officehubrow com.android.systemui.action.PLUGIN_NOTIFICATION_MENU_ROW
07-10 01:25:34.041  5674  5739 E system_server: No package ID 7f found for ID 0x7f0809dd.
07-10 01:25:34.043  5674  5739 E system_server: No package ID 7f found for ID 0x7f1304b1.
07-10 01:25:34.043  6461  6608 D PluginInstanceManager: queryPkg com.microsoft.office.officehubrow com.samsung.systemui.action.PLUGIN_VIEW_COVER
07-10 01:25:34.043  6461  6608 D PluginInstanceManager: Too many of com.samsung.systemui.action.PLUGIN_VIEW_COVER
07-10 01:25:34.043  5674  5842 D SEP_UNION_SemDeviceInfoManagerService: sendIntentAction() action = android.intent.action.PACKAGE_CHANGED, tag =
07-10 01:25:34.043  6461  6608 D PluginInstanceManager: queryPkg com.microsoft.office.officehubrow com.android.systemui.action.PLUGIN_NOTIFICATION_MENU_ROW
07-10 01:25:34.043  6461  6608 D PluginInstanceManager: queryPkg com.microsoft.office.officehubrow com.android.systemui.action.PLUGIN_TOAST
07-10 01:25:34.044  6461  6608 D PluginInstanceManager: queryPkg com.microsoft.office.officehubrow com.android.systemui.action.PLUGIN_OVERLAY
07-10 01:25:34.044  6461  6608 D PluginInstanceManager: queryPkg com.microsoft.office.officehubrow com.samsung.systemui.action.PLUGIN_FACE_WIDGET
07-10 01:25:34.044  6461  6608 D PluginInstanceManager: Too many of com.samsung.systemui.action.PLUGIN_FACE_WIDGET
07-10 01:25:34.045  6461  6608 D PluginInstanceManager: queryPkg com.microsoft.office.officehubrow com.android.systemui.action.PLUGIN_NOTIFICATION_ASSISTANT
07-10 01:25:34.045  6461  6608 D PluginInstanceManager: queryPkg com.microsoft.office.officehubrow com.android.systemui.action.PLUGIN_QS
07-10 01:25:34.047  6461  6608 D PluginInstanceManager: queryPkg com.microsoft.office.officehubrow com.android.systemui.action.PLUGIN_LOCKSCREEN_RIGHT_BUTTON
07-10 01:25:34.047  6461  6608 D PluginInstanceManager: queryPkg com.microsoft.office.officehubrow com.android.systemui.action.PLUGIN_CLOCK
07-10 01:25:34.047  6461  6608 D PluginInstanceManager: queryPkg com.microsoft.office.officehubrow com.android.systemui.action.PLUGIN_NOTIFICATION_MENU_ROW
07-10 01:25:34.048  6461  6608 D PluginInstanceManager: queryPkg com.microsoft.office.officehubrow com.android.systemui.action.PLUGIN_NOTIFICATION_MENU_ROW
07-10 01:25:34.048  6461  6608 D PluginInstanceManager: queryPkg com.microsoft.office.officehubrow com.android.systemui.action.PLUGIN_NOTIFICATION_MENU_ROW
07-10 01:25:34.048  6461  6608 D PluginInstanceManager: queryPkg com.microsoft.office.officehubrow com.android.systemui.action.PLUGIN_LOCKSCREEN_LEFT_BUTTON
07-10 01:25:34.049  6461  6608 D PluginInstanceManager: queryPkg com.microsoft.office.officehubrow com.android.systemui.action.PLUGIN_NOTIFICATION_MENU_ROW
07-10 01:25:34.050  6461  6608 D PluginInstanceManager: queryPkg com.microsoft.office.officehubrow com.android.systemui.action.PLUGIN_CLOCK
07-10 01:25:34.050  6461  6608 D PluginInstanceManager: queryPkg com.microsoft.office.officehubrow com.android.systemui.action.PLUGIN_NOTIFICATION_MENU_ROW
07-10 01:25:34.050  6461  6608 D PluginInstanceManager: queryPkg com.microsoft.office.officehubrow com.android.systemui.action.PLUGIN_QS_FACTORY
07-10 01:25:34.050  6461  6608 D PluginInstanceManager: queryPkg com.microsoft.office.officehubrow com.android.systemui.action.PLUGIN_NOTIFICATION_MENU_ROW
07-10 01:25:34.050  6461  6608 D PluginInstanceManager: queryPkg com.microsoft.office.officehubrow com.android.systemui.action.PLUGIN_LOCKSCREEN_RIGHT_BUTTON
07-10 01:25:34.050  6461  6608 D PluginInstanceManager: queryPkg com.microsoft.office.officehubrow com.android.systemui.action.PEOPLE_HUB_PERSON_EXTRACTOR
07-10 01:25:34.050  6461  6608 D PluginInstanceManager: queryPkg com.microsoft.office.officehubrow com.android.systemui.action.PLUGIN_NOTIFICATION_MENU_ROW
07-10 01:25:34.051  6461  6608 D PluginInstanceManager: queryPkg com.microsoft.office.officehubrow com.android.systemui.action.PLUGIN_LOCKSCREEN_LEFT_BUTTON
07-10 01:25:34.051  6461  6608 D PluginInstanceManager: queryPkg com.microsoft.office.officehubrow com.android.systemui.action.PLUGIN_NOTIFICATION_MENU_ROW
07-10 01:25:34.051  6461  6608 D PluginInstanceManager: queryPkg com.microsoft.office.officehubrow com.android.systemui.action.PLUGIN_NOTIFICATION_MENU_ROW
07-10 01:25:34.051  6461  6608 D PluginInstanceManager: queryPkg com.microsoft.office.officehubrow com.android.systemui.action.PLUGIN_NOTIFICATION_MENU_ROW
07-10 01:25:34.051  6461  6608 D PluginInstanceManager: queryPkg com.microsoft.office.officehubrow com.android.systemui.action.PLUGIN_NOTIFICATION_MENU_ROW
07-10 01:25:34.051  6461  6608 D PluginInstanceManager: queryPkg com.microsoft.office.officehubrow com.android.systemui.action.PLUGIN_SENSOR_MANAGER
07-10 01:25:34.051  6461  6608 D PluginInstanceManager: queryPkg com.microsoft.office.officehubrow com.android.systemui.action.PLUGIN_NOTIFICATION_MENU_ROW
07-10 01:25:34.051  6461  6608 D PluginInstanceManager: queryPkg com.microsoft.office.officehubrow com.android.systemui.action.PLUGIN_NOTIFICATION_MENU_ROW
07-10 01:25:34.051  6461  6608 D PluginInstanceManager: queryPkg com.microsoft.office.officehubrow com.android.systemui.action.PLUGIN_NOTIFICATION_MENU_ROW
07-10 01:25:34.051  6461  6608 D PluginInstanceManager: queryPkg com.microsoft.office.officehubrow com.android.systemui.action.PLUGIN_VOLUME
07-10 01:25:34.051  6461  6608 D PluginInstanceManager: queryPkg com.microsoft.office.officehubrow com.android.systemui.action.PLUGIN_NOTIFICATION_MENU_ROW
07-10 01:25:34.051  6461  6608 D PluginInstanceManager: queryPkg com.microsoft.office.officehubrow com.android.systemui.action.PLUGIN_NOTIFICATION_MENU_ROW
07-10 01:25:34.051  6461  6608 D PluginInstanceManager: queryPkg com.microsoft.office.officehubrow com.android.systemui.action.PLUGIN_NOTIFICATION_MENU_ROW
07-10 01:25:34.053  6868  6868 D RegisteredNfcFServicesCache: Service unchanged, not updating
07-10 01:25:34.067  5287  5287 D Zygote  : Forked child process 27312
07-10 01:25:34.073  6365 16060 I DWBLocalPackageManager: onPackageAdded Already Exist : com.microsoft.office.officehubrow
07-10 01:25:34.079  5674  6523 D PackageManager: setEnabledSetting : userId = 0 packageName = com.samsung.android.scs cmp = androidx.work.impl.background.systemalarm.RescheduleReceiver newState = 1 callingPackage = 10380/com.samsung.android.scs
07-10 01:25:34.085  5674  6523 D ApplicationPolicy: getApplicationStateEnabled : pkg = com.samsung.android.scs userId : 0
07-10 01:25:34.087  5674  6523 D ApplicationPolicy: getApplicationComponentState : pkg = com.samsung.android.scs userId : 0
07-10 01:25:34.095 27310 27310 I ssioncontroller: Using CollectorTypeCC GC.
07-10 01:25:34.102  6461  6461 D FaceWidgetMetadataParser: updatePackage() com.microsoft.office.officehubrow false
07-10 01:25:34.109  5674  5745 W libprocessgroup: Failed to open /dev/blkio//cgroup.procs: No such file or directory
07-10 01:25:34.112  5353  5543 D AF::TrackHandle: OpPlayAudio: track:829 usage:2 not muted
07-10 01:25:34.113  5353  5543 D AF::TrackHandle: OpPlayAudio: track:829 usage:2 not muted
07-10 01:25:34.121  5353  5543 D AF::TrackHandle: OpPlayAudio: track:829 usage:2 not muted
07-10 01:25:34.123  6461  6461 W FaceWidgetMetadataParser: updatePackage() there is no metadata
07-10 01:25:34.123  6461  6461 D FaceWidgetMetadataParser: removePackage() key = com.microsoft.office.officehubrow
07-10 01:25:34.124  5353  5543 D AF::TrackHandle: OpPlayAudio: track:829 usage:2 not muted
07-10 01:25:34.137  5353  5543 D AF::TrackHandle: OpPlayAudio: track:829 usage:2 not muted
07-10 01:25:34.137 27312 27312 I nder:appservice: Using CollectorTypeCC GC.
07-10 01:25:34.144 27310 27310 E ssioncontroller: Not starting debugger since process cannot load the jdwp agent.
07-10 01:25:34.150 16924 27313 I Fitness : (REDACTED) OnPackageChangedOperation got intent: %s
07-10 01:25:34.152  5674  5878 I InputReader: Reconfiguring input devices, changes=KEYBOARD_LAYOUTS |
07-10 01:25:34.164 27312 27312 E nder:appservice: Not starting debugger since process cannot load the jdwp agent.
07-10 01:25:34.183 27310 27310 W libc    : Access denied finding property "sys.perf.boostopt"
07-10 01:25:34.193 27312 27312 W libc    : Access denied finding property "sys.perf.boostopt"
07-10 01:25:34.196 27312 27342 W libc    : Access denied finding property "sys.perf.boostopt"
07-10 01:25:34.196 27310 27340 W libc    : Access denied finding property "sys.perf.boostopt"
07-10 01:25:34.197 27312 27312 D ActivityThread: setConscryptValidator
07-10 01:25:34.197 27312 27312 D ActivityThread: setConscryptValidator - put
07-10 01:25:34.198 27310 27310 D ActivityThread: setConscryptValidator
07-10 01:25:34.198 27310 27310 D ActivityThread: setConscryptValidator - put
07-10 01:25:34.206 16924 27313 I Fitness : (REDACTED) FitCleanupIntentOperation received Intent %s
07-10 01:25:34.209 27312 27343 W libc    : Access denied finding property "sys.perf.boostopt"
07-10 01:25:34.211  5353  5543 V APM_AudioPolicyManager: setAppState(portId:1005, state:1)
07-10 01:25:34.213 27312 27312 D CompatibilityChangeReporter: Compat change id reported: 171979766; UID 10077; state: ENABLED
07-10 01:25:34.221  5353  6075 V APM_AudioPolicyManager: setAppState(portId:1005, state:1)
07-10 01:25:34.221  5353  6075 V APM_AudioPolicyManager: setAppState(portId:1005, state:1)
07-10 01:25:34.222 27310 27340 W libc    : Access denied finding property "sys.perf.boostopt"
07-10 01:25:34.229 27310 27310 D CompatibilityChangeReporter: Compat change id reported: 171979766; UID 10086; state: ENABLED
07-10 01:25:34.265 27310 27310 D nativeloader: Configuring classloader-namespace-shared for other apk /system/framework/org.apache.http.legacy.jar. target_sdk_version=33, uses_libraries=ALL, library_path=/apex/com.android.permission/priv-app/GooglePermissionController@331812030/lib/arm64:/system/lib64:/system/system_ext/lib64, permitted_path=/data:/mnt/expand:/data/user_de/0/com.google.android.permissioncontroller:/apex/com.android.permission/priv-app/GooglePermissionController@331812030:/system/lib64:/system/system_ext/lib64
07-10 01:25:34.266 27310 27310 D nativeloader: Extending system_exposed_libraries: libhumantracking.arcsoft.so:libPortraitDistortionCorrection.arcsoft.so:libPortraitDistortionCorrectionCali.arcsoft.so:libface_landmark.arcsoft.so:libFacialStickerEngine.arcsoft.so:libveengine.arcsoft.so:liblow_light_hdr.arcsoft.so:libhigh_dynamic_range.arcsoft.so:libFacialAttributeDetection.arcsoft.so:libBeauty_v4.camera.samsung.so:libexifa.camera.samsung.so:libjpega.camera.samsung.so:libOpenCv.camera.samsung.so:libImageScreener.camera.samsung.so:libMyFilter.camera.samsung.so:libtensorflowLite.myfilter.camera.samsung.so:libtensorflowlite_inference_api.myfilter.camera.samsung.so:libEventFinder.camera.samsung.so:libHIDTSnapJNI.camera.samsung.so:libSmartScan.camera.samsung.so:libRectify.camera.samsung.so:libDocRectifyWrapper.camera.samsung.so:libUltraWideDistortionCorrection.camera.samsung.so:libHpr_RecGAE_cvFeature_v1.0.camera.samsung.so:libHprFace_GAE_api.camera.samsung.so:libFace_Landmark_API.camera.samsung.so:libHprFace_GAE_jni.camera.samsung.so:libFacialBasedSelfieCorrec
07-10 01:25:34.269  5674  6112 I ChimeraAggressivePolicyHandler: executePolicy() - triggerSource: TRIGGER_SOURCE_LMKD
07-10 01:25:34.275  5674  6112 I ChimeraAggressivePolicyHandler: available memory: 1050504, free memory target: 870400, quit chimera
07-10 01:25:34.299 27310 27310 D nativeloader: Configuring classloader-namespace-shared for other apk /apex/com.android.permission/priv-app/GooglePermissionController@331812030/GooglePermissionController.apk. target_sdk_version=33, uses_libraries=, library_path=/apex/com.android.permission/priv-app/GooglePermissionController@331812030/lib/arm64:/system/lib64:/system/system_ext/lib64, permitted_path=/data:/mnt/expand:/data/user_de/0/com.google.android.permissioncontroller:/apex/com.android.permission/priv-app/GooglePermissionController@331812030:/system/lib64:/system/system_ext/lib64
07-10 01:25:34.344 16924 23246 I BluetoothAdapter: STATE_ON
07-10 01:25:34.373 16924 23246 I BluetoothAdapter: STATE_ON
07-10 01:25:34.402 16924 23246 W ChimeraUtils: Module com.google.android.gms.nearby_en missing resource null(0)
07-10 01:25:34.447 27310 27310 V GraphicsEnvironment: ANGLE Developer option for 'com.google.android.permissioncontroller' set to: 'default'
07-10 01:25:34.449 27310 27310 V GraphicsEnvironment: ANGLE GameManagerService for com.google.android.permissioncontroller: false
07-10 01:25:34.449 27310 27310 V GraphicsEnvironment: Neither updatable production driver nor prerelease driver is supported.
07-10 01:25:34.451 16924 23246 W ChimeraUtils: Module com.google.android.gms.nearby_en missing resource null(0)
07-10 01:25:34.464 16924 23246 W ChimeraUtils: Module com.google.android.gms.nearby_en missing resource null(0)
07-10 01:25:34.465 27310 27310 D NetworkSecurityConfig: No Network Security Config specified, using platform default
07-10 01:25:34.470 27310 27310 D NetworkSecurityConfig: No Network Security Config specified, using platform default
07-10 01:25:34.485 29666 29710 I LauncherProvider: External provider call by package : com.samsung.android.app.galaxyfinder  for method : get_home_mode
07-10 01:25:34.488 29666 29710 I ExternalMethodFactory: get_home_mode
07-10 01:25:34.494  5674  5690 I system_server: Background young concurrent copying GC freed 397813(19MB) AllocSpace objects, 67(1864KB) LOS objects, 15% free, 106MB/125MB, paused 1.752ms,1.325ms total 215.201ms
07-10 01:25:34.497 27123 27137 W libc    : Access denied finding property "sys.perf.boostopt"
07-10 01:25:34.501  5674  5692 W System  : A resource failed to call close.
07-10 01:25:34.502  5674  5692 W System  : A resource failed to call close.
07-10 01:25:34.512 29789 24698 I Icing   : IndexChimeraService.getServiceInterface callingPackage=com.google.android.gms componentName=AppsCorpus serviceId=36
07-10 01:25:34.583 27310 27310 D SemCarrierFeature: update default carrier features
07-10 01:25:34.584 27310 27310 D FeatureUtil: filePath /optics/configs/carriers/single/SER/conf/system/customer_carrier_feature.json carrierGroup SER canonicalId -1
07-10 01:25:34.588 27310 27310 D FeatureUtil: filePath /omr/carrier/0/customer_carrier_feature.json carrierGroup SER canonicalId -1
07-10 01:25:34.588 27310 27310 W FeatureUtil: files does not exist from /omr/carrier/0/customer_carrier_feature.json
07-10 01:25:34.588 27310 27310 D SemCarrierFeature: update carrier features : 0/1016
07-10 01:25:34.588 27310 27310 D FeatureUtil: filePath /optics/configs/carriers/single/SER/conf/system/customer_carrier_feature.json carrierGroup SER canonicalId 1016
07-10 01:25:34.589 27310 27310 D FeatureUtil: filePath /omr/carrier/0/customer_carrier_feature.json carrierGroup SER canonicalId 1016
07-10 01:25:34.589 27310 27310 W FeatureUtil: files does not exist from /omr/carrier/0/customer_carrier_feature.json
07-10 01:25:34.589 27310 27310 D SemCarrierFeature: update default carrier features
07-10 01:25:34.590 27310 27310 D FeatureUtil: filePath /optics/configs/carriers/single/SER/conf/system/customer_carrier_feature.json carrierGroup SER canonicalId -1
07-10 01:25:34.590 27310 27310 D FeatureUtil: filePath /omr/carrier/1/customer_carrier_feature.json carrierGroup SER canonicalId -1
07-10 01:25:34.591 27310 27310 W FeatureUtil: files does not exist from /omr/carrier/1/customer_carrier_feature.json
07-10 01:25:34.591 27310 27310 D SemCarrierFeature: update carrier features : 1/30581
07-10 01:25:34.591 27310 27310 D FeatureUtil: filePath /optics/configs/carriers/single/SER/conf/system/customer_carrier_feature.json carrierGroup SER canonicalId 30581
07-10 01:25:34.592 27310 27310 D FeatureUtil: filePath /omr/carrier/1/customer_carrier_feature.json carrierGroup SER canonicalId 30581
07-10 01:25:34.592 27310 27310 W FeatureUtil: files does not exist from /omr/carrier/1/customer_carrier_feature.json
07-10 01:25:34.599  5674  9950 D PackageManager: setEnabledSetting : userId = 0 packageName = com.google.android.permissioncontroller cmp = com.android.permissioncontroller.role.ui.SpecialAppAccessListActivity newState = 2 callingPackage = 10086/com.google.android.permissioncontroller
07-10 01:25:34.648 27310 27348 I PermissionControllerServiceImpl: Updating user sensitive for uid 10263
07-10 01:25:34.701 29666 29710 I LauncherProvider: External provider call by package : com.samsung.android.app.galaxyfinder  for method : get_home_mode
07-10 01:25:34.701 29666 29710 I ExternalMethodFactory: get_home_mode
07-10 01:25:34.735 27310 27367 W Role    : Default holder doesn't have required signing certificate: com.google.android.apps.work.clouddpc:23962F4B43B9857638EA66F4D419518EAE282491ACDA4B94707BD59003C45E58
07-10 01:25:34.770 27269 27269 I ExceptionHandler: JNI_OnLoad()
07-10 01:25:34.809 27269 27269 I ExceptionHandler: NativeCrashManager: Logcat log collection is disabled.
07-10 01:25:34.843 27269 27380 D ConnectivityManager: StackLog: [android.net.ConnectivityManager.sendRequestForNetwork(ConnectivityManager.java:4300)] [android.net.ConnectivityManager.sendRequestForNetwork(ConnectivityManager.java:4342)] [android.net.ConnectivityManager.registerNetworkCallback(ConnectivityManager.java:4724)] [android.net.ConnectivityManager.registerNetworkCallback(ConnectivityManager.java:4694)] [ahb.<init>(Unknown Source:51)] [cxg.run(Unknown Source:2216)]
07-10 01:25:34.853  5674  6055 D ConnectivityService: Rematched networks [computed 1ms] [applied 1ms] [issued 4]
07-10 01:25:34.853  5674  6055 D ConnectivityService: NetworkReassignment : no changes
07-10 01:25:34.961 27269 27386 I RegistryDBUtilities: Registry Database is disabled.
07-10 01:25:34.961 27269 27386 I RegistryDBUtilities: Registry Database is disabled.
07-10 01:25:34.961 27269 27386 I RegistryDBUtilities: Registry Database is disabled.
07-10 01:25:34.984 27269 27386 I RegistryDBUtilities: Registry Database is disabled.
07-10 01:25:34.988 27269 27390 I AriaNotificationsManager: Aria NotificationsListener already unregistered
07-10 01:25:34.999 27269 27269 E 0:533663524096: :platstubs.cpp,Line#543:FreeLibrary NOTIMPL
07-10 01:25:35.019 31102 31266 I Finsky  : [127] nlb.run(33): Stats for Executor: BlockingExecutor nls@dc8ff8d[Running, pool size = 0, active threads = 0, queued tasks = 0, completed tasks = 127]
07-10 01:25:35.022 31102 31266 I Finsky  : [127] nlb.run(33): Stats for Executor: LightweightExecutor nls@7ff542[Running, pool size = 4, active threads = 0, queued tasks = 0, completed tasks = 2713]
07-10 01:25:35.023 31102 31266 I Finsky  : [127] nlb.run(33): Stats for Executor: bgExecutor nls@641b953[Running, pool size = 4, active threads = 0, queued tasks = 0, completed tasks = 10707]
07-10 01:25:35.089 29789   354 I GmsCoreXrpcWrapper: (REDACTED) Returning a channel provider with trafficStatsTag=%d trafficStatsUid=%d
07-10 01:25:35.096 29789 29789 D BoundBrokerSvc: onBind: Intent { act=com.google.android.gms.feedback.internal.IFeedbackService dat=chimera-action:/... cmp=com.google.android.gms/.chimera.GmsBoundBrokerService }
07-10 01:25:35.097 29789 29789 D BoundBrokerSvc: Loading bound service for intent: Intent { act=com.google.android.gms.feedback.internal.IFeedbackService dat=chimera-action:/... cmp=com.google.android.gms/.chimera.GmsBoundBrokerService }
07-10 01:25:35.156 27269 27269 V CXA_THROW: Hitting __cxa_throw
07-10 01:25:35.156 27269 27269 V CXA_THROW: SetLastExceptionInfoForThread: Called
07-10 01:25:35.156 27269 27269 V CXA_THROW: SetLastExceptionInfoForThread: Creating entry for first time.
07-10 01:25:35.221 27269 27269 I CXA_THROW: SetLastExceptionInfoForThread: TLS entry updated.
07-10 01:25:35.223 27269 27269 V CXA_THROW: __cxa_throw not yet loaded, calling LoadOriginalThrowCode
07-10 01:25:35.223 27269 27269 V CXA_THROW: Trying to load __cxa_throw
07-10 01:25:35.223 27269 27269 I SharedLibraryLoader: loadCommonLibrary. Start dlopen(c++_shared, 1)
07-10 01:25:35.225 27269 27269 I SharedLibraryLoader: loadCommonLibrary. dlopen(/data/user/0/com.microsoft.office.officehubrow/files/data/applibs/libc++_shared.so, 1) successful. handle=0x1680ec8d02993acd
07-10 01:25:35.225 27269 27269 I SharedLibraryLoader: loadCommonLibrary. dlopen(c++_shared, 1) successful. handle=0x1680ec8d02993acd
07-10 01:25:35.225 27269 27269 I SharedLibraryLoader: loadCommonLibrary. End dlopen(c++_shared, 1)
07-10 01:25:35.225 27269 27269 I CXA_THROW: Successfully loaded __cxa_throw from libc++
07-10 01:25:35.240 27269 27269 V CXA_THROW: Hitting __cxa_throw
07-10 01:25:35.241 27269 27269 V CXA_THROW: SetLastExceptionInfoForThread: Called
07-10 01:25:35.249 27269 27269 I CXA_THROW: SetLastExceptionInfoForThread: TLS entry updated.
07-10 01:25:35.251 27269 27269 V CXA_THROW: __cxa_throw: Already loaded
07-10 01:25:35.261 27269 27269 V CXA_THROW: Hitting __cxa_throw
07-10 01:25:35.261 27269 27269 V CXA_THROW: SetLastExceptionInfoForThread: Called
07-10 01:25:35.270 27269 27269 I CXA_THROW: SetLastExceptionInfoForThread: TLS entry updated.
07-10 01:25:35.271  5674  6213 D NetdEventListenerService: DNS Requested by : 118, 10263
07-10 01:25:35.271 27269 27386 D TrafficStats: tagSocket(109) with statsTag=0xffffffff, statsUid=-1
07-10 01:25:35.281 27269 27269 V CXA_THROW: __cxa_throw: Already loaded
07-10 01:25:35.284 27312 27312 I Process : Sending signal. PID: 27312 SIG: 9
07-10 01:25:35.301 27269 27269 V CXA_THROW: Hitting __cxa_throw
07-10 01:25:35.301 27269 27269 V CXA_THROW: SetLastExceptionInfoForThread: Called
07-10 01:25:35.334  5287  5287 I Zygote  : Process 27312 exited due to signal 9 (Killed)
07-10 01:25:35.336 27269 27269 I CXA_THROW: SetLastExceptionInfoForThread: TLS entry updated.
07-10 01:25:35.342  5674  5743 I libprocessgroup: Successfully killed process cgroup uid 10077 pid 27312 in 6ms
07-10 01:25:35.351 27269 27269 V CXA_THROW: __cxa_throw: Already loaded
07-10 01:25:35.355 27269 27269 V CXA_THROW: Hitting __cxa_throw
07-10 01:25:35.355 27269 27269 V CXA_THROW: SetLastExceptionInfoForThread: Called
07-10 01:25:35.364 16924 16924 D BoundBrokerSvc: onBind: Intent { act=com.google.android.gms.icing.LIGHTWEIGHT_INDEX_SERVICE dat=chimera-action:/... cmp=com.google.android.gms/.chimera.PersistentApiService }
07-10 01:25:35.364 16924 16924 D BoundBrokerSvc: Loading bound service for intent: Intent { act=com.google.android.gms.icing.LIGHTWEIGHT_INDEX_SERVICE dat=chimera-action:/... cmp=com.google.android.gms/.chimera.PersistentApiService }
07-10 01:25:35.380 27269 27269 I CXA_THROW: SetLastExceptionInfoForThread: TLS entry updated.
07-10 01:25:35.382 27269 27269 V CXA_THROW: __cxa_throw: Already loaded
07-10 01:25:35.398 27269 27269 I ExceptionHandler: NativeCrashManager: Logcat log collection is disabled.
07-10 01:25:35.416  5674  5745 W libprocessgroup: Failed to open /dev/blkio//cgroup.procs: No such file or directory
07-10 01:25:35.462 29789 30327 I Icing   : IndexChimeraService.getServiceInterface callingPackage=com.google.android.gms componentName=null serviceId=30
07-10 01:25:35.492 29789   354 I Icing   : Usage reports ok 0, Failed Usage reports 0, indexed 0, rejected 0
07-10 01:25:35.528 27269 27269 I ExceptionHandler: Breakpad library has been set up.
07-10 01:25:35.570 27269 27390 I TrafficStats: untagSocket(109)
07-10 01:25:35.620 29789   354 I GmsCoreXrpcWrapper: (REDACTED) Returning a channel provider with trafficStatsTag=%d trafficStatsUid=%d
07-10 01:25:35.649 29789   354 I Icing   : Usage reports ok 0, Failed Usage reports 0, indexed 0, rejected 0
07-10 01:25:35.657 29789   354 I Icing   : Indexing com.google.android.gms-apps from com.google.android.gms
07-10 01:25:35.689 29789   354 I Icing   : Indexing done com.google.android.gms-apps
07-10 01:25:35.910 27269 27385 E AtomicFile: Failed to sync file output stream
07-10 01:25:36.038 25568 27418 I SCS@AiSearch user 0: (AppsDataWorker) [androidx.work-4] entering in doWork():
07-10 01:25:36.045 25568 27418 I SCS@AiSearch user 0: (AppsDataObserver) [androidx.work-4] entering in execute():
07-10 01:25:36.048 25568 27418 I SCS@AiSearch user 0: (AppsDataObserver-CMD_UPDATE_LIST) changed package count: 1
07-10 01:25:36.075  6461  6566 D MobileStatusTracker(1/2): onSignalStrengthsChanged level=3, vendorLevel=2
07-10 01:25:36.078  6461  6566 D MobileSignalController(1/2): notifyListener: enabled=true, connected=true, dataConnected=false, networkType=LTE (4G), emergencyOnly=false, roaming=false, isDefault=false, dataActivity=, level=2, ca=false, mmWave=false, disabledDataIcon=false, simCard=ETC
07-10 01:25:36.080  6461  6566 D NetworkController: SignalStrength from intent slotId=1
07-10 01:25:36.165 25568 27418 I SCS@AiSearch user 0: (AppsDataObserver) [androidx.work-4] leaving from execute():  result is true
07-10 01:25:36.165 25568 27418 I SCS@AiSearch user 0: (AppsDataWorker) [androidx.work-4] leaving from doWork():
07-10 01:25:36.166 25568 25605 I WM-WorkerWrapper: Worker result SUCCESS for Work [ id=bcd6565e-9370-423f-857f-8e3408e368e9, tags={ com.samsung.android.scs.ai.search.scheduling.workers.AppsDataWorker, CMD_UPDATE_LIST } ]
07-10 01:25:36.183  9837 10033 I SemDvfsHyPerManager: acquire hyper - SIOP_GPU_FREQ_MAX/9837@4, type = 536875010
07-10 01:25:36.183  9837 10033 I SemDvfsHyPerManager: acquire hyper - SIOP_ARM_MAX/9837@2, type = 301993986
07-10 01:25:36.183  5313  5394 I HYPER-HAL: [RequestManager.cpp]acquire(): Acquired ID : 48427565  [9837 / 4]    HINT :      list : [GPUMaxFreq / 949000]
07-10 01:25:36.184  5313  5394 I HYPER-HAL: [RequestManager.cpp]acquire(): Acquired ID : 48407882  [9837 / 2]    HINT :      list : [CPUMaxFreq / 2184000]
07-10 01:25:36.373  5674  7726 D SemWifiUsabilityStatsMonitor: onWifiUsabilityStats - seqNum 21929, isSameBssidAndFreq true
07-10 01:25:36.374  5674  6128 I SemWifiLinkQualityMonitor: Link Qos Query: 0.070 ms / 113.951 Mbps (292 / 0.000 / 2.563)
07-10 01:25:36.845  5674  5739 I SearchManagerService: updateSearchables
07-10 01:25:36.864 29666 29666 I Launcher.Model: isValidStateInKnoxMode:false user:UserHandle{0}
07-10 01:25:36.865 29666 29666 I Launcher.Model: package changed received : com.microsoft.office.officehubrow
07-10 01:25:36.892 29666 29751 I PackageUpdatedTask: mAllAppsList.updatePackage com.microsoft.office.officehubrow
07-10 01:25:37.003 29666 29751 I AppIconSolution: getThemeIconWithBG called with public API, pkg = com.microsoft.office.officehubrow, mode = 48
07-10 01:25:37.005 29666 29751 I AppIconSolution: return adaptive icon for com.microsoft.office.officehubrow, isNight = true
07-10 01:25:37.006 29666 29751 I LauncherActivityInfo: packageName: com.microsoft.office.officehubrow, useThemeIcon: false, height: 189, width: 189, density: 640
07-10 01:25:37.053 29666 29751 I HsAllAppsList: set ComponentInfo{com.microsoft.office.officehubrow/com.microsoft.office.officesuite.OfficeSuiteActivity} app progress level to 100
07-10 01:25:37.065 29666 29751 I WidgetsModel: EasyModeWidget will be excluded on WidgetList.
07-10 01:25:37.078 29666 29751 I AppIconSolution: return adaptive icon for com.microsoft.office.officehubrow, isNight = true
07-10 01:25:37.140 29666 29751 I PackageUpdatedTask: modified, appInfo : AppInfo(id=103 type=APP hidden=0 container=all_apps screen=2 rank=11 rankOfList=-1 user=UserHandle{0} title=Microsoft 365 (Office) componentName=ComponentInfo{com.microsoft.office.officehubrow/com.microsoft.office.officesuite.OfficeSuiteActivity} screenType=0 runtimeStatusFlags=384 status=0)
07-10 01:25:37.146 29666 29751 I AppsModelWriter: updateItems(start) : needToNormalize = true
07-10 01:25:37.146 29666 29751 I AppsModelWriter: updateItems(start) > needToBind = true
07-10 01:25:37.147 29666 29751 I AppsModelWriter: updateItems(start)> 0, 103, 0, -102, 2, 11, UserHandle{0}, 0, Microsoft 365 (Office), -1, -1
07-10 01:25:37.149 29666 29751 I AppsModelWriter: normalizeVisibleItems : [matched = true] col = 5, raw : 6
07-10 01:25:37.153 29666 29751 I AppsModelWriter: normalizeVisibleItems(visibleItems)> 0, 46, 2, -102, 0, 0, UserHandle{0}, 0, Google, -1, -1
07-10 01:25:37.153 29666 29751 I AppsModelWriter: normalizeVisibleItems(visibleItems)> 0, 36, 2, -102, 0, 1, UserHandle{0}, 0, Samsung, -1, -1
07-10 01:25:37.153 29666 29751 I AppsModelWriter: normalizeVisibleItems(visibleItems)> 0, 160, 0, -102, 0, 2, UserHandle{0}, 0, 3D Calculator, -1, -1
07-10 01:25:37.153 29666 29751 I AppsModelWriter: normalizeVisibleItems(visibleItems)> 0, 202, 0, -102, 0, 3, UserHandle{0}, 0, Adobe Acrobat, -1, -1
07-10 01:25:37.153 29666 29751 I AppsModelWriter: normalizeVisibleItems(visibleItems)> 0, 286, 0, -102, 0, 4, UserHandle{0}, 0, AnkiDroid, -1, -1
07-10 01:25:37.153 29666 29751 I AppsModelWriter: normalizeVisibleItems(visibleItems)> 0, 176, 0, -102, 0, 5, UserHandle{0}, 0, App Center, -1, -1
07-10 01:25:37.153 29666 29751 I AppsModelWriter: normalizeVisibleItems(visibleItems)> 0, 250, 0, -102, 0, 6, UserHandle{0}, 0, AR Zone, -1, -1
07-10 01:25:37.153 29666 29751 I AppsModelWriter: normalizeVisibleItems(visibleItems)> 0, 161, 0, -102, 0, 7, UserHandle{0}, 0, Assistant, -1, -1
07-10 01:25:37.153 29666 29751 I AppsModelWriter: normalizeVisibleItems(visibleItems)> 0, 180, 0, -102, 0, 8, UserHandle{0}, 0, Authenticator, -1, -1
07-10 01:25:37.153 29666 29751 I AppsModelWriter: normalizeVisibleItems(visibleItems)> 0, 249, 0, -102, 0, 9, UserHandle{0}, 0, Benchmark, -1, -1
07-10 01:25:37.153 29666 29751 I AppsModelWriter: normalizeVisibleItems(visibleItems)> 0, 270, 0, -102, 0, 10, UserHandle{0}, 0, BeoGRADSKI prevoz, -1, -1
07-10 01:25:37.153 29666 29751 I AppsModelWriter: normalizeVisibleItems(visibleItems)> 0, 277, 0, -102, 0, 11, UserHandle{0}, 0, Bing, -1, -1
07-10 01:25:37.153 29666 29751 I AppsModelWriter: normalizeVisibleItems(visibleItems)> 0, 111, 0, -102, 0, 12, UserHandle{0}, 0, Browser, -1, -1
07-10 01:25:37.153 29666 29751 I AppsModelWriter: normalizeVisibleItems(visibleItems)> 0, 93, 0, -102, 0, 13, UserHandle{0}, 0, Calculator, -1, -1
07-10 01:25:37.153 29666 29751 I AppsModelWriter: normalizeVisibleItems(visibleItems)> 0, 158, 0, -102, 0, 14, UserHandle{0}, 0, Calculator, -1, -1
07-10 01:25:37.153 29666 29751 I AppsModelWriter: normalizeVisibleItems(visibleItems)> 0, 74, 0, -102, 0, 15, UserHandle{0}, 0, Calendar, -1, -1
07-10 01:25:37.153 29666 29751 I AppsModelWriter: normalizeVisibleItems(visibleItems)> 0, 224, 0, -102, 0, 16, UserHandle{0}, 0, Calendar, -1, -1
07-10 01:25:37.153 29666 29751 I AppsModelWriter: normalizeVisibleItems(visibleItems)> 0, 69, 0, -102, 0, 17, UserHandle{0}, 0, Camera, -1, -1
07-10 01:25:37.153 29666 29751 I AppsModelWriter: normalizeVisibleItems(visibleItems)> 0, 204, 0, -102, 0, 18, UserHandle{0}, 0, Canon Print Service, -1, -1
07-10 01:25:37.153 29666 29751 I AppsModelWriter: normalizeVisibleItems(visibleItems)> 0, 236, 0, -102, 0, 19, UserHandle{0}, 0, CAR:GO, -1, -1
07-10 01:25:37.153 29666 29751 I AppsModelWriter: normalizeVisibleItems(visibleItems)> 0, 116, 0, -102, 0, 20, UserHandle{0}, 0, CDE ITMO, -1, -1
07-10 01:25:37.153 29666 29751 I AppsModelWriter: normalizeVisibleItems(visibleItems)> 0, 71, 0, -102, 0, 21, UserHandle{0}, 0, Clock, -1, -1
07-10 01:25:37.153 29666 29751 I AppsModelWriter: normalizeVisibleItems(visibleItems)> 0, 178, 0, -102, 0, 22, UserHandle{0}, 0, Cloud Mail.ru, -1, -1
07-10 01:25:37.153 29666 29751 I AppsModelWriter: normalizeVisibleItems(visibleItems)> 0, 72, 0, -102, 0, 23, UserHandle{0}, 0, Contacts, -1, -1
07-10 01:25:37.153 29666 29751 I AppsModelWriter: normalizeVisibleItems(visibleItems)> 0, 195, 0, -102, 0, 24, UserHandle{0}, 0, Contacts, -1, -1
07-10 01:25:37.153 29666 29751 I AppsModelWriter: normalizeVisibleItems(visibleItems)> 0, 151, 0, -102, 0, 25, UserHandle{0}, 0, Cxxdroid, -1, -1
07-10 01:25:37.153 29666 29751 I AppsModelWriter: normalizeVisibleItems(visibleItems)> 0, 193, 0, -102, 0, 26, UserHandle{0}, 0, Dcoder, -1, -1
07-10 01:25:37.153 29666 29751 I AppsModelWriter: normalizeVisibleItems(visibleItems)> 0, 266, 0, -102, 0, 27, UserHandle{0}, 0, Digital Wellbeing, -1, -1
07-10 01:25:37.154 29666 29751 I AppsModelWriter: normalizeVisibleItems(visibleItems)> 0, 118, 0, -102, 0, 28, UserHandle{0}, 0, Discord, -1, -1
07-10 01:25:37.154 29666 29751 I AppsModelWriter: normalizeVisibleItems(visibleItems)> 0, 171, 0, -102, 0, 29, UserHandle{0}, 0, Docs, -1, -1
07-10 01:25:37.154 29666 29751 I AppsModelWriter: normalizeVisibleItems(visibleItems)> 0, 268, 0, -102, 1, 0, UserHandle{0}, 0, DontKillMyApp, -1, -1
07-10 01:25:37.154 29666 29751 I AppsModelWriter: normalizeVisibleItems(visibleItems)> 0, 86, 0, -102, 1, 1, UserHandle{0}, 0, Drive, -1, -1
07-10 01:25:37.154 29666 29751 I AppsModelWriter: normalizeVisibleItems(visibleItems)> 0, 166, 0, -102, 1, 2, UserHandle{0}, 0, DuckDuckGo, -1, -1
07-10 01:25:37.154 29666 29751 I AppsModelWriter: normalizeVisibleItems(visibleItems)> 0, 253, 0, -102, 1, 3, UserHandle{0}, 0, Duolingo, -1, -1
07-10 01:25:37.154 29666 29751 I AppsModelWriter: normalizeVisibleItems(visibleItems)> 0, 279, 0, -102, 1, 4, UserHandle{0}, 0, Durak, -1, -1
07-10 01:25:37.154 29666 29751 I AppsModelWriter: normalizeVisibleItems(visibleItems)> 0, 174, 0, -102, 1, 5, UserHandle{0}, 0, Excel, -1, -1
07-10 01:25:37.154 29666 29751 I AppsModelWriter: normalizeVisibleItems(visibleItems)> 0, 285, 0, -102, 1, 6, UserHandle{0}, 0, F-Droid, -1, -1
07-10 01:25:37.154 29666 29751 I AppsModelWriter: normalizeVisibleItems(visibleItems)> 0, 196, 0, -102, 1, 7, UserHandle{0}, 0, Files, -1, -1
07-10 01:25:37.154 29666 29751 I AppsModelWriter: normalizeVisibleItems(visibleItems)> 0, 145, 0, -102, 1, 8, UserHandle{0}, 0, Firefox, -1, -1
07-10 01:25:37.154 29666 29751 I AppsModelWriter: normalizeVisibleItems(visibleItems)> 0, 264, 0, -102, 1, 9, UserHandle{0}, 0, Flipd, -1, -1
07-10 01:25:37.154 29666 29751 I AppsModelWriter: normalizeVisibleItems(visibleItems)> 0, 263, 0, -102, 1, 10, UserHandle{0}, 0, Forest, -1, -1
07-10 01:25:37.154 29666 29751 I AppsModelWriter: normalizeVisibleItems(visibleItems)> 0, 63, 0, -102, 1, 11, UserHandle{0}, 0, Galaxy Store, -1, -1
07-10 01:25:37.154 29666 29751 I AppsModelWriter: normalizeVisibleItems(visibleItems)> 0, 94, 0, -102, 1, 12, UserHandle{0}, 0, Galaxy Wearable, -1, -1
07-10 01:25:37.154 29666 29751 I AppsModelWriter: normalizeVisibleItems(visibleItems)> 0, 70, 0, -102, 1, 13, UserHandle{0}, 0, Gallery, -1, -1
07-10 01:25:37.154 29666 29751 I AppsModelWriter: normalizeVisibleItems(visibleItems)> 0, 78, 0, -102, 1, 14, UserHandle{0}, 0, Game Launcher, -1, -1
07-10 01:25:37.154 29666 29751 I AppsModelWriter: normalizeVisibleItems(visibleItems)> 0, 239, 0, -102, 1, 15, UserHandle{0}, 0, Game Plugins, -1, -1
07-10 01:25:37.154 29666 29751 I AppsModelWriter: normalizeVisibleItems(visibleItems)> 0, 280, 0, -102, 1, 16, UserHandle{0}, 0, Games, -1, -1
07-10 01:25:37.154 29666 29751 I AppsModelWriter: normalizeVisibleItems(visibleItems)> 0, 198, 0, -102, 1, 17, UserHandle{0}, 0, Gboard, -1, -1
07-10 01:25:37.154 29666 29751 I AppsModelWriter: normalizeVisibleItems(visibleItems)> 0, 173, 0, -102, 1, 18, UserHandle{0}, 0, GitHub, -1, -1
07-10 01:25:37.154 29666 29751 I AppsModelWriter: normalizeVisibleItems(visibleItems)> 0, 209, 0, -102, 1, 19, UserHandle{0}, 0, Glovo, -1, -1
07-10 01:25:37.154 29666 29751 I AppsModelWriter: normalizeVisibleItems(visibleItems)> 0, 153, 0, -102, 1, 20, UserHandle{0}, 0, Google Japanese Input, -1, -1
07-10 01:25:37.154 29666 29751 I AppsModelWriter: normalizeVisibleItems(visibleItems)> 0, 281, 0, -102, 1, 21, UserHandle{0}, 0, Grammarly, -1, -1
07-10 01:25:37.154 29666 29751 I AppsModelWriter: normalizeVisibleItems(visibleItems)> 0, 181, 0, -102, 1, 22, UserHandle{0}, 0, Graphing Calc, -1, -1
07-10 01:25:37.154 29666 29751 I AppsModelWriter: normalizeVisibleItems(visibleItems)> 0, 165, 0, -102, 1, 23, UserHandle{0}, 0, HiPER Scientific Calculator, -1, -1
07-10 01:25:37.155 29666 29751 I AppsModelWriter: normalizeVisibleItems(visibleItems)> 0, 274, 0, -102, 1, 24, UserHandle{0}, 0, Instagram, -1, -1
07-10 01:25:37.155 29666 29751 I AppsModelWriter: normalizeVisibleItems(visibleItems)> 0, 235, 0, -102, 1, 25, UserHandle{0}, 0, KAlgebra, -1, -1
07-10 01:25:37.155 29666 29751 I AppsModelWriter: normalizeVisibleItems(visibleItems)> 0, 139, 0, -102, 1, 26, UserHandle{0}, 0, Kaspersky, -1, -1
07-10 01:25:37.155 29666 29751 I AppsModelWriter: normalizeVisibleItems(visibleItems)> 0, 234, 0, -102, 1, 27, UserHandle{0}, 0, KDE Connect, -1, -1
07-10 01:25:37.155 29666 29751 I AppsModelWriter: normalizeVisibleItems(visibleItems)> 0, 120, 0, -102, 1, 28, UserHandle{0}, 0, Keep notes, -1, -1
07-10 01:25:37.155 29666 29751 I AppsModelWriter: normalizeVisibleItems(visibleItems)> 0, 244, 0, -102, 1, 29, UserHandle{0}, 0, Knowledge, -1, -1
07-10 01:25:37.155 29666 29751 I AppsModelWriter: normalizeVisibleItems(visibleItems)> 0, 287, 0, -102, 2, 0, UserHandle{0}, 0, Kotlin playground, -1, -1
07-10 01:25:37.155 29666 29751 I AppsModelWriter: normalizeVisibleItems(visibleItems)> 0, 228, 0, -102, 2, 1, UserHandle{0}, 0, Lens, -1, -1
07-10 01:25:37.155 29666 29751 I AppsModelWriter: normalizeVisibleItems(visibleItems)> 0, 255, 0, -102, 2, 2, UserHandle{0}, 0, LinkedIn, -1, -1
07-10 01:25:37.155 29666 29751 I AppsModelWriter: normalizeVisibleItems(visibleItems)> 0, 84, 0, -102, 2, 3, UserHandle{0}, 0, Mail, -1, -1
07-10 01:25:37.155 29666 29751 I AppsModelWriter: normalizeVisibleItems(visibleItems)> 0, 117, 0, -102, 2, 4, UserHandle{0}, 0, Mail, -1, -1
07-10 01:25:37.155 29666 29751 I AppsModelWriter: normalizeVisibleItems(visibleItems)> 0, 125, 0, -102, 2, 5, UserHandle{0}, 0, Maps, -1, -1
07-10 01:25:37.155 29666 29751 I AppsModelWriter: normalizeVisibleItems(visibleItems)> 0, 203, 0, -102, 2, 6, UserHandle{0}, 0, meduza, -1, -1
07-10 01:25:37.155 29666 29751 I AppsModelWriter: normalizeVisibleItems(visibleItems)> 0, 218, 0, -102, 2, 7, UserHandle{0}, 0, Meet, -1, -1
07-10 01:25:37.155 29666 29751 I AppsModelWriter: normalizeVisibleItems(visibleItems)> 0, 254, 0, -102, 2, 8, UserHandle{0}, 0, Meet (original), -1, -1
