07-10 00:44:31.524  5674  5857 D SemContextService: Service.updateContext() : service = SLocation Core
07-10 00:44:31.525  5674  5674 D SemContextManager: onSemContextChanged() : event = SLocation Core
07-10 00:44:31.525  5674  5674 D SLocation: SLocationCoreSem - SemContextChanged type = 47, packet received
07-10 00:44:31.526  5306  5306 I SensorsHub: SContextSensor::injecet_sensor_data
07-10 00:44:31.526  5306  5306 D SensorsHub: c1 17 37 22
07-10 00:44:31.526  5306  5306 D SensorsHub: inject_scontext_data: New ssp_data_injection_fd(28)
07-10 00:44:31.526  5306  5306 D SensorsHub: SContext Data Injection return 4
07-10 00:44:31.527  5674  6793 W CAE     : setCAProperty(ContextAwareService.java:519) - [setProperty 02] Mutex is unlocked for SLOCATION_RUNNER
07-10 00:44:31.527  5306  5327 I SensorsHub: context 38 0 37 1,1,55,0,33,33,0,0,0,0,23,112,73,106,186,2,38,0,26,183,29,32,12,50,3,0,0,0,0,37,4,220,106,80,0,0,5,63, 144168359842796
07-10 00:44:31.527  5674  6793 D SemContextService: unlock : changeParameters
07-10 00:44:31.527  5674  6793 D SemContextManager:   .changeParameters : listener = com.samsung.android.location.semcontext.a@459a70d, service=SLocation Core
07-10 00:44:31.527  5306  5327 I SensorsHub: context 10 0 9 1,1,55,0,5,2,34,0,0,0, 144168359867143
07-10 00:44:31.527  5674  6793 D SLocation: LocationProcessingAlgorithm - entry condition - dist : 4650.2715 padding : 0.0, accuracy : 17.054, provider : network, dir : 2
07-10 00:44:31.527  5674  6793 D SLocation: LocationProcessingAlgorithm - entry condition - dist : 3807526.0 padding : 0.0, accuracy : 17.054, provider : network, dir : 2
07-10 00:44:31.528  5674  6793 D SLocation: LocationProcessingAlgorithm - entry condition - dist : 90747.13 padding : 0.0, accuracy : 17.054, provider : network, dir : 2
07-10 00:44:31.528  5674  6793 D SLocation: LocationProcessingAlgorithm - entry condition - dist : 3807949.8 padding : 0.0, accuracy : 17.054, provider : network, dir : 2
07-10 00:44:31.528  5674  6793 D SLocation: LocationProcessingAlgorithm - entry condition - dist : 683.6107 padding : 0.0, accuracy : 17.054, provider : network, dir : 2
07-10 00:44:31.528  5674  6793 D SLocation: LocationProcessingAlgorithm - entry condition - dist : 1917397.2 padding : 0.0, accuracy : 17.054, provider : network, dir : 2
07-10 00:44:31.528  5674  6793 D SLocation: LocationProcessingAlgorithm - entry condition - dist : 13347.725 padding : 0.0, accuracy : 17.054, provider : network, dir : 2
07-10 00:44:31.528  5674  6793 D SLocation: LocationProcessingAlgorithm - entry condition - dist : 3807949.8 padding : 0.0, accuracy : 17.054, provider : network, dir : 2
07-10 00:44:31.528  5674  6793 D SLocation: LocationProcessingAlgorithm - entry condition - dist : 1801178.0 padding : 0.0, accuracy : 17.054, provider : network, dir : 2
07-10 00:44:31.528  5674  6793 D SLocation: LocationProcessingAlgorithm - entry condition - dist : 663.16156 padding : 0.0, accuracy : 17.054, provider : network, dir : 2
07-10 00:44:31.528  5674  6793 D SLocation: ReceiverPairWithWifi - ignore direction of location due to wifi, id =11reason=400
07-10 00:44:31.529  5674  5859 D SensorHubManager: onGetSensorHubDataLocked: library(38) = 1, 1, 55, 0, 33, 33, 0, 0, 0, 0, 23, 112, 73, 106, -70, 2, 38, 0, 26, -73, 29, 32, 12, 50, 3, 0, 0, 0, 0, 37, 4, -36, 106, 80, 0, 0, 5, 63
07-10 00:44:31.529  5674  6793 D SLocation: LocationProcessingAlgorithm - entry condition - dist : 427.79092 padding : 0.0, accuracy : 17.054, provider : network, dir : 1
07-10 00:44:31.529  5674  6793 D SLocation: GeopointReceiver - send geopoint result - 1
07-10 00:44:31.529  5674  5859 D SensorHubManager: onGetSensorHubDataLocked: library(10) = 1, 1, 55, 0, 5, 2, 34, 0, 0, 0
07-10 00:44:31.530  5674  6793 D SLocation: PositionManager - onLocationChanged - filter passive location because it same active location
07-10 00:44:31.530  5674  6793 I SLocation: SemContextParser -  parse start : 3
07-10 00:44:31.530  5674  6793 I SLocation: SemContextParser -  packet Length : 5packet total size : 10
07-10 00:44:31.530  5674  6793 I SLocation: SemContextParser - packet : [2, 2, 0, 0, 0]
07-10 00:44:31.530  5674  5860 D CAE     : onGetSensorHubData(SensorHubParserProvider.java:89) - onGetSensorHubData Event [event buffer len :38], AP_WAKEUP
07-10 00:44:31.530  5674  6793 D SLocation: GeofenceCoreManager - received Extra Data from core, len : 5
07-10 00:44:31.530  5674  6793 D SLocation: GeofenceCoreManager - handleCommandCallback - UNKNOWN_CALLBACK 2 SUCCESS
07-10 00:44:31.530  5674  5860 I CAE     : parse(SensorHubParserProvider.java:190) - buffer size = 38
07-10 00:44:31.530  5674  6793 D SLocation: CommonCoreManager - received Extra Data from core, len : 5
07-10 00:44:31.531  5674  6793 D SLocation: CommonCoreManager - handleCommandCallback - FUNC_TYPE : SET_LOCATION ERROR_CODE : ERROR_NONE
07-10 00:44:31.531  5674  5860 I CAE     : parse(SensorHubParserProvider.java:201) - 1, 1, 55, 0, 33, 33, 0, 0, 0, 0, 23, 112, 73, 106, -70, 2, 38, 0, 26, -73, 29, 32, 12, 50, 3, 0, 0, 0, 0, 37, 4, -36, 106, 80, 0, 0, 5, 63,
07-10 00:44:31.531  5674  5860 I CAE     : parse(SLocationRunner.java:88) - SLocationRunner parse start : 3
07-10 00:44:31.531  5674  5860 D CAE     : display(ContextProvider.java:375) - ================= SLOCATION_RUNNER =================
07-10 00:44:31.532  5674  5860 I CAE     : display(ContextProvider.java:391) - ExtraDataArray=[1, 1, 55, 0, 33, 33, 0, 0, 0, 0, 23, 112, 73, 106, -70, 2, 38, 0, 26, -73, 29, 32, 12, 50, 3, 0, 0, 0, 0, 37, 4, -36, 106, 80, 0, 0, 5, 63]
07-10 00:44:31.532  5674  5860 I CAE     : parse(SLocationRunner.java:96) - SLocationRunner parse end:38
07-10 00:44:31.533  5674  5860 D CAE     : onGetSensorHubData(SensorHubParserProvider.java:89) - onGetSensorHubData Event [event buffer len :10], AP_WAKEUP
07-10 00:44:31.533  5674  5860 I CAE     : parse(SensorHubParserProvider.java:190) - buffer size = 10
07-10 00:44:31.534  5674  5674 D SemContextManager: onSemContextChanged() : event = SLocation Core
07-10 00:44:31.534  5674  5674 D SLocation: SLocationCoreSem - SemContextChanged type = 47, packet received
07-10 00:44:31.534  5674  6793 I SLocation: SemContextParser -  parse start : 3
07-10 00:44:31.534  5674  5857 D SemContextService: Service.updateContext() : service = SLocation Core
07-10 00:44:31.535  5674  6793 I SLocation: SemContextParser -  packet Length : 33packet total size : 38
07-10 00:44:31.535  5674  6793 I SLocation: SemContextParser - packet : [33, 0, 0, 0, 0, 23, 112, 73, 106, -70, 2, 38, 0, 26, -73, 29, 32, 12, 50, 3, 0, 0, 0, 0, 37, 4, -36, 106, 80, 0, 0, 5, 63]
07-10 00:44:31.535  5674  5860 I CAE     : parse(SensorHubParserProvider.java:201) - 1, 1, 55, 0, 5, 2, 34, 0, 0, 0,
07-10 00:44:31.535  5674  6793 D SLocation: GeofenceCoreManager - received Extra Data from core, len : 33
07-10 00:44:31.535  5674  6793 D SLocation: ARDistanceGetARDistance - convertSensorHubTimeToElapsedTime 1688928894201496833
07-10 00:44:31.535  5674  5860 I CAE     : parse(SLocationRunner.java:88) - SLocationRunner parse start : 3
07-10 00:44:31.535  5674  5860 D CAE     : display(ContextProvider.java:375) - ================= SLOCATION_RUNNER =================
07-10 00:44:31.535  5674  5860 I CAE     : display(ContextProvider.java:391) - ExtraDataArray=[1, 1, 55, 0, 5, 2, 34, 0, 0, 0]
07-10 00:44:31.536  5674  5860 I CAE     : parse(SLocationRunner.java:96) - SLocationRunner parse end:10
07-10 00:44:31.536  5674  6793 D SLocation: ARDistanceGetARDistance - invalid location time from core pvt 1688928894201496833, do not use distance info
07-10 00:44:31.536  5674  6793 D SLocation: CommonCoreManager - received Extra Data from core, len : 33
07-10 00:44:31.536  5674  5857 D SemContextService: Service.updateContext() : service = SLocation Core
07-10 00:44:31.537  5674  5674 D SemContextManager: onSemContextChanged() : event = SLocation Core
07-10 00:44:31.537  5674  5674 D SLocation: SLocationCoreSem - SemContextChanged type = 47, packet received
07-10 00:44:31.537  5674  6793 I SLocation: SemContextParser -  parse start : 3
07-10 00:44:31.537  5674  6793 I SLocation: SemContextParser -  packet Length : 5packet total size : 10
07-10 00:44:31.537  5674  6793 I SLocation: SemContextParser - packet : [2, 34, 0, 0, 0]
07-10 00:44:31.537  5674  6793 D SLocation: GeofenceCoreManager - received Extra Data from core, len : 5
07-10 00:44:31.537  5674  6793 D SLocation: GeofenceCoreManager - handleCommandCallback - UNKNOWN_CALLBACK 34 SUCCESS
07-10 00:44:31.537  5674  6793 D SLocation: ARDistanceLibManager - command callback received - CURRENT_LOCATION_REQUEST_DISTANCE ERROR CODE : ERROR_NONE
07-10 00:44:31.537  5674  6793 D SLocation: CommonCoreManager - received Extra Data from core, len : 5
07-10 00:44:31.541  6877  7137 I PhoneStateTracker<1>: onCellInfoChanged: xxxxx
07-10 00:44:31.542  6877  7137 I ImsCallSessionManager: onCellInfoChanged, phoneId: 1
07-10 00:44:31.542  6877  7137 I RegiMgr-Handler: handleMessage: EVENT_CELL_INFO_CHANGED
07-10 00:44:31.544  6877  7137 I RegiMgr<1>: updatePani RegisterTask[1][mProfile=Telenor Serbia IMS, mRegistrationRat=13, mPdnType=11, mState=REGISTERED, mObject=UserAgent - :
07-10 00:44:31.544  6877  7137 I RegiMgr<1>:  total records=814
07-10 00:44:31.544  6877  7137 I RegiMgr<1>:  rec[0]: time=07-10 00:17:06.472 processed=ReadyState org=RegisteredState dest=<null> what=34(0x22)
07-10 00:44:31.544  6877  7137 I RegiMgr<1>:  rec[1]: time=07-10 00:17:06.473 processed=RegisteredState org=RegisteredState dest=<null> what=2000(0x7d0)
07-10 00:44:31.544  6877  7137 I RegiMgr<1>:  rec[2]: time=07-10 00:22:32.615 processed=ReadyState org=RegisteredState dest=<null> what=34(0x22)
07-10 00:44:31.544  6877  7137 I RegiMgr<1>:  rec[3]: time=07-10 00:22:32.635 processed=RegisteredState org=RegisteredState dest=<null> what=2000(0x7d0)
07-10 00:44:31.544  6877  7137 I RegiMgr<1>:  rec[4]: time=07-10 00:22:35.872 processed=ReadyState org=RegisteredState dest=<null> what=34(0x22)
07-10 00:44:31.544  6877  7137 I RegiMgr<1>:  rec[5]: time=07-10 00:22:35.874 processed=RegisteredState org=RegisteredState dest=<null> what=2000(0x7d0)
07-10 00:44:31.544  6877  7137 I RegiMgr<1>:  rec[6]: time=07-10 00:28:01.891 processed=ReadyState org=RegisteredState dest=<null> what=34(0x22)
07-10 00:44:31.544  6877  7137 I RegiMgr<1>:  rec[7]: time=07-10 00:28:01.912 processed=RegisteredState org=RegisteredState dest=<null> what=2000(0x7d0)
07-10 00:44:31.544  6877  7137 I RegiMgr<1>:  rec[8]: time=07-10 00:28:05.093 processed=ReadyState org=RegisteredState dest=<null> what=34(0x22)
07-10 00:44:31.544  6877  7137 I RegiMgr<1>:  rec[9]: time=07-10 00:28:05.093 processed=RegisteredState org=RegisteredState dest=<null> what=2000(0x7d0)
07-10 00:44:31.544  6877  7137 I RegiMgr<1>:  rec[10]: time=07-10 00:33:30.273 processed=ReadyState org=RegisteredState dest=<null> what=34(0x22)
07-10 00:44:31.544  6877  7137 I RegiMgr<1>:  rec[11]: time=07-10 00:33:30.290 processed=RegisteredState org=RegisteredState dest=<null> what=2000(0x7d0)
07-10 00:44:31.544  6877  7137 I RegiMgr<1>:  rec[12]: time=07-10 00:33:33.631 processed=ReadyState org=RegisteredState dest=<null> what=34(0x22)
07-10 00:44:31.544  6877  7137 I RegiMgr<1>:  rec[13]: time=07-10 00:33:33.633 processed=RegisteredState org=RegisteredState dest=<null> what=2000(0x7d0)
07-10 00:44:31.544  6877  7137 I RegiMgr<1>:  rec[14]: time=07-10 00:38:59.728 processed=ReadyState org=RegisteredState dest=<null> what=34(0x22)
07-10 00:44:31.544  6877  7137 I RegiMgr<1>:  rec[15]: time=07-10 00:38:59.740 processed=RegisteredState org=RegisteredState dest=<null> what=2000(0x7d0)
07-10 00:44:31.544  6877  7137 I RegiMgr<1>:  rec[16]: time=07-10 00:39:02.885 processed=ReadyState org=RegisteredState dest=<null> what=34(0x22)
07-10 00:44:31.544  6877  7137 I RegiMgr<1>:  rec[17]: time=07-10 00:39:02.887 processed=RegisteredState org=RegisteredState dest=<null> what=2000(0x7d0)
07-10 00:44:31.544  6877  7137 I RegiMgr<1>:  rec[18]: time=07-10 00:44:28.639 processed=ReadyState org=RegisteredState dest=<null> what=34(0x22)
07-10 00:44:31.544  6877  7137 I RegiMgr<1>:  rec[19]: time=07-10 00:44:28.656 processed=RegisteredState org=RegisteredState dest=<null> what=2000(0x7d0)
07-10 00:44:31.544  6877  7137 I RegiMgr<1>: curState=RegisteredState
07-10 00:44:31.544  6877  7137 I RegiMgr<1>: , mReason=, mPcscfHostname=null, mDeregiReason=41]
07-10 00:44:31.545  6877  7137 I PaniGenerator<1>: generate: subId=2, network=13
07-10 00:44:31.545  6877  7137 I PaniGenerator<1>: generate: network=13, fallbackPlmn=22001
07-10 00:44:31.545  6877  7137 I PdnController<1>: getAllCellInfo mNeedCellLocationUpdate : false
07-10 00:44:31.545  6877  7137 I PaniGenerator: generate: change to NW PLMN(22001)
07-10 00:44:31.546  6877  7137 I PaniGenerator: setLkcForLastPani: No Last PANI header for Telenor Serbia IMS
07-10 00:44:31.546  6877  7137 I UserAgent<1>: updatePani: pani=3GPP-E-UTRAN-FDD;utran-cell-id-3gpp=220012b73017a501, updatePani: lastPani=
07-10 00:44:31.546  6877  7320 I StackIF : updatePani: 15 pani: [3GPP-E-UTRAN-FDD;utran-cell-id-3gpp=220012b73017a501]
07-10 00:44:31.547  6877  7320 I SECIMSJ : [1511]> 140
07-10 00:44:31.547  6877  7137 I RegiMgr<1>: tryRegister:
07-10 00:44:31.547  6877  7137 I RegiMgr<0>: RegisterTask(s): Megafon VoLTE (IDLE)
07-10 00:44:31.547  6877  7137 I RegiMgr<1>: RegisterTask(s): Telenor Serbia IMS (REGISTERED, rat = 13, service = [mmtel-video, smsip, mmtel]), Global GC RCS (IDLE)
07-10 00:44:31.547  6877  7137 I RcsPolicyMgr<1>: pendingRcsRegister: mActiveDataPhoneId = 1
07-10 00:44:31.547  6877  7137 I RcsPolicyMgr<1>: pendingRcsRegister: mActiveDataPhoneId = 1
07-10 00:44:31.547  6877  7137 I RegisterTask: isSuspended: mSuspended(false) mSuspendByIrat(false)
07-10 00:44:31.547  6877  7137 I RegiMgr<1>: [Global GC RCS|IDLE] checkForTryRegister id: 1003
07-10 00:44:31.547  6877  7137 I RegiMgr : isPdnConnected: false, PdnType: 1
07-10 00:44:31.548  6877  7330 I [IMS6.0]: IMS_onResponse()
07-10 00:44:31.548  6877  7330 I StackIF : processMessage 2
07-10 00:44:31.548  6877  7330 I StackIF : Processing Response
07-10 00:44:31.548  6877  7330 I SECIMSJ : [1511]< 600
07-10 00:44:31.548  6877  7330 I StackIF : processResponse: reqId 600
07-10 00:44:31.548  6877  7330 I StackIF : processResponse: handle 15 result 0 reason 0
07-10 00:44:31.550  6877  7137 I PdnController: getDefaultNetworkBearer:  WIFI
07-10 00:44:31.552  6877  7137 I PdnController: isWifiConnected: [type: WIFI[], state: CONNECTED/CONNECTED, reason: (unspecified), extra: , failover: false, available: true, roaming: false]
07-10 00:44:31.552  6877  7137 I RegiMgr-Utils<1>: findBestNetwork: WIFI needWifiNetwork = true
07-10 00:44:31.554  6877  7137 I RegiGvnBase<1>: isReadyToDualRegister : true
07-10 00:44:31.556  6877  7137 I RegiMgr<1>: [Global GC RCS|IDLE] checkInitialRegistrationIsReady: APM ON [false], Roamimg [false]
07-10 00:44:31.556  6877  7137 I RcsPolicyMgr<1>: pendingRcsRegister: mActiveDataPhoneId = 1
07-10 00:44:31.556  6877  7137 I ImsProfile: isRttSupportByCallApp : false ttyType : 1
07-10 00:44:31.556  6877  7137 I RegiMgr-Utils<1>: getPriorityRegiedTask : isPriority  High? true
07-10 00:44:31.557  6877  7137 I RegiGvnBase: checkRegiStatus: getState()=IDLE mIsUpdateRegistering=false
07-10 00:44:31.557  6877  7137 I RegiMgr<1>: getTelephonyCallStatus:
07-10 00:44:31.560  6877  7137 I ConfigProvider: query uri:xxxxx
07-10 00:44:31.567  6877  7137 I ConfigProvider: queryStorage path content://com.samsung.rcs.autoconfigurationprovider/parameter/version#simslot1
07-10 00:44:31.576  6877  7137 E GlobalSettingsRepoBase: globalgcsettings No matched key : dual_rcs_policy
07-10 00:44:31.577  6877  7137 I ImsServiceSwitchEur[1]:  isRcsEnabled: true mDefaultSms true mUpsmEnabled false mEmergencyEnabled false
07-10 00:44:31.580  6877  7137 I ConfigTrigger<1>: isWaitAutoConfig:
07-10 00:44:31.580  6877  7137 E GlobalSettingsRepoBase: globalgcsettings No matched key : dual_rcs_policy
07-10 00:44:31.581  6877  7137 I ImsServiceSwitchEur[1]:  isRcsEnabled: true mDefaultSms true mUpsmEnabled false mEmergencyEnabled false
07-10 00:44:31.581  6877  7137 I RegiMgr-Utils: selectPdnType: rat=18pdn=1
07-10 00:44:31.581  6877  7137 I RegiMgr<1>: getServiceForNetwork: network 18
07-10 00:44:31.582  6877  7137 I RegiMgr<1>: getServiceForNetwork: service {options, chatbot-communication, ft_http, im, euc, gls}
07-10 00:44:31.588  6877  7137 I ConfigTrigger<1>: isValidAcsVersion:
07-10 00:44:31.588  6877  7137 E GlobalSettingsRepoBase: globalgcsettings No matched key : dual_rcs_policy
07-10 00:44:31.590  6877  7137 I ConfigProvider: query uri:xxxxx
07-10 00:44:31.596  6877  7137 I ConfigProvider: queryStorage path content://com.samsung.rcs.autoconfigurationprovider/parameter/version#simslot1
07-10 00:44:31.597  5674  6522 D SecContentProvider2: query(), uri = 18 selection = isRCSEnabled
07-10 00:44:31.597  5674  6522 I PhoneRestrictionPolicy: isRCSEnabledInternal(), showMsg: false, columnName: enableRCS
07-10 00:44:31.597  5674  6522 E PhoneRestrictionPolicy: getEmergencyCall >>false
07-10 00:44:31.598  5674  6522 I PhoneRestrictionPolicy: isRCSEnabledInternal(), showMsg: false, columnName: enableRCSForSimSlot1
07-10 00:44:31.598  5674  6522 E PhoneRestrictionPolicy: getEmergencyCall >>false
07-10 00:44:31.599  6877  7137 I ConfigTrigger<1>: RCS switch: true, version: 0, isRcsAcsCompleted: true
07-10 00:44:31.599  6877  7137 I ConfigTrigger<1>: version is improper : 0
07-10 00:44:31.600  6877  7137 I RegiGvnBase: isVideoCallEnabled: Enable
07-10 00:44:31.600  6877  7137 I RegiMgr<1>: getServiceForNetwork: filtered service []
07-10 00:44:31.600  6877  7137 I RegiMgr<1>: Global GC RCS: no ims service for current rat18
07-10 00:44:31.602  6877  7137 I PdnController: slot[1]: stopPdnConnectivity: network 1, callback is null
07-10 00:44:31.602  6877  7137 E PdnController<1>: requestStopNetwork: callback not found
07-10 00:44:31.602  6877  7137 E #IMSCR  : 07-10 00:44:31 0x1101000B:1,FILTERED ALL:1
07-10 00:44:31.603  6877  7137 I PdnController: handleMessage: what 107
07-10 00:44:31.603  6877  7137 I PdnController: slot[1]: requestStopNetwork: network 1, callback is null
07-10 00:44:33.079  5674  7726 D SemWifiUsabilityStatsMonitor: onWifiUsabilityStats - seqNum 21120, isSameBssidAndFreq true
07-10 00:44:33.085  5674  6128 I SemWifiLinkQualityMonitor: Link Qos Query: 0.034 ms / 234.000 Mbps (390 / 0.000 / 1.667)
07-10 00:44:33.084  6461  6461 D NetworkController.WifiSignalController: notifyListener: visible=true, connected=true, inetCondition=1, isDefault=true, wifiTestReported=true, receivedInetCondition=-1, hideDuringMobileSwitching=false
07-10 00:44:33.966  5262  5262 E audit   : type=1400 audit(1688942673.961:69465): avc:  denied  { getattr } for  pid=5674 comm="BinderProcsColl" path="/sys/kernel/debug/binder/proc/5674" dev="debugfs" ino=32119 scontext=u:r:system_server:s0 tcontext=u:object_r:sec_debugfs:s0 tclass=file permissive=0 SEPF_SM-A515F_13_0001 audit_filtered
07-10 00:44:33.966  5262  5262 E audit   : type=1300 audit(1688942673.961:69465): arch=c00000b7 syscall=79 success=no exit=-13 a0=ffffff9c a1=7ad20c4140 a2=79df9bd680 a3=0 items=0 ppid=5287 pid=5674 auid=4294967295 uid=1000 gid=1000 euid=1000 suid=1000 fsuid=1000 egid=1000 sgid=1000 fsgid=1000 tty=(none) ses=4294967295 comm="BinderProcsColl" exe="/system/bin/app_process64" subj=u:r:system_server:s0 key=(null)
07-10 00:44:33.966  5262  5262 E audit   : type=1327 audit(1688942673.961:69465): proctitle="system_server"
07-10 00:44:34.624 22079 22079 I wpa_supplicant: nl80211: Drv Event 34 (NL80211_CMD_NEW_SCAN_RESULTS) received for wlan0
07-10 00:44:34.624 22079 22079 I wpa_supplicant: wlan0: nl80211: New scan results available
07-10 00:44:34.624 22079 22079 I wpa_supplicant: nl80211: Scan probed for SSID ''
07-10 00:44:34.624 22079 22079 I wpa_supplicant: nl80211: Scan included frequencies: 2412 2417 2422 2427 2432 2437 2442 2447 2452 2457 2462 2467 2472 5180 5200 5220 5240 5260 5280 5300 5320 5745 5765 5785 5805 5825
07-10 00:44:34.627  5674  9957 D WifiNl80211Manager: Scan result ready event
07-10 00:44:34.627  5674  9957 D WifiNative: Scan result ready event
07-10 00:44:34.627  6576 22194 D IpClient/wlan0: interfaceLinkStateChanged: ifindex 11 up
07-10 00:44:34.642  5674  6522 D PackageManager: setEnabledSetting : userId = 0 packageName = com.Slack cmp = androidx.work.impl.background.systemalarm.RescheduleReceiver newState = 1 callingPackage = 10329/com.Slack
07-10 00:44:34.644  5674  6522 D ApplicationPolicy: getApplicationStateEnabled : pkg = com.Slack userId : 0
07-10 00:44:34.646  5674  6522 D ApplicationPolicy: getApplicationComponentState : pkg = com.Slack userId : 0
07-10 00:44:34.649  5674  6049 D WificondScannerImpl: Filtering out 3 scan results.
07-10 00:44:34.668  5674  5745 W libprocessgroup: Failed to open /dev/blkio//cgroup.procs: No such file or directory
07-10 00:44:34.669  5353  5543 V APM_AudioPolicyManager: setAppState(portId:1005, state:1)
07-10 00:44:34.674  5674  6115 D SemWifiScanPool: countryCode: RS, count: 8, totalSamples: 10, rate: 80.0%
07-10 00:44:34.674  5674  6115 V SemWifiScanPool: updateScanResult, full scan:17 configKeys: 13 pool_bssid:35 pool_configKeys:24
07-10 00:44:34.674  5674  6115 D WifiConnectivityMonitor: onScanResultUpdated
07-10 00:44:34.675  5674  6115 D WifiConnectivityMonitor: mMaxScannedCountryCode : RS
07-10 00:44:34.683 15049 15247 D ConnectivityManager: StackLog: [android.net.ConnectivityManager.sendRequestForNetwork(ConnectivityManager.java:4300)] [android.net.ConnectivityManager.registerDefaultNetworkCallbackForUid(ConnectivityManager.java:4864)] [android.net.ConnectivityManager.registerDefaultNetworkCallback(ConnectivityManager.java:4831)] [android.net.ConnectivityManager.registerDefaultNetworkCallback(ConnectivityManager.java:4805)] [androidx.work.impl.utils.NetworkApi24.registerDefaultNetworkCallbackCompat(Unknown Source:11)] [androidx.work.impl.constraints.trackers.NetworkStateTracker24.startTracking(Unknown Source:15)] [androidx.work.impl.constraints.controllers.ConstraintController.replace(Unknown Source:130)] [androidx.work.impl.constraints.WorkConstraintsTrackerImpl.replace(Unknown Source:41)] [androidx.work.impl.background.greedy.GreedyScheduler.schedule(Unknown Source:302)] [androidx.work.impl.Schedulers.schedule(Unknown Source:155)] [androidx.work.impl.utils.EnqueueRunnable.run(Unknown Source:53)] [androidx.work.Worker$2.run$androidx$work$impl$utils$SerialExecutorImpl$Task(Unknown Source:4)] [androidx.work.Worker$2.run(Unknown Source:868)] [java.util.concurrent.ThreadPoolExecutor.runWorker(ThreadPoolExecutor.java:1137)] [java.util.concurrent.ThreadPoolExecutor$Worker.run(ThreadPoolExecutor.java:637)] [java.lang.Thread.run(Thread.java:1012)]
07-10 00:44:34.687  5674  9851 D ConnectivityService: requestNetwork for uid/pid:10329/15049 activeRequest: null callbackRequest: 16454 [NetworkRequest [ REQUEST id=16455, [ Capabilities: INTERNET&NOT_RESTRICTED&TRUSTED&NOT_VCN_MANAGED Uid: 10329 RequestorUid: 10329 RequestorPkg: com.Slack UnderlyingNetworks: Null] ]] callback flags: 0 order: 2147483647
07-10 00:44:34.688  5674  6055 D ConnectivityService:    accepting network in place of null
07-10 00:44:34.692  5674  6045 D WifiNetworkFactory: got request NetworkRequest [ REQUEST id=16455, [ Capabilities: INTERNET&NOT_RESTRICTED&TRUSTED&NOT_VCN_MANAGED Uid: 10329 RequestorUid: 10329 RequestorPkg: com.Slack UnderlyingNetworks: Null] ]
07-10 00:44:34.693  5674  6045 D UntrustedWifiNetworkFactory: got request NetworkRequest [ REQUEST id=16455, [ Capabilities: INTERNET&NOT_RESTRICTED&TRUSTED&NOT_VCN_MANAGED Uid: 10329 RequestorUid: 10329 RequestorPkg: com.Slack UnderlyingNetworks: Null] ]
07-10 00:44:34.695  5674  6045 D OemPaidWifiNetworkFactory: got request NetworkRequest [ REQUEST id=16455, [ Capabilities: INTERNET&NOT_RESTRICTED&TRUSTED&NOT_VCN_MANAGED Uid: 10329 RequestorUid: 10329 RequestorPkg: com.Slack UnderlyingNetworks: Null] ]
07-10 00:44:34.695  5674  6045 D MultiInternetWifiNetworkFactory: got request NetworkRequest [ REQUEST id=16455, [ Capabilities: INTERNET&NOT_RESTRICTED&TRUSTED&NOT_VCN_MANAGED Uid: 10329 RequestorUid: 10329 RequestorPkg: com.Slack UnderlyingNetworks: Null] ]
07-10 00:44:34.696  5674  6055 D ConnectivityService: Rematched networks [computed 0ms] [applied 2ms] [issued 6]
07-10 00:44:34.696  5674  6055 D ConnectivityService: NetworkReassignment :
07-10 00:44:34.696  5674  6055 D ConnectivityService:   16455 : null → 118
07-10 00:44:34.710 15049 15049 D ConnectivityManager: StackLog: [android.net.ConnectivityManager.unregisterNetworkCallback(ConnectivityManager.java:4972)] [androidx.work.impl.utils.NetworkApi21.unregisterNetworkCallbackCompat(Unknown Source:11)] [androidx.work.impl.constraints.trackers.NetworkStateTracker24.stopTracking(Unknown Source:15)] [androidx.work.impl.constraints.trackers.ConstraintTracker.removeListener(Unknown Source:24)] [androidx.work.impl.constraints.controllers.ConstraintController.replace(Unknown Source:81)] [androidx.work.impl.constraints.WorkConstraintsTrackerImpl.replace(Unknown Source:41)] [androidx.work.impl.background.greedy.GreedyScheduler.onExecuted(Unknown Source:55)] [androidx.work.impl.Processor.onExecuted(Unknown Source:59)] [com.bugsnag.android.DeliveryDelegate$1.run(Unknown Source:212)]
07-10 00:44:34.712  5674  6055 D ConnectivityService:  Removing from current network [118 WIFI], leaving 156 requests.
07-10 00:44:34.721  5353  5543 V APM_AudioPolicyManager: setAppState(portId:1005, state:1)
07-10 00:44:34.726  5353  5543 V APM_AudioPolicyManager: setAppState(portId:1005, state:1)
07-10 00:44:34.730  5674  6522 V LocationManagerService: network provider registration 10234/com.google.android.as/403464A0 dropped delivery - too close
07-10 00:44:34.731  5674  6522 V LocationManagerService: passive provider registration 1000/android[SensorNotificationService]/3DC7BFCB dropped delivery - too close
07-10 00:44:34.731  5674  6522 V LocationManagerService: passive provider registration 5023/com.samsung.android.networkdiagnostic/4FDF9C6D dropped delivery - too close
07-10 00:44:34.733  7284  7370 I NlpMonitor_FLP: monitorNlp, package=com.google.android.as/ interval=21600000
07-10 00:44:34.734  5674  6793 D SLocation: PositionManager - PassiveonLocationChanged network 1688942674623
07-10 00:44:34.734  5674  6793 D SLocation: ARDistanceBigData - BIGDATA ARD - receive location
07-10 00:44:34.734  5674  6793 D SLocation: GeofenceLocationFilter - location sent before 3242, need to filter / provider : network, accuracy : 16.718
07-10 00:44:34.734  5674  6793 I SLocation: GeofenceLocationFilter - alarm set, next time to send location : 144174325, com.samsung.android.location.geofence.geopoint.d@529b2b2
07-10 00:44:34.737  5674  6793 D SLocation: SLocationCoreSem - send to coreSem, packet length : 23 / [2, 26, 183, 30, 114, 12, 49, 246, 200, 0, 0, 0, 16, 2, 0, 0, 1, 137, 60, 212, 2, 191, 0]
07-10 00:44:34.737  5674  6793 D SemContextLocationCoreAttribute: setAttribute() mode : 0 action : 23
07-10 00:44:34.737  5674  6793 D SemContextService: lock : changeParameters
07-10 00:44:34.737  5674  6793 D SemContext.CaeProvider.LocationCoreImpl: setAttribute() mode : 0 action : 23
07-10 00:44:34.738  5674  6793 W CAE     : setCAProperty(ContextAwareService.java:513) - [setProperty 01] Mutex is locked for SLOCATION_RUNNER
07-10 00:44:34.738  5674  6793 I CAE     : setPropertyValue(SLocationRunner.java:116) - SLocationRunner setProperty header : 2, len : 23
07-10 00:44:34.738  5674  6793 I CAE     : sendCmdToSensorHub(SensorHubCommManager.java:156) - -63, 23, 55, 2, 26, -73, 30, 114, 12, 49, -10, -56, 0, 0, 0, 16, 2, 0, 0, 1, -119, 60, -44, 2, -65, 0,
07-10 00:44:34.739  5674  5862 D SensorService: setSContextDataLocked ints length 8 , byte length 26
07-10 00:44:34.739  5674  5862 D SensorService: setSContextDataLocked 23717c1
07-10 00:44:34.740  5306  5306 I SensorsHub: SContextSensor::injecet_sensor_data
07-10 00:44:34.740  5306  5306 D SensorsHub: c1 17 37 02 1a b7 1e 72 0c 31 f6 c8 00 00 00 10
07-10 00:44:34.740  5306  5306 D SensorsHub: 02 00 00 01 89 3c d4 02 bf 00
07-10 00:44:34.740  5306  5306 D SensorsHub: inject_scontext_data: New ssp_data_injection_fd(28)
07-10 00:44:34.740  5306  5306 D SensorsHub: SContext Data Injection return 26
07-10 00:44:34.740  5306  5327 I SensorsHub: context 10 0 9 1,1,55,0,5,2,2,0,0,0, 144171573827371
07-10 00:44:34.741  5674  5859 D SensorHubManager: onGetSensorHubDataLocked: library(10) = 1, 1, 55, 0, 5, 2, 2, 0, 0, 0
07-10 00:44:34.741  5674  6793 W CAE     : setCAProperty(ContextAwareService.java:519) - [setProperty 02] Mutex is unlocked for SLOCATION_RUNNER
07-10 00:44:34.741  5674  6793 D SemContextService: unlock : changeParameters
07-10 00:44:34.741  5674  6793 D SemContextManager:   .changeParameters : listener = com.samsung.android.location.semcontext.a@459a70d, service=SLocation Core
07-10 00:44:34.741  5674  6793 D SLocation: ARDistanceLibManager - request distance diff to AR Distance Library
07-10 00:44:34.742  5674  6793 D SLocation: SLocationCoreSem - send to coreSem, packet length : 1 / [34]
07-10 00:44:34.742  5674  6793 D SemContextLocationCoreAttribute: setAttribute() mode : 0 action : 23
07-10 00:44:34.742  5674  6793 D SemContextService: lock : changeParameters
07-10 00:44:34.742  5674  6793 D SemContext.CaeProvider.LocationCoreImpl: setAttribute() mode : 0 action : 23
07-10 00:44:34.742  5674  6793 W CAE     : setCAProperty(ContextAwareService.java:513) - [setProperty 01] Mutex is locked for SLOCATION_RUNNER
07-10 00:44:34.742  5674  6793 I CAE     : setPropertyValue(SLocationRunner.java:116) - SLocationRunner setProperty header : 34, len : 1
07-10 00:44:34.743  5674  6793 I CAE     : sendCmdToSensorHub(SensorHubCommManager.java:156) - -63, 23, 55, 34,
07-10 00:44:34.743  5674  5860 D CAE     : onGetSensorHubData(SensorHubParserProvider.java:89) - onGetSensorHubData Event [event buffer len :10], AP_WAKEUP
07-10 00:44:34.743  5674  5860 I CAE     : parse(SensorHubParserProvider.java:190) - buffer size = 10
07-10 00:44:34.743  5674  5860 I CAE     : parse(SensorHubParserProvider.java:201) - 1, 1, 55, 0, 5, 2, 2, 0, 0, 0,
07-10 00:44:34.743  5674  5860 I CAE     : parse(SLocationRunner.java:88) - SLocationRunner parse start : 3
07-10 00:44:34.743  5674  5860 D CAE     : display(ContextProvider.java:375) - ================= SLOCATION_RUNNER =================
07-10 00:44:34.744  5674  5860 I CAE     : display(ContextProvider.java:391) - ExtraDataArray=[1, 1, 55, 0, 5, 2, 2, 0, 0, 0]
07-10 00:44:34.744  5674  5860 I CAE     : parse(SLocationRunner.java:96) - SLocationRunner parse end:10
07-10 00:44:34.744  5674  5862 D SensorService: setSContextDataLocked ints length 2 , byte length 4
07-10 00:44:34.744  5674  5857 D SemContextService: Service.updateContext() : service = SLocation Core
07-10 00:44:34.744  5674  5862 D SensorService: setSContextDataLocked 223717c1
07-10 00:44:34.745  5306  5306 I SensorsHub: SContextSensor::injecet_sensor_data
07-10 00:44:34.745  5306  5306 D SensorsHub: c1 17 37 22
07-10 00:44:34.745  5306  5306 D SensorsHub: inject_scontext_data: New ssp_data_injection_fd(28)
07-10 00:44:34.745  5306  5306 D SensorsHub: SContext Data Injection return 4
07-10 00:44:34.746  5674  5674 D SemContextManager: onSemContextChanged() : event = SLocation Core
07-10 00:44:34.746  5674  6793 W CAE     : setCAProperty(ContextAwareService.java:519) - [setProperty 02] Mutex is unlocked for SLOCATION_RUNNER
07-10 00:44:34.746  5674  5674 D SLocation: SLocationCoreSem - SemContextChanged type = 47, packet received
07-10 00:44:34.746  5306  5327 I SensorsHub: context 38 0 37 1,1,55,0,33,33,0,0,0,0,23,112,73,106,186,2,38,0,26,183,29,32,12,50,3,0,0,0,0,37,4,225,103,168,0,0,5,63, 144171578850948
07-10 00:44:34.746  5674  6793 D SemContextService: unlock : changeParameters
07-10 00:44:34.746  5674  6793 D SemContextManager:   .changeParameters : listener = com.samsung.android.location.semcontext.a@459a70d, service=SLocation Core
07-10 00:44:34.746  5306  5327 I SensorsHub: context 10 0 9 1,1,55,0,5,2,34,0,0,0, 144171578874102
07-10 00:44:34.746  5674  6793 I SLocation: SemContextParser -  parse start : 3
07-10 00:44:34.746  5674  6793 I SLocation: SemContextParser -  packet Length : 5packet total size : 10
07-10 00:44:34.746  5674  6793 I SLocation: SemContextParser - packet : [2, 2, 0, 0, 0]
07-10 00:44:34.746  5674  6793 D SLocation: GeofenceCoreManager - received Extra Data from core, len : 5
07-10 00:44:34.747  5674  6793 D SLocation: GeofenceCoreManager - handleCommandCallback - UNKNOWN_CALLBACK 2 SUCCESS
07-10 00:44:34.747  5674  6793 D SLocation: CommonCoreManager - received Extra Data from core, len : 5
07-10 00:44:34.747  5674  6793 D SLocation: CommonCoreManager - handleCommandCallback - FUNC_TYPE : SET_LOCATION ERROR_CODE : ERROR_NONE
07-10 00:44:34.747  5674  5859 D SensorHubManager: onGetSensorHubDataLocked: library(38) = 1, 1, 55, 0, 33, 33, 0, 0, 0, 0, 23, 112, 73, 106, -70, 2, 38, 0, 26, -73, 29, 32, 12, 50, 3, 0, 0, 0, 0, 37, 4, -31, 103, -88, 0, 0, 5, 63
07-10 00:44:34.747  5674  5859 D SensorHubManager: onGetSensorHubDataLocked: library(10) = 1, 1, 55, 0, 5, 2, 34, 0, 0, 0
07-10 00:44:34.747  5674  5860 D CAE     : onGetSensorHubData(SensorHubParserProvider.java:89) - onGetSensorHubData Event [event buffer len :38], AP_WAKEUP
07-10 00:44:34.747  5674  5860 I CAE     : parse(SensorHubParserProvider.java:190) - buffer size = 38
07-10 00:44:34.747  5674  5860 I CAE     : parse(SensorHubParserProvider.java:201) - 1, 1, 55, 0, 33, 33, 0, 0, 0, 0, 23, 112, 73, 106, -70, 2, 38, 0, 26, -73, 29, 32, 12, 50, 3, 0, 0, 0, 0, 37, 4, -31, 103, -88, 0, 0, 5, 63,
07-10 00:44:34.747  5674  5860 I CAE     : parse(SLocationRunner.java:88) - SLocationRunner parse start : 3
07-10 00:44:34.748  5674  5860 D CAE     : display(ContextProvider.java:375) - ================= SLOCATION_RUNNER =================
07-10 00:44:34.748  5674  5860 I CAE     : display(ContextProvider.java:391) - ExtraDataArray=[1, 1, 55, 0, 33, 33, 0, 0, 0, 0, 23, 112, 73, 106, -70, 2, 38, 0, 26, -73, 29, 32, 12, 50, 3, 0, 0, 0, 0, 37, 4, -31, 103, -88, 0, 0, 5, 63]
07-10 00:44:34.748  5674  5860 I CAE     : parse(SLocationRunner.java:96) - SLocationRunner parse end:38
07-10 00:44:34.748  5674  5860 D CAE     : onGetSensorHubData(SensorHubParserProvider.java:89) - onGetSensorHubData Event [event buffer len :10], AP_WAKEUP
07-10 00:44:34.748  5674  5860 I CAE     : parse(SensorHubParserProvider.java:190) - buffer size = 10
07-10 00:44:34.748  5674  5860 I CAE     : parse(SensorHubParserProvider.java:201) - 1, 1, 55, 0, 5, 2, 34, 0, 0, 0,
07-10 00:44:34.748  5674  5860 I CAE     : parse(SLocationRunner.java:88) - SLocationRunner parse start : 3
07-10 00:44:34.748  5674  5860 D CAE     : display(ContextProvider.java:375) - ================= SLOCATION_RUNNER =================
07-10 00:44:34.748  5674  5857 D SemContextService: Service.updateContext() : service = SLocation Core
07-10 00:44:34.749  5674  5860 I CAE     : display(ContextProvider.java:391) - ExtraDataArray=[1, 1, 55, 0, 5, 2, 34, 0, 0, 0]
07-10 00:44:34.749  5674  5860 I CAE     : parse(SLocationRunner.java:96) - SLocationRunner parse end:10
07-10 00:44:34.749  5674  5674 D SemContextManager: onSemContextChanged() : event = SLocation Core
07-10 00:44:34.749  5674  5674 D SLocation: SLocationCoreSem - SemContextChanged type = 47, packet received
07-10 00:44:34.749  5674  5857 D SemContextService: Service.updateContext() : service = SLocation Core
07-10 00:44:34.750  5674  5674 D SemContextManager: onSemContextChanged() : event = SLocation Core
07-10 00:44:34.750  5674  5674 D SLocation: SLocationCoreSem - SemContextChanged type = 47, packet received
07-10 00:44:34.750  5674  6793 I SLocation: SemContextParser -  parse start : 3
07-10 00:44:34.750  5674  6793 I SLocation: SemContextParser -  packet Length : 33packet total size : 38
07-10 00:44:34.750  5674  6793 I SLocation: SemContextParser - packet : [33, 0, 0, 0, 0, 23, 112, 73, 106, -70, 2, 38, 0, 26, -73, 29, 32, 12, 50, 3, 0, 0, 0, 0, 37, 4, -31, 103, -88, 0, 0, 5, 63]
07-10 00:44:34.750  5674  6793 I SLocation: SemContextParser -  parse start : 3
07-10 00:44:34.750  5674  6793 I SLocation: SemContextParser -  packet Length : 5packet total size : 10
07-10 00:44:34.750  5674  6793 I SLocation: SemContextParser - packet : [2, 34, 0, 0, 0]
07-10 00:44:34.750  5674  6793 D SLocation: GeofenceCoreManager - received Extra Data from core, len : 33
07-10 00:44:34.750  5674  6793 D SLocation: ARDistanceGetARDistance - convertSensorHubTimeToElapsedTime 1688928894201496834
07-10 00:44:34.751  5674  6793 D SLocation: ARDistanceGetARDistance - invalid location time from core pvt 1688928894201496834, do not use distance info
07-10 00:44:34.751  5674  6793 D SLocation: CommonCoreManager - received Extra Data from core, len : 33
07-10 00:44:34.751  5674  6793 D SLocation: GeofenceCoreManager - received Extra Data from core, len : 5
07-10 00:44:34.751  5674  6793 D SLocation: GeofenceCoreManager - handleCommandCallback - UNKNOWN_CALLBACK 34 SUCCESS
07-10 00:44:34.751  5674  6793 D SLocation: ARDistanceLibManager - command callback received - CURRENT_LOCATION_REQUEST_DISTANCE ERROR CODE : ERROR_NONE
07-10 00:44:34.751  5674  6793 D SLocation: CommonCoreManager - received Extra Data from core, len : 5
07-10 00:44:36.117  5674  7726 D SemWifiUsabilityStatsMonitor: onWifiUsabilityStats - seqNum 21121, isSameBssidAndFreq true
07-10 00:44:36.119  5674  6128 I SemWifiLinkQualityMonitor: Link Qos Query: 0.034 ms / 234.000 Mbps (390 / 0.000 / 1.667)
07-10 00:44:37.080 11611 11645 D Benchmark: timeNs[ 0:10]: 38211 37246 39022 38310 37165 37457 37640 40036 37402 45044
07-10 00:44:37.080 11611 11645 D Benchmark: timeNs[10:20]: 38377 39532 38600 37604 37356 37611 39088 37311 37297 37371
07-10 00:44:37.080 11611 11645 D Benchmark: timeNs[20:30]: 39330 37239 37211 37397 38582 39261 37360 37249 37404 38842
07-10 00:44:37.080 11611 11645 D Benchmark: timeNs[30:40]: 37290 37167 39807 38639 38267 37328 37378 38333 38992 37319
07-10 00:44:37.081 11611 11645 D Benchmark: timeNs[40:50]: 37308 37250 39475 37598 37343 37566 38829 37430 37452 37492
07-10 00:44:37.167 11611 11645 W _benchmark.test: Suspending all threads took: 24.601ms
07-10 00:44:37.188 11611 11645 W _benchmark.test: Suspending all threads took: 20.171ms
07-10 00:44:37.434 11611 11645 D Benchmark: allocationCount[ 0:10]: 43 43 43 43 43
07-10 00:44:37.434 11611 11645 D Benchmark: Set 11645 (Bench thread) to priority -8. Was -20, now -8
07-10 00:44:37.434 11611 11645 D Benchmark: Set 11624 (Jit) to priority 9. Was -15, now 9
07-10 00:44:37.434 11611 11645 D Benchmark: Warmup: t=0.276, iter=2543, fastAvg=64738, slowAvg=66617
07-10 00:44:37.434 11611 11645 I PerfettoCapture: Stopping perfetto.
07-10 00:44:37.472 15035 15035 I perfetto:    perfetto_cmd.cc:1168 SIGINT/SIGTERM received: disabling tracing.
07-10 00:44:37.474 11611 11645 D Benchmark: kill -TERM command output -
07-10 00:44:37.483  5424  5424 I perfetto:  probes_producer.cc:396 Producer stop (id=1137)
07-10 00:44:37.485  5424  5424 I perfetto:    ftrace_procfs.cc:342 disabled ftrace in /sys/kernel/tracing/
07-10 00:44:37.493  5674  6793 D SLocation: GeopointGeofenceManager - Location reported : fix method = 4 / 16.718
07-10 00:44:37.494  5674  6793 W Settings: Setting airplane_mode_on has moved from android.provider.Settings.System to android.provider.Settings.Global, returning read-only value.
07-10 00:44:37.497  5674  6793 D SLocation: LocationProcessingAlgorithm - entry condition - dist : 4650.9136 padding : 0.0, accuracy : 16.718, provider : network, dir : 2
07-10 00:44:37.497  5674  6793 D SLocation: LocationProcessingAlgorithm - entry condition - dist : 3807526.0 padding : 0.0, accuracy : 16.718, provider : network, dir : 2
07-10 00:44:37.498  5674  6793 D SLocation: LocationProcessingAlgorithm - entry condition - dist : 90747.29 padding : 0.0, accuracy : 16.718, provider : network, dir : 2
07-10 00:44:37.498  5674  6793 D SLocation: LocationProcessingAlgorithm - entry condition - dist : 3807949.5 padding : 0.0, accuracy : 16.718, provider : network, dir : 2
07-10 00:44:37.499  5674  6793 D SLocation: LocationProcessingAlgorithm - entry condition - dist : 682.8867 padding : 0.0, accuracy : 16.718, provider : network, dir : 2
07-10 00:44:37.500  5674  6793 D SLocation: LocationProcessingAlgorithm - entry condition - dist : 1917396.5 padding : 0.0, accuracy : 16.718, provider : network, dir : 2
07-10 00:44:37.500  5674  6793 D SLocation: LocationProcessingAlgorithm - entry condition - dist : 13348.2 padding : 0.0, accuracy : 16.718, provider : network, dir : 2
07-10 00:44:37.500  5674  6793 D SLocation: LocationProcessingAlgorithm - entry condition - dist : 3807949.5 padding : 0.0, accuracy : 16.718, provider : network, dir : 2
07-10 00:44:37.501  5674  6793 D SLocation: LocationProcessingAlgorithm - entry condition - dist : 1801177.2 padding : 0.0, accuracy : 16.718, provider : network, dir : 2
07-10 00:44:37.501  5674  6793 D SLocation: LocationProcessingAlgorithm - entry condition - dist : 662.40814 padding : 0.0, accuracy : 16.718, provider : network, dir : 2
07-10 00:44:37.502  5674  6793 D SLocation: ReceiverPairWithWifi - ignore direction of location due to wifi, id =11reason=400
07-10 00:44:37.503  5674  6793 D SLocation: LocationProcessingAlgorithm - entry condition - dist : 428.5759 padding : 0.0, accuracy : 16.718, provider : network, dir : 1
07-10 00:44:37.503  5674  6793 D SLocation: GeopointReceiver - send geopoint result - 1
07-10 00:44:37.544  4380  4380 I hwservicemanager: getTransport: Cannot find entry android.hardware.atrace@1.0::IAtraceDevice/default in either framework or device VINTF manifest.
07-10 00:44:37.552  5424  5424 I perfetto:  probes_producer.cc:396 Producer stop (id=1138)
07-10 00:44:37.553  5424  5424 I perfetto:  probes_producer.cc:396 Producer stop (id=1139)
07-10 00:44:37.583 15035 15035 I perfetto:    perfetto_cmd.cc:1124 Trace written into the output file
07-10 00:44:37.598 11611 11645 I PerfettoCapture: Writing to /storage/emulated/0/Android/data/org.jetbrains.android_benchmark.test/cache/AckermannBenchmark_mutableUniversalRefDouble_2023-07-09-22-44-37.perfetto-trace.
07-10 00:44:37.605  5436  5436 I perfetto: ng_service_impl.cc:2426 Tracing session 285 ended, total sessions:0
07-10 00:44:37.887 11611 11645 D Benchmark: Copying /storage/emulated/0/Android/data/org.jetbrains.android_benchmark.test/cache/AckermannBenchmark_mutableUniversalRefDouble_2023-07-09-22-44-37.perfetto-trace to /sdcard/Android/media/org.jetbrains.android_benchmark.test/additional_test_output/AckermannBenchmark_mutableUniversalRefDouble_2023-07-09-22-44-37.perfetto-trace
07-10 00:44:37.926  9843 14832 W MediaProvider: isAppCloneUserPair for user 0: false
07-10 00:44:38.005  5674  5694 D SyncManager: userId - 0 auto - true
07-10 00:44:38.093  5674  5745 W libprocessgroup: Failed to open /dev/blkio//cgroup.procs: No such file or directory
07-10 00:44:38.106 16924 14903 I NetworkScheduler.Stats: (REDACTED) Task %s/%s started execution. cause:%s exec_start_elapsed_seconds: %s
07-10 00:44:38.116 16924 10473 I NetworkScheduler.Stats: (REDACTED) Task %s/%s finished executing. cause:%s result: %s elapsed_millis: %s uptime_millis: %s exec_start_elapsed_seconds: %s
07-10 00:44:38.291 11611 11645 I Benchmark: AckermannBenchmark.mutableUniversalRefDouble[Metric (timeNs) results: median 37529.23218911917, min 37165.55440414508, max 45044.738989637306, standardDeviation: 1298.801418364403, Metric (allocationCount) results: median 43.0, min 43.0, max 43.0, standardDeviation: 0.0]count=1544
07-10 00:44:38.296 11611 11645 D Benchmark: writing results to /storage/emulated/0/Android/data/org.jetbrains.android_benchmark.test/cache/org.jetbrains.android_benchmark.test-benchmarkData.json
07-10 00:44:38.299 11611 11645 D Benchmark: Copying /storage/emulated/0/Android/data/org.jetbrains.android_benchmark.test/cache/org.jetbrains.android_benchmark.test-benchmarkData.json to /sdcard/Android/media/org.jetbrains.android_benchmark.test/additional_test_output/org.jetbrains.android_benchmark.test-benchmarkData.json
07-10 00:44:38.353  9843 15005 I MediaProvider: Deleted 0 0 0 0 0 0 0 items on external_primary due to org.jetbrains.android_benchmark.test
07-10 00:44:38.365 11611 11645 I TestRunner: finished: mutableUniversalRefDouble(org.jetbrains.android_benchmark.AckermannBenchmark)
