07-10 01:13:45.556 11611 11645 I TestRunner: started: mutableUniversalRefDouble(org.jetbrains.android_benchmark.Wolf3dBenchmark)
07-10 01:13:45.561 11611 11611 I MonitoringInstr: Activities that are still in CREATED to STOPPED: 1
07-10 01:13:45.561 11611 11611 I MonitoringInstr: Finishing activity: androidx.benchmark.IsolationActivity@c9a4959
07-10 01:13:45.577 11611 11645 I GrantPermissionCallable: Permission: android.permission.WRITE_EXTERNAL_STORAGE is already granted!
07-10 01:13:45.577 11611 11645 I GrantPermissionCallable: Permission: android.permission.READ_EXTERNAL_STORAGE is already granted!
07-10 01:13:45.578 11611 11645 D Benchmark: -- Running org.jetbrains.android_benchmark.Wolf3dBenchmark#mutableUniversalRefDouble --
07-10 01:13:45.580 11611 11645 D PerfettoCapture: Supported ABIs: arm64-v8a, armeabi-v7a, armeabi
07-10 01:13:45.581 11611 11645 D PerfettoCapture: Recording perfetto trace
07-10 01:13:45.633 11611 11645 I PerfettoCapture: Cleanup perfetto before starting.
07-10 01:13:45.799 11611 11645 I PerfettoCapture: Perfetto output file cleanup -
07-10 01:13:45.799 11611 11645 I PerfettoCapture: Starting perfetto tracing with cmd: cat /storage/emulated/0/Android/data/org.jetbrains.android_benchmark.test/cache/trace_config.pb | perfetto --background -c - -o /data/misc/perfetto-traces/trace_output.pb
07-10 01:13:45.988 25091 25091 I perfetto:    perfetto_cmd.cc:1001 Connected to the Perfetto traced service, starting tracing
07-10 01:13:45.994  5436  5436 I perfetto: ing_service_impl.cc:953 Configured tracing session 324, #sources:4, duration:0 ms, #buffers:2, total buffer size:36864 KB, total sessions:1, uid:2000 session name: ""
07-10 01:13:46.001  5424  5424 I perfetto:  probes_producer.cc:139 Ftrace setup (target_buf=647)
07-10 01:13:46.052 11611 11645 I PerfettoCapture: Perfetto output - 25091
07-10 01:13:46.052 11611 11645 I PerfettoCapture: EXITCODE=0
07-10 01:13:46.215 11611 11645 I PerfettoCapture: Perfetto tracing started successfully with pid 25091.
07-10 01:13:46.265  4380  4380 I hwservicemanager: getTransport: Cannot find entry android.hardware.atrace@1.0::IAtraceDevice/default in either framework or device VINTF manifest.
07-10 01:13:46.327  5424  5424 I perfetto:    ftrace_procfs.cc:335 enabled ftrace in /sys/kernel/tracing/
07-10 01:13:46.365 31102 31102 I Finsky  : [2] rkn.onDestroy(8): IPC-SERVER: Stopping gRPC host service...
07-10 01:13:46.473 11611 11645 I PerfettoCapture: /sys/kernel/tracing/tracing_on = 1, polled 1 times, capture fully started
07-10 01:13:46.475 11611 11645 D Benchmark: Set 11645 (Bench thread) to priority -20. Was -8, now -20
07-10 01:13:46.475 11611 11645 D Benchmark: Set 11624 (Jit) to priority -15. Was 9, now -15
07-10 01:13:46.622 11611 11645 I _benchmark.test: Explicit concurrent copying GC freed 385554(6615KB) AllocSpace objects, 1(20KB) LOS objects, 67% free, 3017KB/9161KB, paused 811us,78us total 146.078ms
07-10 01:13:46.802  5674  7726 D SemWifiUsabilityStatsMonitor: onWifiUsabilityStats - seqNum 21696, isSameBssidAndFreq true
07-10 01:13:46.805  5674  6128 I SemWifiLinkQualityMonitor: Link Qos Query: 0.041 ms / 195.000 Mbps (390 / 0.000 / 2.000)
07-10 01:13:46.946  9843 10427 I FuseDaemon: Threshold exceeded - fadvising 67108864
07-10 01:13:46.948  9843 10427 I FuseDaemon: Threshold now 0
07-10 01:13:47.019 15865 16587 W bt_stack: Unhandled vendor specific event of type 0x90
07-10 01:13:47.023 15865 16587 W bt_stack: Connection failed classic remote:xx:xx:xx:xx:b3:b1 reason:PAGE_TIMEOUT
07-10 01:13:47.076 15865 16649 W bt_l2cap: L2CAP - no CCB for L2CA_disc_req, CID: 91
07-10 01:13:47.149 15865 16679 E bt_btif_sock_rfcomm: find_rfc_slot_by_id unable to find RFCOMM slot id: 105
07-10 01:13:47.151 16924 18133 W WearableConn: Failed to connect, error: read failed, socket might closed or timeout, read ret: -1
07-10 01:13:47.152 16924 18133 D BluetoothSocket: close() this: android.bluetooth.BluetoothSocket@653b53a, channel: -1, mSocketIS: android.net.LocalSocketImpl$SocketInputStream@7b805eb, mSocketOS: android.net.LocalSocketImpl$SocketOutputStream@9ea4f48, mSocket: android.net.LocalSocket@69be1e1 impl:android.net.LocalSocketImpl@437eb06 fd:java.io.FileDescriptor@20f15c7, mSocketState: INIT
07-10 01:13:47.156 15865 16649 W btm_acl : Unable to find active acl
07-10 01:13:47.169 16924 18133 I WearableConn: Setting alarm for 256.0 seconds to retry connection
07-10 01:13:47.205 16924 18133 I AlarmManager: setExactAndAllowWhileIdle [name: WearableBluetooth type: 2 triggerAtMillis: 146179999]
07-10 01:13:47.283 15865 16182 D BluetoothUtils: getBtEnabledContainers(): btContainers = []
07-10 01:13:47.295 15865 16182 D BluetoothUtils: getBtEnabledContainers(): btContainers = []
07-10 01:13:47.303  6461  6566 V BluetoothEventManager: onReceive :: android.bluetooth.device.action.NAME_CHANGED
07-10 01:13:47.321  6461  6566 I BluetoothAdapter: STATE_ON
07-10 01:13:47.370  6461  6566 D CachedBluetoothDeviceManager: onDeviceNameUpdated :: skip same name update
07-10 01:13:47.370  6461  6566 V BluetoothEventManager: onReceive :: android.bluetooth.device.action.CLASS_CHANGED
07-10 01:13:47.382  6461  6566 V BluetoothEventManager: onReceive :: com.samsung.bluetooth.device.action.MANUFACTURER_CHANGED
07-10 01:13:48.002  5674  5886 I HqmInfo::HqmManagerService: MSG_TYPE:MSG_TYPE_PROCESS_LOG_BY_HQM
07-10 01:13:48.079  5287  5287 D Zygote  : Forked child process 25110
07-10 01:13:48.126 25110 25110 I android.dqagent: Using CollectorTypeCC GC.
07-10 01:13:48.141 25110 25110 E android.dqagent: Not starting debugger since process cannot load the jdwp agent.
07-10 01:13:48.152 25110 25110 W libc    : Access denied finding property "sys.perf.boostopt"
07-10 01:13:48.153 25110 25123 W libc    : Access denied finding property "sys.perf.boostopt"
07-10 01:13:48.153  5262  5262 E audit   : type=1400 audit(1688944428.149:69874): avc:  denied  { read } for  pid=25110 comm="android.dqagent" name="u:object_r:perf_prop:s0" dev="tmpfs" ino=10663 scontext=u:r:system_app:s0 tcontext=u:object_r:perf_prop:s0 tclass=file permissive=0 SEPF_SM-A515F_13_0001 audit_filtered
07-10 01:13:48.153  5262  5262 E audit   : type=1300 audit(1688944428.149:69874): arch=c00000b7 syscall=56 success=no exit=-13 a0=ffffff9c a1=7fcf7d5458 a2=88000 a3=0 items=0 ppid=5287 pid=25110 auid=4294967295 uid=1000 gid=1000 euid=1000 suid=1000 fsuid=1000 egid=1000 sgid=1000 fsgid=1000 tty=(none) ses=4294967295 comm="android.dqagent" exe="/system/bin/app_process64" subj=u:r:system_app:s0 key=(null)
07-10 01:13:48.153  5262  5262 E audit   : type=1327 audit(1688944428.149:69874): proctitle="zygote64"
07-10 01:13:48.154  5262  5262 E audit   : type=1400 audit(1688944428.149:69875): avc:  denied  { read } for  pid=25110 comm="binder:25110_1" name="u:object_r:perf_prop:s0" dev="tmpfs" ino=10663 scontext=u:r:system_app:s0 tcontext=u:object_r:perf_prop:s0 tclass=file permissive=0 SEPF_SM-A515F_13_0001 audit_filtered
07-10 01:13:48.154  5262  5262 E audit   : type=1300 audit(1688944428.149:69875): arch=c00000b7 syscall=56 success=no exit=-13 a0=ffffff9c a1=7b7d46f2f8 a2=88000 a3=0 items=0 ppid=5287 pid=25110 auid=4294967295 uid=1000 gid=1000 euid=1000 suid=1000 fsuid=1000 egid=1000 sgid=1000 fsgid=1000 tty=(none) ses=4294967295 comm="binder:25110_1" exe="/system/bin/app_process64" subj=u:r:system_app:s0 key=(null)
07-10 01:13:48.155 25110 25110 D ActivityThread: setConscryptValidator
07-10 01:13:48.156 25110 25110 D ActivityThread: setConscryptValidator - put
07-10 01:13:48.191 25110 25110 D CompatibilityChangeReporter: Compat change id reported: 171979766; UID 1000; state: ENABLED
07-10 01:13:48.191 25110 25123 W libc    : Access denied finding property "sys.perf.boostopt"
07-10 01:13:48.400 25110 25110 I DIAGMON_SDK[605054]: DiagMonAgent type: 2
07-10 01:13:48.400 25110 25110 I DIAGMON_SDK[605054][999-399-549750] : generated SR object
07-10 01:13:48.470  9809 10508 I DMASA[D][999-399-549750]: [DiagmonProvider]Received msg based on provider : true / anr_logging
07-10 01:13:48.476  9809 10508 I DMASA[D][999-399-549750]: [DiagmonProvider]Signature Check Success
07-10 01:13:48.481  9843 10427 I FuseDaemon: Threshold exceeded - fadvising 67108864
07-10 01:13:48.481  9843 10427 I FuseDaemon: Threshold now 0
07-10 01:13:48.502  4613  4613 W keymaster_tee: [WRN]begin req PARAMS: A32 B2 P64
07-10 01:13:48.523 25110 25130 I DIAGMON_SDK[605054][999-399-549750] : Results : Success
07-10 01:13:48.717 25110 25131 I DQA     : [DQADatabaseOpenHelper]db open success
07-10 01:13:49.576 31135 31148 I hbox:interactor: Background young concurrent copying GC freed 78369(6807KB) AllocSpace objects, 0(0B) LOS objects, 45% free, 8112KB/14MB, paused 715us,138us total 166.772ms
07-10 01:13:49.832  5674  7726 D SemWifiUsabilityStatsMonitor: onWifiUsabilityStats - seqNum 21697, isSameBssidAndFreq true
07-10 01:13:49.835  5674  6128 I SemWifiLinkQualityMonitor: Link Qos Query: 0.041 ms / 195.000 Mbps (390 / 0.000 / 2.000)
07-10 01:13:49.837  6461  6461 D NetworkController.WifiSignalController: notifyListener: visible=true, connected=true, inetCondition=1, isDefault=true, wifiTestReported=true, receivedInetCondition=-1, hideDuringMobileSwitching=false
07-10 01:13:50.006  9843 10427 I FuseDaemon: Threshold exceeded - fadvising 67108864
07-10 01:13:50.006  9843 10427 I FuseDaemon: Threshold now 0
07-10 01:13:51.518  9843 10427 I FuseDaemon: Threshold exceeded - fadvising 67108864
07-10 01:13:51.518  9843 10427 I FuseDaemon: Threshold now 0
07-10 01:13:52.563 29789 25141 I GmscoreIpa: Starting mediastore instant index [CONTEXT service_id=255 ]
07-10 01:13:52.871  5674  7726 D SemWifiUsabilityStatsMonitor: onWifiUsabilityStats - seqNum 21698, isSameBssidAndFreq true
07-10 01:13:52.873  5674  6128 I SemWifiLinkQualityMonitor: Link Qos Query: 0.041 ms / 195.000 Mbps (390 / 0.000 / 2.000)
07-10 01:13:53.112  9843 10427 I FuseDaemon: Threshold exceeded - fadvising 67108864
07-10 01:13:53.112  9843 10427 I FuseDaemon: Threshold now 0
07-10 01:13:53.436 16924 16924 D BoundBrokerSvc: onUnbind: Intent { act=com.google.android.gms.phenotype.service.START dat=chimera-action:/... cmp=com.google.android.gms/.chimera.PersistentApiService }
07-10 01:13:54.594  9843 10427 I FuseDaemon: Threshold exceeded - fadvising 67108864
07-10 01:13:54.594  9843 10427 I FuseDaemon: Threshold now 0
07-10 01:13:54.602  5674  6164 D WifiConnectivityMonitor: Stop WCM Poll. cnt : 9
07-10 01:13:55.895  5674  7726 D SemWifiUsabilityStatsMonitor: onWifiUsabilityStats - seqNum 21699, isSameBssidAndFreq true
07-10 01:13:55.897  5674  6128 I SemWifiLinkQualityMonitor: Link Qos Query: 0.041 ms / 195.000 Mbps (390 / 0.000 / 2.000)
07-10 01:13:56.092  9843 10427 I FuseDaemon: Threshold exceeded - fadvising 67108864
07-10 01:13:56.093  9843 10427 I FuseDaemon: Threshold now 0
07-10 01:13:56.453  5674  5745 W libprocessgroup: Failed to open /dev/blkio//cgroup.procs: No such file or directory
07-10 01:13:56.990 31135 32652 I native  : I0000 00:00:1688944436.990293   32652 soda_async_impl.cc:1540] Current audio timestamp: 1688944436620242
07-10 01:13:57.116  5362  5362 I SurfaceFlinger: SFWD update time=134686486756395
07-10 01:13:58.371 31135 31454 I A       : (REDACTED) #onAudioData: %s bytes, getAudioReadSize %s
07-10 01:13:58.932  5674  7726 D SemWifiUsabilityStatsMonitor: onWifiUsabilityStats - seqNum 21700, isSameBssidAndFreq true
07-10 01:13:58.934  5674  6128 I SemWifiLinkQualityMonitor: Link Qos Query: 0.041 ms / 195.000 Mbps (390 / 0.000 / 2.000)
07-10 01:13:59.688  5674  6055 D ConnectivityService: reportNetworkActive, notify 0 listeners
07-10 01:14:00.016  6461  7078 D QSClockBellTower: onReceive(android.intent.action.TIME_TICK) mTimeZoneString:null
07-10 01:14:00.046  6461  6461 D KeyguardUpdateMonitor: received broadcast android.intent.action.TIME_TICK
07-10 01:14:00.088  6461  6461 D QSClockBellTower: He is ready to ring the bell. (((QSClockBellSound - TimeText:01:14, TimeContentDescription:01:14, DateText:Mon, 10 July, ShortDateText:Mon, 10 Jul, Demo:false, QuickStar-Second(false|12:34:56))))
07-10 01:14:00.093  6461  6461 D QSClockIndicatorView: Home Indicator status_bar_clock 01:14 notifyTimeChanged(QSClockBellSound - TimeText:01:14, TimeContentDescription:01:14, DateText:Mon, 10 July, ShortDateText:Mon, 10 Jul, Demo:false, QuickStar-Second(false|12:34:56)) ClockVisibleByPolicy:true, ClockVisibleByUser:true, visible?false, parent:android.widget.LinearLayout{503272 V.E...... ........ 0,0-0,55 #7f0b04f0 app:id/left_clock_container}
07-10 01:14:00.094  6461  6461 D QSClockBellTower: Everyone heard the bell. run(currentTime:1688944440085,   getTime():Mon Jul 10 01:14:00 GMT+02:00 2023,   getTimeZone():libcore.util.ZoneInfo[mDstSavings=3600000,mUseDst=true,mDelegate=[id="Europe/Belgrade",mRawOffset=3600000,mEarliestRawOffset=4920000,transitions=119]])
07-10 01:14:00.168  6461  6461 I FaceWidgetPositionAlgorithm: getClockContainerHeight() supplier = 270, bottom margin = 0, real height = 333
07-10 01:14:00.180  6461  6461 I FaceWidgetPositionAlgorithm: getClockContainerHeight() supplier = 270, bottom margin = 63, real height = 333
07-10 01:14:00.181  6461  6461 I FaceWidgetPositionAlgorithm: getMediaContainerHeight() height = 0 container Visibility = 8, isValid = false, mIsDozing = false, fraction = 1.0, source = 0, target = 0
07-10 01:14:00.181  6461  6461 I FaceWidgetPositionAlgorithm: getMediaContainerHeight() supplier = 0
07-10 01:14:00.201  6461  6461 V QsExpandAnimator: setQsExpansionPosition 0.0
07-10 01:14:00.245  6461  6461 D KeyguardUpdateMonitor: handleTimeUpdate
07-10 01:14:00.251  6461  6461 D FaceWidgetPagesController: onTimeChanged()
07-10 01:14:00.252  6461  6461 V QsExpandAnimator: updateAnimators
07-10 01:14:00.252  6461  6461 V QsExpandAnimator: clearAnimationState
07-10 01:14:00.253  6461  6461 V QsExpandAnimator: updateViews
07-10 01:14:00.259  6461  6461 V QsExpandAnimator: updateTileAnimator
07-10 01:14:00.264  6461  6461 V QsExpandAnimator: updateHeaderAnimator
07-10 01:14:00.265  6461  6461 V QsExpandAnimator: updateBarAnimator
07-10 01:14:00.266  6461  6461 V QsExpandAnimator: setQsExpansionPosition 0.0
07-10 01:14:00.266  6461  6461 V QsExpandAnimator: onAnimationAtStart
07-10 01:14:00.705  6461  6461 D TileLifecycleManager: Unbinding service Intent { cmp=ch.protonvpn.android/com.protonvpn.android.components.QuickTileService (has extras) } UserHandle{0}
07-10 01:14:00.723  5353  5543 V APM_AudioPolicyManager: setAppState(portId:1005, state:1)
07-10 01:14:00.741  5353  5543 V APM_AudioPolicyManager: setAppState(portId:1005, state:1)
07-10 01:14:01.065  5325  5325 E sehhealth-service: Could not open /sys/class/power_supply/battery/lrp
07-10 01:14:01.561 31135 31440 I BluetoothAdapter: STATE_ON
07-10 01:14:01.573 31135 31440 D BluetoothGatt: connect() - device: 645DF4_1, auto: false
07-10 01:14:01.573 31135 31440 D BluetoothGatt: registerApp()
07-10 01:14:01.575 31135 31440 D BluetoothGatt: registerApp() - UUID=d8448992-5566-4bf3-8e16-da0b01c3a728
07-10 01:14:01.593 15865 19381 D BtGatt.GattService: registerClient(com.google.android.googlequicksearchbox) - UUID=d8448992-5566-4bf3-8e16-da0b01c3a728
07-10 01:14:01.603 15865 19381 D BtGatt.ContextMap: add() - appUid: 10233, appPid: 31135, appName: com.google.android.googlequicksearchbox
07-10 01:14:01.611 31135 31440 I GattConnObserver: GATT connect started, beginning countdown timer
07-10 01:14:01.611 15865 16649 W bt_bta_gattc: bta_gattc_register :: state: 2, uuid=d8448992-5566-4bf3-8e16-da0b01c3a728
07-10 01:14:01.613 15865 16649 W bt_bta_gattc: Registered GATT client interface 6 with uuid=d8448992-5566-4bf3-8e16-da0b01c3a728, starting it on main thread
07-10 01:14:01.614 15865 16649 W bt_bta_gattc: client_if=6
07-10 01:14:01.616 15865 16182 D BtGatt.GattService: onClientRegistered() - UUID=d8448992-5566-4bf3-8e16-da0b01c3a728, clientIf=6
07-10 01:14:01.620 31135 31905 D BluetoothGatt: onClientRegistered() - status=0 clientIf=6
07-10 01:14:01.637 15865 19381 D BtGatt.GattService: clientConnect(com.google.android.googlequicksearchbox) - address = 645DF4_1, isDirect=true transport =2 set own addr = false own addr type:0, clientIf: 6, opportunistic=false, phy: 1
07-10 01:14:01.648 15865 16649 W bt_btm_ble: BTM_SecAddBleDevice :: dev_type=0x3
07-10 01:14:01.649 15865 16649 W bt_bta_gattc: bta_gattc_process_api_open
07-10 01:14:01.656 15865 16649 I bt_stack: [INFO:bta_gattc_main.cc(314)] bta_gattc_sm_execute: State 0x00, Event 0x1f00
07-10 01:14:01.658 15865 16649 W bt_bta_gattc: bta_gattc_open
07-10 01:14:01.659 15865 16649 W bt_stack: [WARNING:gatt_api.cc(1238)] GATT_Connect
07-10 01:14:01.661 15865 16649 W bt_stack: Starting direct connect gatt_if=6 address=645df4
07-10 01:14:01.662 15865 16649 W bt_stack: gatt_act_connect
07-10 01:14:01.671 15865 16649 I bt_stack: [INFO:gatt_attr.cc(886)] gatt_sr_init_cl_status: bda=645df4, cl_supp_feat=0000, aware=1
07-10 01:14:01.673 15865 16649 W bt_stack: gatt_connect
07-10 01:14:01.673 15865 16649 W bt_stack: gatt_connect :: call acl_create_le_connection_with_id
07-10 01:14:01.674 15865 16649 W btm_acl : Creating le direct connection to:xx:xx:xx:xx:b3:b1[public]
07-10 01:14:01.676 15865 16649 W bt_stack: AcceptLeConnectionFrom xx:xx:xx:xx:b3:b1
07-10 01:14:01.679 15865 16587 W bt_stack: Allow Le connection from remote:xx:xx:xx:xx:b3:b1[PUBLIC_DEVICE_ADDRESS]
07-10 01:14:01.681 15865 16587 W bt_stack: create_le_connection :: address : 64:5d:f4, add_to_connect_list : 1, is_direct : 1
07-10 01:14:01.683 15865 16587 W bt_stack: add_device_to_connect_list 64:5d:f4 :: Send command after register
07-10 01:14:01.683 15865 16587 W bt_stack: add_device_to_connect_list :: Device is found in security db(64:5d:f4 -> 645df4)
07-10 01:14:01.683 15865 16587 W bt_stack: add_device_to_connect_list :: set address_with_type as identity_addr
07-10 01:14:01.684 15865 16587 W bt_stack: Fast Connection Mode is already Set!!!
07-10 01:14:01.687 15865 16587 W bt_stack: Deferred until filter accept list has completed
07-10 01:14:01.688 15865 16587 W bt_stack: pause_registered_clients()
07-10 01:14:01.688 15865 16587 W bt_stack: le_scanning_manager :: OnPause()
07-10 01:14:01.688 15865 16587 W bt_stack: Stop LeSetScanEnable
07-10 01:14:01.688 15865 16587 W bt_stack: le_scanning_manager :: OnPause() - call AckPause
07-10 01:14:01.688 15865 16587 W bt_stack: le_impl :: OnPause()
07-10 01:14:01.688 15865 16587 W bt_stack: le_impl :: ConnectabilityState is DISARMED. Call AckPause()
07-10 01:14:01.688 15865 16587 W bt_stack: pause_registered_clients()
07-10 01:14:01.690 15865 16587 W bt_stack: le_address_manager :: ack_pause()
07-10 01:14:01.690 15865 16587 W bt_stack: le_address_manager :: ack_pause() - make sure all client paused. Return
07-10 01:14:01.690 15865 16587 W bt_stack: le_address_manager :: ack_pause()
07-10 01:14:01.690 15865 16587 W bt_stack: le_address_manager :: ack_pause() - handle_next_command
07-10 01:14:01.690 15865 16587 W bt_stack: handle_next_command()
07-10 01:14:01.700 15865 16587 W bt_stack: Received command complete with op_code LE_ADD_DEVICE_TO_FILTER_ACCEPT_LIST
07-10 01:14:01.702 15865 16587 W bt_stack: handle_next_command()
07-10 01:14:01.704 15865 16587 W bt_stack: Received command complete with op_code LE_ADD_DEVICE_TO_FILTER_ACCEPT_LIST
07-10 01:14:01.704 15865 16587 W bt_stack: le_scanning_manager :: OnResume()
07-10 01:14:01.705 15865 16587 W bt_stack: Start LeSetScan
07-10 01:14:01.705 15865 16587 W bt_stack: le_scanning_manager :: OnResume() - call AckResume
07-10 01:14:01.705 15865 16587 W bt_stack: le_impl :: OnResume()
07-10 01:14:01.705 15865 16587 W bt_stack: le_impl :: OnResume - Try arm connectability
07-10 01:14:01.706 15865 16587 W bt_stack: arm_connectability()
07-10 01:14:01.711 15865 16587 W bt_stack: le_impl :: check_for_unregister()
07-10 01:14:01.711 15865 16587 W bt_stack: le_address_manager :: ack_resume()
07-10 01:14:01.712 15865 16587 W bt_stack: le_address_manager :: ack_resume()
07-10 01:14:01.717 15865 16587 E bt_stack: on_create_connection :: Command status is success. Set ConnectabilityState to ARMED
07-10 01:14:01.980  5674  7726 D SemWifiUsabilityStatsMonitor: onWifiUsabilityStats - seqNum 21701, isSameBssidAndFreq true
07-10 01:14:01.982  5674  6128 I SemWifiLinkQualityMonitor: Link Qos Query: 0.041 ms / 195.000 Mbps (390 / 0.000 / 2.000)
07-10 01:14:02.158 11611 11645 D Benchmark: THERMAL THROTTLE DETECTED, SLEEPING FOR 90 SECONDS
07-10 01:14:02.937  5674  5745 W libprocessgroup: Failed to open /dev/blkio//cgroup.procs: No such file or directory
07-10 01:14:04.043  5287  5287 D Zygote  : Forked child process 25156
07-10 01:14:04.117 25156 25156 I com.Slack: Using CollectorTypeCC GC.
07-10 01:14:04.138 25156 25156 W libc    : Access denied finding property "sys.perf.boostopt"
07-10 01:14:04.138  7250  7275 I adbd    : jdwp connection from 25156
07-10 01:14:04.138  5262  5262 E audit   : type=1400 audit(1688944444.137:69877): avc:  denied  { read } for  pid=25156 comm="com.Slack" name="u:object_r:perf_prop:s0" dev="tmpfs" ino=10663 scontext=u:r:untrusted_app:s0:c73,c257,c512,c768 tcontext=u:object_r:perf_prop:s0 tclass=file permissive=0 SEPF_SM-A515F_13_0001 audit_filtered
07-10 01:14:04.139  5262  5262 E audit   : type=1300 audit(1688944444.137:69877): arch=c00000b7 syscall=56 success=no exit=-13 a0=ffffff9c a1=7fcf7d5458 a2=88000 a3=0 items=0 ppid=5287 pid=25156 auid=4294967295 uid=10329 gid=10329 euid=10329 suid=10329 fsuid=10329 egid=10329 sgid=10329 fsgid=10329 tty=(none) ses=4294967295 comm="com.Slack" exe="/system/bin/app_process64" subj=u:r:untrusted_app:s0:c73,c257,c512,c768 key=(null)
07-10 01:14:04.139  5262  5262 E audit   : type=1327 audit(1688944444.137:69877): proctitle="zygote64"
07-10 01:14:04.139 25156 25169 W libc    : Access denied finding property "sys.perf.boostopt"
07-10 01:14:04.140  5262  5262 E audit   : type=1400 audit(1688944444.137:69878): avc:  denied  { read } for  pid=25156 comm="binder:25156_1" name="u:object_r:perf_prop:s0" dev="tmpfs" ino=10663 scontext=u:r:untrusted_app:s0:c73,c257,c512,c768 tcontext=u:object_r:perf_prop:s0 tclass=file permissive=0 SEPF_SM-A515F_13_0001 audit_filtered
07-10 01:14:04.143 25156 25156 D ActivityThread: setConscryptValidator
07-10 01:14:04.143 25156 25156 D ActivityThread: setConscryptValidator - put
07-10 01:14:04.157  5353  5543 V APM_AudioPolicyManager: setAppState(portId:1005, state:1)
07-10 01:14:04.163 25156 25170 W libc    : Access denied finding property "sys.perf.boostopt"
07-10 01:14:04.163 25156 25156 D CompatibilityChangeReporter: Compat change id reported: 171979766; UID 10329; state: ENABLED
07-10 01:14:04.169 25156 25174 W libc    : Access denied finding property "sys.perf.boostopt"
07-10 01:14:04.199 25156 25156 D nativeloader: Configuring classloader-namespace for other apk /system/framework/org.apache.http.legacy.jar. target_sdk_version=33, uses_libraries=ALL, library_path=/data/app/~~JFd20ECfDZl-D3xUqkjv2w==/com.Slack-7GWrc_iX7AQnJ-6MS_OxsQ==/lib/arm64:/data/app/~~JFd20ECfDZl-D3xUqkjv2w==/com.Slack-7GWrc_iX7AQnJ-6MS_OxsQ==/base.apk!/lib/arm64-v8a:/data/app/~~JFd20ECfDZl-D3xUqkjv2w==/com.Slack-7GWrc_iX7AQnJ-6MS_OxsQ==/split_config.arm64_v8a.apk!/lib/arm64-v8a:/data/app/~~JFd20ECfDZl-D3xUqkjv2w==/com.Slack-7GWrc_iX7AQnJ-6MS_OxsQ==/split_config.xxhdpi.apk!/lib/arm64-v8a, permitted_path=/data:/mnt/expand:/data/user/0/com.Slack
07-10 01:14:04.199 25156 25156 D nativeloader: Extending system_exposed_libraries: libhumantracking.arcsoft.so:libPortraitDistortionCorrection.arcsoft.so:libPortraitDistortionCorrectionCali.arcsoft.so:libface_landmark.arcsoft.so:libFacialStickerEngine.arcsoft.so:libveengine.arcsoft.so:liblow_light_hdr.arcsoft.so:libhigh_dynamic_range.arcsoft.so:libFacialAttributeDetection.arcsoft.so:libBeauty_v4.camera.samsung.so:libexifa.camera.samsung.so:libjpega.camera.samsung.so:libOpenCv.camera.samsung.so:libImageScreener.camera.samsung.so:libMyFilter.camera.samsung.so:libtensorflowLite.myfilter.camera.samsung.so:libtensorflowlite_inference_api.myfilter.camera.samsung.so:libEventFinder.camera.samsung.so:libHIDTSnapJNI.camera.samsung.so:libSmartScan.camera.samsung.so:libRectify.camera.samsung.so:libDocRectifyWrapper.camera.samsung.so:libUltraWideDistortionCorrection.camera.samsung.so:libHpr_RecGAE_cvFeature_v1.0.camera.samsung.so:libHprFace_GAE_api.camera.samsung.so:libFace_Landmark_API.camera.samsung.so:libHprFace_GAE_jni.camera.samsung.so:libFacialBasedSelfieCorrec
07-10 01:14:04.261 25156 25156 W ziparchive: Unable to open '/data/app/~~JFd20ECfDZl-D3xUqkjv2w==/com.Slack-7GWrc_iX7AQnJ-6MS_OxsQ==/split_config.arm64_v8a.dm': No such file or directory
07-10 01:14:04.261 25156 25156 W ziparchive: Unable to open '/data/app/~~JFd20ECfDZl-D3xUqkjv2w==/com.Slack-7GWrc_iX7AQnJ-6MS_OxsQ==/split_config.arm64_v8a.dm': No such file or directory
07-10 01:14:04.262 25156 25156 W com.Slack: Entry not found
07-10 01:14:04.264 25156 25156 W ziparchive: Unable to open '/data/app/~~JFd20ECfDZl-D3xUqkjv2w==/com.Slack-7GWrc_iX7AQnJ-6MS_OxsQ==/split_config.xxhdpi.dm': No such file or directory
07-10 01:14:04.264 25156 25156 W ziparchive: Unable to open '/data/app/~~JFd20ECfDZl-D3xUqkjv2w==/com.Slack-7GWrc_iX7AQnJ-6MS_OxsQ==/split_config.xxhdpi.dm': No such file or directory
07-10 01:14:04.265 25156 25156 W com.Slack: Entry not found
07-10 01:14:04.267 25156 25156 D nativeloader: Configuring classloader-namespace for other apk /data/app/~~JFd20ECfDZl-D3xUqkjv2w==/com.Slack-7GWrc_iX7AQnJ-6MS_OxsQ==/base.apk:/data/app/~~JFd20ECfDZl-D3xUqkjv2w==/com.Slack-7GWrc_iX7AQnJ-6MS_OxsQ==/split_config.arm64_v8a.apk:/data/app/~~JFd20ECfDZl-D3xUqkjv2w==/com.Slack-7GWrc_iX7AQnJ-6MS_OxsQ==/split_config.xxhdpi.apk. target_sdk_version=33, uses_libraries=, library_path=/data/app/~~JFd20ECfDZl-D3xUqkjv2w==/com.Slack-7GWrc_iX7AQnJ-6MS_OxsQ==/lib/arm64:/data/app/~~JFd20ECfDZl-D3xUqkjv2w==/com.Slack-7GWrc_iX7AQnJ-6MS_OxsQ==/base.apk!/lib/arm64-v8a:/data/app/~~JFd20ECfDZl-D3xUqkjv2w==/com.Slack-7GWrc_iX7AQnJ-6MS_OxsQ==/split_config.arm64_v8a.apk!/lib/arm64-v8a:/data/app/~~JFd20ECfDZl-D3xUqkjv2w==/com.Slack-7GWrc_iX7AQnJ-6MS_OxsQ==/split_config.xxhdpi.apk!/lib/arm64-v8a, permitted_path=/data:/mnt/expand:/data/user/0/com.Slack
07-10 01:14:04.272 25156 25156 W com.Slack: JIT profile information will not be recorded: profile file does not exist.
07-10 01:14:04.272 25156 25156 W com.Slack: JIT profile information will not be recorded: profile file does not exist.
07-10 01:14:04.306 25156 25156 V GraphicsEnvironment: ANGLE Developer option for 'com.Slack' set to: 'default'
07-10 01:14:04.307 25156 25156 V GraphicsEnvironment: ANGLE GameManagerService for com.Slack: false
07-10 01:14:04.307 25156 25156 V GraphicsEnvironment: Neither updatable production driver nor prerelease driver is supported.
07-10 01:14:04.313 25156 25156 D NetworkSecurityConfig: No Network Security Config specified, using platform default
07-10 01:14:04.319 25156 25156 D NetworkSecurityConfig: No Network Security Config specified, using platform default
07-10 01:14:04.382 25156 25156 D CompatibilityChangeReporter: Compat change id reported: 183155436; UID 10329; state: ENABLED
07-10 01:14:04.748 25156 25156 W BugsnagNDK: Initialization complete!
07-10 01:14:04.773 25156 25193 D ConnectivityManager: StackLog: [android.net.ConnectivityManager.sendRequestForNetwork(ConnectivityManager.java:4300)] [android.net.ConnectivityManager.registerDefaultNetworkCallbackForUid(ConnectivityManager.java:4864)] [android.net.ConnectivityManager.registerDefaultNetworkCallback(ConnectivityManager.java:4831)] [android.net.ConnectivityManager.registerDefaultNetworkCallback(ConnectivityManager.java:4805)] [com.bugsnag.android.ConnectivityApi24.registerForNetworkChanges(Unknown Source:4)] [com.bugsnag.android.ConnectivityCompat.registerForNetworkChanges(Unknown Source:2)] [androidx.work.Worker$1.run(Unknown Source:679)] [java.util.concurrent.Executors$RunnableAdapter.call(Executors.java:463)] [java.util.concurrent.FutureTask.run(FutureTask.java:264)] [java.util.concurrent.ThreadPoolExecutor.runWorker(ThreadPoolExecutor.java:1137)] [java.util.concurrent.ThreadPoolExecutor$Worker.run(ThreadPoolExecutor.java:637)] [java.lang.Thread.run(Thread.java:1012)]
07-10 01:14:04.777  5674  5694 D ConnectivityService: requestNetwork for uid/pid:10329/25156 activeRequest: null callbackRequest: 16648 [NetworkRequest [ REQUEST id=16649, [ Capabilities: INTERNET&NOT_RESTRICTED&TRUSTED&NOT_VCN_MANAGED Uid: 10329 RequestorUid: 10329 RequestorPkg: com.Slack UnderlyingNetworks: Null] ]] callback flags: 0 order: 2147483647
07-10 01:14:04.778  5674  6055 D ConnectivityService:    accepting network in place of null
07-10 01:14:04.786  5674  6045 D WifiNetworkFactory: got request NetworkRequest [ REQUEST id=16649, [ Capabilities: INTERNET&NOT_RESTRICTED&TRUSTED&NOT_VCN_MANAGED Uid: 10329 RequestorUid: 10329 RequestorPkg: com.Slack UnderlyingNetworks: Null] ]
07-10 01:14:04.787  5674  6045 D UntrustedWifiNetworkFactory: got request NetworkRequest [ REQUEST id=16649, [ Capabilities: INTERNET&NOT_RESTRICTED&TRUSTED&NOT_VCN_MANAGED Uid: 10329 RequestorUid: 10329 RequestorPkg: com.Slack UnderlyingNetworks: Null] ]
07-10 01:14:04.789  5674  6045 D OemPaidWifiNetworkFactory: got request NetworkRequest [ REQUEST id=16649, [ Capabilities: INTERNET&NOT_RESTRICTED&TRUSTED&NOT_VCN_MANAGED Uid: 10329 RequestorUid: 10329 RequestorPkg: com.Slack UnderlyingNetworks: Null] ]
07-10 01:14:04.790  5674  6045 D MultiInternetWifiNetworkFactory: got request NetworkRequest [ REQUEST id=16649, [ Capabilities: INTERNET&NOT_RESTRICTED&TRUSTED&NOT_VCN_MANAGED Uid: 10329 RequestorUid: 10329 RequestorPkg: com.Slack UnderlyingNetworks: Null] ]
07-10 01:14:04.795  5674  6055 D ConnectivityService: Rematched networks [computed 0ms] [applied 3ms] [issued 14]
07-10 01:14:04.795  5674  6055 D ConnectivityService: NetworkReassignment :
07-10 01:14:04.795  5674  6055 D ConnectivityService:   16649 : null → 118
07-10 01:14:04.918 25156 25156 W FontsContract: Platform version of downloadable fonts is deprecated. Please use androidx version instead.
07-10 01:14:04.920  5674  5694 D PackageManager: setEnabledSetting : userId = 0 packageName = com.Slack cmp = androidx.work.impl.background.systemjob.SystemJobService newState = 1 callingPackage = 10329/com.Slack
07-10 01:14:04.922  5674  5694 D ApplicationPolicy: getApplicationStateEnabled : pkg = com.Slack userId : 0
07-10 01:14:04.924  5674  5694 D ApplicationPolicy: getApplicationComponentState : pkg = com.Slack userId : 0
07-10 01:14:04.933 16924 19021 I FontLog : (REDACTED) Received query %s, URI %s
07-10 01:14:04.936 16924 19021 I FontLog : (REDACTED) Query [%s] resolved to %s
07-10 01:14:04.952 16924 19021 I FontLog : (REDACTED) Fetch %s end status %s
07-10 01:14:04.961 16924 19021 I FontLog : (REDACTED) Pulling font file for id = %d, cache size = %d
07-10 01:14:05.006  5674  7726 D SemWifiUsabilityStatsMonitor: onWifiUsabilityStats - seqNum 21702, isSameBssidAndFreq true
07-10 01:14:05.010  5674  6128 I SemWifiLinkQualityMonitor: Link Qos Query: 0.041 ms / 195.000 Mbps (390 / 0.000 / 2.000)
07-10 01:14:05.014 25156 25218 D CompatibilityChangeReporter: Compat change id reported: 160794467; UID 10329; state: ENABLED
07-10 01:14:05.081 25156 25218 D CompatibilityChangeReporter: Compat change id reported: 194532703; UID 10329; state: ENABLED
07-10 01:14:05.239  5353  6075 V APM_AudioPolicyManager: setAppState(portId:1005, state:1)
07-10 01:14:05.244  5353  6075 V APM_AudioPolicyManager: setAppState(portId:1005, state:1)
07-10 01:14:05.370  5674  5694 D PackageManager: setEnabledSetting : userId = 0 packageName = com.Slack cmp = androidx.work.impl.background.systemalarm.RescheduleReceiver newState = 1 callingPackage = 10329/com.Slack
07-10 01:14:05.371  5674  5694 D ApplicationPolicy: getApplicationStateEnabled : pkg = com.Slack userId : 0
07-10 01:14:05.373  5674  5694 D ApplicationPolicy: getApplicationComponentState : pkg = com.Slack userId : 0
07-10 01:14:05.395  5674  5745 W libprocessgroup: Failed to open /dev/blkio//cgroup.procs: No such file or directory
07-10 01:14:05.397  5353  6075 V APM_AudioPolicyManager: setAppState(portId:1005, state:1)
07-10 01:14:05.421 25156 25218 D ConnectivityManager: StackLog: [android.net.ConnectivityManager.sendRequestForNetwork(ConnectivityManager.java:4300)] [android.net.ConnectivityManager.registerDefaultNetworkCallbackForUid(ConnectivityManager.java:4864)] [android.net.ConnectivityManager.registerDefaultNetworkCallback(ConnectivityManager.java:4831)] [android.net.ConnectivityManager.registerDefaultNetworkCallback(ConnectivityManager.java:4805)] [androidx.work.impl.utils.NetworkApi24.registerDefaultNetworkCallbackCompat(Unknown Source:11)] [androidx.work.impl.constraints.trackers.NetworkStateTracker24.startTracking(Unknown Source:15)] [androidx.work.impl.constraints.controllers.ConstraintController.replace(Unknown Source:130)] [androidx.work.impl.constraints.WorkConstraintsTrackerImpl.replace(Unknown Source:41)] [androidx.work.impl.background.greedy.GreedyScheduler.schedule(Unknown Source:302)] [androidx.work.impl.Schedulers.schedule(Unknown Source:155)] [androidx.work.impl.utils.EnqueueRunnable.run(Unknown Source:53)] [androidx.work.Worker$2.run$androidx$work$impl$utils$SerialExecutorImpl$Task(Unknown Source:4)] [androidx.work.Worker$2.run(Unknown Source:868)] [java.util.concurrent.ThreadPoolExecutor.runWorker(ThreadPoolExecutor.java:1137)] [java.util.concurrent.ThreadPoolExecutor$Worker.run(ThreadPoolExecutor.java:637)] [java.lang.Thread.run(Thread.java:1012)]
07-10 01:14:05.424  5674  5694 D ConnectivityService: requestNetwork for uid/pid:10329/25156 activeRequest: null callbackRequest: 16650 [NetworkRequest [ REQUEST id=16651, [ Capabilities: INTERNET&NOT_RESTRICTED&TRUSTED&NOT_VCN_MANAGED Uid: 10329 RequestorUid: 10329 RequestorPkg: com.Slack UnderlyingNetworks: Null] ]] callback flags: 0 order: 2147483647
07-10 01:14:05.427  5674  6055 D ConnectivityService:    accepting network in place of null
07-10 01:14:05.433  5674  6045 D WifiNetworkFactory: got request NetworkRequest [ REQUEST id=16651, [ Capabilities: INTERNET&NOT_RESTRICTED&TRUSTED&NOT_VCN_MANAGED Uid: 10329 RequestorUid: 10329 RequestorPkg: com.Slack UnderlyingNetworks: Null] ]
07-10 01:14:05.435  5674  6045 D UntrustedWifiNetworkFactory: got request NetworkRequest [ REQUEST id=16651, [ Capabilities: INTERNET&NOT_RESTRICTED&TRUSTED&NOT_VCN_MANAGED Uid: 10329 RequestorUid: 10329 RequestorPkg: com.Slack UnderlyingNetworks: Null] ]
07-10 01:14:05.437  5674  6045 D OemPaidWifiNetworkFactory: got request NetworkRequest [ REQUEST id=16651, [ Capabilities: INTERNET&NOT_RESTRICTED&TRUSTED&NOT_VCN_MANAGED Uid: 10329 RequestorUid: 10329 RequestorPkg: com.Slack UnderlyingNetworks: Null] ]
07-10 01:14:05.438  5674  6045 D MultiInternetWifiNetworkFactory: got request NetworkRequest [ REQUEST id=16651, [ Capabilities: INTERNET&NOT_RESTRICTED&TRUSTED&NOT_VCN_MANAGED Uid: 10329 RequestorUid: 10329 RequestorPkg: com.Slack UnderlyingNetworks: Null] ]
07-10 01:14:05.444  5674  5694 D PackageManager: setEnabledSetting : userId = 0 packageName = com.Slack cmp = androidx.work.impl.background.systemalarm.RescheduleReceiver newState = 1 callingPackage = 10329/com.Slack
07-10 01:14:05.444  5674  6055 D ConnectivityService: Rematched networks [computed 1ms] [applied 2ms] [issued 15]
07-10 01:14:05.445  5674  6055 D ConnectivityService: NetworkReassignment :
07-10 01:14:05.445  5674  6055 D ConnectivityService:   16651 : null → 118
07-10 01:14:05.446  5674  5694 D ApplicationPolicy: getApplicationStateEnabled : pkg = com.Slack userId : 0
07-10 01:14:05.447  5674  5694 D ApplicationPolicy: getApplicationComponentState : pkg = com.Slack userId : 0
07-10 01:14:05.504  5674  9955 D PackageManager: setEnabledSetting : userId = 0 packageName = com.Slack cmp = androidx.work.impl.background.systemalarm.RescheduleReceiver newState = 1 callingPackage = 10329/com.Slack
07-10 01:14:05.505  5674  9955 D ApplicationPolicy: getApplicationStateEnabled : pkg = com.Slack userId : 0
07-10 01:14:05.507  5674  9955 D ApplicationPolicy: getApplicationComponentState : pkg = com.Slack userId : 0
07-10 01:14:05.719  4613  4613 W keymaster_tee: [WRN]begin req PARAMS: A32 B32 P1
07-10 01:14:05.740  4613  4613 W keymaster_tee: [WRN]begin req PARAMS: A32 B32 P1
07-10 01:14:05.761  4613  4613 W keymaster_tee: [WRN]begin req PARAMS: A32 B32 P1
07-10 01:14:05.792  4613  4613 W keymaster_tee: [WRN]begin req PARAMS: A32 B32 P1
07-10 01:14:05.806  4613  4613 W keymaster_tee: [WRN]begin req PARAMS: A32 B32 P1
07-10 01:14:05.822  4613  4613 W keymaster_tee: [WRN]begin req PARAMS: A32 B32 P1
07-10 01:14:05.896  4613  4613 W keymaster_tee: [WRN]begin req PARAMS: A32 B32 P1
07-10 01:14:05.916  4613  4613 W keymaster_tee: [WRN]begin req PARAMS: A32 B32 P1
07-10 01:14:05.935  4613  4613 W keymaster_tee: [WRN]begin req PARAMS: A32 B32 P1
07-10 01:14:05.979  4613  4613 W keymaster_tee: [WRN]begin req PARAMS: A32 B32 P1
07-10 01:14:05.998  4613  4613 W keymaster_tee: [WRN]begin req PARAMS: A32 B32 P1
07-10 01:14:06.013  4613  4613 W keymaster_tee: [WRN]begin req PARAMS: A32 B32 P1
07-10 01:14:06.019  5674  6213 D NetdEventListenerService: DNS Requested by : 118, 10329
07-10 01:14:06.021  5674  6213 D NetdEventListenerService: DNS Requested by : 118, 10329
07-10 01:14:06.021  5674  6213 D NetdEventListenerService: DNS Requested by : 118, 10329
07-10 01:14:06.029 25156 25256 D TrafficStats: tagSocket(102) with statsTag=0x1, statsUid=-1
07-10 01:14:06.029 25156 25258 D TrafficStats: tagSocket(103) with statsTag=0x1, statsUid=-1
07-10 01:14:06.030 25156 25257 D TrafficStats: tagSocket(113) with statsTag=0x1, statsUid=-1
07-10 01:14:06.619 31135 31135 W GattConnObserver: GATT connect timeout!
07-10 01:14:06.620 31135 31135 D BluetoothGatt: cancelOpen() - device: 645DF4_1
07-10 01:14:06.639 15865 19381 D BtGatt.GattService: clientDisconnect(com.google.android.googlequicksearchbox) - address=645DF4_1, connId=null, clientIf: 6
07-10 01:14:06.646 15865 16649 W bt_bta_gattc: bta_gattc_process_api_open_cancel
07-10 01:14:06.646 15865 16649 W bt_bta_gattc: Cancel GATT client direct connection
07-10 01:14:06.646 15865 16649 I bt_stack: [INFO:bta_gattc_main.cc(314)] bta_gattc_sm_execute: State 0x01, Event 0x1f02
07-10 01:14:06.647 15865 16649 W bt_bta_gattc: bta_gattc_cancel_open
07-10 01:14:06.652 15865 16649 W bt_stack: [WARNING:gatt_api.cc(1322)] GATT_CancelConnect: gatt_if:6, address: 645df4, direct:1
07-10 01:14:06.655 15865 16649 W bt_stack: gatt_disconnect
07-10 01:14:06.656 15865 16649 W bt_stack: Unable to find background connection to remove
07-10 01:14:06.657 15865 16649 W bt_stack: BTM_AcceptlistRemove
07-10 01:14:06.658 15865 16649 W bt_stack: IgnoreLeConnectionFrom xx:xx:xx:xx:b3:b1
07-10 01:14:06.659 15865 16649 W gatt_utils: gatt_cleanup_upon_disc
07-10 01:14:06.659 15865 16649 W gatt_utils: gatt_cleanup_upon_disc :: GATT_CH_CLOSE
07-10 01:14:06.659 15865 16587 W bt_stack: Ignore Le connection from remote:xx:xx:xx:xx:b3:b1[PUBLIC_DEVICE_ADDRESS]
07-10 01:14:06.661 15865 16587 W bt_stack: cancel_connection_and_remove_device_from_background_connection_list 64:5d:f4
07-10 01:14:06.661 15865 16587 W bt_stack: remove_device_from_background_connection_list 64:5d:f4
07-10 01:14:06.661 15865 16587 W bt_stack: cancel_connect 64:5d:f4
07-10 01:14:06.662 15865 16587 W bt_stack: remove_device_from_connect_list 64:5d:f4 :: Send command after register
07-10 01:14:06.663 15865 16587 W bt_stack: remove_device_from_connect_list :: Device is found in security db(64:5d:f4 -> 645df4)
07-10 01:14:06.663 15865 16587 W bt_stack: remove_device_from_connect_list :: set address_with_type as identity_addr
07-10 01:14:06.664 15865 16587 W bt_stack: pause_registered_clients()
07-10 01:14:06.664 15865 16587 W bt_stack: le_scanning_manager :: OnPause()
07-10 01:14:06.664 15865 16587 W bt_stack: Stop LeSetScanEnable
07-10 01:14:06.664 15865 16587 W bt_stack: le_scanning_manager :: OnPause() - call AckPause
07-10 01:14:06.664 15865 16587 W bt_stack: le_impl :: OnPause()
07-10 01:14:06.664 15865 16649 W bt_stack: Unable to find background connection to remove
07-10 01:14:06.664 15865 16649 I bt_stack: [INFO:bta_gattc_main.cc(314)] bta_gattc_sm_execute: State 0x01, Event 0x1f03
07-10 01:14:06.665 15865 16587 W bt_stack: le_impl :: Try to disarm connectability
07-10 01:14:06.665 15865 16587 W bt_stack: disarm_connectability()
07-10 01:14:06.665 15865 16587 W bt_stack: Pause Background Connection
07-10 01:14:06.665 15865 16649 W bt_bta_gattc: bta_gattc_cancel_open_ok
07-10 01:14:06.665 15865 16587 W bt_stack: pause_registered_clients()
07-10 01:14:06.666 15865 16649 W bt_bta_gattc: bta_gattc_process_api_open_cancel
07-10 01:14:06.666 15865 16649 W bt_bta_gattc: Cancel GATT client background connection
07-10 01:14:06.666 15865 16649 W bt_bta_gattc: bta_gattc_cancel_bk_conn
07-10 01:14:06.667 15865 16587 W bt_stack: le_address_manager :: ack_pause()
07-10 01:14:06.667 15865 16587 W bt_stack: le_address_manager :: ack_pause() - make sure all client paused. Return
07-10 01:14:06.668 31135 31446 I BistoGattHelper: (REDACTED) [%s] GATT disconnected
07-10 01:14:06.669 15865 16649 E bt_stack: [ERROR:bta_gattc_utils.cc(447)] bta_gattc_mark_bg_conn unable to find the bg connection mask for bd_addr=645df4
07-10 01:14:06.671 15865 16649 E bta_gattc_main: Ignore unknown conn ID: 3
07-10 01:14:06.671 15865 16649 E bta_gattc_main: Ignore unknown conn ID: 4
07-10 01:14:06.671 15865 16649 E bta_gattc_main: Ignore unknown conn ID: 5
07-10 01:14:06.671 15865 16649 E bta_gattc_main: Ignore unknown conn ID: 6
07-10 01:14:06.673 31135 31446 I RemotePeerStateCommunicator: (REDACTED) RemotePeerStateCommunicator scheduling message : %d, action: %s, device id : %s
07-10 01:14:06.673 25156 25156 D ConnectivityManager: StackLog: [android.net.ConnectivityManager.unregisterNetworkCallback(ConnectivityManager.java:4972)] [androidx.work.impl.utils.NetworkApi21.unregisterNetworkCallbackCompat(Unknown Source:11)] [androidx.work.impl.constraints.trackers.NetworkStateTracker24.stopTracking(Unknown Source:15)] [androidx.work.impl.constraints.trackers.ConstraintTracker.removeListener(Unknown Source:24)] [androidx.work.impl.constraints.controllers.ConstraintController.replace(Unknown Source:81)] [androidx.work.impl.constraints.WorkConstraintsTrackerImpl.replace(Unknown Source:41)] [androidx.work.impl.background.greedy.GreedyScheduler.onExecuted(Unknown Source:55)] [androidx.work.impl.Processor.onExecuted(Unknown Source:59)] [com.bugsnag.android.DeliveryDelegate$1.run(Unknown Source:212)]
07-10 01:14:06.676  5674  6055 D ConnectivityService:  Removing from current network [118 WIFI], leaving 153 requests.
07-10 01:14:06.677 31135 31446 I BistoGattHelper: (REDACTED) [%s] close
07-10 01:14:06.680 15865 16587 W bt_stack: on_le_enhanced_connection_complete()
07-10 01:14:06.681 15865 16587 W bt_stack: on_le_enhanced_connection_complete :: Role is central. Set connectability to DISARMED
07-10 01:14:06.681 15865 16587 W bt_stack: on_le_enhanced_connection_complete :: pause_connection : 1
07-10 01:14:06.682 15865 16587 W bt_stack: on_le_connection_canceled_on_pause(). Set connectability to DISARMED
07-10 01:14:06.682 15865 16587 W bt_stack: le_address_manager :: ack_pause()
07-10 01:14:06.682 15865 16587 W bt_stack: le_address_manager :: ack_pause() - handle_next_command
07-10 01:14:06.682 15865 16587 W bt_stack: handle_next_command()
07-10 01:14:06.683 15865 16587 W bt_stack: Received command complete with op_code LE_REMOVE_DEVICE_FROM_FILTER_ACCEPT_LIST
07-10 01:14:06.683 15865 16587 W bt_stack: handle_next_command()
07-10 01:14:06.685 15865 16587 W bt_stack: Received command complete with op_code LE_REMOVE_DEVICE_FROM_FILTER_ACCEPT_LIST
07-10 01:14:06.685 15865 16587 W bt_stack: le_scanning_manager :: OnResume()
07-10 01:14:06.685 15865 16587 W bt_stack: Start LeSetScan
07-10 01:14:06.685 15865 16587 W bt_stack: le_scanning_manager :: OnResume() - call AckResume
07-10 01:14:06.685 15865 16587 W bt_stack: le_impl :: OnResume()
07-10 01:14:06.686 15865 16587 W bt_stack: le_impl :: OnResume - Try arm connectability
07-10 01:14:06.686 15865 16587 W bt_stack: arm_connectability()
07-10 01:14:06.686 15865 16587 W bt_stack: le_impl :: check_for_unregister()
07-10 01:14:06.686 15865 16587 W bt_stack: le_address_manager :: ack_resume()
07-10 01:14:06.686  5353  6075 V APM_AudioPolicyManager: setAppState(portId:1005, state:1)
07-10 01:14:06.686 15865 16587 W bt_stack: le_address_manager :: ack_resume()
07-10 01:14:06.689 31135 31446 I BistoGattHelper: (REDACTED) [%s] executeNextShutdownOperation
07-10 01:14:06.690 31135 31446 D BluetoothGatt: close()
07-10 01:14:06.692  5353  6075 V APM_AudioPolicyManager: setAppState(portId:1005, state:1)
07-10 01:14:06.697 31135 31446 D BluetoothGatt: unregisterApp() - mClientIf=6
07-10 01:14:06.701 15865 19381 D BtGatt.GattService: unregisterClient(com.google.android.googlequicksearchbox) - clientIf=6
07-10 01:14:06.704 15865 19381 D BtGatt.ContextMap: remove() - id: 6
07-10 01:14:06.704 15865 19381 E BtGatt.ContextMap: remove() - removed: 6
07-10 01:14:06.705 15865 16649 W bt_bta_gattc: bta_gattc_deregister
07-10 01:14:06.706 15865 16649 I bt_stack: [INFO:gatt_api.cc(1111)] GATT_Deregister gatt_if=6
07-10 01:14:06.706 15865 16649 W bt_stack: on_app_deregistered :: app_id=6
07-10 01:14:06.706 15865 16649 I bt_stack: [INFO:gatt_api.cc(1164)] Initialize tGATT_REG
07-10 01:14:06.711 31135 31446 I BistoGattHelper: (REDACTED) [%s] GATT released
07-10 01:14:06.712 31135 31446 I BistoGattHelper: (REDACTED) [%s] close
07-10 01:14:06.712 31135 31446 I BistoGattHelper: (REDACTED) [%s] executeNextShutdownOperation
07-10 01:14:06.731 31135 31446 E GmuTls  : You must initialize the system with proper values before handshake
07-10 01:14:07.919  5674  9929 D PackageManager: setEnabledSetting : userId = 0 packageName = com.Slack cmp = androidx.work.impl.background.systemalarm.RescheduleReceiver newState = 1 callingPackage = 10329/com.Slack
07-10 01:14:07.921  5674  9929 D ApplicationPolicy: getApplicationStateEnabled : pkg = com.Slack userId : 0
07-10 01:14:07.925  5674  9929 D ApplicationPolicy: getApplicationComponentState : pkg = com.Slack userId : 0
07-10 01:14:07.959  5353  6075 V APM_AudioPolicyManager: setAppState(portId:1005, state:1)
07-10 01:14:07.961  5674  5745 W libprocessgroup: Failed to open /dev/blkio//cgroup.procs: No such file or directory
07-10 01:14:07.981 25156 25229 D ConnectivityManager: StackLog: [android.net.ConnectivityManager.sendRequestForNetwork(ConnectivityManager.java:4300)] [android.net.ConnectivityManager.registerDefaultNetworkCallbackForUid(ConnectivityManager.java:4864)] [android.net.ConnectivityManager.registerDefaultNetworkCallback(ConnectivityManager.java:4831)] [android.net.ConnectivityManager.registerDefaultNetworkCallback(ConnectivityManager.java:4805)] [androidx.work.impl.utils.NetworkApi24.registerDefaultNetworkCallbackCompat(Unknown Source:11)] [androidx.work.impl.constraints.trackers.NetworkStateTracker24.startTracking(Unknown Source:15)] [androidx.work.impl.constraints.controllers.ConstraintController.replace(Unknown Source:130)] [androidx.work.impl.constraints.WorkConstraintsTrackerImpl.replace(Unknown Source:41)] [androidx.work.impl.background.greedy.GreedyScheduler.schedule(Unknown Source:302)] [androidx.work.impl.Schedulers.schedule(Unknown Source:155)] [androidx.work.impl.utils.EnqueueRunnable.run(Unknown Source:53)] [androidx.work.Worker$2.run$androidx$work$impl$utils$SerialExecutorImpl$Task(Unknown Source:4)] [androidx.work.Worker$2.run(Unknown Source:868)] [java.util.concurrent.ThreadPoolExecutor.runWorker(ThreadPoolExecutor.java:1137)] [java.util.concurrent.ThreadPoolExecutor$Worker.run(ThreadPoolExecutor.java:637)] [java.lang.Thread.run(Thread.java:1012)]
07-10 01:14:07.985  5674  9851 D ConnectivityService: requestNetwork for uid/pid:10329/25156 activeRequest: null callbackRequest: 16652 [NetworkRequest [ REQUEST id=16653, [ Capabilities: INTERNET&NOT_RESTRICTED&TRUSTED&NOT_VCN_MANAGED Uid: 10329 RequestorUid: 10329 RequestorPkg: com.Slack UnderlyingNetworks: Null] ]] callback flags: 0 order: 2147483647
07-10 01:14:07.987  5674  6055 D ConnectivityService:    accepting network in place of null
07-10 01:14:07.991  5674  6045 D WifiNetworkFactory: got request NetworkRequest [ REQUEST id=16653, [ Capabilities: INTERNET&NOT_RESTRICTED&TRUSTED&NOT_VCN_MANAGED Uid: 10329 RequestorUid: 10329 RequestorPkg: com.Slack UnderlyingNetworks: Null] ]
07-10 01:14:07.991  5674  6045 D UntrustedWifiNetworkFactory: got request NetworkRequest [ REQUEST id=16653, [ Capabilities: INTERNET&NOT_RESTRICTED&TRUSTED&NOT_VCN_MANAGED Uid: 10329 RequestorUid: 10329 RequestorPkg: com.Slack UnderlyingNetworks: Null] ]
07-10 01:14:07.992  5674  6045 D OemPaidWifiNetworkFactory: got request NetworkRequest [ REQUEST id=16653, [ Capabilities: INTERNET&NOT_RESTRICTED&TRUSTED&NOT_VCN_MANAGED Uid: 10329 RequestorUid: 10329 RequestorPkg: com.Slack UnderlyingNetworks: Null] ]
07-10 01:14:07.992  5674  6045 D MultiInternetWifiNetworkFactory: got request NetworkRequest [ REQUEST id=16653, [ Capabilities: INTERNET&NOT_RESTRICTED&TRUSTED&NOT_VCN_MANAGED Uid: 10329 RequestorUid: 10329 RequestorPkg: com.Slack UnderlyingNetworks: Null] ]
07-10 01:14:07.994  5674  6055 D ConnectivityService: Rematched networks [computed 1ms] [applied 2ms] [issued 5]
07-10 01:14:07.994  5674  6055 D ConnectivityService: NetworkReassignment :
07-10 01:14:07.994  5674  6055 D ConnectivityService:   16653 : null → 118
