07-10 00:39:43.956 29666 29666 I Launcher.AppsPageDelegate: updateItemToNewPosition = title : ., rank : 5, screenId : 5, user: UserHandle{0}, screenType: 0, pos: 5, screen: 5
07-10 00:39:43.956 29666 29666 I Launcher.AppsPageDelegate: updateItemToNewPosition = title :  , rank : 11, screenId : 5, user: UserHandle{0}, screenType: 0, pos: 11, screen: 5
07-10 00:39:43.956 29666 29666 I Launcher.AppsPageDelegate: rearrangeChildren took : 11
07-10 00:39:43.961 29666 29666 I Launcher.AppsPagedView: UpdateItems => id: 46, rank: 0, screenId: 0, cellX: 0, cellY: 0, container: -102, dirty: false, title: Google, isFolder: true, user: UserHandle{0}, disabled: false, screenType: 0
07-10 00:39:43.970 16924 16924 D BoundBrokerSvc: onBind: Intent { act=com.google.android.gms.presencemanager.service.START dat=chimera-action:/... cmp=com.google.android.gms/.chimera.PersistentApiService }
07-10 00:39:43.970 16924 16924 D BoundBrokerSvc: Loading bound service for intent: Intent { act=com.google.android.gms.presencemanager.service.START dat=chimera-action:/... cmp=com.google.android.gms/.chimera.PersistentApiService }
07-10 00:39:43.982  5674  6213 D NetdEventListenerService: DNS Requested by : 118, 10100
07-10 00:39:43.984 16924 16924 D BoundBrokerSvc: onBind: Intent { act=com.google.android.gms.presencemanager.service.INTERNAL_IDENTITY dat=chimera-action:/... cmp=com.google.android.gms/.chimera.PersistentApiService }
07-10 00:39:43.984 16924 16924 D BoundBrokerSvc: Loading bound service for intent: Intent { act=com.google.android.gms.presencemanager.service.INTERNAL_IDENTITY dat=chimera-action:/... cmp=com.google.android.gms/.chimera.PersistentApiService }
07-10 00:39:43.984 11292 11813 D TrafficStats: tagSocket(110) with statsTag=0xffffffff, statsUid=-1
07-10 00:39:43.987  5674  8108 D PackageManager: setEnabledSetting : userId = 0 packageName = ru.yandex.searchplugin cmp = ru.yandex.searchlib.notification.BarMarkerService newState = 2 callingPackage = 10222/ru.yandex.searchplugin
07-10 00:39:43.994 29666 29666 I IconView: applyDotState itemInfo : Google display : 1 count : 0
07-10 00:39:43.995  5674  6523 D PackageManager: setEnabledSetting : userId = 0 packageName = ru.yandex.searchplugin cmp = ru.yandex.searchlib.notification.BarMarkerService newState = 2 callingPackage = 10222/ru.yandex.searchplugin
07-10 00:39:44.001  6461  6461 I FaceWidgetPositionAlgorithm: getClockContainerHeight() supplier = 270, bottom margin = 0, real height = 333
07-10 00:39:44.001  6461  6461 I FaceWidgetPositionAlgorithm: getClockContainerHeight() supplier = 270, bottom margin = 63, real height = 333
07-10 00:39:44.001  6461  6461 I FaceWidgetPositionAlgorithm: getMediaContainerHeight() height = 0 container Visibility = 8, isValid = false, mIsDozing = false, fraction = 1.0, source = 0, target = 0
07-10 00:39:44.001  6461  6461 I FaceWidgetPositionAlgorithm: getMediaContainerHeight() supplier = 0
07-10 00:39:44.008 11921 11921 D CompatibilityChangeReporter: Compat change id reported: 171979766; UID 1000; state: ENABLED
07-10 00:39:44.037  5353  5353 V APM_AudioPolicyManager: setAppState(portId:1005, state:1)
07-10 00:39:44.037  5353  5353 V APM_AudioPolicyManager: setAppState(portId:1005, state:1)
07-10 00:39:44.040  5353  6074 V APM_AudioPolicyManager: setAppState(portId:1005, state:1)
07-10 00:39:44.060 11696 11818 I GOS:GameIntentService: onPackageChanged(). extras: Bundle[{changeType=0, userId=0, pkgName=org.jetbrains.android_benchmark.test, type=15, packageName=org.jetbrains.android_benchmark.test}]
07-10 00:39:44.060 11696 11818 I GOS:GameIntentService: onPackageChanged(). changeType(INSTALLED), pkgName(org.jetbrains.android_benchmark.test), UserHandle(0), userId(0), Installed(true)
07-10 00:39:44.071 29666 29666 I Launcher.AppsPagedView: UpdateItems => id: 36, rank: 1, screenId: 0, cellX: 1, cellY: 0, container: -102, dirty: false, title: Samsung, isFolder: true, user: UserHandle{0}, disabled: false, screenType: 0
07-10 00:39:44.071 29666 29666 I IconView: applyDotState itemInfo : Samsung display : 1 count : 0
07-10 00:39:44.081 29666 29666 I Launcher.AppsPagedView: UpdateItems => id: 160, rank: 2, screenId: 0, cellX: 2, cellY: 0, container: -102, dirty: false, title: 3D Calculator, isFolder: false, user: UserHandle{0}, disabled: false, screenType: 0
07-10 00:39:44.083 29666 29666 I Launcher.AppsPagedView: UpdateItems => id: 202, rank: 3, screenId: 0, cellX: 3, cellY: 0, container: -102, dirty: false, title: Adobe Acrobat, isFolder: false, user: UserHandle{0}, disabled: false, screenType: 0
07-10 00:39:44.084 29666 29666 I Launcher.AppsPagedView: UpdateItems => id: 286, rank: 4, screenId: 0, cellX: 4, cellY: 0, container: -102, dirty: false, title: AnkiDroid, isFolder: false, user: UserHandle{0}, disabled: false, screenType: 0
07-10 00:39:44.084 29666 29666 I Launcher.AppsPagedView: UpdateItems => id: 176, rank: 5, screenId: 0, cellX: 0, cellY: 1, container: -102, dirty: false, title: App Center, isFolder: false, user: UserHandle{0}, disabled: false, screenType: 0
07-10 00:39:44.084 29666 29666 I Launcher.AppsPagedView: UpdateItems => id: 250, rank: 6, screenId: 0, cellX: 1, cellY: 1, container: -102, dirty: false, title: AR Zone, isFolder: false, user: UserHandle{0}, disabled: false, screenType: 0
07-10 00:39:44.085 29666 29666 I Launcher.AppsPagedView: UpdateItems => id: 161, rank: 7, screenId: 0, cellX: 2, cellY: 1, container: -102, dirty: false, title: Assistant, isFolder: false, user: UserHandle{0}, disabled: false, screenType: 0
07-10 00:39:44.085 29666 29666 I Launcher.AppsPagedView: UpdateItems => id: 180, rank: 8, screenId: 0, cellX: 3, cellY: 1, container: -102, dirty: false, title: Authenticator, isFolder: false, user: UserHandle{0}, disabled: false, screenType: 0
07-10 00:39:44.091 29666 31308 I LauncherProvider: External provider call by package : com.samsung.android.app.galaxyfinder  for method : get_home_mode
07-10 00:39:44.091 29666 29666 I Launcher.AppsPagedView: UpdateItems => id: 249, rank: 9, screenId: 0, cellX: 4, cellY: 1, container: -102, dirty: false, title: Benchmark, isFolder: false, user: UserHandle{0}, disabled: false, screenType: 0
07-10 00:39:44.092 29666 31308 I ExternalMethodFactory: get_home_mode
07-10 00:39:44.092 29666 29666 I Launcher.AppsPagedView: UpdateItems => id: 270, rank: 10, screenId: 0, cellX: 0, cellY: 2, container: -102, dirty: false, title: BeoGRADSKI prevoz, isFolder: false, user: UserHandle{0}, disabled: false, screenType: 0
07-10 00:39:44.094 29666 29666 I Launcher.AppsPagedView: UpdateItems => id: 277, rank: 11, screenId: 0, cellX: 1, cellY: 2, container: -102, dirty: false, title: Bing, isFolder: false, user: UserHandle{0}, disabled: false, screenType: 0
07-10 00:39:44.095 29666 29666 I Launcher.AppsPagedView: UpdateItems => id: 111, rank: 12, screenId: 0, cellX: 2, cellY: 2, container: -102, dirty: false, title: Browser, isFolder: false, user: UserHandle{0}, disabled: false, screenType: 0
07-10 00:39:44.095 29666 29666 I Launcher.AppsPagedView: UpdateItems => id: 93, rank: 13, screenId: 0, cellX: 3, cellY: 2, container: -102, dirty: false, title: Calculator, isFolder: false, user: UserHandle{0}, disabled: false, screenType: 0
07-10 00:39:44.096 29666 29666 I Launcher.AppsPagedView: UpdateItems => id: 158, rank: 14, screenId: 0, cellX: 4, cellY: 2, container: -102, dirty: false, title: Calculator, isFolder: false, user: UserHandle{0}, disabled: false, screenType: 0
07-10 00:39:44.097 29666 29666 I Launcher.AppsPagedView: UpdateItems => id: 74, rank: 15, screenId: 0, cellX: 0, cellY: 3, container: -102, dirty: false, title: Calendar, isFolder: false, user: UserHandle{0}, disabled: false, screenType: 0
07-10 00:39:44.098 29666 29666 I Launcher.AppsPagedView: UpdateItems => id: 224, rank: 16, screenId: 0, cellX: 1, cellY: 3, container: -102, dirty: false, title: Calendar, isFolder: false, user: UserHandle{0}, disabled: false, screenType: 0
07-10 00:39:44.098 29666 29666 I Launcher.AppsPagedView: UpdateItems => id: 69, rank: 17, screenId: 0, cellX: 2, cellY: 3, container: -102, dirty: false, title: Camera, isFolder: false, user: UserHandle{0}, disabled: false, screenType: 0
07-10 00:39:44.099 29666 29666 I Launcher.AppsPagedView: UpdateItems => id: 204, rank: 18, screenId: 0, cellX: 3, cellY: 3, container: -102, dirty: false, title: Canon Print Service, isFolder: false, user: UserHandle{0}, disabled: false, screenType: 0
07-10 00:39:44.100 29666 29666 I Launcher.AppsPagedView: UpdateItems => id: 236, rank: 19, screenId: 0, cellX: 4, cellY: 3, container: -102, dirty: false, title: CAR:GO, isFolder: false, user: UserHandle{0}, disabled: false, screenType: 0
07-10 00:39:44.101 29666 29666 I Launcher.AppsPagedView: UpdateItems => id: 116, rank: 20, screenId: 0, cellX: 0, cellY: 4, container: -102, dirty: false, title: CDE ITMO, isFolder: false, user: UserHandle{0}, disabled: false, screenType: 0
07-10 00:39:44.102 29666 29666 I Launcher.AppsPagedView: UpdateItems => id: 71, rank: 21, screenId: 0, cellX: 1, cellY: 4, container: -102, dirty: false, title: Clock, isFolder: false, user: UserHandle{0}, disabled: false, screenType: 0
07-10 00:39:44.103 29666 29666 I Launcher.AppsPagedView: UpdateItems => id: 178, rank: 22, screenId: 0, cellX: 2, cellY: 4, container: -102, dirty: false, title: Cloud Mail.ru, isFolder: false, user: UserHandle{0}, disabled: false, screenType: 0
07-10 00:39:44.104 29666 29666 I Launcher.AppsPagedView: UpdateItems => id: 72, rank: 23, screenId: 0, cellX: 3, cellY: 4, container: -102, dirty: false, title: Contacts, isFolder: false, user: UserHandle{0}, disabled: false, screenType: 0
07-10 00:39:44.105 29666 29666 I Launcher.AppsPagedView: UpdateItems => id: 195, rank: 24, screenId: 0, cellX: 4, cellY: 4, container: -102, dirty: false, title: Contacts, isFolder: false, user: UserHandle{0}, disabled: false, screenType: 0
07-10 00:39:44.105 29666 29666 I Launcher.AppsPagedView: UpdateItems => id: 151, rank: 25, screenId: 0, cellX: 0, cellY: 5, container: -102, dirty: false, title: Cxxdroid, isFolder: false, user: UserHandle{0}, disabled: false, screenType: 0
07-10 00:39:44.106 29666 29666 I Launcher.AppsPagedView: UpdateItems => id: 193, rank: 26, screenId: 0, cellX: 1, cellY: 5, container: -102, dirty: false, title: Dcoder, isFolder: false, user: UserHandle{0}, disabled: false, screenType: 0
07-10 00:39:44.107 29666 29666 I Launcher.AppsPagedView: UpdateItems => id: 266, rank: 27, screenId: 0, cellX: 2, cellY: 5, container: -102, dirty: false, title: Digital Wellbeing, isFolder: false, user: UserHandle{0}, disabled: false, screenType: 0
07-10 00:39:44.107 11542 11663 I AppMetrica-Attribution: Choosing distribution data: ClidsInfo(chosen=Candidate(clids={clid24=2305182, clid1=2207450, clid1010=2295103, clid2023=2395783, clid1003=2207452, clid1004=2207453, clid1002=2207451}, source=APP), candidates=[Candidate(clids={clid24=2305182, clid1=2207450, clid1010=2295103, clid2023=2395783, clid1003=2207452, clid1004=2207453, clid1002=2207451}, source=APP)])
07-10 00:39:44.108 29666 29666 I Launcher.AppsPagedView: UpdateItems => id: 118, rank: 28, screenId: 0, cellX: 3, cellY: 5, container: -102, dirty: false, title: Discord, isFolder: false, user: UserHandle{0}, disabled: false, screenType: 0
07-10 00:39:44.109 29666 29666 I Launcher.AppsPagedView: UpdateItems => id: 171, rank: 29, screenId: 0, cellX: 4, cellY: 5, container: -102, dirty: false, title: Docs, isFolder: false, user: UserHandle{0}, disabled: false, screenType: 0
07-10 00:39:44.110 29666 29666 I Launcher.AppsPagedView: UpdateItems => id: 268, rank: 0, screenId: 1, cellX: 0, cellY: 0, container: -102, dirty: false, title: DontKillMyApp, isFolder: false, user: UserHandle{0}, disabled: false, screenType: 0
07-10 00:39:44.111 29666 29666 I Launcher.AppsPagedView: UpdateItems => id: 86, rank: 1, screenId: 1, cellX: 1, cellY: 0, container: -102, dirty: false, title: Drive, isFolder: false, user: UserHandle{0}, disabled: false, screenType: 0
07-10 00:39:44.112 29666 29666 I Launcher.AppsPagedView: UpdateItems => id: 166, rank: 2, screenId: 1, cellX: 2, cellY: 0, container: -102, dirty: false, title: DuckDuckGo, isFolder: false, user: UserHandle{0}, disabled: false, screenType: 0
07-10 00:39:44.113 29666 29666 I Launcher.AppsPagedView: UpdateItems => id: 253, rank: 3, screenId: 1, cellX: 3, cellY: 0, container: -102, dirty: false, title: Duolingo, isFolder: false, user: UserHandle{0}, disabled: false, screenType: 0
07-10 00:39:44.114 29666 29666 I Launcher.AppsPagedView: UpdateItems => id: 279, rank: 4, screenId: 1, cellX: 4, cellY: 0, container: -102, dirty: false, title: Durak, isFolder: false, user: UserHandle{0}, disabled: false, screenType: 0
07-10 00:39:44.115 29666 29666 I Launcher.AppsPagedView: UpdateItems => id: 174, rank: 5, screenId: 1, cellX: 0, cellY: 1, container: -102, dirty: false, title: Excel, isFolder: false, user: UserHandle{0}, disabled: false, screenType: 0
07-10 00:39:44.116 29666 29666 I Launcher.AppsPagedView: UpdateItems => id: 285, rank: 6, screenId: 1, cellX: 1, cellY: 1, container: -102, dirty: false, title: F-Droid, isFolder: false, user: UserHandle{0}, disabled: false, screenType: 0
07-10 00:39:44.117 29666 29666 I Launcher.AppsPagedView: UpdateItems => id: 196, rank: 7, screenId: 1, cellX: 2, cellY: 1, container: -102, dirty: false, title: Files, isFolder: false, user: UserHandle{0}, disabled: false, screenType: 0
07-10 00:39:44.118 29666 29666 I Launcher.AppsPagedView: UpdateItems => id: 145, rank: 8, screenId: 1, cellX: 3, cellY: 1, container: -102, dirty: false, title: Firefox, isFolder: false, user: UserHandle{0}, disabled: false, screenType: 0
07-10 00:39:44.118 29666 29666 I Launcher.AppsPagedView: UpdateItems => id: 264, rank: 9, screenId: 1, cellX: 4, cellY: 1, container: -102, dirty: false, title: Flipd, isFolder: false, user: UserHandle{0}, disabled: false, screenType: 0
07-10 00:39:44.119 29666 29666 I Launcher.AppsPagedView: UpdateItems => id: 263, rank: 10, screenId: 1, cellX: 0, cellY: 2, container: -102, dirty: false, title: Forest, isFolder: false, user: UserHandle{0}, disabled: false, screenType: 0
07-10 00:39:44.120 29666 29666 I Launcher.AppsPagedView: UpdateItems => id: 63, rank: 11, screenId: 1, cellX: 1, cellY: 2, container: -102, dirty: false, title: Galaxy Store, isFolder: false, user: UserHandle{0}, disabled: false, screenType: 0
07-10 00:39:44.120 29666 29666 I Launcher.AppsPagedView: UpdateItems => id: 94, rank: 12, screenId: 1, cellX: 2, cellY: 2, container: -102, dirty: false, title: Galaxy Wearable, isFolder: false, user: UserHandle{0}, disabled: false, screenType: 0
07-10 00:39:44.121 29666 29666 I Launcher.AppsPagedView: UpdateItems => id: 70, rank: 13, screenId: 1, cellX: 3, cellY: 2, container: -102, dirty: false, title: Gallery, isFolder: false, user: UserHandle{0}, disabled: false, screenType: 0
07-10 00:39:44.121 29666 29666 I Launcher.AppsPagedView: UpdateItems => id: 78, rank: 14, screenId: 1, cellX: 4, cellY: 2, container: -102, dirty: false, title: Game Launcher, isFolder: false, user: UserHandle{0}, disabled: false, screenType: 0
07-10 00:39:44.122 29666 29666 I Launcher.AppsPagedView: UpdateItems => id: 239, rank: 15, screenId: 1, cellX: 0, cellY: 3, container: -102, dirty: false, title: Game Plugins, isFolder: false, user: UserHandle{0}, disabled: false, screenType: 0
07-10 00:39:44.123 29666 29666 I Launcher.AppsPagedView: UpdateItems => id: 280, rank: 16, screenId: 1, cellX: 1, cellY: 3, container: -102, dirty: false, title: Games, isFolder: false, user: UserHandle{0}, disabled: false, screenType: 0
07-10 00:39:44.124 29666 29666 I Launcher.AppsPagedView: UpdateItems => id: 198, rank: 17, screenId: 1, cellX: 2, cellY: 3, container: -102, dirty: false, title: Gboard, isFolder: false, user: UserHandle{0}, disabled: false, screenType: 0
07-10 00:39:44.124 29666 29666 I Launcher.AppsPagedView: UpdateItems => id: 173, rank: 18, screenId: 1, cellX: 3, cellY: 3, container: -102, dirty: false, title: GitHub, isFolder: false, user: UserHandle{0}, disabled: false, screenType: 0
07-10 00:39:44.125 29666 29666 I Launcher.AppsPagedView: UpdateItems => id: 209, rank: 19, screenId: 1, cellX: 4, cellY: 3, container: -102, dirty: false, title: Glovo, isFolder: false, user: UserHandle{0}, disabled: false, screenType: 0
07-10 00:39:44.126 29666 29666 I Launcher.AppsPagedView: UpdateItems => id: 153, rank: 20, screenId: 1, cellX: 0, cellY: 4, container: -102, dirty: false, title: Google Japanese Input, isFolder: false, user: UserHandle{0}, disabled: false, screenType: 0
07-10 00:39:44.127 29666 29666 I Launcher.AppsPagedView: UpdateItems => id: 281, rank: 21, screenId: 1, cellX: 1, cellY: 4, container: -102, dirty: false, title: Grammarly, isFolder: false, user: UserHandle{0}, disabled: false, screenType: 0
07-10 00:39:44.127  5331  5331 I sysinput:Touch: writeInformation:248, OK
07-10 00:39:44.128 29666 29666 I Launcher.AppsPagedView: UpdateItems => id: 181, rank: 22, screenId: 1, cellX: 2, cellY: 4, container: -102, dirty: false, title: Graphing Calc, isFolder: false, user: UserHandle{0}, disabled: false, screenType: 0
07-10 00:39:44.128  5674  5890 D SysinputHAL_V1_3(V1_2): runTspCmdNoRead(1): set_grip_data,1,45,7,15,720(0)
07-10 00:39:44.130 29666 29666 I Launcher.AppsPagedView: UpdateItems => id: 165, rank: 23, screenId: 1, cellX: 3, cellY: 4, container: -102, dirty: false, title: HiPER Scientific Calculator, isFolder: false, user: UserHandle{0}, disabled: false, screenType: 0
07-10 00:39:44.132 29666 29666 I Launcher.AppsPagedView: UpdateItems => id: 274, rank: 24, screenId: 1, cellX: 4, cellY: 4, container: -102, dirty: false, title: Instagram, isFolder: false, user: UserHandle{0}, disabled: false, screenType: 0
07-10 00:39:44.137 29666 29666 I IconView: applyDotState itemInfo : Instagram display : 1 count : 1
07-10 00:39:44.150 29666 29666 I Launcher.AppsPagedView: UpdateItems => id: 235, rank: 25, screenId: 1, cellX: 0, cellY: 5, container: -102, dirty: false, title: KAlgebra, isFolder: false, user: UserHandle{0}, disabled: false, screenType: 0
07-10 00:39:44.152 29666 29666 I Launcher.AppsPagedView: UpdateItems => id: 139, rank: 26, screenId: 1, cellX: 1, cellY: 5, container: -102, dirty: false, title: Kaspersky, isFolder: false, user: UserHandle{0}, disabled: false, screenType: 0
07-10 00:39:44.152 29666 29666 I Launcher.AppsPagedView: UpdateItems => id: 234, rank: 27, screenId: 1, cellX: 2, cellY: 5, container: -102, dirty: false, title: KDE Connect, isFolder: false, user: UserHandle{0}, disabled: false, screenType: 0
07-10 00:39:44.153 29666 29666 I Launcher.AppsPagedView: UpdateItems => id: 120, rank: 28, screenId: 1, cellX: 3, cellY: 5, container: -102, dirty: false, title: Keep notes, isFolder: false, user: UserHandle{0}, disabled: false, screenType: 0
07-10 00:39:44.153 29666 29666 I Launcher.AppsPagedView: UpdateItems => id: 244, rank: 29, screenId: 1, cellX: 4, cellY: 5, container: -102, dirty: false, title: Knowledge, isFolder: false, user: UserHandle{0}, disabled: false, screenType: 0
07-10 00:39:44.153 29666 29666 I Launcher.AppsPagedView: UpdateItems => id: 287, rank: 0, screenId: 2, cellX: 0, cellY: 0, container: -102, dirty: false, title: Kotlin playground, isFolder: false, user: UserHandle{0}, disabled: false, screenType: 0
07-10 00:39:44.154 29666 29666 I Launcher.AppsPagedView: UpdateItems => id: 228, rank: 1, screenId: 2, cellX: 1, cellY: 0, container: -102, dirty: false, title: Lens, isFolder: false, user: UserHandle{0}, disabled: false, screenType: 0
07-10 00:39:44.155 29666 29666 I Launcher.AppsPagedView: UpdateItems => id: 255, rank: 2, screenId: 2, cellX: 2, cellY: 0, container: -102, dirty: false, title: LinkedIn, isFolder: false, user: UserHandle{0}, disabled: false, screenType: 0
07-10 00:39:44.155 29666 29666 I IconView: applyDotState itemInfo : LinkedIn display : 1 count : 20
07-10 00:39:44.156 29666 29666 I Launcher.AppsPagedView: UpdateItems => id: 84, rank: 3, screenId: 2, cellX: 3, cellY: 0, container: -102, dirty: false, title: Mail, isFolder: false, user: UserHandle{0}, disabled: false, screenType: 0
07-10 00:39:44.157 29666 29666 I IconView: applyDotState itemInfo : Mail display : 1 count : 4
07-10 00:39:44.157 29666 29666 I Launcher.AppsPagedView: UpdateItems => id: 117, rank: 4, screenId: 2, cellX: 4, cellY: 0, container: -102, dirty: false, title: Mail, isFolder: false, user: UserHandle{0}, disabled: false, screenType: 0
07-10 00:39:44.158 29666 29666 I Launcher.AppsPagedView: UpdateItems => id: 125, rank: 5, screenId: 2, cellX: 0, cellY: 1, container: -102, dirty: false, title: Maps, isFolder: false, user: UserHandle{0}, disabled: false, screenType: 0
07-10 00:39:44.159 29666 29666 I Launcher.AppsPagedView: UpdateItems => id: 203, rank: 6, screenId: 2, cellX: 1, cellY: 1, container: -102, dirty: false, title: meduza, isFolder: false, user: UserHandle{0}, disabled: false, screenType: 0
07-10 00:39:44.159 29666 29666 I Launcher.AppsPagedView: UpdateItems => id: 218, rank: 7, screenId: 2, cellX: 2, cellY: 1, container: -102, dirty: false, title: Meet, isFolder: false, user: UserHandle{0}, disabled: false, screenType: 0
07-10 00:39:44.160 29666 29666 I Launcher.AppsPagedView: UpdateItems => id: 254, rank: 8, screenId: 2, cellX: 3, cellY: 1, container: -102, dirty: false, title: Meet (original), isFolder: false, user: UserHandle{0}, disabled: false, screenType: 0
07-10 00:39:44.161 29666 29666 I Launcher.AppsPagedView: UpdateItems => id: 276, rank: 9, screenId: 2, cellX: 4, cellY: 1, container: -102, dirty: false, title: MegaFonPRO, isFolder: false, user: UserHandle{0}, disabled: false, screenType: 0
07-10 00:39:44.161 29666 29666 I Launcher.AppsPagedView: UpdateItems => id: 68, rank: 10, screenId: 2, cellX: 0, cellY: 2, container: -102, dirty: false, title: Messages, isFolder: false, user: UserHandle{0}, disabled: false, screenType: 0
07-10 00:39:44.162 29666 29666 I Launcher.AppsPagedView: UpdateItems => id: 103, rank: 11, screenId: 2, cellX: 1, cellY: 2, container: -102, dirty: false, title: Microsoft 365 (Office), isFolder: false, user: UserHandle{0}, disabled: false, screenType: 0
07-10 00:39:44.163 29666 29666 I Launcher.AppsPagedView: UpdateItems => id: 159, rank: 12, screenId: 2, cellX: 2, cellY: 2, container: -102, dirty: false, title: Microsoft Launcher, isFolder: false, user: UserHandle{0}, disabled: false, screenType: 0
07-10 00:39:44.164 29666 29666 I Launcher.AppsPagedView: UpdateItems => id: 261, rank: 13, screenId: 2, cellX: 3, cellY: 2, container: -102, dirty: false, title: Moj Maxi, isFolder: false, user: UserHandle{0}, disabled: false, screenType: 0
07-10 00:39:44.164 29666 29666 I Launcher.AppsPagedView: UpdateItems => id: 252, rank: 14, screenId: 2, cellX: 4, cellY: 2, container: -102, dirty: false, title: Moja mBanka, isFolder: false, user: UserHandle{0}, disabled: false, screenType: 0
07-10 00:39:44.165 29666 29666 I IconView: applyDotState itemInfo : Moja mBanka display : 1 count : 1
07-10 00:39:44.165 16924  9340 W NetworkScheduler: Error inserting flex_time=2018000 job_id=-1 period=4037000 source=16 requires_charging=0 preferred_network_type=1 target_class=com.google.android.gms.measurement.PackageMeasurementTaskService user_id=0 target_package=com.google.android.gms tag=Measurement.PackageMeasurementTaskService.UPLOAD_TASK_TAG task_type=0 required_idleness_state=0 service_kind=0 source_version=232414000 persistence_level=1 preferred_charging_state=1 required_network_type=0 runtime=1688942384109 retry_strategy={"maximum_backoff_seconds":{"3600":0},"initial_backoff_seconds":{"30":0},"retry_policy":{"0":0}} last_runtime=0 [CONTEXT service_id=218 ]
07-10 00:39:44.165 16924  9340 W NetworkScheduler: android.database.sqlite.SQLiteConstraintException: UNIQUE constraint failed: pending_ops.tag, pending_ops.target_class, pending_ops.target_package, pending_ops.user_id (code 2067 SQLITE_CONSTRAINT_UNIQUE[2067])
07-10 00:39:44.165 16924  9340 W NetworkScheduler: 	at android.database.sqlite.SQLiteConnection.nativeExecuteForLastInsertedRowId(Native Method)
07-10 00:39:44.165 16924  9340 W NetworkScheduler: 	at android.database.sqlite.SQLiteConnection.executeForLastInsertedRowId(SQLiteConnection.java:1275)
07-10 00:39:44.165 16924  9340 W NetworkScheduler: 	at android.database.sqlite.SQLiteSession.executeForLastInsertedRowId(SQLiteSession.java:790)
07-10 00:39:44.165 16924  9340 W NetworkScheduler: 	at android.database.sqlite.SQLiteStatement.executeInsert(SQLiteStatement.java:89)
07-10 00:39:44.165 16924  9340 W NetworkScheduler: 	at android.database.sqlite.SQLiteDatabase.insertWithOnConflict(SQLiteDatabase.java:2410)
07-10 00:39:44.165 16924  9340 W NetworkScheduler: 	at android.database.sqlite.SQLiteDatabase.insertOrThrow(SQLiteDatabase.java:2305)
07-10 00:39:44.165 16924  9340 W NetworkScheduler: 	at cahd.f(:com.google.android.gms@232414044@23.24.14 (190400-544099984):59)
07-10 00:39:44.165 16924  9340 W NetworkScheduler: 	at cafx.n(:com.google.android.gms@232414044@23.24.14 (190400-544099984):3)
07-10 00:39:44.165 16924  9340 W NetworkScheduler: 	at cafx.u(:com.google.android.gms@232414044@23.24.14 (190400-544099984):20)
07-10 00:39:44.165 16924  9340 W NetworkScheduler: 	at cafx.h(:com.google.android.gms@232414044@23.24.14 (190400-544099984):3)
07-10 00:39:44.165 16924  9340 W NetworkScheduler: 	at cabp.run(:com.google.android.gms@232414044@23.24.14 (190400-544099984):9)
07-10 00:39:44.165 16924  9340 W NetworkScheduler: 	at acmg.c(:com.google.android.gms@232414044@23.24.14 (190400-544099984):6)
07-10 00:39:44.165 16924  9340 W NetworkScheduler: 	at acmg.run(:com.google.android.gms@232414044@23.24.14 (190400-544099984):7)
07-10 00:39:44.165 16924  9340 W NetworkScheduler: 	at java.util.concurrent.ThreadPoolExecutor.runWorker(ThreadPoolExecutor.java:1137)
07-10 00:39:44.165 16924  9340 W NetworkScheduler: 	at java.util.concurrent.ThreadPoolExecutor$Worker.run(ThreadPoolExecutor.java:637)
07-10 00:39:44.165 16924  9340 W NetworkScheduler: 	at acro.run(:com.google.android.gms@232414044@23.24.14 (190400-544099984):0)
07-10 00:39:44.165 16924  9340 W NetworkScheduler: 	at java.lang.Thread.run(Thread.java:1012)
07-10 00:39:44.165 29666 29666 I Launcher.AppsPagedView: UpdateItems => id: 233, rank: 15, screenId: 2, cellX: 0, cellY: 3, container: -102, dirty: false, title: Moodle, isFolder: false, user: UserHandle{0}, disabled: false, screenType: 0
07-10 00:39:44.166 29666 29666 I Launcher.AppsPagedView: UpdateItems => id: 258, rank: 16, screenId: 2, cellX: 1, cellY: 3, container: -102, dirty: false, title: Moovit, isFolder: false, user: UserHandle{0}, disabled: false, screenType: 0
07-10 00:39:44.166 29666 29666 I Launcher.AppsPagedView: UpdateItems => id: 275, rank: 17, screenId: 2, cellX: 2, cellY: 3, container: -102, dirty: false, title: Music, isFolder: false, user: UserHandle{0}, disabled: false, screenType: 0
07-10 00:39:44.167 29666 29666 I Launcher.AppsPagedView: UpdateItems => id: 169, rank: 18, screenId: 2, cellX: 3, cellY: 3, container: -102, dirty: false, title: my.itmo, isFolder: false, user: UserHandle{0}, disabled: false, screenType: 0
07-10 00:39:44.168 29666 29666 I Launcher.AppsPagedView: UpdateItems => id: 197, rank: 19, screenId: 2, cellX: 4, cellY: 3, container: -102, dirty: false, title: Natural Scientific Calculator, isFolder: false, user: UserHandle{0}, disabled: false, screenType: 0
07-10 00:39:44.168 29666 29666 I Launcher.AppsPagedView: UpdateItems => id: 260, rank: 20, screenId: 2, cellX: 0, cellY: 4, container: -102, dirty: false, title: Notion, isFolder: false, user: UserHandle{0}, disabled: false, screenType: 0
07-10 00:39:44.169 29666 29666 I Launcher.AppsPagedView: UpdateItems => id: 251, rank: 21, screenId: 2, cellX: 1, cellY: 4, container: -102, dirty: false, title: Omnics, isFolder: false, user: UserHandle{0}, disabled: false, screenType: 0
07-10 00:39:44.169 29666 29666 I Launcher.AppsPagedView: UpdateItems => id: 58, rank: 22, screenId: 2, cellX: 2, cellY: 4, container: -102, dirty: false, title: OneDrive, isFolder: false, user: UserHandle{0}, disabled: false, screenType: 0
07-10 00:39:44.169 29666 29666 I Launcher.AppsPagedView: UpdateItems => id: 149, rank: 23, screenId: 2, cellX: 3, cellY: 4, container: -102, dirty: false, title: OONI Probe, isFolder: false, user: UserHandle{0}, disabled: false, screenType: 0
07-10 00:39:44.170 29666 29666 I Launcher.AppsPagedView: UpdateItems => id: 179, rank: 24, screenId: 2, cellX: 4, cellY: 4, container: -102, dirty: false, title: Orbot, isFolder: false, user: UserHandle{0}, disabled: false, screenType: 0
07-10 00:39:44.170 29666 29666 I Launcher.AppsPagedView: UpdateItems => id: 146, rank: 25, screenId: 2, cellX: 0, cellY: 5, container: -102, dirty: false, title: PaintCAD, isFolder: false, user: UserHandle{0}, disabled: false, screenType: 0
07-10 00:39:44.171 29666 29666 I Launcher.AppsPagedView: UpdateItems => id: 67, rank: 26, screenId: 2, cellX: 1, cellY: 5, container: -102, dirty: false, title: Phone, isFolder: false, user: UserHandle{0}, disabled: false, screenType: 0
07-10 00:39:44.171 29666 29666 I Launcher.AppsPagedView: UpdateItems => id: 219, rank: 27, screenId: 2, cellX: 2, cellY: 5, container: -102, dirty: false, title: PhoneAccount Abuse Detector, isFolder: false, user: UserHandle{0}, disabled: false, screenType: 0
07-10 00:39:44.172 29666 29666 I Launcher.AppsPagedView: UpdateItems => id: 177, rank: 28, screenId: 2, cellX: 3, cellY: 5, container: -102, dirty: false, title: Photomath, isFolder: false, user: UserHandle{0}, disabled: false, screenType: 0
07-10 00:39:44.172 29666 29666 I Launcher.AppsPagedView: UpdateItems => id: 92, rank: 29, screenId: 2, cellX: 4, cellY: 5, container: -102, dirty: false, title: Photos, isFolder: false, user: UserHandle{0}, disabled: false, screenType: 0
07-10 00:39:44.172 11696 11818 I GOS:SystemEventReactor: checkReservedCategory() - reservedList is null or empty!
07-10 00:39:44.172 29666 29666 I Launcher.AppsPagedView: UpdateItems => id: 132, rank: 0, screenId: 3, cellX: 0, cellY: 0, container: -102, dirty: false, title: PhotoScan, isFolder: false, user: UserHandle{0}, disabled: false, screenType: 0
07-10 00:39:44.173 29666 29666 I Launcher.AppsPagedView: UpdateItems => id: 242, rank: 1, screenId: 3, cellX: 1, cellY: 0, container: -102, dirty: false, title: Play Games, isFolder: false, user: UserHandle{0}, disabled: false, screenType: 0
07-10 00:39:44.173 29666 29666 I Launcher.AppsPagedView: UpdateItems => id: 192, rank: 2, screenId: 3, cellX: 2, cellY: 0, container: -102, dirty: false, title: Play Music, isFolder: false, user: UserHandle{0}, disabled: false, screenType: 0
07-10 00:39:44.174 29666 29666 I Launcher.AppsPagedView: UpdateItems => id: 61, rank: 3, screenId: 3, cellX: 3, cellY: 0, container: -102, dirty: false, title: Play Store, isFolder: false, user: UserHandle{0}, disabled: false, screenType: 0
07-10 00:39:44.174 29666 29666 I Launcher.AppsPagedView: UpdateItems => id: 227, rank: 4, screenId: 3, cellX: 4, cellY: 0, container: -102, dirty: false, title: Proton VPN, isFolder: false, user: UserHandle{0}, disabled: false, screenType: 0
07-10 00:39:44.174 29666 29666 I Launcher.AppsPagedView: UpdateItems => id: 200, rank: 5, screenId: 3, cellX: 0, cellY: 1, container: -102, dirty: false, title: Psiphon Pro, isFolder: false, user: UserHandle{0}, disabled: false, screenType: 0
07-10 00:39:44.175 29666 29666 I Launcher.AppsPagedView: UpdateItems => id: 147, rank: 6, screenId: 3, cellX: 1, cellY: 1, container: -102, dirty: false, title: Pydroid 3, isFolder: false, user: UserHandle{0}, disabled: false, screenType: 0
07-10 00:39:44.175 29666 29666 I Launcher.AppsPagedView: UpdateItems => id: 124, rank: 7, screenId: 3, cellX: 2, cellY: 1, container: -102, dirty: false, title: QuickEdit, isFolder: false, user: UserHandle{0}, disabled: false, screenType: 0
07-10 00:39:44.176 29666 29666 I Launcher.AppsPagedView: UpdateItems => id: 232, rank: 8, screenId: 3, cellX: 3, cellY: 1, container: -102, dirty: false, title: Quip, isFolder: false, user: UserHandle{0}, disabled: false, screenType: 0
07-10 00:39:44.176 29666 29666 I Launcher.AppsPagedView: UpdateItems => id: 221, rank: 9, screenId: 3, cellX: 4, cellY: 1, container: -102, dirty: false, title: RaiPay, isFolder: false, user: UserHandle{0}, disabled: false, screenType: 0
07-10 00:39:44.176 29666 29666 I Launcher.AppsPagedView: UpdateItems => id: 128, rank: 10, screenId: 3, cellX: 0, cellY: 2, container: -102, dirty: false, title: RAR, isFolder: false, user: UserHandle{0}, disabled: false, screenType: 0
07-10 00:39:44.176 29666 29666 I Launcher.AppsPagedView: UpdateItems => id: 245, rank: 11, screenId: 3, cellX: 1, cellY: 2, container: -102, dirty: false, title: Reddit, isFolder: false, user: UserHandle{0}, disabled: false, screenType: 0
07-10 00:39:44.176 29666 29666 I Launcher.AppsPagedView: UpdateItems => id: 96, rank: 12, screenId: 3, cellX: 2, cellY: 2, container: -102, dirty: false, title: Samsung Health, isFolder: false, user: UserHandle{0}, disabled: false, screenType: 0
07-10 00:39:44.177 29666 29666 I Launcher.AppsPagedView: UpdateItems => id: 99, rank: 13, screenId: 3, cellX: 3, cellY: 2, container: -102, dirty: false, title: Samsung Members, isFolder: false, user: UserHandle{0}, disabled: false, screenType: 0
07-10 00:39:44.177 29666 29666 I Launcher.AppsPagedView: UpdateItems => id: 100, rank: 14, screenId: 3, cellX: 4, cellY: 2, container: -102, dirty: false, title: Samsung Notes, isFolder: false, user: UserHandle{0}, disabled: false, screenType: 0
07-10 00:39:44.178 29666 29666 I Launcher.AppsPagedView: UpdateItems => id: 205, rank: 15, screenId: 3, cellX: 0, cellY: 3, container: -102, dirty: false, title: ScreenshotGo, isFolder: false, user: UserHandle{0}, disabled: false, screenType: 0
07-10 00:39:44.178 29666 29666 I Launcher.AppsPagedView: UpdateItems => id: 73, rank: 16, screenId: 3, cellX: 1, cellY: 3, container: -102, dirty: false, title: Settings, isFolder: false, user: UserHandle{0}, disabled: false, screenType: 0
07-10 00:39:44.179 29666 29666 I Launcher.AppsPagedView: UpdateItems => id: 143, rank: 17, screenId: 3, cellX: 2, cellY: 3, container: -102, dirty: false, title: Shazam, isFolder: false, user: UserHandle{0}, disabled: false, screenType: 0
07-10 00:39:44.179 29666 29666 I Launcher.AppsPagedView: UpdateItems => id: 112, rank: 18, screenId: 3, cellX: 3, cellY: 3, container: -102, dirty: false, title: Sheets, isFolder: false, user: UserHandle{0}, disabled: false, screenType: 0
07-10 00:39:44.180 29666 29666 I Launcher.AppsPagedView: UpdateItems => id: 183, rank: 19, screenId: 3, cellX: 4, cellY: 3, container: -102, dirty: false, title: Skype, isFolder: false, user: UserHandle{0}, disabled: false, screenType: 0
07-10 00:39:44.180 29666 29666 I Launcher.AppsPagedView: UpdateItems => id: 170, rank: 20, screenId: 3, cellX: 0, cellY: 4, container: -102, dirty: false, title: Slack, isFolder: false, user: UserHandle{0}, disabled: false, screenType: 0
07-10 00:39:44.180 29666 29666 I Launcher.AppsPagedView: UpdateItems => id: 135, rank: 21, screenId: 3, cellX: 1, cellY: 4, container: -102, dirty: false, title: Slides, isFolder: false, user: UserHandle{0}, disabled: false, screenType: 0
07-10 00:39:44.181 29666 29666 I Launcher.AppsPagedView: UpdateItems => id: 216, rank: 22, screenId: 3, cellX: 2, cellY: 4, container: -102, dirty: false, title: Smart Tutor, isFolder: false, user: UserHandle{0}, disabled: false, screenType: 0
07-10 00:39:44.181 29666 29666 I Launcher.AppsPagedView: UpdateItems => id: 241, rank: 23, screenId: 3, cellX: 3, cellY: 4, container: -102, dirty: false, title: Space, isFolder: false, user: UserHandle{0}, disabled: false, screenType: 0
07-10 00:39:44.181 29666 29666 I Launcher.AppsPagedView: UpdateItems => id: 265, rank: 24, screenId: 3, cellX: 4, cellY: 4, container: -102, dirty: false, title: SPACE, isFolder: false, user: UserHandle{0}, disabled: false, screenType: 0
07-10 00:39:44.182 29666 29666 I Launcher.AppsPagedView: UpdateItems => id: 136, rank: 25, screenId: 3, cellX: 0, cellY: 5, container: -102, dirty: false, title: Speedtest, isFolder: false, user: UserHandle{0}, disabled: false, screenType: 0
07-10 00:39:44.182 29666 29666 I Launcher.AppsPagedView: UpdateItems => id: 237, rank: 26, screenId: 3, cellX: 1, cellY: 5, container: -102, dirty: false, title: Splitwise, isFolder: false, user: UserHandle{0}, disabled: false, screenType: 0
07-10 00:39:44.182 29666 29666 I Launcher.AppsPagedView: UpdateItems => id: 278, rank: 27, screenId: 3, cellX: 2, cellY: 5, container: -102, dirty: false, title: Srbija voz, isFolder: false, user: UserHandle{0}, disabled: false, screenType: 0
07-10 00:39:44.183 29666 29666 I Launcher.AppsPagedView: UpdateItems => id: 284, rank: 28, screenId: 3, cellX: 3, cellY: 5, container: -102, dirty: false, title: Steam, isFolder: false, user: UserHandle{0}, disabled: false, screenType: 0
07-10 00:39:44.183 29666 29666 I Launcher.AppsPagedView: UpdateItems => id: 109, rank: 29, screenId: 3, cellX: 4, cellY: 5, container: -102, dirty: false, title: Stepik, isFolder: false, user: UserHandle{0}, disabled: false, screenType: 0
07-10 00:39:44.183 29666 29666 I Launcher.AppsPagedView: UpdateItems => id: 122, rank: 0, screenId: 4, cellX: 0, cellY: 0, container: -102, dirty: false, title: Tasks, isFolder: false, user: UserHandle{0}, disabled: false, screenType: 0
07-10 00:39:44.183 29666 29666 I Launcher.AppsPagedView: UpdateItems => id: 267, rank: 1, screenId: 4, cellX: 1, cellY: 0, container: -102, dirty: false, title: TeamCityApp, isFolder: false, user: UserHandle{0}, disabled: false, screenType: 0
07-10 00:39:44.184 29666 29666 I Launcher.AppsPagedView: UpdateItems => id: 223, rank: 2, screenId: 4, cellX: 2, cellY: 0, container: -102, dirty: false, title: Teams, isFolder: false, user: UserHandle{0}, disabled: false, screenType: 0
07-10 00:39:44.184 29666 29666 I Launcher.AppsPagedView: UpdateItems => id: 108, rank: 3, screenId: 4, cellX: 3, cellY: 0, container: -102, dirty: false, title: Telegram, isFolder: false, user: UserHandle{0}, disabled: false, screenType: 0
07-10 00:39:44.184 29666 29666 I Launcher.AppsPagedView: UpdateItems => id: 256, rank: 4, screenId: 4, cellX: 4, cellY: 0, container: -102, dirty: false, title: Telemost, isFolder: false, user: UserHandle{0}, disabled: false, screenType: 0
07-10 00:39:44.185 29666 29666 I Launcher.AppsPagedView: UpdateItems => id: 126, rank: 5, screenId: 4, cellX: 0, cellY: 1, container: -102, dirty: false, title: Termux, isFolder: false, user: UserHandle{0}, disabled: false, screenType: 0
07-10 00:39:44.185 29666 29666 I Launcher.AppsPagedView: UpdateItems => id: 175, rank: 6, screenId: 4, cellX: 1, cellY: 1, container: -102, dirty: false, title: Termux Tutorial, isFolder: false, user: UserHandle{0}, disabled: false, screenType: 0
07-10 00:39:44.185 29666 29666 I Launcher.AppsPagedView: UpdateItems => id: 247, rank: 7, screenId: 4, cellX: 2, cellY: 1, container: -102, dirty: false, title: Tinkoff, isFolder: false, user: UserHandle{0}, disabled: false, screenType: 0
07-10 00:39:44.186 29666 29666 I Launcher.AppsPagedView: UpdateItems => id: 105, rank: 8, screenId: 4, cellX: 3, cellY: 1, container: -102, dirty: false, title: Tips, isFolder: false, user: UserHandle{0}, disabled: false, screenType: 0
07-10 00:39:44.186 29666 29666 I Launcher.AppsPagedView: UpdateItems => id: 243, rank: 9, screenId: 4, cellX: 4, cellY: 1, container: -102, dirty: false, title: To Do, isFolder: false, user: UserHandle{0}, disabled: false, screenType: 0
07-10 00:39:44.187 29666 29666 I IconView: applyDotState itemInfo : To Do display : 1 count : 1
07-10 00:39:44.187 29666 29666 I Launcher.AppsPagedView: UpdateItems => id: 121, rank: 10, screenId: 4, cellX: 0, cellY: 2, container: -102, dirty: false, title: Translate, isFolder: false, user: UserHandle{0}, disabled: false, screenType: 0
07-10 00:39:44.188 29666 29666 I Launcher.AppsPagedView: UpdateItems => id: 163, rank: 11, screenId: 4, cellX: 1, cellY: 2, container: -102, dirty: false, title: Translate, isFolder: false, user: UserHandle{0}, disabled: false, screenType: 0
07-10 00:39:44.188 29666 29666 I Launcher.AppsPagedView: UpdateItems => id: 199, rank: 12, screenId: 4, cellX: 2, cellY: 2, container: -102, dirty: false, title: Twitch, isFolder: false, user: UserHandle{0}, disabled: false, screenType: 0
07-10 00:39:44.188 29666 29666 I Launcher.AppsPagedView: UpdateItems => id: 248, rank: 13, screenId: 4, cellX: 3, cellY: 2, container: -102, dirty: false, title: Twitter, isFolder: false, user: UserHandle{0}, disabled: false, screenType: 0
07-10 00:39:44.189 29666 29666 I IconView: applyDotState itemInfo : Twitter display : 1 count : 1
07-10 00:39:44.189 29666 29666 I Launcher.AppsPagedView: UpdateItems => id: 283, rank: 14, screenId: 4, cellX: 4, cellY: 2, container: -102, dirty: false, title: Urban VPN, isFolder: false, user: UserHandle{0}, disabled: false, screenType: 0
07-10 00:39:44.190 29666 29666 I Launcher.AppsPagedView: UpdateItems => id: 102, rank: 15, screenId: 4, cellX: 0, cellY: 3, container: -102, dirty: false, title: Voice Recorder, isFolder: false, user: UserHandle{0}, disabled: false, screenType: 0
07-10 00:39:44.191 29666 29666 I Launcher.AppsPagedView: UpdateItems => id: 210, rank: 16, screenId: 4, cellX: 1, cellY: 3, container: -102, dirty: false, title: Wallet, isFolder: false, user: UserHandle{0}, disabled: false, screenType: 0
07-10 00:39:44.191 29666 29666 I Launcher.AppsPagedView: UpdateItems => id: 119, rank: 17, screenId: 4, cellX: 2, cellY: 3, container: -102, dirty: false, title: WhatsApp, isFolder: false, user: UserHandle{0}, disabled: false, screenType: 0
07-10 00:39:44.192 29666 29666 I Launcher.AppsPagedView: UpdateItems => id: 231, rank: 18, screenId: 4, cellX: 3, cellY: 3, container: -102, dirty: false, title: WiFiAnalyzer, isFolder: false, user: UserHandle{0}, disabled: false, screenType: 0
07-10 00:39:44.193 29666 29666 I Launcher.AppsPagedView: UpdateItems => id: 156, rank: 19, screenId: 4, cellX: 4, cellY: 3, container: -102, dirty: false, title: Wolfram Alpha, isFolder: false, user: UserHandle{0}, disabled: false, screenType: 0
07-10 00:39:44.193 29666 29666 I Launcher.AppsPagedView: UpdateItems => id: 214, rank: 20, screenId: 4, cellX: 0, cellY: 4, container: -102, dirty: false, title: Wolt, isFolder: false, user: UserHandle{0}, disabled: false, screenType: 0
07-10 00:39:44.194 29666 29666 I Launcher.AppsPagedView: UpdateItems => id: 140, rank: 21, screenId: 4, cellX: 1, cellY: 4, container: -102, dirty: false, title: Word, isFolder: false, user: UserHandle{0}, disabled: false, screenType: 0
07-10 00:39:44.195 29666 29666 I Launcher.AppsPagedView: UpdateItems => id: 262, rank: 22, screenId: 4, cellX: 2, cellY: 4, container: -102, dirty: false, title: Xiaomi Home, isFolder: false, user: UserHandle{0}, disabled: false, screenType: 0
07-10 00:39:44.195 29666 29666 I Launcher.AppsPagedView: UpdateItems => id: 185, rank: 23, screenId: 4, cellX: 3, cellY: 4, container: -102, dirty: false, title: Y.Weather, isFolder: false, user: UserHandle{0}, disabled: false, screenType: 0
07-10 00:39:44.196 29666 29666 I Launcher.AppsPagedView: UpdateItems => id: 150, rank: 24, screenId: 4, cellX: 4, cellY: 4, container: -102, dirty: false, title: YandexDisk, isFolder: false, user: UserHandle{0}, disabled: false, screenType: 0
07-10 00:39:44.196 29666 29666 I Launcher.AppsPagedView: UpdateItems => id: 208, rank: 25, screenId: 4, cellX: 0, cellY: 5, container: -102, dirty: false, title: Yandex Metro, isFolder: false, user: UserHandle{0}, disabled: false, screenType: 0
07-10 00:39:44.197 29666 29666 I Launcher.AppsPagedView: UpdateItems => id: 152, rank: 26, screenId: 4, cellX: 1, cellY: 5, container: -102, dirty: false, title: Yandex Navi, isFolder: false, user: UserHandle{0}, disabled: false, screenType: 0
07-10 00:39:44.198 29666 29666 I Launcher.AppsPagedView: UpdateItems => id: 83, rank: 27, screenId: 4, cellX: 2, cellY: 5, container: -102, dirty: false, title: Yandex Start, isFolder: false, user: UserHandle{0}, disabled: false, screenType: 0
07-10 00:39:44.199 29666 29666 I Launcher.AppsPagedView: UpdateItems => id: 188, rank: 28, screenId: 4, cellX: 3, cellY: 5, container: -102, dirty: false, title: YandexGo, isFolder: false, user: UserHandle{0}, disabled: false, screenType: 0
07-10 00:39:44.199 29666 29666 I Launcher.AppsPagedView: UpdateItems => id: 211, rank: 29, screenId: 4, cellX: 4, cellY: 5, container: -102, dirty: false, title: Yettel, isFolder: false, user: UserHandle{0}, disabled: false, screenType: 0
07-10 00:39:44.199 29666 29666 I Launcher.AppsPagedView: UpdateItems => id: 230, rank: 0, screenId: 5, cellX: 0, cellY: 0, container: -102, dirty: false, title: YouTrack, isFolder: false, user: UserHandle{0}, disabled: false, screenType: 0
07-10 00:39:44.200 29666 29666 I Launcher.AppsPagedView: UpdateItems => id: 215, rank: 1, screenId: 5, cellX: 1, cellY: 0, container: -102, dirty: false, title: Zoom, isFolder: false, user: UserHandle{0}, disabled: false, screenType: 0
07-10 00:39:44.200 29666 29666 I Launcher.AppsPagedView: UpdateItems => id: 206, rank: 2, screenId: 5, cellX: 2, cellY: 0, container: -102, dirty: false, title: , isFolder: false, user: UserHandle{0}, disabled: false, screenType: 0
07-10 00:39:44.201 29666 29666 I Launcher.AppsPagedView: UpdateItems => id: 222, rank: 3, screenId: 5, cellX: 3, cellY: 0, container: -102, dirty: false, title: , isFolder: false, user: UserHandle{0}, disabled: false, screenType: 0
07-10 00:39:44.201 29666 29666 I Launcher.AppsPagedView: UpdateItems => id: 212, rank: 4, screenId: 5, cellX: 4, cellY: 0, container: -102, dirty: false, title: , isFolder: false, user: UserHandle{0}, disabled: false, screenType: 0
07-10 00:39:44.202 29666 29666 I Launcher.AppsPagedView: UpdateItems => id: 246, rank: 5, screenId: 5, cellX: 0, cellY: 1, container: -102, dirty: false, title: ., isFolder: false, user: UserHandle{0}, disabled: false, screenType: 0
07-10 00:39:44.203 29666 29666 I Launcher.AppsPagedView: UpdateItems => id: 85, rank: 6, screenId: 5, cellX: 1, cellY: 1, container: -102, dirty: false, title: , isFolder: false, user: UserHandle{0}, disabled: false, screenType: 0
07-10 00:39:44.203 29666 29666 I Launcher.AppsPagedView: UpdateItems => id: 138, rank: 7, screenId: 5, cellX: 2, cellY: 1, container: -102, dirty: false, title: , isFolder: false, user: UserHandle{0}, disabled: false, screenType: 0
07-10 00:39:44.204 29666 29666 I Launcher.AppsPagedView: UpdateItems => id: 207, rank: 8, screenId: 5, cellX: 3, cellY: 1, container: -102, dirty: false, title:  Tele2, isFolder: false, user: UserHandle{0}, disabled: false, screenType: 0
07-10 00:39:44.204 29666 29666 I Launcher.AppsPagedView: UpdateItems => id: 213, rank: 9, screenId: 5, cellX: 4, cellY: 1, container: -102, dirty: false, title:  , isFolder: false, user: UserHandle{0}, disabled: false, screenType: 0
07-10 00:39:44.205 29666 29666 I Launcher.AppsPagedView: UpdateItems => id: 168, rank: 10, screenId: 5, cellX: 0, cellY: 2, container: -102, dirty: false, title: , isFolder: false, user: UserHandle{0}, disabled: false, screenType: 0
07-10 00:39:44.205 29666 29666 I Launcher.AppsPagedView: UpdateItems => id: 273, rank: 11, screenId: 5, cellX: 1, cellY: 2, container: -102, dirty: false, title:  , isFolder: false, user: UserHandle{0}, disabled: false, screenType: 0
07-10 00:39:44.206 29666 29666 I Launcher.AppsPagedView: UpdateItems => id: 127, rank: 12, screenId: 5, cellX: 2, cellY: 2, container: -102, dirty: false, title:  , isFolder: false, user: UserHandle{0}, disabled: false, screenType: 0
07-10 00:39:44.207 29666 29666 I Launcher.AppsPageDelegate: updateItemToNewPosition = title : Samsung, rank : 1, screenId : 0, user: UserHandle{0}, screenType: 0, pos: 1, screen: 0
07-10 00:39:44.207 29666 29666 I Launcher.AppsPageDelegate: updateItemToNewPosition = title : Google, rank : 0, screenId : 0, user: UserHandle{0}, screenType: 0, pos: 0, screen: 0
07-10 00:39:44.207 29666 29666 I Launcher.AppsPageDelegate: updateItemToNewPosition = title : Camera, rank : 17, screenId : 0, user: UserHandle{0}, screenType: 0, pos: 17, screen: 0
07-10 00:39:44.207 29666 29666 I Launcher.AppsPageDelegate: updateItemToNewPosition = title : Clock, rank : 21, screenId : 0, user: UserHandle{0}, screenType: 0, pos: 21, screen: 0
07-10 00:39:44.207 29666 29666 I Launcher.AppsPageDelegate: updateItemToNewPosition = title : Contacts, rank : 23, screenId : 0, user: UserHandle{0}, screenType: 0, pos: 23, screen: 0
07-10 00:39:44.207 29666 29666 I Launcher.AppsPageDelegate: updateItemToNewPosition = title : Calendar, rank : 15, screenId : 0, user: UserHandle{0}, screenType: 0, pos: 15, screen: 0
07-10 00:39:44.207 29666 29666 I Launcher.AppsPageDelegate: updateItemToNewPosition = title : Calculator, rank : 13, screenId : 0, user: UserHandle{0}, screenType: 0, pos: 13, screen: 0
07-10 00:39:44.207 29666 29666 I Launcher.AppsPageDelegate: updateItemToNewPosition = title : Browser, rank : 12, screenId : 0, user: UserHandle{0}, screenType: 0, pos: 12, screen: 0
07-10 00:39:44.207 29666 29666 I Launcher.AppsPageDelegate: updateItemToNewPosition = title : CDE ITMO, rank : 20, screenId : 0, user: UserHandle{0}, screenType: 0, pos: 20, screen: 0
07-10 00:39:44.207 29666 29666 I Launcher.AppsPageDelegate: updateItemToNewPosition = title : Discord, rank : 28, screenId : 0, user: UserHandle{0}, screenType: 0, pos: 28, screen: 0
07-10 00:39:44.207 29666 29666 I Launcher.AppsPageDelegate: updateItemToNewPosition = title : Cxxdroid, rank : 25, screenId : 0, user: UserHandle{0}, screenType: 0, pos: 25, screen: 0
07-10 00:39:44.207 29666 29666 I Launcher.AppsPageDelegate: updateItemToNewPosition = title : Calculator, rank : 14, screenId : 0, user: UserHandle{0}, screenType: 0, pos: 14, screen: 0
07-10 00:39:44.207 29666 29666 I Launcher.AppsPageDelegate: updateItemToNewPosition = title : 3D Calculator, rank : 2, screenId : 0, user: UserHandle{0}, screenType: 0, pos: 2, screen: 0
