07-10 00:43:04.785 15049 15049 D ConnectivityManager: StackLog: [android.net.ConnectivityManager.unregisterNetworkCallback(ConnectivityManager.java:4972)] [androidx.work.impl.utils.NetworkApi21.unregisterNetworkCallbackCompat(Unknown Source:11)] [androidx.work.impl.constraints.trackers.NetworkStateTracker24.stopTracking(Unknown Source:15)] [androidx.work.impl.constraints.trackers.ConstraintTracker.removeListener(Unknown Source:24)] [androidx.work.impl.constraints.controllers.ConstraintController.replace(Unknown Source:81)] [androidx.work.impl.constraints.WorkConstraintsTrackerImpl.replace(Unknown Source:41)] [androidx.work.impl.background.greedy.GreedyScheduler.onExecuted(Unknown Source:55)] [androidx.work.impl.Processor.onExecuted(Unknown Source:59)] [com.bugsnag.android.DeliveryDelegate$1.run(Unknown Source:212)]
07-10 00:43:04.788  5674  6055 D ConnectivityService:  Removing from current network [118 WIFI], leaving 157 requests.
07-10 00:43:04.801  5353  5543 V APM_AudioPolicyManager: setAppState(portId:1005, state:1)
07-10 00:43:04.805  5353  5543 V APM_AudioPolicyManager: setAppState(portId:1005, state:1)
07-10 00:43:05.364  5674  6183 D WifiConnectivityMonitor: called startWcmPoll but already Ongoing
07-10 00:43:05.364  5674  6183 D SemWifiRssiBasePoller: RSSI_BASE_STOP
07-10 00:43:05.685 31802 32118 I PolicyManager: [#CMH#] Is foreground game app: false
07-10 00:43:05.784 31802 32118 I ControllerUtils: [#CMH#] StoryService:  9, isNonJustShotRunningPossible: false, isStopHeavyTask: true
07-10 00:43:05.841 31802 32118 I ControllerUtils: [#CMH#] IPService:  5, isNonJustShotRunningPossible: false, isStopHeavyTask: true
07-10 00:43:05.896 31802 32118 I ControllerUtils: [#CMH#] FaceService:  2, isNonJustShotRunningPossible: false, isStopHeavyTask: true
07-10 00:43:06.206  5674  5745 W libprocessgroup: Failed to open /dev/blkio//cgroup.procs: No such file or directory
07-10 00:43:06.224 31802 31802 I CMHJobService: [#CMH#] onStartJob Called at Jul 10,2023 00:43:06
07-10 00:43:06.226 31802 31802 I CMHJobService: [#CMH#] Battery Percentage is:  1.0, High Temp: 0
07-10 00:43:06.227 16924 14903 I GCoreUlr: WorldUpdater received intent Intent { act=com.google.android.location.reporting.ACTION_UPDATE_WORLD flg=0x4 cmp=com.google.android.gms/com.google.android.location.reporting.service.DispatchingService (has extras) } with receiverAction NO_RECEIVER_ACTION
07-10 00:43:06.338 16924 14903 I GCoreUlr: WorldUpdater:NO_RECEIVER_ACTION: Ensuring that reporting is active for [account#-1#]
07-10 00:43:06.929 15053 15268 D ProfileInstaller: Skipping profile installation for com.linkedin.android
07-10 00:43:07.545  9837 10033 I SemDvfsHyPerManager: acquire hyper - SIOP_GPU_FREQ_MAX/9837@4, type = 536875010
07-10 00:43:07.547  5313  5394 I HYPER-HAL: [RequestManager.cpp]acquire(): Acquired ID : 48427565  [9837 / 4]    HINT :      list : [GPUMaxFreq / 949000]
07-10 00:43:07.555  9837 10033 I SemDvfsHyPerManager: acquire hyper - SIOP_ARM_MAX/9837@2, type = 301993986
07-10 00:43:07.555  5313  5394 I HYPER-HAL: [RequestManager.cpp]acquire(): Acquired ID : 48407882  [9837 / 2]    HINT :      list : [CPUMaxFreq / 2210000]
07-10 00:43:07.694  5674  7726 D SemWifiUsabilityStatsMonitor: onWifiUsabilityStats - seqNum 21092, isSameBssidAndFreq true
07-10 00:43:07.696  5674  6128 I SemWifiLinkQualityMonitor: Link Qos Query: 0.119 ms / 67.019 Mbps (117 / 0.000 / 1.746)
07-10 00:43:07.696  6461  6461 D NetworkController.WifiSignalController: notifyListener: visible=true, connected=true, inetCondition=1, isDefault=true, wifiTestReported=true, receivedInetCondition=-1, hideDuringMobileSwitching=false
07-10 00:43:07.697  5674  6055 D ConnectivityService: notifyType CALLBACK_CAP_CHANGED for [118 WIFI]
07-10 00:43:07.700  5674  6086 D SemWifiSwitchForIndividualAppsService: stopTCPMonitoring : already stopped
07-10 00:43:07.700  5674  6086 I WifiConnectivityMonitor.NCC: sNetworkCallback(oCC) FULL : 118(true/false)[ Transports: WIFI Capabilities: NOT_METERED&INTERNET&NOT_RESTRICTED&TRUSTED&NOT_VPN&VALIDATED&NOT_ROAMING&FOREGROUND&NOT_CONGESTED&NOT_SUSPENDED&NOT_VCN_MANAGED LinkUpBandwidth>=38087Kbps LinkDnBandwidth>=48162Kbps TransportInfo: <SSID: <unknown ssid>, BSSID: 02:00:00:**:**:00, MAC: 02:00:00:**:**:00, IP: /192.168.1.19, Security type: 2, Supplicant state: COMPLETED, Wi-Fi standard: 5, RSSI: -62, Link speed: 117Mbps, Tx Link speed: 117Mbps, Max Supported Tx Link speed: 433Mbps, Rx Link speed: 6Mbps, Max Supported Rx Link speed: 433Mbps, Frequency: 5180MHz, Net ID: -1, Metered hint: false, score: 60, isUsable: true, CarrierMerged: false, SubscriptionId: -1, IsPrimary: 1, Trusted: true, Restricted: false, Ephemeral: false, OEM paid: false, OEM private: false, OSU AP: false, FQDN: <none>, Provider friendly name: <none>, Requesting package name: <none><none>MLO Information: , AP MLD Address: <none>, AP MLO Link Id: <none>, AP MLO Affiliated links: <none>> SignalStrength: -62 AdminUids: [1000] SSID: "Talija" UnderlyingNetworks: Null]
07-10 00:43:07.702  5674  6164 I WifiConnectivityMonitor: current mode : 1
07-10 00:43:07.702  5674  6164 D OpenNetworkQos[4.00]: updateBssidNoInternet: mBssidNoInternet = false
07-10 00:43:07.702  5674  6164 D OpenNetworkQos[4.00]: getOpenNetworkQosNoInternetStatus: false
07-10 00:43:07.702  5674  6164 D OpenNetworkQos[4.00]: getOpenNetworkQosScores: 26 26 26
07-10 00:43:07.703  5674  6164 I WifiProfileShare: network QoS data was changed (internet), updateQoSData networkType: true, qosData: false
07-10 00:43:07.703  5674  7451 V WifiProfileShare.Caster: update wips network, size: 0
07-10 00:43:07.703  5674  7451 D WifiProfileShare: nearby scanning settings run
07-10 00:43:07.703  5674  7451 D WifiProfileShare: network score provider settings enabled
07-10 00:43:07.704  5674  7451 D OpenNetworkQos[4.00]: getOpenNetworkQosScores: 26 26 26
07-10 00:43:07.704  5674  7451 D OpenNetworkQos[4.00]: getOpenNetworkQosNoInternetStatus: false
07-10 00:43:07.704  5674  7451 I WifiProfileShare.Caster: current network type: 0, score: [26, 26, 26]
07-10 00:43:07.704  5674  7451 V WifiProfileShare.Cache: update network score 00:e4:06:**:**:90
07-10 00:43:07.705  5674  7451 D WifiProfileShare.ScanMatcher: getMcfDataList size:2
07-10 00:43:07.705  5674  7451 I WifiProfileShare.Caster: qos data was updated , before:type:QOS, pBssid:51:2e:90, qosData:7c after:type:QOS, pBssid:51:2e:90, qosData:7c
07-10 00:43:07.707  5674  7451 I [MCFSDK_android_1.2.4010]_4_b: isNetworkEnabled - type : 1 ret : true
07-10 00:43:07.708  5674  7451 D WifiProfileShare.McfCast: -ME--- mIsNetworkEnabled :true
07-10 00:43:07.708  5674  7451 D WifiProfileShare.McfCast: updateQoSData ignored, same contents
07-10 00:43:07.708  5674  7451 D WifiProfileShare.MCF: success update QosData !
07-10 00:43:07.709  5674  7451 I [MCFSDK_android_1.2.4010]_4_b: isNetworkEnabled - type : 1 ret : true
07-10 00:43:07.709  5674  7451 D WifiProfileShare.McfCast: -ME--- mIsNetworkEnabled :true
07-10 00:43:07.709  5674  7451 D WifiProfileShare.McfCast: -ME--- updatePasswordDate pwdData size:2
07-10 00:43:07.733 16924 20534 I ChimeraSrvcProxy: NullBinder for android.net.action.RECOMMEND_NETWORKS triggering remote TransactionTooLargeException due to Service without Chimera impl
07-10 00:43:07.733 16924 20534 W .gms.persistent: Large reply transaction of 1056768 bytes, interface descriptor , code 1
07-10 00:43:07.735  6461  6566 D NetworkController.WifiSignalController: notifyListener: visible=true, connected=true, inetCondition=1, isDefault=true, wifiTestReported=true, receivedInetCondition=-1, hideDuringMobileSwitching=false
07-10 00:43:07.745 15053 15082 W libc    : Access denied finding property "sys.perf.boostopt"
07-10 00:43:07.745  5262  5262 E audit   : type=1400 audit(1688942587.741:69451): avc:  denied  { read } for  pid=15053 comm="binder:15053_2" name="u:object_r:perf_prop:s0" dev="tmpfs" ino=10663 scontext=u:r:untrusted_app:s0:c6,c256,c512,c768 tcontext=u:object_r:perf_prop:s0 tclass=file permissive=0 SEPF_SM-A515F_13_0001 audit_filtered
07-10 00:43:07.745  5262  5262 E audit   : type=1300 audit(1688942587.741:69451): arch=c00000b7 syscall=56 success=no exit=-13 a0=ffffff9c a1=7b7d3662f8 a2=88000 a3=0 items=0 ppid=5287 pid=15053 auid=4294967295 uid=10006 gid=10006 euid=10006 suid=10006 fsuid=10006 egid=10006 sgid=10006 fsgid=10006 tty=(none) ses=4294967295 comm="binder:15053_2" exe="/system/bin/app_process64" subj=u:r:untrusted_app:s0:c6,c256,c512,c768 key=(null)
07-10 00:43:07.745  5262  5262 E audit   : type=1327 audit(1688942587.741:69451): proctitle="<pre-initialized>"
07-10 00:43:07.751 13881 13985 I Carnival-NetworkErrorManager(): onAvailable
07-10 00:43:07.754 13881 13985 I Carnival-NetworkErrorManager(): onNetworkRecovered
07-10 00:43:07.754 13881 13985 I Carnival-SamsungAccountManager(): onNetworkRecovered
07-10 00:43:08.731 15865 16587 W bt_stack: Unhandled vendor specific event of type 0x90
07-10 00:43:08.737 15865 16587 W bt_stack: Connection failed classic remote:xx:xx:xx:xx:b3:b1 reason:PAGE_TIMEOUT
07-10 00:43:08.758 15865 16649 W bt_l2cap: L2CAP - no CCB for L2CA_disc_req, CID: 107
07-10 00:43:08.764 15865 16679 E bt_btif_sock_rfcomm: find_rfc_slot_by_id unable to find RFCOMM slot id: 98
07-10 00:43:08.767 15865 16649 W btm_acl : Unable to find active acl
07-10 00:43:08.767 16924 18133 W WearableConn: Failed to connect, error: read failed, socket might closed or timeout, read ret: -1
07-10 00:43:08.767 16924 18133 D BluetoothSocket: close() this: android.bluetooth.BluetoothSocket@80607ef, channel: -1, mSocketIS: android.net.LocalSocketImpl$SocketInputStream@2d662fc, mSocketOS: android.net.LocalSocketImpl$SocketOutputStream@2591d85, mSocket: android.net.LocalSocket@ce47da impl:android.net.LocalSocketImpl@e55340b fd:java.io.FileDescriptor@ba4b2e8, mSocketState: INIT
07-10 00:43:08.771 16924 18133 I WearableConn: Setting alarm for 256.0 seconds to retry connection
07-10 00:43:08.775 16924 18133 I AlarmManager: setExactAndAllowWhileIdle [name: WearableBluetooth type: 2 triggerAtMillis: 144341603]
07-10 00:43:08.826 15865 16182 D BluetoothUtils: getBtEnabledContainers(): btContainers = []
07-10 00:43:08.834 15865 16182 D BluetoothUtils: getBtEnabledContainers(): btContainers = []
07-10 00:43:08.836  6461  6566 V BluetoothEventManager: onReceive :: android.bluetooth.device.action.NAME_CHANGED
07-10 00:43:08.843  6461  6566 I BluetoothAdapter: STATE_ON
07-10 00:43:08.865  6461  6566 D CachedBluetoothDeviceManager: onDeviceNameUpdated :: skip same name update
07-10 00:43:08.866  6461  6566 V BluetoothEventManager: onReceive :: android.bluetooth.device.action.CLASS_CHANGED
07-10 00:43:08.873  6461  6566 V BluetoothEventManager: onReceive :: com.samsung.bluetooth.device.action.MANUFACTURER_CHANGED
07-10 00:43:09.600  5674  5886 I HqmInfo::HqmManagerService: MSG_TYPE:MSG_TYPE_PROCESS_LOG_BY_HQM
07-10 00:43:09.642  5353  5543 V APM_AudioPolicyManager: setAppState(portId:1005, state:1)
07-10 00:43:09.644  5674  5745 W libprocessgroup: Failed to open /dev/blkio//cgroup.procs: No such file or directory
07-10 00:43:09.667  5287  5287 D Zygote  : Forked child process 15275
07-10 00:43:09.673  5353  5543 V APM_AudioPolicyManager: setAppState(portId:1005, state:1)
07-10 00:43:09.673  5674  5745 W libprocessgroup: Failed to open /dev/blkio//cgroup.procs: No such file or directory
07-10 00:43:09.711 15275 15275 I android.dqagent: Using CollectorTypeCC GC.
07-10 00:43:09.717  5353  5543 V APM_AudioPolicyManager: setAppState(portId:1005, state:1)
07-10 00:43:09.720 15275 15275 E android.dqagent: Not starting debugger since process cannot load the jdwp agent.
07-10 00:43:09.720  5353  5543 V APM_AudioPolicyManager: setAppState(portId:1005, state:1)
07-10 00:43:09.729 15275 15275 W libc    : Access denied finding property "sys.perf.boostopt"
07-10 00:43:09.730 15275 15288 W libc    : Access denied finding property "sys.perf.boostopt"
07-10 00:43:09.730  5262  5262 E audit   : type=1400 audit(1688942589.725:69452): avc:  denied  { read } for  pid=15275 comm="android.dqagent" name="u:object_r:perf_prop:s0" dev="tmpfs" ino=10663 scontext=u:r:system_app:s0 tcontext=u:object_r:perf_prop:s0 tclass=file permissive=0 SEPF_SM-A515F_13_0001 audit_filtered
07-10 00:43:09.730  5262  5262 E audit   : type=1300 audit(1688942589.725:69452): arch=c00000b7 syscall=56 success=no exit=-13 a0=ffffff9c a1=7fcf7d5458 a2=88000 a3=0 items=0 ppid=5287 pid=15275 auid=4294967295 uid=1000 gid=1000 euid=1000 suid=1000 fsuid=1000 egid=1000 sgid=1000 fsgid=1000 tty=(none) ses=4294967295 comm="android.dqagent" exe="/system/bin/app_process64" subj=u:r:system_app:s0 key=(null)
07-10 00:43:09.730  5262  5262 E audit   : type=1327 audit(1688942589.725:69452): proctitle="zygote64"
07-10 00:43:09.730  5262  5262 E audit   : type=1400 audit(1688942589.725:69453): avc:  denied  { read } for  pid=15275 comm="binder:15275_1" name="u:object_r:perf_prop:s0" dev="tmpfs" ino=10663 scontext=u:r:system_app:s0 tcontext=u:object_r:perf_prop:s0 tclass=file permissive=0 SEPF_SM-A515F_13_0001 audit_filtered
07-10 00:43:09.730  5262  5262 E audit   : type=1300 audit(1688942589.725:69453): arch=c00000b7 syscall=56 success=no exit=-13 a0=ffffff9c a1=7b7d4662f8 a2=88000 a3=0 items=0 ppid=5287 pid=15275 auid=4294967295 uid=1000 gid=1000 euid=1000 suid=1000 fsuid=1000 egid=1000 sgid=1000 fsgid=1000 tty=(none) ses=4294967295 comm="binder:15275_1" exe="/system/bin/app_process64" subj=u:r:system_app:s0 key=(null)
07-10 00:43:09.730  5262  5262 E audit   : type=1327 audit(1688942589.725:69453): proctitle="zygote64"
07-10 00:43:09.732 15275 15275 D ActivityThread: setConscryptValidator
07-10 00:43:09.732 15275 15275 D ActivityThread: setConscryptValidator - put
07-10 00:43:09.750 15275 15289 W libc    : Access denied finding property "sys.perf.boostopt"
07-10 00:43:09.754  5353  5543 V APM_AudioPolicyManager: setAppState(portId:1005, state:1)
07-10 00:43:09.756 15275 15275 D CompatibilityChangeReporter: Compat change id reported: 171979766; UID 1000; state: ENABLED
07-10 00:43:09.758  5353  5543 V APM_AudioPolicyManager: setAppState(portId:1005, state:1)
07-10 00:43:09.930 15275 15275 I DIAGMON_SDK[605054]: DiagMonAgent type: 2
07-10 00:43:09.934 15275 15275 I DIAGMON_SDK[605054][999-399-549750] : generated SR object
07-10 00:43:09.968  9809 10508 I DMASA[D][999-399-549750]: [DiagmonProvider]Received msg based on provider : true / anr_logging
07-10 00:43:09.973  9809 10508 I DMASA[D][999-399-549750]: [DiagmonProvider]Signature Check Success
07-10 00:43:09.984  4613  4613 W keymaster_tee: [WRN]begin req PARAMS: A32 B2 P64
07-10 00:43:09.984 15275 15296 I DIAGMON_SDK[605054][999-399-549750] : Results : Success
07-10 00:43:10.099 15275 15297 I DQA     : [DQADatabaseOpenHelper]db open success
07-10 00:43:10.152  5674  5743 I libprocessgroup: Successfully killed process cgroup uid 5278 pid 13532 in 1ms
07-10 00:43:10.184  5287  5287 I Zygote  : Process 13532 exited due to signal 9 (Killed)
07-10 00:43:10.184  4379  4385 I servicemanager: 'com.samsung.android.pass.IPassService' died
07-10 00:43:10.186 12305 12305 I [AUTHFW][PSDK]PassServiceConnection: onServiceDisconnected
07-10 00:43:10.187 12305 12305 I [PASS][SPASS]SPassApplication: pass disconnected
07-10 00:43:10.199  5353  5543 V APM_AudioPolicyManager: setAppState(portId:1005, state:1)
07-10 00:43:10.216  5353  5543 V APM_AudioPolicyManager: setAppState(portId:1005, state:1)
07-10 00:43:10.723  5674  7726 D SemWifiUsabilityStatsMonitor: onWifiUsabilityStats - seqNum 21093, isSameBssidAndFreq true
07-10 00:43:10.727  5674  6128 I SemWifiLinkQualityMonitor: Link Qos Query: 0.119 ms / 67.019 Mbps (117 / 0.000 / 1.746)
07-10 00:43:11.223  5287  5287 D Zygote  : Forked child process 15303
07-10 00:43:11.275 15303 15303 I .android.authfw: Using CollectorTypeCC GC.
07-10 00:43:11.288 15303 15303 E .android.authfw: Not starting debugger since process cannot load the jdwp agent.
07-10 00:43:11.294 15303 15303 W libc    : Access denied finding property "sys.perf.boostopt"
07-10 00:43:11.294  5262  5262 E audit   : type=1400 audit(1688942591.293:69455): avc:  denied  { read } for  pid=15303 comm=".android.authfw" name="u:object_r:perf_prop:s0" dev="tmpfs" ino=10663 scontext=u:r:platform_app:s0:c512,c768 tcontext=u:object_r:perf_prop:s0 tclass=file permissive=0 SEPF_SM-A515F_13_0001 audit_filtered
07-10 00:43:11.295  5262  5262 E audit   : type=1300 audit(1688942591.293:69455): arch=c00000b7 syscall=56 success=no exit=-13 a0=ffffff9c a1=7fcf7d5458 a2=88000 a3=0 items=0 ppid=5287 pid=15303 auid=4294967295 uid=5278 gid=5278 euid=5278 suid=5278 fsuid=5278 egid=5278 sgid=5278 fsgid=5278 tty=(none) ses=4294967295 comm=".android.authfw" exe="/system/bin/app_process64" subj=u:r:platform_app:s0:c512,c768 key=(null)
07-10 00:43:11.295  5262  5262 E audit   : type=1327 audit(1688942591.293:69455): proctitle="zygote64"
07-10 00:43:11.295 15303 15316 W libc    : Access denied finding property "sys.perf.boostopt"
07-10 00:43:11.295  5262  5262 E audit   : type=1400 audit(1688942591.293:69456): avc:  denied  { read } for  pid=15303 comm="binder:15303_1" name="u:object_r:perf_prop:s0" dev="tmpfs" ino=10663 scontext=u:r:platform_app:s0:c512,c768 tcontext=u:object_r:perf_prop:s0 tclass=file permissive=0 SEPF_SM-A515F_13_0001 audit_filtered
07-10 00:43:11.297 15303 15303 D ActivityThread: setConscryptValidator
07-10 00:43:11.297 15303 15303 D ActivityThread: setConscryptValidator - put
07-10 00:43:11.319 15303 15317 W libc    : Access denied finding property "sys.perf.boostopt"
07-10 00:43:11.320 15303 15303 D CompatibilityChangeReporter: Compat change id reported: 171979766; UID 5278; state: ENABLED
07-10 00:43:11.559 15303 15303 I [AUTHFW][PASS]AuthFwApp:  onCreate
07-10 00:43:11.599 15303 15303 I [AUTHFW][TZ]TzAppAsset: AFD
07-10 00:43:11.601 15303 15303 I [AUTHFW][TZ]TzAppAsset: Found
07-10 00:43:11.601 15303 15303 I [AUTHFW][TZ]TzApp: APEX - asset
07-10 00:43:11.602 15303 15303 I [AUTHFW][TZ]TzApp: Start using TzAppAsset as TzApp
07-10 00:43:11.605 15303 15303 I [PASS][SDK]SamsungPassService: initialize()
07-10 00:43:11.608 15303 15325 I [AUTHFW][TZ]TzUtil: idt start
07-10 00:43:11.611 15303 15303 I [PASS][SDK]h: bind
07-10 00:43:11.617 15303 15325 I [AUTHFW][TZ]TzAppAsset: AFD
07-10 00:43:11.626  5353  5543 V APM_AudioPolicyManager: setAppState(portId:1005, state:1)
07-10 00:43:11.637 12305 12305 I [PASS][PASS]PassService: onBind:SamsungPassService
07-10 00:43:11.637 15303 15325 I SAMgr_AM: ta is null
07-10 00:43:11.645 15303 15303 I [AUTHFW][PASS]PassService: personaId : 0
07-10 00:43:11.646  4379  4385 I servicemanager: Adding 'u:r:platform_app:s0:c512,c768' service (com.samsung.android.pass.IPassService:15303)
07-10 00:43:11.657 15303 15325 I android_os_HwBinder: HwBinder: Starting thread pool for getting: vendor.samsung.hardware.authfw@1.0::ISehAuthenticationFramework/default
07-10 00:43:11.683 15303 15303 I [AUTHFW][PASS]PassService: onBind:PassOperation
07-10 00:43:11.692 12305 12305 I [AUTHFW][PSDK]PassServiceConnection: onServiceConnected
07-10 00:43:11.692 12305 12305 I [PASS][SPASS]SPassApplication: pass connected
07-10 00:43:11.698 15303 15303 I [PASS][SDK]h: onServiceConnected
07-10 00:43:11.699 15303 15303 I [AUTHFW][PASS]AuthFwApp: Samsung Pass Service is connected
07-10 00:43:11.702  5353  5543 V APM_AudioPolicyManager: setAppState(portId:1005, state:1)
07-10 00:43:11.695  5674  5743 I libprocessgroup: Successfully killed process cgroup uid 10222 pid 13533 in 0ms
07-10 00:43:11.780  5674  6055 D ConnectivityService: releasing NetworkRequest [ REQUEST id=16431, [ Capabilities: INTERNET&NOT_RESTRICTED&TRUSTED&NOT_VCN_MANAGED Uid: 10222 RequestorUid: 10222 RequestorPkg: ru.yandex.searchplugin UnderlyingNetworks: Null] ] (release request)
07-10 00:43:11.781  5674  6055 D ConnectivityService:  Removing from current network [118 WIFI], leaving 156 requests.
07-10 00:43:11.782  5287  5287 I Zygote  : Process 13533 exited due to signal 9 (Killed)
07-10 00:43:11.790 12852 12852 I vendor.samsung.hardware.authfw@1.0-TlcProxyAuthnr: init
07-10 00:43:11.836 12852 12852 I vendor.samsung.hardware.authfw@1.0-TlcProxyAuthnr: process
07-10 00:43:11.836 12852 12852 I tlcFidoAuthnr: process start.
07-10 00:43:11.836 12852 12852 I tlcFidoAuthnr: process start. state:1
07-10 00:43:11.836 12852 12852 I tlcFidoAuthnr: processPass start. state:2
07-10 00:43:11.846 15303 15325 I SAMgr_HS: ret: true, 10
07-10 00:43:11.847 12852 12852 I vendor.samsung.hardware.authfw@1.0-TlcProxyAuthnr: terminate
07-10 00:43:11.848 12852 12852 I tlcFidoAuthnr: terminateFido start.
07-10 00:43:11.848 12852 12852 I tlcFidoAuthnr: terminateFido start. state:1
07-10 00:43:11.851 15303 15325 I [AUTHFW][TZ]TzUtil: nic is not supported on Q
07-10 00:43:13.674  5674  5674 D SemWifiP2pGoPowerSave: GopsReceiver : received : com.samsung.intent.action.CHECK_SIOP_LEVEL
07-10 00:43:13.676  5674  5674 I SemWifiP2pGoPowerSave: siop_level = 0
07-10 00:43:13.677 31802 32077 I SystemBroadcastReceiver: [#CMH#] onReceive completed :  0
07-10 00:43:13.678 31802 31802 I PolicyManager: [#CMH#] onReceive action = EVENT_SIOP
07-10 00:43:13.760  5674  7726 D SemWifiUsabilityStatsMonitor: onWifiUsabilityStats - seqNum 21094, isSameBssidAndFreq true
07-10 00:43:13.761  6461  6461 D NetworkController.WifiSignalController: notifyListener: visible=true, connected=true, inetCondition=1, isDefault=true, wifiTestReported=true, receivedInetCondition=-1, hideDuringMobileSwitching=false
07-10 00:43:13.763  5674  6128 I SemWifiLinkQualityMonitor: Link Qos Query: 0.072 ms / 111.364 Mbps (175 / 0.000 / 1.571)
07-10 00:43:13.784  9837  9865 I c.android.sdhms: Background concurrent copying GC freed 86001(5383KB) AllocSpace objects, 23(460KB) LOS objects, 57% free, 4490KB/10MB, paused 487us,168us total 100.220ms
07-10 00:43:15.683 31802 32118 I PolicyManager: [#CMH#] Is foreground game app: false
07-10 00:43:15.738  5674  5694 W WifiService: Permission violation - getScanResults not allowed for uid=10222, packageName=ru.yandex.searchplugin, reason=java.lang.SecurityException: UID 10222 has no location permission
07-10 00:43:15.752 31802 32118 I ControllerUtils: [#CMH#] StoryService:  9, isNonJustShotRunningPossible: false, isStopHeavyTask: true
07-10 00:43:15.808 31802 32118 I ControllerUtils: [#CMH#] IPService:  5, isNonJustShotRunningPossible: false, isStopHeavyTask: true
07-10 00:43:15.864 31802 32118 I ControllerUtils: [#CMH#] FaceService:  2, isNonJustShotRunningPossible: false, isStopHeavyTask: true
07-10 00:43:16.818  5674  7726 D SemWifiUsabilityStatsMonitor: onWifiUsabilityStats - seqNum 21095, isSameBssidAndFreq true
07-10 00:43:16.822  5674  6128 I SemWifiLinkQualityMonitor: Link Qos Query: 0.072 ms / 111.364 Mbps (175 / 0.000 / 1.571)
07-10 00:43:16.822  6461  6461 D NetworkController.WifiSignalController: notifyListener: visible=true, connected=true, inetCondition=1, isDefault=true, wifiTestReported=true, receivedInetCondition=-1, hideDuringMobileSwitching=false
07-10 00:43:19.882  5674  7726 D SemWifiUsabilityStatsMonitor: onWifiUsabilityStats - seqNum 21096, isSameBssidAndFreq true
07-10 00:43:19.886  5674  6128 I SemWifiLinkQualityMonitor: Link Qos Query: 0.046 ms / 175.333 Mbps (263 / 0.000 / 1.500)
07-10 00:43:19.886  6461  6461 D NetworkController.WifiSignalController: notifyListener: visible=true, connected=true, inetCondition=1, isDefault=true, wifiTestReported=true, receivedInetCondition=-1, hideDuringMobileSwitching=false
07-10 00:43:20.570  5353  5543 V APM_AudioPolicyManager: setAppState(portId:1005, state:1)
07-10 00:43:20.570  5353  5543 V APM_AudioPolicyManager: setAppState(portId:1005, state:1)
07-10 00:43:20.584  5353  5699 V APM_AudioPolicyManager: setAppState(portId:1005, state:1)
07-10 00:43:20.622  5353  5699 V APM_AudioPolicyManager: setAppState(portId:1005, state:1)
07-10 00:43:20.627  5674  5745 W libprocessgroup: Failed to open /dev/blkio//cgroup.procs: No such file or directory
07-10 00:43:20.684  5674  9951 D NotificationService: NMS : getPackageImportance pkg=com.samsung.android.app.spage
07-10 00:43:20.688  5674  9951 D NotificationService: NMS : getPackageImportance pkg=com.samsung.android.app.spage
07-10 00:43:20.710 13881 15337 I SmpLog  : [SMP] Test mode: false, v:3.2.5, com.samsung.android.app.spage
07-10 00:43:20.725  5353  5699 V APM_AudioPolicyManager: setAppState(portId:1005, state:1)
07-10 00:43:20.730  5353  5699 V APM_AudioPolicyManager: setAppState(portId:1005, state:1)
07-10 00:43:21.993  5674  9951 D PackageManager: setEnabledSetting : userId = 0 packageName = com.Slack cmp = androidx.work.impl.background.systemalarm.RescheduleReceiver newState = 1 callingPackage = 10329/com.Slack
07-10 00:43:21.996  5674  9951 D ApplicationPolicy: getApplicationStateEnabled : pkg = com.Slack userId : 0
07-10 00:43:21.998  5674  9951 D ApplicationPolicy: getApplicationComponentState : pkg = com.Slack userId : 0
07-10 00:43:22.021  5353  5699 V APM_AudioPolicyManager: setAppState(portId:1005, state:1)
07-10 00:43:22.025  5674  5745 W libprocessgroup: Failed to open /dev/blkio//cgroup.procs: No such file or directory
07-10 00:43:22.058 15049 15240 D ConnectivityManager: StackLog: [android.net.ConnectivityManager.sendRequestForNetwork(ConnectivityManager.java:4300)] [android.net.ConnectivityManager.registerDefaultNetworkCallbackForUid(ConnectivityManager.java:4864)] [android.net.ConnectivityManager.registerDefaultNetworkCallback(ConnectivityManager.java:4831)] [android.net.ConnectivityManager.registerDefaultNetworkCallback(ConnectivityManager.java:4805)] [androidx.work.impl.utils.NetworkApi24.registerDefaultNetworkCallbackCompat(Unknown Source:11)] [androidx.work.impl.constraints.trackers.NetworkStateTracker24.startTracking(Unknown Source:15)] [androidx.work.impl.constraints.controllers.ConstraintController.replace(Unknown Source:130)] [androidx.work.impl.constraints.WorkConstraintsTrackerImpl.replace(Unknown Source:41)] [androidx.work.impl.background.greedy.GreedyScheduler.schedule(Unknown Source:302)] [androidx.work.impl.Schedulers.schedule(Unknown Source:155)] [androidx.work.impl.utils.EnqueueRunnable.run(Unknown Source:53)] [androidx.work.Worker$2.run$androidx$work$impl$utils$SerialExecutorImpl$Task(Unknown Source:4)] [androidx.work.Worker$2.run(Unknown Source:868)] [java.util.concurrent.ThreadPoolExecutor.runWorker(ThreadPoolExecutor.java:1137)] [java.util.concurrent.ThreadPoolExecutor$Worker.run(ThreadPoolExecutor.java:637)] [java.lang.Thread.run(Thread.java:1012)]
07-10 00:43:22.061  5674  9951 D ConnectivityService: requestNetwork for uid/pid:10329/15049 activeRequest: null callbackRequest: 16446 [NetworkRequest [ REQUEST id=16447, [ Capabilities: INTERNET&NOT_RESTRICTED&TRUSTED&NOT_VCN_MANAGED Uid: 10329 RequestorUid: 10329 RequestorPkg: com.Slack UnderlyingNetworks: Null] ]] callback flags: 0 order: 2147483647
07-10 00:43:22.064  5674  6055 D ConnectivityService:    accepting network in place of null
07-10 00:43:22.070  5674  6045 D WifiNetworkFactory: got request NetworkRequest [ REQUEST id=16447, [ Capabilities: INTERNET&NOT_RESTRICTED&TRUSTED&NOT_VCN_MANAGED Uid: 10329 RequestorUid: 10329 RequestorPkg: com.Slack UnderlyingNetworks: Null] ]
07-10 00:43:22.071  5674  6045 D UntrustedWifiNetworkFactory: got request NetworkRequest [ REQUEST id=16447, [ Capabilities: INTERNET&NOT_RESTRICTED&TRUSTED&NOT_VCN_MANAGED Uid: 10329 RequestorUid: 10329 RequestorPkg: com.Slack UnderlyingNetworks: Null] ]
07-10 00:43:22.072  5674  5694 D PackageManager: setEnabledSetting : userId = 0 packageName = com.Slack cmp = androidx.work.impl.background.systemalarm.RescheduleReceiver newState = 1 callingPackage = 10329/com.Slack
07-10 00:43:22.073  5674  6045 D OemPaidWifiNetworkFactory: got request NetworkRequest [ REQUEST id=16447, [ Capabilities: INTERNET&NOT_RESTRICTED&TRUSTED&NOT_VCN_MANAGED Uid: 10329 RequestorUid: 10329 RequestorPkg: com.Slack UnderlyingNetworks: Null] ]
07-10 00:43:22.073  5674  5694 D ApplicationPolicy: getApplicationStateEnabled : pkg = com.Slack userId : 0
07-10 00:43:22.074  5674  6045 D MultiInternetWifiNetworkFactory: got request NetworkRequest [ REQUEST id=16447, [ Capabilities: INTERNET&NOT_RESTRICTED&TRUSTED&NOT_VCN_MANAGED Uid: 10329 RequestorUid: 10329 RequestorPkg: com.Slack UnderlyingNetworks: Null] ]
07-10 00:43:22.075  5674  5694 D ApplicationPolicy: getApplicationComponentState : pkg = com.Slack userId : 0
07-10 00:43:22.079  5674  6055 D ConnectivityService: Rematched networks [computed 1ms] [applied 1ms] [issued 14]
07-10 00:43:22.079  5674  6055 D ConnectivityService: NetworkReassignment :
07-10 00:43:22.079  5674  6055 D ConnectivityService:   16447 : null → 118
07-10 00:43:22.108  5674  5694 D PackageManager: setEnabledSetting : userId = 0 packageName = com.Slack cmp = androidx.work.impl.background.systemalarm.RescheduleReceiver newState = 1 callingPackage = 10329/com.Slack
07-10 00:43:22.110  5674  5694 D ApplicationPolicy: getApplicationStateEnabled : pkg = com.Slack userId : 0
07-10 00:43:22.111  5674  5694 D ApplicationPolicy: getApplicationComponentState : pkg = com.Slack userId : 0
07-10 00:43:22.275  4613  4613 W keymaster_tee: [WRN]begin req PARAMS: A32 B32 P1
07-10 00:43:22.292  4613  4613 W keymaster_tee: [WRN]begin req PARAMS: A32 B32 P1
07-10 00:43:22.323  4613  4613 W keymaster_tee: [WRN]begin req PARAMS: A32 B32 P1
07-10 00:43:22.351  4613  4613 W keymaster_tee: [WRN]begin req PARAMS: A32 B32 P1
07-10 00:43:22.368  4613  4613 W keymaster_tee: [WRN]begin req PARAMS: A32 B32 P1
07-10 00:43:22.386  4613  4613 W keymaster_tee: [WRN]begin req PARAMS: A32 B32 P1
07-10 00:43:22.505  5674  6213 D NetdEventListenerService: DNS Requested by : 118, 10329
07-10 00:43:22.509  5674  6213 D NetdEventListenerService: DNS Requested by : 118, 10329
07-10 00:43:22.510  4613  4613 W keymaster_tee: [WRN]begin req PARAMS: A32 B32 P1
07-10 00:43:22.517 15049 15357 D TrafficStats: tagSocket(80) with statsTag=0x1, statsUid=-1
07-10 00:43:22.520 15049 15356 D TrafficStats: tagSocket(102) with statsTag=0x1, statsUid=-1
07-10 00:43:22.521 15049 15358 D TrafficStats: tagSocket(105) with statsTag=0x1, statsUid=-1
07-10 00:43:22.527  4613  4613 W keymaster_tee: [WRN]begin req PARAMS: A32 B32 P1
07-10 00:43:22.544  4613  4613 W keymaster_tee: [WRN]begin req PARAMS: A32 B32 P1
07-10 00:43:22.576  4613  4613 W keymaster_tee: [WRN]begin req PARAMS: A32 B32 P1
07-10 00:43:22.593  4613  4613 W keymaster_tee: [WRN]begin req PARAMS: A32 B32 P1
07-10 00:43:22.608  4613  4613 W keymaster_tee: [WRN]begin req PARAMS: A32 B32 P1
07-10 00:43:22.928  5674  7726 D SemWifiUsabilityStatsMonitor: onWifiUsabilityStats - seqNum 21097, isSameBssidAndFreq true
07-10 00:43:22.930  5674  6128 I SemWifiLinkQualityMonitor: Link Qos Query: 0.052 ms / 153.754 Mbps (263 / 0.000 / 1.711)
07-10 00:43:23.023 15049 15049 D ConnectivityManager: StackLog: [android.net.ConnectivityManager.unregisterNetworkCallback(ConnectivityManager.java:4972)] [androidx.work.impl.utils.NetworkApi21.unregisterNetworkCallbackCompat(Unknown Source:11)] [androidx.work.impl.constraints.trackers.NetworkStateTracker24.stopTracking(Unknown Source:15)] [androidx.work.impl.constraints.trackers.ConstraintTracker.removeListener(Unknown Source:24)] [androidx.work.impl.constraints.controllers.ConstraintController.replace(Unknown Source:81)] [androidx.work.impl.constraints.WorkConstraintsTrackerImpl.replace(Unknown Source:41)] [androidx.work.impl.background.greedy.GreedyScheduler.onExecuted(Unknown Source:55)] [androidx.work.impl.Processor.onExecuted(Unknown Source:59)] [com.bugsnag.android.DeliveryDelegate$1.run(Unknown Source:212)]
07-10 00:43:23.026  5674  6055 D ConnectivityService:  Removing from current network [118 WIFI], leaving 156 requests.
07-10 00:43:23.036  5353  5699 V APM_AudioPolicyManager: setAppState(portId:1005, state:1)
07-10 00:43:23.041  5353  5699 V APM_AudioPolicyManager: setAppState(portId:1005, state:1)
07-10 00:43:25.968  5674  7726 D SemWifiUsabilityStatsMonitor: onWifiUsabilityStats - seqNum 21098, isSameBssidAndFreq true
07-10 00:43:25.971  5674  6128 I SemWifiLinkQualityMonitor: Link Qos Query: 0.027 ms / 292.000 Mbps (292 / 0.000 / 1.000)
07-10 00:43:26.568 30967 31717 I ContactsProvider_EventLog: cp_s: [CONTACT con(158) dat(1091) acc({sim(3)=15, sec(6)=1, sim2(4)=1, google(2)=81, org.telegram.messenger(236)=100, com.whatsapp(14)=41}) calls([logtype:100 cnt:877, logtype:200 cnt:5, logtype:300 cnt:495, logtype:1000 cnt:632, logtype:1150 cnt:161]) Iso(RS) uId(0) ]
07-10 00:43:26.568 30967 31717 I ContactsProvider_EventLog: cp_s: [ agr({[2 ,2 ,14 ,236]=1, [2 ,14 ,236]=32, [3]=15, [14]=1, [4]=1, [2 ,14]=4, [2 ,2]=2, [2]=34, [6 ,14]=1, [2 ,236]=3, [236]=62, [2 ,236 ,14]=2}) ]
07-10 00:43:26.568 30967 31717 I ContactsProvider_EventLog: cp_s: [ cnt({acore(30967)=1}) ]
07-10 00:43:26.568 30967 31717 I ContactsProvider_EventLog: cp_s: [PROFILE con(1) dat(1) acc({vnd.sec.contact.phone=1}) ] [SAPROFILE ]
07-10 00:43:26.568 30967 31717 I ContactsProvider_EventLog: cp_s: [STATE R(T) ]
07-10 00:43:26.989 31135 32652 I native  : I0000 00:00:1688942606.989120   32652 soda_async_impl.cc:1540] Current audio timestamp: 1688942606620242
07-10 00:43:27.081  5362  5362 I SurfaceFlinger: SFWD update time=132856451430704
07-10 00:43:28.032 31135 31454 I A       : (REDACTED) #onAudioData: %s bytes, getAudioReadSize %s
07-10 00:43:28.461  5325  5325 E sehhealth-service: Could not open /sys/class/power_supply/battery/lrp
07-10 00:43:29.025  5674  7726 D SemWifiUsabilityStatsMonitor: onWifiUsabilityStats - seqNum 21099, isSameBssidAndFreq true
07-10 00:43:29.028  5674  6128 I SemWifiLinkQualityMonitor: Link Qos Query: 0.068 ms / 116.800 Mbps (292 / 0.000 / 2.500)
07-10 00:43:29.793 29789 15371 I GmscoreIpa: Starting mediastore instant index [CONTEXT service_id=255 ]
07-10 00:43:30.720 31135 31440 I BluetoothAdapter: STATE_ON
07-10 00:43:30.727 31135 31440 D BluetoothGatt: connect() - device: 645DF4_1, auto: false
07-10 00:43:30.727 31135 31440 D BluetoothGatt: registerApp()
07-10 00:43:30.728 31135 31440 D BluetoothGatt: registerApp() - UUID=3f5a5f02-c0d7-4ae6-837f-6f67823dbc3c
07-10 00:43:30.748 15865 15898 D BtGatt.GattService: registerClient(com.google.android.googlequicksearchbox) - UUID=3f5a5f02-c0d7-4ae6-837f-6f67823dbc3c
07-10 00:43:30.754 15865 15898 D BtGatt.ContextMap: add() - appUid: 10233, appPid: 31135, appName: com.google.android.googlequicksearchbox
07-10 00:43:30.768 15865 16649 W bt_bta_gattc: bta_gattc_register :: state: 2, uuid=3f5a5f02-c0d7-4ae6-837f-6f67823dbc3c
07-10 00:43:30.770 15865 16649 W bt_bta_gattc: Registered GATT client interface 6 with uuid=3f5a5f02-c0d7-4ae6-837f-6f67823dbc3c, starting it on main thread
07-10 00:43:30.772 15865 16649 W bt_bta_gattc: client_if=6
07-10 00:43:30.773 15865 16182 D BtGatt.GattService: onClientRegistered() - UUID=3f5a5f02-c0d7-4ae6-837f-6f67823dbc3c, clientIf=6
07-10 00:43:30.774 31135 31440 I GattConnObserver: GATT connect started, beginning countdown timer
07-10 00:43:30.778 31135 31905 D BluetoothGatt: onClientRegistered() - status=0 clientIf=6
07-10 00:43:30.809 15865 15898 D BtGatt.GattService: clientConnect(com.google.android.googlequicksearchbox) - address = 645DF4_1, isDirect=true transport =2 set own addr = false own addr type:0, clientIf: 6, opportunistic=false, phy: 1
07-10 00:43:30.825 15865 16649 W bt_btm_ble: BTM_SecAddBleDevice :: dev_type=0x3
07-10 00:43:30.827 15865 16649 W bt_bta_gattc: bta_gattc_process_api_open
07-10 00:43:30.836 15865 16649 I bt_stack: [INFO:bta_gattc_main.cc(314)] bta_gattc_sm_execute: State 0x00, Event 0x1f00
07-10 00:43:30.839 15865 16649 W bt_bta_gattc: bta_gattc_open
07-10 00:43:30.841 15865 16649 W bt_stack: [WARNING:gatt_api.cc(1238)] GATT_Connect
07-10 00:43:30.843 15865 16649 W bt_stack: Starting direct connect gatt_if=6 address=645df4
07-10 00:43:30.845 15865 16649 W bt_stack: gatt_act_connect
07-10 00:43:30.861 15865 16649 I bt_stack: [INFO:gatt_attr.cc(886)] gatt_sr_init_cl_status: bda=645df4, cl_supp_feat=0000, aware=1
07-10 00:43:30.864 15865 16649 W bt_stack: gatt_connect
07-10 00:43:30.865 15865 16649 W bt_stack: gatt_connect :: call acl_create_le_connection_with_id
07-10 00:43:30.866 15865 16649 W btm_acl : Creating le direct connection to:xx:xx:xx:xx:b3:b1[public]
07-10 00:43:30.871 15865 16649 W bt_stack: AcceptLeConnectionFrom xx:xx:xx:xx:b3:b1
07-10 00:43:30.876 15865 16587 W bt_stack: Allow Le connection from remote:xx:xx:xx:xx:b3:b1[PUBLIC_DEVICE_ADDRESS]
07-10 00:43:30.878 15865 16587 W bt_stack: create_le_connection :: address : 64:5d:f4, add_to_connect_list : 1, is_direct : 1
07-10 00:43:30.881 15865 16587 W bt_stack: add_device_to_connect_list 64:5d:f4 :: Send command after register
07-10 00:43:30.882 15865 16587 W bt_stack: add_device_to_connect_list :: Device is found in security db(64:5d:f4 -> 645df4)
07-10 00:43:30.882 15865 16587 W bt_stack: add_device_to_connect_list :: set address_with_type as identity_addr
07-10 00:43:30.885 15865 16587 W bt_stack: Fast Connection Mode is already Set!!!
07-10 00:43:30.889 15865 16587 W bt_stack: Deferred until filter accept list has completed
07-10 00:43:30.892 15865 16587 W bt_stack: pause_registered_clients()
07-10 00:43:30.895 15865 16587 W bt_stack: le_scanning_manager :: OnPause()
07-10 00:43:30.897 15865 16587 W bt_stack: Stop LeSetScanEnable
07-10 00:43:30.899 15865 16587 W bt_stack: le_scanning_manager :: OnPause() - call AckPause
07-10 00:43:30.901 15865 16587 W bt_stack: le_impl :: OnPause()
07-10 00:43:30.902 15865 16587 W bt_stack: le_impl :: ConnectabilityState is DISARMED. Call AckPause()
07-10 00:43:30.902 15865 16587 W bt_stack: pause_registered_clients()
07-10 00:43:30.908 15865 16587 W bt_stack: le_address_manager :: ack_pause()
07-10 00:43:30.909 15865 16587 W bt_stack: le_address_manager :: ack_pause() - make sure all client paused. Return
07-10 00:43:30.909 15865 16587 W bt_stack: le_address_manager :: ack_pause()
07-10 00:43:30.909 15865 16587 W bt_stack: le_address_manager :: ack_pause() - handle_next_command
07-10 00:43:30.911 15865 16587 W bt_stack: handle_next_command()
07-10 00:43:30.920 15865 16587 W bt_stack: Received command complete with op_code LE_ADD_DEVICE_TO_FILTER_ACCEPT_LIST
07-10 00:43:30.925 15865 16587 W bt_stack: handle_next_command()
07-10 00:43:30.931 15865 16587 W bt_stack: Received command complete with op_code LE_ADD_DEVICE_TO_FILTER_ACCEPT_LIST
07-10 00:43:30.932 15865 16587 W bt_stack: le_scanning_manager :: OnResume()
07-10 00:43:30.934 15865 16587 W bt_stack: Start LeSetScan
07-10 00:43:30.934 15865 16587 W bt_stack: le_scanning_manager :: OnResume() - call AckResume
07-10 00:43:30.935 15865 16587 W bt_stack: le_impl :: OnResume()
07-10 00:43:30.936 15865 16587 W bt_stack: le_impl :: OnResume - Try arm connectability
07-10 00:43:30.937 15865 16587 W bt_stack: arm_connectability()
07-10 00:43:30.941 15865 16587 W bt_stack: le_impl :: check_for_unregister()
07-10 00:43:30.941 15865 16587 W bt_stack: le_address_manager :: ack_resume()
07-10 00:43:30.942 15865 16587 W bt_stack: le_address_manager :: ack_resume()
07-10 00:43:30.953 15865 16587 E bt_stack: on_create_connection :: Command status is success. Set ConnectabilityState to ARMED
07-10 00:43:32.085  5674  7726 D SemWifiUsabilityStatsMonitor: onWifiUsabilityStats - seqNum 21100, isSameBssidAndFreq true
07-10 00:43:32.090  5674  6128 I SemWifiLinkQualityMonitor: Link Qos Query: 0.080 ms / 100.286 Mbps (351 / 0.000 / 3.500)
07-10 00:43:33.749  5262  5262 E audit   : type=1400 audit(1688942613.745:69458): avc:  denied  { getattr } for  pid=5674 comm="BinderProcsColl" path="/sys/kernel/debug/binder/proc/5674" dev="debugfs" ino=32119 scontext=u:r:system_server:s0 tcontext=u:object_r:sec_debugfs:s0 tclass=file permissive=0 SEPF_SM-A515F_13_0001 audit_filtered
07-10 00:43:33.749  5262  5262 E audit   : type=1300 audit(1688942613.745:69458): arch=c00000b7 syscall=79 success=no exit=-13 a0=ffffff9c a1=7aee853070 a2=79d539b680 a3=0 items=0 ppid=5287 pid=5674 auid=4294967295 uid=1000 gid=1000 euid=1000 suid=1000 fsuid=1000 egid=1000 sgid=1000 fsgid=1000 tty=(none) ses=4294967295 comm="BinderProcsColl" exe="/system/bin/app_process64" subj=u:r:system_server:s0 key=(null)
07-10 00:43:33.749  5262  5262 E audit   : type=1327 audit(1688942613.745:69458): proctitle="system_server"
07-10 00:43:34.647  5674  9951 D PackageManager: setEnabledSetting : userId = 0 packageName = com.Slack cmp = androidx.work.impl.background.systemalarm.RescheduleReceiver newState = 1 callingPackage = 10329/com.Slack
07-10 00:43:34.651  5674  9951 D ApplicationPolicy: getApplicationStateEnabled : pkg = com.Slack userId : 0
07-10 00:43:34.654  5674  9951 D ApplicationPolicy: getApplicationComponentState : pkg = com.Slack userId : 0
07-10 00:43:34.687  5353  5699 V APM_AudioPolicyManager: setAppState(portId:1005, state:1)
07-10 00:43:34.693  5674  5745 W libprocessgroup: Failed to open /dev/blkio//cgroup.procs: No such file or directory
07-10 00:43:34.714 15049 15247 D ConnectivityManager: StackLog: [android.net.ConnectivityManager.sendRequestForNetwork(ConnectivityManager.java:4300)] [android.net.ConnectivityManager.registerDefaultNetworkCallbackForUid(ConnectivityManager.java:4864)] [android.net.ConnectivityManager.registerDefaultNetworkCallback(ConnectivityManager.java:4831)] [android.net.ConnectivityManager.registerDefaultNetworkCallback(ConnectivityManager.java:4805)] [androidx.work.impl.utils.NetworkApi24.registerDefaultNetworkCallbackCompat(Unknown Source:11)] [androidx.work.impl.constraints.trackers.NetworkStateTracker24.startTracking(Unknown Source:15)] [androidx.work.impl.constraints.controllers.ConstraintController.replace(Unknown Source:130)] [androidx.work.impl.constraints.WorkConstraintsTrackerImpl.replace(Unknown Source:41)] [androidx.work.impl.background.greedy.GreedyScheduler.schedule(Unknown Source:302)] [androidx.work.impl.Schedulers.schedule(Unknown Source:155)] [androidx.work.impl.utils.EnqueueRunnable.run(Unknown Source:53)] [androidx.work.Worker$2.run$androidx$work$impl$utils$SerialExecutorImpl$Task(Unknown Source:4)] [androidx.work.Worker$2.run(Unknown Source:868)] [java.util.concurrent.ThreadPoolExecutor.runWorker(ThreadPoolExecutor.java:1137)] [java.util.concurrent.ThreadPoolExecutor$Worker.run(ThreadPoolExecutor.java:637)] [java.lang.Thread.run(Thread.java:1012)]
07-10 00:43:34.717  5674  5694 D ConnectivityService: requestNetwork for uid/pid:10329/15049 activeRequest: null callbackRequest: 16448 [NetworkRequest [ REQUEST id=16449, [ Capabilities: INTERNET&NOT_RESTRICTED&TRUSTED&NOT_VCN_MANAGED Uid: 10329 RequestorUid: 10329 RequestorPkg: com.Slack UnderlyingNetworks: Null] ]] callback flags: 0 order: 2147483647
07-10 00:43:34.720  5674  6055 D ConnectivityService:    accepting network in place of null
07-10 00:43:34.727  5674  6045 D WifiNetworkFactory: got request NetworkRequest [ REQUEST id=16449, [ Capabilities: INTERNET&NOT_RESTRICTED&TRUSTED&NOT_VCN_MANAGED Uid: 10329 RequestorUid: 10329 RequestorPkg: com.Slack UnderlyingNetworks: Null] ]
07-10 00:43:34.728  5674  6045 D UntrustedWifiNetworkFactory: got request NetworkRequest [ REQUEST id=16449, [ Capabilities: INTERNET&NOT_RESTRICTED&TRUSTED&NOT_VCN_MANAGED Uid: 10329 RequestorUid: 10329 RequestorPkg: com.Slack UnderlyingNetworks: Null] ]
07-10 00:43:34.731  5674  6045 D OemPaidWifiNetworkFactory: got request NetworkRequest [ REQUEST id=16449, [ Capabilities: INTERNET&NOT_RESTRICTED&TRUSTED&NOT_VCN_MANAGED Uid: 10329 RequestorUid: 10329 RequestorPkg: com.Slack UnderlyingNetworks: Null] ]
07-10 00:43:34.732  5674  6045 D MultiInternetWifiNetworkFactory: got request NetworkRequest [ REQUEST id=16449, [ Capabilities: INTERNET&NOT_RESTRICTED&TRUSTED&NOT_VCN_MANAGED Uid: 10329 RequestorUid: 10329 RequestorPkg: com.Slack UnderlyingNetworks: Null] ]
07-10 00:43:34.738  5674  6055 D ConnectivityService: Rematched networks [computed 1ms] [applied 2ms] [issued 16]
07-10 00:43:34.738  5674  6055 D ConnectivityService: NetworkReassignment :
07-10 00:43:34.738  5674  6055 D ConnectivityService:   16449 : null → 118
07-10 00:43:34.745 15049 15049 D ConnectivityManager: StackLog: [android.net.ConnectivityManager.unregisterNetworkCallback(ConnectivityManager.java:4972)] [androidx.work.impl.utils.NetworkApi21.unregisterNetworkCallbackCompat(Unknown Source:11)] [androidx.work.impl.constraints.trackers.NetworkStateTracker24.stopTracking(Unknown Source:15)] [androidx.work.impl.constraints.trackers.ConstraintTracker.removeListener(Unknown Source:24)] [androidx.work.impl.constraints.controllers.ConstraintController.replace(Unknown Source:81)] [androidx.work.impl.constraints.WorkConstraintsTrackerImpl.replace(Unknown Source:41)] [androidx.work.impl.background.greedy.GreedyScheduler.onExecuted(Unknown Source:55)] [androidx.work.impl.Processor.onExecuted(Unknown Source:59)] [com.bugsnag.android.DeliveryDelegate$1.run(Unknown Source:212)]
07-10 00:43:34.747  5674  6055 D ConnectivityService:  Removing from current network [118 WIFI], leaving 156 requests.
07-10 00:43:34.756  5353  5699 V APM_AudioPolicyManager: setAppState(portId:1005, state:1)
07-10 00:43:34.759  5353  5699 V APM_AudioPolicyManager: setAppState(portId:1005, state:1)
07-10 00:43:35.154  5674  7726 D SemWifiUsabilityStatsMonitor: onWifiUsabilityStats - seqNum 21101, isSameBssidAndFreq true
07-10 00:43:35.157  5674  6128 I SemWifiLinkQualityMonitor: Link Qos Query: 0.076 ms / 105.300 Mbps (351 / 0.000 / 3.333)
07-10 00:43:35.780 31135 31135 W GattConnObserver: GATT connect timeout!
07-10 00:43:35.783 31135 31135 D BluetoothGatt: cancelOpen() - device: 645DF4_1
07-10 00:43:35.792 15865 15898 D BtGatt.GattService: clientDisconnect(com.google.android.googlequicksearchbox) - address=645DF4_1, connId=null, clientIf: 6
07-10 00:43:35.804 15865 16649 W bt_bta_gattc: bta_gattc_process_api_open_cancel
07-10 00:43:35.804 15865 16649 W bt_bta_gattc: Cancel GATT client direct connection
07-10 00:43:35.805 15865 16649 I bt_stack: [INFO:bta_gattc_main.cc(314)] bta_gattc_sm_execute: State 0x01, Event 0x1f02
07-10 00:43:35.806 15865 16649 W bt_bta_gattc: bta_gattc_cancel_open
07-10 00:43:35.808 15865 16649 W bt_stack: [WARNING:gatt_api.cc(1322)] GATT_CancelConnect: gatt_if:6, address: 645df4, direct:1
07-10 00:43:35.811 15865 16649 W bt_stack: gatt_disconnect
07-10 00:43:35.813 31135 31446 I BistoGattHelper: (REDACTED) [%s] GATT disconnected
07-10 00:43:35.814 15865 16649 W bt_stack: Unable to find background connection to remove
07-10 00:43:35.816 15865 16649 W bt_stack: BTM_AcceptlistRemove
07-10 00:43:35.817 15865 16649 W bt_stack: IgnoreLeConnectionFrom xx:xx:xx:xx:b3:b1
07-10 00:43:35.819 15865 16649 W gatt_utils: gatt_cleanup_upon_disc
07-10 00:43:35.820 15865 16587 W bt_stack: Ignore Le connection from remote:xx:xx:xx:xx:b3:b1[PUBLIC_DEVICE_ADDRESS]
07-10 00:43:35.820 15865 16649 W gatt_utils: gatt_cleanup_upon_disc :: GATT_CH_CLOSE
07-10 00:43:35.821 15865 16587 W bt_stack: cancel_connection_and_remove_device_from_background_connection_list 64:5d:f4
07-10 00:43:35.821 31135 31446 I RemotePeerStateCommunicator: (REDACTED) RemotePeerStateCommunicator scheduling message : %d, action: %s, device id : %s
07-10 00:43:35.822 15865 16587 W bt_stack: remove_device_from_background_connection_list 64:5d:f4
07-10 00:43:35.822 15865 16587 W bt_stack: cancel_connect 64:5d:f4
07-10 00:43:35.824 15865 16587 W bt_stack: remove_device_from_connect_list 64:5d:f4 :: Send command after register
07-10 00:43:35.825 15865 16587 W bt_stack: remove_device_from_connect_list :: Device is found in security db(64:5d:f4 -> 645df4)
07-10 00:43:35.825 15865 16587 W bt_stack: remove_device_from_connect_list :: set address_with_type as identity_addr
07-10 00:43:35.825 15865 16587 W bt_stack: pause_registered_clients()
07-10 00:43:35.825 15865 16587 W bt_stack: le_scanning_manager :: OnPause()
07-10 00:43:35.826 15865 16587 W bt_stack: Stop LeSetScanEnable
07-10 00:43:35.826 15865 16587 W bt_stack: le_scanning_manager :: OnPause() - call AckPause
07-10 00:43:35.826 15865 16587 W bt_stack: le_impl :: OnPause()
07-10 00:43:35.827 15865 16587 W bt_stack: le_impl :: Try to disarm connectability
07-10 00:43:35.827 31135 31446 I BistoGattHelper: (REDACTED) [%s] close
07-10 00:43:35.828 15865 16587 W bt_stack: disarm_connectability()
07-10 00:43:35.829 15865 16587 W bt_stack: Pause Background Connection
07-10 00:43:35.829 15865 16649 W bt_stack: Unable to find background connection to remove
07-10 00:43:35.829 15865 16587 W bt_stack: pause_registered_clients()
07-10 00:43:35.829 15865 16649 I bt_stack: [INFO:bta_gattc_main.cc(314)] bta_gattc_sm_execute: State 0x01, Event 0x1f03
07-10 00:43:35.830 15865 16649 W bt_bta_gattc: bta_gattc_cancel_open_ok
07-10 00:43:35.830 15865 16587 W bt_stack: le_address_manager :: ack_pause()
07-10 00:43:35.830 15865 16587 W bt_stack: le_address_manager :: ack_pause() - make sure all client paused. Return
07-10 00:43:35.831 15865 16649 W bt_bta_gattc: bta_gattc_process_api_open_cancel
07-10 00:43:35.831 15865 16649 W bt_bta_gattc: Cancel GATT client background connection
07-10 00:43:35.831 15865 16649 W bt_bta_gattc: bta_gattc_cancel_bk_conn
07-10 00:43:35.833 15865 16649 E bt_stack: [ERROR:bta_gattc_utils.cc(447)] bta_gattc_mark_bg_conn unable to find the bg connection mask for bd_addr=645df4
07-10 00:43:35.834 15865 16649 E bta_gattc_main: Ignore unknown conn ID: 3
07-10 00:43:35.834 15865 16649 E bta_gattc_main: Ignore unknown conn ID: 4
07-10 00:43:35.834 15865 16649 E bta_gattc_main: Ignore unknown conn ID: 5
07-10 00:43:35.834 15865 16649 E bta_gattc_main: Ignore unknown conn ID: 6
07-10 00:43:35.838 31135 31446 I BistoGattHelper: (REDACTED) [%s] executeNextShutdownOperation
07-10 00:43:35.839 31135 31446 D BluetoothGatt: close()
07-10 00:43:35.842 31135 31446 D BluetoothGatt: unregisterApp() - mClientIf=6
07-10 00:43:35.844 15865 15898 D BtGatt.GattService: unregisterClient(com.google.android.googlequicksearchbox) - clientIf=6
07-10 00:43:35.845 15865 15898 D BtGatt.ContextMap: remove() - id: 6
07-10 00:43:35.846 15865 15898 E BtGatt.ContextMap: remove() - removed: 6
