07-10 01:10:54.770  5262  5262 E audit   : type=1300 audit(1688944254.765:69752): arch=c00000b7 syscall=56 success=no exit=-13 a0=ffffff9c a1=7b7d4762f8 a2=88000 a3=0 items=0 ppid=5287 pid=23124 auid=4294967295 uid=10111 gid=10111 euid=10111 suid=10111 fsuid=10111 egid=10111 sgid=10111 fsgid=10111 tty=(none) ses=4294967295 comm="binder:23124_1" exe="/system/bin/app_process64" subj=u:r:platform_app:s0:c512,c768 key=(null)
07-10 01:10:54.770  5262  5262 E audit   : type=1327 audit(1688944254.765:69752): proctitle="zygote64"
07-10 01:10:54.771 23124 23124 D ActivityThread: setConscryptValidator
07-10 01:10:54.773 23124 23124 D ActivityThread: setConscryptValidator - put
07-10 01:10:54.802  5353  6075 V APM_AudioPolicyManager: setAppState(portId:1005, state:1)
07-10 01:10:54.811 23124 23137 W libc    : Access denied finding property "sys.perf.boostopt"
07-10 01:10:54.817 23124 23124 D CompatibilityChangeReporter: Compat change id reported: 171979766; UID 10111; state: ENABLED
07-10 01:10:55.170 16924 16924 D BoundBrokerSvc: onUnbind: Intent { act=com.google.android.gms.pseudonymous.service.START pkg=com.google.android.gms }
07-10 01:10:55.329 29789 29789 D BoundBrokerSvc: onUnbind: Intent { act=com.google.android.gms.appset.service.START dat=chimera-action:/... cmp=com.google.android.gms/.chimera.GmsApiService }
07-10 01:10:55.444 23124 23124 I FirebaseApp: Device unlocked: initializing all Firebase APIs for app [DEFAULT]
07-10 01:10:55.451 11611 11645 D Benchmark: THERMAL THROTTLE DETECTED, SLEEPING FOR 90 SECONDS
07-10 01:10:55.516 23124 23124 I FirebaseInitProvider: FirebaseApp initialization successful
07-10 01:10:55.524 31102 31399 E CustomizedTextParser: getCustomizedText Rule is empty. mRuleMap={}
07-10 01:10:55.541 23124 23124 I CrashlyticsInitProvider: CrashlyticsInitProvider skipping initialization
07-10 01:10:55.606 23124 23124 I [PASS][SPASS]SamsungPassSettingsProvider: onCreateData
07-10 01:10:55.608 23124 23124 I [PASS][SPASS]SamsungPassSettingsProvider: checkCondition - Build.Version:33, UserId:0, UserIsGuest:false
07-10 01:10:55.623 23124 23124 I [PASS][SPASS]EasySigninProvider: onCreate
07-10 01:10:55.646 23124 23124 I [PASS][CMN]WalletDeeplinkTokenProvider: onCreate
07-10 01:10:55.659 23124 23124 I [PASS][SPASS]SettingDBProvider: onCreate
07-10 01:10:55.665 23124 23124 I [PASS][SPASS]WalletSettingsProvider: onCreate
07-10 01:10:55.678 23124 23124 I [PASS][SPASS]SPassApplication: onCreate
07-10 01:10:55.697 23124 23124 I [PASS][SPASS]FrameworkUtils: isInitialized : true
07-10 01:10:55.697 23124 23124 I [PASS][SPASS]FrameworkHelper: initialize - already initialized
07-10 01:10:55.804 23124 23124 I [PASS][SPASS]SPassApplication: checkDeviceId true
07-10 01:10:55.804 23124 23124 I [PASS][SPASS]FrameworkUtils: isInitialized : true
07-10 01:10:55.804 23124 23124 I [PASS][SPASS]PassFramework: ISU
07-10 01:10:55.837  4613  4613 W keymaster_tee: [WRN]begin req PARAMS: A32 B2 P64
07-10 01:10:55.861 23124 23124 W [PASS][PASS]PermissionHelper: usrId is invalid : -1
07-10 01:10:55.861 23124 23124 I [PASS][SPASS]FrameworkUtils: isSignedUp - false
07-10 01:10:55.879 23124 23124 I [PASS][CMN]WalletUtil: getWalletMigrated : false
07-10 01:10:55.881 23124 23124 I [PASS][SPASS]IconUtils:  checkVersionAddIcon : criticalUpdateVersion : true firstCheck : false appIconExist : false  walletMigrated : false
07-10 01:10:55.881 23124 23124 I [PASS][SPASS]FrameworkUtils: isInitialized : true
07-10 01:10:55.882 23124 23124 I [PASS][SPASS]PassFramework: ISU
07-10 01:10:55.882 23124 23124 W [PASS][PASS]PermissionHelper: usrId is invalid : -1
07-10 01:10:55.882 23124 23124 I [PASS][SPASS]FrameworkUtils: isSignedUp - false
07-10 01:10:55.884 23124 23124 I [PASS][CMN]WalletUtil: getWalletMigrated : false
07-10 01:10:55.884 23124 23124 I [PASS][SPASS]IconUtils: setComponentEnabledSetting : false, walletMigrated : false
07-10 01:10:55.885  5674  9849 D PackageManager: setEnabledSetting : userId = 0 packageName = com.samsung.android.samsungpass cmp = com.samsung.android.samsungpass.launcher.EntryLauncher newState = 2 callingPackage = 10111/com.samsung.android.samsungpass
07-10 01:10:55.887  5674  9849 D PackageManager: setEnabledSetting : userId = 0 packageName = com.samsung.android.samsungpass cmp = com.samsung.android.samsungpass.ui.activity.EntryLauncher newState = 2 callingPackage = 10111/com.samsung.android.samsungpass
07-10 01:10:55.889  5674  9849 D PackageManager: setEnabledSetting : userId = 0 packageName = com.samsung.android.samsungpass cmp = com.samsung.android.samsungpass.launcher.EntryLauncherJPN newState = 2 callingPackage = 10111/com.samsung.android.samsungpass
07-10 01:10:55.891  5674  9849 D PackageManager: setEnabledSetting : userId = 0 packageName = com.samsung.android.samsungpass cmp = com.samsung.android.samsungpass.launcher.SearchableActivity newState = 1 callingPackage = 10111/com.samsung.android.samsungpass
07-10 01:10:55.892  5674  9849 D ApplicationPolicy: getApplicationStateEnabled : pkg = com.samsung.android.samsungpass userId : 0
07-10 01:10:55.893  5674  9849 D ApplicationPolicy: getApplicationComponentState : pkg = com.samsung.android.samsungpass userId : 0
07-10 01:10:55.940 23124 23124 I MockDeskModeManager:  isDeskMode : false
07-10 01:10:55.940 23124 23124 I MockDeskModeManager: Adding Desktop State change Listeners
07-10 01:10:56.036 23124 23124 W [PASS][PASS]PermissionHelper: usrId is invalid : -1
07-10 01:10:56.077 23124 23169 I [PASS][CMN]WalletUtil: getWalletMigrated : false
07-10 01:10:56.078 23124 23169 I [PASS][CMN]SamsungAnalyticsLog: initializeSamsungAnalytics
07-10 01:10:56.078 23124 23169 I [PASS][CMN]WalletUtil: getWalletMigrated : false
07-10 01:10:56.081 23124 23124 I [AUTHFW][PSDK]PassOperation: initialize
07-10 01:10:56.082 23124 23124 I [AUTHFW][PSDK]PassServiceConnection: bindService
07-10 01:10:56.082 23124 23169 I DIAGMON_SDK[605060]: DiagMonAgent type: 2
07-10 01:10:56.083 23124 23169 I DIAGMON_SDK[605060][p595fm8rxk] : generated SR object
07-10 01:10:56.085 23124 23169 I [PASS][SPASS]SPassApplication: AndroidThreeTen initialized
07-10 01:10:56.102 23124 23124 I [PASS][SPASS]FrameworkUtils: isInitialized : true
07-10 01:10:56.102 23124 23124 I [PASS][SPASS]PassFramework: ISU
07-10 01:10:56.102 23124 23124 W [PASS][PASS]PermissionHelper: usrId is invalid : -1
07-10 01:10:56.102 23124 23124 I [PASS][SPASS]FrameworkUtils: isSignedUp - false
07-10 01:10:56.106 23124 23124 W [PASS][CMN]PackageUtil: Can not find package [com.samsung.android.spaymini]
07-10 01:10:56.128 21058 21058 I [AUTHFW][PASS]PassService: personaId : 0
07-10 01:10:56.131  4379  5671 I servicemanager: Adding 'u:r:platform_app:s0:c512,c768' service (com.samsung.android.pass.IPassService:21058)
07-10 01:10:56.132  4379  5671 I BpBinder: onLastStrongRef automatically unlinking death recipients: <uncached descriptor>
07-10 01:10:56.135 21058 21058 I [AUTHFW][PASS]PassService: onBind:PassOperation
07-10 01:10:56.141 23124 23124 I [PASS][PASS]PassService: onBind:SamsungPassService
07-10 01:10:56.143 21058 21058 I [PASS][SDK]h: onServiceConnected
07-10 01:10:56.145 21058 21058 I [AUTHFW][PASS]AuthFwApp: Samsung Pass Service is connected
07-10 01:10:56.151  5353  5699 V APM_AudioPolicyManager: setAppState(portId:1005, state:1)
07-10 01:10:56.152 23124 23124 I [AUTHFW][PSDK]PassServiceConnection: onServiceConnected
07-10 01:10:56.153 23124 23124 I [PASS][SPASS]SPassApplication: pass connected
07-10 01:10:56.375  5674  7726 D SemWifiUsabilityStatsMonitor: onWifiUsabilityStats - seqNum 21640, isSameBssidAndFreq true
07-10 01:10:56.377  5674  6128 I SemWifiLinkQualityMonitor: Link Qos Query: 0.033 ms / 245.685 Mbps (325 / 0.000 / 1.323)
07-10 01:10:56.378  6461  6461 D NetworkController.WifiSignalController: notifyListener: visible=true, connected=true, inetCondition=1, isDefault=true, wifiTestReported=true, receivedInetCondition=-1, hideDuringMobileSwitching=false
07-10 01:10:56.675  4378  4378 I lmkd    : cached 1, sandbox(not0) 0
07-10 01:10:56.679  4378  4378 I lmkd    : Reclaim 'com.samsung.android.smartface' (7393), uid 1000, oom_score_adj 999, state 10 to free 13440kB rss, 51308kb swap
07-10 01:10:56.680  4378  4378 I lmkd    : Reclaimed 64748kB at oom_score_adj 850
07-10 01:10:56.709  5287  5287 I Zygote  : Process 7393 exited due to signal 9 (Killed)
07-10 01:10:56.711  5674  5743 I libprocessgroup: Successfully killed process cgroup uid 1000 pid 7393 in 1ms
07-10 01:10:56.719  4379  5671 I servicemanager: 'samsung.smartfaceservice' died
07-10 01:10:56.727  5471  6524 D Camera2ClientBase: Camera 1: start to disconnect
07-10 01:10:56.728  5471  6524 D Camera2ClientBase: Camera 1: serializationLock acquired
07-10 01:10:56.729  5471  6524 D Camera2ClientBase: Camera 1: Shutting down
07-10 01:10:56.735  5471  6524 I Camera3-Device: disconnectImpl: E
07-10 01:10:56.736  5471  6524 D Camera3-Device: disconnectImpl: mInterfaceLock.unlock()
07-10 01:10:56.738  5471  6524 D CameraService: BasicClient::disconnect E
07-10 01:10:56.738  5471  6524 D CameraService: BasicClient::disconnect X - already disconnected
07-10 01:10:56.739  5471  6524 I Camera2ClientBase: Closed Camera 1. Client was: com.samsung.android.smartface (PID 7393, UID 1000)
07-10 01:10:56.743  5471  6524 I Camera3-Device: disconnectImpl: E
07-10 01:10:56.743  5471  6524 D Camera3-Device: disconnectImpl: mInterfaceLock.unlock()
07-10 01:10:56.743  5471  6524 D Camera3-RequestInjector: RequestInjector[1] Mapper destroyed
07-10 01:10:56.744  5471  6524 I Camera3DeviceInjectionMethods: injectionDisconnectImpl: Injection camera disconnect
07-10 01:10:56.763  4378  4378 I lmkd    : 1(delay), 0(swap), 0(freelimit), 0(reentrymode) memory pressure events were skipped after a kill!
07-10 01:10:56.856 16924 16924 D BoundBrokerSvc: onUnbind: Intent { act=com.google.android.gms.apperrors.service.START_APP_ERROR dat=chimera-action:/... cmp=com.google.android.gms/.chimera.PersistentApiService }
07-10 01:10:56.948 31102 31399 I Finsky  : [151] roo.apply(11): ItemStore: Soft ttl expired: com.adobe.reader
07-10 01:10:56.953 31102 22452 I Finsky  : [463] yvm.apply(3): SCH: Canceling job 34-3945
07-10 01:10:56.990 31135 32652 I native  : I0000 00:00:1688944256.989306   32652 soda_async_impl.cc:1540] Current audio timestamp: 1688944256620242
07-10 01:10:56.990 31102 31383 I Finsky  : [147] yvc.a(2): SCH: no pending jobs to schedule.
07-10 01:10:56.996 31102 31361 I Finsky  : [141] agin.b(2): VerifyApps: Device wide non work profile PHA info updated
07-10 01:10:57.000 31102 31383 I Finsky  : [147] adbb.run(88): UCtl: autoUpdateItems with size=58 is fulfilled from responseFuture
07-10 01:10:57.007 31102 22741 I Finsky  : [478] agfe.a(4): Cleaning the verify apps datastore
07-10 01:10:57.025 31102 31411 I Finsky  : [153] adbb.run(88): UCtl: autoUpdateItems with size=192 is fulfilled from responseFuture
07-10 01:10:57.088  6461  6566 D MobileStatusTracker(1/2): onSignalStrengthsChanged level=3, vendorLevel=3
07-10 01:10:57.095 31102 31102 I Finsky  : [2] afgk.g(50): UCtl: Got train com.google.mainline.adservices 331811000, packageList=[com.google.android.adservices, com.google.android.ondevicepersonalization, com.google.mainline.adservices]
07-10 01:10:57.095 31102 31102 I Finsky  : [2] afgk.g(50): UCtl: Got train com.google.android.tzdata4 331314030, packageList=[com.google.android.tzdata4]
07-10 01:10:57.096 31102 31102 I Finsky  : [2] afgk.g(50): UCtl: Got train com.google.mainline.telemetry 331804000, packageList=[com.google.android.os.statsd, com.google.mainline.telemetry]
07-10 01:10:57.096 31102 31102 I Finsky  : [2] afgk.g(50): UCtl: Got train mainline_train_primary 331851030, packageList=[com.google.android.adbd, com.google.android.appsearch, com.google.android.art, com.google.android.captiveportallogin, com.google.android.cellbroadcast, com.google.android.conscrypt, com.google.android.documentsui, com.google.android.extservices, com.google.android.ipsec, com.google.android.media, com.google.android.media.swcodec, com.google.android.mediaprovider, com.google.android.modulemetadata, com.google.android.networkstack, com.google.android.neuralnetworks, com.google.android.permission, com.google.android.resolv, com.google.android.scheduling, com.google.android.sdkext, com.google.android.tethering, com.google.mainline.primary.libs]
07-10 01:10:57.096 31102 31102 I Finsky  : [2] afgk.g(52): UCtl: Got 4 AtomicTrainInfos
07-10 01:10:57.098 31102 31102 I Finsky  : [2] aidp.i(11): UCtl: Capture account null for next update of com.sec.android.app.myfiles
07-10 01:10:57.100 31102 31102 I Finsky  : [2] aidp.i(11): UCtl: Capture account null for next update of ru.yandex.translate
07-10 01:10:57.100 31102 31102 I Finsky  : [2] aidp.i(11): UCtl: Capture account null for next update of com.google.android.keep
07-10 01:10:57.101 31102 31102 I Finsky  : [2] aidp.i(11): UCtl: Capture account null for next update of com.google.android.apps.tasks
07-10 01:10:57.101 31102 31102 I Finsky  : [2] aidp.i(11): UCtl: Capture account null for next update of com.google.ar.core
07-10 01:10:57.102 31102 31102 I Finsky  : [2] aidp.i(11): UCtl: Capture account null for next update of com.moodle.moodlemobile
07-10 01:10:57.103 31102 31102 I Finsky  : [2] aidp.i(11): UCtl: Capture account null for next update of com.samsung.android.mobileservice
07-10 01:10:57.103 31102 31102 I Finsky  : [2] aidp.i(11): UCtl: Capture account null for next update of com.dsi.ant.service.socket
07-10 01:10:57.103  6461  6566 D MobileSignalController(1/2): notifyListener: enabled=true, connected=true, dataConnected=false, networkType=LTE (4G), emergencyOnly=false, roaming=false, isDefault=false, dataActivity=, level=3, ca=false, mmWave=false, disabledDataIcon=false, simCard=ETC
07-10 01:10:57.104  6461  6566 D NetworkController: SignalStrength from intent slotId=1
07-10 01:10:57.104 31102 31102 I Finsky  : [2] aidp.i(11): UCtl: Capture account null for next update of ru.rostel
07-10 01:10:57.104 31102 31102 I Finsky  : [2] aidp.i(11): UCtl: Capture account null for next update of com.AXgamesoft.TurbopropFS
07-10 01:10:57.105 31102 31102 I Finsky  : [2] aidp.i(11): UCtl: Capture account null for next update of ru.yandex.yandexmaps
07-10 01:10:57.106 31102 31102 I Finsky  : [2] aidp.i(11): UCtl: Capture account null for next update of com.rhmsoft.edit
07-10 01:10:57.106 31102 31102 I Finsky  : [2] aidp.i(11): UCtl: Capture account null for next update of ru.ifmo.main
07-10 01:10:57.107 31102 31102 I Finsky  : [2] aidp.i(11): UCtl: Capture account null for next update of org.mozilla.screenshot.go
07-10 01:10:57.107 31102 31102 I Finsky  : [2] aidp.i(11): UCtl: Capture account null for next update of com.termux
07-10 01:10:57.108 31102 31102 I Finsky  : [2] aidp.i(11): UCtl: Capture account null for next update of com.rarlab.rar
07-10 01:10:57.108 31102 31102 I Finsky  : [2] aidp.i(11): UCtl: Capture account null for next update of com.grammarly.android.keyboard
07-10 01:10:57.110 31102 31102 I Finsky  : [2] aidp.i(11): UCtl: Capture account null for next update of com.bukhmastov.cdoitmo
07-10 01:10:57.110 31102 31102 I Finsky  : [2] aidp.i(11): UCtl: Capture account null for next update of com.google.android.apps.cloudprint
07-10 01:10:57.111 31102 31102 I Finsky  : [2] aidp.i(11): UCtl: Capture account null for next update of com.google.android.apps.walletnfcrel
07-10 01:10:57.111 31102 31102 I Finsky  : [2] aidp.i(11): UCtl: Capture account null for next update of com.google.android.partnersetup
07-10 01:10:57.112 31102 31102 I Finsky  : [2] aidp.i(11): UCtl: Capture account null for next update of com.google.android.tts
07-10 01:10:57.112  5362  5362 I SurfaceFlinger: SFWD update time=134506481745062
07-10 01:10:57.112 31102 31102 I Finsky  : [2] aidp.i(11): UCtl: Capture account null for next update of com.google.android.apps.photos.scanner
07-10 01:10:57.113 31102 31102 I Finsky  : [2] aidp.i(11): UCtl: Capture account null for next update of com.twitter.android
07-10 01:10:57.113 31102 31102 I Finsky  : [2] aidp.i(11): UCtl: Capture account null for next update of com.google.android.adbd
07-10 01:10:57.114 31102 31102 I Finsky  : [2] aidp.i(11): UCtl: Capture account null for next update of com.google.android.resolv
07-10 01:10:57.114 31102 31102 I Finsky  : [2] aidp.i(11): UCtl: Capture account null for next update of com.dsi.ant.plugins.antplus
07-10 01:10:57.115 31102 31102 I Finsky  : [2] aidp.i(11): UCtl: Capture account null for next update of com.google.android.apps.docs.editors.slides
07-10 01:10:57.115 31102 31102 I Finsky  : [2] aidp.i(11): UCtl: Capture account null for next update of com.google.mainline.primary.libs
07-10 01:10:57.116 31102 31102 I Finsky  : [2] aidp.i(11): UCtl: Capture account null for next update of org.zwanoo.android.speedtest
07-10 01:10:57.116 31102 31102 I Finsky  : [2] aidp.i(11): UCtl: Capture account null for next update of com.google.android.apps.photos
07-10 01:10:57.117 31102 31102 I Finsky  : [2] aidp.i(11): UCtl: Capture account null for next update of com.idamob.tinkoff.android
07-10 01:10:57.117 31102 31102 I Finsky  : [2] aidp.i(11): UCtl: Capture account null for next update of com.sec.android.app.clockpackage
07-10 01:10:57.118 31102 31102 I Finsky  : [2] aidp.i(11): UCtl: Capture account null for next update of com.evrasia
07-10 01:10:57.119 31102 31102 I Finsky  : [2] aidp.i(11): UCtl: Capture account null for next update of com.fungames.flightpilot
07-10 01:10:57.119 31102 31102 I Finsky  : [2] aidp.i(11): UCtl: Capture account null for next update of com.kms.free
07-10 01:10:57.120 31102 31102 I Finsky  : [2] aidp.i(11): UCtl: Capture account null for next update of jp.co.canon.android.printservice.plugin
07-10 01:10:57.120 31102 31102 I Finsky  : [2] aidp.i(11): UCtl: Capture account null for next update of com.discord
07-10 01:10:57.121 31102 31102 I Finsky  : [2] aidp.i(11): UCtl: Capture account null for next update of com.playstation.knowledge
07-10 01:10:57.121 31102 31102 I Finsky  : [2] aidp.i(11): UCtl: Capture account null for next update of com.google.android.conscrypt
07-10 01:10:57.121 31102 31102 I Finsky  : [2] aidp.i(11): UCtl: Capture account null for next update of com.google.android.media
07-10 01:10:57.122 31102 31102 I Finsky  : [2] aidp.i(11): UCtl: Capture account null for next update of com.google.android.apps.maps
07-10 01:10:57.123 31102 31102 I Finsky  : [2] aidp.i(11): UCtl: Capture account null for next update of com.sec.spp.push
07-10 01:10:57.123 31102 31102 I Finsky  : [2] aidp.i(11): UCtl: Capture account null for next update of com.google.android.apps.tachyon
07-10 01:10:57.124 31102 31102 I Finsky  : [2] aidp.i(11): UCtl: Capture account null for next update of io.meduza.meduza
07-10 01:10:57.124 31102 31102 I Finsky  : [2] aidp.i(11): UCtl: Capture account null for next update of com.google.android.modulemetadata
07-10 01:10:57.125 31102 31102 I Finsky  : [2] aidp.i(11): UCtl: Capture account null for next update of us.zoom.videomeetings
07-10 01:10:57.126 31102 31102 I Finsky  : [2] aidp.i(11): UCtl: Capture account null for next update of com.psiphon3.subscription
07-10 01:10:57.126 31102 31102 I Finsky  : [2] aidp.i(11): UCtl: Capture account null for next update of com.google.android.tzdata4
07-10 01:10:57.127 31102 31102 I Finsky  : [2] aidp.i(11): UCtl: Capture account null for next update of com.microsoft.office.word
07-10 01:10:57.127 31102 31102 I Finsky  : [2] aidp.i(11): UCtl: Capture account null for next update of com.google.mainline.telemetry
07-10 01:10:57.127 31102 31102 I Finsky  : [2] aidp.i(11): UCtl: Capture account null for next update of com.quip.quip
07-10 01:10:57.128 31102 31102 I Finsky  : [2] aidp.i(11): UCtl: Capture account null for next update of ru.yandex.music
07-10 01:10:57.129 31102 31102 I Finsky  : [2] aidp.i(11): UCtl: Capture account null for next update of com.microsoft.todos
07-10 01:10:57.129 31102 31102 I Finsky  : [2] aidp.i(11): UCtl: Capture account null for next update of com.google.android.googlequicksearchbox
07-10 01:10:57.130 31102 31102 I Finsky  : [2] aidp.i(11): UCtl: Capture account null for next update of com.shazam.android
07-10 01:10:57.130 31102 31102 I Finsky  : [2] aidp.i(11): UCtl: Capture account null for next update of ru.yandex.metro
07-10 01:10:57.131 31102 31102 I Finsky  : [2] aidp.i(11): UCtl: Capture account null for next update of org.mozilla.firefox
07-10 01:10:57.132 31102 31102 I Finsky  : [2] aidp.i(11): UCtl: Capture account null for next update of com.Splitwise.SplitwiseMobile
07-10 01:10:57.132 31102 31102 I Finsky  : [2] aidp.i(11): UCtl: Capture account null for next update of org.microemu.android.paintcad.PaintCAD
07-10 01:10:57.133 31102 31102 I Finsky  : [2] aidp.i(11): UCtl: Capture account null for next update of com.google.android.play.games
07-10 01:10:57.133 31102 31102 I Finsky  : [2] aidp.i(11): UCtl: Capture account null for next update of ru.iiec.pydroid3
07-10 01:10:57.134 31102 31102 I Finsky  : [2] aidp.i(11): UCtl: Capture account null for next update of com.google.android.permission
07-10 01:10:57.135 31102 31102 I Finsky  : [2] aidp.i(11): UCtl: Capture account null for next update of ru.yandex.mail
07-10 01:10:57.135 31102 31102 I Finsky  : [2] aidp.i(11): UCtl: Capture account null for next update of com.google.audio.hearing.visualization.accessibility.scribe
07-10 01:10:57.135 31102 31102 I Finsky  : [2] aidp.i(11): UCtl: Capture account null for next update of org.telegram.messenger
07-10 01:10:57.136 31102 31102 I Finsky  : [2] aidp.i(11): UCtl: Capture account null for next update of com.google.android.neuralnetworks
07-10 01:10:57.137 31102 31102 I Finsky  : [2] aidp.i(11): UCtl: Capture account null for next update of com.microsoft.skydrive
07-10 01:10:57.137 31102 31102 I Finsky  : [2] aidp.i(11): UCtl: Capture account null for next update of com.adobe.reader
07-10 01:10:57.138 31102 31102 I Finsky  : [2] aidp.i(11): UCtl: Capture account null for next update of com.vrem.wifianalyzer
07-10 01:10:57.138 31102 31102 I Finsky  : [2] aidp.i(11): UCtl: Capture account null for next update of com.delhaize.maxi.loyalty
07-10 01:10:57.139 31102 31102 I Finsky  : [2] aidp.i(11): UCtl: Capture account null for next update of org.openobservatory.ooniprobe
07-10 01:10:57.140 31102 31102 I Finsky  : [2] aidp.i(11): UCtl: Capture account null for next update of ru.yandex.disk
07-10 01:10:57.140 31102 31102 I Finsky  : [2] aidp.i(11): UCtl: Capture account null for next update of ru.fns.lkfl
07-10 01:10:57.141 31102 31102 I Finsky  : [2] aidp.i(11): UCtl: Capture account null for next update of ru.iiec.cxxdroid
07-10 01:10:57.142 31102 31102 I Finsky  : [2] aidp.i(11): UCtl: Capture account null for next update of com.teapotgames.avionflightsimulator
07-10 01:10:57.142 31102 31102 I Finsky  : [2] aidp.i(11): UCtl: Capture account null for next update of ru.yandex.yandexnavi
07-10 01:10:57.143 31102 31102 I Finsky  : [2] aidp.i(11): UCtl: Capture account null for next update of com.facebook.katana
07-10 01:10:57.143 31102 31102 I Finsky  : [2] aidp.i(11): UCtl: Capture account null for next update of com.google.android.documentsui
07-10 01:10:57.144 31102 31102 I Finsky  : [2] aidp.i(11): UCtl: Capture account null for next update of com.xiaomi.smarthome
07-10 01:10:57.144 31102 31102 I Finsky  : [2] aidp.i(11): UCtl: Capture account null for next update of com.google.android.ipsec
07-10 01:10:57.145 31102 31102 I Finsky  : [2] aidp.i(11): UCtl: Capture account null for next update of com.google.android.inputmethod.japanese
07-10 01:10:57.146 31102 31102 I Finsky  : [2] aidp.i(11): UCtl: Capture account null for next update of com.tranzmate
07-10 01:10:57.146 31102 31102 I Finsky  : [2] aidp.i(11): UCtl: Capture account null for next update of com.wolt.android
07-10 01:10:57.147 31102 31102 I Finsky  : [2] aidp.i(11): UCtl: Capture account null for next update of cc.forestapp
07-10 01:10:57.148 31102 31102 I Finsky  : [2] aidp.i(11): UCtl: Capture account null for next update of com.google.android.networkstack
07-10 01:10:57.148 31102 31102 I Finsky  : [2] aidp.i(11): UCtl: Capture account null for next update of com.srbijavoz.app
07-10 01:10:57.149 31102 31102 I Finsky  : [2] aidp.i(11): UCtl: Capture account null for next update of com.google.android.as.oss
07-10 01:10:57.150 31102 31102 I Finsky  : [2] aidp.i(11): UCtl: Capture account null for next update of com.termux.api
07-10 01:10:57.150 31102 31102 I Finsky  : [2] aidp.i(11): UCtl: Capture account null for next update of com.google.android.calculator
07-10 01:10:57.151 31102 31102 I Finsky  : [2] aidp.i(11): UCtl: Capture account null for next update of com.rstgames.durak
07-10 01:10:57.151 31102 31102 I Finsky  : [2] aidp.i(11): UCtl: Capture account null for next update of com.microsoft.launcher
07-10 01:10:57.152 31102 31102 I Finsky  : [2] aidp.i(11): UCtl: Capture account null for next update of com.yandex.browser
07-10 01:10:57.153 31102 31102 I Finsky  : [2] aidp.i(11): UCtl: Capture account null for next update of ru.mail.mailapp
07-10 01:10:57.154 31102 31102 I Finsky  : [2] aidp.i(11): UCtl: Capture account null for next update of roviminteractive.materialcopy
07-10 01:10:57.155 31102 31102 I Finsky  : [2] aidp.i(11): UCtl: Capture account null for next update of com.google.android.ondevicepersonalization
07-10 01:10:57.155 31102 31102 I Finsky  : [2] aidp.i(11): UCtl: Capture account null for next update of org.geogebra.android.g3d
07-10 01:10:57.156 31102 31102 I Finsky  : [2] aidp.i(11): UCtl: Capture account null for next update of com.google.android.apps.googleassistant
07-10 01:10:57.157 31102 31102 I Finsky  : [2] aidp.i(11): UCtl: Capture account null for next update of com.microsoft.office.officelens
07-10 01:10:57.158 31102 31102 I Finsky  : [2] aidp.i(11): UCtl: Capture account null for next update of com.sec.android.app.shealth
07-10 01:10:57.160 31102 31102 I Finsky  : [2] aidp.i(11): UCtl: Capture account null for next update of com.microsoft.appmanager
07-10 01:10:57.161 31102 31102 I Finsky  : [2] aidp.i(11): UCtl: Capture account null for next update of com.google.android.apps.turbo
07-10 01:10:57.162 31102 31102 I Finsky  : [2] aidp.i(11): UCtl: Capture account null for next update of com.microsoft.teams
07-10 01:10:57.163 31102 31102 I Finsky  : [2] aidp.i(11): UCtl: Capture account null for next update of com.google.android.apps.translate
07-10 01:10:57.164 31102 31102 I Finsky  : [2] aidp.i(11): UCtl: Capture account null for next update of com.google.android.sdkext
07-10 01:10:57.165 31102 31102 I Finsky  : [2] aidp.i(11): UCtl: Capture account null for next update of com.jetbrains.youtrack.mobile.app
07-10 01:10:57.166 31102 31102 I Finsky  : [2] aidp.i(11): UCtl: Capture account null for next update of pl.aidemmedia.RealisticBridge
07-10 01:10:57.167 31102 31102 I Finsky  : [2] aidp.i(11): UCtl: Capture account null for next update of cz.hipercalc
07-10 01:10:57.168 31102 31102 I Finsky  : [2] aidp.i(11): UCtl: Capture account null for next update of com.duckduckgo.mobile.android
07-10 01:10:57.169 31102 31102 I Finsky  : [2] aidp.i(11): UCtl: Capture account null for next update of notion.id
07-10 01:10:57.170 31102 31102 I Finsky  : [2] aidp.i(11): UCtl: Capture account null for next update of com.instagram.android
07-10 01:10:57.171 31102 31102 I Finsky  : [2] aidp.i(11): UCtl: Capture account null for next update of com.google.android.webview
07-10 01:10:57.172 31102 31102 I Finsky  : [2] aidp.i(11): UCtl: Capture account null for next update of rs.telenor.mymenu
07-10 01:10:57.173 31102 31102 I Finsky  : [2] aidp.i(11): UCtl: Capture account null for next update of com.linkedin.android
07-10 01:10:57.174 31102 31102 I Finsky  : [2] aidp.i(11): UCtl: Capture account null for next update of org.stepic.droid
07-10 01:10:57.175 31102 31102 I Finsky  : [2] aidp.i(11): UCtl: Capture account null for next update of com.teremok.keys
07-10 01:10:57.176 31102 31102 I Finsky  : [2] aidp.i(11): UCtl: Capture account null for next update of com.google.android.adservices
07-10 01:10:57.177 31102 31102 I Finsky  : [2] aidp.i(11): UCtl: Capture account null for next update of com.google.android.tethering
07-10 01:10:57.178 31102 31102 I Finsky  : [2] aidp.i(11): UCtl: Capture account null for next update of com.busplus
07-10 01:10:57.179 31102 31102 I Finsky  : [2] aidp.i(11): UCtl: Capture account null for next update of ru.ifmo.itmostudents
07-10 01:10:57.180 31102 31102 I Finsky  : [2] aidp.i(11): UCtl: Capture account null for next update of com.jetbrains.space
07-10 01:10:57.180 31102 31102 I Finsky  : [2] aidp.i(11): UCtl: Capture account null for next update of com.sec.android.easyMover
07-10 01:10:57.181 31102 31102 I Finsky  : [2] aidp.i(11): UCtl: Capture account null for next update of com.google.android.captiveportallogin
07-10 01:10:57.182 31102 31102 I Finsky  : [2] aidp.i(11): UCtl: Capture account null for next update of com.samsung.android.lool
07-10 01:10:57.183 31102 31102 I Finsky  : [2] aidp.i(11): UCtl: Capture account null for next update of com.google.android.extservices
07-10 01:10:57.184 31102 31102 I Finsky  : [2] aidp.i(11): UCtl: Capture account null for next update of com.Slack
07-10 01:10:57.185 31102 31102 I Finsky  : [2] aidp.i(11): UCtl: Capture account null for next update of com.microsoft.bing
07-10 01:10:57.186 31102 31102 I Finsky  : [2] aidp.i(11): UCtl: Capture account null for next update of com.google.android.apps.docs.editors.docs
07-10 01:10:57.187 31102 31102 I Finsky  : [2] aidp.i(11): UCtl: Capture account null for next update of ru.filit.mvideo.b2c
07-10 01:10:57.187 31102 31102 I Finsky  : [2] aidp.i(11): UCtl: Capture account null for next update of com.google.android.apps.meetings
07-10 01:10:57.189 31102 31102 I Finsky  : [2] aidp.i(11): UCtl: Capture account null for next update of mrigapps.andriod.breakfree.deux
07-10 01:10:57.192 31102 31102 I Finsky  : [2] aidp.i(11): UCtl: Capture account null for next update of com.github.android
07-10 01:10:57.192 31102 31102 I Finsky  : [2] aidp.i(11): UCtl: Capture account null for next update of com.google.android.apps.nbu.files
07-10 01:10:57.193 31102 31102 I Finsky  : [2] aidp.i(11): UCtl: Capture account null for next update of com.yandex.iot
07-10 01:10:57.194 31102 31102 I Finsky  : [2] aidp.i(11): UCtl: Capture account null for next update of com.android.chrome
07-10 01:10:57.195 31102 31102 I Finsky  : [2] aidp.i(11): UCtl: Capture account null for next update of com.microsoft.office.excel
07-10 01:10:57.196 31102 31102 I Finsky  : [2] aidp.i(11): UCtl: Capture account null for next update of com.flipd.app
07-10 01:10:57.197 31102 31102 I Finsky  : [2] aidp.i(11): UCtl: Capture account null for next update of com.urbandroid.dontkillmyapp
07-10 01:10:57.198 31102 31102 I Finsky  : [2] aidp.i(11): UCtl: Capture account null for next update of rs.Raiffeisen.mobile
07-10 01:10:57.198 31102 31102 I Finsky  : [2] aidp.i(11): UCtl: Capture account null for next update of com.google.android.apps.docs
07-10 01:10:57.199 31102 31102 I Finsky  : [2] aidp.i(11): UCtl: Capture account null for next update of com.google.android.youtube
07-10 01:10:57.200 31102 31102 I Finsky  : [2] aidp.i(11): UCtl: Capture account null for next update of com.samsung.android.app.notes
07-10 01:10:57.200 31102 31102 I Finsky  : [2] aidp.i(11): UCtl: Capture account null for next update of com.sec.android.app.popupcalculator
07-10 01:10:57.201 31102 31102 I Finsky  : [2] aidp.i(11): UCtl: Capture account null for next update of com.microblink.photomath
07-10 01:10:57.201 31102 31102 I Finsky  : [2] aidp.i(11): UCtl: Capture account null for next update of com.reddit.frontpage
07-10 01:10:57.202 31102 31102 I Finsky  : [2] aidp.i(11): UCtl: Capture account null for next update of ru.mail.cloud
07-10 01:10:57.203 31102 31102 I Finsky  : [2] aidp.i(11): UCtl: Capture account null for next update of com.google.android.os.statsd
07-10 01:10:57.203 31102 31102 I Finsky  : [2] aidp.i(11): UCtl: Capture account null for next update of org.torproject.android
07-10 01:10:57.204 31102 31102 I Finsky  : [2] aidp.i(11): UCtl: Capture account null for next update of ru.yandex.telemost
07-10 01:10:57.204 31102 31102 I Finsky  : [2] aidp.i(11): UCtl: Capture account null for next update of com.azure.authenticator
07-10 01:10:57.205 31102 31102 I Finsky  : [2] aidp.i(11): UCtl: Capture account null for next update of org.geogebra.android
07-10 01:10:57.205 31102 31102 I Finsky  : [2] aidp.i(11): UCtl: Capture account null for next update of ch.protonvpn.android
07-10 01:10:57.206 31102 31102 I Finsky  : [2] aidp.i(11): UCtl: Capture account null for next update of com.skype.raider
07-10 01:10:57.206 31102 31102 I Finsky  : [2] aidp.i(11): UCtl: Capture account null for next update of com.google.android.gms
07-10 01:10:57.207 31102 31102 I Finsky  : [2] aidp.i(11): UCtl: Capture account null for next update of com.glovo
07-10 01:10:57.208 31102 31102 I Finsky  : [2] aidp.i(11): UCtl: Capture account null for next update of com.google.android.appsearch
07-10 01:10:57.208 31102 31102 I Finsky  : [2] aidp.i(11): UCtl: Capture account null for next update of com.google.android.media.swcodec
07-10 01:10:57.209 31102 31102 I Finsky  : [2] aidp.i(11): UCtl: Capture account null for next update of com.google.android.art
07-10 01:10:57.209 31102 31102 I Finsky  : [2] aidp.i(11): UCtl: Capture account null for next update of com.microsoft.office.officehubrow
07-10 01:10:57.209 31102 31102 I Finsky  : [2] aidp.i(11): UCtl: Capture account null for next update of com.google.android.contacts
07-10 01:10:57.210 31102 31102 I Finsky  : [2] aidp.i(11): UCtl: Capture account null for next update of ru.yandex.weatherplugin
07-10 01:10:57.210 31102 31102 I Finsky  : [2] aidp.i(11): UCtl: Capture account null for next update of com.google.android.cellbroadcast
07-10 01:10:57.211 31102 31102 I Finsky  : [2] aidp.i(11): UCtl: Capture account null for next update of com.sec.android.app.voicenote
07-10 01:10:57.211 31102 31102 I Finsky  : [2] aidp.i(11): UCtl: Capture account null for next update of com.google.android.projection.gearhead
07-10 01:10:57.211 31102 31102 I Finsky  : [2] aidp.i(11): UCtl: Capture account null for next update of space.linuxct.phoneaccountdetector
07-10 01:10:57.212 31102 31102 I Finsky  : [2] aidp.i(11): UCtl: Capture account null for next update of com.urbanvpn.android
07-10 01:10:57.212 31102 31102 I Finsky  : [2] aidp.i(11): UCtl: Capture account null for next update of ru.tinkoff.investing
07-10 01:10:57.213 31102 31102 I Finsky  : [2] aidp.i(11): UCtl: Capture account null for next update of com.whatsapp
07-10 01:10:57.214 31102 31102 I Finsky  : [2] aidp.i(11): UCtl: Capture account null for next update of com.duolingo
07-10 01:10:57.215 31102 31102 I Finsky  : [2] aidp.i(11): UCtl: Capture account null for next update of tv.twitch.android.app
07-10 01:10:57.215 31102 31102 I Finsky  : [2] aidp.i(11): UCtl: Capture account null for next update of org.kde.kalgebramobile
07-10 01:10:57.216 31102 31102 I Finsky  : [2] aidp.i(11): UCtl: Capture account null for next update of ru.tele2.mytele2
07-10 01:10:57.217 31102 31102 I Finsky  : [2] aidp.i(11): UCtl: Capture account null for next update of com.valvesoftware.android.steam.community
07-10 01:10:57.217 31102 31102 I Finsky  : [2] aidp.i(11): UCtl: Capture account null for next update of ru.yandex.taxi
07-10 01:10:57.218 31102 31102 I Finsky  : [2] aidp.i(11): UCtl: Capture account null for next update of org.kde.kdeconnect_tp
07-10 01:10:57.219 31102 31102 I Finsky  : [2] aidp.i(11): UCtl: Capture account null for next update of com.samsung.android.app.watchmanager
07-10 01:10:57.219 31102 31102 I Finsky  : [2] aidp.i(11): UCtl: Capture account null for next update of rs.raiffeisen.raipay
07-10 01:10:57.220 31102 31102 I Finsky  : [2] aidp.i(11): UCtl: Capture account null for next update of com.samsung.knox.securefolder
07-10 01:10:57.221 31102 31102 I Finsky  : [2] aidp.i(11): UCtl: Capture account null for next update of com.samsung.android.privateshare
07-10 01:10:57.221 31102 31102 I Finsky  : [2] aidp.i(11): UCtl: Capture account null for next update of com.google.mainline.adservices
07-10 01:10:57.222 31102 31102 I Finsky  : [2] aidp.i(11): UCtl: Capture account null for next update of com.google.android.apps.docs.editors.sheets
07-10 01:10:57.222 31102 31102 I Finsky  : [2] aidp.i(11): UCtl: Capture account null for next update of com.google.android.scheduling
07-10 01:10:57.223 31102 31102 I Finsky  : [2] aidp.i(11): UCtl: Capture account null for next update of com.google.android.gm
07-10 01:10:57.224 31102 31102 I Finsky  : [2] aidp.i(11): UCtl: Capture account null for next update of com.google.android.mediaprovider
07-10 01:10:57.224 31102 31102 I Finsky  : [2] aidp.i(11): UCtl: Capture account null for next update of com.appcargo.user
07-10 01:10:57.225 31102 31102 I Finsky  : [2] aidp.i(11): UCtl: Capture account null for next update of com.google.android.inputmethod.latin
07-10 01:10:57.225 31102 31102 I Finsky  : [2] aidp.i(11): UCtl: Capture account null for next update of com.paprbit.dcoder
07-10 01:10:57.226 31102 31102 I Finsky  : [2] aidp.i(11): UCtl: Capture account null for next update of com.samsung.android.voc
07-10 01:10:57.227 31102 31102 I Finsky  : [2] aidp.i(11): UCtl: Capture account null for next update of com.google.android.music
07-10 01:10:57.227 31102 31102 I Finsky  : [2] aidp.i(11): UCtl: Capture account null for next update of com.google.android.apps.carrier.carrierwifi
07-10 01:10:57.228 31102 31102 I Finsky  : [2] aidp.i(11): UCtl: Capture account null for next update of com.google.android.calendar
07-10 01:10:57.246 31102 31102 W Finsky  : [2] jad.f(4): No everExternallyHosted provided for com.sec.android.app.myfiles
07-10 01:10:57.247 31102 31102 W Finsky  : [2] jad.f(4): No everExternallyHosted provided for ru.yandex.translate
07-10 01:10:57.247 31102 31102 W Finsky  : [2] jad.f(4): No everExternallyHosted provided for com.google.android.keep
07-10 01:10:57.247 31102 31102 W Finsky  : [2] jad.f(4): No everExternallyHosted provided for com.google.android.apps.tasks
07-10 01:10:57.248 31102 31102 W Finsky  : [2] jad.f(4): No everExternallyHosted provided for com.google.ar.core
07-10 01:10:57.248 31102 31102 W Finsky  : [2] jad.f(4): No everExternallyHosted provided for com.moodle.moodlemobile
07-10 01:10:57.250 31102 31102 W Finsky  : [2] jad.f(4): No everExternallyHosted provided for com.samsung.android.mobileservice
07-10 01:10:57.251 31102 31102 W Finsky  : [2] jad.f(4): No everExternallyHosted provided for com.dsi.ant.service.socket
07-10 01:10:57.251 31102 31102 W Finsky  : [2] jad.f(4): No everExternallyHosted provided for ru.rostel
07-10 01:10:57.251 31102 31102 W Finsky  : [2] jad.f(4): No everExternallyHosted provided for com.AXgamesoft.TurbopropFS
07-10 01:10:57.251 31102 31102 W Finsky  : [2] jad.f(4): No everExternallyHosted provided for ru.yandex.yandexmaps
07-10 01:10:57.251 31102 31102 W Finsky  : [2] jad.f(4): No everExternallyHosted provided for ru.yandex.searchplugin
07-10 01:10:57.252 31102 31102 W Finsky  : [2] jad.f(4): No everExternallyHosted provided for com.rhmsoft.edit
07-10 01:10:57.252 31102 31102 W Finsky  : [2] jad.f(4): No everExternallyHosted provided for ru.ifmo.main
07-10 01:10:57.252 31102 31102 W Finsky  : [2] jad.f(4): No everExternallyHosted provided for org.mozilla.screenshot.go
07-10 01:10:57.252 31102 31102 W Finsky  : [2] jad.f(4): No everExternallyHosted provided for com.termux
07-10 01:10:57.253 31102 31102 W Finsky  : [2] jad.f(4): No everExternallyHosted provided for com.rarlab.rar
07-10 01:10:57.253 31102 31102 W Finsky  : [2] jad.f(4): No everExternallyHosted provided for com.grammarly.android.keyboard
07-10 01:10:57.253 31102 31102 W Finsky  : [2] jad.f(4): No everExternallyHosted provided for com.bukhmastov.cdoitmo
07-10 01:10:57.253 31102 31102 W Finsky  : [2] jad.f(4): No everExternallyHosted provided for com.google.android.apps.cloudprint
07-10 01:10:57.254 31102 31102 W Finsky  : [2] jad.f(4): No everExternallyHosted provided for com.google.android.apps.walletnfcrel
07-10 01:10:57.254 31102 31102 W Finsky  : [2] jad.f(4): No everExternallyHosted provided for com.google.android.partnersetup
07-10 01:10:57.254 31102 31102 W Finsky  : [2] jad.f(4): No everExternallyHosted provided for com.google.android.tts
07-10 01:10:57.254 31102 31102 W Finsky  : [2] jad.f(4): No everExternallyHosted provided for com.google.android.apps.photos.scanner
07-10 01:10:57.255 31102 31102 W Finsky  : [2] jad.f(4): No everExternallyHosted provided for com.twitter.android
07-10 01:10:57.255 31102 31102 W Finsky  : [2] jad.f(4): No everExternallyHosted provided for com.google.android.adbd
07-10 01:10:57.255 31102 31102 W Finsky  : [2] jad.f(4): No everExternallyHosted provided for com.google.android.resolv
07-10 01:10:57.256 31102 31102 W Finsky  : [2] jad.f(4): No everExternallyHosted provided for com.dsi.ant.plugins.antplus
07-10 01:10:57.256 31102 31102 W Finsky  : [2] jad.f(4): No everExternallyHosted provided for com.google.android.apps.docs.editors.slides
07-10 01:10:57.256 31102 31102 W Finsky  : [2] jad.f(4): No everExternallyHosted provided for com.google.mainline.primary.libs
07-10 01:10:57.256 31102 31102 W Finsky  : [2] jad.f(4): No everExternallyHosted provided for org.zwanoo.android.speedtest
07-10 01:10:57.257 31102 31102 W Finsky  : [2] jad.f(4): No everExternallyHosted provided for com.google.android.apps.photos
07-10 01:10:57.257 31102 31102 W Finsky  : [2] jad.f(4): No everExternallyHosted provided for com.idamob.tinkoff.android
07-10 01:10:57.257 31102 31102 W Finsky  : [2] jad.f(4): No everExternallyHosted provided for com.sec.android.app.clockpackage
07-10 01:10:57.257 31102 31102 W Finsky  : [2] jad.f(4): No everExternallyHosted provided for com.evrasia
07-10 01:10:57.258 31102 31102 W Finsky  : [2] jad.f(4): No everExternallyHosted provided for com.fungames.flightpilot
07-10 01:10:57.258 31102 31102 W Finsky  : [2] jad.f(4): No everExternallyHosted provided for com.kms.free
07-10 01:10:57.258 31102 31102 W Finsky  : [2] jad.f(4): No everExternallyHosted provided for jp.co.canon.android.printservice.plugin
07-10 01:10:57.259 31102 31102 W Finsky  : [2] jad.f(4): No everExternallyHosted provided for com.discord
07-10 01:10:57.259 31102 31102 W Finsky  : [2] jad.f(4): No everExternallyHosted provided for com.playstation.knowledge
07-10 01:10:57.259 31102 31102 W Finsky  : [2] jad.f(4): No everExternallyHosted provided for com.google.android.conscrypt
07-10 01:10:57.260 31102 31102 W Finsky  : [2] jad.f(4): No everExternallyHosted provided for com.google.android.media
07-10 01:10:57.260 31102 31102 W Finsky  : [2] jad.f(4): No everExternallyHosted provided for com.google.android.apps.maps
07-10 01:10:57.260 31102 31102 W Finsky  : [2] jad.f(4): No everExternallyHosted provided for com.sec.spp.push
07-10 01:10:57.260 31102 31102 W Finsky  : [2] jad.f(4): No everExternallyHosted provided for com.google.android.apps.tachyon
07-10 01:10:57.261 31102 31102 W Finsky  : [2] jad.f(4): No everExternallyHosted provided for io.meduza.meduza
07-10 01:10:57.261 31102 31102 W Finsky  : [2] jad.f(4): No everExternallyHosted provided for com.google.android.modulemetadata
07-10 01:10:57.261 31102 31102 W Finsky  : [2] jad.f(4): No everExternallyHosted provided for us.zoom.videomeetings
07-10 01:10:57.261 31102 31102 W Finsky  : [2] jad.f(4): No everExternallyHosted provided for com.psiphon3.subscription
07-10 01:10:57.262 31102 31102 W Finsky  : [2] jad.f(4): No everExternallyHosted provided for com.google.android.tzdata4
07-10 01:10:57.262 31102 31102 W Finsky  : [2] jad.f(4): No everExternallyHosted provided for com.microsoft.office.word
07-10 01:10:57.262 31102 31102 W Finsky  : [2] jad.f(4): No everExternallyHosted provided for com.google.mainline.telemetry
07-10 01:10:57.263 31102 31102 W Finsky  : [2] jad.f(4): No everExternallyHosted provided for com.quip.quip
07-10 01:10:57.263 31102 31102 W Finsky  : [2] jad.f(4): No everExternallyHosted provided for ru.yandex.music
07-10 01:10:57.263 31102 31102 W Finsky  : [2] jad.f(4): No everExternallyHosted provided for com.microsoft.todos
07-10 01:10:57.264 31102 31102 W Finsky  : [2] jad.f(4): No everExternallyHosted provided for com.google.android.googlequicksearchbox
07-10 01:10:57.264 31102 31102 W Finsky  : [2] jad.f(4): No everExternallyHosted provided for com.shazam.android
07-10 01:10:57.264 31102 31102 W Finsky  : [2] jad.f(4): No everExternallyHosted provided for ru.yandex.metro
07-10 01:10:57.265 31102 31102 W Finsky  : [2] jad.f(4): No everExternallyHosted provided for org.mozilla.firefox
07-10 01:10:57.265 31102 31102 W Finsky  : [2] jad.f(4): No everExternallyHosted provided for com.Splitwise.SplitwiseMobile
07-10 01:10:57.265 31102 31102 W Finsky  : [2] jad.f(4): No everExternallyHosted provided for org.microemu.android.paintcad.PaintCAD
07-10 01:10:57.265 31102 31102 W Finsky  : [2] jad.f(4): No everExternallyHosted provided for com.google.android.play.games
07-10 01:10:57.266 31102 31102 W Finsky  : [2] jad.f(4): No everExternallyHosted provided for ru.iiec.pydroid3
07-10 01:10:57.266 31102 31102 W Finsky  : [2] jad.f(4): No everExternallyHosted provided for com.google.android.permission
07-10 01:10:57.266 31102 31102 W Finsky  : [2] jad.f(4): No everExternallyHosted provided for ru.yandex.mail
07-10 01:10:57.267 31102 31102 W Finsky  : [2] jad.f(4): No everExternallyHosted provided for com.google.audio.hearing.visualization.accessibility.scribe
07-10 01:10:57.267 31102 31102 W Finsky  : [2] jad.f(4): No everExternallyHosted provided for org.telegram.messenger
07-10 01:10:57.267 31102 31102 W Finsky  : [2] jad.f(4): No everExternallyHosted provided for com.google.android.neuralnetworks
07-10 01:10:57.267 31102 31102 W Finsky  : [2] jad.f(4): No everExternallyHosted provided for com.microsoft.skydrive
07-10 01:10:57.268 31102 31102 W Finsky  : [2] jad.f(4): No everExternallyHosted provided for com.adobe.reader
07-10 01:10:57.268 31102 31102 W Finsky  : [2] jad.f(4): No everExternallyHosted provided for com.vrem.wifianalyzer
07-10 01:10:57.268 31102 31102 W Finsky  : [2] jad.f(4): No everExternallyHosted provided for com.delhaize.maxi.loyalty
07-10 01:10:57.268 31102 31102 W Finsky  : [2] jad.f(4): No everExternallyHosted provided for org.openobservatory.ooniprobe
07-10 01:10:57.268 31102 31102 W Finsky  : [2] jad.f(4): No everExternallyHosted provided for ru.yandex.disk
07-10 01:10:57.269 31102 31102 W Finsky  : [2] jad.f(4): No everExternallyHosted provided for ru.fns.lkfl
07-10 01:10:57.269 31102 31102 W Finsky  : [2] jad.f(4): No everExternallyHosted provided for ru.iiec.cxxdroid
07-10 01:10:57.269 31102 31102 W Finsky  : [2] jad.f(4): No everExternallyHosted provided for com.teapotgames.avionflightsimulator
07-10 01:10:57.269 31102 31102 W Finsky  : [2] jad.f(4): No everExternallyHosted provided for ru.yandex.yandexnavi
07-10 01:10:57.270 31102 31102 W Finsky  : [2] jad.f(4): No everExternallyHosted provided for com.facebook.katana
07-10 01:10:57.270 31102 31102 W Finsky  : [2] jad.f(4): No everExternallyHosted provided for com.google.android.documentsui
07-10 01:10:57.271 31102 31102 W Finsky  : [2] jad.f(4): No everExternallyHosted provided for com.xiaomi.smarthome
07-10 01:10:57.271 31102 31102 W Finsky  : [2] jad.f(4): No everExternallyHosted provided for com.google.android.ipsec
07-10 01:10:57.271 31102 31102 W Finsky  : [2] jad.f(4): No everExternallyHosted provided for com.google.android.inputmethod.japanese
07-10 01:10:57.271 31102 31102 W Finsky  : [2] jad.f(4): No everExternallyHosted provided for com.tranzmate
07-10 01:10:57.272 31102 31102 W Finsky  : [2] jad.f(4): No everExternallyHosted provided for com.wolt.android
07-10 01:10:57.272 31102 31102 W Finsky  : [2] jad.f(4): No everExternallyHosted provided for cc.forestapp
07-10 01:10:57.273 31102 31102 W Finsky  : [2] jad.f(4): No everExternallyHosted provided for com.google.android.networkstack
07-10 01:10:57.273 31102 31102 W Finsky  : [2] jad.f(4): No everExternallyHosted provided for com.srbijavoz.app
07-10 01:10:57.273 31102 31102 W Finsky  : [2] jad.f(4): No everExternallyHosted provided for com.google.android.as.oss
07-10 01:10:57.273 31102 31102 W Finsky  : [2] jad.f(4): No everExternallyHosted provided for com.termux.api
07-10 01:10:57.274 31102 31102 W Finsky  : [2] jad.f(4): No everExternallyHosted provided for com.google.android.calculator
07-10 01:10:57.274 31102 31102 W Finsky  : [2] jad.f(4): No everExternallyHosted provided for com.rstgames.durak
07-10 01:10:57.274 31102 31102 W Finsky  : [2] jad.f(4): No everExternallyHosted provided for com.microsoft.launcher
07-10 01:10:57.275 31102 31102 W Finsky  : [2] jad.f(4): No everExternallyHosted provided for com.yandex.browser
07-10 01:10:57.275 31102 31102 W Finsky  : [2] jad.f(4): No everExternallyHosted provided for ru.mail.mailapp
07-10 01:10:57.275 31102 31102 W Finsky  : [2] jad.f(4): No everExternallyHosted provided for roviminteractive.materialcopy
07-10 01:10:57.276 31102 31102 W Finsky  : [2] jad.f(4): No everExternallyHosted provided for com.google.android.ondevicepersonalization
07-10 01:10:57.276 31102 31102 W Finsky  : [2] jad.f(4): No everExternallyHosted provided for org.geogebra.android.g3d
07-10 01:10:57.276 31102 31102 W Finsky  : [2] jad.f(4): No everExternallyHosted provided for com.google.android.apps.googleassistant
07-10 01:10:57.276 31102 31102 W Finsky  : [2] jad.f(4): No everExternallyHosted provided for com.microsoft.office.officelens
07-10 01:10:57.276 31102 31102 W Finsky  : [2] jad.f(4): No everExternallyHosted provided for com.sec.android.app.shealth
07-10 01:10:57.277 31102 31102 W Finsky  : [2] jad.f(4): No everExternallyHosted provided for com.microsoft.appmanager
