07-10 01:04:07.370 16924 21247 W NetworkScheduler: Error inserting flex_time=554000 job_id=-1 period=1110000 source=16 requires_charging=0 preferred_network_type=1 target_class=com.google.android.gms.measurement.PackageMeasurementTaskService user_id=0 target_package=com.google.android.gms tag=Measurement.PackageMeasurementTaskService.UPLOAD_TASK_TAG task_type=0 required_idleness_state=0 service_kind=0 source_version=232414000 persistence_level=1 preferred_charging_state=1 required_network_type=0 runtime=1688943847361 retry_strategy={"maximum_backoff_seconds":{"3600":0},"initial_backoff_seconds":{"30":0},"retry_policy":{"0":0}} last_runtime=0 [CONTEXT service_id=218 ]
07-10 01:04:07.370 16924 21247 W NetworkScheduler: android.database.sqlite.SQLiteConstraintException: UNIQUE constraint failed: pending_ops.tag, pending_ops.target_class, pending_ops.target_package, pending_ops.user_id (code 2067 SQLITE_CONSTRAINT_UNIQUE[2067])
07-10 01:04:07.370 16924 21247 W NetworkScheduler: 	at android.database.sqlite.SQLiteConnection.nativeExecuteForLastInsertedRowId(Native Method)
07-10 01:04:07.370 16924 21247 W NetworkScheduler: 	at android.database.sqlite.SQLiteConnection.executeForLastInsertedRowId(SQLiteConnection.java:1275)
07-10 01:04:07.370 16924 21247 W NetworkScheduler: 	at android.database.sqlite.SQLiteSession.executeForLastInsertedRowId(SQLiteSession.java:790)
07-10 01:04:07.370 16924 21247 W NetworkScheduler: 	at android.database.sqlite.SQLiteStatement.executeInsert(SQLiteStatement.java:89)
07-10 01:04:07.370 16924 21247 W NetworkScheduler: 	at android.database.sqlite.SQLiteDatabase.insertWithOnConflict(SQLiteDatabase.java:2410)
07-10 01:04:07.370 16924 21247 W NetworkScheduler: 	at android.database.sqlite.SQLiteDatabase.insertOrThrow(SQLiteDatabase.java:2305)
07-10 01:04:07.370 16924 21247 W NetworkScheduler: 	at cahd.f(:com.google.android.gms@232414044@23.24.14 (190400-544099984):59)
07-10 01:04:07.370 16924 21247 W NetworkScheduler: 	at cafx.n(:com.google.android.gms@232414044@23.24.14 (190400-544099984):3)
07-10 01:04:07.370 16924 21247 W NetworkScheduler: 	at cafx.u(:com.google.android.gms@232414044@23.24.14 (190400-544099984):20)
07-10 01:04:07.370 16924 21247 W NetworkScheduler: 	at cafx.h(:com.google.android.gms@232414044@23.24.14 (190400-544099984):3)
07-10 01:04:07.370 16924 21247 W NetworkScheduler: 	at cabp.run(:com.google.android.gms@232414044@23.24.14 (190400-544099984):9)
07-10 01:04:07.370 16924 21247 W NetworkScheduler: 	at acmg.c(:com.google.android.gms@232414044@23.24.14 (190400-544099984):6)
07-10 01:04:07.370 16924 21247 W NetworkScheduler: 	at acmg.run(:com.google.android.gms@232414044@23.24.14 (190400-544099984):7)
07-10 01:04:07.370 16924 21247 W NetworkScheduler: 	at java.util.concurrent.ThreadPoolExecutor.runWorker(ThreadPoolExecutor.java:1137)
07-10 01:04:07.370 16924 21247 W NetworkScheduler: 	at java.util.concurrent.ThreadPoolExecutor$Worker.run(ThreadPoolExecutor.java:637)
07-10 01:04:07.370 16924 21247 W NetworkScheduler: 	at acro.run(:com.google.android.gms@232414044@23.24.14 (190400-544099984):0)
07-10 01:04:07.370 16924 21247 W NetworkScheduler: 	at java.lang.Thread.run(Thread.java:1012)
07-10 01:04:07.371 21424 21502 E FA      : Name must start with a letter. Type, name: event param, _email
07-10 01:04:07.371 21424 21502 E FA      : Name must start with a letter. Type, name: event param, _segments_state
07-10 01:04:07.371 21424 21502 E FA      : Name must start with a letter. Type, name: event param, _session_type
07-10 01:04:07.411 16924 21422 W NetworkScheduler: Error inserting flex_time=554000 job_id=-1 period=1110000 source=16 requires_charging=0 preferred_network_type=1 target_class=com.google.android.gms.measurement.PackageMeasurementTaskService user_id=0 target_package=com.google.android.gms tag=Measurement.PackageMeasurementTaskService.UPLOAD_TASK_TAG task_type=0 required_idleness_state=0 service_kind=0 source_version=232414000 persistence_level=1 preferred_charging_state=1 required_network_type=0 runtime=1688943847407 retry_strategy={"maximum_backoff_seconds":{"3600":0},"initial_backoff_seconds":{"30":0},"retry_policy":{"0":0}} last_runtime=0 [CONTEXT service_id=218 ]
07-10 01:04:07.411 16924 21422 W NetworkScheduler: android.database.sqlite.SQLiteConstraintException: UNIQUE constraint failed: pending_ops.tag, pending_ops.target_class, pending_ops.target_package, pending_ops.user_id (code 2067 SQLITE_CONSTRAINT_UNIQUE[2067])
07-10 01:04:07.411 16924 21422 W NetworkScheduler: 	at android.database.sqlite.SQLiteConnection.nativeExecuteForLastInsertedRowId(Native Method)
07-10 01:04:07.411 16924 21422 W NetworkScheduler: 	at android.database.sqlite.SQLiteConnection.executeForLastInsertedRowId(SQLiteConnection.java:1275)
07-10 01:04:07.411 16924 21422 W NetworkScheduler: 	at android.database.sqlite.SQLiteSession.executeForLastInsertedRowId(SQLiteSession.java:790)
07-10 01:04:07.411 16924 21422 W NetworkScheduler: 	at android.database.sqlite.SQLiteStatement.executeInsert(SQLiteStatement.java:89)
07-10 01:04:07.411 16924 21422 W NetworkScheduler: 	at android.database.sqlite.SQLiteDatabase.insertWithOnConflict(SQLiteDatabase.java:2410)
07-10 01:04:07.411 16924 21422 W NetworkScheduler: 	at android.database.sqlite.SQLiteDatabase.insertOrThrow(SQLiteDatabase.java:2305)
07-10 01:04:07.411 16924 21422 W NetworkScheduler: 	at cahd.f(:com.google.android.gms@232414044@23.24.14 (190400-544099984):59)
07-10 01:04:07.411 16924 21422 W NetworkScheduler: 	at cafx.n(:com.google.android.gms@232414044@23.24.14 (190400-544099984):3)
07-10 01:04:07.411 16924 21422 W NetworkScheduler: 	at cafx.u(:com.google.android.gms@232414044@23.24.14 (190400-544099984):20)
07-10 01:04:07.411 16924 21422 W NetworkScheduler: 	at cafx.h(:com.google.android.gms@232414044@23.24.14 (190400-544099984):3)
07-10 01:04:07.411 16924 21422 W NetworkScheduler: 	at cabp.run(:com.google.android.gms@232414044@23.24.14 (190400-544099984):9)
07-10 01:04:07.411 16924 21422 W NetworkScheduler: 	at acmg.c(:com.google.android.gms@232414044@23.24.14 (190400-544099984):6)
07-10 01:04:07.411 16924 21422 W NetworkScheduler: 	at acmg.run(:com.google.android.gms@232414044@23.24.14 (190400-544099984):7)
07-10 01:04:07.411 16924 21422 W NetworkScheduler: 	at java.util.concurrent.ThreadPoolExecutor.runWorker(ThreadPoolExecutor.java:1137)
07-10 01:04:07.411 16924 21422 W NetworkScheduler: 	at java.util.concurrent.ThreadPoolExecutor$Worker.run(ThreadPoolExecutor.java:637)
07-10 01:04:07.411 16924 21422 W NetworkScheduler: 	at acro.run(:com.google.android.gms@232414044@23.24.14 (190400-544099984):0)
07-10 01:04:07.411 16924 21422 W NetworkScheduler: 	at java.lang.Thread.run(Thread.java:1012)
07-10 01:04:07.426 21424 21502 E FA      : Name must start with a letter. Type, name: event param, _email
07-10 01:04:07.426 21424 21502 E FA      : Name must start with a letter. Type, name: event param, _segments_state
07-10 01:04:07.426 21424 21502 E FA      : Name must start with a letter. Type, name: event param, _session_type
07-10 01:04:07.479 21424 21502 E FA      : Name must start with a letter. Type, name: event param, _email
07-10 01:04:07.479 21424 21502 E FA      : Name must start with a letter. Type, name: event param, _segments_state
07-10 01:04:07.479 21424 21502 E FA      : Name must start with a letter. Type, name: event param, _session_type
07-10 01:04:07.480 16924 21421 W NetworkScheduler: Error inserting flex_time=554000 job_id=-1 period=1110000 source=16 requires_charging=0 preferred_network_type=1 target_class=com.google.android.gms.measurement.PackageMeasurementTaskService user_id=0 target_package=com.google.android.gms tag=Measurement.PackageMeasurementTaskService.UPLOAD_TASK_TAG task_type=0 required_idleness_state=0 service_kind=0 source_version=232414000 persistence_level=1 preferred_charging_state=1 required_network_type=0 runtime=1688943847465 retry_strategy={"maximum_backoff_seconds":{"3600":0},"initial_backoff_seconds":{"30":0},"retry_policy":{"0":0}} last_runtime=0 [CONTEXT service_id=218 ]
07-10 01:04:07.480 16924 21421 W NetworkScheduler: android.database.sqlite.SQLiteConstraintException: UNIQUE constraint failed: pending_ops.tag, pending_ops.target_class, pending_ops.target_package, pending_ops.user_id (code 2067 SQLITE_CONSTRAINT_UNIQUE[2067])
07-10 01:04:07.480 16924 21421 W NetworkScheduler: 	at android.database.sqlite.SQLiteConnection.nativeExecuteForLastInsertedRowId(Native Method)
07-10 01:04:07.480 16924 21421 W NetworkScheduler: 	at android.database.sqlite.SQLiteConnection.executeForLastInsertedRowId(SQLiteConnection.java:1275)
07-10 01:04:07.480 16924 21421 W NetworkScheduler: 	at android.database.sqlite.SQLiteSession.executeForLastInsertedRowId(SQLiteSession.java:790)
07-10 01:04:07.480 16924 21421 W NetworkScheduler: 	at android.database.sqlite.SQLiteStatement.executeInsert(SQLiteStatement.java:89)
07-10 01:04:07.480 16924 21421 W NetworkScheduler: 	at android.database.sqlite.SQLiteDatabase.insertWithOnConflict(SQLiteDatabase.java:2410)
07-10 01:04:07.480 16924 21421 W NetworkScheduler: 	at android.database.sqlite.SQLiteDatabase.insertOrThrow(SQLiteDatabase.java:2305)
07-10 01:04:07.480 16924 21421 W NetworkScheduler: 	at cahd.f(:com.google.android.gms@232414044@23.24.14 (190400-544099984):59)
07-10 01:04:07.480 16924 21421 W NetworkScheduler: 	at cafx.n(:com.google.android.gms@232414044@23.24.14 (190400-544099984):3)
07-10 01:04:07.480 16924 21421 W NetworkScheduler: 	at cafx.u(:com.google.android.gms@232414044@23.24.14 (190400-544099984):20)
07-10 01:04:07.480 16924 21421 W NetworkScheduler: 	at cafx.h(:com.google.android.gms@232414044@23.24.14 (190400-544099984):3)
07-10 01:04:07.480 16924 21421 W NetworkScheduler: 	at cabp.run(:com.google.android.gms@232414044@23.24.14 (190400-544099984):9)
07-10 01:04:07.480 16924 21421 W NetworkScheduler: 	at acmg.c(:com.google.android.gms@232414044@23.24.14 (190400-544099984):6)
07-10 01:04:07.480 16924 21421 W NetworkScheduler: 	at acmg.run(:com.google.android.gms@232414044@23.24.14 (190400-544099984):7)
07-10 01:04:07.480 16924 21421 W NetworkScheduler: 	at java.util.concurrent.ThreadPoolExecutor.runWorker(ThreadPoolExecutor.java:1137)
07-10 01:04:07.480 16924 21421 W NetworkScheduler: 	at java.util.concurrent.ThreadPoolExecutor$Worker.run(ThreadPoolExecutor.java:637)
07-10 01:04:07.480 16924 21421 W NetworkScheduler: 	at acro.run(:com.google.android.gms@232414044@23.24.14 (190400-544099984):0)
07-10 01:04:07.480 16924 21421 W NetworkScheduler: 	at java.lang.Thread.run(Thread.java:1012)
07-10 01:04:07.529 16924 21422 W NetworkScheduler: Error inserting flex_time=554000 job_id=-1 period=1110000 source=16 requires_charging=0 preferred_network_type=1 target_class=com.google.android.gms.measurement.PackageMeasurementTaskService user_id=0 target_package=com.google.android.gms tag=Measurement.PackageMeasurementTaskService.UPLOAD_TASK_TAG task_type=0 required_idleness_state=0 service_kind=0 source_version=232414000 persistence_level=1 preferred_charging_state=1 required_network_type=0 runtime=1688943847521 retry_strategy={"maximum_backoff_seconds":{"3600":0},"initial_backoff_seconds":{"30":0},"retry_policy":{"0":0}} last_runtime=0 [CONTEXT service_id=218 ]
07-10 01:04:07.529 16924 21422 W NetworkScheduler: android.database.sqlite.SQLiteConstraintException: UNIQUE constraint failed: pending_ops.tag, pending_ops.target_class, pending_ops.target_package, pending_ops.user_id (code 2067 SQLITE_CONSTRAINT_UNIQUE[2067])
07-10 01:04:07.529 16924 21422 W NetworkScheduler: 	at android.database.sqlite.SQLiteConnection.nativeExecuteForLastInsertedRowId(Native Method)
07-10 01:04:07.529 16924 21422 W NetworkScheduler: 	at android.database.sqlite.SQLiteConnection.executeForLastInsertedRowId(SQLiteConnection.java:1275)
07-10 01:04:07.529 16924 21422 W NetworkScheduler: 	at android.database.sqlite.SQLiteSession.executeForLastInsertedRowId(SQLiteSession.java:790)
07-10 01:04:07.529 16924 21422 W NetworkScheduler: 	at android.database.sqlite.SQLiteStatement.executeInsert(SQLiteStatement.java:89)
07-10 01:04:07.529 16924 21422 W NetworkScheduler: 	at android.database.sqlite.SQLiteDatabase.insertWithOnConflict(SQLiteDatabase.java:2410)
07-10 01:04:07.529 16924 21422 W NetworkScheduler: 	at android.database.sqlite.SQLiteDatabase.insertOrThrow(SQLiteDatabase.java:2305)
07-10 01:04:07.529 16924 21422 W NetworkScheduler: 	at cahd.f(:com.google.android.gms@232414044@23.24.14 (190400-544099984):59)
07-10 01:04:07.529 16924 21422 W NetworkScheduler: 	at cafx.n(:com.google.android.gms@232414044@23.24.14 (190400-544099984):3)
07-10 01:04:07.529 16924 21422 W NetworkScheduler: 	at cafx.u(:com.google.android.gms@232414044@23.24.14 (190400-544099984):20)
07-10 01:04:07.529 16924 21422 W NetworkScheduler: 	at cafx.h(:com.google.android.gms@232414044@23.24.14 (190400-544099984):3)
07-10 01:04:07.529 16924 21422 W NetworkScheduler: 	at cabp.run(:com.google.android.gms@232414044@23.24.14 (190400-544099984):9)
07-10 01:04:07.529 16924 21422 W NetworkScheduler: 	at acmg.c(:com.google.android.gms@232414044@23.24.14 (190400-544099984):6)
07-10 01:04:07.529 16924 21422 W NetworkScheduler: 	at acmg.run(:com.google.android.gms@232414044@23.24.14 (190400-544099984):7)
07-10 01:04:07.529 16924 21422 W NetworkScheduler: 	at java.util.concurrent.ThreadPoolExecutor.runWorker(ThreadPoolExecutor.java:1137)
07-10 01:04:07.529 16924 21422 W NetworkScheduler: 	at java.util.concurrent.ThreadPoolExecutor$Worker.run(ThreadPoolExecutor.java:637)
07-10 01:04:07.529 16924 21422 W NetworkScheduler: 	at acro.run(:com.google.android.gms@232414044@23.24.14 (190400-544099984):0)
07-10 01:04:07.529 16924 21422 W NetworkScheduler: 	at java.lang.Thread.run(Thread.java:1012)
07-10 01:04:07.566 21424 21502 E FA      : Name must start with a letter. Type, name: event param, _email
07-10 01:04:07.567 21424 21502 E FA      : Name must start with a letter. Type, name: event param, _segments_state
07-10 01:04:07.567 21424 21502 E FA      : Name must start with a letter. Type, name: event param, _session_type
07-10 01:04:07.612 16924 21247 W NetworkScheduler: Error inserting flex_time=554000 job_id=-1 period=1110000 source=16 requires_charging=0 preferred_network_type=1 target_class=com.google.android.gms.measurement.PackageMeasurementTaskService user_id=0 target_package=com.google.android.gms tag=Measurement.PackageMeasurementTaskService.UPLOAD_TASK_TAG task_type=0 required_idleness_state=0 service_kind=0 source_version=232414000 persistence_level=1 preferred_charging_state=1 required_network_type=0 runtime=1688943847607 retry_strategy={"maximum_backoff_seconds":{"3600":0},"initial_backoff_seconds":{"30":0},"retry_policy":{"0":0}} last_runtime=0 [CONTEXT service_id=218 ]
07-10 01:04:07.612 16924 21247 W NetworkScheduler: android.database.sqlite.SQLiteConstraintException: UNIQUE constraint failed: pending_ops.tag, pending_ops.target_class, pending_ops.target_package, pending_ops.user_id (code 2067 SQLITE_CONSTRAINT_UNIQUE[2067])
07-10 01:04:07.612 16924 21247 W NetworkScheduler: 	at android.database.sqlite.SQLiteConnection.nativeExecuteForLastInsertedRowId(Native Method)
07-10 01:04:07.612 16924 21247 W NetworkScheduler: 	at android.database.sqlite.SQLiteConnection.executeForLastInsertedRowId(SQLiteConnection.java:1275)
07-10 01:04:07.612 16924 21247 W NetworkScheduler: 	at android.database.sqlite.SQLiteSession.executeForLastInsertedRowId(SQLiteSession.java:790)
07-10 01:04:07.612 16924 21247 W NetworkScheduler: 	at android.database.sqlite.SQLiteStatement.executeInsert(SQLiteStatement.java:89)
07-10 01:04:07.612 16924 21247 W NetworkScheduler: 	at android.database.sqlite.SQLiteDatabase.insertWithOnConflict(SQLiteDatabase.java:2410)
07-10 01:04:07.612 16924 21247 W NetworkScheduler: 	at android.database.sqlite.SQLiteDatabase.insertOrThrow(SQLiteDatabase.java:2305)
07-10 01:04:07.612 16924 21247 W NetworkScheduler: 	at cahd.f(:com.google.android.gms@232414044@23.24.14 (190400-544099984):59)
07-10 01:04:07.612 16924 21247 W NetworkScheduler: 	at cafx.n(:com.google.android.gms@232414044@23.24.14 (190400-544099984):3)
07-10 01:04:07.612 16924 21247 W NetworkScheduler: 	at cafx.u(:com.google.android.gms@232414044@23.24.14 (190400-544099984):20)
07-10 01:04:07.612 16924 21247 W NetworkScheduler: 	at cafx.h(:com.google.android.gms@232414044@23.24.14 (190400-544099984):3)
07-10 01:04:07.612 16924 21247 W NetworkScheduler: 	at cabp.run(:com.google.android.gms@232414044@23.24.14 (190400-544099984):9)
07-10 01:04:07.612 16924 21247 W NetworkScheduler: 	at acmg.c(:com.google.android.gms@232414044@23.24.14 (190400-544099984):6)
07-10 01:04:07.612 16924 21247 W NetworkScheduler: 	at acmg.run(:com.google.android.gms@232414044@23.24.14 (190400-544099984):7)
07-10 01:04:07.612 16924 21247 W NetworkScheduler: 	at java.util.concurrent.ThreadPoolExecutor.runWorker(ThreadPoolExecutor.java:1137)
07-10 01:04:07.612 16924 21247 W NetworkScheduler: 	at java.util.concurrent.ThreadPoolExecutor$Worker.run(ThreadPoolExecutor.java:637)
07-10 01:04:07.612 16924 21247 W NetworkScheduler: 	at acro.run(:com.google.android.gms@232414044@23.24.14 (190400-544099984):0)
07-10 01:04:07.612 16924 21247 W NetworkScheduler: 	at java.lang.Thread.run(Thread.java:1012)
07-10 01:04:07.627 21424 21502 E FA      : Name must start with a letter. Type, name: event param, _email
07-10 01:04:07.627 21424 21502 E FA      : Name must start with a letter. Type, name: event param, _segments_state
07-10 01:04:07.627 21424 21502 E FA      : Name must start with a letter. Type, name: event param, _session_type
07-10 01:04:07.688 16924 21422 W NetworkScheduler: Error inserting flex_time=554000 job_id=-1 period=1110000 source=16 requires_charging=0 preferred_network_type=1 target_class=com.google.android.gms.measurement.PackageMeasurementTaskService user_id=0 target_package=com.google.android.gms tag=Measurement.PackageMeasurementTaskService.UPLOAD_TASK_TAG task_type=0 required_idleness_state=0 service_kind=0 source_version=232414000 persistence_level=1 preferred_charging_state=1 required_network_type=0 runtime=1688943847672 retry_strategy={"maximum_backoff_seconds":{"3600":0},"initial_backoff_seconds":{"30":0},"retry_policy":{"0":0}} last_runtime=0 [CONTEXT service_id=218 ]
07-10 01:04:07.688 16924 21422 W NetworkScheduler: android.database.sqlite.SQLiteConstraintException: UNIQUE constraint failed: pending_ops.tag, pending_ops.target_class, pending_ops.target_package, pending_ops.user_id (code 2067 SQLITE_CONSTRAINT_UNIQUE[2067])
07-10 01:04:07.688 16924 21422 W NetworkScheduler: 	at android.database.sqlite.SQLiteConnection.nativeExecuteForLastInsertedRowId(Native Method)
07-10 01:04:07.688 16924 21422 W NetworkScheduler: 	at android.database.sqlite.SQLiteConnection.executeForLastInsertedRowId(SQLiteConnection.java:1275)
07-10 01:04:07.688 16924 21422 W NetworkScheduler: 	at android.database.sqlite.SQLiteSession.executeForLastInsertedRowId(SQLiteSession.java:790)
07-10 01:04:07.688 16924 21422 W NetworkScheduler: 	at android.database.sqlite.SQLiteStatement.executeInsert(SQLiteStatement.java:89)
07-10 01:04:07.688 16924 21422 W NetworkScheduler: 	at android.database.sqlite.SQLiteDatabase.insertWithOnConflict(SQLiteDatabase.java:2410)
07-10 01:04:07.688 16924 21422 W NetworkScheduler: 	at android.database.sqlite.SQLiteDatabase.insertOrThrow(SQLiteDatabase.java:2305)
07-10 01:04:07.688 16924 21422 W NetworkScheduler: 	at cahd.f(:com.google.android.gms@232414044@23.24.14 (190400-544099984):59)
07-10 01:04:07.688 16924 21422 W NetworkScheduler: 	at cafx.n(:com.google.android.gms@232414044@23.24.14 (190400-544099984):3)
07-10 01:04:07.688 16924 21422 W NetworkScheduler: 	at cafx.u(:com.google.android.gms@232414044@23.24.14 (190400-544099984):20)
07-10 01:04:07.688 16924 21422 W NetworkScheduler: 	at cafx.h(:com.google.android.gms@232414044@23.24.14 (190400-544099984):3)
07-10 01:04:07.688 16924 21422 W NetworkScheduler: 	at cabp.run(:com.google.android.gms@232414044@23.24.14 (190400-544099984):9)
07-10 01:04:07.688 16924 21422 W NetworkScheduler: 	at acmg.c(:com.google.android.gms@232414044@23.24.14 (190400-544099984):6)
07-10 01:04:07.688 16924 21422 W NetworkScheduler: 	at acmg.run(:com.google.android.gms@232414044@23.24.14 (190400-544099984):7)
07-10 01:04:07.688 16924 21422 W NetworkScheduler: 	at java.util.concurrent.ThreadPoolExecutor.runWorker(ThreadPoolExecutor.java:1137)
07-10 01:04:07.688 16924 21422 W NetworkScheduler: 	at java.util.concurrent.ThreadPoolExecutor$Worker.run(ThreadPoolExecutor.java:637)
07-10 01:04:07.688 16924 21422 W NetworkScheduler: 	at acro.run(:com.google.android.gms@232414044@23.24.14 (190400-544099984):0)
07-10 01:04:07.688 16924 21422 W NetworkScheduler: 	at java.lang.Thread.run(Thread.java:1012)
07-10 01:04:07.691 21424 21502 E FA      : Name must start with a letter. Type, name: event param, _email
07-10 01:04:07.692 21424 21502 E FA      : Name must start with a letter. Type, name: event param, _segments_state
07-10 01:04:07.692 21424 21502 E FA      : Name must start with a letter. Type, name: event param, _session_type
07-10 01:04:07.772 16924 21247 W NetworkScheduler: Error inserting flex_time=554000 job_id=-1 period=1109000 source=16 requires_charging=0 preferred_network_type=1 target_class=com.google.android.gms.measurement.PackageMeasurementTaskService user_id=0 target_package=com.google.android.gms tag=Measurement.PackageMeasurementTaskService.UPLOAD_TASK_TAG task_type=0 required_idleness_state=0 service_kind=0 source_version=232414000 persistence_level=1 preferred_charging_state=1 required_network_type=0 runtime=1688943847759 retry_strategy={"maximum_backoff_seconds":{"3600":0},"initial_backoff_seconds":{"30":0},"retry_policy":{"0":0}} last_runtime=0 [CONTEXT service_id=218 ]
07-10 01:04:07.772 16924 21247 W NetworkScheduler: android.database.sqlite.SQLiteConstraintException: UNIQUE constraint failed: pending_ops.tag, pending_ops.target_class, pending_ops.target_package, pending_ops.user_id (code 2067 SQLITE_CONSTRAINT_UNIQUE[2067])
07-10 01:04:07.772 16924 21247 W NetworkScheduler: 	at android.database.sqlite.SQLiteConnection.nativeExecuteForLastInsertedRowId(Native Method)
07-10 01:04:07.772 16924 21247 W NetworkScheduler: 	at android.database.sqlite.SQLiteConnection.executeForLastInsertedRowId(SQLiteConnection.java:1275)
07-10 01:04:07.772 16924 21247 W NetworkScheduler: 	at android.database.sqlite.SQLiteSession.executeForLastInsertedRowId(SQLiteSession.java:790)
07-10 01:04:07.772 16924 21247 W NetworkScheduler: 	at android.database.sqlite.SQLiteStatement.executeInsert(SQLiteStatement.java:89)
07-10 01:04:07.772 16924 21247 W NetworkScheduler: 	at android.database.sqlite.SQLiteDatabase.insertWithOnConflict(SQLiteDatabase.java:2410)
07-10 01:04:07.772 16924 21247 W NetworkScheduler: 	at android.database.sqlite.SQLiteDatabase.insertOrThrow(SQLiteDatabase.java:2305)
07-10 01:04:07.772 16924 21247 W NetworkScheduler: 	at cahd.f(:com.google.android.gms@232414044@23.24.14 (190400-544099984):59)
07-10 01:04:07.772 16924 21247 W NetworkScheduler: 	at cafx.n(:com.google.android.gms@232414044@23.24.14 (190400-544099984):3)
07-10 01:04:07.772 16924 21247 W NetworkScheduler: 	at cafx.u(:com.google.android.gms@232414044@23.24.14 (190400-544099984):20)
07-10 01:04:07.772 16924 21247 W NetworkScheduler: 	at cafx.h(:com.google.android.gms@232414044@23.24.14 (190400-544099984):3)
07-10 01:04:07.772 16924 21247 W NetworkScheduler: 	at cabp.run(:com.google.android.gms@232414044@23.24.14 (190400-544099984):9)
07-10 01:04:07.772 16924 21247 W NetworkScheduler: 	at acmg.c(:com.google.android.gms@232414044@23.24.14 (190400-544099984):6)
07-10 01:04:07.772 16924 21247 W NetworkScheduler: 	at acmg.run(:com.google.android.gms@232414044@23.24.14 (190400-544099984):7)
07-10 01:04:07.772 16924 21247 W NetworkScheduler: 	at java.util.concurrent.ThreadPoolExecutor.runWorker(ThreadPoolExecutor.java:1137)
07-10 01:04:07.772 16924 21247 W NetworkScheduler: 	at java.util.concurrent.ThreadPoolExecutor$Worker.run(ThreadPoolExecutor.java:637)
07-10 01:04:07.772 16924 21247 W NetworkScheduler: 	at acro.run(:com.google.android.gms@232414044@23.24.14 (190400-544099984):0)
07-10 01:04:07.772 16924 21247 W NetworkScheduler: 	at java.lang.Thread.run(Thread.java:1012)
07-10 01:04:07.790 21424 21502 E FA      : Name must start with a letter. Type, name: event param, _email
07-10 01:04:07.790 21424 21502 E FA      : Name must start with a letter. Type, name: event param, _segments_state
07-10 01:04:07.791 21424 21502 E FA      : Name must start with a letter. Type, name: event param, _session_type
07-10 01:04:07.796 21424 21436 W System  : A resource failed to call ContentProviderClient.close.
07-10 01:04:07.796 21424 21436 W System  : A resource failed to call ContentProviderClient.close.
07-10 01:04:07.796 21424 21436 W System  : A resource failed to call ContentProviderClient.close.
07-10 01:04:07.796 21424 21436 W System  : A resource failed to call ContentProviderClient.close.
07-10 01:04:07.797 21424 21436 W System  : A resource failed to call ContentProviderClient.close.
07-10 01:04:07.797 21424 21436 W System  : A resource failed to call ContentProviderClient.close.
07-10 01:04:07.797 21424 21436 W System  : A resource failed to call ContentProviderClient.close.
07-10 01:04:07.797 21424 21436 W System  : A resource failed to call ContentProviderClient.close.
07-10 01:04:07.797 21424 21436 W System  : A resource failed to call ContentProviderClient.close.
07-10 01:04:07.797 21424 21436 W System  : A resource failed to call ContentProviderClient.close.
07-10 01:04:07.798 21424 21436 W System  : A resource failed to call ContentProviderClient.close.
07-10 01:04:07.798 21424 21436 W System  : A resource failed to call ContentProviderClient.close.
07-10 01:04:07.798 21424 21436 W System  : A resource failed to call ContentProviderClient.close.
07-10 01:04:07.798 21424 21436 W System  : A resource failed to call ContentProviderClient.close.
07-10 01:04:07.799 21424 21436 W System  : A resource failed to call ContentProviderClient.close.
07-10 01:04:07.799 21424 21436 W System  : A resource failed to call ContentProviderClient.close.
07-10 01:04:07.799 21424 21436 W System  : A resource failed to call ContentProviderClient.close.
07-10 01:04:07.800 21424 21436 W System  : A resource failed to call ContentProviderClient.close.
07-10 01:04:07.800 21424 21436 W System  : A resource failed to call ContentProviderClient.close.
07-10 01:04:07.800 21424 21436 W System  : A resource failed to call ContentProviderClient.close.
07-10 01:04:07.800 21424 21436 W System  : A resource failed to call ContentProviderClient.close.
07-10 01:04:07.801 21424 21436 W System  : A resource failed to call ContentProviderClient.close.
07-10 01:04:07.801 21424 21436 W System  : A resource failed to call ContentProviderClient.close.
07-10 01:04:07.801 21424 21436 W System  : A resource failed to call ContentProviderClient.close.
07-10 01:04:07.865 16924 21421 W NetworkScheduler: Error inserting flex_time=554000 job_id=-1 period=1109000 source=16 requires_charging=0 preferred_network_type=1 target_class=com.google.android.gms.measurement.PackageMeasurementTaskService user_id=0 target_package=com.google.android.gms tag=Measurement.PackageMeasurementTaskService.UPLOAD_TASK_TAG task_type=0 required_idleness_state=0 service_kind=0 source_version=232414000 persistence_level=1 preferred_charging_state=1 required_network_type=0 runtime=1688943847854 retry_strategy={"maximum_backoff_seconds":{"3600":0},"initial_backoff_seconds":{"30":0},"retry_policy":{"0":0}} last_runtime=0 [CONTEXT service_id=218 ]
07-10 01:04:07.865 16924 21421 W NetworkScheduler: android.database.sqlite.SQLiteConstraintException: UNIQUE constraint failed: pending_ops.tag, pending_ops.target_class, pending_ops.target_package, pending_ops.user_id (code 2067 SQLITE_CONSTRAINT_UNIQUE[2067])
07-10 01:04:07.865 16924 21421 W NetworkScheduler: 	at android.database.sqlite.SQLiteConnection.nativeExecuteForLastInsertedRowId(Native Method)
07-10 01:04:07.865 16924 21421 W NetworkScheduler: 	at android.database.sqlite.SQLiteConnection.executeForLastInsertedRowId(SQLiteConnection.java:1275)
07-10 01:04:07.865 16924 21421 W NetworkScheduler: 	at android.database.sqlite.SQLiteSession.executeForLastInsertedRowId(SQLiteSession.java:790)
07-10 01:04:07.865 16924 21421 W NetworkScheduler: 	at android.database.sqlite.SQLiteStatement.executeInsert(SQLiteStatement.java:89)
07-10 01:04:07.865 16924 21421 W NetworkScheduler: 	at android.database.sqlite.SQLiteDatabase.insertWithOnConflict(SQLiteDatabase.java:2410)
07-10 01:04:07.865 16924 21421 W NetworkScheduler: 	at android.database.sqlite.SQLiteDatabase.insertOrThrow(SQLiteDatabase.java:2305)
07-10 01:04:07.865 16924 21421 W NetworkScheduler: 	at cahd.f(:com.google.android.gms@232414044@23.24.14 (190400-544099984):59)
07-10 01:04:07.865 16924 21421 W NetworkScheduler: 	at cafx.n(:com.google.android.gms@232414044@23.24.14 (190400-544099984):3)
07-10 01:04:07.865 16924 21421 W NetworkScheduler: 	at cafx.u(:com.google.android.gms@232414044@23.24.14 (190400-544099984):20)
07-10 01:04:07.865 16924 21421 W NetworkScheduler: 	at cafx.h(:com.google.android.gms@232414044@23.24.14 (190400-544099984):3)
07-10 01:04:07.865 16924 21421 W NetworkScheduler: 	at cabp.run(:com.google.android.gms@232414044@23.24.14 (190400-544099984):9)
07-10 01:04:07.865 16924 21421 W NetworkScheduler: 	at acmg.c(:com.google.android.gms@232414044@23.24.14 (190400-544099984):6)
07-10 01:04:07.865 16924 21421 W NetworkScheduler: 	at acmg.run(:com.google.android.gms@232414044@23.24.14 (190400-544099984):7)
07-10 01:04:07.865 16924 21421 W NetworkScheduler: 	at java.util.concurrent.ThreadPoolExecutor.runWorker(ThreadPoolExecutor.java:1137)
07-10 01:04:07.865 16924 21421 W NetworkScheduler: 	at java.util.concurrent.ThreadPoolExecutor$Worker.run(ThreadPoolExecutor.java:637)
07-10 01:04:07.865 16924 21421 W NetworkScheduler: 	at acro.run(:com.google.android.gms@232414044@23.24.14 (190400-544099984):0)
07-10 01:04:07.865 16924 21421 W NetworkScheduler: 	at java.lang.Thread.run(Thread.java:1012)
07-10 01:04:07.867  5262  5262 E audit   : type=1400 audit(1688943847.861:69667): avc:  denied  { getattr } for  pid=5674 comm="BinderProcsColl" path="/sys/kernel/debug/binder/proc/5674" dev="debugfs" ino=32119 scontext=u:r:system_server:s0 tcontext=u:object_r:sec_debugfs:s0 tclass=file permissive=0 SEPF_SM-A515F_13_0001 audit_filtered
07-10 01:04:07.867  5262  5262 E audit   : type=1300 audit(1688943847.861:69667): arch=c00000b7 syscall=79 success=no exit=-13 a0=ffffff9c a1=7ad28a4d00 a2=79df9bd680 a3=0 items=0 ppid=5287 pid=5674 auid=4294967295 uid=1000 gid=1000 euid=1000 suid=1000 fsuid=1000 egid=1000 sgid=1000 fsgid=1000 tty=(none) ses=4294967295 comm="BinderProcsColl" exe="/system/bin/app_process64" subj=u:r:system_server:s0 key=(null)
07-10 01:04:07.867  5262  5262 E audit   : type=1327 audit(1688943847.861:69667): proctitle="system_server"
07-10 01:04:07.868 21424 21502 E FA      : Name must start with a letter. Type, name: event param, _email
07-10 01:04:07.869 21424 21502 E FA      : Name must start with a letter. Type, name: event param, _segments_state
07-10 01:04:07.869 21424 21502 E FA      : Name must start with a letter. Type, name: event param, _session_type
07-10 01:04:07.916 16924 21247 W NetworkScheduler: Error inserting flex_time=554000 job_id=-1 period=1109000 source=16 requires_charging=0 preferred_network_type=1 target_class=com.google.android.gms.measurement.PackageMeasurementTaskService user_id=0 target_package=com.google.android.gms tag=Measurement.PackageMeasurementTaskService.UPLOAD_TASK_TAG task_type=0 required_idleness_state=0 service_kind=0 source_version=232414000 persistence_level=1 preferred_charging_state=1 required_network_type=0 runtime=1688943847911 retry_strategy={"maximum_backoff_seconds":{"3600":0},"initial_backoff_seconds":{"30":0},"retry_policy":{"0":0}} last_runtime=0 [CONTEXT service_id=218 ]
07-10 01:04:07.916 16924 21247 W NetworkScheduler: android.database.sqlite.SQLiteConstraintException: UNIQUE constraint failed: pending_ops.tag, pending_ops.target_class, pending_ops.target_package, pending_ops.user_id (code 2067 SQLITE_CONSTRAINT_UNIQUE[2067])
07-10 01:04:07.916 16924 21247 W NetworkScheduler: 	at android.database.sqlite.SQLiteConnection.nativeExecuteForLastInsertedRowId(Native Method)
07-10 01:04:07.916 16924 21247 W NetworkScheduler: 	at android.database.sqlite.SQLiteConnection.executeForLastInsertedRowId(SQLiteConnection.java:1275)
07-10 01:04:07.916 16924 21247 W NetworkScheduler: 	at android.database.sqlite.SQLiteSession.executeForLastInsertedRowId(SQLiteSession.java:790)
07-10 01:04:07.916 16924 21247 W NetworkScheduler: 	at android.database.sqlite.SQLiteStatement.executeInsert(SQLiteStatement.java:89)
07-10 01:04:07.916 16924 21247 W NetworkScheduler: 	at android.database.sqlite.SQLiteDatabase.insertWithOnConflict(SQLiteDatabase.java:2410)
07-10 01:04:07.916 16924 21247 W NetworkScheduler: 	at android.database.sqlite.SQLiteDatabase.insertOrThrow(SQLiteDatabase.java:2305)
07-10 01:04:07.916 16924 21247 W NetworkScheduler: 	at cahd.f(:com.google.android.gms@232414044@23.24.14 (190400-544099984):59)
07-10 01:04:07.916 16924 21247 W NetworkScheduler: 	at cafx.n(:com.google.android.gms@232414044@23.24.14 (190400-544099984):3)
07-10 01:04:07.916 16924 21247 W NetworkScheduler: 	at cafx.u(:com.google.android.gms@232414044@23.24.14 (190400-544099984):20)
07-10 01:04:07.916 16924 21247 W NetworkScheduler: 	at cafx.h(:com.google.android.gms@232414044@23.24.14 (190400-544099984):3)
07-10 01:04:07.916 16924 21247 W NetworkScheduler: 	at cabp.run(:com.google.android.gms@232414044@23.24.14 (190400-544099984):9)
07-10 01:04:07.916 16924 21247 W NetworkScheduler: 	at acmg.c(:com.google.android.gms@232414044@23.24.14 (190400-544099984):6)
07-10 01:04:07.916 16924 21247 W NetworkScheduler: 	at acmg.run(:com.google.android.gms@232414044@23.24.14 (190400-544099984):7)
07-10 01:04:07.916 16924 21247 W NetworkScheduler: 	at java.util.concurrent.ThreadPoolExecutor.runWorker(ThreadPoolExecutor.java:1137)
07-10 01:04:07.916 16924 21247 W NetworkScheduler: 	at java.util.concurrent.ThreadPoolExecutor$Worker.run(ThreadPoolExecutor.java:637)
07-10 01:04:07.916 16924 21247 W NetworkScheduler: 	at acro.run(:com.google.android.gms@232414044@23.24.14 (190400-544099984):0)
07-10 01:04:07.916 16924 21247 W NetworkScheduler: 	at java.lang.Thread.run(Thread.java:1012)
07-10 01:04:07.971 16924 21422 W NetworkScheduler: Error inserting flex_time=554000 job_id=-1 period=1109000 source=16 requires_charging=0 preferred_network_type=1 target_class=com.google.android.gms.measurement.PackageMeasurementTaskService user_id=0 target_package=com.google.android.gms tag=Measurement.PackageMeasurementTaskService.UPLOAD_TASK_TAG task_type=0 required_idleness_state=0 service_kind=0 source_version=232414000 persistence_level=1 preferred_charging_state=1 required_network_type=0 runtime=1688943847954 retry_strategy={"maximum_backoff_seconds":{"3600":0},"initial_backoff_seconds":{"30":0},"retry_policy":{"0":0}} last_runtime=0 [CONTEXT service_id=218 ]
07-10 01:04:07.971 16924 21422 W NetworkScheduler: android.database.sqlite.SQLiteConstraintException: UNIQUE constraint failed: pending_ops.tag, pending_ops.target_class, pending_ops.target_package, pending_ops.user_id (code 2067 SQLITE_CONSTRAINT_UNIQUE[2067])
07-10 01:04:07.971 16924 21422 W NetworkScheduler: 	at android.database.sqlite.SQLiteConnection.nativeExecuteForLastInsertedRowId(Native Method)
07-10 01:04:07.971 16924 21422 W NetworkScheduler: 	at android.database.sqlite.SQLiteConnection.executeForLastInsertedRowId(SQLiteConnection.java:1275)
07-10 01:04:07.971 16924 21422 W NetworkScheduler: 	at android.database.sqlite.SQLiteSession.executeForLastInsertedRowId(SQLiteSession.java:790)
07-10 01:04:07.971 16924 21422 W NetworkScheduler: 	at android.database.sqlite.SQLiteStatement.executeInsert(SQLiteStatement.java:89)
07-10 01:04:07.971 16924 21422 W NetworkScheduler: 	at android.database.sqlite.SQLiteDatabase.insertWithOnConflict(SQLiteDatabase.java:2410)
07-10 01:04:07.971 16924 21422 W NetworkScheduler: 	at android.database.sqlite.SQLiteDatabase.insertOrThrow(SQLiteDatabase.java:2305)
07-10 01:04:07.971 16924 21422 W NetworkScheduler: 	at cahd.f(:com.google.android.gms@232414044@23.24.14 (190400-544099984):59)
07-10 01:04:07.971 16924 21422 W NetworkScheduler: 	at cafx.n(:com.google.android.gms@232414044@23.24.14 (190400-544099984):3)
07-10 01:04:07.971 16924 21422 W NetworkScheduler: 	at cafx.u(:com.google.android.gms@232414044@23.24.14 (190400-544099984):20)
07-10 01:04:07.971 16924 21422 W NetworkScheduler: 	at cafx.h(:com.google.android.gms@232414044@23.24.14 (190400-544099984):3)
07-10 01:04:07.971 16924 21422 W NetworkScheduler: 	at cabp.run(:com.google.android.gms@232414044@23.24.14 (190400-544099984):9)
07-10 01:04:07.971 16924 21422 W NetworkScheduler: 	at acmg.c(:com.google.android.gms@232414044@23.24.14 (190400-544099984):6)
07-10 01:04:07.971 16924 21422 W NetworkScheduler: 	at acmg.run(:com.google.android.gms@232414044@23.24.14 (190400-544099984):7)
07-10 01:04:07.971 16924 21422 W NetworkScheduler: 	at java.util.concurrent.ThreadPoolExecutor.runWorker(ThreadPoolExecutor.java:1137)
07-10 01:04:07.971 16924 21422 W NetworkScheduler: 	at java.util.concurrent.ThreadPoolExecutor$Worker.run(ThreadPoolExecutor.java:637)
07-10 01:04:07.971 16924 21422 W NetworkScheduler: 	at acro.run(:com.google.android.gms@232414044@23.24.14 (190400-544099984):0)
07-10 01:04:07.971 16924 21422 W NetworkScheduler: 	at java.lang.Thread.run(Thread.java:1012)
07-10 01:04:08.068  5674  7726 D SemWifiUsabilityStatsMonitor: onWifiUsabilityStats - seqNum 21506, isSameBssidAndFreq true
07-10 01:04:08.070  5674  6128 I SemWifiLinkQualityMonitor: Link Qos Query: 0.025 ms / 325.000 Mbps (325 / 0.000 / 1.000)
07-10 01:04:08.324 16924 16924 D BoundBrokerSvc: onUnbind: Intent { act=com.google.android.gms.common.telemetry.service.START dat=chimera-action:/... cmp=com.google.android.gms/.chimera.PersistentApiService }
07-10 01:04:11.113  5674  7726 D SemWifiUsabilityStatsMonitor: onWifiUsabilityStats - seqNum 21507, isSameBssidAndFreq true
07-10 01:04:11.115  5674  6128 I SemWifiLinkQualityMonitor: Link Qos Query: 0.041 ms / 195.000 Mbps (390 / 0.000 / 2.000)
07-10 01:04:12.336  9837 10033 I SemDvfsHyPerManager: acquire hyper - SIOP_GPU_FREQ_MAX/9837@4, type = 536875010
07-10 01:04:12.338  5313  5394 I HYPER-HAL: [RequestManager.cpp]acquire(): Acquired ID : 48427565  [9837 / 4]    HINT :      list : [GPUMaxFreq / 683000]
07-10 01:04:12.339  9837 10033 I SemDvfsHyPerManager: acquire hyper - SIOP_ARM_MAX/9837@2, type = 301993986
07-10 01:04:12.340  5313  5394 I HYPER-HAL: [RequestManager.cpp]acquire(): Acquired ID : 48407882  [9837 / 2]    HINT :      list : [CPUMaxFreq / 1976000]
07-10 01:04:13.097 29789 29789 D BoundBrokerSvc: onUnbind: Intent { act=com.google.android.gms.appset.service.START dat=chimera-action:/... cmp=com.google.android.gms/.chimera.GmsApiService }
07-10 01:04:13.495  6461  6461 D NetworkController.WifiSignalController: notifyListener: visible=true, connected=true, inetCondition=1, isDefault=true, wifiTestReported=true, receivedInetCondition=-1, hideDuringMobileSwitching=false
07-10 01:04:13.497  6461  6566 D Tile.WifiTile: handleUpdateState isTransient=false transientEnabling =false cb.isTransient=false state.state = 2 mStateBeforeClick.value =false enabled =true
07-10 01:04:13.505  6461  6461 D MobileSignalController(0/1): notifyListener: enabled=true, connected=true, dataConnected=false, networkType=LTE (4G), emergencyOnly=false, roaming=true, isDefault=false, dataActivity=, level=1, ca=false, mmWave=false, disabledDataIcon=false, simCard=ETC
07-10 01:04:13.506  6461  6461 D MobileSignalController(1/2): notifyListener: enabled=true, connected=true, dataConnected=false, networkType=LTE (4G), emergencyOnly=false, roaming=false, isDefault=false, dataActivity=, level=1, ca=false, mmWave=false, disabledDataIcon=false, simCard=ETC
07-10 01:04:13.509  6461  6566 D Tile.WifiTile: handleUpdateState isTransient=false transientEnabling =false cb.isTransient=false state.state = 2 mStateBeforeClick.value =false enabled =true
07-10 01:04:13.738  5674  5674 D SemWifiP2pGoPowerSave: GopsReceiver : received : com.samsung.intent.action.CHECK_SIOP_LEVEL
07-10 01:04:13.739  5674  5674 I SemWifiP2pGoPowerSave: siop_level = 0
07-10 01:04:13.744 31802 32077 I SystemBroadcastReceiver: [#CMH#] onReceive completed :  0
07-10 01:04:13.745 31802 31802 I PolicyManager: [#CMH#] onReceive action = EVENT_SIOP
07-10 01:04:14.172  5674  7726 D SemWifiUsabilityStatsMonitor: onWifiUsabilityStats - seqNum 21508, isSameBssidAndFreq true
07-10 01:04:14.176  5674  6128 I SemWifiLinkQualityMonitor: Link Qos Query: 0.046 ms / 175.000 Mbps (325 / 0.000 / 1.857)
07-10 01:04:15.753 31802 32118 I PolicyManager: [#CMH#] Is foreground game app: false
07-10 01:04:15.858 31802 32118 I ControllerUtils: [#CMH#] StoryService:  9, isNonJustShotRunningPossible: false, isStopHeavyTask: true
07-10 01:04:15.917 31802 32118 I ControllerUtils: [#CMH#] IPService:  5, isNonJustShotRunningPossible: false, isStopHeavyTask: true
07-10 01:04:15.976 31802 32118 I ControllerUtils: [#CMH#] FaceService:  2, isNonJustShotRunningPossible: false, isStopHeavyTask: true
07-10 01:04:16.408 16924 16924 D BoundBrokerSvc: onUnbind: Intent { act=com.google.android.gms.presencemanager.service.START dat=chimera-action:/... cmp=com.google.android.gms/.chimera.PersistentApiService }
07-10 01:04:16.415 16924 16924 D BoundBrokerSvc: onUnbind: Intent { act=com.google.android.gms.presencemanager.service.INTERNAL_IDENTITY dat=chimera-action:/... cmp=com.google.android.gms/.chimera.PersistentApiService }
07-10 01:04:17.228  5674  7726 D SemWifiUsabilityStatsMonitor: onWifiUsabilityStats - seqNum 21509, isSameBssidAndFreq true
07-10 01:04:17.234  5674  6128 I SemWifiLinkQualityMonitor: Link Qos Query: 0.046 ms / 175.000 Mbps (325 / 0.000 / 1.857)
07-10 01:04:17.235  6461  6461 D NetworkController.WifiSignalController: notifyListener: visible=true, connected=true, inetCondition=1, isDefault=true, wifiTestReported=true, receivedInetCondition=-1, hideDuringMobileSwitching=false
07-10 01:04:17.933 29789 29789 D BoundBrokerSvc: onUnbind: Intent { act=com.google.android.gms.measurement.START pkg=com.google.android.gms }
07-10 01:04:20.285  5674  7726 D SemWifiUsabilityStatsMonitor: onWifiUsabilityStats - seqNum 21510, isSameBssidAndFreq true
07-10 01:04:20.288  5674  6128 I SemWifiLinkQualityMonitor: Link Qos Query: 0.046 ms / 175.000 Mbps (325 / 0.000 / 1.857)
07-10 01:04:22.023  5674  6164 D WifiConnectivityMonitor: Stop WCM Poll. cnt : 9
07-10 01:04:23.342  5674  7726 D SemWifiUsabilityStatsMonitor: onWifiUsabilityStats - seqNum 21511, isSameBssidAndFreq true
07-10 01:04:23.345  5674  6128 I SemWifiLinkQualityMonitor: Link Qos Query: 0.046 ms / 175.000 Mbps (325 / 0.000 / 1.857)
07-10 01:04:26.416  5674  7726 D SemWifiUsabilityStatsMonitor: onWifiUsabilityStats - seqNum 21512, isSameBssidAndFreq true
07-10 01:04:26.421  6461  6461 D NetworkController.WifiSignalController: notifyListener: visible=true, connected=true, inetCondition=1, isDefault=true, wifiTestReported=true, receivedInetCondition=-1, hideDuringMobileSwitching=false
07-10 01:04:26.420  5674  6128 I SemWifiLinkQualityMonitor: Link Qos Query: 0.041 ms / 195.000 Mbps (390 / 0.000 / 2.000)
07-10 01:04:26.576 21179 21718 I SCS@AiSearch user 0: (JobServiceLoggingWorker) [androidx.work-3] entering in doWork():
07-10 01:04:26.584 21179 21718 I SCS@AiSearch user 0: (JobServiceLoggingWorker) JobService Information:
07-10 01:04:26.584 21179 21718 I SCS@AiSearch user 0: JobId = 206218, WorkId = a865f86a-117f-40bd-9bca-ee73ee3b2b8e, triggerUri = content://media/external/file
07-10 01:04:26.584 21179 21718 I SCS@AiSearch user 0: JobId = 205982, WorkId = 085f16ef-b0db-4b16-b5e2-778ac8203bc6, triggerUri = content://call_log
07-10 01:04:26.584 21179 21718 I SCS@AiSearch user 0: JobId = 205816, WorkId = 679c2bdc-18c5-4d72-9914-8323e449c6b2, triggerUri = content://com.android.contacts/contacts
07-10 01:04:26.584 21179 21718 I SCS@AiSearch user 0: JobId = 205815, WorkId = 598353f6-26e8-4e3e-bfbb-e612bed8285c, triggerUri = content://com.samsung.android.app.reminder
07-10 01:04:26.584 21179 21718 I SCS@AiSearch user 0: JobId = 205819, WorkId = 4b79778b-ee88-4519-9172-558456c2b019, triggerUri = content://com.android.calendar/events
07-10 01:04:26.584 21179 21718 I SCS@AiSearch user 0: JobId = 205813, WorkId = 1e8a29b3-515e-4b98-929c-c0c46d8bec78, triggerUri = content://com.android.calendar/syncTasks
07-10 01:04:26.584 21179 21718 I SCS@AiSearch user 0: JobId = 205825, WorkId = 1aca42bd-a6ae-412f-b0e2-87ff609c77d1, triggerUri = content://secmedia/video/media
07-10 01:04:26.588 21179 21718 I SCS@AiSearch user 0: (JobServiceLoggingWorker) [androidx.work-3] leaving from doWork():
07-10 01:04:26.590 21179 21253 I WM-WorkerWrapper: Worker result SUCCESS for Work [ id=0cb171c1-a4fa-42cd-b506-e88e207b236f, tags={ com.samsung.android.scs.ai.search.scheduling.workers.JobServiceLoggingWorker, JobServiceLoggingWorker } ]
07-10 01:04:26.994 31135 32652 I native  : I0000 00:00:1688943866.993590   32652 soda_async_impl.cc:1540] Current audio timestamp: 1688943866620242
07-10 01:04:28.251 31135 31460 I A       : (REDACTED) #onAudioData: %s bytes, getAudioReadSize %s
07-10 01:04:29.143 30967 31717 I ContactsProvider_EventLog: cp_s: [CONTACT con(158) dat(1091) acc({sim(3)=15, sec(6)=1, sim2(4)=1, google(2)=81, org.telegram.messenger(236)=100, com.whatsapp(14)=41}) calls([logtype:100 cnt:877, logtype:200 cnt:5, logtype:300 cnt:495, logtype:1000 cnt:632, logtype:1150 cnt:161]) Iso(RS) uId(0) ]
07-10 01:04:29.143 30967 31717 I ContactsProvider_EventLog: cp_s: [ agr({[2 ,2 ,14 ,236]=1, [2 ,14 ,236]=32, [3]=15, [14]=1, [4]=1, [2 ,14]=4, [2 ,2]=2, [2]=34, [6 ,14]=1, [2 ,236]=3, [236]=62, [2 ,236 ,14]=2}) ]
07-10 01:04:29.143 30967 31717 I ContactsProvider_EventLog: cp_s: [ cnt({acore(30967)=1}) ]
07-10 01:04:29.143 30967 31717 I ContactsProvider_EventLog: cp_s: [PROFILE con(1) dat(1) acc({vnd.sec.contact.phone=1}) ] [SAPROFILE ]
07-10 01:04:29.143 30967 31717 I ContactsProvider_EventLog: cp_s: [STATE R(T) ]
07-10 01:04:29.455  5674  7726 D SemWifiUsabilityStatsMonitor: onWifiUsabilityStats - seqNum 21513, isSameBssidAndFreq true
07-10 01:04:29.460  5674  6128 I SemWifiLinkQualityMonitor: Link Qos Query: 0.041 ms / 195.000 Mbps (390 / 0.000 / 2.000)
07-10 01:04:29.461  6461  6461 D NetworkController.WifiSignalController: notifyListener: visible=true, connected=true, inetCondition=1, isDefault=true, wifiTestReported=true, receivedInetCondition=-1, hideDuringMobileSwitching=false
07-10 01:04:30.378  5325  5325 E sehhealth-service: Could not open /sys/class/power_supply/battery/lrp
07-10 01:04:30.508  6461  6566 D TileLifecycleManager: onStopListening
07-10 01:04:32.519  5674  7726 D SemWifiUsabilityStatsMonitor: onWifiUsabilityStats - seqNum 21514, isSameBssidAndFreq true
07-10 01:04:32.524  5674  6128 I SemWifiLinkQualityMonitor: Link Qos Query: 0.041 ms / 195.000 Mbps (390 / 0.000 / 2.000)
07-10 01:04:32.524  6461  6461 D NetworkController.WifiSignalController: notifyListener: visible=true, connected=true, inetCondition=1, isDefault=true, wifiTestReported=true, receivedInetCondition=-1, hideDuringMobileSwitching=false
07-10 01:04:34.111 31135 31148 I hbox:interactor: Background concurrent copying GC freed 77345(7406KB) AllocSpace objects, 0(0B) LOS objects, 49% free, 7506KB/14MB, paused 359us,82us total 140.129ms
07-10 01:04:34.356  6461  6566 D MobileStatusTracker(1/2): onSignalStrengthsChanged level=2, vendorLevel=1
07-10 01:04:34.365  6461  6566 D MobileSignalController(1/2): notifyListener: enabled=true, connected=true, dataConnected=false, networkType=LTE (4G), emergencyOnly=false, roaming=false, isDefault=false, dataActivity=, level=1, ca=false, mmWave=false, disabledDataIcon=false, simCard=ETC
07-10 01:04:34.365  6461  6566 D NetworkController: SignalStrength from intent slotId=1
07-10 01:04:34.695  5674  6523 D PackageManager: setEnabledSetting : userId = 0 packageName = com.Slack cmp = androidx.work.impl.background.systemalarm.RescheduleReceiver newState = 1 callingPackage = 10329/com.Slack
07-10 01:04:34.696  5674  6523 D ApplicationPolicy: getApplicationStateEnabled : pkg = com.Slack userId : 0
07-10 01:04:34.698  5674  6523 D ApplicationPolicy: getApplicationComponentState : pkg = com.Slack userId : 0
07-10 01:04:34.721  5353  5543 V APM_AudioPolicyManager: setAppState(portId:1005, state:1)
07-10 01:04:34.721  5674  5745 W libprocessgroup: Failed to open /dev/blkio//cgroup.procs: No such file or directory
