07-10 01:10:35.278 31102 22505 W ProxyAndroidLoggerBackend: Too many Flogger logs received before configuration. Dropping old logs.
07-10 01:10:35.279 31102 22505 W ProxyAndroidLoggerBackend: Too many Flogger logs received before configuration. Dropping old logs.
07-10 01:10:35.279 31102 22505 W ProxyAndroidLoggerBackend: Too many Flogger logs received before configuration. Dropping old logs.
07-10 01:10:35.280 31102 22505 W ProxyAndroidLoggerBackend: Too many Flogger logs received before configuration. Dropping old logs.
07-10 01:10:35.280 31102 22505 W ProxyAndroidLoggerBackend: Too many Flogger logs received before configuration. Dropping old logs.
07-10 01:10:35.281 31102 22505 W ProxyAndroidLoggerBackend: Too many Flogger logs received before configuration. Dropping old logs.
07-10 01:10:35.281 31102 22505 W ProxyAndroidLoggerBackend: Too many Flogger logs received before configuration. Dropping old logs.
07-10 01:10:35.282 31102 22505 W ProxyAndroidLoggerBackend: Too many Flogger logs received before configuration. Dropping old logs.
07-10 01:10:35.282 31102 22505 W ProxyAndroidLoggerBackend: Too many Flogger logs received before configuration. Dropping old logs.
07-10 01:10:35.283 31102 22505 W ProxyAndroidLoggerBackend: Too many Flogger logs received before configuration. Dropping old logs.
07-10 01:10:35.283 31102 22505 W ProxyAndroidLoggerBackend: Too many Flogger logs received before configuration. Dropping old logs.
07-10 01:10:35.283 31102 22505 W ProxyAndroidLoggerBackend: Too many Flogger logs received before configuration. Dropping old logs.
07-10 01:10:35.284 31102 22505 W ProxyAndroidLoggerBackend: Too many Flogger logs received before configuration. Dropping old logs.
07-10 01:10:35.284 31102 22505 W ProxyAndroidLoggerBackend: Too many Flogger logs received before configuration. Dropping old logs.
07-10 01:10:35.285 31102 22505 W ProxyAndroidLoggerBackend: Too many Flogger logs received before configuration. Dropping old logs.
07-10 01:10:35.285 31102 22505 W ProxyAndroidLoggerBackend: Too many Flogger logs received before configuration. Dropping old logs.
07-10 01:10:35.286 31102 22505 W ProxyAndroidLoggerBackend: Too many Flogger logs received before configuration. Dropping old logs.
07-10 01:10:35.286 31102 22505 W ProxyAndroidLoggerBackend: Too many Flogger logs received before configuration. Dropping old logs.
07-10 01:10:35.287 31102 22505 W ProxyAndroidLoggerBackend: Too many Flogger logs received before configuration. Dropping old logs.
07-10 01:10:35.287 31102 22505 W ProxyAndroidLoggerBackend: Too many Flogger logs received before configuration. Dropping old logs.
07-10 01:10:35.288 31102 22505 W ProxyAndroidLoggerBackend: Too many Flogger logs received before configuration. Dropping old logs.
07-10 01:10:35.288 31102 22505 W ProxyAndroidLoggerBackend: Too many Flogger logs received before configuration. Dropping old logs.
07-10 01:10:35.289 31102 22505 W ProxyAndroidLoggerBackend: Too many Flogger logs received before configuration. Dropping old logs.
07-10 01:10:35.289 31102 22505 W ProxyAndroidLoggerBackend: Too many Flogger logs received before configuration. Dropping old logs.
07-10 01:10:35.289 31102 22505 W ProxyAndroidLoggerBackend: Too many Flogger logs received before configuration. Dropping old logs.
07-10 01:10:35.290 31102 22505 W ProxyAndroidLoggerBackend: Too many Flogger logs received before configuration. Dropping old logs.
07-10 01:10:35.291 31102 22505 W ProxyAndroidLoggerBackend: Too many Flogger logs received before configuration. Dropping old logs.
07-10 01:10:35.291 31102 22505 W ProxyAndroidLoggerBackend: Too many Flogger logs received before configuration. Dropping old logs.
07-10 01:10:35.291 31102 22505 W ProxyAndroidLoggerBackend: Too many Flogger logs received before configuration. Dropping old logs.
07-10 01:10:35.292 31102 22505 W ProxyAndroidLoggerBackend: Too many Flogger logs received before configuration. Dropping old logs.
07-10 01:10:35.292 31102 22505 W ProxyAndroidLoggerBackend: Too many Flogger logs received before configuration. Dropping old logs.
07-10 01:10:35.292 31102 22505 W ProxyAndroidLoggerBackend: Too many Flogger logs received before configuration. Dropping old logs.
07-10 01:10:35.293 31102 22505 W ProxyAndroidLoggerBackend: Too many Flogger logs received before configuration. Dropping old logs.
07-10 01:10:35.293  4613  4613 W keymaster_tee: [WRN]begin req PARAMS: A32 B32 P1
07-10 01:10:35.293 31102 22505 W ProxyAndroidLoggerBackend: Too many Flogger logs received before configuration. Dropping old logs.
07-10 01:10:35.294 31102 22505 W ProxyAndroidLoggerBackend: Too many Flogger logs received before configuration. Dropping old logs.
07-10 01:10:35.294 31102 22505 W ProxyAndroidLoggerBackend: Too many Flogger logs received before configuration. Dropping old logs.
07-10 01:10:35.295 31102 22505 W ProxyAndroidLoggerBackend: Too many Flogger logs received before configuration. Dropping old logs.
07-10 01:10:35.295 31102 22505 W ProxyAndroidLoggerBackend: Too many Flogger logs received before configuration. Dropping old logs.
07-10 01:10:35.296 31102 22505 W ProxyAndroidLoggerBackend: Too many Flogger logs received before configuration. Dropping old logs.
07-10 01:10:35.296 31102 22505 W ProxyAndroidLoggerBackend: Too many Flogger logs received before configuration. Dropping old logs.
07-10 01:10:35.296 31102 22505 W ProxyAndroidLoggerBackend: Too many Flogger logs received before configuration. Dropping old logs.
07-10 01:10:35.297 31102 22505 W ProxyAndroidLoggerBackend: Too many Flogger logs received before configuration. Dropping old logs.
07-10 01:10:35.297 31102 22505 W ProxyAndroidLoggerBackend: Too many Flogger logs received before configuration. Dropping old logs.
07-10 01:10:35.298 31102 22505 W ProxyAndroidLoggerBackend: Too many Flogger logs received before configuration. Dropping old logs.
07-10 01:10:35.299 31102 22505 W ProxyAndroidLoggerBackend: Too many Flogger logs received before configuration. Dropping old logs.
07-10 01:10:35.299 31102 22505 W ProxyAndroidLoggerBackend: Too many Flogger logs received before configuration. Dropping old logs.
07-10 01:10:35.300 31102 22505 W ProxyAndroidLoggerBackend: Too many Flogger logs received before configuration. Dropping old logs.
07-10 01:10:35.300 31102 22505 W ProxyAndroidLoggerBackend: Too many Flogger logs received before configuration. Dropping old logs.
07-10 01:10:35.301 31102 22505 W ProxyAndroidLoggerBackend: Too many Flogger logs received before configuration. Dropping old logs.
07-10 01:10:35.302 31102 22505 W ProxyAndroidLoggerBackend: Too many Flogger logs received before configuration. Dropping old logs.
07-10 01:10:35.302 31102 22505 W ProxyAndroidLoggerBackend: Too many Flogger logs received before configuration. Dropping old logs.
07-10 01:10:35.303 31102 22505 W ProxyAndroidLoggerBackend: Too many Flogger logs received before configuration. Dropping old logs.
07-10 01:10:35.304 31102 22505 W ProxyAndroidLoggerBackend: Too many Flogger logs received before configuration. Dropping old logs.
07-10 01:10:35.304 31102 22505 W ProxyAndroidLoggerBackend: Too many Flogger logs received before configuration. Dropping old logs.
07-10 01:10:35.304  4613  4613 W keymaster_tee: [WRN]begin req PARAMS: A3 D4
07-10 01:10:35.305 31102 22505 W ProxyAndroidLoggerBackend: Too many Flogger logs received before configuration. Dropping old logs.
07-10 01:10:35.305 31102 22505 W ProxyAndroidLoggerBackend: Too many Flogger logs received before configuration. Dropping old logs.
07-10 01:10:35.306 31102 22505 W ProxyAndroidLoggerBackend: Too many Flogger logs received before configuration. Dropping old logs.
07-10 01:10:35.307 31102 22505 W ProxyAndroidLoggerBackend: Too many Flogger logs received before configuration. Dropping old logs.
07-10 01:10:35.308 31102 22505 W ProxyAndroidLoggerBackend: Too many Flogger logs received before configuration. Dropping old logs.
07-10 01:10:35.308 31102 22505 W ProxyAndroidLoggerBackend: Too many Flogger logs received before configuration. Dropping old logs.
07-10 01:10:35.309 31102 22505 W ProxyAndroidLoggerBackend: Too many Flogger logs received before configuration. Dropping old logs.
07-10 01:10:35.309 31102 22505 W ProxyAndroidLoggerBackend: Too many Flogger logs received before configuration. Dropping old logs.
07-10 01:10:35.310 31102 22505 W ProxyAndroidLoggerBackend: Too many Flogger logs received before configuration. Dropping old logs.
07-10 01:10:35.311 31102 22505 W ProxyAndroidLoggerBackend: Too many Flogger logs received before configuration. Dropping old logs.
07-10 01:10:35.312 31102 22505 W ProxyAndroidLoggerBackend: Too many Flogger logs received before configuration. Dropping old logs.
07-10 01:10:35.312 31102 22505 W ProxyAndroidLoggerBackend: Too many Flogger logs received before configuration. Dropping old logs.
07-10 01:10:35.313 31102 22505 W ProxyAndroidLoggerBackend: Too many Flogger logs received before configuration. Dropping old logs.
07-10 01:10:35.314 31102 22505 W ProxyAndroidLoggerBackend: Too many Flogger logs received before configuration. Dropping old logs.
07-10 01:10:35.315 31102 22505 W ProxyAndroidLoggerBackend: Too many Flogger logs received before configuration. Dropping old logs.
07-10 01:10:35.315 31102 22505 W ProxyAndroidLoggerBackend: Too many Flogger logs received before configuration. Dropping old logs.
07-10 01:10:35.316 31102 22505 W ProxyAndroidLoggerBackend: Too many Flogger logs received before configuration. Dropping old logs.
07-10 01:10:35.317 31102 22505 W ProxyAndroidLoggerBackend: Too many Flogger logs received before configuration. Dropping old logs.
07-10 01:10:35.317 31102 22505 W ProxyAndroidLoggerBackend: Too many Flogger logs received before configuration. Dropping old logs.
07-10 01:10:35.318 31102 22505 W ProxyAndroidLoggerBackend: Too many Flogger logs received before configuration. Dropping old logs.
07-10 01:10:35.318 31102 22505 W ProxyAndroidLoggerBackend: Too many Flogger logs received before configuration. Dropping old logs.
07-10 01:10:35.319 31102 22505 W ProxyAndroidLoggerBackend: Too many Flogger logs received before configuration. Dropping old logs.
07-10 01:10:35.319 31102 22505 W ProxyAndroidLoggerBackend: Too many Flogger logs received before configuration. Dropping old logs.
07-10 01:10:35.320 31102 22505 W ProxyAndroidLoggerBackend: Too many Flogger logs received before configuration. Dropping old logs.
07-10 01:10:35.321 31102 22505 W ProxyAndroidLoggerBackend: Too many Flogger logs received before configuration. Dropping old logs.
07-10 01:10:35.321 31102 22505 W ProxyAndroidLoggerBackend: Too many Flogger logs received before configuration. Dropping old logs.
07-10 01:10:35.322 31102 22505 W ProxyAndroidLoggerBackend: Too many Flogger logs received before configuration. Dropping old logs.
07-10 01:10:35.323 31102 22505 W ProxyAndroidLoggerBackend: Too many Flogger logs received before configuration. Dropping old logs.
07-10 01:10:35.323 31102 22505 W ProxyAndroidLoggerBackend: Too many Flogger logs received before configuration. Dropping old logs.
07-10 01:10:35.324 31102 22505 W ProxyAndroidLoggerBackend: Too many Flogger logs received before configuration. Dropping old logs.
07-10 01:10:35.325 31102 22505 W ProxyAndroidLoggerBackend: Too many Flogger logs received before configuration. Dropping old logs.
07-10 01:10:35.326 31102 22505 W ProxyAndroidLoggerBackend: Too many Flogger logs received before configuration. Dropping old logs.
07-10 01:10:35.327 31102 22505 W ProxyAndroidLoggerBackend: Too many Flogger logs received before configuration. Dropping old logs.
07-10 01:10:35.327 31102 22505 W ProxyAndroidLoggerBackend: Too many Flogger logs received before configuration. Dropping old logs.
07-10 01:10:35.328 31102 22505 W ProxyAndroidLoggerBackend: Too many Flogger logs received before configuration. Dropping old logs.
07-10 01:10:35.328 31102 22505 W ProxyAndroidLoggerBackend: Too many Flogger logs received before configuration. Dropping old logs.
07-10 01:10:35.329 31102 22505 W ProxyAndroidLoggerBackend: Too many Flogger logs received before configuration. Dropping old logs.
07-10 01:10:35.329 31102 22505 W ProxyAndroidLoggerBackend: Too many Flogger logs received before configuration. Dropping old logs.
07-10 01:10:35.330 31102 22505 W ProxyAndroidLoggerBackend: Too many Flogger logs received before configuration. Dropping old logs.
07-10 01:10:35.331 31102 22505 W ProxyAndroidLoggerBackend: Too many Flogger logs received before configuration. Dropping old logs.
07-10 01:10:35.331 31102 22505 W ProxyAndroidLoggerBackend: Too many Flogger logs received before configuration. Dropping old logs.
07-10 01:10:35.331 31102 22505 W ProxyAndroidLoggerBackend: Too many Flogger logs received before configuration. Dropping old logs.
07-10 01:10:35.332 31102 22505 W ProxyAndroidLoggerBackend: Too many Flogger logs received before configuration. Dropping old logs.
07-10 01:10:35.332 31102 22505 W ProxyAndroidLoggerBackend: Too many Flogger logs received before configuration. Dropping old logs.
07-10 01:10:35.333 31102 22505 W ProxyAndroidLoggerBackend: Too many Flogger logs received before configuration. Dropping old logs.
07-10 01:10:35.333 31102 22505 W ProxyAndroidLoggerBackend: Too many Flogger logs received before configuration. Dropping old logs.
07-10 01:10:35.333 31102 22505 W ProxyAndroidLoggerBackend: Too many Flogger logs received before configuration. Dropping old logs.
07-10 01:10:35.334 31102 22505 W ProxyAndroidLoggerBackend: Too many Flogger logs received before configuration. Dropping old logs.
07-10 01:10:35.334 31102 22505 W ProxyAndroidLoggerBackend: Too many Flogger logs received before configuration. Dropping old logs.
07-10 01:10:35.335 31102 22505 W ProxyAndroidLoggerBackend: Too many Flogger logs received before configuration. Dropping old logs.
07-10 01:10:35.335 31102 22505 W ProxyAndroidLoggerBackend: Too many Flogger logs received before configuration. Dropping old logs.
07-10 01:10:35.336 31102 22505 W ProxyAndroidLoggerBackend: Too many Flogger logs received before configuration. Dropping old logs.
07-10 01:10:35.336 31102 22505 W ProxyAndroidLoggerBackend: Too many Flogger logs received before configuration. Dropping old logs.
07-10 01:10:35.337 31102 22505 W ProxyAndroidLoggerBackend: Too many Flogger logs received before configuration. Dropping old logs.
07-10 01:10:35.337 31102 22505 W ProxyAndroidLoggerBackend: Too many Flogger logs received before configuration. Dropping old logs.
07-10 01:10:35.338 31102 22505 W ProxyAndroidLoggerBackend: Too many Flogger logs received before configuration. Dropping old logs.
07-10 01:10:35.339 31102 22505 W ProxyAndroidLoggerBackend: Too many Flogger logs received before configuration. Dropping old logs.
07-10 01:10:35.339 31102 22505 W ProxyAndroidLoggerBackend: Too many Flogger logs received before configuration. Dropping old logs.
07-10 01:10:35.340 31102 22505 W ProxyAndroidLoggerBackend: Too many Flogger logs received before configuration. Dropping old logs.
07-10 01:10:35.340 31102 22505 W ProxyAndroidLoggerBackend: Too many Flogger logs received before configuration. Dropping old logs.
07-10 01:10:35.345 29789 22450 I Authzen : [SyncManager] Ignoring proximity features sync because it's not enabled, and force sync is not requested
07-10 01:10:35.397 31102 22505 W ProxyAndroidLoggerBackend: Too many Flogger logs received before configuration. Dropping old logs.
07-10 01:10:35.401 31102 22505 W ProxyAndroidLoggerBackend: Too many Flogger logs received before configuration. Dropping old logs.
07-10 01:10:35.402 31102 22505 W ProxyAndroidLoggerBackend: Too many Flogger logs received before configuration. Dropping old logs.
07-10 01:10:35.403 31102 22505 W ProxyAndroidLoggerBackend: Too many Flogger logs received before configuration. Dropping old logs.
07-10 01:10:35.404 31102 22505 W ProxyAndroidLoggerBackend: Too many Flogger logs received before configuration. Dropping old logs.
07-10 01:10:35.404 31102 22505 W ProxyAndroidLoggerBackend: Too many Flogger logs received before configuration. Dropping old logs.
07-10 01:10:35.754 31802 32118 I PolicyManager: [#CMH#] Is foreground game app: false
07-10 01:10:35.763 31102 22524 I Finsky  : [469] vxz.h(1): Triggered update for experiment package com.google.android.finsky.stable.
07-10 01:10:35.813  5674  6183 D WifiConnectivityMonitor: start WCM Poll.
07-10 01:10:35.832 31802 32118 I ControllerUtils: [#CMH#] StoryService:  9, isNonJustShotRunningPossible: false, isStopHeavyTask: true
07-10 01:10:35.841 31102 22504 W ProxyAndroidLoggerBackend: Too many Flogger logs received before configuration. Dropping old logs.
07-10 01:10:35.892 31802 32118 I ControllerUtils: [#CMH#] IPService:  5, isNonJustShotRunningPossible: false, isStopHeavyTask: true
07-10 01:10:35.950 31802 32118 I ControllerUtils: [#CMH#] FaceService:  2, isNonJustShotRunningPossible: false, isStopHeavyTask: true
07-10 01:10:36.041 31802 31813 W samsung.cmh:CMH: Reducing the number of considered missed Gc histogram windows from 1311 to 100
07-10 01:10:36.059 31102 22504 W ProxyAndroidLoggerBackend: Too many Flogger logs received before configuration. Dropping old logs.
07-10 01:10:36.060 31102 22504 W ProxyAndroidLoggerBackend: Too many Flogger logs received before configuration. Dropping old logs.
07-10 01:10:36.075 31102 22524 I Finsky  : [469] agzx.bz(3): Writing flags config, size 1.
07-10 01:10:36.076 31102 22524 I Finsky  : [469] agzx.bz(3): Started writing experiment flags into file [8uKij9Tp4PZyjSvh8NyLyFvuCv94NONrKvkkdzEKIoQ].
07-10 01:10:36.083 31102 22524 I Finsky  : [469] agzx.bz(17): Finished writing experiment flags into file [8uKij9Tp4PZyjSvh8NyLyFvuCv94NONrKvkkdzEKIoQ].
07-10 01:10:36.103 31102 22524 I Finsky  : [469] vxz.g(23): Successfully applied new configurations for package com.google.android.finsky.stable.
07-10 01:10:36.105 31102 22524 I Finsky  : [469] vxz.g(29): [EExp] Exporting experiments for package com.google.android.finsky.stable.
07-10 01:10:36.109 31102 22524 I Finsky  : [469] aaen.E(3): [EExp] Exporting experiments for namespace com.google.android.finsky.stable.
07-10 01:10:36.120 16924 16924 D BoundBrokerSvc: onBind: Intent { act=com.google.android.gms.phenotype.service.START pkg=com.google.android.gms }
07-10 01:10:36.121 16924 16924 D BoundBrokerSvc: Loading bound service for intent: Intent { act=com.google.android.gms.phenotype.service.START pkg=com.google.android.gms }
07-10 01:10:36.219 31102 22524 I Finsky  : [469] vxz.g(34): [EExp] Successfully exported experiments for package com.google.android.finsky.stable.
07-10 01:10:36.220 31102 22505 W android.vending: Long monitor contention with owner BlockingExecutor #16 (22524) at int vxz.h()(PG:9) waiters=0 in int vxz.h() for 459ms
07-10 01:10:36.221 31102 22505 I Finsky  : [468] vxz.h(1): Triggered update for experiment package com.google.android.finsky.regular.
07-10 01:10:36.240 31102 22504 W ProxyAndroidLoggerBackend: Too many Flogger logs received before configuration. Dropping old logs.
07-10 01:10:36.517 31102 22504 W ProxyAndroidLoggerBackend: Too many Flogger logs received before configuration. Dropping old logs.
07-10 01:10:36.517 31102 22504 W ProxyAndroidLoggerBackend: Too many Flogger logs received before configuration. Dropping old logs.
07-10 01:10:36.522 31102 22505 I Finsky  : [468] vyg.c(1): Regular flags synced
07-10 01:10:36.523 31102 22505 I Finsky  : [468] agzx.bz(3): Writing flags config, size 1.
07-10 01:10:36.524 31102 22505 I Finsky  : [468] agzx.bz(3): Started writing experiment flags into file [dSiZkPlShMlJesV6lFnc_4jgDgQhcncBEo8IYyD9w8U].
07-10 01:10:36.539 31102 22505 I Finsky  : [468] agzx.bz(17): Finished writing experiment flags into file [dSiZkPlShMlJesV6lFnc_4jgDgQhcncBEo8IYyD9w8U].
07-10 01:10:36.553 31102 22505 I Finsky  : [468] vxz.g(23): Successfully applied new configurations for package com.google.android.finsky.regular.
07-10 01:10:36.554 31102 22505 I Finsky  : [468] vxz.g(29): [EExp] Exporting experiments for package com.google.android.finsky.regular.
07-10 01:10:36.555 31102 22505 I Finsky  : [468] aaen.E(3): [EExp] Exporting experiments for namespace com.google.android.finsky.regular.
07-10 01:10:36.570 31102 22505 I Finsky  : [468] vxz.g(34): [EExp] Successfully exported experiments for package com.google.android.finsky.regular.
07-10 01:10:36.587 31102 22504 I Finsky  : [467] prz.b(1): HC: beginRecoverGmscoreIfApplicable
07-10 01:10:36.590 31102 22504 I Finsky  : [467] prz.b(2): HC: No target version, skip Gmscore recovery.
07-10 01:10:36.612 31102 31399 I Finsky  : [151] mmu.a(41): [DeviceConfig] successfully updated device attribute payloads
07-10 01:10:36.614 31102 31102 I Finsky  : [2] zkg.b(10): SUH: Request device config token was successful in self update.
07-10 01:10:36.651 31102 22535 I Finsky  : [470] otv.run(31): Wrote row to frosting DB: 153149
07-10 01:10:36.832 31102 22535 I Finsky  : [470] otv.run(31): Wrote row to frosting DB: 153150
07-10 01:10:36.838 31102 31102 I Finsky  : [2] zki.e(29): SUH: [self-update] Skipping DFE self-update. Local Version [version=83631220,derivedid=3,splits=[config.arm64_v8a, config.en, config.ru, phonesky_data_loader, phonesky_data_loader.config.arm64_v8a]] > Server Version [version=-1,derivedid=-1,splits=[]]
07-10 01:10:36.970  5674  6213 D NetdEventListenerService: DNS Requested by : 118, 10229
07-10 01:10:36.971 31102 22504 D TrafficStats: tagSocket(155) with statsTag=0xffffffff, statsUid=-1
07-10 01:10:37.143 31102 31411 I Finsky  : [153] yct.accept(36): SCH: Scheduling phonesky job Id: 10-1, CT: 1688944236925, Constraints: [{ L: 0, D: 86400000, C: 1, I: 1, N: 1 }, { L: 0, D: 0, C: 1, I: 1, N: 0 }]
07-10 01:10:37.144 31102 31411 I Finsky  : [153] yct.accept(36): SCH: Scheduling phonesky job Id: 10-4, CT: 1688944236926, Constraints: [{ L: 1200000, D: 86400000, C: 1, I: 1, N: 1 }]
07-10 01:10:37.145 31102 31411 I Finsky  : [153] yct.accept(36): SCH: Scheduling phonesky job Id: 10-7, CT: 1688944236926, Constraints: [{ L: 0, D: 86400000, C: 1, I: 1, N: 1 }, { L: 0, D: 0, C: 1, I: 1, N: 0 }]
07-10 01:10:37.146 31102 31411 I Finsky  : [153] yct.accept(36): SCH: Scheduling phonesky job Id: 10-11, CT: 1688944236926, Constraints: [{ L: 600000, D: 86400000, C: 1, I: 1, N: 1 }]
07-10 01:10:37.147 31102 31411 I Finsky  : [153] yct.accept(36): SCH: Scheduling phonesky job Id: 10-18, CT: 1688944236927, Constraints: [{ L: 0, D: 86400000, C: 1, I: 1, N: 1 }, { L: 0, D: 0, C: 1, I: 1, N: 0 }]
07-10 01:10:37.148 31102 31411 I Finsky  : [153] yct.accept(36): SCH: Scheduling phonesky job Id: 10-22, CT: 1688944236927, Constraints: [{ L: 0, D: 86400000, C: 1, I: 1, N: 1 }, { L: 0, D: 0, C: 1, I: 1, N: 0 }]
07-10 01:10:37.149 31102 31411 I Finsky  : [153] yct.accept(36): SCH: Scheduling phonesky job Id: 10-39, CT: 1688944236927, Constraints: [{ L: 0, D: 86400000, C: 1, I: 1, N: 1 }, { L: 0, D: 0, C: 1, I: 1, N: 0 }]
07-10 01:10:37.149 31102 31411 I Finsky  : [153] yct.accept(36): SCH: Scheduling phonesky job Id: 10-12, CT: 1688944236927, Constraints: [{ L: 0, D: 43200000, C: 1, I: 1, N: 1 }, { L: 0, D: 0, C: 1, I: 1, N: 0 }]
07-10 01:10:37.150 31102 31411 I Finsky  : [153] yct.accept(36): SCH: Scheduling phonesky job Id: 10-33, CT: 1688944236927, Constraints: [{ L: 0, D: 86400000, C: 1, I: 1, N: 1 }, { L: 0, D: 0, C: 1, I: 1, N: 0 }]
07-10 01:10:37.151 31102 31411 I Finsky  : [153] yct.accept(36): SCH: Scheduling phonesky job Id: 10-50, CT: 1688944236928, Constraints: [{ L: 0, D: 86400000, C: 1, I: 1, N: 1 }, { L: 0, D: 0, C: 1, I: 1, N: 0 }]
07-10 01:10:37.152 31102 31411 I Finsky  : [153] yct.accept(36): SCH: Scheduling phonesky job Id: 10-23, CT: 1688944236929, Constraints: [{ L: 0, D: 86400000, C: 1, I: 1, N: 1 }, { L: 0, D: 0, C: 1, I: 1, N: 0 }]
07-10 01:10:37.153 31102 31411 I Finsky  : [153] yct.accept(36): SCH: Scheduling phonesky job Id: 10-47, CT: 1688944236929, Constraints: [{ L: 0, D: 86400000, C: 1, I: 1, N: 1 }, { L: 0, D: 0, C: 1, I: 1, N: 0 }]
07-10 01:10:37.155 31102 31411 I Finsky  : [153] yct.accept(36): SCH: Scheduling phonesky job Id: 10-95, CT: 1688944236929, Constraints: [{ L: 0, D: 604800000, C: 1, I: 1, N: 1 }, { L: 0, D: 0, C: 1, I: 1, N: 0 }]
07-10 01:10:37.156 31102 31411 I Finsky  : [153] yct.accept(36): SCH: Scheduling phonesky job Id: 10-26, CT: 1688944236929, Constraints: [{ L: 600000, D: 86400000, C: 1, I: 1, N: 1 }]
07-10 01:10:37.157 31102 31411 I Finsky  : [153] yct.accept(36): SCH: Scheduling phonesky job Id: 10-62, CT: 1688944236929, Constraints: [{ L: 0, D: 86400000, C: 1, I: 1, N: 1 }, { L: 0, D: 0, C: 1, I: 1, N: 0 }]
07-10 01:10:37.158 31102 31411 I Finsky  : [153] yct.accept(36): SCH: Scheduling phonesky job Id: 10-8, CT: 1688944236930, Constraints: [{ L: 0, D: 86400000, C: 1, I: 1, N: 1 }, { L: 0, D: 0, C: 1, I: 1, N: 0 }]
07-10 01:10:37.159 31102 31411 I Finsky  : [153] yct.accept(36): SCH: Scheduling phonesky job Id: 10-3, CT: 1688944236930, Constraints: [{ L: 0, D: 86400000, C: 1, I: 1, N: 1 }, { L: 0, D: 0, C: 1, I: 1, N: 0 }]
07-10 01:10:37.160 31102 31411 I Finsky  : [153] yct.accept(36): SCH: Scheduling phonesky job Id: 10-30, CT: 1688944236931, Constraints: [{ L: 0, D: 86400000, C: 1, I: 1, N: 1 }, { L: 0, D: 0, C: 1, I: 1, N: 0 }]
07-10 01:10:37.161 31102 31411 I Finsky  : [153] yct.accept(36): SCH: Scheduling phonesky job Id: 10-10, CT: 1688944236932, Constraints: [{ L: 0, D: 86400000, C: 1, I: 1, N: 1 }, { L: 0, D: 0, C: 1, I: 1, N: 0 }]
07-10 01:10:37.162 31102 31411 I Finsky  : [153] yct.accept(36): SCH: Scheduling phonesky job Id: 10-14, CT: 1688944236932, Constraints: [{ L: 0, D: 86400000, C: 1, I: 1, N: 1 }, { L: 0, D: 0, C: 1, I: 1, N: 0 }]
07-10 01:10:37.163 31102 31411 I Finsky  : [153] yct.accept(36): SCH: Scheduling phonesky job Id: 10-57, CT: 1688944236932, Constraints: [{ L: 0, D: 86400000, C: 1, I: 1, N: 1 }, { L: 0, D: 0, C: 1, I: 1, N: 0 }]
07-10 01:10:37.164 31102 31411 I Finsky  : [153] yct.accept(36): SCH: Scheduling phonesky job Id: 10-61, CT: 1688944236932, Constraints: [{ L: 0, D: 86400000, C: 1, I: 1, N: 1 }, { L: 0, D: 0, C: 1, I: 1, N: 0 }]
07-10 01:10:37.165 31102 31411 I Finsky  : [153] yct.accept(36): SCH: Scheduling phonesky job Id: 10-16, CT: 1688944236933, Constraints: [{ L: 0, D: 86400000, C: 1, I: 1, N: 1 }, { L: 0, D: 0, C: 1, I: 1, N: 0 }]
07-10 01:10:37.166 31102 31411 I Finsky  : [153] yct.accept(36): SCH: Scheduling phonesky job Id: 10-27, CT: 1688944236933, Constraints: [{ L: 0, D: 86400000, C: 1, I: 1, N: 1 }, { L: 0, D: 0, C: 1, I: 1, N: 0 }]
07-10 01:10:37.167 31102 31411 I Finsky  : [153] yct.accept(36): SCH: Scheduling phonesky job Id: 10-28, CT: 1688944236934, Constraints: [{ L: 0, D: 86400000, C: 1, I: 1, N: 1 }, { L: 0, D: 0, C: 1, I: 1, N: 0 }]
07-10 01:10:37.168 31102 31411 I Finsky  : [153] yct.accept(36): SCH: Scheduling phonesky job Id: 10-31, CT: 1688944236934, Constraints: [{ L: 0, D: 86400000, C: 1, I: 1, N: 1 }, { L: 0, D: 0, C: 1, I: 1, N: 0 }]
07-10 01:10:37.169 31102 31411 I Finsky  : [153] yct.accept(36): SCH: Scheduling phonesky job Id: 10-15, CT: 1688944236934, Constraints: [{ L: 0, D: 86400000, C: 1, I: 1, N: 1 }, { L: 0, D: 0, C: 1, I: 1, N: 0 }]
07-10 01:10:37.170 31102 31411 I Finsky  : [153] yct.accept(36): SCH: Scheduling phonesky job Id: 10-20, CT: 1688944236934, Constraints: [{ L: 0, D: 86400000, C: 1, I: 1, N: 1 }, { L: 0, D: 0, C: 1, I: 1, N: 0 }]
07-10 01:10:37.171 31102 31411 I Finsky  : [153] yct.accept(36): SCH: Scheduling phonesky job Id: 10-42, CT: 1688944236935, Constraints: [{ L: 0, D: 86400000, C: 1, I: 1, N: 1 }, { L: 0, D: 0, C: 1, I: 1, N: 0 }]
07-10 01:10:37.172 31102 31411 I Finsky  : [153] yct.accept(36): SCH: Scheduling phonesky job Id: 10-55, CT: 1688944236935, Constraints: [{ L: 0, D: 86400000, C: 1, I: 1, N: 1 }, { L: 0, D: 0, C: 1, I: 1, N: 0 }]
07-10 01:10:37.173 31102 31411 I Finsky  : [153] yct.accept(36): SCH: Scheduling phonesky job Id: 10-48, CT: 1688944236936, Constraints: [{ L: 0, D: 86400000, C: 1, I: 1, N: 1 }, { L: 0, D: 0, C: 1, I: 1, N: 0 }]
07-10 01:10:37.174 31102 31411 I Finsky  : [153] yct.accept(36): SCH: Scheduling phonesky job Id: 10-40, CT: 1688944236936, Constraints: [{ L: 0, D: 86400000, C: 1, I: 1, N: 1 }, { L: 0, D: 0, C: 1, I: 1, N: 0 }]
07-10 01:10:37.175 31102 31411 I Finsky  : [153] yct.accept(36): SCH: Scheduling phonesky job Id: 10-52, CT: 1688944236936, Constraints: [{ L: 0, D: 86400000, C: 1, I: 1, N: 1 }, { L: 0, D: 0, C: 1, I: 1, N: 0 }]
07-10 01:10:37.176 31102 31411 I Finsky  : [153] yct.accept(36): SCH: Scheduling phonesky job Id: 10-98, CT: 1688944236936, Constraints: [{ L: 0, D: 86400000, C: 1, I: 1, N: 1 }, { L: 0, D: 0, C: 1, I: 1, N: 0 }]
07-10 01:10:37.177 31102 31411 I Finsky  : [153] yct.accept(36): SCH: Scheduling phonesky job Id: 10-9, CT: 1688944236936, Constraints: [{ L: 0, D: 86400000, C: 1, I: 1, N: 1 }, { L: 0, D: 0, C: 1, I: 1, N: 0 }]
07-10 01:10:37.178 31102 31411 I Finsky  : [153] yct.accept(36): SCH: Scheduling phonesky job Id: 10-113, CT: 1688944236936, Constraints: [{ L: 0, D: 86400000, C: 1, I: 1, N: 1 }, { L: 0, D: 0, C: 1, I: 1, N: 0 }]
07-10 01:10:37.179 31102 31411 I Finsky  : [153] yct.accept(36): SCH: Scheduling phonesky job Id: 10-25, CT: 1688944236937, Constraints: [{ L: 0, D: 86400000, C: 1, I: 1, N: 1 }, { L: 0, D: 0, C: 1, I: 1, N: 0 }]
07-10 01:10:37.181 31102 31411 I Finsky  : [153] yct.accept(36): SCH: Scheduling phonesky job Id: 10-82, CT: 1688944236937, Constraints: [{ L: 0, D: 86400000, C: 1, I: 1, N: 1 }, { L: 0, D: 0, C: 1, I: 1, N: 0 }]
07-10 01:10:37.183 31102 31411 I Finsky  : [153] yct.accept(36): SCH: Scheduling phonesky job Id: 10-46, CT: 1688944236937, Constraints: [{ L: 0, D: 86400000, C: 1, I: 1, N: 1 }, { L: 0, D: 0, C: 1, I: 1, N: 0 }]
07-10 01:10:37.184 31102 31411 I Finsky  : [153] yct.accept(36): SCH: Scheduling phonesky job Id: 10-53, CT: 1688944236937, Constraints: [{ L: 0, D: 86400000, C: 1, I: 1, N: 1 }, { L: 0, D: 0, C: 1, I: 1, N: 0 }]
07-10 01:10:37.185 31102 31411 I Finsky  : [153] yct.accept(36): SCH: Scheduling phonesky job Id: 10-41, CT: 1688944236938, Constraints: [{ L: 0, D: 86400000, C: 1, I: 1, N: 1 }, { L: 0, D: 0, C: 1, I: 1, N: 0 }]
07-10 01:10:37.186 31102 31411 I Finsky  : [153] yct.accept(36): SCH: Scheduling phonesky job Id: 10-51, CT: 1688944236938, Constraints: [{ L: 0, D: 86400000, C: 1, I: 1, N: 1 }, { L: 0, D: 0, C: 1, I: 1, N: 0 }]
07-10 01:10:37.187 31102 31411 I Finsky  : [153] yct.accept(36): SCH: Scheduling phonesky job Id: 10-54, CT: 1688944236938, Constraints: [{ L: 0, D: 86400000, C: 1, I: 1, N: 1 }, { L: 0, D: 0, C: 1, I: 1, N: 0 }]
07-10 01:10:37.188 31102 31411 I Finsky  : [153] yct.accept(36): SCH: Scheduling phonesky job Id: 10-59, CT: 1688944236939, Constraints: [{ L: 0, D: 86400000, C: 1, I: 1, N: 1 }, { L: 0, D: 0, C: 1, I: 1, N: 0 }]
07-10 01:10:37.189 31102 31411 I Finsky  : [153] yct.accept(36): SCH: Scheduling phonesky job Id: 10-66, CT: 1688944236939, Constraints: [{ L: 0, D: 86400000, C: 1, I: 1, N: 1 }, { L: 0, D: 0, C: 1, I: 1, N: 0 }]
07-10 01:10:37.190 31102 31411 I Finsky  : [153] yct.accept(36): SCH: Scheduling phonesky job Id: 10-68, CT: 1688944236939, Constraints: [{ L: 0, D: 86400000, C: 1, I: 1, N: 1 }, { L: 0, D: 0, C: 1, I: 1, N: 0 }]
07-10 01:10:37.191 31102 31411 I Finsky  : [153] yct.accept(36): SCH: Scheduling phonesky job Id: 10-69, CT: 1688944236940, Constraints: [{ L: 0, D: 86400000, C: 1, I: 1, N: 1 }, { L: 0, D: 0, C: 1, I: 1, N: 0 }]
07-10 01:10:37.192 31102 31411 I Finsky  : [153] yct.accept(36): SCH: Scheduling phonesky job Id: 10-71, CT: 1688944236941, Constraints: [{ L: 0, D: 86400000, C: 1, I: 1, N: 1 }, { L: 0, D: 0, C: 1, I: 1, N: 0 }]
07-10 01:10:37.193 31102 31411 I Finsky  : [153] yct.accept(36): SCH: Scheduling phonesky job Id: 10-73, CT: 1688944236941, Constraints: [{ L: 0, D: 86400000, C: 1, I: 1, N: 1 }, { L: 0, D: 0, C: 1, I: 1, N: 0 }]
07-10 01:10:37.194 31102 31411 I Finsky  : [153] yct.accept(36): SCH: Scheduling phonesky job Id: 10-78, CT: 1688944236942, Constraints: [{ L: 0, D: 86400000, C: 1, I: 2, N: 1 }]
07-10 01:10:37.195 31102 31411 I Finsky  : [153] yct.accept(36): SCH: Scheduling phonesky job Id: 10-79, CT: 1688944236942, Constraints: [{ L: 0, D: 86400000, C: 1, I: 2, N: 1 }]
07-10 01:10:37.196 31102 31411 I Finsky  : [153] yct.accept(36): SCH: Scheduling phonesky job Id: 10-104, CT: 1688944236942, Constraints: [{ L: 0, D: 86400000, C: 1, I: 1, N: 1 }, { L: 0, D: 0, C: 1, I: 1, N: 0 }]
07-10 01:10:37.197 31102 31411 I Finsky  : [153] yct.accept(36): SCH: Scheduling phonesky job Id: 10-83, CT: 1688944236943, Constraints: [{ L: 0, D: 86400000, C: 1, I: 1, N: 1 }, { L: 0, D: 0, C: 1, I: 1, N: 0 }]
07-10 01:10:37.198 31102 31411 I Finsky  : [153] yct.accept(36): SCH: Scheduling phonesky job Id: 10-87, CT: 1688944236943, Constraints: [{ L: 0, D: 86400000, C: 1, I: 1, N: 1 }, { L: 0, D: 0, C: 1, I: 1, N: 0 }]
07-10 01:10:37.199 31102 31411 I Finsky  : [153] yct.accept(36): SCH: Scheduling phonesky job Id: 10-89, CT: 1688944236943, Constraints: [{ L: 0, D: 86400000, C: 1, I: 1, N: 1 }, { L: 0, D: 0, C: 1, I: 1, N: 0 }]
07-10 01:10:37.200 31102 31411 I Finsky  : [153] yct.accept(36): SCH: Scheduling phonesky job Id: 10-91, CT: 1688944236943, Constraints: [{ L: 0, D: 86400000, C: 1, I: 1, N: 1 }, { L: 0, D: 0, C: 1, I: 1, N: 0 }]
07-10 01:10:37.202 31102 31411 I Finsky  : [153] yct.accept(36): SCH: Scheduling phonesky job Id: 10-107, CT: 1688944236943, Constraints: [{ L: 0, D: 43200000, C: 1, I: 1, N: 1 }, { L: 0, D: 0, C: 1, I: 1, N: 0 }]
07-10 01:10:37.203 31102 31411 I Finsky  : [153] yct.accept(36): SCH: Scheduling phonesky job Id: 10-96, CT: 1688944236943, Constraints: [{ L: 0, D: 86400000, C: 1, I: 1, N: 1 }, { L: 0, D: 0, C: 1, I: 1, N: 0 }]
07-10 01:10:37.203 31102 31411 I Finsky  : [153] yct.accept(36): SCH: Scheduling phonesky job Id: 10-93, CT: 1688944236944, Constraints: [{ L: 300000, D: 86400000, C: 1, I: 1, N: 1 }]
07-10 01:10:37.204 31102 31411 I Finsky  : [153] yct.accept(36): SCH: Scheduling phonesky job Id: 10-94, CT: 1688944236944, Constraints: [{ L: 0, D: 86400000, C: 1, I: 1, N: 1 }, { L: 0, D: 0, C: 1, I: 1, N: 0 }]
07-10 01:10:37.205 31102 31411 I Finsky  : [153] yct.accept(36): SCH: Scheduling phonesky job Id: 10-101, CT: 1688944236944, Constraints: [{ L: 60000, D: 86400000, C: 1, I: 1, N: 1 }]
07-10 01:10:37.206 31102 31411 I Finsky  : [153] yct.accept(36): SCH: Scheduling phonesky job Id: 10-105, CT: 1688944236945, Constraints: [{ L: 0, D: 86400000, C: 1, I: 1, N: 1 }, { L: 0, D: 0, C: 1, I: 1, N: 0 }]
07-10 01:10:37.207 31102 31411 I Finsky  : [153] yct.accept(36): SCH: Scheduling phonesky job Id: 10-115, CT: 1688944236945, Constraints: [{ L: 0, D: 86400000, C: 1, I: 1, N: 0 }, { L: 0, D: 0, C: 1, I: 1, N: 0 }]
07-10 01:10:37.209 31102 31411 I Finsky  : [153] yct.accept(36): SCH: Scheduling phonesky job Id: 10-111, CT: 1688944236946, Constraints: [{ L: 0, D: 86400000, C: 1, I: 1, N: 1 }, { L: 0, D: 0, C: 1, I: 1, N: 0 }]
07-10 01:10:37.211 31102 31411 I Finsky  : [153] yct.accept(36): SCH: Scheduling phonesky job Id: 10-116, CT: 1688944236946, Constraints: [{ L: 0, D: 86400000, C: 1, I: 1, N: 0 }, { L: 0, D: 0, C: 1, I: 1, N: 0 }]
07-10 01:10:37.214 31102 31411 I Finsky  : [153] yct.accept(36): SCH: Scheduling phonesky job Id: 10-120, CT: 1688944236947, Constraints: [{ L: 0, D: 86400000, C: 1, I: 1, N: 1 }, { L: 0, D: 0, C: 1, I: 1, N: 0 }]
07-10 01:10:37.219 31102 31411 I Finsky  : [153] yct.accept(36): SCH: Scheduling phonesky job Id: 10-127, CT: 1688944236947, Constraints: [{ L: 0, D: 43200000, C: 1, I: 1, N: 1 }, { L: 0, D: 0, C: 1, I: 1, N: 0 }]
07-10 01:10:37.220 31102 31411 I Finsky  : [153] yct.accept(36): SCH: Scheduling phonesky job Id: 10-130, CT: 1688944236947, Constraints: [{ L: 0, D: 86400000, C: 1, I: 1, N: 1 }, { L: 0, D: 0, C: 1, I: 1, N: 0 }]
07-10 01:10:37.222 31102 31411 I Finsky  : [153] yct.accept(36): SCH: Scheduling phonesky job Id: 10-132, CT: 1688944236948, Constraints: [{ L: 0, D: 86400000, C: 1, I: 1, N: 1 }, { L: 0, D: 0, C: 1, I: 1, N: 0 }]
07-10 01:10:37.243 31102 31399 I Finsky  : [151] yeu.apply(14): SCH: Scheduling 2 system job(s)
07-10 01:10:37.244 31102 31399 I Finsky  : [151] yeu.apply(30): SCH: Scheduling expedited system job 9992
07-10 01:10:37.263 31102 31399 I Finsky  : [151] yvf.d(19): SCH: Scheduling system job Id: 9008, L: 0, D: 86399682, C: false, I: true, N: 1
07-10 01:10:37.288  5287  5287 D Zygote  : Forked child process 22540
07-10 01:10:37.290 31102 31102 I Finsky  : [2] ywt.onStartJob(4): SCH: job service start with id 9992.
07-10 01:10:37.308 31102 31102 I Finsky  : [2] prt.b(2): Hygiene tasks scheduled
07-10 01:10:37.309 31102 31128 I android.vending: Background concurrent copying GC freed 255655(11MB) AllocSpace objects, 23(1140KB) LOS objects, 49% free, 10MB/21MB, paused 655us,476us total 225.675ms
07-10 01:10:37.311  5287  5287 D Zygote  : Forked child process 22541
07-10 01:10:37.324  5287  5287 D Zygote  : Forked child process 22542
07-10 01:10:37.334 31102 22452 I Finsky  : [463] zhz.a(118): SCH: Satisfied jobs for 9992 are: 10-1, 10-3, 10-7, 10-8, 10-9, 10-10, 10-12, 10-14, 10-15, 10-16, 10-18, 10-20, 10-22, 10-23, 10-25, 10-27, 10-28, 10-30, 10-31, 10-33, 10-39, 10-40, 10-41, 10-42, 10-46, 10-47, 10-48, 10-50, 10-51, 10-52, 10-53, 10-54, 10-55, 10-57, 10-59, 10-61, 10-62, 10-66, 10-68, 10-69, 10-71, 10-73, 10-82, 10-83, 10-87, 10-89, 10-91, 10-94, 10-95, 10-96, 10-98, 10-104, 10-105, 10-107, 10-111, 10-113, 10-115, 10-116, 10-120, 10-127, 10-130, 10-132
07-10 01:10:37.334 31102 31102 I Finsky  : [2] yvh.r(4): SCH: jobFinished: 1-1337. TimeElapsed: 5371ms.
07-10 01:10:37.343 22540 22540 I id.partnersetup: Using CollectorTypeCC GC.
07-10 01:10:37.345 31102 22454 I Finsky  : [464] zwj.o(7): SCH: Skip running other jobs while hygiene is running
07-10 01:10:37.359 22540 22540 E id.partnersetup: Not starting debugger since process cannot load the jdwp agent.
07-10 01:10:37.371 31102 31102 I Finsky  : [2] yvu.accept(68): SCH: Job 10-1 starting
07-10 01:10:37.374 22540 22540 W libc    : Access denied finding property "sys.perf.boostopt"
07-10 01:10:37.374  5262  5262 E audit   : type=1400 audit(1688944237.373:69706): avc:  denied  { read } for  pid=22540 comm="id.partnersetup" name="u:object_r:perf_prop:s0" dev="tmpfs" ino=10663 scontext=u:r:priv_app:s0:c512,c768 tcontext=u:object_r:perf_prop:s0 tclass=file permissive=0 SEPF_SM-A515F_13_0001 audit_filtered
07-10 01:10:37.374  5262  5262 E audit   : type=1300 audit(1688944237.373:69706): arch=c00000b7 syscall=56 success=no exit=-13 a0=ffffff9c a1=7fcf7d5458 a2=88000 a3=0 items=0 ppid=5287 pid=22540 auid=4294967295 uid=10230 gid=10230 euid=10230 suid=10230 fsuid=10230 egid=10230 sgid=10230 fsgid=10230 tty=(none) ses=4294967295 comm="id.partnersetup" exe="/system/bin/app_process64" subj=u:r:priv_app:s0:c512,c768 key=(null)
07-10 01:10:37.374  5262  5262 E audit   : type=1327 audit(1688944237.373:69706): proctitle="zygote64"
07-10 01:10:37.377 22541 22541 I u.tele2.mytele2: Using CollectorTypeCC GC.
07-10 01:10:37.377 22540 22540 D ActivityThread: setConscryptValidator
07-10 01:10:37.377 22540 22540 D ActivityThread: setConscryptValidator - put
07-10 01:10:37.378 22542 22542 I ru.megafon.mlk: Using CollectorTypeCC GC.
07-10 01:10:37.380 22540 22554 W libc    : Access denied finding property "sys.perf.boostopt"
07-10 01:10:37.380  5262  5262 E audit   : type=1400 audit(1688944237.377:69707): avc:  denied  { read } for  pid=22540 comm="binder:22540_1" name="u:object_r:perf_prop:s0" dev="tmpfs" ino=10663 scontext=u:r:priv_app:s0:c512,c768 tcontext=u:object_r:perf_prop:s0 tclass=file permissive=0 SEPF_SM-A515F_13_0001 audit_filtered
07-10 01:10:37.380  5262  5262 E audit   : type=1300 audit(1688944237.377:69707): arch=c00000b7 syscall=56 success=no exit=-13 a0=ffffff9c a1=7b7d4452f8 a2=88000 a3=0 items=0 ppid=5287 pid=22540 auid=4294967295 uid=10230 gid=10230 euid=10230 suid=10230 fsuid=10230 egid=10230 sgid=10230 fsgid=10230 tty=(none) ses=4294967295 comm="binder:22540_1" exe="/system/bin/app_process64" subj=u:r:priv_app:s0:c512,c768 key=(null)
07-10 01:10:37.387 22541 22541 E u.tele2.mytele2: Not starting debugger since process cannot load the jdwp agent.
07-10 01:10:37.390 22542 22542 E ru.megafon.mlk: Not starting debugger since process cannot load the jdwp agent.
07-10 01:10:37.397 22541 22541 W libc    : Access denied finding property "sys.perf.boostopt"
07-10 01:10:37.398 22540 22554 W libc    : Access denied finding property "sys.perf.boostopt"
07-10 01:10:37.399 22542 22542 W libc    : Access denied finding property "sys.perf.boostopt"
07-10 01:10:37.400  5353  6075 V APM_AudioPolicyManager: setAppState(portId:1005, state:1)
07-10 01:10:37.401 22542 22542 D ActivityThread: setConscryptValidator
07-10 01:10:37.401 22542 22542 D ActivityThread: setConscryptValidator - put
07-10 01:10:37.401 22540 22540 D CompatibilityChangeReporter: Compat change id reported: 171979766; UID 10230; state: ENABLED
07-10 01:10:37.403 22542 22580 W libc    : Access denied finding property "sys.perf.boostopt"
07-10 01:10:37.405 22541 22578 W libc    : Access denied finding property "sys.perf.boostopt"
07-10 01:10:37.406 22541 22541 D ActivityThread: setConscryptValidator
07-10 01:10:37.406 22541 22541 D ActivityThread: setConscryptValidator - put
07-10 01:10:37.413 31102 31102 I Finsky  : [2] yvu.accept(68): SCH: Job 10-3 starting
07-10 01:10:37.417 31102 31102 I Finsky  : [2] yvu.accept(68): SCH: Job 10-7 starting
07-10 01:10:37.421  5353  5699 V APM_AudioPolicyManager: setAppState(portId:1005, state:1)
07-10 01:10:37.427 22542 22542 D CompatibilityChangeReporter: Compat change id reported: 171979766; UID 10298; state: ENABLED
07-10 01:10:37.428 22542 22580 W libc    : Access denied finding property "sys.perf.boostopt"
07-10 01:10:37.430 22540 22540 D nativeloader: Configuring classloader-namespace-shared for other apk /system/framework/org.apache.http.legacy.jar. target_sdk_version=33, uses_libraries=ALL, library_path=/product/priv-app/GooglePartnerSetup/lib/arm64:/system/lib64:/system/system_ext/lib64, permitted_path=/data:/mnt/expand:/data/user/0/com.google.android.partnersetup:/product/priv-app/GooglePartnerSetup:/system/lib64:/system/system_ext/lib64
07-10 01:10:37.430 22540 22540 D nativeloader: Extending system_exposed_libraries: libhumantracking.arcsoft.so:libPortraitDistortionCorrection.arcsoft.so:libPortraitDistortionCorrectionCali.arcsoft.so:libface_landmark.arcsoft.so:libFacialStickerEngine.arcsoft.so:libveengine.arcsoft.so:liblow_light_hdr.arcsoft.so:libhigh_dynamic_range.arcsoft.so:libFacialAttributeDetection.arcsoft.so:libBeauty_v4.camera.samsung.so:libexifa.camera.samsung.so:libjpega.camera.samsung.so:libOpenCv.camera.samsung.so:libImageScreener.camera.samsung.so:libMyFilter.camera.samsung.so:libtensorflowLite.myfilter.camera.samsung.so:libtensorflowlite_inference_api.myfilter.camera.samsung.so:libEventFinder.camera.samsung.so:libHIDTSnapJNI.camera.samsung.so:libSmartScan.camera.samsung.so:libRectify.camera.samsung.so:libDocRectifyWrapper.camera.samsung.so:libUltraWideDistortionCorrection.camera.samsung.so:libHpr_RecGAE_cvFeature_v1.0.camera.samsung.so:libHprFace_GAE_api.camera.samsung.so:libFace_Landmark_API.camera.samsung.so:libHprFace_GAE_jni.camera.samsung.so:libFacialBasedSelfieCorrec
07-10 01:10:37.434 31102 31102 I Finsky  : [2] yvu.accept(68): SCH: Job 10-8 starting
07-10 01:10:37.435 22541 22578 W libc    : Access denied finding property "sys.perf.boostopt"
07-10 01:10:37.437  5353  6075 V APM_AudioPolicyManager: setAppState(portId:1005, state:1)
07-10 01:10:37.443 22541 22541 D CompatibilityChangeReporter: Compat change id reported: 171979766; UID 10124; state: ENABLED
07-10 01:10:37.464 22540 22540 D nativeloader: Configuring classloader-namespace-shared for other apk /product/priv-app/GooglePartnerSetup/GooglePartnerSetup.apk. target_sdk_version=33, uses_libraries=, library_path=/product/priv-app/GooglePartnerSetup/lib/arm64:/system/lib64:/system/system_ext/lib64, permitted_path=/data:/mnt/expand:/data/user/0/com.google.android.partnersetup:/product/priv-app/GooglePartnerSetup:/system/lib64:/system/system_ext/lib64
07-10 01:10:37.467 22542 22542 D nativeloader: Configuring classloader-namespace for other apk /system/framework/org.apache.http.legacy.jar. target_sdk_version=31, uses_libraries=ALL, library_path=/data/app/~~eyf1e4n0mRJpaVq_cux2xg==/ru.megafon.mlk-SjDFhDRxxz5-a6mF8trX2g==/lib/arm64:/data/app/~~eyf1e4n0mRJpaVq_cux2xg==/ru.megafon.mlk-SjDFhDRxxz5-a6mF8trX2g==/base.apk!/lib/arm64-v8a:/data/app/~~eyf1e4n0mRJpaVq_cux2xg==/ru.megafon.mlk-SjDFhDRxxz5-a6mF8trX2g==/split_assetpack_games.apk!/lib/arm64-v8a:/data/app/~~eyf1e4n0mRJpaVq_cux2xg==/ru.megafon.mlk-SjDFhDRxxz5-a6mF8trX2g==/split_assetpack_onboardings.apk!/lib/arm64-v8a:/data/app/~~eyf1e4n0mRJpaVq_cux2xg==/ru.megafon.mlk-SjDFhDRxxz5-a6mF8trX2g==/split_config.arm64_v8a.apk!/lib/arm64-v8a:/data/app/~~eyf1e4n0mRJpaVq_cux2xg==/ru.megafon.mlk-SjDFhDRxxz5-a6mF8trX2g==/split_config.en.apk!/lib/arm64-v8a:/data/app/~~eyf1e4n0mRJpaVq_cux2xg==/ru.megafon.mlk-SjDFhDRxxz5-a6mF8trX2g==/split_config.ru.apk!/lib/arm64-v8a:/data/app/~~eyf1e4n0mRJpaVq_cux2xg==/ru.megafon.mlk-SjDFhDRxxz5-a6mF8trX2g==/split_config.xxhdpi.apk
07-10 01:10:37.467 22542 22542 D nativeloader: Extending system_exposed_libraries: libhumantracking.arcsoft.so:libPortraitDistortionCorrection.arcsoft.so:libPortraitDistortionCorrectionCali.arcsoft.so:libface_landmark.arcsoft.so:libFacialStickerEngine.arcsoft.so:libveengine.arcsoft.so:liblow_light_hdr.arcsoft.so:libhigh_dynamic_range.arcsoft.so:libFacialAttributeDetection.arcsoft.so:libBeauty_v4.camera.samsung.so:libexifa.camera.samsung.so:libjpega.camera.samsung.so:libOpenCv.camera.samsung.so:libImageScreener.camera.samsung.so:libMyFilter.camera.samsung.so:libtensorflowLite.myfilter.camera.samsung.so:libtensorflowlite_inference_api.myfilter.camera.samsung.so:libEventFinder.camera.samsung.so:libHIDTSnapJNI.camera.samsung.so:libSmartScan.camera.samsung.so:libRectify.camera.samsung.so:libDocRectifyWrapper.camera.samsung.so:libUltraWideDistortionCorrection.camera.samsung.so:libHpr_RecGAE_cvFeature_v1.0.camera.samsung.so:libHprFace_GAE_api.camera.samsung.so:libFace_Landmark_API.camera.samsung.so:libHprFace_GAE_jni.camera.samsung.so:libFacialBasedSelfieCorrec
07-10 01:10:37.481 22541 22541 D nativeloader: Configuring classloader-namespace for other apk /system/framework/org.apache.http.legacy.jar. target_sdk_version=33, uses_libraries=ALL, library_path=/data/app/~~MLobydwY5X3ZEdWdRERXJQ==/ru.tele2.mytele2-rQltir1V1et-lVDbEm59yg==/lib/arm64:/data/app/~~MLobydwY5X3ZEdWdRERXJQ==/ru.tele2.mytele2-rQltir1V1et-lVDbEm59yg==/base.apk!/lib/arm64-v8a:/data/app/~~MLobydwY5X3ZEdWdRERXJQ==/ru.tele2.mytele2-rQltir1V1et-lVDbEm59yg==/split_config.arm64_v8a.apk!/lib/arm64-v8a:/data/app/~~MLobydwY5X3ZEdWdRERXJQ==/ru.tele2.mytele2-rQltir1V1et-lVDbEm59yg==/split_config.en.apk!/lib/arm64-v8a:/data/app/~~MLobydwY5X3ZEdWdRERXJQ==/ru.tele2.mytele2-rQltir1V1et-lVDbEm59yg==/split_config.ru.apk!/lib/arm64-v8a:/data/app/~~MLobydwY5X3ZEdWdRERXJQ==/ru.tele2.mytele2-rQltir1V1et-lVDbEm59yg==/split_config.xxhdpi.apk!/lib/arm64-v8a, permitted_path=/data:/mnt/expand:/data/user/0/ru.tele2.mytele2
07-10 01:10:37.481 22541 22541 D nativeloader: Extending system_exposed_libraries: libhumantracking.arcsoft.so:libPortraitDistortionCorrection.arcsoft.so:libPortraitDistortionCorrectionCali.arcsoft.so:libface_landmark.arcsoft.so:libFacialStickerEngine.arcsoft.so:libveengine.arcsoft.so:liblow_light_hdr.arcsoft.so:libhigh_dynamic_range.arcsoft.so:libFacialAttributeDetection.arcsoft.so:libBeauty_v4.camera.samsung.so:libexifa.camera.samsung.so:libjpega.camera.samsung.so:libOpenCv.camera.samsung.so:libImageScreener.camera.samsung.so:libMyFilter.camera.samsung.so:libtensorflowLite.myfilter.camera.samsung.so:libtensorflowlite_inference_api.myfilter.camera.samsung.so:libEventFinder.camera.samsung.so:libHIDTSnapJNI.camera.samsung.so:libSmartScan.camera.samsung.so:libRectify.camera.samsung.so:libDocRectifyWrapper.camera.samsung.so:libUltraWideDistortionCorrection.camera.samsung.so:libHpr_RecGAE_cvFeature_v1.0.camera.samsung.so:libHprFace_GAE_api.camera.samsung.so:libFace_Landmark_API.camera.samsung.so:libHprFace_GAE_jni.camera.samsung.so:libFacialBasedSelfieCorrec
07-10 01:10:37.482 31102 31102 I Finsky  : [2] yvh.r(4): SCH: jobFinished: 10-3. TimeElapsed: 10ms.
07-10 01:10:37.484 31102 22452 I Finsky  : [463] zhz.a(118): SCH: Satisfied jobs for 9007 are: 10-1, 10-3, 10-7, 10-8, 10-9, 10-10, 10-12, 10-14, 10-15, 10-16, 10-18, 10-20, 10-22, 10-23, 10-25, 10-27, 10-28, 10-30, 10-31, 10-33, 10-39, 10-40, 10-41, 10-42, 10-46, 10-47, 10-48, 10-50, 10-51, 10-52, 10-53, 10-54, 10-55, 10-57, 10-59, 10-61, 10-62, 10-66, 10-68, 10-69, 10-71, 10-73, 10-82, 10-83, 10-87, 10-89, 10-91, 10-94, 10-95, 10-96, 10-98, 10-104, 10-105, 10-107, 10-111, 10-113, 10-120, 10-127, 10-130, 10-132
07-10 01:10:37.493 22540 22540 V GraphicsEnvironment: ANGLE Developer option for 'com.google.android.partnersetup' set to: 'default'
07-10 01:10:37.493 22540 22540 V GraphicsEnvironment: ANGLE GameManagerService for com.google.android.partnersetup: false
07-10 01:10:37.494 22540 22540 V GraphicsEnvironment: Neither updatable production driver nor prerelease driver is supported.
07-10 01:10:37.495 31102 31361 I Finsky  : [141] yct.accept(36): SCH: Scheduling phonesky job Id: 1-1337, CT: 1688944237349, Constraints: [{ L: 43170044, D: 86370044, C: 1, I: 1, N: 1 }]
07-10 01:10:37.501 22540 22540 D NetworkSecurityConfig: No Network Security Config specified, using platform default
07-10 01:10:37.506 22540 22540 D NetworkSecurityConfig: No Network Security Config specified, using platform default
07-10 01:10:37.510 16924 16924 D BoundBrokerSvc: onBind: Intent { act=com.google.android.gms.udc.service.START dat=chimera-action:/... cmp=com.google.android.gms/.chimera.PersistentApiService }
