07-10 00:49:58.350 11611 11645 I TestRunner: started: valuePreserveBoxFloat(org.jetbrains.android_benchmark.BoxRecreationBenchmark)
07-10 00:49:58.354 11611 11611 I MonitoringInstr: Activities that are still in CREATED to STOPPED: 1
07-10 00:49:58.355 11611 11611 I MonitoringInstr: Finishing activity: androidx.benchmark.IsolationActivity@c9a4959
07-10 00:49:58.361 11611 11645 I GrantPermissionCallable: Permission: android.permission.WRITE_EXTERNAL_STORAGE is already granted!
07-10 00:49:58.361 11611 11645 I GrantPermissionCallable: Permission: android.permission.READ_EXTERNAL_STORAGE is already granted!
07-10 00:49:58.361 11611 11645 D Benchmark: -- Running org.jetbrains.android_benchmark.BoxRecreationBenchmark#valuePreserveBoxFloat --
07-10 00:49:58.361 11611 11645 D PerfettoCapture: Supported ABIs: arm64-v8a, armeabi-v7a, armeabi
07-10 00:49:58.361 11611 11645 D PerfettoCapture: Recording perfetto trace
07-10 00:49:58.401 11611 11645 I PerfettoCapture: Cleanup perfetto before starting.
07-10 00:49:58.604  5353  5543 V APM_AudioPolicyManager: setAppState(portId:1005, state:1)
07-10 00:49:58.604  5674  5745 W libprocessgroup: Failed to open /dev/blkio//cgroup.procs: No such file or directory
07-10 00:49:58.610 11611 11645 I PerfettoCapture: Perfetto output file cleanup -
07-10 00:49:58.610 11611 11645 I PerfettoCapture: Starting perfetto tracing with cmd: cat /storage/emulated/0/Android/data/org.jetbrains.android_benchmark.test/cache/trace_config.pb | perfetto --background -c - -o /data/misc/perfetto-traces/trace_output.pb
07-10 00:49:58.633 10639 10639 I SCS@AiSearch user 0: (ObserverWorker::AOSP_MP) [main] entering in startWork():
07-10 00:49:58.633 10639 10639 I SCS@AiSearch user 0: (BaseCollector::AOSP_MP) [main] entering in onChange():
07-10 00:49:58.634 10639 10825 I SCS@AiSearch user 0: (BaseCollector::AOSP_MP) [AOSP_MP-0] entering in collectChanges():
07-10 00:49:58.648  5674  6523 D PackageManager: setEnabledSetting : userId = 0 packageName = com.samsung.android.scs cmp = androidx.work.impl.background.systemalarm.RescheduleReceiver newState = 1 callingPackage = 10380/com.samsung.android.scs
07-10 00:49:58.650  5674  6523 D ApplicationPolicy: getApplicationStateEnabled : pkg = com.samsung.android.scs userId : 0
07-10 00:49:58.652  5674  6523 D ApplicationPolicy: getApplicationComponentState : pkg = com.samsung.android.scs userId : 0
07-10 00:49:58.783 17495 17495 I perfetto:    perfetto_cmd.cc:1001 Connected to the Perfetto traced service, starting tracing
07-10 00:49:58.785  5436  5436 I perfetto: ing_service_impl.cc:953 Configured tracing session 307, #sources:4, duration:0 ms, #buffers:2, total buffer size:36864 KB, total sessions:1, uid:2000 session name: ""
07-10 00:49:58.787  5424  5424 I perfetto:  probes_producer.cc:139 Ftrace setup (target_buf=613)
07-10 00:49:58.812  5674  7726 D SemWifiUsabilityStatsMonitor: onWifiUsabilityStats - seqNum 21227, isSameBssidAndFreq true
07-10 00:49:58.816  6461  6461 D NetworkController.WifiSignalController: notifyListener: visible=true, connected=true, inetCondition=1, isDefault=true, wifiTestReported=true, receivedInetCondition=-1, hideDuringMobileSwitching=false
07-10 00:49:58.820  5674  6128 I SemWifiLinkQualityMonitor: Link Qos Query: 0.134 ms / 59.547 Mbps (263 / 0.000 / 4.417)
07-10 00:49:58.826 11611 11645 I PerfettoCapture: Perfetto output - 17495
07-10 00:49:58.826 11611 11645 I PerfettoCapture: EXITCODE=0
07-10 00:49:58.850  4380  4380 I hwservicemanager: getTransport: Cannot find entry android.hardware.atrace@1.0::IAtraceDevice/default in either framework or device VINTF manifest.
07-10 00:49:58.860  9837 10033 I SemDvfsHyPerManager: acquire hyper - SIOP_ARM_MAX/9837@2, type = 301993986
07-10 00:49:58.861 10639 10825 I SCS@AiSearch user 0: (BaseCollector::AOSP_MP) fetchInternal values : maxSyncId: 1000028446 indexCount: 19466 sourceCount: 19466
07-10 00:49:58.862  5313  5394 I HYPER-HAL: [RequestManager.cpp]acquire(): Acquired ID : 48407882  [9837 / 2]    HINT :      list : [CPUMaxFreq / 2210000]
07-10 00:49:58.874  5424  5424 I perfetto:    ftrace_procfs.cc:335 enabled ftrace in /sys/kernel/tracing/
07-10 00:49:58.914 11611 11645 I PerfettoCapture: Perfetto tracing started successfully with pid 17495.
07-10 00:49:58.971 10639 10825 I SCS@AiSearch user 0: (IndexManager) [AOSP_MP-0] entering in addIndex():
07-10 00:49:58.977 10639 10825 I SCS@AiSearch user 0: (BaseCollector::AOSP_MP) fetch: fetching took  220 ms
07-10 00:49:58.977 10639 10825 I SCS@AiSearch user 0: (BaseCollector::AOSP_MP) fetchChanges: applied 0 items
07-10 00:49:58.978 10639 10825 I SCS@AiSearch user 0: (BaseCollector::AOSP_MP) Collect finished. Result: true
07-10 00:49:58.980 10639 10825 I SCS@AiSearch user 0: (BaseCollector::AOSP_MP) enqueue ObserverWorker name: com.sec.android.app.myfiles, policy: APPEND_OR_REPLACE
07-10 00:49:58.981 10639 10782 I WM-WorkerWrapper: Worker result SUCCESS for Work [ id=d8503099-bfca-445a-b1b4-ae08529a6170, tags={ com.sec.android.app.myfiles, com.samsung.android.scs.ai.search.data.collector.ObserverWorker } ]
07-10 00:49:58.998  5353  5543 V APM_AudioPolicyManager: setAppState(portId:1005, state:1)
07-10 00:49:59.000 11611 11645 I PerfettoCapture: /sys/kernel/tracing/tracing_on = 1, polled 0 times, capture fully started
07-10 00:49:59.005 11611 11645 D Benchmark: Set 11645 (Bench thread) to priority -20. Was -8, now -20
07-10 00:49:59.005 11611 11645 D Benchmark: Set 11624 (Jit) to priority -15. Was 9, now -15
07-10 00:49:59.015  5353  5543 V APM_AudioPolicyManager: setAppState(portId:1005, state:1)
07-10 00:49:59.031  5325  5325 E sehhealth-service: Could not open /sys/class/power_supply/battery/lrp
07-10 00:49:59.046 11611 11645 I _benchmark.test: Explicit concurrent copying GC freed 282097(7095KB) AllocSpace objects, 1(20KB) LOS objects, 67% free, 2979KB/9123KB, paused 531us,101us total 40.048ms
07-10 00:49:59.088  5674  9952 D PackageManager: setEnabledSetting : userId = 0 packageName = com.samsung.android.scs cmp = androidx.work.impl.background.systemalarm.RescheduleReceiver newState = 1 callingPackage = 10380/com.samsung.android.scs
07-10 00:49:59.090  5674  9952 D ApplicationPolicy: getApplicationStateEnabled : pkg = com.samsung.android.scs userId : 0
07-10 00:49:59.091  5674  9952 D ApplicationPolicy: getApplicationComponentState : pkg = com.samsung.android.scs userId : 0
07-10 00:50:00.008  6461  6461 D KeyguardUpdateMonitor: received broadcast android.intent.action.TIME_TICK
07-10 00:50:00.009  6461  6461 D KeyguardUpdateMonitor: handleTimeUpdate
07-10 00:50:00.013  6461  6461 D FaceWidgetPagesController: onTimeChanged()
07-10 00:50:00.013  6461  7078 D QSClockBellTower: onReceive(android.intent.action.TIME_TICK) mTimeZoneString:null
07-10 00:50:00.077  6461  6461 D QSClockBellTower: He is ready to ring the bell. (((QSClockBellSound - TimeText:00:50, TimeContentDescription:00:50, DateText:Mon, 10 July, ShortDateText:Mon, 10 Jul, Demo:false, QuickStar-Second(false|12:34:56))))
07-10 00:50:00.078  6461  6461 D QSClockIndicatorView: Home Indicator status_bar_clock 00:50 notifyTimeChanged(QSClockBellSound - TimeText:00:50, TimeContentDescription:00:50, DateText:Mon, 10 July, ShortDateText:Mon, 10 Jul, Demo:false, QuickStar-Second(false|12:34:56)) ClockVisibleByPolicy:true, ClockVisibleByUser:true, visible?false, parent:android.widget.LinearLayout{503272 V.E...... ......I. 0,0-0,55 #7f0b04f0 app:id/left_clock_container}
07-10 00:50:00.079  6461  6461 D QSClockBellTower: Everyone heard the bell. run(currentTime:1688943000075,   getTime():Mon Jul 10 00:50:00 GMT+02:00 2023,   getTimeZone():libcore.util.ZoneInfo[mDstSavings=3600000,mUseDst=true,mDelegate=[id="Europe/Belgrade",mRawOffset=3600000,mEarliestRawOffset=4920000,transitions=119]])
07-10 00:50:00.090  6461  6461 I FaceWidgetPositionAlgorithm: getClockContainerHeight() supplier = 270, bottom margin = 0, real height = 333
07-10 00:50:00.091  6461  6461 I FaceWidgetPositionAlgorithm: getClockContainerHeight() supplier = 270, bottom margin = 63, real height = 333
07-10 00:50:00.091  6461  6461 I FaceWidgetPositionAlgorithm: getMediaContainerHeight() height = 0 container Visibility = 8, isValid = false, mIsDozing = false, fraction = 1.0, source = 0, target = 0
07-10 00:50:00.091  6461  6461 I FaceWidgetPositionAlgorithm: getMediaContainerHeight() supplier = 0
07-10 00:50:00.092  6461  6461 V QsExpandAnimator: setQsExpansionPosition 0.0
07-10 00:50:00.095  6461  6461 V QsExpandAnimator: updateAnimators
07-10 00:50:00.095  6461  6461 V QsExpandAnimator: clearAnimationState
07-10 00:50:00.096  6461  6461 V QsExpandAnimator: updateViews
07-10 00:50:00.097  6461  6461 V QsExpandAnimator: updateTileAnimator
07-10 00:50:00.099  6461  6461 V QsExpandAnimator: updateHeaderAnimator
07-10 00:50:00.099  6461  6461 V QsExpandAnimator: updateBarAnimator
07-10 00:50:00.099  6461  6461 V QsExpandAnimator: setQsExpansionPosition 0.0
07-10 00:50:00.099  6461  6461 V QsExpandAnimator: onAnimationAtStart
07-10 00:50:00.364 22079 22079 I wpa_supplicant: nl80211: Drv Event 34 (NL80211_CMD_NEW_SCAN_RESULTS) received for wlan0
07-10 00:50:00.365 22079 22079 I wpa_supplicant: wlan0: nl80211: New scan results available
07-10 00:50:00.367 22079 22079 I wpa_supplicant: nl80211: Scan probed for SSID ''
07-10 00:50:00.369 22079 22079 I wpa_supplicant: nl80211: Scan included frequencies: 2412 2417 2422 2427 2432 2437 2442 2447 2452 2457 2462 2467 2472 5180 5200 5220 5240 5260 5280 5300 5320 5745 5765 5785 5805 5825
07-10 00:50:00.371  6576 22194 D IpClient/wlan0: interfaceLinkStateChanged: ifindex 11 up
07-10 00:50:00.369  5674  6523 D WifiNl80211Manager: Scan result ready event
07-10 00:50:00.371  5674  6523 D WifiNative: Scan result ready event
07-10 00:50:00.436  5674  6115 D SemWifiScanPool: remove old scan results, size:7
07-10 00:50:00.439  5674  6115 D SemWifiScanPool: countryCode: RS, count: 9, totalSamples: 12, rate: 75.0%
07-10 00:50:00.440  5674  6115 V SemWifiScanPool: updateScanResult, full scan:20 configKeys: 16 pool_bssid:29 pool_configKeys:21
07-10 00:50:00.442  5674  6115 D WifiConnectivityMonitor: onScanResultUpdated
07-10 00:50:00.443  5674  6115 D WifiConnectivityMonitor: mMaxScannedCountryCode : RS
07-10 00:50:00.519  5674  5690 I system_server: Background young concurrent copying GC freed 258648(10MB) AllocSpace objects, 34(784KB) LOS objects, 8% free, 114MB/126MB, paused 2.395ms,236us total 100.551ms
07-10 00:50:00.534  5674  5692 W System  : A resource failed to call close.
07-10 00:50:00.556  5674  7463 V LocationManagerService: network provider registration 10234/com.google.android.as/403464A0 dropped delivery - too close
07-10 00:50:00.558  7284  7370 I NlpMonitor_FLP: monitorNlp, package=system(slocation)/ interval=0
07-10 00:50:00.562  5674  7463 V LocationManagerService: passive provider registration 1000/android[SensorNotificationService]/3DC7BFCB dropped delivery - too close
07-10 00:50:00.563  5674  7463 V LocationManagerService: passive provider registration 5023/com.samsung.android.networkdiagnostic/4FDF9C6D dropped delivery - too close
07-10 00:50:00.563  5674  6793 D SLocation: PositionManager - ActiveonLocationChanged network 1688943000360
07-10 00:50:00.564  5674  6793 D SLocation: ARDistanceBigData - BIGDATA ARD - receive location
07-10 00:50:00.564  5674  6793 D SLocation: ARDistanceBigData - BIGDATA ARD - end log 67, 144497397___BIGDATA ARD - end log 68, 144497397___BIGDATA ARD - end log 69, 144497397___BIGDATA ARD - end log 70, 144497397___BIGDATA ARD - end log 71, 144497397___BIGDATA ARD - end log 72, 144497397___BIGDATA ARD - end log 73, 144497397___BIGDATA ARD - end log 74, 144497397___BIGDATA ARD - end log 75, 144497397___BIGDATA ARD - end log 76, 144497397___BIGDATA ARD - end log 77, 144497397___
07-10 00:50:00.564  5674  6793 D SLocation: ARDistanceBigData - BIGDATA ARD - unique id 78
07-10 00:50:00.564  5674  6793 D SLocation: GeopointGeofenceManager - Location reported : fix method = 2 / 16.653
07-10 00:50:00.565  5674  6793 D SLocation: NLPManager - removeUpdates - NLP
07-10 00:50:00.567  5674  6793 D LocationManagerService: network provider removed registration from 1000/android[SLocationService]/4FF31C5B
07-10 00:50:00.568  5674  6793 W Settings: Setting airplane_mode_on has moved from android.provider.Settings.System to android.provider.Settings.Global, returning read-only value.
07-10 00:50:00.568  7284  7370 E RequestManager_FLP: [LocationManager] Location remove 4FF31C5B from system
07-10 00:50:00.571  7284  7370 I LocationRequestData_FLP: Remove in requestInfoList, 4FF31C5B / ListSize[network]=1
07-10 00:50:00.572  5674  6793 D SLocation: SLocationCoreSem - send to coreSem, packet length : 23 / [2, 26, 183, 30, 61, 12, 49, 248, 42, 0, 0, 0, 16, 2, 0, 0, 1, 137, 60, 216, 251, 40, 0]
07-10 00:50:00.572  5674  6793 D SemContextLocationCoreAttribute: setAttribute() mode : 0 action : 23
07-10 00:50:00.573  5674  6793 D SemContextService: lock : changeParameters
07-10 00:50:00.573  5674  6793 D SemContext.CaeProvider.LocationCoreImpl: setAttribute() mode : 0 action : 23
07-10 00:50:00.579  5674  6793 W CAE     : setCAProperty(ContextAwareService.java:513) - [setProperty 01] Mutex is locked for SLOCATION_RUNNER
07-10 00:50:00.580  5674  6793 I CAE     : setPropertyValue(SLocationRunner.java:116) - SLocationRunner setProperty header : 2, len : 23
07-10 00:50:00.580  5674  6793 I CAE     : sendCmdToSensorHub(SensorHubCommManager.java:156) - -63, 23, 55, 2, 26, -73, 30, 61, 12, 49, -8, 42, 0, 0, 0, 16, 2, 0, 0, 1, -119, 60, -40, -5, 40, 0,
07-10 00:50:00.582  5674  5862 D SensorService: setSContextDataLocked ints length 8 , byte length 26
07-10 00:50:00.582  5674  5862 D SensorService: setSContextDataLocked 23717c1
07-10 00:50:00.583  5306  5306 I SensorsHub: SContextSensor::injecet_sensor_data
07-10 00:50:00.584  5306  5306 D SensorsHub: c1 17 37 02 1a b7 1e 3d 0c 31 f8 2a 00 00 00 10
07-10 00:50:00.584  5306  5306 D SensorsHub: 02 00 00 01 89 3c d8 fb 28 00
07-10 00:50:00.584  5306  5306 D SensorsHub: inject_scontext_data: New ssp_data_injection_fd(28)
07-10 00:50:00.584  5306  5306 D SensorsHub: SContext Data Injection return 26
07-10 00:50:00.585  5306  5327 I SensorsHub: context 10 0 9 1,1,55,0,5,2,2,0,0,0, 144497417918369
07-10 00:50:00.585  5674  6793 W CAE     : setCAProperty(ContextAwareService.java:519) - [setProperty 02] Mutex is unlocked for SLOCATION_RUNNER
07-10 00:50:00.585  5674  6793 D SemContextService: unlock : changeParameters
07-10 00:50:00.585  5674  5859 D SensorHubManager: onGetSensorHubDataLocked: library(10) = 1, 1, 55, 0, 5, 2, 2, 0, 0, 0
07-10 00:50:00.585  5674  6793 D SemContextManager:   .changeParameters : listener = com.samsung.android.location.semcontext.a@459a70d, service=SLocation Core
07-10 00:50:00.586  5674  5860 D CAE     : onGetSensorHubData(SensorHubParserProvider.java:89) - onGetSensorHubData Event [event buffer len :10], AP_WAKEUP
07-10 00:50:00.586  5674  5860 I CAE     : parse(SensorHubParserProvider.java:190) - buffer size = 10
07-10 00:50:00.587  5674  5860 I CAE     : parse(SensorHubParserProvider.java:201) - 1, 1, 55, 0, 5, 2, 2, 0, 0, 0,
07-10 00:50:00.587  5674  5860 I CAE     : parse(SLocationRunner.java:88) - SLocationRunner parse start : 3
07-10 00:50:00.588  5674  5860 D CAE     : display(ContextProvider.java:375) - ================= SLOCATION_RUNNER =================
07-10 00:50:00.588  5674  6793 D SLocation: ARDistanceLibManager - request distance diff to AR Distance Library
07-10 00:50:00.588  5674  6793 D SLocation: SLocationCoreSem - send to coreSem, packet length : 1 / [34]
07-10 00:50:00.588  5674  5860 I CAE     : display(ContextProvider.java:391) - ExtraDataArray=[1, 1, 55, 0, 5, 2, 2, 0, 0, 0]
07-10 00:50:00.588  5674  6793 D SemContextLocationCoreAttribute: setAttribute() mode : 0 action : 23
07-10 00:50:00.589  5674  6793 D SemContextService: lock : changeParameters
07-10 00:50:00.589  5674  5860 I CAE     : parse(SLocationRunner.java:96) - SLocationRunner parse end:10
07-10 00:50:00.589  5674  6793 D SemContext.CaeProvider.LocationCoreImpl: setAttribute() mode : 0 action : 23
07-10 00:50:00.589 16924 17836 W SystemServiceRegistry: No service published for: wifirtt
07-10 00:50:00.589  5674  6793 W CAE     : setCAProperty(ContextAwareService.java:513) - [setProperty 01] Mutex is locked for SLOCATION_RUNNER
07-10 00:50:00.590  5674  6793 I CAE     : setPropertyValue(SLocationRunner.java:116) - SLocationRunner setProperty header : 34, len : 1
07-10 00:50:00.590  5674  5857 D SemContextService: Service.updateContext() : service = SLocation Core
07-10 00:50:00.590  5674  6793 I CAE     : sendCmdToSensorHub(SensorHubCommManager.java:156) - -63, 23, 55, 34,
07-10 00:50:00.591  5674  5862 D SensorService: setSContextDataLocked ints length 2 , byte length 4
07-10 00:50:00.591  5674  5862 D SensorService: setSContextDataLocked 223717c1
07-10 00:50:00.591  5674  5674 D SemContextManager: onSemContextChanged() : event = SLocation Core
07-10 00:50:00.591  5674  5674 D SLocation: SLocationCoreSem - SemContextChanged type = 47, packet received
07-10 00:50:00.591  5306  5306 I SensorsHub: SContextSensor::injecet_sensor_data
07-10 00:50:00.591  5306  5306 D SensorsHub: c1 17 37 22
07-10 00:50:00.591  5306  5306 D SensorsHub: inject_scontext_data: New ssp_data_injection_fd(28)
07-10 00:50:00.591  5306  5306 D SensorsHub: SContext Data Injection return 4
07-10 00:50:00.592  5674  6793 W CAE     : setCAProperty(ContextAwareService.java:519) - [setProperty 02] Mutex is unlocked for SLOCATION_RUNNER
07-10 00:50:00.592  5674  6793 D SemContextService: unlock : changeParameters
07-10 00:50:00.592  5674  6793 D SemContextManager:   .changeParameters : listener = com.samsung.android.location.semcontext.a@459a70d, service=SLocation Core
07-10 00:50:00.592  5306  5327 I SensorsHub: context 38 0 37 1,1,55,0,33,33,0,0,0,0,23,112,73,106,186,2,38,0,26,183,29,32,12,50,3,0,0,0,0,37,4,225,213,8,0,0,5,63, 144497425590138
07-10 00:50:00.593  5674  6793 D SLocation: PositionManager - onLocationChanged - filter passive location because it same active location
07-10 00:50:00.593  5306  5327 I SensorsHub: context 10 0 9 1,1,55,0,5,2,34,0,0,0, 144497425612484
07-10 00:50:00.593  5674  6793 D SLocation: LocationProcessingAlgorithm - entry condition - dist : 4653.4404 padding : 0.0, accuracy : 16.653, provider : network, dir : 2
07-10 00:50:00.593  5674  6793 D SLocation: LocationProcessingAlgorithm - entry condition - dist : 3807523.0 padding : 0.0, accuracy : 16.653, provider : network, dir : 2
07-10 00:50:00.593  5674  6793 D SLocation: LocationProcessingAlgorithm - entry condition - dist : 90750.1 padding : 0.0, accuracy : 16.653, provider : network, dir : 2
07-10 00:50:00.593  5674  6793 D SLocation: LocationProcessingAlgorithm - entry condition - dist : 3807946.8 padding : 0.0, accuracy : 16.653, provider : network, dir : 2
07-10 00:50:00.593  5674  6793 D SLocation: LocationProcessingAlgorithm - entry condition - dist : 683.33246 padding : 0.0, accuracy : 16.653, provider : network, dir : 2
07-10 00:50:00.593  5674  6793 D SLocation: LocationProcessingAlgorithm - entry condition - dist : 1917396.2 padding : 0.0, accuracy : 16.653, provider : network, dir : 2
07-10 00:50:00.593  5674  6793 D SLocation: LocationProcessingAlgorithm - entry condition - dist : 13350.992 padding : 0.0, accuracy : 16.653, provider : network, dir : 2
07-10 00:50:00.593  5674  6793 D SLocation: LocationProcessingAlgorithm - entry condition - dist : 3807946.8 padding : 0.0, accuracy : 16.653, provider : network, dir : 2
07-10 00:50:00.593  5674  6793 D SLocation: LocationProcessingAlgorithm - entry condition - dist : 1801176.9 padding : 0.0, accuracy : 16.653, provider : network, dir : 2
07-10 00:50:00.593  5674  5859 D SensorHubManager: onGetSensorHubDataLocked: library(38) = 1, 1, 55, 0, 33, 33, 0, 0, 0, 0, 23, 112, 73, 106, -70, 2, 38, 0, 26, -73, 29, 32, 12, 50, 3, 0, 0, 0, 0, 37, 4, -31, -43, 8, 0, 0, 5, 63
07-10 00:50:00.594  5674  5859 D SensorHubManager: onGetSensorHubDataLocked: library(10) = 1, 1, 55, 0, 5, 2, 34, 0, 0, 0
07-10 00:50:00.594  5674  6793 D SLocation: LocationProcessingAlgorithm - entry condition - dist : 662.64606 padding : 0.0, accuracy : 16.653, provider : network, dir : 2
07-10 00:50:00.594  5674  6793 D SLocation: ReceiverPairWithWifi - ignore direction of location due to wifi, id =11reason=400
07-10 00:50:00.594  5674  5860 D CAE     : onGetSensorHubData(SensorHubParserProvider.java:89) - onGetSensorHubData Event [event buffer len :38], AP_WAKEUP
07-10 00:50:00.594  5674  5860 I CAE     : parse(SensorHubParserProvider.java:190) - buffer size = 38
07-10 00:50:00.595  5674  6793 D SLocation: LocationProcessingAlgorithm - entry condition - dist : 428.62183 padding : 0.0, accuracy : 16.653, provider : network, dir : 1
07-10 00:50:00.595  5674  6793 D SLocation: GeopointReceiver - send geopoint result - 1
07-10 00:50:00.595  5674  5860 I CAE     : parse(SensorHubParserProvider.java:201) - 1, 1, 55, 0, 33, 33, 0, 0, 0, 0, 23, 112, 73, 106, -70, 2, 38, 0, 26, -73, 29, 32, 12, 50, 3, 0, 0, 0, 0, 37, 4, -31, -43, 8, 0, 0, 5, 63,
07-10 00:50:00.595  5674  5860 I CAE     : parse(SLocationRunner.java:88) - SLocationRunner parse start : 3
07-10 00:50:00.595  5674  5860 D CAE     : display(ContextProvider.java:375) - ================= SLOCATION_RUNNER =================
07-10 00:50:00.596  5674  5860 I CAE     : display(ContextProvider.java:391) - ExtraDataArray=[1, 1, 55, 0, 33, 33, 0, 0, 0, 0, 23, 112, 73, 106, -70, 2, 38, 0, 26, -73, 29, 32, 12, 50, 3, 0, 0, 0, 0, 37, 4, -31, -43, 8, 0, 0, 5, 63]
07-10 00:50:00.597  5674  5860 I CAE     : parse(SLocationRunner.java:96) - SLocationRunner parse end:38
07-10 00:50:00.597  5674  6793 I SLocation: SemContextParser -  parse start : 3
07-10 00:50:00.597  5674  6793 I SLocation: SemContextParser -  packet Length : 5packet total size : 10
07-10 00:50:00.597  5674  6793 I SLocation: SemContextParser - packet : [2, 2, 0, 0, 0]
07-10 00:50:00.597  5674  5860 D CAE     : onGetSensorHubData(SensorHubParserProvider.java:89) - onGetSensorHubData Event [event buffer len :10], AP_WAKEUP
07-10 00:50:00.597  5674  5860 I CAE     : parse(SensorHubParserProvider.java:190) - buffer size = 10
07-10 00:50:00.598  5674  5674 D SemContextManager: onSemContextChanged() : event = SLocation Core
07-10 00:50:00.598  5674  5674 D SLocation: SLocationCoreSem - SemContextChanged type = 47, packet received
07-10 00:50:00.598  5674  5860 I CAE     : parse(SensorHubParserProvider.java:201) - 1, 1, 55, 0, 5, 2, 34, 0, 0, 0,
07-10 00:50:00.598  5674  5860 I CAE     : parse(SLocationRunner.java:88) - SLocationRunner parse start : 3
07-10 00:50:00.599  5674  5860 D CAE     : display(ContextProvider.java:375) - ================= SLOCATION_RUNNER =================
07-10 00:50:00.599  5674  5860 I CAE     : display(ContextProvider.java:391) - ExtraDataArray=[1, 1, 55, 0, 5, 2, 34, 0, 0, 0]
07-10 00:50:00.599  5674  6793 D SLocation: GeofenceCoreManager - received Extra Data from core, len : 5
07-10 00:50:00.600  5674  6793 D SLocation: GeofenceCoreManager - handleCommandCallback - UNKNOWN_CALLBACK 2 SUCCESS
07-10 00:50:00.600  5674  6793 D SLocation: CommonCoreManager - received Extra Data from core, len : 5
07-10 00:50:00.600  5674  6793 D SLocation: CommonCoreManager - handleCommandCallback - FUNC_TYPE : SET_LOCATION ERROR_CODE : ERROR_NONE
07-10 00:50:00.600  5674  6793 I SLocation: SemContextParser -  parse start : 3
07-10 00:50:00.600  5674  5860 I CAE     : parse(SLocationRunner.java:96) - SLocationRunner parse end:10
07-10 00:50:00.600  5674  6793 I SLocation: SemContextParser -  packet Length : 33packet total size : 38
07-10 00:50:00.600  5674  6793 I SLocation: SemContextParser - packet : [33, 0, 0, 0, 0, 23, 112, 73, 106, -70, 2, 38, 0, 26, -73, 29, 32, 12, 50, 3, 0, 0, 0, 0, 37, 4, -31, -43, 8, 0, 0, 5, 63]
07-10 00:50:00.600  5674  6793 D SLocation: GeofenceCoreManager - received Extra Data from core, len : 33
07-10 00:50:00.600  5674  6793 D SLocation: ARDistanceGetARDistance - convertSensorHubTimeToElapsedTime 1688928894201496833
07-10 00:50:00.600  5674  5857 D SemContextService: Service.updateContext() : service = SLocation Core
07-10 00:50:00.601  5674  5857 D SemContextService: Service.updateContext() : service = SLocation Core
07-10 00:50:00.601  5674  6793 D SLocation: ARDistanceGetARDistance - invalid location time from core pvt 1688928894201496833, do not use distance info
07-10 00:50:00.601  5674  6793 D SLocation: CommonCoreManager - received Extra Data from core, len : 33
07-10 00:50:00.601  5674  5674 D SemContextManager: onSemContextChanged() : event = SLocation Core
07-10 00:50:00.601  5674  5674 D SLocation: SLocationCoreSem - SemContextChanged type = 47, packet received
07-10 00:50:00.602  5674  6793 I SLocation: SemContextParser -  parse start : 3
07-10 00:50:00.602  5674  6793 I SLocation: SemContextParser -  packet Length : 5packet total size : 10
07-10 00:50:00.602  5674  6793 I SLocation: SemContextParser - packet : [2, 34, 0, 0, 0]
07-10 00:50:00.602  5674  6793 D SLocation: GeofenceCoreManager - received Extra Data from core, len : 5
07-10 00:50:00.602  5674  6793 D SLocation: GeofenceCoreManager - handleCommandCallback - UNKNOWN_CALLBACK 34 SUCCESS
07-10 00:50:00.602  5674  6793 D SLocation: ARDistanceLibManager - command callback received - CURRENT_LOCATION_REQUEST_DISTANCE ERROR CODE : ERROR_NONE
07-10 00:50:00.603  5674  6793 D SLocation: CommonCoreManager - received Extra Data from core, len : 5
07-10 00:50:00.610 22079 22079 I wpa_supplicant: nl80211: Drv Event 33 (NL80211_CMD_TRIGGER_SCAN) received for wlan0
07-10 00:50:00.610 22079 22079 I wpa_supplicant: wlan0: nl80211: Scan trigger
07-10 00:50:00.618  6877  7137 I PhoneStateTracker<1>: onCellInfoChanged: xxxxx
07-10 00:50:00.618  6877  7137 I ImsCallSessionManager: onCellInfoChanged, phoneId: 1
07-10 00:50:00.618  6877  7137 I RegiMgr-Handler: handleMessage: EVENT_CELL_INFO_CHANGED
07-10 00:50:00.621  6877  7137 I RegiMgr<1>: updatePani RegisterTask[1][mProfile=Telenor Serbia IMS, mRegistrationRat=13, mPdnType=11, mState=REGISTERED, mObject=UserAgent - :
07-10 00:50:00.621  6877  7137 I RegiMgr<1>:  total records=822
07-10 00:50:00.621  6877  7137 I RegiMgr<1>:  rec[0]: time=07-10 00:28:05.093 processed=ReadyState org=RegisteredState dest=<null> what=34(0x22)
07-10 00:50:00.621  6877  7137 I RegiMgr<1>:  rec[1]: time=07-10 00:28:05.093 processed=RegisteredState org=RegisteredState dest=<null> what=2000(0x7d0)
07-10 00:50:00.621  6877  7137 I RegiMgr<1>:  rec[2]: time=07-10 00:33:30.273 processed=ReadyState org=RegisteredState dest=<null> what=34(0x22)
07-10 00:50:00.621  6877  7137 I RegiMgr<1>:  rec[3]: time=07-10 00:33:30.290 processed=RegisteredState org=RegisteredState dest=<null> what=2000(0x7d0)
07-10 00:50:00.621  6877  7137 I RegiMgr<1>:  rec[4]: time=07-10 00:33:33.631 processed=ReadyState org=RegisteredState dest=<null> what=34(0x22)
07-10 00:50:00.621  6877  7137 I RegiMgr<1>:  rec[5]: time=07-10 00:33:33.633 processed=RegisteredState org=RegisteredState dest=<null> what=2000(0x7d0)
07-10 00:50:00.621  6877  7137 I RegiMgr<1>:  rec[6]: time=07-10 00:38:59.728 processed=ReadyState org=RegisteredState dest=<null> what=34(0x22)
07-10 00:50:00.621  6877  7137 I RegiMgr<1>:  rec[7]: time=07-10 00:38:59.740 processed=RegisteredState org=RegisteredState dest=<null> what=2000(0x7d0)
07-10 00:50:00.621  6877  7137 I RegiMgr<1>:  rec[8]: time=07-10 00:39:02.885 processed=ReadyState org=RegisteredState dest=<null> what=34(0x22)
07-10 00:50:00.621  6877  7137 I RegiMgr<1>:  rec[9]: time=07-10 00:39:02.887 processed=RegisteredState org=RegisteredState dest=<null> what=2000(0x7d0)
07-10 00:50:00.621  6877  7137 I RegiMgr<1>:  rec[10]: time=07-10 00:44:28.639 processed=ReadyState org=RegisteredState dest=<null> what=34(0x22)
07-10 00:50:00.621  6877  7137 I RegiMgr<1>:  rec[11]: time=07-10 00:44:28.656 processed=RegisteredState org=RegisteredState dest=<null> what=2000(0x7d0)
07-10 00:50:00.621  6877  7137 I RegiMgr<1>:  rec[12]: time=07-10 00:44:31.547 processed=ReadyState org=RegisteredState dest=<null> what=34(0x22)
07-10 00:50:00.621  6877  7137 I RegiMgr<1>:  rec[13]: time=07-10 00:44:31.549 processed=RegisteredState org=RegisteredState dest=<null> what=2000(0x7d0)
07-10 00:50:00.621  6877  7137 I RegiMgr<1>:  rec[14]: time=07-10 00:46:23.476 processed=RegisteredState org=RegisteredState dest=<null> what=8(0x8)
07-10 00:50:00.621  6877  7137 I RegiMgr<1>:  rec[15]: time=07-10 00:46:23.732 processed=RegisteredState org=RegisteredState dest=<null> what=1000(0x3e8)
07-10 00:50:00.621  6877  7137 I RegiMgr<1>:  rec[16]: time=07-10 00:46:35.177 processed=ReadyState org=RegisteredState dest=<null> what=34(0x22)
07-10 00:50:00.621  6877  7137 I RegiMgr<1>:  rec[17]: time=07-10 00:46:35.179 processed=RegisteredState org=RegisteredState dest=<null> what=2000(0x7d0)
07-10 00:50:00.621  6877  7137 I RegiMgr<1>:  rec[18]: time=07-10 00:49:57.531 processed=ReadyState org=RegisteredState dest=<null> what=34(0x22)
07-10 00:50:00.621  6877  7137 I RegiMgr<1>:  rec[19]: time=07-10 00:49:57.532 processed=RegisteredState org=RegisteredState dest=<null> what=2000(0x7d0)
07-10 00:50:00.621  6877  7137 I RegiMgr<1>: curState=RegisteredState
07-10 00:50:00.621  6877  7137 I RegiMgr<1>: , mReason=, mPcscfHostname=null, mDeregiReason=41]
07-10 00:50:00.624  6877  7137 I PaniGenerator<1>: generate: subId=2, network=13
07-10 00:50:00.624  6877  7137 I PaniGenerator<1>: generate: network=13, fallbackPlmn=22001
07-10 00:50:00.624  6877  7137 I PdnController<1>: getAllCellInfo mNeedCellLocationUpdate : false
07-10 00:50:00.624  6877  7137 I PaniGenerator: generate: change to NW PLMN(22001)
07-10 00:50:00.624  6877  7137 I PaniGenerator: setLkcForLastPani: No Last PANI header for Telenor Serbia IMS
07-10 00:50:00.624  6877  7137 I UserAgent<1>: updatePani: pani=3GPP-E-UTRAN-FDD;utran-cell-id-3gpp=220012b7301a3e03, updatePani: lastPani=
07-10 00:50:00.624  6877  7320 I StackIF : updatePani: 15 pani: [3GPP-E-UTRAN-FDD;utran-cell-id-3gpp=220012b7301a3e03]
07-10 00:50:00.625  6877  7320 I SECIMSJ : [1517]> 140
07-10 00:50:00.625  6877  7137 I RegiMgr<1>: tryRegister:
07-10 00:50:00.625  6877  7330 I [IMS6.0]: IMS_onResponse()
07-10 00:50:00.625  6877  7137 I RegiMgr<0>: RegisterTask(s): Megafon VoLTE (IDLE)
07-10 00:50:00.625  6877  7330 I StackIF : processMessage 2
07-10 00:50:00.625  6877  7137 I RegiMgr<1>: RegisterTask(s): Telenor Serbia IMS (REGISTERED, rat = 13, service = [mmtel-video, smsip, mmtel]), Global GC RCS (IDLE)
07-10 00:50:00.625  6877  7137 I RcsPolicyMgr<1>: pendingRcsRegister: mActiveDataPhoneId = 1
07-10 00:50:00.626  6877  7137 I RcsPolicyMgr<1>: pendingRcsRegister: mActiveDataPhoneId = 1
07-10 00:50:00.626  6877  7137 I RegisterTask: isSuspended: mSuspended(false) mSuspendByIrat(false)
07-10 00:50:00.626  6877  7137 I RegiMgr<1>: [Global GC RCS|IDLE] checkForTryRegister id: 1003
07-10 00:50:00.626  6877  7137 I RegiMgr : isPdnConnected: false, PdnType: 1
07-10 00:50:00.626  6877  7330 I StackIF : Processing Response
07-10 00:50:00.626  6877  7330 I SECIMSJ : [1517]< 600
07-10 00:50:00.626  6877  7330 I StackIF : processResponse: reqId 600
07-10 00:50:00.626  6877  7330 I StackIF : processResponse: handle 15 result 0 reason 0
07-10 00:50:00.628  6877  7137 I PdnController: getDefaultNetworkBearer:  WIFI
07-10 00:50:00.629  6877  7137 I PdnController: isWifiConnected: [type: WIFI[], state: CONNECTED/CONNECTED, reason: (unspecified), extra: , failover: false, available: true, roaming: false]
07-10 00:50:00.630  6877  7137 I RegiMgr-Utils<1>: findBestNetwork: WIFI needWifiNetwork = true
07-10 00:50:00.631  6877  7137 I RegiGvnBase<1>: isReadyToDualRegister : true
07-10 00:50:00.633  6877  7137 I RegiMgr<1>: [Global GC RCS|IDLE] checkInitialRegistrationIsReady: APM ON [false], Roamimg [false]
07-10 00:50:00.633  6877  7137 I RcsPolicyMgr<1>: pendingRcsRegister: mActiveDataPhoneId = 1
07-10 00:50:00.633  6877  7137 I ImsProfile: isRttSupportByCallApp : false ttyType : 1
07-10 00:50:00.633  6877  7137 I RegiMgr-Utils<1>: getPriorityRegiedTask : isPriority  High? true
07-10 00:50:00.634  6877  7137 I RegiGvnBase: checkRegiStatus: getState()=IDLE mIsUpdateRegistering=false
07-10 00:50:00.634  6877  7137 I RegiMgr<1>: getTelephonyCallStatus:
07-10 00:50:00.639  6877  7137 I ConfigProvider: query uri:xxxxx
07-10 00:50:00.644  6877  7137 I ConfigProvider: queryStorage path content://com.samsung.rcs.autoconfigurationprovider/parameter/version#simslot1
07-10 00:50:00.651  6877  7137 E GlobalSettingsRepoBase: globalgcsettings No matched key : dual_rcs_policy
07-10 00:50:00.652  6877  7137 I ImsServiceSwitchEur[1]:  isRcsEnabled: true mDefaultSms true mUpsmEnabled false mEmergencyEnabled false
07-10 00:50:00.655  6877  7137 I ConfigTrigger<1>: isWaitAutoConfig:
07-10 00:50:00.655  6877  7137 E GlobalSettingsRepoBase: globalgcsettings No matched key : dual_rcs_policy
07-10 00:50:00.656  6877  7137 I ImsServiceSwitchEur[1]:  isRcsEnabled: true mDefaultSms true mUpsmEnabled false mEmergencyEnabled false
07-10 00:50:00.657  6877  7137 I RegiMgr-Utils: selectPdnType: rat=18pdn=1
07-10 00:50:00.657  6877  7137 I RegiMgr<1>: getServiceForNetwork: network 18
07-10 00:50:00.657  6877  7137 I RegiMgr<1>: getServiceForNetwork: service {options, chatbot-communication, ft_http, im, euc, gls}
07-10 00:50:00.664  6877  7137 I ConfigTrigger<1>: isValidAcsVersion:
07-10 00:50:00.664  6877  7137 E GlobalSettingsRepoBase: globalgcsettings No matched key : dual_rcs_policy
07-10 00:50:00.665  6877  7137 I ConfigProvider: query uri:xxxxx
07-10 00:50:00.672  6877  7137 I ConfigProvider: queryStorage path content://com.samsung.rcs.autoconfigurationprovider/parameter/version#simslot1
07-10 00:50:00.673  5674  7463 D SecContentProvider2: query(), uri = 18 selection = isRCSEnabled
07-10 00:50:00.673  5674  7463 I PhoneRestrictionPolicy: isRCSEnabledInternal(), showMsg: false, columnName: enableRCS
07-10 00:50:00.674  5674  7463 E PhoneRestrictionPolicy: getEmergencyCall >>false
07-10 00:50:00.674  5674  7463 I PhoneRestrictionPolicy: isRCSEnabledInternal(), showMsg: false, columnName: enableRCSForSimSlot1
07-10 00:50:00.674  5674  7463 E PhoneRestrictionPolicy: getEmergencyCall >>false
07-10 00:50:00.675  6877  7137 I ConfigTrigger<1>: RCS switch: true, version: 0, isRcsAcsCompleted: true
07-10 00:50:00.675  6877  7137 I ConfigTrigger<1>: version is improper : 0
07-10 00:50:00.677  6877  7137 I RegiGvnBase: isVideoCallEnabled: Enable
07-10 00:50:00.677  6877  7137 I RegiMgr<1>: getServiceForNetwork: filtered service []
07-10 00:50:00.677  6877  7137 I RegiMgr<1>: Global GC RCS: no ims service for current rat18
07-10 00:50:00.678  6877  7137 I PdnController: slot[1]: stopPdnConnectivity: network 1, callback is null
07-10 00:50:00.679  6877  7137 E PdnController<1>: requestStopNetwork: callback not found
07-10 00:50:00.679  6877  7137 E #IMSCR  : 07-10 00:50:00 0x1101000B:1,FILTERED ALL:1
07-10 00:50:00.679  6877  7137 I PdnController: handleMessage: what 107
07-10 00:50:00.679  6877  7137 I PdnController: slot[1]: requestStopNetwork: network 1, callback is null
07-10 00:50:01.854  5674  6055 D ConnectivityService: notifyType CALLBACK_CAP_CHANGED for [118 WIFI]
07-10 00:50:01.855  5674  7726 D SemWifiUsabilityStatsMonitor: onWifiUsabilityStats - seqNum 21228, isSameBssidAndFreq true
07-10 00:50:01.857  5674  6086 D SemWifiSwitchForIndividualAppsService: stopTCPMonitoring : already stopped
07-10 00:50:01.858  5674  6086 I WifiConnectivityMonitor.NCC: sNetworkCallback(oCC) FULL : 118(true/false)[ Transports: WIFI Capabilities: NOT_METERED&INTERNET&NOT_RESTRICTED&TRUSTED&NOT_VPN&VALIDATED&NOT_ROAMING&FOREGROUND&NOT_CONGESTED&NOT_SUSPENDED&NOT_VCN_MANAGED LinkUpBandwidth>=15762Kbps LinkDnBandwidth>=38308Kbps TransportInfo: <SSID: <unknown ssid>, BSSID: 02:00:00:**:**:00, MAC: 02:00:00:**:**:00, IP: /192.168.1.19, Security type: 2, Supplicant state: COMPLETED, Wi-Fi standard: 5, RSSI: -68, Link speed: 263Mbps, Tx Link speed: 263Mbps, Max Supported Tx Link speed: 433Mbps, Rx Link speed: 6Mbps, Max Supported Rx Link speed: 433Mbps, Frequency: 5180MHz, Net ID: -1, Metered hint: false, score: 60, isUsable: true, CarrierMerged: false, SubscriptionId: -1, IsPrimary: 1, Trusted: true, Restricted: false, Ephemeral: false, OEM paid: false, OEM private: false, OSU AP: false, FQDN: <none>, Provider friendly name: <none>, Requesting package name: <none><none>MLO Information: , AP MLD Address: <none>, AP MLO Link Id: <none>, AP MLO Affiliated links: <none>> SignalStrength: -68 AdminUids: [1000] SSID: "Talija" UnderlyingNetworks: Null]
07-10 00:50:01.859  5674  6164 I WifiConnectivityMonitor: current mode : 1
07-10 00:50:01.859  5674  6164 D OpenNetworkQos[4.00]: updateBssidNoInternet: mBssidNoInternet = false
07-10 00:50:01.859  5674  6164 D OpenNetworkQos[4.00]: getOpenNetworkQosNoInternetStatus: false
07-10 00:50:01.859  5674  6164 D OpenNetworkQos[4.00]: getOpenNetworkQosScores: 26 26 26
07-10 00:50:01.859  5674  6164 I WifiProfileShare: network QoS data was changed (internet), updateQoSData networkType: true, qosData: false
07-10 00:50:01.860  5674  7451 V WifiProfileShare.Caster: update wips network, size: 0
07-10 00:50:01.860  5674  7451 D WifiProfileShare: nearby scanning settings run
07-10 00:50:01.860  5674  7451 D WifiProfileShare: network score provider settings enabled
07-10 00:50:01.861  5674  7451 D OpenNetworkQos[4.00]: getOpenNetworkQosScores: 26 26 26
07-10 00:50:01.861  5674  7451 D OpenNetworkQos[4.00]: getOpenNetworkQosNoInternetStatus: false
07-10 00:50:01.861  5674  7451 I WifiProfileShare.Caster: current network type: 0, score: [26, 26, 26]
07-10 00:50:01.861  5674  7451 V WifiProfileShare.Cache: update network score 00:e4:06:**:**:90
07-10 00:50:01.862  5674  7451 D WifiProfileShare.ScanMatcher: getMcfDataList size:2
07-10 00:50:01.863  5674  7451 I WifiProfileShare.Caster: qos data was updated , before:type:QOS, pBssid:51:2e:90, qosData:7c after:type:QOS, pBssid:51:2e:90, qosData:7c
07-10 00:50:01.863  6461  6461 D NetworkController.WifiSignalController: notifyListener: visible=true, connected=true, inetCondition=1, isDefault=true, wifiTestReported=true, receivedInetCondition=-1, hideDuringMobileSwitching=false
07-10 00:50:01.864  5674  7451 I [MCFSDK_android_1.2.4010]_4_b: isNetworkEnabled - type : 1 ret : true
07-10 00:50:01.864  5674  7451 D WifiProfileShare.McfCast: -ME--- mIsNetworkEnabled :true
07-10 00:50:01.864  5674  7451 D WifiProfileShare.McfCast: updateQoSData ignored, same contents
07-10 00:50:01.864  5674  7451 D WifiProfileShare.MCF: success update QosData !
07-10 00:50:01.866  5674  6128 I SemWifiLinkQualityMonitor: Link Qos Query: 0.134 ms / 59.547 Mbps (263 / 0.000 / 4.417)
07-10 00:50:01.866  5674  7451 I [MCFSDK_android_1.2.4010]_4_b: isNetworkEnabled - type : 1 ret : true
07-10 00:50:01.866  5674  7451 D WifiProfileShare.McfCast: -ME--- mIsNetworkEnabled :true
07-10 00:50:01.867  5674  7451 D WifiProfileShare.McfCast: -ME--- updatePasswordDate pwdData size:2
07-10 00:50:01.872  6461  6566 D NetworkController.WifiSignalController: notifyListener: visible=true, connected=true, inetCondition=1, isDefault=true, wifiTestReported=true, receivedInetCondition=-1, hideDuringMobileSwitching=false
07-10 00:50:01.874 16924 19143 I ChimeraSrvcProxy: NullBinder for android.net.action.RECOMMEND_NETWORKS triggering remote TransactionTooLargeException due to Service without Chimera impl
07-10 00:50:01.874 16924 19143 W .gms.persistent: Large reply transaction of 1056768 bytes, interface descriptor , code 1
07-10 00:50:03.534 22079 22079 I wpa_supplicant: nl80211: Drv Event 34 (NL80211_CMD_NEW_SCAN_RESULTS) received for wlan0
07-10 00:50:03.535 22079 22079 I wpa_supplicant: wlan0: nl80211: New scan results available
07-10 00:50:03.535 22079 22079 I wpa_supplicant: nl80211: Scan probed for SSID ''
07-10 00:50:03.535 22079 22079 I wpa_supplicant: nl80211: Scan included frequencies: 2412 2417 2422 2427 2432 2437 2442 2447 2452 2457 2462 2467 2472 5180 5200 5220 5240 5260 5280 5300 5320 5745 5765 5785 5805 5825
07-10 00:50:03.537  5674  6523 D WifiNl80211Manager: Scan result ready event
07-10 00:50:03.538  5674  6523 D WifiNative: Scan result ready event
07-10 00:50:03.539  6576 22194 D IpClient/wlan0: interfaceLinkStateChanged: ifindex 11 up
07-10 00:50:03.559  5674  6049 D WificondScannerImpl: Filtering out 7 scan results.
07-10 00:50:03.589  5674  6115 D SemWifiScanPool: countryCode: RS, count: 7, totalSamples: 8, rate: 87.5%
07-10 00:50:03.590  5674  6115 V SemWifiScanPool: updateScanResult, full scan:17 configKeys: 12 pool_bssid:31 pool_configKeys:22
07-10 00:50:03.590  5674  6115 D WifiConnectivityMonitor: onScanResultUpdated
07-10 00:50:03.590  5674  6115 D WifiConnectivityMonitor: mMaxScannedCountryCode : RS
07-10 00:50:03.640  5674  6523 V LocationManagerService: network provider registration 10234/com.google.android.as/403464A0 dropped delivery - too close
07-10 00:50:03.641  5674  6523 V LocationManagerService: passive provider registration 1000/android[SensorNotificationService]/3DC7BFCB dropped delivery - too close
07-10 00:50:03.642  5674  6523 V LocationManagerService: passive provider registration 5023/com.samsung.android.networkdiagnostic/4FDF9C6D dropped delivery - too close
07-10 00:50:03.643  7284  7370 I NlpMonitor_FLP: monitorNlp, package=com.google.android.as/ interval=21600000
07-10 00:50:03.643  5674  6793 D SLocation: PositionManager - PassiveonLocationChanged network 1688943003534
07-10 00:50:03.644  5674  6793 D SLocation: ARDistanceBigData - BIGDATA ARD - receive location
07-10 00:50:03.644  5674  6793 D SLocation: GeofenceLocationFilter - location sent before 3074, need to filter / provider : network, accuracy : 16.528
07-10 00:50:03.644  5674  6793 I SLocation: GeofenceLocationFilter - alarm set, next time to send location : 144503403, com.samsung.android.location.geofence.geopoint.d@346098e
07-10 00:50:03.644  5674  6793 D SLocation: SLocationCoreSem - send to coreSem, packet length : 23 / [2, 26, 183, 30, 33, 12, 49, 246, 189, 0, 0, 0, 16, 2, 0, 0, 1, 137, 60, 217, 7, 142, 0]
07-10 00:50:03.644  5674  6793 D SemContextLocationCoreAttribute: setAttribute() mode : 0 action : 23
07-10 00:50:03.644  5674  6793 D SemContextService: lock : changeParameters
07-10 00:50:03.644  5674  6793 D SemContext.CaeProvider.LocationCoreImpl: setAttribute() mode : 0 action : 23
07-10 00:50:03.645  5674  6793 W CAE     : setCAProperty(ContextAwareService.java:513) - [setProperty 01] Mutex is locked for SLOCATION_RUNNER
07-10 00:50:03.645  5674  6793 I CAE     : setPropertyValue(SLocationRunner.java:116) - SLocationRunner setProperty header : 2, len : 23
07-10 00:50:03.645  5674  6793 I CAE     : sendCmdToSensorHub(SensorHubCommManager.java:156) - -63, 23, 55, 2, 26, -73, 30, 33, 12, 49, -10, -67, 0, 0, 0, 16, 2, 0, 0, 1, -119, 60, -39, 7, -114, 0,
07-10 00:50:03.645  5674  5862 D SensorService: setSContextDataLocked ints length 8 , byte length 26
07-10 00:50:03.646  5674  5862 D SensorService: setSContextDataLocked 23717c1
07-10 00:50:03.646  5306  5306 I SensorsHub: SContextSensor::injecet_sensor_data
07-10 00:50:03.646  5306  5306 D SensorsHub: c1 17 37 02 1a b7 1e 21 0c 31 f6 bd 00 00 00 10
07-10 00:50:03.646  5306  5306 D SensorsHub: 02 00 00 01 89 3c d9 07 8e 00
07-10 00:50:03.646  5306  5306 D SensorsHub: inject_scontext_data: New ssp_data_injection_fd(28)
07-10 00:50:03.646  5306  5306 D SensorsHub: SContext Data Injection return 26
07-10 00:50:03.647  5306  5327 I SensorsHub: context 10 0 9 1,1,55,0,5,2,2,0,0,0, 144500480309059
07-10 00:50:03.648  5674  6793 W CAE     : setCAProperty(ContextAwareService.java:519) - [setProperty 02] Mutex is unlocked for SLOCATION_RUNNER
07-10 00:50:03.648  5674  6793 D SemContextService: unlock : changeParameters
07-10 00:50:03.648  5674  6793 D SemContextManager:   .changeParameters : listener = com.samsung.android.location.semcontext.a@459a70d, service=SLocation Core
07-10 00:50:03.648  5674  6793 D SLocation: ARDistanceLibManager - request distance diff to AR Distance Library
07-10 00:50:03.648  5674  6793 D SLocation: SLocationCoreSem - send to coreSem, packet length : 1 / [34]
07-10 00:50:03.648  5674  6793 D SemContextLocationCoreAttribute: setAttribute() mode : 0 action : 23
07-10 00:50:03.648  5674  6793 D SemContextService: lock : changeParameters
07-10 00:50:03.648  5674  6793 D SemContext.CaeProvider.LocationCoreImpl: setAttribute() mode : 0 action : 23
07-10 00:50:03.648  5674  6793 W CAE     : setCAProperty(ContextAwareService.java:513) - [setProperty 01] Mutex is locked for SLOCATION_RUNNER
07-10 00:50:03.649  5674  5859 D SensorHubManager: onGetSensorHubDataLocked: library(10) = 1, 1, 55, 0, 5, 2, 2, 0, 0, 0
07-10 00:50:03.649  5674  6793 I CAE     : setPropertyValue(SLocationRunner.java:116) - SLocationRunner setProperty header : 34, len : 1
07-10 00:50:03.649  5674  6793 I CAE     : sendCmdToSensorHub(SensorHubCommManager.java:156) - -63, 23, 55, 34,
07-10 00:50:03.649  5674  5862 D SensorService: setSContextDataLocked ints length 2 , byte length 4
07-10 00:50:03.649  5674  5862 D SensorService: setSContextDataLocked 223717c1
07-10 00:50:03.649  5674  5860 D CAE     : onGetSensorHubData(SensorHubParserProvider.java:89) - onGetSensorHubData Event [event buffer len :10], AP_WAKEUP
07-10 00:50:03.650  5674  5860 I CAE     : parse(SensorHubParserProvider.java:190) - buffer size = 10
07-10 00:50:03.650  5674  5860 I CAE     : parse(SensorHubParserProvider.java:201) - 1, 1, 55, 0, 5, 2, 2, 0, 0, 0,
07-10 00:50:03.650  5674  5860 I CAE     : parse(SLocationRunner.java:88) - SLocationRunner parse start : 3
07-10 00:50:03.650  5674  5860 D CAE     : display(ContextProvider.java:375) - ================= SLOCATION_RUNNER =================
07-10 00:50:03.650  5674  5860 I CAE     : display(ContextProvider.java:391) - ExtraDataArray=[1, 1, 55, 0, 5, 2, 2, 0, 0, 0]
07-10 00:50:03.650  5306  5306 I SensorsHub: SContextSensor::injecet_sensor_data
07-10 00:50:03.650  5306  5306 D SensorsHub: c1 17 37 22
07-10 00:50:03.650  5306  5306 D SensorsHub: inject_scontext_data: New ssp_data_injection_fd(28)
07-10 00:50:03.650  5674  5860 I CAE     : parse(SLocationRunner.java:96) - SLocationRunner parse end:10
07-10 00:50:03.650  5306  5306 D SensorsHub: SContext Data Injection return 4
07-10 00:50:03.651  5674  5857 D SemContextService: Service.updateContext() : service = SLocation Core
07-10 00:50:03.651  5306  5327 I SensorsHub: context 38 0 37 1,1,55,0,33,33,0,0,0,0,23,112,73,106,186,2,38,0,26,183,29,32,12,50,3,0,0,0,0,37,4,230,112,184,0,0,5,63, 144500484181328
07-10 00:50:03.651  5674  6793 W CAE     : setCAProperty(ContextAwareService.java:519) - [setProperty 02] Mutex is unlocked for SLOCATION_RUNNER
07-10 00:50:03.651  5674  6793 D SemContextService: unlock : changeParameters
07-10 00:50:03.651  5674  6793 D SemContextManager:   .changeParameters : listener = com.samsung.android.location.semcontext.a@459a70d, service=SLocation Core
07-10 00:50:03.651  5306  5327 I SensorsHub: context 10 0 9 1,1,55,0,5,2,34,0,0,0, 144500484220443
07-10 00:50:03.651  5674  5674 D SemContextManager: onSemContextChanged() : event = SLocation Core
07-10 00:50:03.651  5674  5859 D SensorHubManager: onGetSensorHubDataLocked: library(38) = 1, 1, 55, 0, 33, 33, 0, 0, 0, 0, 23, 112, 73, 106, -70, 2, 38, 0, 26, -73, 29, 32, 12, 50, 3, 0, 0, 0, 0, 37, 4, -26, 112, -72, 0, 0, 5, 63
07-10 00:50:03.652  5674  5674 D SLocation: SLocationCoreSem - SemContextChanged type = 47, packet received
07-10 00:50:03.652  5674  5859 D SensorHubManager: onGetSensorHubDataLocked: library(10) = 1, 1, 55, 0, 5, 2, 34, 0, 0, 0
07-10 00:50:03.652  5674  5860 D CAE     : onGetSensorHubData(SensorHubParserProvider.java:89) - onGetSensorHubData Event [event buffer len :38], AP_WAKEUP
07-10 00:50:03.653  5674  5860 I CAE     : parse(SensorHubParserProvider.java:190) - buffer size = 38
07-10 00:50:03.653  5674  6793 I SLocation: SemContextParser -  parse start : 3
07-10 00:50:03.653  5674  6793 I SLocation: SemContextParser -  packet Length : 5packet total size : 10
07-10 00:50:03.653  5674  5860 I CAE     : parse(SensorHubParserProvider.java:201) - 1, 1, 55, 0, 33, 33, 0, 0, 0, 0, 23, 112, 73, 106, -70, 2, 38, 0, 26, -73, 29, 32, 12, 50, 3, 0, 0, 0, 0, 37, 4, -26, 112, -72, 0, 0, 5, 63,
07-10 00:50:03.653  5674  6793 I SLocation: SemContextParser - packet : [2, 2, 0, 0, 0]
07-10 00:50:03.653  5674  6793 D SLocation: GeofenceCoreManager - received Extra Data from core, len : 5
07-10 00:50:03.653  5674  5860 I CAE     : parse(SLocationRunner.java:88) - SLocationRunner parse start : 3
07-10 00:50:03.654  5674  6793 D SLocation: GeofenceCoreManager - handleCommandCallback - UNKNOWN_CALLBACK 2 SUCCESS
07-10 00:50:03.655  5674  6793 D SLocation: CommonCoreManager - received Extra Data from core, len : 5
07-10 00:50:03.655  5674  6793 D SLocation: CommonCoreManager - handleCommandCallback - FUNC_TYPE : SET_LOCATION ERROR_CODE : ERROR_NONE
07-10 00:50:03.655  5674  5860 D CAE     : display(ContextProvider.java:375) - ================= SLOCATION_RUNNER =================
07-10 00:50:03.656  5674  5860 I CAE     : display(ContextProvider.java:391) - ExtraDataArray=[1, 1, 55, 0, 33, 33, 0, 0, 0, 0, 23, 112, 73, 106, -70, 2, 38, 0, 26, -73, 29, 32, 12, 50, 3, 0, 0, 0, 0, 37, 4, -26, 112, -72, 0, 0, 5, 63]
07-10 00:50:03.657  5674  5860 I CAE     : parse(SLocationRunner.java:96) - SLocationRunner parse end:38
07-10 00:50:03.658  5674  5860 D CAE     : onGetSensorHubData(SensorHubParserProvider.java:89) - onGetSensorHubData Event [event buffer len :10], AP_WAKEUP
07-10 00:50:03.658  5674  5857 D SemContextService: Service.updateContext() : service = SLocation Core
07-10 00:50:03.658  5674  5860 I CAE     : parse(SensorHubParserProvider.java:190) - buffer size = 10
07-10 00:50:03.658  5674  5860 I CAE     : parse(SensorHubParserProvider.java:201) - 1, 1, 55, 0, 5, 2, 34, 0, 0, 0,
