07-10 00:39:54.084 11611 11645 I TestRunner: started: valueDouble(org.jetbrains.android_benchmark.AckermannBenchmark)
07-10 00:39:54.087 11611 11611 I MonitoringInstr: Activities that are still in CREATED to STOPPED: 1
07-10 00:39:54.087 11611 11611 I MonitoringInstr: Finishing activity: androidx.benchmark.IsolationActivity@c9a4959
07-10 00:39:54.094 11611 11645 I GrantPermissionCallable: Permission: android.permission.WRITE_EXTERNAL_STORAGE is already granted!
07-10 00:39:54.095 11611 11645 I GrantPermissionCallable: Permission: android.permission.READ_EXTERNAL_STORAGE is already granted!
07-10 00:39:54.096 11611 11645 D Benchmark: -- Running org.jetbrains.android_benchmark.AckermannBenchmark#valueDouble --
07-10 00:39:54.096 11611 11645 D PerfettoCapture: Supported ABIs: arm64-v8a, armeabi-v7a, armeabi
07-10 00:39:54.096 11611 11645 D PerfettoCapture: Recording perfetto trace
07-10 00:39:54.132 16924  9340 I NetworkScheduler.Stats: (REDACTED) Task %s/%s started execution. cause:%s exec_start_elapsed_seconds: %s
07-10 00:39:54.133 29789 29789 D BoundBrokerSvc: onUnbind: Intent { act=com.google.android.gms.measurement.START pkg=com.google.android.gms }
07-10 00:39:54.142 16924  6691 I NetworkScheduler.Stats: (REDACTED) Task %s/%s finished executing. cause:%s result: %s elapsed_millis: %s uptime_millis: %s exec_start_elapsed_seconds: %s
07-10 00:39:54.143  4613  4613 W keymaster_tee: [WRN]begin req PARAMS: A32 B2 P64
07-10 00:39:54.144 31102 11251 I Finsky  : [452] juc.i(1): Completed 0 account content syncs with 0 successful.
07-10 00:39:54.146 31102 31102 I Finsky  : [2] ContentSyncJob.a(1): [ContentSync] Installation state replication succeeded.
07-10 00:39:54.156 31102 31102 I Finsky  : [2] yvh.r(4): SCH: jobFinished: 12-1. TimeElapsed: 878ms.
07-10 00:39:54.157 11611 11645 I PerfettoCapture: Cleanup perfetto before starting.
07-10 00:39:54.182 10970 12651 I SamsungAccount: [DbManagerV2] getDataState : VALID
07-10 00:39:54.183 10970 12651 I SamsungAccount: [SignatureCheckUtil] runCheckSignatureAsync
07-10 00:39:54.183 10970 12651 I SamsungAccount: [SignaturePreconditionChecker] getSignatureResult - fromSesSdk : false
07-10 00:39:54.183 10970 12651 I SamsungAccount: [SignatureInfoDbHelper] getSignatureResult - [10/c27bh][android.scloud.]
07-10 00:39:54.184 10970 12651 I SamsungAccount: [SignatureInfoDbHelper] searchOnUser
07-10 00:39:54.220  5674  6593 D PackageManager: setEnabledSetting : userId = 0 packageName = com.microsoft.todos cmp = androidx.work.impl.background.systemalarm.RescheduleReceiver newState = 1 callingPackage = 10016/com.microsoft.todos
07-10 00:39:54.223  5674  6593 D ApplicationPolicy: getApplicationStateEnabled : pkg = com.microsoft.todos userId : 0
07-10 00:39:54.225  5674  6593 D ApplicationPolicy: getApplicationComponentState : pkg = com.microsoft.todos userId : 0
07-10 00:39:54.277 31102 31411 I Finsky  : [153] yct.accept(36): SCH: Scheduling phonesky job Id: 1-1337, CT: 1688901174773, Constraints: [{ L: 43032600, D: 86232600, C: 1, I: 1, N: 1 }]
07-10 00:39:54.291 31102 31383 I Finsky  : [147] yeu.apply(14): SCH: Scheduling 1 system job(s)
07-10 00:39:54.293 31102 31383 I Finsky  : [147] yvf.d(19): SCH: Scheduling system job Id: 9007, L: 1813082, D: 45013082, C: false, I: false, N: 1
07-10 00:39:54.309 31102 11242 I Finsky  : [450] ywt.a(16): SCH: job service finished with id 9005.
07-10 00:39:54.324  5353  5699 V APM_AudioPolicyManager: setAppState(portId:1005, state:1)
07-10 00:39:54.340 10970 12651 I SamsungAccount: [SignatureInfoDbHelper] searchOnUser - [10/c27bh][android.scloud.][64/3291d] => matched
07-10 00:39:54.340 10970 12651 I SamsungAccount: [SignatureInfoDbHelper] search - matched
07-10 00:39:54.340 10970 12651 I SamsungAccount: [SignatureCheckUtil] runCheckSignatureAsync(fromDb) - matched
07-10 00:39:54.340 10970 12651 I SamsungAccount: [AbstractProcessRunnable] [InAIDL-AbstractProcessRunnable]isAvailableRunningProcess end. Package = android.scloud.
07-10 00:39:54.341 10970 12651 I SamsungAccount: [AccessTokenRunnable] [InAIDL-AccessTokenRunnable]runProcess start. Package = android.scloud.
07-10 00:39:54.341 12493 12672 I ProvidersCache: Provider returned no roots. Possibly naughty: com.microsoft.skydrive.content.StorageAccessProvider
07-10 00:39:54.341  5353  5699 V APM_AudioPolicyManager: setAppState(portId:1005, state:1)
07-10 00:39:54.391 11611 11645 I PerfettoCapture: Perfetto output file cleanup -
07-10 00:39:54.391 11611 11645 I PerfettoCapture: Starting perfetto tracing with cmd: cat /storage/emulated/0/Android/data/org.jetbrains.android_benchmark.test/cache/trace_config.pb | perfetto --background -c - -o /data/misc/perfetto-traces/trace_output.pb
07-10 00:39:54.393 12305 12321 W oid.samsungpass: Suspending all threads took: 12.469ms
07-10 00:39:54.428 10970 12651 I SamsungAccount: [StateCheckUtil] isGoogleLinked = true
07-10 00:39:54.429 10970 12651 I SamsungAccount: [AccessTokenRunnable] check_basic_profile = false needToCheckServer = false
07-10 00:39:54.475 12060 12474 D ConnectivityManager: StackLog: [android.net.ConnectivityManager.sendRequestForNetwork(ConnectivityManager.java:4300)] [android.net.ConnectivityManager.registerDefaultNetworkCallbackForUid(ConnectivityManager.java:4864)] [android.net.ConnectivityManager.registerDefaultNetworkCallback(ConnectivityManager.java:4831)] [android.net.ConnectivityManager.registerDefaultNetworkCallback(ConnectivityManager.java:4805)] [com.microsoft.applications.events.HttpClient.<init>(HttpClient.java:74)] [com.microsoft.oneds.OneDSFactory.initialize(OneDSFactory.java:3)] [com.microsoft.sapphire.app.SapphireApplication$onCreate$1$11.invoke(SapphireApplication.kt:28)] [u00.i.b(AndroidStartup.kt:19)] [u00.g.run(StartupRunnable.kt:28)] [java.util.concurrent.ThreadPoolExecutor.runWorker(ThreadPoolExecutor.java:1137)] [java.util.concurrent.ThreadPoolExecutor$Worker.run(ThreadPoolExecutor.java:637)] [java.lang.Thread.run(Thread.java:1012)]
07-10 00:39:54.511  5674  9953 D ConnectivityService: requestNetwork for uid/pid:10129/12060 activeRequest: null callbackRequest: 16420 [NetworkRequest [ REQUEST id=16421, [ Capabilities: INTERNET&NOT_RESTRICTED&TRUSTED&NOT_VCN_MANAGED Uid: 10129 RequestorUid: 10129 RequestorPkg: com.microsoft.bing UnderlyingNetworks: Null] ]] callback flags: 0 order: 2147483647
07-10 00:39:54.512  5674  6055 D ConnectivityService:    accepting network in place of null
07-10 00:39:54.520  5674  6045 D WifiNetworkFactory: got request NetworkRequest [ REQUEST id=16421, [ Capabilities: INTERNET&NOT_RESTRICTED&TRUSTED&NOT_VCN_MANAGED Uid: 10129 RequestorUid: 10129 RequestorPkg: com.microsoft.bing UnderlyingNetworks: Null] ]
07-10 00:39:54.522  5674  6045 D UntrustedWifiNetworkFactory: got request NetworkRequest [ REQUEST id=16421, [ Capabilities: INTERNET&NOT_RESTRICTED&TRUSTED&NOT_VCN_MANAGED Uid: 10129 RequestorUid: 10129 RequestorPkg: com.microsoft.bing UnderlyingNetworks: Null] ]
07-10 00:39:54.524  5674  6045 D OemPaidWifiNetworkFactory: got request NetworkRequest [ REQUEST id=16421, [ Capabilities: INTERNET&NOT_RESTRICTED&TRUSTED&NOT_VCN_MANAGED Uid: 10129 RequestorUid: 10129 RequestorPkg: com.microsoft.bing UnderlyingNetworks: Null] ]
07-10 00:39:54.524  5674  6045 D MultiInternetWifiNetworkFactory: got request NetworkRequest [ REQUEST id=16421, [ Capabilities: INTERNET&NOT_RESTRICTED&TRUSTED&NOT_VCN_MANAGED Uid: 10129 RequestorUid: 10129 RequestorPkg: com.microsoft.bing UnderlyingNetworks: Null] ]
07-10 00:39:54.529  5674  6055 D ConnectivityService: Rematched networks [computed 0ms] [applied 5ms] [issued 12]
07-10 00:39:54.530  5674  6055 D ConnectivityService: NetworkReassignment :
07-10 00:39:54.530  5674  6055 D ConnectivityService:   16421 : null → 118
07-10 00:39:54.537 12063 12554 I WidgetProvider: updateWidget all widgets
07-10 00:39:54.570 10970 12651 I SamsungAccount: [DeviceManager] salesCode : SER
07-10 00:39:54.583  5674  8108 D PackageManager: setEnabledSetting : userId = 0 packageName = com.microsoft.todos cmp = androidx.work.impl.background.systemalarm.RescheduleReceiver newState = 1 callingPackage = 10016/com.microsoft.todos
07-10 00:39:54.584  5674  8108 D ApplicationPolicy: getApplicationStateEnabled : pkg = com.microsoft.todos userId : 0
07-10 00:39:54.586 12063 12527 W microsoft.todos: Long monitor contention with owner Aria-Helper-thread-1 (12514) at void com.microsoft.applications.telemetry.core.e0.c(java.util.Queue)(PersistentStorageManager.java:162) waiters=0 in void com.microsoft.applications.telemetry.core.e0.f(java.util.ArrayList) for 243ms
07-10 00:39:54.589  5674  8108 D ApplicationPolicy: getApplicationComponentState : pkg = com.microsoft.todos userId : 0
07-10 00:39:54.595 10970 12651 I SamsungAccount: [DeviceManager] isNewLduProdCode : false
07-10 00:39:54.599 10970 12651 I SamsungAccount: [CountryCodeUtil] isChinaCountryCode : false
07-10 00:39:54.601 12695 12695 I perfetto:    perfetto_cmd.cc:1001 Connected to the Perfetto traced service, starting tracing
07-10 00:39:54.604  5436  5436 I perfetto: ing_service_impl.cc:953 Configured tracing session 277, #sources:4, duration:0 ms, #buffers:2, total buffer size:36864 KB, total sessions:1, uid:2000 session name: ""
07-10 00:39:54.605 10970 12651 I SamsungAccount: [ChinaPermissionUtil] isChnSecurityPopupNeeded - false
07-10 00:39:54.607  5424  5424 I perfetto:  probes_producer.cc:139 Ftrace setup (target_buf=553)
07-10 00:39:54.621 12063 12426 I WidgetProvider: updateWidget all widgets
07-10 00:39:54.621 11611 11645 I PerfettoCapture: Perfetto output - 12695
07-10 00:39:54.621 11611 11645 I PerfettoCapture: EXITCODE=0
07-10 00:39:54.681  4380  4380 I hwservicemanager: getTransport: Cannot find entry android.hardware.atrace@1.0::IAtraceDevice/default in either framework or device VINTF manifest.
07-10 00:39:54.705  5424  5424 I perfetto:    ftrace_procfs.cc:335 enabled ftrace in /sys/kernel/tracing/
07-10 00:39:54.753 11611 11645 I PerfettoCapture: Perfetto tracing started successfully with pid 12695.
07-10 00:39:54.789 12390 12390 I FirebaseApp: Device unlocked: initializing all Firebase APIs for app [DEFAULT]
07-10 00:39:54.816 12060 12477 D EventBus: No subscribers registered for event class bx.e
07-10 00:39:54.816 12060 12477 D EventBus: No subscribers registered for event class bf0.h
07-10 00:39:54.818 12060 12477 D EventBus: No subscribers registered for event class bx.e
07-10 00:39:54.818 12060 12477 D EventBus: No subscribers registered for event class bf0.h
07-10 00:39:54.845 10970 12651 I SamsungAccount: [StateCheckUtil] isChildAccount : false
07-10 00:39:54.855 12060 12474 D EventBus: No subscribers registered for event class bx.e
07-10 00:39:54.855 12060 12474 D EventBus: No subscribers registered for event class bf0.h
07-10 00:39:54.862  5287  5287 D Zygote  : Forked child process 12713
07-10 00:39:54.883 10970 12651 I SamsungAccount: [AccessTokenRunnable] [InAIDL-AccessTokenRunnable]isAccessTokenReusable. Package = android.scloud.
07-10 00:39:54.898 11611 11645 I PerfettoCapture: /sys/kernel/tracing/tracing_on = 1, polled 0 times, capture fully started
07-10 00:39:54.905 12493 12493 D CompatibilityChangeReporter: Compat change id reported: 210923482; UID 10079; state: ENABLED
07-10 00:39:54.905 12713 12713 I droid.easyMover: Using CollectorTypeCC GC.
07-10 00:39:54.910 11611 11645 D Benchmark: Set 11645 (Bench thread) to priority -20. Was -8, now -20
07-10 00:39:54.910 11611 11645 D Benchmark: Set 11624 (Jit) to priority -15. Was 9, now -15
07-10 00:39:54.912 12713 12713 E droid.easyMover: Not starting debugger since process cannot load the jdwp agent.
07-10 00:39:54.920 12713 12713 W libc    : Access denied finding property "sys.perf.boostopt"
07-10 00:39:54.923 12713 12713 D ActivityThread: setConscryptValidator
07-10 00:39:54.923 12713 12729 W libc    : Access denied finding property "sys.perf.boostopt"
07-10 00:39:54.923 12713 12713 D ActivityThread: setConscryptValidator - put
07-10 00:39:54.923  5262  5262 E audit   : type=1400 audit(1688942394.921:69328): avc:  denied  { read } for  pid=12713 comm="binder:12713_1" name="u:object_r:perf_prop:s0" dev="tmpfs" ino=10663 scontext=u:r:platform_app:s0:c512,c768 tcontext=u:object_r:perf_prop:s0 tclass=file permissive=0 SEPF_SM-A515F_13_0001 audit_filtered
07-10 00:39:54.923  5262  5262 E audit   : type=1300 audit(1688942394.921:69328): arch=c00000b7 syscall=56 success=no exit=-13 a0=ffffff9c a1=7b7d4762f8 a2=88000 a3=0 items=0 ppid=5287 pid=12713 auid=4294967295 uid=10244 gid=10244 euid=10244 suid=10244 fsuid=10244 egid=10244 sgid=10244 fsgid=10244 tty=(none) ses=4294967295 comm="binder:12713_1" exe="/system/bin/app_process64" subj=u:r:platform_app:s0:c512,c768 key=(null)
07-10 00:39:54.923  5262  5262 E audit   : type=1327 audit(1688942394.921:69328): proctitle="<pre-initialized>"
07-10 00:39:54.943 11611 11645 I _benchmark.test: Explicit concurrent copying GC freed 4732(587KB) AllocSpace objects, 2(40KB) LOS objects, 67% free, 2933KB/9077KB, paused 336us,56us total 32.606ms
07-10 00:39:54.950 12713 12730 W libc    : Access denied finding property "sys.perf.boostopt"
07-10 00:39:54.952 12713 12713 D CompatibilityChangeReporter: Compat change id reported: 171979766; UID 10244; state: ENABLED
07-10 00:39:54.952  5353  5699 V APM_AudioPolicyManager: setAppState(portId:1005, state:1)
07-10 00:39:54.953  5262  5262 E audit   : type=1400 audit(1688942394.949:69329): avc:  denied  { read } for  pid=12713 comm="binder:12713_2" name="u:object_r:perf_prop:s0" dev="tmpfs" ino=10663 scontext=u:r:platform_app:s0:c512,c768 tcontext=u:object_r:perf_prop:s0 tclass=file permissive=0 SEPF_SM-A515F_13_0001 audit_filtered
07-10 00:39:54.957  5353  5543 V APM_AudioPolicyManager: setAppState(portId:1005, state:1)
07-10 00:39:54.957  5353  5543 V APM_AudioPolicyManager: setAppState(portId:1005, state:1)
07-10 00:39:54.957  5353  5543 V APM_AudioPolicyManager: setAppState(portId:1005, state:1)
07-10 00:39:54.962  5674  5743 I libprocessgroup: Successfully killed process cgroup uid 10316 pid 10340 in 0ms
07-10 00:39:54.968 10970 12651 I SamsungAccount: [StateCheckUtil] isOverIntervalTime, renewTimeStamp = false
07-10 00:39:54.973 12493 12493 D DocumentsApplication: OverlayManager.setEnabled() result: false
07-10 00:39:54.987 10970 12651 I SamsungAccount: [AccessTokenRunnable] [InAIDL-AccessTokenRunnable]checkAndSetAccessToken. Package = android.scloud.
07-10 00:39:54.990 10970 12651 I SamsungAccount: [AccessToken] getAccessTokenInfo
07-10 00:39:55.033 16924 12737 I Fitness : (REDACTED) FitCleanupIntentOperation received Intent %s
07-10 00:39:55.042  5674  6213 D NetdEventListenerService: DNS Requested by : 118, 10338
07-10 00:39:55.047 12112 12608 D TrafficStats: tagSocket(105) with statsTag=0xd83ddc19, statsUid=-1
07-10 00:39:55.085 29789 23965 I Icing   : doRemovePackageData org.jetbrains.android_benchmark.test
07-10 00:39:55.097  4378  4378 I lmkd    : cached 1, sandbox(not0) 0
07-10 00:39:55.101  4378  4378 I lmkd    : Reclaim 'com.google.android.gms.supervision' (10469), uid 10037, oom_score_adj 999, state 19 to free 38388kB rss, 38028kb swap
07-10 00:39:55.102  4378  4378 I lmkd    : Reclaimed 76416kB at oom_score_adj 850
07-10 00:39:55.140  5674  5695 D PackageManager: setEnabledSetting : userId = 0 packageName = com.microsoft.todos cmp = androidx.work.impl.background.systemalarm.RescheduleReceiver newState = 1 callingPackage = 10016/com.microsoft.todos
07-10 00:39:55.141  5674  5695 D ApplicationPolicy: getApplicationStateEnabled : pkg = com.microsoft.todos userId : 0
07-10 00:39:55.141  9717  9717 D PersistedStoragePackageUninstalledReceiver: Received android.intent.action.PACKAGE_DATA_CLEARED for org.jetbrains.android_benchmark.test for u0
07-10 00:39:55.142  5674  5695 D ApplicationPolicy: getApplicationComponentState : pkg = com.microsoft.todos userId : 0
07-10 00:39:55.150  5287  5287 I Zygote  : Process 10340 exited due to signal 9 (Killed)
07-10 00:39:55.163  5287  5287 I Zygote  : Process 10469 exited due to signal 9 (Killed)
07-10 00:39:55.175  5674  5743 I libprocessgroup: Successfully killed process cgroup uid 10226 pid 10046 in 12ms
07-10 00:39:55.175  5353  5699 V APM_AudioPolicyManager: setAppState(portId:1005, state:1)
07-10 00:39:55.190  5353  5699 V APM_AudioPolicyManager: setAppState(portId:1005, state:1)
07-10 00:39:55.199  5353  6075 V APM_AudioPolicyManager: setAppState(portId:1005, state:1)
07-10 00:39:55.247  4378  4378 I lmkd    : 2(delay), 0(swap), 0(freelimit), 0(reentrymode) memory pressure events were skipped after a kill!
07-10 00:39:55.247  4378  4378 I lmkd    : cached 1, sandbox(not0) 0
07-10 00:39:55.250  4378  4378 I lmkd    : Reclaim 'com.yandex.browser' (11033), uid 10271, oom_score_adj 999, state 19 to free 64848kB rss, 29820kb swap
07-10 00:39:55.251  4378  4378 I lmkd    : Reclaimed 94668kB at oom_score_adj 850
07-10 00:39:55.293  5287  5287 D Zygote  : Forked child process 12753
07-10 00:39:55.315 12305 12305 I [PASS][SPASS]SPassApplication: checkDeviceId true
07-10 00:39:55.315 12305 12305 I [PASS][SPASS]FrameworkUtils: isInitialized : true
07-10 00:39:55.315 12305 12305 I [PASS][SPASS]PassFramework: ISU
07-10 00:39:55.317  5287  5287 I Zygote  : Process 11033 exited due to signal 9 (Killed)
07-10 00:39:55.328  5353  6075 V APM_AudioPolicyManager: setAppState(portId:1005, state:1)
07-10 00:39:55.329  5353  6075 V APM_AudioPolicyManager: setAppState(portId:1005, state:1)
07-10 00:39:55.344  9843 13645 I MediaProvider: Begin Intent { act=android.intent.action.PACKAGE_DATA_CLEARED dat=package: flg=0x1000010 cmp=com.google.android.providers.media.module/com.android.providers.media.MediaService (has extras) }
07-10 00:39:55.357  4613  4613 W keymaster_tee: [WRN]begin req PARAMS: A32 B2 P64
07-10 00:39:55.372 12753 12753 I soft.appmanager: Using CollectorTypeCC GC.
07-10 00:39:55.380 12753 12753 E soft.appmanager: Not starting debugger since process cannot load the jdwp agent.
07-10 00:39:55.387 12305 12305 W [PASS][PASS]PermissionHelper: usrId is invalid : -1
07-10 00:39:55.388 12305 12305 I [PASS][SPASS]FrameworkUtils: isSignedUp - false
07-10 00:39:55.388 12753 12753 W libc    : Access denied finding property "sys.perf.boostopt"
07-10 00:39:55.389 12753 12767 W libc    : Access denied finding property "sys.perf.boostopt"
07-10 00:39:55.391 12753 12753 D ActivityThread: setConscryptValidator
07-10 00:39:55.392 12753 12753 D ActivityThread: setConscryptValidator - put
07-10 00:39:55.410  5353  5699 V APM_AudioPolicyManager: setAppState(portId:1005, state:1)
07-10 00:39:55.411 12753 12753 D CompatibilityChangeReporter: Compat change id reported: 171979766; UID 10142; state: ENABLED
07-10 00:39:55.491  5674  5743 I libprocessgroup: Successfully killed process cgroup uid 10037 pid 10469 in 1ms
07-10 00:39:55.495  5674  5743 I libprocessgroup: Successfully killed process cgroup uid 10271 pid 11033 in 0ms
07-10 00:39:55.569 12305 12305 I [PASS][CMN]WalletUtil: getWalletMigrated : false
07-10 00:39:55.574 12305 12305 I [PASS][SPASS]IconUtils:  checkVersionAddIcon : criticalUpdateVersion : true firstCheck : false appIconExist : false  walletMigrated : false
07-10 00:39:55.574 12305 12305 I [PASS][SPASS]FrameworkUtils: isInitialized : true
07-10 00:39:55.574 12305 12305 I [PASS][SPASS]PassFramework: ISU
07-10 00:39:55.574 12305 12305 W [PASS][PASS]PermissionHelper: usrId is invalid : -1
07-10 00:39:55.574 12305 12305 I [PASS][SPASS]FrameworkUtils: isSignedUp - false
07-10 00:39:55.580 12305 12305 I [PASS][CMN]WalletUtil: getWalletMigrated : false
07-10 00:39:55.580 12305 12305 I [PASS][SPASS]IconUtils: setComponentEnabledSetting : false, walletMigrated : false
07-10 00:39:55.583  5674  9851 D PackageManager: setEnabledSetting : userId = 0 packageName = com.samsung.android.samsungpass cmp = com.samsung.android.samsungpass.launcher.EntryLauncher newState = 2 callingPackage = 10111/com.samsung.android.samsungpass
07-10 00:39:55.590  5674  9851 D PackageManager: setEnabledSetting : userId = 0 packageName = com.samsung.android.samsungpass cmp = com.samsung.android.samsungpass.ui.activity.EntryLauncher newState = 2 callingPackage = 10111/com.samsung.android.samsungpass
07-10 00:39:55.593  5674  9851 D PackageManager: setEnabledSetting : userId = 0 packageName = com.samsung.android.samsungpass cmp = com.samsung.android.samsungpass.launcher.EntryLauncherJPN newState = 2 callingPackage = 10111/com.samsung.android.samsungpass
07-10 00:39:55.596  5674  9851 D PackageManager: setEnabledSetting : userId = 0 packageName = com.samsung.android.samsungpass cmp = com.samsung.android.samsungpass.launcher.SearchableActivity newState = 1 callingPackage = 10111/com.samsung.android.samsungpass
07-10 00:39:55.597  5674  9851 D ApplicationPolicy: getApplicationStateEnabled : pkg = com.samsung.android.samsungpass userId : 0
07-10 00:39:55.598  5674  9851 D ApplicationPolicy: getApplicationComponentState : pkg = com.samsung.android.samsungpass userId : 0
07-10 00:39:55.630  4378  4378 I lmkd    : 1(delay), 0(swap), 0(freelimit), 0(reentrymode) memory pressure events were skipped after a kill!
07-10 00:39:55.631  4378  4378 I lmkd    : cached 1, sandbox(not0) 0
07-10 00:39:55.636  4378  4378 I lmkd    : Reclaim 'com.samsung.android.authfw' (4273), uid 5278, oom_score_adj 999, state 19 to free 23764kB rss, 38328kb swap
07-10 00:39:55.636  4378  4378 I lmkd    : Reclaimed 62092kB at oom_score_adj 850
07-10 00:39:55.672  4379  4385 I servicemanager: 'com.samsung.android.pass.IPassService' died
07-10 00:39:55.673  9843 13645 D MediaProvider: Deleted 0 Android/media items belonging to org.jetbrains.android_benchmark.test on /data/user/0/com.google.android.providers.media.module/databases/external.db
07-10 00:39:55.673  5287  5287 I Zygote  : Process 4273 exited due to signal 9 (Killed)
07-10 00:39:55.676  5674  5743 I libprocessgroup: Successfully killed process cgroup uid 5278 pid 4273 in 0ms
07-10 00:39:55.681  5674  6522 D PackageManager: setEnabledSetting : userId = 0 packageName = com.microsoft.todos cmp = androidx.work.impl.background.systemalarm.RescheduleReceiver newState = 1 callingPackage = 10016/com.microsoft.todos
07-10 00:39:55.683  5674  6522 D ApplicationPolicy: getApplicationStateEnabled : pkg = com.microsoft.todos userId : 0
07-10 00:39:55.684  5674  6522 D ApplicationPolicy: getApplicationComponentState : pkg = com.microsoft.todos userId : 0
07-10 00:39:55.713 12060 12473 D EventBus: No subscribers registered for event class bx.e
07-10 00:39:55.714 12060 12473 D EventBus: No subscribers registered for event class bf0.h
07-10 00:39:55.721  9843 13645 I MediaProvider: Invalidating LocalCallingIdentity cache for package org.jetbrains.android_benchmark.test. Reason: owner_package_changed:/storage/emulated/0/Android/media/org.jetbrains.android_benchmark.test/additional_test_output/AckermannBenchmark_mutableUniversalRefIntIn1Long_2023-07-09-22-39-52.perfetto-trace
07-10 00:39:55.726 12305 12305 I MockDeskModeManager:  isDeskMode : false
07-10 00:39:55.727 12305 12305 I MockDeskModeManager: Adding Desktop State change Listeners
07-10 00:39:55.731  9843 13645 D MediaProvider: Orphaned 2 items belonging to org.jetbrains.android_benchmark.test on /data/user/0/com.google.android.providers.media.module/databases/external.db
07-10 00:39:55.731 12060 12775 D EventBus: No subscribers registered for event class bx.e
07-10 00:39:55.731 12060 12775 D EventBus: No subscribers registered for event class bf0.h
07-10 00:39:55.736  9843 13645 D MediaGrants: Removed 0 media_grants for org.jetbrains.android_benchmark.test. Reason: Package orphaned
07-10 00:39:55.738  9843 13645 I MediaProvider: End Intent { act=android.intent.action.PACKAGE_DATA_CLEARED dat=package: flg=0x1000010 cmp=com.google.android.providers.media.module/com.android.providers.media.MediaService (has extras) }
07-10 00:39:55.740  5674  5694 D SyncManager: userId - 0 auto - true
07-10 00:39:55.742 10639 10656 W libc    : Access denied finding property "sys.perf.boostopt"
07-10 00:39:55.783 12060 12776 D EventBus: No subscribers registered for event class bx.e
07-10 00:39:55.783 10970 12651 I SamsungAccount: [RBIVO] getStringFormAdditionalBundleKey : expired_access_token
07-10 00:39:55.783 12060 12776 D EventBus: No subscribers registered for event class bf0.h
07-10 00:39:55.783 10970 12651 I SamsungAccount: [AccessTokenRunnable] expiredAccessToken is Empty. curTimeSec=1688942395, TimeGap=2627
07-10 00:39:55.784 10970 12651 I SamsungAccount: [AccessTokenRunnable] IsTokenReusable : true
07-10 00:39:55.784 10970 12651 I SamsungAccount: [AccessTokenRunnable] Accesstoken is reusable and isNeedToCheckServer is false
07-10 00:39:55.793 10970 12651 I SamsungAccount: [DbManagerV2] getMccFromDB
07-10 00:39:55.793 10970 12651 I SamsungAccount: [DbManagerV2] getDataV02ForItems : MCC from Db
07-10 00:39:55.797  5674  6213 D NetdEventListenerService: DNS Requested by : 118, 10129
07-10 00:39:55.813  4378  4378 I lmkd    : cached 1, sandbox(not0) 0
07-10 00:39:55.813 16924  6691 I NetworkScheduler.Stats: (REDACTED) Task %s/%s started execution. cause:%s exec_start_elapsed_seconds: %s
07-10 00:39:55.823 12063 12654 W microsoft.todos: Long monitor contention with owner Aria-Helper-thread-1 (12514) at void com.microsoft.applications.telemetry.core.e0.c(java.util.Queue)(PersistentStorageManager.java:162) waiters=0 in void com.microsoft.applications.telemetry.core.e0.f(java.util.ArrayList) for 269ms
07-10 00:39:55.824  4378  4378 I lmkd    : Reclaim 'com.osp.app.signin' (10970), uid 10104, oom_score_adj 999, state 19 to free 56172kB rss, 30016kb swap
07-10 00:39:55.825  4378  4378 I lmkd    : Reclaimed 86188kB at oom_score_adj 850
07-10 00:39:55.842 16924 10473 I NetworkScheduler.Stats: (REDACTED) Task %s/%s finished executing. cause:%s result: %s elapsed_millis: %s uptime_millis: %s exec_start_elapsed_seconds: %s
07-10 00:39:55.848 11883 11902 W libc    : Access denied finding property "sys.perf.boostopt"
07-10 00:39:55.848  5287  5287 I Zygote  : Process 10970 exited due to signal 9 (Killed)
07-10 00:39:55.867 12060 12751 D TrafficStats: tagSocket(95) with statsTag=0xffffffff, statsUid=-1
07-10 00:39:55.871  5674  5743 I libprocessgroup: Successfully killed process cgroup uid 10104 pid 10970 in 0ms
07-10 00:39:55.873 12060 12774 D EventBus: No subscribers registered for event class bx.e
07-10 00:39:55.873 12060 12774 D EventBus: No subscribers registered for event class bf0.h
07-10 00:39:55.877 12060 12778 D EventBus: No subscribers registered for event class bx.e
07-10 00:39:55.878 12060 12778 D EventBus: No subscribers registered for event class bf0.h
07-10 00:39:55.898 10641 10676 W oid.apps.photos: Suspending all threads took: 1.182s
07-10 00:39:55.956 12390 12390 I FirebaseInitProvider: FirebaseApp initialization successful
07-10 00:39:55.960  5674  7726 D SemWifiUsabilityStatsMonitor: onWifiUsabilityStats - seqNum 21029, isSameBssidAndFreq true
07-10 00:39:55.963  5674  6128 I SemWifiLinkQualityMonitor: Link Qos Query: 0.033 ms / 241.217 Mbps (292 / 0.000 / 1.211)
07-10 00:39:56.039  5674  6523 D PackageManager: setEnabledSetting : userId = 0 packageName = com.microsoft.todos cmp = androidx.work.impl.background.systemalarm.RescheduleReceiver newState = 1 callingPackage = 10016/com.microsoft.todos
07-10 00:39:56.040  5674  6523 D ApplicationPolicy: getApplicationStateEnabled : pkg = com.microsoft.todos userId : 0
07-10 00:39:56.041  5674  6523 D ApplicationPolicy: getApplicationComponentState : pkg = com.microsoft.todos userId : 0
07-10 00:39:56.122  4613  4613 W keymaster_tee: [WRN]begin req PARAMS: A1 P4
07-10 00:39:56.216 12753 12753 D nativeloader: Configuring classloader-namespace for other apk /system/framework/org.apache.http.legacy.jar. target_sdk_version=33, uses_libraries=ALL, library_path=/data/app/~~fJPi5oR3Fq13w6pTxt5_8g==/com.microsoft.appmanager-mI9yQjasf3IFptactl5yzA==/lib/arm64:/data/app/~~fJPi5oR3Fq13w6pTxt5_8g==/com.microsoft.appmanager-mI9yQjasf3IFptactl5yzA==/base.apk!/lib/arm64-v8a, permitted_path=/data:/mnt/expand:/data/user/0/com.microsoft.appmanager
07-10 00:39:56.216 12753 12753 D nativeloader: Extending system_exposed_libraries: libhumantracking.arcsoft.so:libPortraitDistortionCorrection.arcsoft.so:libPortraitDistortionCorrectionCali.arcsoft.so:libface_landmark.arcsoft.so:libFacialStickerEngine.arcsoft.so:libveengine.arcsoft.so:liblow_light_hdr.arcsoft.so:libhigh_dynamic_range.arcsoft.so:libFacialAttributeDetection.arcsoft.so:libBeauty_v4.camera.samsung.so:libexifa.camera.samsung.so:libjpega.camera.samsung.so:libOpenCv.camera.samsung.so:libImageScreener.camera.samsung.so:libMyFilter.camera.samsung.so:libtensorflowLite.myfilter.camera.samsung.so:libtensorflowlite_inference_api.myfilter.camera.samsung.so:libEventFinder.camera.samsung.so:libHIDTSnapJNI.camera.samsung.so:libSmartScan.camera.samsung.so:libRectify.camera.samsung.so:libDocRectifyWrapper.camera.samsung.so:libUltraWideDistortionCorrection.camera.samsung.so:libHpr_RecGAE_cvFeature_v1.0.camera.samsung.so:libHprFace_GAE_api.camera.samsung.so:libFace_Landmark_API.camera.samsung.so:libHprFace_GAE_jni.camera.samsung.so:libFacialBasedSelfieCorrec
07-10 00:39:56.241  4378  4378 I lmkd    : 2(delay), 0(swap), 0(freelimit), 0(reentrymode) memory pressure events were skipped after a kill!
07-10 00:39:56.242  4378  4378 I lmkd    : cached 1, sandbox(not0) 0
07-10 00:39:56.245  4378  4378 I lmkd    : Reclaim 'com.samsung.android.provider.filterprovider' (11921), uid 1000, oom_score_adj 999, state 19 to free 37524kB rss, 31632kb swap
07-10 00:39:56.246  4378  4378 I lmkd    : Reclaimed 69156kB at oom_score_adj 850
07-10 00:39:56.281  5674  5743 I libprocessgroup: Successfully killed process cgroup uid 1000 pid 11921 in 1ms
07-10 00:39:56.285  5287  5287 I Zygote  : Process 11921 exited due to signal 9 (Killed)
07-10 00:39:56.288  5424  5424 I perfetto: ory_arbiter_impl.cc:192 Shared memory buffer overrun! Stalling
07-10 00:39:56.291 12163 12163 W .android.chrome: Long monitor contention with owner fonts-androidx (12459) at boolean android.os.MessageQueue.enqueueMessage(android.os.Message, long)(MessageQueue.java:600) waiters=0 in android.os.Message android.os.MessageQueue.next() for 585ms
07-10 00:39:56.332  5424  5424 I perfetto: ory_arbiter_impl.cc:167 Recovered from stall after 11 iterations
07-10 00:39:56.375 12063 12527 D TrafficStats: tagSocket(77) with statsTag=0xffffffff, statsUid=-1
07-10 00:39:56.376  5674  6213 D NetdEventListenerService: DNS Requested by : 118, 10016
07-10 00:39:56.444  5674  6213 D NetdEventListenerService: DNS Requested by : 118, 10129
07-10 00:39:56.455 12305 12305 W [PASS][PASS]PermissionHelper: usrId is invalid : -1
07-10 00:39:56.457 12571 12571 I [scsettingv2std][2.0.15.0]: onCreate:
07-10 00:39:56.477 12753 12753 D nativeloader: Configuring classloader-namespace for other apk /data/app/~~fJPi5oR3Fq13w6pTxt5_8g==/com.microsoft.appmanager-mI9yQjasf3IFptactl5yzA==/base.apk. target_sdk_version=33, uses_libraries=, library_path=/data/app/~~fJPi5oR3Fq13w6pTxt5_8g==/com.microsoft.appmanager-mI9yQjasf3IFptactl5yzA==/lib/arm64:/data/app/~~fJPi5oR3Fq13w6pTxt5_8g==/com.microsoft.appmanager-mI9yQjasf3IFptactl5yzA==/base.apk!/lib/arm64-v8a, permitted_path=/data:/mnt/expand:/data/user/0/com.microsoft.appmanager
07-10 00:39:56.502 16924 18744 I FontLog : (REDACTED) Received query %s, URI %s
07-10 00:39:56.506 16924 18744 I FontLog : (REDACTED) Query [%s] resolved to %s
07-10 00:39:56.513 16924 18744 I FontLog : (REDACTED) Font PFD returned from cache for %s
07-10 00:39:56.513 16924 18744 I FontLog : (REDACTED) Fetch %s end status %s
07-10 00:39:56.525 12060 12800 D TrafficStats: tagSocket(100) with statsTag=0xffffffff, statsUid=-1
07-10 00:39:56.582 29789 29789 D BoundBrokerSvc: onUnbind: Intent { act=com.google.android.gms.feedback.internal.IFeedbackService dat=chimera-action:/... cmp=com.google.android.gms/.chimera.GmsBoundBrokerService }
07-10 00:39:56.674 12390 12390 I SENL$ShareFileProvider: attachInfo, ProviderInfo info: ContentProviderInfo{name=com.samsung.android.app.notes.shareprovider className=com.samsung.android.support.senl.nt.base.framework.provider.ShareFileProvider}
07-10 00:39:56.734  5674  6213 D NetdEventListenerService: DNS Requested by : 118, 10129
07-10 00:39:56.745 12060 12804 D TrafficStats: tagSocket(104) with statsTag=0xffffffff, statsUid=-1
07-10 00:39:56.773  4378  4378 I lmkd    : cached 1, sandbox(not0) 0
07-10 00:39:56.779  4378  4378 I lmkd    : Reclaim 'com.samsung.android.game.gos' (11696), uid 10217, oom_score_adj 999, state 19 to free 46372kB rss, 30960kb swap
07-10 00:39:56.780  4378  4378 I lmkd    : Reclaimed 77332kB at oom_score_adj 850
07-10 00:39:56.800 12063 12599 E WM-WorkerWrapper: Didn't find WorkSpec for id a7b38db2-b776-4b7e-9607-df8dbb1d0878
07-10 00:39:56.809  5287  5287 I Zygote  : Process 11696 exited due to signal 9 (Killed)
07-10 00:39:56.826  5674  5743 I libprocessgroup: Successfully killed process cgroup uid 10217 pid 11696 in 0ms
07-10 00:39:56.875  5287  5287 D Zygote  : Forked child process 12824
07-10 00:39:56.898  9837 10033 I SemDvfsHyPerManager: acquire hyper - SIOP_ARM_MAX/9837@2, type = 301993986
07-10 00:39:56.903 12571 12571 I SettingSearchProvider: onCreate isSupported = true
07-10 00:39:56.903  5313  5394 I HYPER-HAL: [RequestManager.cpp]acquire(): Acquired ID : 48407882  [9837 / 2]    HINT :      list : [CPUMaxFreq / 2210000]
07-10 00:39:56.930 12824 12824 I .osp.app.signin: Using CollectorTypeCC GC.
07-10 00:39:56.933 16924 18744 I FontLog : (REDACTED) Pulling font file for id = %d, cache size = %d
07-10 00:39:56.937 12305 12305 I [AUTHFW][PSDK]PassOperation: initialize
07-10 00:39:56.938 12824 12824 E .osp.app.signin: Not starting debugger since process cannot load the jdwp agent.
07-10 00:39:56.951 12305 12305 I [AUTHFW][PSDK]PassServiceConnection: bindService
07-10 00:39:56.955 12824 12824 W libc    : Access denied finding property "sys.perf.boostopt"
07-10 00:39:56.955  5262  5262 E audit   : type=1400 audit(1688942396.953:69334): avc:  denied  { read } for  pid=12824 comm=".osp.app.signin" name="u:object_r:perf_prop:s0" dev="tmpfs" ino=10663 scontext=u:r:platform_app:s0:c512,c768 tcontext=u:object_r:perf_prop:s0 tclass=file permissive=0 SEPF_SM-A515F_13_0001 audit_filtered
07-10 00:39:56.955  5262  5262 E audit   : type=1300 audit(1688942396.953:69334): arch=c00000b7 syscall=56 success=no exit=-13 a0=ffffff9c a1=7fcf7d5458 a2=88000 a3=0 items=0 ppid=5287 pid=12824 auid=4294967295 uid=10104 gid=10104 euid=10104 suid=10104 fsuid=10104 egid=10104 sgid=10104 fsgid=10104 tty=(none) ses=4294967295 comm=".osp.app.signin" exe="/system/bin/app_process64" subj=u:r:platform_app:s0:c512,c768 key=(null)
07-10 00:39:56.955  5262  5262 E audit   : type=1327 audit(1688942396.953:69334): proctitle="zygote64"
07-10 00:39:56.956 12571 12571 I SettingSearchProvider: secQueryGetFingerprint : 1240500000en_GB
07-10 00:39:56.958 12824 12824 D ActivityThread: setConscryptValidator
07-10 00:39:56.958 12824 12824 D ActivityThread: setConscryptValidator - put
07-10 00:39:56.972 16924 16924 D BoundBrokerSvc: onUnbind: Intent { act=com.google.android.gms.common.telemetry.service.START dat=chimera-action:/... cmp=com.google.android.gms/.chimera.PersistentApiService }
07-10 00:39:56.975 12824 12841 W libc    : Access denied finding property "sys.perf.boostopt"
07-10 00:39:56.975  5262  5262 E audit   : type=1400 audit(1688942396.973:69335): avc:  denied  { read } for  pid=12824 comm="binder:12824_1" name="u:object_r:perf_prop:s0" dev="tmpfs" ino=10663 scontext=u:r:platform_app:s0:c512,c768 tcontext=u:object_r:perf_prop:s0 tclass=file permissive=0 SEPF_SM-A515F_13_0001 audit_filtered
07-10 00:39:56.980  5353  5699 V APM_AudioPolicyManager: setAppState(portId:1005, state:1)
07-10 00:39:56.990 12305 12305 I [PASS][SPASS]FrameworkUtils: isInitialized : true
07-10 00:39:56.990 12305 12305 I [PASS][SPASS]PassFramework: ISU
07-10 00:39:56.990 12305 12305 W [PASS][PASS]PermissionHelper: usrId is invalid : -1
07-10 00:39:56.990 12305 12305 I [PASS][SPASS]FrameworkUtils: isSignedUp - false
07-10 00:39:56.998 12305 12305 W [PASS][CMN]PackageUtil: Can not find package [com.samsung.android.spaymini]
07-10 00:39:57.001 31135 32652 I native  : I0000 00:00:1688942396.992437   32652 soda_async_impl.cc:1540] Current audio timestamp: 1688942396620242
07-10 00:39:57.007  4378  4378 I lmkd    : cached 1, sandbox(not0) 0
07-10 00:39:57.011  5287  5287 D Zygote  : Forked child process 12843
07-10 00:39:57.015 12390 12390 I [scsettingv2std][2.0.13.0]: onCreate:
07-10 00:39:57.016  4378  4378 I lmkd    : Reclaim 'com.samsung.android.scloud' (11883), uid 5009, oom_score_adj 999, state 19 to free 59916kB rss, 30784kb swap
07-10 00:39:57.016 12571 12571 I CapsuleProvider_1.0.23: onCreate
07-10 00:39:57.016  4378  4378 I lmkd    : Reclaimed 90700kB at oom_score_adj 850
07-10 00:39:57.043  5287  5287 I Zygote  : Process 11883 exited due to signal 9 (Killed)
07-10 00:39:57.044  5674  5743 I libprocessgroup: Successfully killed process cgroup uid 5009 pid 11883 in 0ms
07-10 00:39:57.072 12824 12824 D CompatibilityChangeReporter: Compat change id reported: 171979766; UID 10104; state: ENABLED
07-10 00:39:57.083 12843 12843 I .android.authfw: Using CollectorTypeCC GC.
07-10 00:39:57.095 12843 12843 E .android.authfw: Not starting debugger since process cannot load the jdwp agent.
07-10 00:39:57.099 12390 12390 I SENL$HashTagNoteProvider: onCreate
07-10 00:39:57.109 12843 12843 W libc    : Access denied finding property "sys.perf.boostopt"
07-10 00:39:57.111 12843 12860 W libc    : Access denied finding property "sys.perf.boostopt"
07-10 00:39:57.114 12843 12843 D ActivityThread: setConscryptValidator
07-10 00:39:57.114 12843 12843 D ActivityThread: setConscryptValidator - put
07-10 00:39:57.116 12305 12828 I [PASS][CMN]WalletUtil: getWalletMigrated : false
07-10 00:39:57.117 12305 12828 I [PASS][CMN]SamsungAnalyticsLog: initializeSamsungAnalytics
07-10 00:39:57.117 12305 12828 I [PASS][CMN]WalletUtil: getWalletMigrated : false
07-10 00:39:57.131 12824 12842 W libc    : Access denied finding property "sys.perf.boostopt"
07-10 00:39:57.137 12390 12390 I SENL$ClipDataContentProvider: attachInfo, ProviderInfo info: ContentProviderInfo{name=com.samsung.android.app.notes.clipdatacontentprovider className=com.samsung.android.support.senl.nt.base.framework.provider.ClipDataContentProvider}
07-10 00:39:57.171 12843 12860 W libc    : Access denied finding property "sys.perf.boostopt"
07-10 00:39:57.175 12843 12843 D CompatibilityChangeReporter: Compat change id reported: 171979766; UID 5278; state: ENABLED
07-10 00:39:57.181 12305 12305 I [PASS][PASS]PassService: onBind:SamsungPassService
07-10 00:39:57.211 12390 12390 I SENL$NotesMain$ManageTrashProvider: onCreate
07-10 00:39:57.247 12390 12390 I CapsuleProvider_1.0.23: onCreate
07-10 00:39:57.255 12390 12390 I SENL$SC/SDocCountProvider: onCreate()
07-10 00:39:57.270 12305 12828 I DIAGMON_SDK[605060]: DiagMonAgent type: 2
07-10 00:39:57.270 12305 12828 I DIAGMON_SDK[605060][p595fm8rxk] : generated SR object
07-10 00:39:57.271 12305 12828 I [PASS][SPASS]SPassApplication: AndroidThreeTen initialized
07-10 00:39:57.295 12112 12141 D PackageUtils_v0.1.2022110701: Package com.microsoft.skydrive is signed with a0:79:42:15:27:8a:56:7e:88:7a:f6:cd:e0:15:a5:e8:84:14:ef:64:0f:7d:ab:38:55:a3:e7:79:65:8b:e7:78
07-10 00:39:57.338  5353  5543 V APM_AudioPolicyManager: setAppState(portId:1005, state:1)
07-10 00:39:57.400 12753 12753 V GraphicsEnvironment: ANGLE Developer option for 'com.microsoft.appmanager' set to: 'default'
07-10 00:39:57.401 12753 12753 V GraphicsEnvironment: ANGLE GameManagerService for com.microsoft.appmanager: false
07-10 00:39:57.401 12753 12753 V GraphicsEnvironment: Neither updatable production driver nor prerelease driver is supported.
07-10 00:39:57.447 29789 12734 I GmscoreIpa: Starting mediastore instant index [CONTEXT service_id=255 ]
07-10 00:39:57.495  5674  5695 D PackageManager: setEnabledSetting : userId = 0 packageName = com.samsung.android.app.reminder cmp = androidx.work.impl.background.systemjob.SystemJobService newState = 1 callingPackage = 10150/com.samsung.android.app.reminder
07-10 00:39:57.497  5674  5695 D ApplicationPolicy: getApplicationStateEnabled : pkg = com.samsung.android.app.reminder userId : 0
07-10 00:39:57.500  5674  5695 D ApplicationPolicy: getApplicationComponentState : pkg = com.samsung.android.app.reminder userId : 0
07-10 00:39:57.509 12390 12390 I SENL$NotesData$NotesDatabaseManager: getDatabase, inMemory : false
07-10 00:39:57.525 29789 29789 D BoundBrokerSvc: onUnbind: Intent { act=com.google.android.gms.appset.service.START dat=chimera-action:/... cmp=com.google.android.gms/.chimera.GmsApiService }
07-10 00:39:57.588  5674  6112 I ChimeraAggressivePolicyHandler: executePolicy() - triggerSource: TRIGGER_SOURCE_LMKD
07-10 00:39:57.589  5674  6112 I ChimeraAggressivePolicyHandler: memAvailable: 806216, memFreeTarget: 870400, releaseTarget:64184, protectedLruCount: 10
07-10 00:39:57.638 12753 12753 D NetworkSecurityConfig: No Network Security Config specified, using platform default
07-10 00:39:57.651  5674  6112 I NSLocationMonitor: getGPSUsingApps() called
07-10 00:39:57.664  7284  7322 I NSLocationManager_FLP: getGPSUsingApps, NO_FREEZE={5013} / FREEZE={10234}
07-10 00:39:57.674  5674  6112 I ChimeraAggressivePolicyHandler: Start doKill, protected policy: HEAVY
07-10 00:39:57.676  5674  6112 I ChimeraAggressivePolicyHandler: kill complete: killed 0 apps, freed 0 KB
07-10 00:39:57.676  5674  6112 I ChimeraAggressivePolicyHandler: Skipped reason: LR, pids: 7952 22760 11611
07-10 00:39:57.676  5674  6112 I ChimeraAggressivePolicyHandler: Skipped reason: CA, pids: 12305 11292 12390 12493 30967 10501 12571 10640 12713 12060 12063 10046 12112 12163 11179 11253
07-10 00:39:57.676  5674  6112 I ChimeraAggressivePolicyHandler: Skipped reason: PE, pids: 9754 5674 11822 32306 31802 32326 9809 30813 9837 9843 7284 5255 6852 6868 6877 6887 6908 11542 6429 11055 6461 7518 31625 10639 10641 20901 6576 15865
07-10 00:39:57.676  5674  6112 I ChimeraAggressivePolicyHandler: Skipped reason: IN, pids: 3584 4368 3799 7393 8183 7677 31102
07-10 00:39:57.676  5674  6112 I ChimeraAggressivePolicyHandler: Skipped reason: SE, pids: 4883 12824 29864 12843 10703 29789 6365
07-10 00:39:57.676  5674  6112 I ChimeraAggressivePolicyHandler: Skipped reason: AD, pids: 32323 32328 12753 18903 15129 11749 10472 32361 7277 32366 9717 14970 381
07-10 00:39:57.676  5674  6112 I ChimeraAggressivePolicyHandler: Processing time(ms) 88
07-10 00:39:57.778  4378  4378 I lmkd    : cached 1, sandbox(not0) 0
07-10 00:39:57.784  4378  4378 I lmkd    : Reclaim 'com.samsung.android.app.notes' (12390), uid 10260, oom_score_adj 995, state 19 to free 52132kB rss, 30908kb swap
07-10 00:39:57.784  4378  4378 I lmkd    : Reclaimed 83040kB at oom_score_adj 850
07-10 00:39:57.805 12753 12753 D NetworkSecurityConfig: No Network Security Config specified, using platform default
07-10 00:39:57.942  4378  4378 I lmkd    : cached 1, sandbox(not0) 0
07-10 00:39:57.944  4378  4378 I lmkd    : Reclaim 'com.samsung.android.smartswitchassistant' (10501), uid 1000, oom_score_adj 985, state 19 to free 29384kB rss, 34656kb swap
07-10 00:39:57.945  4378  4378 I lmkd    : Reclaimed 64040kB at oom_score_adj 850
07-10 00:39:57.970 31135 31464 I A       : (REDACTED) #onAudioData: %s bytes, getAudioReadSize %s
07-10 00:39:57.999 12824 12824 D nativeloader: Configuring classloader-namespace for other apk /system/framework/org.apache.http.legacy.jar. target_sdk_version=33, uses_libraries=ALL, library_path=/data/app/~~EhoCLpe9IJr2cAibezJfdg==/com.osp.app.signin-mgXNME0fm512t8l_4MNsMA==/lib/arm64:/data/app/~~EhoCLpe9IJr2cAibezJfdg==/com.osp.app.signin-mgXNME0fm512t8l_4MNsMA==/base.apk!/lib/arm64-v8a, permitted_path=/data:/mnt/expand:/data/user/0/com.osp.app.signin
07-10 00:39:57.999 12824 12824 D nativeloader: Extending system_exposed_libraries: libhumantracking.arcsoft.so:libPortraitDistortionCorrection.arcsoft.so:libPortraitDistortionCorrectionCali.arcsoft.so:libface_landmark.arcsoft.so:libFacialStickerEngine.arcsoft.so:libveengine.arcsoft.so:liblow_light_hdr.arcsoft.so:libhigh_dynamic_range.arcsoft.so:libFacialAttributeDetection.arcsoft.so:libBeauty_v4.camera.samsung.so:libexifa.camera.samsung.so:libjpega.camera.samsung.so:libOpenCv.camera.samsung.so:libImageScreener.camera.samsung.so:libMyFilter.camera.samsung.so:libtensorflowLite.myfilter.camera.samsung.so:libtensorflowlite_inference_api.myfilter.camera.samsung.so:libEventFinder.camera.samsung.so:libHIDTSnapJNI.camera.samsung.so:libSmartScan.camera.samsung.so:libRectify.camera.samsung.so:libDocRectifyWrapper.camera.samsung.so:libUltraWideDistortionCorrection.camera.samsung.so:libHpr_RecGAE_cvFeature_v1.0.camera.samsung.so:libHprFace_GAE_api.camera.samsung.so:libFace_Landmark_API.camera.samsung.so:libHprFace_GAE_jni.camera.samsung.so:libFacialBasedSelfieCorrec
07-10 00:39:58.004  5287  5287 I Zygote  : Process 12390 exited due to signal 9 (Killed)
07-10 00:39:58.014  5353  5543 V APM_AudioPolicyManager: setAppState(portId:1005, state:1)
07-10 00:39:58.025  4378  4378 W lmkd    : Failed to open /proc/12390/oom_score_adj; errno=2: process 12390 might have been killed
07-10 00:39:58.025  5353  5543 V APM_AudioPolicyManager: setAppState(portId:1005, state:1)
07-10 00:39:58.034  5674  5743 I libprocessgroup: Successfully killed process cgroup uid 10260 pid 12390 in 10ms
07-10 00:39:58.035  5674  5745 W libprocessgroup: Failed to open /dev/blkio//cgroup.procs: No such file or directory
07-10 00:39:58.035  5674  5743 I libprocessgroup: Successfully killed process cgroup uid 1000 pid 10501 in 0ms
07-10 00:39:58.036  5674  5745 W libprocessgroup: Failed to open /dev/blkio//cgroup.procs: No such file or directory
07-10 00:39:58.040  5287  5287 I Zygote  : Process 10501 exited due to signal 9 (Killed)
07-10 00:39:58.040  4378  4378 W lmkd    : Failed to open /proc/10501/oom_score_adj; errno=2: process 10501 might have been killed
07-10 00:39:58.049  5353  5543 V APM_AudioPolicyManager: setAppState(portId:1005, state:1)
07-10 00:39:58.094  5287  5287 I Zygote  : Process 10046 exited due to signal 9 (Killed)
07-10 00:39:58.159  5325  5325 E sehhealth-service: Could not open /sys/class/power_supply/battery/lrp
07-10 00:39:58.160 11253 12468 D TrafficStats: tagSocket(113) with statsTag=0xffffffff, statsUid=-1
07-10 00:39:58.160  5674  6213 D NetdEventListenerService: DNS Requested by : 118, 10222
07-10 00:39:58.177 12713 12713 I MultiDex: VM with version 2.1.0 has multidex support
07-10 00:39:58.190 12713 12713 I MultiDex: Installing application
07-10 00:39:58.190 12713 12713 I MultiDex: VM has multidex support, MultiDex support library is disabled.
07-10 00:39:58.205  5353  5699 V APM_AudioPolicyManager: setAppState(portId:1005, state:1)
07-10 00:39:58.211  5674  5745 W libprocessgroup: Failed to open /dev/blkio//cgroup.procs: No such file or directory
07-10 00:39:58.211  5353  5699 V APM_AudioPolicyManager: setAppState(portId:1005, state:1)
07-10 00:39:58.228  5353  5699 V APM_AudioPolicyManager: setAppState(portId:1005, state:1)
07-10 00:39:58.229 12060 12776 D EventBus: No subscribers registered for event class ls.b
07-10 00:39:58.229 12060 12776 D EventBus: No subscribers registered for event class bf0.h
07-10 00:39:58.302 12713 12713 I MSDG[SmartSwitch]BnRDocumentProvider: onCreate
07-10 00:39:58.355  5674  5873 D PackageManager: setEnabledSetting : userId = 0 packageName = com.microsoft.bing cmp = com.microsoft.clients.bing.widget.TrendingSearchesWidgetProvider newState = 2 callingPackage = 10129/com.microsoft.bing
07-10 00:39:58.358  5674  5873 D PackageManager: setEnabledSetting : userId = 0 packageName = com.microsoft.bing cmp = com.microsoft.clients.bing.widget.TrendingSearchesImageWidgetProvider newState = 2 callingPackage = 10129/com.microsoft.bing
07-10 00:39:58.432 12060 12710 E MATSDK  : HTTP request ! failed after 2211 ms, events were rejected by the server (403) and will be all dropped
07-10 00:39:58.462 12163 12163 W .android.chrome: Long monitor contention with owner fonts-androidx (12459) at boolean android.os.MessageQueue.enqueueMessage(android.os.Message, long)(MessageQueue.java:600) waiters=0 in android.os.Message android.os.MessageQueue.next() for 349ms
07-10 00:39:58.476 12713 12713 I MSDG[SmartSwitch]BnRProvider: onCreate
07-10 00:39:58.504  5353  5699 V APM_AudioPolicyManager: setAppState(portId:1005, state:1)
07-10 00:39:58.514  5674  5745 W libprocessgroup: Failed to open /dev/blkio//cgroup.procs: No such file or directory
07-10 00:39:58.521  5353  5699 V APM_AudioPolicyManager: setAppState(portId:1005, state:1)
07-10 00:39:58.529  5353  5699 V APM_AudioPolicyManager: setAppState(portId:1005, state:1)
07-10 00:39:58.550 12824 12824 D nativeloader: Configuring classloader-namespace for other apk /system/framework/samsungkeystoreutils.jar. target_sdk_version=33, uses_libraries=ALL, library_path=/data/app/~~EhoCLpe9IJr2cAibezJfdg==/com.osp.app.signin-mgXNME0fm512t8l_4MNsMA==/lib/arm64:/data/app/~~EhoCLpe9IJr2cAibezJfdg==/com.osp.app.signin-mgXNME0fm512t8l_4MNsMA==/base.apk!/lib/arm64-v8a, permitted_path=/data:/mnt/expand:/data/user/0/com.osp.app.signin
