07-10 01:33:32.596 30967 31717 I ContactsProvider_EventLog: cp_s: [ agr({[2 ,2 ,14 ,236]=1, [2 ,14 ,236]=32, [3]=15, [14]=1, [4]=1, [2 ,14]=4, [2 ,2]=2, [2]=34, [6 ,14]=1, [2 ,236]=3, [236]=62, [2 ,236 ,14]=2}) ]
07-10 01:33:32.596 30967 31717 I ContactsProvider_EventLog: cp_s: [ cnt({acore(30967)=1}) ]
07-10 01:33:32.596 30967 31717 I ContactsProvider_EventLog: cp_s: [PROFILE con(1) dat(1) acc({vnd.sec.contact.phone=1}) ] [SAPROFILE ]
07-10 01:33:32.596 30967 31717 I ContactsProvider_EventLog: cp_s: [STATE R(T) ]
07-10 01:33:32.664  5325  5325 E sehhealth-service: Could not open /sys/class/power_supply/battery/lrp
07-10 01:33:34.253  5674  7726 D SemWifiUsabilityStatsMonitor: onWifiUsabilityStats - seqNum 22086, isSameBssidAndFreq true
07-10 01:33:34.254  5674  6055 D ConnectivityService: notifyType CALLBACK_CAP_CHANGED for [118 WIFI]
07-10 01:33:34.256  5674  6128 I SemWifiLinkQualityMonitor: Link Qos Query: 0.059 ms / 135.417 Mbps (325 / 0.000 / 2.400)
07-10 01:33:34.259  5674  6086 D SemWifiSwitchForIndividualAppsService: stopTCPMonitoring : already stopped
07-10 01:33:34.261  5674  6086 I WifiConnectivityMonitor.NCC: sNetworkCallback(oCC) FULL : 118(true/false)[ Transports: WIFI Capabilities: NOT_METERED&INTERNET&NOT_RESTRICTED&TRUSTED&NOT_VPN&VALIDATED&NOT_ROAMING&FOREGROUND&NOT_CONGESTED&NOT_SUSPENDED&NOT_VCN_MANAGED LinkUpBandwidth>=38087Kbps LinkDnBandwidth>=48162Kbps TransportInfo: <SSID: <unknown ssid>, BSSID: 02:00:00:**:**:00, MAC: 02:00:00:**:**:00, IP: /192.168.1.19, Security type: 2, Supplicant state: COMPLETED, Wi-Fi standard: 5, RSSI: -63, Link speed: 325Mbps, Tx Link speed: 325Mbps, Max Supported Tx Link speed: 433Mbps, Rx Link speed: 6Mbps, Max Supported Rx Link speed: 433Mbps, Frequency: 5180MHz, Net ID: -1, Metered hint: false, score: 60, isUsable: true, CarrierMerged: false, SubscriptionId: -1, IsPrimary: 1, Trusted: true, Restricted: false, Ephemeral: false, OEM paid: false, OEM private: false, OSU AP: false, FQDN: <none>, Provider friendly name: <none>, Requesting package name: <none><none>MLO Information: , AP MLD Address: <none>, AP MLO Link Id: <none>, AP MLO Affiliated links: <none>> SignalStrength: -63 AdminUids: [1000] SSID: "Talija" UnderlyingNetworks: Null]
07-10 01:33:34.262  5674  6164 I WifiConnectivityMonitor: current mode : 1
07-10 01:33:34.263  5674  6164 D OpenNetworkQos[4.00]: updateBssidNoInternet: mBssidNoInternet = false
07-10 01:33:34.263  5674  6164 D OpenNetworkQos[4.00]: getOpenNetworkQosNoInternetStatus: false
07-10 01:33:34.263  5674  6164 D OpenNetworkQos[4.00]: getOpenNetworkQosScores: 26 26 26
07-10 01:33:34.264  5674  6164 I WifiProfileShare: network QoS data was changed (internet), updateQoSData networkType: true, qosData: false
07-10 01:33:34.265  5674  7451 V WifiProfileShare.Caster: update wips network, size: 0
07-10 01:33:34.265  5674  7451 D WifiProfileShare: nearby scanning settings run
07-10 01:33:34.265  5674  7451 D WifiProfileShare: network score provider settings enabled
07-10 01:33:34.266  5674  7451 D OpenNetworkQos[4.00]: getOpenNetworkQosScores: 26 26 26
07-10 01:33:34.266  5674  7451 D OpenNetworkQos[4.00]: getOpenNetworkQosNoInternetStatus: false
07-10 01:33:34.266  5674  7451 I WifiProfileShare.Caster: current network type: 0, score: [26, 26, 26]
07-10 01:33:34.268  5674  7451 V WifiProfileShare.Cache: update network score 00:e4:06:**:**:90
07-10 01:33:34.268  5674  7451 D WifiProfileShare.ScanMatcher: getMcfDataList size:2
07-10 01:33:34.268  5674  7451 I WifiProfileShare.Caster: qos data was updated , before:type:QOS, pBssid:51:2e:90, qosData:7c after:type:QOS, pBssid:51:2e:90, qosData:7c
07-10 01:33:34.270  5674  7451 I [MCFSDK_android_1.2.4010]_4_b: isNetworkEnabled - type : 1 ret : true
07-10 01:33:34.271  5674  7451 D WifiProfileShare.McfCast: -ME--- mIsNetworkEnabled :true
07-10 01:33:34.271  5674  7451 D WifiProfileShare.McfCast: updateQoSData ignored, same contents
07-10 01:33:34.271  5674  7451 D WifiProfileShare.MCF: success update QosData !
07-10 01:33:34.274  5674  7451 I [MCFSDK_android_1.2.4010]_4_b: isNetworkEnabled - type : 1 ret : true
07-10 01:33:34.276  5674  7451 D WifiProfileShare.McfCast: -ME--- mIsNetworkEnabled :true
07-10 01:33:34.276  5674  7451 D WifiProfileShare.McfCast: -ME--- updatePasswordDate pwdData size:2
07-10 01:33:34.281 16924 18725 I ChimeraSrvcProxy: NullBinder for android.net.action.RECOMMEND_NETWORKS triggering remote TransactionTooLargeException due to Service without Chimera impl
07-10 01:33:34.281 16924 18725 W .gms.persistent: Large reply transaction of 1056768 bytes, interface descriptor , code 1
07-10 01:33:34.285  6461  6566 D NetworkController.WifiSignalController: notifyListener: visible=true, connected=true, inetCondition=1, isDefault=true, wifiTestReported=true, receivedInetCondition=-1, hideDuringMobileSwitching=false
07-10 01:33:37.281  5674  7726 D SemWifiUsabilityStatsMonitor: onWifiUsabilityStats - seqNum 22087, isSameBssidAndFreq true
07-10 01:33:37.284  5674  6128 I SemWifiLinkQualityMonitor: Link Qos Query: 0.059 ms / 135.417 Mbps (325 / 0.000 / 2.400)
07-10 01:33:37.284  6461  6461 D NetworkController.WifiSignalController: notifyListener: visible=true, connected=true, inetCondition=1, isDefault=true, wifiTestReported=true, receivedInetCondition=-1, hideDuringMobileSwitching=false
07-10 01:33:37.947  5674  6523 D PackageManager: setEnabledSetting : userId = 0 packageName = com.Slack cmp = androidx.work.impl.background.systemalarm.RescheduleReceiver newState = 1 callingPackage = 10329/com.Slack
07-10 01:33:37.948  5674  6523 D ApplicationPolicy: getApplicationStateEnabled : pkg = com.Slack userId : 0
07-10 01:33:37.950  5674  6523 D ApplicationPolicy: getApplicationComponentState : pkg = com.Slack userId : 0
07-10 01:33:37.977  5353  6075 V APM_AudioPolicyManager: setAppState(portId:1005, state:1)
07-10 01:33:37.977  5674  5745 W libprocessgroup: Failed to open /dev/blkio//cgroup.procs: No such file or directory
07-10 01:33:37.999 25156 25231 D ConnectivityManager: StackLog: [android.net.ConnectivityManager.sendRequestForNetwork(ConnectivityManager.java:4300)] [android.net.ConnectivityManager.registerDefaultNetworkCallbackForUid(ConnectivityManager.java:4864)] [android.net.ConnectivityManager.registerDefaultNetworkCallback(ConnectivityManager.java:4831)] [android.net.ConnectivityManager.registerDefaultNetworkCallback(ConnectivityManager.java:4805)] [androidx.work.impl.utils.NetworkApi24.registerDefaultNetworkCallbackCompat(Unknown Source:11)] [androidx.work.impl.constraints.trackers.NetworkStateTracker24.startTracking(Unknown Source:15)] [androidx.work.impl.constraints.controllers.ConstraintController.replace(Unknown Source:130)] [androidx.work.impl.constraints.WorkConstraintsTrackerImpl.replace(Unknown Source:41)] [androidx.work.impl.background.greedy.GreedyScheduler.schedule(Unknown Source:302)] [androidx.work.impl.Schedulers.schedule(Unknown Source:155)] [androidx.work.impl.utils.EnqueueRunnable.run(Unknown Source:53)] [androidx.work.Worker$2.run$androidx$work$impl$utils$SerialExecutorImpl$Task(Unknown Source:4)] [androidx.work.Worker$2.run(Unknown Source:868)] [java.util.concurrent.ThreadPoolExecutor.runWorker(ThreadPoolExecutor.java:1137)] [java.util.concurrent.ThreadPoolExecutor$Worker.run(ThreadPoolExecutor.java:637)] [java.lang.Thread.run(Thread.java:1012)]
07-10 01:33:38.002  5674  9681 D ConnectivityService: requestNetwork for uid/pid:10329/25156 activeRequest: null callbackRequest: 16761 [NetworkRequest [ REQUEST id=16762, [ Capabilities: INTERNET&NOT_RESTRICTED&TRUSTED&NOT_VCN_MANAGED Uid: 10329 RequestorUid: 10329 RequestorPkg: com.Slack UnderlyingNetworks: Null] ]] callback flags: 0 order: 2147483647
07-10 01:33:38.003  5674  6055 D ConnectivityService:    accepting network in place of null
07-10 01:33:38.006  5674  6045 D WifiNetworkFactory: got request NetworkRequest [ REQUEST id=16762, [ Capabilities: INTERNET&NOT_RESTRICTED&TRUSTED&NOT_VCN_MANAGED Uid: 10329 RequestorUid: 10329 RequestorPkg: com.Slack UnderlyingNetworks: Null] ]
07-10 01:33:38.006  5674  6045 D UntrustedWifiNetworkFactory: got request NetworkRequest [ REQUEST id=16762, [ Capabilities: INTERNET&NOT_RESTRICTED&TRUSTED&NOT_VCN_MANAGED Uid: 10329 RequestorUid: 10329 RequestorPkg: com.Slack UnderlyingNetworks: Null] ]
07-10 01:33:38.007  5674  6045 D OemPaidWifiNetworkFactory: got request NetworkRequest [ REQUEST id=16762, [ Capabilities: INTERNET&NOT_RESTRICTED&TRUSTED&NOT_VCN_MANAGED Uid: 10329 RequestorUid: 10329 RequestorPkg: com.Slack UnderlyingNetworks: Null] ]
07-10 01:33:38.007  5674  6045 D MultiInternetWifiNetworkFactory: got request NetworkRequest [ REQUEST id=16762, [ Capabilities: INTERNET&NOT_RESTRICTED&TRUSTED&NOT_VCN_MANAGED Uid: 10329 RequestorUid: 10329 RequestorPkg: com.Slack UnderlyingNetworks: Null] ]
07-10 01:33:38.009  5674  6055 D ConnectivityService: Rematched networks [computed 0ms] [applied 1ms] [issued 5]
07-10 01:33:38.009  5674  6055 D ConnectivityService: NetworkReassignment :
07-10 01:33:38.009  5674  6055 D ConnectivityService:   16762 : null → 118
07-10 01:33:38.033 25156 25156 D ConnectivityManager: StackLog: [android.net.ConnectivityManager.unregisterNetworkCallback(ConnectivityManager.java:4972)] [androidx.work.impl.utils.NetworkApi21.unregisterNetworkCallbackCompat(Unknown Source:11)] [androidx.work.impl.constraints.trackers.NetworkStateTracker24.stopTracking(Unknown Source:15)] [androidx.work.impl.constraints.trackers.ConstraintTracker.removeListener(Unknown Source:24)] [androidx.work.impl.constraints.controllers.ConstraintController.replace(Unknown Source:81)] [androidx.work.impl.constraints.WorkConstraintsTrackerImpl.replace(Unknown Source:41)] [androidx.work.impl.background.greedy.GreedyScheduler.onExecuted(Unknown Source:55)] [androidx.work.impl.Processor.onExecuted(Unknown Source:59)] [com.bugsnag.android.DeliveryDelegate$1.run(Unknown Source:212)]
07-10 01:33:38.035  5674  6055 D ConnectivityService:  Removing from current network [118 WIFI], leaving 158 requests.
07-10 01:33:38.043  5353  6075 V APM_AudioPolicyManager: setAppState(portId:1005, state:1)
07-10 01:33:38.049  5353  6075 V APM_AudioPolicyManager: setAppState(portId:1005, state:1)
07-10 01:33:38.317 16924 16924 D BoundBrokerSvc: onUnbind: Intent { act=com.google.android.gms.auth.account.workaccount.START dat=chimera-action:/... cmp=com.google.android.gms/.chimera.PersistentApiService }
07-10 01:33:38.654 16924 16924 D BoundBrokerSvc: onBind: Intent { act=com.google.android.gms.auth.account.workaccount.START dat=chimera-action:/... cmp=com.google.android.gms/.chimera.PersistentApiService }
07-10 01:33:38.654 16924 16924 D BoundBrokerSvc: Loading bound service for intent: Intent { act=com.google.android.gms.auth.account.workaccount.START dat=chimera-action:/... cmp=com.google.android.gms/.chimera.PersistentApiService }
07-10 01:33:40.337  5674  7726 D SemWifiUsabilityStatsMonitor: onWifiUsabilityStats - seqNum 22088, isSameBssidAndFreq true
07-10 01:33:40.342  5674  6128 I SemWifiLinkQualityMonitor: Link Qos Query: 0.037 ms / 216.667 Mbps (325 / 0.000 / 1.500)
07-10 01:33:40.342  6461  6461 D NetworkController.WifiSignalController: notifyListener: visible=true, connected=true, inetCondition=1, isDefault=true, wifiTestReported=true, receivedInetCondition=-1, hideDuringMobileSwitching=false
07-10 01:33:43.119  6461  6566 D MobileStatusTracker(1/2): onSignalStrengthsChanged level=3, vendorLevel=2
07-10 01:33:43.124  6461  6566 D MobileSignalController(1/2): notifyListener: enabled=true, connected=true, dataConnected=false, networkType=LTE (4G), emergencyOnly=false, roaming=false, isDefault=false, dataActivity=, level=2, ca=false, mmWave=false, disabledDataIcon=false, simCard=ETC
07-10 01:33:43.124  6461  6566 D NetworkController: SignalStrength from intent slotId=1
07-10 01:33:43.397  5674  7726 D SemWifiUsabilityStatsMonitor: onWifiUsabilityStats - seqNum 22089, isSameBssidAndFreq true
07-10 01:33:43.397  5674  6055 D ConnectivityService: notifyType CALLBACK_CAP_CHANGED for [118 WIFI]
07-10 01:33:43.399  5674  6128 I SemWifiLinkQualityMonitor: Link Qos Query: 0.034 ms / 234.000 Mbps (390 / 0.000 / 1.667)
07-10 01:33:43.401  5674  6086 D SemWifiSwitchForIndividualAppsService: stopTCPMonitoring : already stopped
07-10 01:33:43.402  5674  6086 I WifiConnectivityMonitor.NCC: sNetworkCallback(oCC) FULL : 118(true/false)[ Transports: WIFI Capabilities: NOT_METERED&INTERNET&NOT_RESTRICTED&TRUSTED&NOT_VPN&VALIDATED&NOT_ROAMING&FOREGROUND&NOT_CONGESTED&NOT_SUSPENDED&NOT_VCN_MANAGED LinkUpBandwidth>=15762Kbps LinkDnBandwidth>=38308Kbps TransportInfo: <SSID: <unknown ssid>, BSSID: 02:00:00:**:**:00, MAC: 02:00:00:**:**:00, IP: /192.168.1.19, Security type: 2, Supplicant state: COMPLETED, Wi-Fi standard: 5, RSSI: -64, Link speed: 390Mbps, Tx Link speed: 390Mbps, Max Supported Tx Link speed: 433Mbps, Rx Link speed: 6Mbps, Max Supported Rx Link speed: 433Mbps, Frequency: 5180MHz, Net ID: -1, Metered hint: false, score: 60, isUsable: true, CarrierMerged: false, SubscriptionId: -1, IsPrimary: 1, Trusted: true, Restricted: false, Ephemeral: false, OEM paid: false, OEM private: false, OSU AP: false, FQDN: <none>, Provider friendly name: <none>, Requesting package name: <none><none>MLO Information: , AP MLD Address: <none>, AP MLO Link Id: <none>, AP MLO Affiliated links: <none>> SignalStrength: -64 AdminUids: [1000] SSID: "Talija" UnderlyingNetworks: Null]
07-10 01:33:43.404  5674  6164 I WifiConnectivityMonitor: current mode : 1
07-10 01:33:43.404  5674  6164 D OpenNetworkQos[4.00]: updateBssidNoInternet: mBssidNoInternet = false
07-10 01:33:43.404  5674  6164 D OpenNetworkQos[4.00]: getOpenNetworkQosNoInternetStatus: false
07-10 01:33:43.404  5674  6164 D OpenNetworkQos[4.00]: getOpenNetworkQosScores: 26 26 26
07-10 01:33:43.405  5674  6164 I WifiProfileShare: network QoS data was changed (internet), updateQoSData networkType: true, qosData: false
07-10 01:33:43.405  5674  7451 V WifiProfileShare.Caster: update wips network, size: 0
07-10 01:33:43.405  5674  7451 D WifiProfileShare: nearby scanning settings run
07-10 01:33:43.406  5674  7451 D WifiProfileShare: network score provider settings enabled
07-10 01:33:43.406  5674  7451 D OpenNetworkQos[4.00]: getOpenNetworkQosScores: 26 26 26
07-10 01:33:43.406  5674  7451 D OpenNetworkQos[4.00]: getOpenNetworkQosNoInternetStatus: false
07-10 01:33:43.406  5674  7451 I WifiProfileShare.Caster: current network type: 0, score: [26, 26, 26]
07-10 01:33:43.407  5674  7451 V WifiProfileShare.Cache: update network score 00:e4:06:**:**:90
07-10 01:33:43.408  5674  7451 D WifiProfileShare.ScanMatcher: getMcfDataList size:2
07-10 01:33:43.409  5674  7451 I WifiProfileShare.Caster: qos data was updated , before:type:QOS, pBssid:51:2e:90, qosData:7c after:type:QOS, pBssid:51:2e:90, qosData:7c
07-10 01:33:43.409  5674  7451 I [MCFSDK_android_1.2.4010]_4_b: isNetworkEnabled - type : 1 ret : true
07-10 01:33:43.410  5674  7451 D WifiProfileShare.McfCast: -ME--- mIsNetworkEnabled :true
07-10 01:33:43.410  5674  7451 D WifiProfileShare.McfCast: updateQoSData ignored, same contents
07-10 01:33:43.410  5674  7451 D WifiProfileShare.MCF: success update QosData !
07-10 01:33:43.411  5674  7451 I [MCFSDK_android_1.2.4010]_4_b: isNetworkEnabled - type : 1 ret : true
07-10 01:33:43.411  5674  7451 D WifiProfileShare.McfCast: -ME--- mIsNetworkEnabled :true
07-10 01:33:43.412  5674  7451 D WifiProfileShare.McfCast: -ME--- updatePasswordDate pwdData size:2
07-10 01:33:43.445 16924 16967 I ChimeraSrvcProxy: NullBinder for android.net.action.RECOMMEND_NETWORKS triggering remote TransactionTooLargeException due to Service without Chimera impl
07-10 01:33:43.445 16924 16967 W .gms.persistent: Large reply transaction of 1056768 bytes, interface descriptor , code 1
07-10 01:33:43.458  6461  6566 D NetworkController.WifiSignalController: notifyListener: visible=true, connected=true, inetCondition=1, isDefault=true, wifiTestReported=true, receivedInetCondition=-1, hideDuringMobileSwitching=false
07-10 01:33:44.089  5262  5262 E audit   : type=1400 audit(1688945624.085:70090): avc:  denied  { getattr } for  pid=5674 comm="BinderProcsColl" path="/sys/kernel/debug/binder/proc/5674" dev="debugfs" ino=32119 scontext=u:r:system_server:s0 tcontext=u:object_r:sec_debugfs:s0 tclass=file permissive=0 SEPF_SM-A515F_13_0001 audit_filtered
07-10 01:33:44.089  5262  5262 E audit   : type=1300 audit(1688945624.085:70090): arch=c00000b7 syscall=79 success=no exit=-13 a0=ffffff9c a1=7af04525a0 a2=79df9bd680 a3=0 items=0 ppid=5287 pid=5674 auid=4294967295 uid=1000 gid=1000 euid=1000 suid=1000 fsuid=1000 egid=1000 sgid=1000 fsgid=1000 tty=(none) ses=4294967295 comm="BinderProcsColl" exe="/system/bin/app_process64" subj=u:r:system_server:s0 key=(null)
07-10 01:33:44.089  5262  5262 E audit   : type=1327 audit(1688945624.085:70090): proctitle="system_server"
07-10 01:33:46.434  5674  7726 D SemWifiUsabilityStatsMonitor: onWifiUsabilityStats - seqNum 22090, isSameBssidAndFreq true
07-10 01:33:46.436  5674  6128 I SemWifiLinkQualityMonitor: Link Qos Query: 0.049 ms / 162.500 Mbps (325 / 0.000 / 2.000)
07-10 01:33:49.494  5674  7726 D SemWifiUsabilityStatsMonitor: onWifiUsabilityStats - seqNum 22091, isSameBssidAndFreq true
07-10 01:33:49.495  5674  6055 D ConnectivityService: notifyType CALLBACK_CAP_CHANGED for [118 WIFI]
07-10 01:33:49.497  5674  6128 I SemWifiLinkQualityMonitor: Link Qos Query: 0.041 ms / 195.000 Mbps (390 / 0.000 / 2.000)
07-10 01:33:49.500  5674  6086 D SemWifiSwitchForIndividualAppsService: stopTCPMonitoring : already stopped
07-10 01:33:49.502  5674  6086 I WifiConnectivityMonitor.NCC: sNetworkCallback(oCC) FULL : 118(true/false)[ Transports: WIFI Capabilities: NOT_METERED&INTERNET&NOT_RESTRICTED&TRUSTED&NOT_VPN&VALIDATED&NOT_ROAMING&FOREGROUND&NOT_CONGESTED&NOT_SUSPENDED&NOT_VCN_MANAGED LinkUpBandwidth>=38087Kbps LinkDnBandwidth>=48162Kbps TransportInfo: <SSID: <unknown ssid>, BSSID: 02:00:00:**:**:00, MAC: 02:00:00:**:**:00, IP: /192.168.1.19, Security type: 2, Supplicant state: COMPLETED, Wi-Fi standard: 5, RSSI: -63, Link speed: 390Mbps, Tx Link speed: 390Mbps, Max Supported Tx Link speed: 433Mbps, Rx Link speed: 6Mbps, Max Supported Rx Link speed: 433Mbps, Frequency: 5180MHz, Net ID: -1, Metered hint: false, score: 60, isUsable: true, CarrierMerged: false, SubscriptionId: -1, IsPrimary: 1, Trusted: true, Restricted: false, Ephemeral: false, OEM paid: false, OEM private: false, OSU AP: false, FQDN: <none>, Provider friendly name: <none>, Requesting package name: <none><none>MLO Information: , AP MLD Address: <none>, AP MLO Link Id: <none>, AP MLO Affiliated links: <none>> SignalStrength: -63 AdminUids: [1000] SSID: "Talija" UnderlyingNetworks: Null]
07-10 01:33:49.503  5674  6164 I WifiConnectivityMonitor: current mode : 1
07-10 01:33:49.504  5674  6164 D OpenNetworkQos[4.00]: updateBssidNoInternet: mBssidNoInternet = false
07-10 01:33:49.504  5674  6164 D OpenNetworkQos[4.00]: getOpenNetworkQosNoInternetStatus: false
07-10 01:33:49.504  5674  6164 D OpenNetworkQos[4.00]: getOpenNetworkQosScores: 26 26 26
07-10 01:33:49.505  5674  6164 I WifiProfileShare: network QoS data was changed (internet), updateQoSData networkType: true, qosData: false
07-10 01:33:49.507  5674  7451 V WifiProfileShare.Caster: update wips network, size: 0
07-10 01:33:49.508  5674  7451 D WifiProfileShare: nearby scanning settings run
07-10 01:33:49.508  5674  7451 D WifiProfileShare: network score provider settings enabled
07-10 01:33:49.508  5674  7451 D OpenNetworkQos[4.00]: getOpenNetworkQosScores: 26 26 26
07-10 01:33:49.508  5674  7451 D OpenNetworkQos[4.00]: getOpenNetworkQosNoInternetStatus: false
07-10 01:33:49.508  5674  7451 I WifiProfileShare.Caster: current network type: 0, score: [26, 26, 26]
07-10 01:33:49.520  5674  7451 V WifiProfileShare.Cache: update network score 00:e4:06:**:**:90
07-10 01:33:49.520  5674  7451 D WifiProfileShare.ScanMatcher: getMcfDataList size:2
07-10 01:33:49.522  5674  7451 I WifiProfileShare.Caster: qos data was updated , before:type:QOS, pBssid:51:2e:90, qosData:7c after:type:QOS, pBssid:51:2e:90, qosData:7c
07-10 01:33:49.530 16924 16964 I ChimeraSrvcProxy: NullBinder for android.net.action.RECOMMEND_NETWORKS triggering remote TransactionTooLargeException due to Service without Chimera impl
07-10 01:33:49.531 16924 16964 W .gms.persistent: Large reply transaction of 1056768 bytes, interface descriptor , code 1
07-10 01:33:49.535  5674  7451 I [MCFSDK_android_1.2.4010]_4_b: isNetworkEnabled - type : 1 ret : true
07-10 01:33:49.535  5674  7451 D WifiProfileShare.McfCast: -ME--- mIsNetworkEnabled :true
07-10 01:33:49.535  5674  7451 D WifiProfileShare.McfCast: updateQoSData ignored, same contents
07-10 01:33:49.535  5674  7451 D WifiProfileShare.MCF: success update QosData !
07-10 01:33:49.538  6461  6566 D NetworkController.WifiSignalController: notifyListener: visible=true, connected=true, inetCondition=1, isDefault=true, wifiTestReported=true, receivedInetCondition=-1, hideDuringMobileSwitching=false
07-10 01:33:49.539  5674  7451 I [MCFSDK_android_1.2.4010]_4_b: isNetworkEnabled - type : 1 ret : true
07-10 01:33:49.539  5674  7451 D WifiProfileShare.McfCast: -ME--- mIsNetworkEnabled :true
07-10 01:33:49.539  5674  7451 D WifiProfileShare.McfCast: -ME--- updatePasswordDate pwdData size:2
07-10 01:33:49.547  6461  6566 D MobileStatusTracker(1/2): onSignalStrengthsChanged level=3, vendorLevel=3
07-10 01:33:49.548  6461  6566 D MobileSignalController(1/2): notifyListener: enabled=true, connected=true, dataConnected=false, networkType=LTE (4G), emergencyOnly=false, roaming=false, isDefault=false, dataActivity=, level=3, ca=false, mmWave=false, disabledDataIcon=false, simCard=ETC
07-10 01:33:49.552  6461  6566 D NetworkController: SignalStrength from intent slotId=1
07-10 01:33:51.598  5306  5327 I SensorsHub: context 6 0 5 1,1,55,0,1,3, 147128431749756
07-10 01:33:51.599  5674  5859 D SensorHubManager: onGetSensorHubDataLocked: library(6) = 1, 1, 55, 0, 1, 3
07-10 01:33:51.601  5674  5860 D CAE     : onGetSensorHubData(SensorHubParserProvider.java:89) - onGetSensorHubData Event [event buffer len :6], AP_WAKEUP
07-10 01:33:51.602  5674  5860 I CAE     : parse(SensorHubParserProvider.java:190) - buffer size = 6
07-10 01:33:51.602  5674  5860 I CAE     : parse(SensorHubParserProvider.java:201) - 1, 1, 55, 0, 1, 3,
07-10 01:33:51.603  5674  5860 I CAE     : parse(SLocationRunner.java:88) - SLocationRunner parse start : 3
07-10 01:33:51.603  5674  5860 D CAE     : display(ContextProvider.java:375) - ================= SLOCATION_RUNNER =================
07-10 01:33:51.604  5674  5860 I CAE     : display(ContextProvider.java:391) - ExtraDataArray=[1, 1, 55, 0, 1, 3]
07-10 01:33:51.605  5674  5860 I CAE     : parse(SLocationRunner.java:96) - SLocationRunner parse end:6
07-10 01:33:51.607  5674  5857 D SemContextService: Service.updateContext() : service = SLocation Core
07-10 01:33:51.610  5674  5674 D SemContextManager: onSemContextChanged() : event = SLocation Core
07-10 01:33:51.611  5674  5674 D SLocation: SLocationCoreSem - SemContextChanged type = 47, packet received
07-10 01:33:51.612  5674  6793 I SLocation: SemContextParser -  parse start : 3
07-10 01:33:51.613  5674  6793 I SLocation: SemContextParser -  packet Length : 1packet total size : 6
07-10 01:33:51.615  5674  6793 I SLocation: SemContextParser - packet : [3]
07-10 01:33:51.616  5674  6793 D SLocation: GeofenceCoreManager - received Extra Data from core, len : 1
07-10 01:33:51.616  5674  6793 D SLocation: CommonCoreManager - received Extra Data from core, len : 1
07-10 01:33:51.616  5674  6793 D SLocation: PositionManager - last location time exceed threshold 323042 / 30000
07-10 01:33:51.616  5674  6793 D SLocation: GeopointGeofenceManager - getLastLocation is abnromal!
07-10 01:33:51.617  5674  6793 D SLocation: LocationProviderStatus - try to update provider status (GPS/NLP)
07-10 01:33:51.620  5674  6793 D SLocation: LocationProviderStatus - set isGpsOn : true, isNlpOn : true
07-10 01:33:51.620  5674  6793 D SLocation: LocationProviderStatus - gps & nlp status not changed
07-10 01:33:51.620  5674  6793 D SLocation: SContentManager - IsNetworkAvailable = true
07-10 01:33:51.620  5674  6793 D SLocation: PositionManager - requestLocationUpdates(1) : NETWORK_PROVIDER
07-10 01:33:51.620  5674  6793 D SLocation: NLPManager - requestUpdate - NLP
07-10 01:33:51.643  5674  6793 D LocationManagerService: network provider added registration from 1000/android[SLocationService]/4FF31C5B -> Request[@0 BALANCED, WorkSource{1000 android}]
07-10 01:33:51.707  7284  7370 I RequestManager_FLP: request from system, change packageName from system to system(slocation)
07-10 01:33:51.710  7284  7370 E RequestManager_FLP: [LocationManager] Location request 4FF31C5B(Listener) network interval=0ms (min=0ms) from system(slocation) (1000_FINE_unknown_false_foreground)
07-10 01:33:51.803 16924 17836 W SystemServiceRegistry: No service published for: wifirtt
07-10 01:33:51.865  6877  7137 I PhoneStateTracker<1>: onCellInfoChanged: xxxxx
07-10 01:33:51.872  6877  7137 I ImsCallSessionManager: onCellInfoChanged, phoneId: 1
07-10 01:33:51.872  6877  7137 I RegiMgr-Handler: handleMessage: EVENT_CELL_INFO_CHANGED
07-10 01:33:51.878 22079 22079 I wpa_supplicant: nl80211: Drv Event 33 (NL80211_CMD_TRIGGER_SCAN) received for wlan0
07-10 01:33:51.880 22079 22079 I wpa_supplicant: wlan0: nl80211: Scan trigger
07-10 01:33:51.886  6877  7137 I RegiMgr<1>: updatePani RegisterTask[1][mProfile=Telenor Serbia IMS, mRegistrationRat=13, mPdnType=11, mState=REGISTERED, mObject=UserAgent - :
07-10 01:33:51.886  6877  7137 I RegiMgr<1>:  total records=854
07-10 01:33:51.886  6877  7137 I RegiMgr<1>:  rec[0]: time=07-10 01:06:25.436 processed=ReadyState org=RegisteredState dest=<null> what=34(0x22)
07-10 01:33:51.886  6877  7137 I RegiMgr<1>:  rec[1]: time=07-10 01:06:25.437 processed=RegisteredState org=RegisteredState dest=<null> what=2000(0x7d0)
07-10 01:33:51.886  6877  7137 I RegiMgr<1>:  rec[2]: time=07-10 01:06:28.521 processed=ReadyState org=RegisteredState dest=<null> what=34(0x22)
07-10 01:33:51.886  6877  7137 I RegiMgr<1>:  rec[3]: time=07-10 01:06:28.522 processed=RegisteredState org=RegisteredState dest=<null> what=2000(0x7d0)
07-10 01:33:51.886  6877  7137 I RegiMgr<1>:  rec[4]: time=07-10 01:11:54.913 processed=ReadyState org=RegisteredState dest=<null> what=34(0x22)
07-10 01:33:51.886  6877  7137 I RegiMgr<1>:  rec[5]: time=07-10 01:11:54.933 processed=RegisteredState org=RegisteredState dest=<null> what=2000(0x7d0)
07-10 01:33:51.886  6877  7137 I RegiMgr<1>:  rec[6]: time=07-10 01:11:57.896 processed=ReadyState org=RegisteredState dest=<null> what=34(0x22)
07-10 01:33:51.886  6877  7137 I RegiMgr<1>:  rec[7]: time=07-10 01:11:57.898 processed=RegisteredState org=RegisteredState dest=<null> what=2000(0x7d0)
07-10 01:33:51.886  6877  7137 I RegiMgr<1>:  rec[8]: time=07-10 01:17:23.929 processed=ReadyState org=RegisteredState dest=<null> what=34(0x22)
07-10 01:33:51.886  6877  7137 I RegiMgr<1>:  rec[9]: time=07-10 01:17:23.948 processed=RegisteredState org=RegisteredState dest=<null> what=2000(0x7d0)
07-10 01:33:51.886  6877  7137 I RegiMgr<1>:  rec[10]: time=07-10 01:17:27.177 processed=ReadyState org=RegisteredState dest=<null> what=34(0x22)
07-10 01:33:51.886  6877  7137 I RegiMgr<1>:  rec[11]: time=07-10 01:17:27.179 processed=RegisteredState org=RegisteredState dest=<null> what=2000(0x7d0)
07-10 01:33:51.886  6877  7137 I RegiMgr<1>:  rec[12]: time=07-10 01:22:53.306 processed=ReadyState org=RegisteredState dest=<null> what=34(0x22)
07-10 01:33:51.886  6877  7137 I RegiMgr<1>:  rec[13]: time=07-10 01:22:53.331 processed=RegisteredState org=RegisteredState dest=<null> what=2000(0x7d0)
07-10 01:33:51.886  6877  7137 I RegiMgr<1>:  rec[14]: time=07-10 01:22:56.277 processed=ReadyState org=RegisteredState dest=<null> what=34(0x22)
07-10 01:33:51.886  6877  7137 I RegiMgr<1>:  rec[15]: time=07-10 01:22:56.279 processed=RegisteredState org=RegisteredState dest=<null> what=2000(0x7d0)
07-10 01:33:51.886  6877  7137 I RegiMgr<1>:  rec[16]: time=07-10 01:28:22.737 processed=ReadyState org=RegisteredState dest=<null> what=34(0x22)
07-10 01:33:51.886  6877  7137 I RegiMgr<1>:  rec[17]: time=07-10 01:28:22.810 processed=RegisteredState org=RegisteredState dest=<null> what=2000(0x7d0)
07-10 01:33:51.886  6877  7137 I RegiMgr<1>:  rec[18]: time=07-10 01:28:25.834 processed=ReadyState org=RegisteredState dest=<null> what=34(0x22)
07-10 01:33:51.886  6877  7137 I RegiMgr<1>:  rec[19]: time=07-10 01:28:25.835 processed=RegisteredState org=RegisteredState dest=<null> what=2000(0x7d0)
07-10 01:33:51.886  6877  7137 I RegiMgr<1>: curState=RegisteredState
07-10 01:33:51.886  6877  7137 I RegiMgr<1>: , mReason=, mPcscfHostname=null, mDeregiReason=41]
07-10 01:33:51.892  6877  7137 I PaniGenerator<1>: generate: subId=2, network=13
07-10 01:33:51.893  6877  7137 I PaniGenerator<1>: generate: network=13, fallbackPlmn=22001
07-10 01:33:51.893  6877  7137 I PdnController<1>: getAllCellInfo mNeedCellLocationUpdate : false
07-10 01:33:51.893  6877  7137 I PaniGenerator: generate: change to NW PLMN(22001)
07-10 01:33:51.893  6877  7137 I PaniGenerator: setLkcForLastPani: No Last PANI header for Telenor Serbia IMS
07-10 01:33:51.894  6877  7137 I UserAgent<1>: updatePani: pani=3GPP-E-UTRAN-FDD;utran-cell-id-3gpp=220012b73017a51f, updatePani: lastPani=
07-10 01:33:51.895  6877  7320 I StackIF : updatePani: 15 pani: [3GPP-E-UTRAN-FDD;utran-cell-id-3gpp=220012b73017a51f]
07-10 01:33:51.896  6877  7137 I RegiMgr<1>: tryRegister:
07-10 01:33:51.896  6877  7137 I RegiMgr<0>: RegisterTask(s): Megafon VoLTE (IDLE)
07-10 01:33:51.897  6877  7320 I SECIMSJ : [1533]> 140
07-10 01:33:51.897  6877  7137 I RegiMgr<1>: RegisterTask(s): Telenor Serbia IMS (REGISTERED, rat = 13, service = [mmtel-video, smsip, mmtel]), Global GC RCS (IDLE)
07-10 01:33:51.898  6877  7137 I RcsPolicyMgr<1>: pendingRcsRegister: mActiveDataPhoneId = 1
07-10 01:33:51.898  6877  7137 I RcsPolicyMgr<1>: pendingRcsRegister: mActiveDataPhoneId = 1
07-10 01:33:51.898  6877  7137 I RegisterTask: isSuspended: mSuspended(false) mSuspendByIrat(false)
07-10 01:33:51.898  6877  7137 I RegiMgr<1>: [Global GC RCS|IDLE] checkForTryRegister id: 1003
07-10 01:33:51.898  6877  7137 I RegiMgr : isPdnConnected: false, PdnType: 1
07-10 01:33:51.901  6877  7137 I PdnController: getDefaultNetworkBearer:  WIFI
07-10 01:33:51.904  6877  7137 I PdnController: isWifiConnected: [type: WIFI[], state: CONNECTED/CONNECTED, reason: (unspecified), extra: , failover: false, available: true, roaming: false]
07-10 01:33:51.904  6877  7137 I RegiMgr-Utils<1>: findBestNetwork: WIFI needWifiNetwork = true
07-10 01:33:51.909  6877  7137 I RegiGvnBase<1>: isReadyToDualRegister : true
07-10 01:33:51.914  6877  7330 I [IMS6.0]: IMS_onResponse()
07-10 01:33:51.914  6877  7137 I RegiMgr<1>: [Global GC RCS|IDLE] checkInitialRegistrationIsReady: APM ON [false], Roamimg [false]
07-10 01:33:51.914  6877  7137 I RcsPolicyMgr<1>: pendingRcsRegister: mActiveDataPhoneId = 1
07-10 01:33:51.915  6877  7137 I ImsProfile: isRttSupportByCallApp : false ttyType : 1
07-10 01:33:51.915  6877  7137 I RegiMgr-Utils<1>: getPriorityRegiedTask : isPriority  High? true
07-10 01:33:51.918  6877  7137 I RegiGvnBase: checkRegiStatus: getState()=IDLE mIsUpdateRegistering=false
07-10 01:33:51.918  6877  7137 I RegiMgr<1>: getTelephonyCallStatus:
07-10 01:33:51.921  6877  7137 I ConfigProvider: query uri:xxxxx
07-10 01:33:51.923  6877  7330 I StackIF : processMessage 2
07-10 01:33:51.924  6877  7330 I StackIF : Processing Response
07-10 01:33:51.925  6877  7330 I SECIMSJ : [1533]< 600
07-10 01:33:51.925  6877  7330 I StackIF : processResponse: reqId 600
07-10 01:33:51.925  6877  7330 I StackIF : processResponse: handle 15 result 0 reason 0
07-10 01:33:51.934  6877  7137 I ConfigProvider: queryStorage path content://com.samsung.rcs.autoconfigurationprovider/parameter/version#simslot1
07-10 01:33:51.955  6877  7137 E GlobalSettingsRepoBase: globalgcsettings No matched key : dual_rcs_policy
07-10 01:33:51.958  6877  7137 I ImsServiceSwitchEur[1]:  isRcsEnabled: true mDefaultSms true mUpsmEnabled false mEmergencyEnabled false
07-10 01:33:51.963  6877  7137 I ConfigTrigger<1>: isWaitAutoConfig:
07-10 01:33:51.963  6877  7137 E GlobalSettingsRepoBase: globalgcsettings No matched key : dual_rcs_policy
07-10 01:33:51.966  6877  7137 I ImsServiceSwitchEur[1]:  isRcsEnabled: true mDefaultSms true mUpsmEnabled false mEmergencyEnabled false
07-10 01:33:51.967  6877  7137 I RegiMgr-Utils: selectPdnType: rat=18pdn=1
07-10 01:33:51.967  6877  7137 I RegiMgr<1>: getServiceForNetwork: network 18
07-10 01:33:51.967  6877  7137 I RegiMgr<1>: getServiceForNetwork: service {options, chatbot-communication, ft_http, im, euc, gls}
07-10 01:33:51.978  6877  7137 I ConfigTrigger<1>: isValidAcsVersion:
07-10 01:33:51.978  6877  7137 E GlobalSettingsRepoBase: globalgcsettings No matched key : dual_rcs_policy
07-10 01:33:51.981  6877  7137 I ConfigProvider: query uri:xxxxx
07-10 01:33:51.987  6877  7137 I ConfigProvider: queryStorage path content://com.samsung.rcs.autoconfigurationprovider/parameter/version#simslot1
07-10 01:33:51.990  5674  9957 D SecContentProvider2: query(), uri = 18 selection = isRCSEnabled
07-10 01:33:51.993  5674  9957 I PhoneRestrictionPolicy: isRCSEnabledInternal(), showMsg: false, columnName: enableRCS
07-10 01:33:51.996  5674  9957 E PhoneRestrictionPolicy: getEmergencyCall >>false
07-10 01:33:51.997  5674  9957 I PhoneRestrictionPolicy: isRCSEnabledInternal(), showMsg: false, columnName: enableRCSForSimSlot1
07-10 01:33:51.998  5674  9957 E PhoneRestrictionPolicy: getEmergencyCall >>false
07-10 01:33:51.999  6877  7137 I ConfigTrigger<1>: RCS switch: true, version: 0, isRcsAcsCompleted: true
07-10 01:33:51.999  6877  7137 I ConfigTrigger<1>: version is improper : 0
07-10 01:33:52.002  6877  7137 I RegiGvnBase: isVideoCallEnabled: Enable
07-10 01:33:52.002  6877  7137 I RegiMgr<1>: getServiceForNetwork: filtered service []
07-10 01:33:52.002  6877  7137 I RegiMgr<1>: Global GC RCS: no ims service for current rat18
07-10 01:33:52.005  6877  7137 I PdnController: slot[1]: stopPdnConnectivity: network 1, callback is null
07-10 01:33:52.006  6877  7137 E PdnController<1>: requestStopNetwork: callback not found
07-10 01:33:52.007  6877  7137 E #IMSCR  : 07-10 01:33:52 0x1101000B:1,FILTERED ALL:1
07-10 01:33:52.007  6877  7137 I PdnController: handleMessage: what 107
07-10 01:33:52.007  6877  7137 I PdnController: slot[1]: requestStopNetwork: network 1, callback is null
07-10 01:33:52.533  5674  7726 D SemWifiUsabilityStatsMonitor: onWifiUsabilityStats - seqNum 22092, isSameBssidAndFreq true
07-10 01:33:52.536  6461  6461 D NetworkController.WifiSignalController: notifyListener: visible=true, connected=true, inetCondition=1, isDefault=true, wifiTestReported=true, receivedInetCondition=-1, hideDuringMobileSwitching=false
07-10 01:33:52.536  5674  6128 I SemWifiLinkQualityMonitor: Link Qos Query: 0.041 ms / 195.000 Mbps (390 / 0.000 / 2.000)
07-10 01:33:53.687 16924 16924 D BoundBrokerSvc: onUnbind: Intent { act=com.google.android.gms.auth.account.workaccount.START dat=chimera-action:/... cmp=com.google.android.gms/.chimera.PersistentApiService }
07-10 01:33:54.724  5674  9957 D WifiNl80211Manager: Scan result ready event
07-10 01:33:54.725 22079 22079 I wpa_supplicant: nl80211: Drv Event 34 (NL80211_CMD_NEW_SCAN_RESULTS) received for wlan0
07-10 01:33:54.727 22079 22079 I wpa_supplicant: wlan0: nl80211: New scan results available
07-10 01:33:54.728  5674  9957 D WifiNative: Scan result ready event
07-10 01:33:54.729 22079 22079 I wpa_supplicant: nl80211: Scan probed for SSID ''
07-10 01:33:54.737 22079 22079 I wpa_supplicant: nl80211: Scan included frequencies: 2412 2417 2422 2427 2432 2437 2442 2447 2452 2457 2462 2467 2472 5180 5200 5220 5240 5260 5280 5300 5320 5745 5765 5785 5805 5825
07-10 01:33:54.738  6576 22194 D IpClient/wlan0: interfaceLinkStateChanged: ifindex 11 up
07-10 01:33:54.783  5674  6115 D SemWifiScanPool: remove old scan results, size:1
07-10 01:33:54.787  5674  6115 D SemWifiScanPool: countryCode: RS, count: 10, totalSamples: 10, rate: 100.0%
07-10 01:33:54.788  5674  6115 V SemWifiScanPool: updateScanResult, full scan:15 configKeys: 13 pool_bssid:33 pool_configKeys:22
07-10 01:33:54.789  5674  6115 D WifiConnectivityMonitor: onScanResultUpdated
07-10 01:33:54.790  5674  6115 D WifiConnectivityMonitor: mMaxScannedCountryCode : RS
07-10 01:33:54.915  7284  7370 I NlpMonitor_FLP: monitorNlp, package=system(slocation)/ interval=0
07-10 01:33:54.917  5674  9681 V LocationManagerService: network provider registration 10234/com.google.android.as/403464A0 dropped delivery - too close
07-10 01:33:54.923  5674  9681 V LocationManagerService: passive provider registration 1000/android[SensorNotificationService]/3DC7BFCB dropped delivery - too close
07-10 01:33:54.924  5674  9681 V LocationManagerService: passive provider registration 5023/com.samsung.android.networkdiagnostic/4FDF9C6D dropped delivery - too close
07-10 01:33:54.990  5674  6793 D SLocation: PositionManager - ActiveonLocationChanged network 1688945634719
07-10 01:33:54.992  5674  6793 D SLocation: PositionManager - onLocationChanged - filter passive location because it same active location
07-10 01:33:54.992  5674  6793 D SLocation: ARDistanceBigData - BIGDATA ARD - receive location
07-10 01:33:54.993  5674  6793 D SLocation: ARDistanceBigData - BIGDATA ARD - end log 75, 147131825___BIGDATA ARD - end log 76, 147131825___BIGDATA ARD - end log 77, 147131825___BIGDATA ARD - end log 78, 147131825___BIGDATA ARD - end log 79, 147131825___BIGDATA ARD - end log 80, 147131825___BIGDATA ARD - end log 81, 147131825___BIGDATA ARD - end log 82, 147131825___BIGDATA ARD - end log 83, 147131825___BIGDATA ARD - end log 84, 147131825___BIGDATA ARD - end log 85, 147131825___
07-10 01:33:54.993  5674  6793 D SLocation: ARDistanceBigData - BIGDATA ARD - unique id 86
07-10 01:33:54.993  5674  6793 D SLocation: GeopointGeofenceManager - Location reported : fix method = 2 / 16.453
07-10 01:33:54.995  5674  6793 D SLocation: NLPManager - removeUpdates - NLP
07-10 01:33:54.996  5674  6793 D LocationManagerService: network provider removed registration from 1000/android[SLocationService]/4FF31C5B
07-10 01:33:54.997  7284  7370 E RequestManager_FLP: [LocationManager] Location remove 4FF31C5B from system
07-10 01:33:54.998  5674  6793 W Settings: Setting airplane_mode_on has moved from android.provider.Settings.System to android.provider.Settings.Global, returning read-only value.
07-10 01:33:54.998  7284  7370 I LocationRequestData_FLP: Remove in requestInfoList, 4FF31C5B / ListSize[network]=1
07-10 01:33:55.004  5674  6793 D SLocation: SLocationCoreSem - send to coreSem, packet length : 23 / [2, 26, 183, 29, 188, 12, 49, 248, 50, 0, 0, 0, 16, 2, 0, 0, 1, 137, 61, 1, 45, 159, 0]
07-10 01:33:55.005  5674  6793 D SemContextLocationCoreAttribute: setAttribute() mode : 0 action : 23
07-10 01:33:55.006  5674  6793 D SemContextService: lock : changeParameters
07-10 01:33:55.006  5674  6793 D SemContext.CaeProvider.LocationCoreImpl: setAttribute() mode : 0 action : 23
07-10 01:33:55.011  5674  6793 W CAE     : setCAProperty(ContextAwareService.java:513) - [setProperty 01] Mutex is locked for SLOCATION_RUNNER
07-10 01:33:55.012  5674  6793 I CAE     : setPropertyValue(SLocationRunner.java:116) - SLocationRunner setProperty header : 2, len : 23
07-10 01:33:55.012  5674  6793 I CAE     : sendCmdToSensorHub(SensorHubCommManager.java:156) - -63, 23, 55, 2, 26, -73, 29, -68, 12, 49, -8, 50, 0, 0, 0, 16, 2, 0, 0, 1, -119, 61, 1, 45, -97, 0,
07-10 01:33:55.018  5674  5862 D SensorService: setSContextDataLocked ints length 8 , byte length 26
07-10 01:33:55.018  5674  5862 D SensorService: setSContextDataLocked 23717c1
07-10 01:33:55.027  5306  5306 I SensorsHub: SContextSensor::injecet_sensor_data
07-10 01:33:55.027  5306  5306 D SensorsHub: c1 17 37 02 1a b7 1d bc 0c 31 f8 32 00 00 00 10
07-10 01:33:55.028  5306  5306 D SensorsHub: 02 00 00 01 89 3d 01 2d 9f 00
07-10 01:33:55.028  5306  5306 D SensorsHub: inject_scontext_data: New ssp_data_injection_fd(28)
07-10 01:33:55.028  5306  5306 D SensorsHub: SContext Data Injection return 26
07-10 01:33:55.028  5306  5327 I SensorsHub: context 10 0 9 1,1,55,0,5,2,2,0,0,0, 147131861853254
07-10 01:33:55.029  5674  5859 D SensorHubManager: onGetSensorHubDataLocked: library(10) = 1, 1, 55, 0, 5, 2, 2, 0, 0, 0
07-10 01:33:55.029  5674  6793 W CAE     : setCAProperty(ContextAwareService.java:519) - [setProperty 02] Mutex is unlocked for SLOCATION_RUNNER
07-10 01:33:55.029  5674  6793 D SemContextService: unlock : changeParameters
07-10 01:33:55.030  5674  6793 D SemContextManager:   .changeParameters : listener = com.samsung.android.location.semcontext.a@459a70d, service=SLocation Core
07-10 01:33:55.030  5674  5860 D CAE     : onGetSensorHubData(SensorHubParserProvider.java:89) - onGetSensorHubData Event [event buffer len :10], AP_WAKEUP
07-10 01:33:55.030  5674  5860 I CAE     : parse(SensorHubParserProvider.java:190) - buffer size = 10
07-10 01:33:55.030  5674  6793 D SLocation: ARDistanceLibManager - request distance diff to AR Distance Library
07-10 01:33:55.030  5674  6793 D SLocation: SLocationCoreSem - send to coreSem, packet length : 1 / [34]
07-10 01:33:55.031  5674  6793 D SemContextLocationCoreAttribute: setAttribute() mode : 0 action : 23
07-10 01:33:55.031  5674  6793 D SemContextService: lock : changeParameters
07-10 01:33:55.031  5674  5860 I CAE     : parse(SensorHubParserProvider.java:201) - 1, 1, 55, 0, 5, 2, 2, 0, 0, 0,
07-10 01:33:55.031  5674  6793 D SemContext.CaeProvider.LocationCoreImpl: setAttribute() mode : 0 action : 23
07-10 01:33:55.031  5674  6793 W CAE     : setCAProperty(ContextAwareService.java:513) - [setProperty 01] Mutex is locked for SLOCATION_RUNNER
07-10 01:33:55.031  5674  5860 I CAE     : parse(SLocationRunner.java:88) - SLocationRunner parse start : 3
07-10 01:33:55.031  5674  6793 I CAE     : setPropertyValue(SLocationRunner.java:116) - SLocationRunner setProperty header : 34, len : 1
07-10 01:33:55.032  5674  5860 D CAE     : display(ContextProvider.java:375) - ================= SLOCATION_RUNNER =================
07-10 01:33:55.032  5674  6793 I CAE     : sendCmdToSensorHub(SensorHubCommManager.java:156) - -63, 23, 55, 34,
07-10 01:33:55.032  5674  5860 I CAE     : display(ContextProvider.java:391) - ExtraDataArray=[1, 1, 55, 0, 5, 2, 2, 0, 0, 0]
07-10 01:33:55.032  5674  5862 D SensorService: setSContextDataLocked ints length 2 , byte length 4
07-10 01:33:55.032  5674  5862 D SensorService: setSContextDataLocked 223717c1
07-10 01:33:55.033  5306  5306 I SensorsHub: SContextSensor::injecet_sensor_data
07-10 01:33:55.033  5306  5306 D SensorsHub: c1 17 37 22
07-10 01:33:55.033  5306  5306 D SensorsHub: inject_scontext_data: New ssp_data_injection_fd(28)
07-10 01:33:55.033  5306  5306 D SensorsHub: SContext Data Injection return 4
07-10 01:33:55.033  5674  5857 D SemContextService: Service.updateContext() : service = SLocation Core
07-10 01:33:55.034  5674  5674 D SemContextManager: onSemContextChanged() : event = SLocation Core
07-10 01:33:55.034  5674  5674 D SLocation: SLocationCoreSem - SemContextChanged type = 47, packet received
07-10 01:33:55.035  5674  6793 W CAE     : setCAProperty(ContextAwareService.java:519) - [setProperty 02] Mutex is unlocked for SLOCATION_RUNNER
07-10 01:33:55.035  5674  5860 I CAE     : parse(SLocationRunner.java:96) - SLocationRunner parse end:10
07-10 01:33:55.035  5674  6793 D SemContextService: unlock : changeParameters
07-10 01:33:55.035  5674  6793 D SemContextManager:   .changeParameters : listener = com.samsung.android.location.semcontext.a@459a70d, service=SLocation Core
07-10 01:33:55.035  5674  6793 D SLocation: LocationProcessingAlgorithm - entry condition - dist : 4653.1045 padding : 0.0, accuracy : 16.453, provider : network, dir : 2
07-10 01:33:55.035  5306  5327 I SensorsHub: context 38 0 37 1,1,55,0,33,33,0,0,0,0,23,112,73,106,186,2,38,0,26,183,29,32,12,50,3,0,0,0,0,37,5,9,187,224,0,0,5,63, 147131866990292
07-10 01:33:55.036  5674  6793 D SLocation: LocationProcessingAlgorithm - entry condition - dist : 3807522.5 padding : 0.0, accuracy : 16.453, provider : network, dir : 2
07-10 01:33:55.036  5306  5327 I SensorsHub: context 10 0 9 1,1,55,0,5,2,34,0,0,0, 147131867018754
07-10 01:33:55.036  5674  6793 D SLocation: LocationProcessingAlgorithm - entry condition - dist : 90750.72 padding : 0.0, accuracy : 16.453, provider : network, dir : 2
07-10 01:33:55.036  5674  6793 D SLocation: LocationProcessingAlgorithm - entry condition - dist : 3807946.0 padding : 0.0, accuracy : 16.453, provider : network, dir : 2
07-10 01:33:55.036  5674  6793 D SLocation: LocationProcessingAlgorithm - entry condition - dist : 684.7612 padding : 0.0, accuracy : 16.453, provider : network, dir : 2
07-10 01:33:55.036  5674  6793 D SLocation: LocationProcessingAlgorithm - entry condition - dist : 1917397.6 padding : 0.0, accuracy : 16.453, provider : network, dir : 2
07-10 01:33:55.036  5674  5859 D SensorHubManager: onGetSensorHubDataLocked: library(38) = 1, 1, 55, 0, 33, 33, 0, 0, 0, 0, 23, 112, 73, 106, -70, 2, 38, 0, 26, -73, 29, 32, 12, 50, 3, 0, 0, 0, 0, 37, 5, 9, -69, -32, 0, 0, 5, 63
07-10 01:33:55.036 16924 17836 W SystemServiceRegistry: No service published for: wifirtt
07-10 01:33:55.036  5674  6793 D SLocation: LocationProcessingAlgorithm - entry condition - dist : 13351.037 padding : 0.0, accuracy : 16.453, provider : network, dir : 2
07-10 01:33:55.036  5674  6793 D SLocation: LocationProcessingAlgorithm - entry condition - dist : 3807946.0 padding : 0.0, accuracy : 16.453, provider : network, dir : 2
07-10 01:33:55.036  5674  5859 D SensorHubManager: onGetSensorHubDataLocked: library(10) = 1, 1, 55, 0, 5, 2, 34, 0, 0, 0
07-10 01:33:55.037  5674  5860 D CAE     : onGetSensorHubData(SensorHubParserProvider.java:89) - onGetSensorHubData Event [event buffer len :38], AP_WAKEUP
07-10 01:33:55.037  5674  5860 I CAE     : parse(SensorHubParserProvider.java:190) - buffer size = 38
07-10 01:33:55.037  5674  5860 I CAE     : parse(SensorHubParserProvider.java:201) - 1, 1, 55, 0, 33, 33, 0, 0, 0, 0, 23, 112, 73, 106, -70, 2, 38, 0, 26, -73, 29, 32, 12, 50, 3, 0, 0, 0, 0, 37, 5, 9, -69, -32, 0, 0, 5, 63,
07-10 01:33:55.037  5674  5860 I CAE     : parse(SLocationRunner.java:88) - SLocationRunner parse start : 3
07-10 01:33:55.038  5674  5860 D CAE     : display(ContextProvider.java:375) - ================= SLOCATION_RUNNER =================
07-10 01:33:55.038  5674  5860 I CAE     : display(ContextProvider.java:391) - ExtraDataArray=[1, 1, 55, 0, 33, 33, 0, 0, 0, 0, 23, 112, 73, 106, -70, 2, 38, 0, 26, -73, 29, 32, 12, 50, 3, 0, 0, 0, 0, 37, 5, 9, -69, -32, 0, 0, 5, 63]
07-10 01:33:55.038  5674  5860 I CAE     : parse(SLocationRunner.java:96) - SLocationRunner parse end:38
07-10 01:33:55.038  5674  5860 D CAE     : onGetSensorHubData(SensorHubParserProvider.java:89) - onGetSensorHubData Event [event buffer len :10], AP_WAKEUP
07-10 01:33:55.039  5674  5860 I CAE     : parse(SensorHubParserProvider.java:190) - buffer size = 10
07-10 01:33:55.039  5674  5860 I CAE     : parse(SensorHubParserProvider.java:201) - 1, 1, 55, 0, 5, 2, 34, 0, 0, 0,
07-10 01:33:55.039  5674  5857 D SemContextService: Service.updateContext() : service = SLocation Core
07-10 01:33:55.039  5674  6793 D SLocation: LocationProcessingAlgorithm - entry condition - dist : 1801178.2 padding : 0.0, accuracy : 16.453, provider : network, dir : 2
07-10 01:33:55.039  5674  6793 D SLocation: LocationProcessingAlgorithm - entry condition - dist : 664.0613 padding : 0.0, accuracy : 16.453, provider : network, dir : 2
07-10 01:33:55.039  5674  5860 I CAE     : parse(SLocationRunner.java:88) - SLocationRunner parse start : 3
07-10 01:33:55.039  5674  6793 D SLocation: ReceiverPairWithWifi - ignore direction of location due to wifi, id =11reason=400
07-10 01:33:55.040  5674  5860 D CAE     : display(ContextProvider.java:375) - ================= SLOCATION_RUNNER =================
07-10 01:33:55.040  5674  5860 I CAE     : display(ContextProvider.java:391) - ExtraDataArray=[1, 1, 55, 0, 5, 2, 34, 0, 0, 0]
07-10 01:33:55.040  5674  6793 D SLocation: LocationProcessingAlgorithm - entry condition - dist : 427.23935 padding : 0.0, accuracy : 16.453, provider : network, dir : 1
07-10 01:33:55.040  5674  6793 D SLocation: GeopointReceiver - send geopoint result - 1
07-10 01:33:55.040  5674  5860 I CAE     : parse(SLocationRunner.java:96) - SLocationRunner parse end:10
07-10 01:33:55.041  5674  5857 D SemContextService: Service.updateContext() : service = SLocation Core
07-10 01:33:55.041  5674  6793 I SLocation: SemContextParser -  parse start : 3
07-10 01:33:55.041  5674  6793 I SLocation: SemContextParser -  packet Length : 5packet total size : 10
07-10 01:33:55.041  5674  5674 D SemContextManager: onSemContextChanged() : event = SLocation Core
07-10 01:33:55.041  5674  5674 D SLocation: SLocationCoreSem - SemContextChanged type = 47, packet received
07-10 01:33:55.041  5674  6793 I SLocation: SemContextParser - packet : [2, 2, 0, 0, 0]
07-10 01:33:55.041  5674  5674 D SemContextManager: onSemContextChanged() : event = SLocation Core
07-10 01:33:55.041  5674  5674 D SLocation: SLocationCoreSem - SemContextChanged type = 47, packet received
07-10 01:33:55.041  5674  6793 I SLocation: SemContextParser -  parse start : 3
07-10 01:33:55.041  5674  6793 I SLocation: SemContextParser -  packet Length : 33packet total size : 38
07-10 01:33:55.041  5674  6793 I SLocation: SemContextParser - packet : [33, 0, 0, 0, 0, 23, 112, 73, 106, -70, 2, 38, 0, 26, -73, 29, 32, 12, 50, 3, 0, 0, 0, 0, 37, 5, 9, -69, -32, 0, 0, 5, 63]
07-10 01:33:55.042  5674  6793 D SLocation: GeofenceCoreManager - received Extra Data from core, len : 5
