07-10 01:21:05.080 11611 11645 I TestRunner: started: inlineDouble(org.jetbrains.android_benchmark.Wolf3dBenchmark)
07-10 01:21:05.083 11611 11611 I MonitoringInstr: Activities that are still in CREATED to STOPPED: 1
07-10 01:21:05.083 11611 11611 I MonitoringInstr: Finishing activity: androidx.benchmark.IsolationActivity@c9a4959
07-10 01:21:05.090 11611 11645 I GrantPermissionCallable: Permission: android.permission.WRITE_EXTERNAL_STORAGE is already granted!
07-10 01:21:05.090 11611 11645 I GrantPermissionCallable: Permission: android.permission.READ_EXTERNAL_STORAGE is already granted!
07-10 01:21:05.090 11611 11645 D Benchmark: -- Running org.jetbrains.android_benchmark.Wolf3dBenchmark#inlineDouble --
07-10 01:21:05.091 11611 11645 D PerfettoCapture: Supported ABIs: arm64-v8a, armeabi-v7a, armeabi
07-10 01:21:05.091 11611 11645 D PerfettoCapture: Recording perfetto trace
07-10 01:21:05.095 25568 25568 I SCS@AiSearch user 0: (ObserverWorker::AOSP_MP) [main] entering in startWork():
07-10 01:21:05.095 25568 25568 I SCS@AiSearch user 0: (BaseCollector::AOSP_MP) [main] entering in onChange():
07-10 01:21:05.096 25568 25789 I SCS@AiSearch user 0: (BaseCollector::AOSP_MP) [AOSP_MP-0] entering in collectChanges():
07-10 01:21:05.113  5674  9851 D PackageManager: setEnabledSetting : userId = 0 packageName = com.samsung.android.scs cmp = androidx.work.impl.background.systemalarm.RescheduleReceiver newState = 1 callingPackage = 10380/com.samsung.android.scs
07-10 01:21:05.116  5674  9851 D ApplicationPolicy: getApplicationStateEnabled : pkg = com.samsung.android.scs userId : 0
07-10 01:21:05.118  5674  9851 D ApplicationPolicy: getApplicationComponentState : pkg = com.samsung.android.scs userId : 0
07-10 01:21:05.126 11611 11645 I PerfettoCapture: Cleanup perfetto before starting.
07-10 01:21:05.294 11611 11645 I PerfettoCapture: Perfetto output file cleanup -
07-10 01:21:05.295 11611 11645 I PerfettoCapture: Starting perfetto tracing with cmd: cat /storage/emulated/0/Android/data/org.jetbrains.android_benchmark.test/cache/trace_config.pb | perfetto --background -c - -o /data/misc/perfetto-traces/trace_output.pb
07-10 01:21:05.298  5674  7726 D SemWifiUsabilityStatsMonitor: onWifiUsabilityStats - seqNum 21840, isSameBssidAndFreq true
07-10 01:21:05.299  5674  6128 I SemWifiLinkQualityMonitor: Link Qos Query: 0.215 ms / 37.286 Mbps (87 / 0.000 / 2.333)
07-10 01:21:05.299  6461  6461 D NetworkController.WifiSignalController: notifyListener: visible=true, connected=true, inetCondition=1, isDefault=true, wifiTestReported=true, receivedInetCondition=-1, hideDuringMobileSwitching=false
07-10 01:21:05.320 25568 25789 I SCS@AiSearch user 0: (BaseCollector::AOSP_MP) fetchInternal values : maxSyncId: 1000028446 indexCount: 19466 sourceCount: 19466
07-10 01:21:05.453 26805 26805 I perfetto:    perfetto_cmd.cc:1001 Connected to the Perfetto traced service, starting tracing
07-10 01:21:05.455  5436  5436 I perfetto: ing_service_impl.cc:953 Configured tracing session 328, #sources:4, duration:0 ms, #buffers:2, total buffer size:36864 KB, total sessions:1, uid:2000 session name: ""
07-10 01:21:05.456  5424  5424 I perfetto:  probes_producer.cc:139 Ftrace setup (target_buf=655)
07-10 01:21:05.460 25568 25789 I SCS@AiSearch user 0: (IndexManager) [AOSP_MP-0] entering in addIndex():
07-10 01:21:05.467 25568 25789 I SCS@AiSearch user 0: (BaseCollector::AOSP_MP) fetch: fetching took  266 ms
07-10 01:21:05.467 25568 25789 I SCS@AiSearch user 0: (BaseCollector::AOSP_MP) fetchChanges: applied 0 items
07-10 01:21:05.468 25568 25789 I SCS@AiSearch user 0: (BaseCollector::AOSP_MP) Collect finished. Result: true
07-10 01:21:05.470 25568 25789 I SCS@AiSearch user 0: (BaseCollector::AOSP_MP) enqueue ObserverWorker name: com.sec.android.app.myfiles, policy: APPEND_OR_REPLACE
07-10 01:21:05.471 25568 25621 I WM-WorkerWrapper: Worker result SUCCESS for Work [ id=4212913f-8526-4b7a-bb03-0f2ee74141d3, tags={ com.sec.android.app.myfiles, com.samsung.android.scs.ai.search.data.collector.ObserverWorker } ]
07-10 01:21:05.484 11611 11645 I PerfettoCapture: Perfetto output - 26805
07-10 01:21:05.484 11611 11645 I PerfettoCapture: EXITCODE=0
07-10 01:21:05.486  5353  5543 V APM_AudioPolicyManager: setAppState(portId:1005, state:1)
07-10 01:21:05.494  5353  5543 V APM_AudioPolicyManager: setAppState(portId:1005, state:1)
07-10 01:21:05.519  4380  4380 I hwservicemanager: getTransport: Cannot find entry android.hardware.atrace@1.0::IAtraceDevice/default in either framework or device VINTF manifest.
07-10 01:21:05.539  5424  5424 I perfetto:    ftrace_procfs.cc:335 enabled ftrace in /sys/kernel/tracing/
07-10 01:21:05.579 11611 11645 I PerfettoCapture: Perfetto tracing started successfully with pid 26805.
07-10 01:21:05.595  5674  9952 D PackageManager: setEnabledSetting : userId = 0 packageName = com.samsung.android.scs cmp = androidx.work.impl.background.systemalarm.RescheduleReceiver newState = 1 callingPackage = 10380/com.samsung.android.scs
07-10 01:21:05.597  5674  9952 D ApplicationPolicy: getApplicationStateEnabled : pkg = com.samsung.android.scs userId : 0
07-10 01:21:05.599  5674  9952 D ApplicationPolicy: getApplicationComponentState : pkg = com.samsung.android.scs userId : 0
07-10 01:21:05.685 11611 11645 I PerfettoCapture: /sys/kernel/tracing/tracing_on = 1, polled 0 times, capture fully started
07-10 01:21:05.687 11611 11645 D Benchmark: Set 11645 (Bench thread) to priority -20. Was -8, now -20
07-10 01:21:05.687 11611 11645 D Benchmark: Set 11624 (Jit) to priority -15. Was 9, now -15
07-10 01:21:05.727 11611 11645 I _benchmark.test: Explicit concurrent copying GC freed 9287(693KB) AllocSpace objects, 1(20KB) LOS objects, 67% free, 3022KB/9166KB, paused 629us,120us total 39.494ms
07-10 01:21:05.788 31802 32118 I PolicyManager: [#CMH#] Is foreground game app: false
07-10 01:21:05.850 31802 32118 I ControllerUtils: [#CMH#] StoryService:  9, isNonJustShotRunningPossible: false, isStopHeavyTask: true
07-10 01:21:05.910 31802 32118 I ControllerUtils: [#CMH#] IPService:  5, isNonJustShotRunningPossible: false, isStopHeavyTask: true
07-10 01:21:05.969 31802 32118 I ControllerUtils: [#CMH#] FaceService:  2, isNonJustShotRunningPossible: false, isStopHeavyTask: true
07-10 01:21:07.930  5674  9950 D PackageManager: setEnabledSetting : userId = 0 packageName = com.Slack cmp = androidx.work.impl.background.systemalarm.RescheduleReceiver newState = 1 callingPackage = 10329/com.Slack
07-10 01:21:07.932  5674  9950 D ApplicationPolicy: getApplicationStateEnabled : pkg = com.Slack userId : 0
07-10 01:21:07.933  5674  9950 D ApplicationPolicy: getApplicationComponentState : pkg = com.Slack userId : 0
07-10 01:21:07.954  5674  5745 W libprocessgroup: Failed to open /dev/blkio//cgroup.procs: No such file or directory
07-10 01:21:07.955  5353  5543 V APM_AudioPolicyManager: setAppState(portId:1005, state:1)
07-10 01:21:07.973 25156 25230 D ConnectivityManager: StackLog: [android.net.ConnectivityManager.sendRequestForNetwork(ConnectivityManager.java:4300)] [android.net.ConnectivityManager.registerDefaultNetworkCallbackForUid(ConnectivityManager.java:4864)] [android.net.ConnectivityManager.registerDefaultNetworkCallback(ConnectivityManager.java:4831)] [android.net.ConnectivityManager.registerDefaultNetworkCallback(ConnectivityManager.java:4805)] [androidx.work.impl.utils.NetworkApi24.registerDefaultNetworkCallbackCompat(Unknown Source:11)] [androidx.work.impl.constraints.trackers.NetworkStateTracker24.startTracking(Unknown Source:15)] [androidx.work.impl.constraints.controllers.ConstraintController.replace(Unknown Source:130)] [androidx.work.impl.constraints.WorkConstraintsTrackerImpl.replace(Unknown Source:41)] [androidx.work.impl.background.greedy.GreedyScheduler.schedule(Unknown Source:302)] [androidx.work.impl.Schedulers.schedule(Unknown Source:155)] [androidx.work.impl.utils.EnqueueRunnable.run(Unknown Source:53)] [androidx.work.Worker$2.run$androidx$work$impl$utils$SerialExecutorImpl$Task(Unknown Source:4)] [androidx.work.Worker$2.run(Unknown Source:868)] [java.util.concurrent.ThreadPoolExecutor.runWorker(ThreadPoolExecutor.java:1137)] [java.util.concurrent.ThreadPoolExecutor$Worker.run(ThreadPoolExecutor.java:637)] [java.lang.Thread.run(Thread.java:1012)]
07-10 01:21:07.975  5674  6523 D ConnectivityService: requestNetwork for uid/pid:10329/25156 activeRequest: null callbackRequest: 16689 [NetworkRequest [ REQUEST id=16690, [ Capabilities: INTERNET&NOT_RESTRICTED&TRUSTED&NOT_VCN_MANAGED Uid: 10329 RequestorUid: 10329 RequestorPkg: com.Slack UnderlyingNetworks: Null] ]] callback flags: 0 order: 2147483647
07-10 01:21:07.977  5674  6055 D ConnectivityService:    accepting network in place of null
07-10 01:21:07.983  5674  6045 D WifiNetworkFactory: got request NetworkRequest [ REQUEST id=16690, [ Capabilities: INTERNET&NOT_RESTRICTED&TRUSTED&NOT_VCN_MANAGED Uid: 10329 RequestorUid: 10329 RequestorPkg: com.Slack UnderlyingNetworks: Null] ]
07-10 01:21:07.983  5674  6045 D UntrustedWifiNetworkFactory: got request NetworkRequest [ REQUEST id=16690, [ Capabilities: INTERNET&NOT_RESTRICTED&TRUSTED&NOT_VCN_MANAGED Uid: 10329 RequestorUid: 10329 RequestorPkg: com.Slack UnderlyingNetworks: Null] ]
07-10 01:21:07.985  5674  6045 D OemPaidWifiNetworkFactory: got request NetworkRequest [ REQUEST id=16690, [ Capabilities: INTERNET&NOT_RESTRICTED&TRUSTED&NOT_VCN_MANAGED Uid: 10329 RequestorUid: 10329 RequestorPkg: com.Slack UnderlyingNetworks: Null] ]
07-10 01:21:07.989  5674  6045 D MultiInternetWifiNetworkFactory: got request NetworkRequest [ REQUEST id=16690, [ Capabilities: INTERNET&NOT_RESTRICTED&TRUSTED&NOT_VCN_MANAGED Uid: 10329 RequestorUid: 10329 RequestorPkg: com.Slack UnderlyingNetworks: Null] ]
07-10 01:21:07.992  5674  6055 D ConnectivityService: Rematched networks [computed 1ms] [applied 2ms] [issued 13]
07-10 01:21:07.992  5674  6055 D ConnectivityService: NetworkReassignment :
07-10 01:21:07.992  5674  6055 D ConnectivityService:   16690 : null → 118
07-10 01:21:08.001 25156 25156 D ConnectivityManager: StackLog: [android.net.ConnectivityManager.unregisterNetworkCallback(ConnectivityManager.java:4972)] [androidx.work.impl.utils.NetworkApi21.unregisterNetworkCallbackCompat(Unknown Source:11)] [androidx.work.impl.constraints.trackers.NetworkStateTracker24.stopTracking(Unknown Source:15)] [androidx.work.impl.constraints.trackers.ConstraintTracker.removeListener(Unknown Source:24)] [androidx.work.impl.constraints.controllers.ConstraintController.replace(Unknown Source:81)] [androidx.work.impl.constraints.WorkConstraintsTrackerImpl.replace(Unknown Source:41)] [androidx.work.impl.background.greedy.GreedyScheduler.onExecuted(Unknown Source:55)] [androidx.work.impl.Processor.onExecuted(Unknown Source:59)] [com.bugsnag.android.DeliveryDelegate$1.run(Unknown Source:212)]
07-10 01:21:08.002  5674  6055 D ConnectivityService:  Removing from current network [118 WIFI], leaving 155 requests.
07-10 01:21:08.009  5353  5543 V APM_AudioPolicyManager: setAppState(portId:1005, state:1)
07-10 01:21:08.012  5353  5543 V APM_AudioPolicyManager: setAppState(portId:1005, state:1)
07-10 01:21:08.347  5674  7726 D SemWifiUsabilityStatsMonitor: onWifiUsabilityStats - seqNum 21841, isSameBssidAndFreq true
07-10 01:21:08.350  5674  6128 I SemWifiLinkQualityMonitor: Link Qos Query: 0.092 ms / 87.000 Mbps (87 / 0.000 / 1.000)
07-10 01:21:11.389  5674  7726 D SemWifiUsabilityStatsMonitor: onWifiUsabilityStats - seqNum 21842, isSameBssidAndFreq true
07-10 01:21:11.393  5674  6128 I SemWifiLinkQualityMonitor: Link Qos Query: 0.092 ms / 87.000 Mbps (87 / 0.000 / 1.000)
07-10 01:21:11.394  6461  6461 D NetworkController.WifiSignalController: notifyListener: visible=true, connected=true, inetCondition=1, isDefault=true, wifiTestReported=true, receivedInetCondition=-1, hideDuringMobileSwitching=false
07-10 01:21:11.483  5262  5262 E audit   : type=1400 audit(1688944871.481:70002): avc:  denied  { getattr } for  pid=5674 comm="BinderProcsColl" path="/sys/kernel/debug/binder/proc/5674" dev="debugfs" ino=32119 scontext=u:r:system_server:s0 tcontext=u:object_r:sec_debugfs:s0 tclass=file permissive=0 SEPF_SM-A515F_13_0001 audit_filtered
07-10 01:21:11.483  5262  5262 E audit   : type=1300 audit(1688944871.481:70002): arch=c00000b7 syscall=79 success=no exit=-13 a0=ffffff9c a1=7ad2331da0 a2=79df9bd680 a3=0 items=0 ppid=5287 pid=5674 auid=4294967295 uid=1000 gid=1000 euid=1000 suid=1000 fsuid=1000 egid=1000 sgid=1000 fsgid=1000 tty=(none) ses=4294967295 comm="BinderProcsColl" exe="/system/bin/app_process64" subj=u:r:system_server:s0 key=(null)
07-10 01:21:11.483  5262  5262 E audit   : type=1327 audit(1688944871.481:70002): proctitle="system_server"
07-10 01:21:14.445  5674  7726 D SemWifiUsabilityStatsMonitor: onWifiUsabilityStats - seqNum 21843, isSameBssidAndFreq true
07-10 01:21:14.447  5674  6128 I SemWifiLinkQualityMonitor: Link Qos Query: 0.137 ms / 58.500 Mbps (117 / 0.000 / 2.000)
07-10 01:21:14.448  6461  6461 D NetworkController.WifiSignalController: notifyListener: visible=true, connected=true, inetCondition=1, isDefault=true, wifiTestReported=true, receivedInetCondition=-1, hideDuringMobileSwitching=false
07-10 01:21:14.571  5353  5543 V APM_AudioPolicyManager: setAppState(portId:1005, state:1)
07-10 01:21:14.573  5674  5745 W libprocessgroup: Failed to open /dev/blkio//cgroup.procs: No such file or directory
07-10 01:21:14.594  5353  5543 V APM_AudioPolicyManager: setAppState(portId:1005, state:1)
07-10 01:21:14.596  5674  5745 W libprocessgroup: Failed to open /dev/blkio//cgroup.procs: No such file or directory
07-10 01:21:14.636  5353  5543 V APM_AudioPolicyManager: setAppState(portId:1005, state:1)
07-10 01:21:14.639  5353  5543 V APM_AudioPolicyManager: setAppState(portId:1005, state:1)
07-10 01:21:14.667  5353  5543 V APM_AudioPolicyManager: setAppState(portId:1005, state:1)
07-10 01:21:14.671  5353  5543 V APM_AudioPolicyManager: setAppState(portId:1005, state:1)
07-10 01:21:15.103  5674  6112 I ChimeraAggressivePolicyHandler: executePolicy() - triggerSource: TRIGGER_SOURCE_LMKD
07-10 01:21:15.105  5674  6112 I ChimeraAggressivePolicyHandler: available memory: 1222968, free memory target: 870400, quit chimera
07-10 01:21:17.480  5674  7726 D SemWifiUsabilityStatsMonitor: onWifiUsabilityStats - seqNum 21844, isSameBssidAndFreq true
07-10 01:21:17.481  5674  6128 I SemWifiLinkQualityMonitor: Link Qos Query: 0.276 ms / 29.000 Mbps (87 / 0.000 / 3.000)
07-10 01:21:19.531  5674 26835 D TrafficStats: tagSocket(974) with statsTag=0xffffffff, statsUid=-1
07-10 01:21:19.736  5674 26835 D WifiConnectivityMonitor.DnsThread:  [|205]
07-10 01:21:19.737  5674  6182 D WifiConnectivityMonitor.NetworkStatsAnalyzer: DNS resultType : 0, responseTime : 205
07-10 01:21:19.738  5674  6164 D OpenNetworkQos[4.00]: updateBssidLatestDnsResultType - result: 0
07-10 01:21:19.739  5674  6164 D OpenNetworkQos[4.00]: updateBssidNoInternet: mBssidNoInternet = false
07-10 01:21:19.739  5674  6164 D OpenNetworkQos[4.00]: getOpenNetworkQosNoInternetStatus: false
07-10 01:21:19.739  5674  6164 D OpenNetworkQos[4.00]: getOpenNetworkQosScores: 26 26 26
07-10 01:21:19.741  5674  6164 I WifiProfileShare: network QoS data was changed (internet), updateQoSData networkType: true, qosData: false
07-10 01:21:19.741  5674  7451 V WifiProfileShare.Caster: update wips network, size: 0
07-10 01:21:19.742  5674  7451 D WifiProfileShare: nearby scanning settings run
07-10 01:21:19.742  5674  7451 D WifiProfileShare: network score provider settings enabled
07-10 01:21:19.743  5674  7451 D OpenNetworkQos[4.00]: getOpenNetworkQosScores: 26 26 26
07-10 01:21:19.744  5674  7451 D OpenNetworkQos[4.00]: getOpenNetworkQosNoInternetStatus: false
07-10 01:21:19.744  5674  7451 I WifiProfileShare.Caster: current network type: 0, score: [26, 26, 26]
07-10 01:21:19.750  5674  7451 V WifiProfileShare.Cache: update network score 00:e4:06:**:**:90
07-10 01:21:19.751  5674  7451 D WifiProfileShare.ScanMatcher: getMcfDataList size:2
07-10 01:21:19.751  5674  7451 I WifiProfileShare.Caster: qos data was updated , before:type:QOS, pBssid:51:2e:90, qosData:7c after:type:QOS, pBssid:51:2e:90, qosData:7c
07-10 01:21:19.755  5674  7451 I [MCFSDK_android_1.2.4010]_4_b: isNetworkEnabled - type : 1 ret : true
07-10 01:21:19.755  5674  7451 D WifiProfileShare.McfCast: -ME--- mIsNetworkEnabled :true
07-10 01:21:19.755  5674  7451 D WifiProfileShare.McfCast: updateQoSData ignored, same contents
07-10 01:21:19.755  5674  7451 D WifiProfileShare.MCF: success update QosData !
07-10 01:21:19.757  5674  7451 I [MCFSDK_android_1.2.4010]_4_b: isNetworkEnabled - type : 1 ret : true
07-10 01:21:19.757  5674  7451 D WifiProfileShare.McfCast: -ME--- mIsNetworkEnabled :true
07-10 01:21:19.757  5674  7451 D WifiProfileShare.McfCast: -ME--- updatePasswordDate pwdData size:2
07-10 01:21:20.562  5674  7726 D SemWifiUsabilityStatsMonitor: onWifiUsabilityStats - seqNum 21845, isSameBssidAndFreq true
07-10 01:21:20.566  5674  6128 I SemWifiLinkQualityMonitor: Link Qos Query: 0.068 ms / 117.000 Mbps (117 / 0.000 / 1.000)
07-10 01:21:20.588  5674  6055 D ConnectivityService: notifyType CALLBACK_CAP_CHANGED for [118 WIFI]
07-10 01:21:20.595  5674  6086 D SemWifiSwitchForIndividualAppsService: stopTCPMonitoring : already stopped
07-10 01:21:20.598  5674  6086 I WifiConnectivityMonitor.NCC: sNetworkCallback(oCC) FULL : 118(true/false)[ Transports: WIFI Capabilities: NOT_METERED&INTERNET&NOT_RESTRICTED&TRUSTED&NOT_VPN&VALIDATED&NOT_ROAMING&FOREGROUND&NOT_CONGESTED&NOT_SUSPENDED&NOT_VCN_MANAGED LinkUpBandwidth>=38087Kbps LinkDnBandwidth>=48162Kbps TransportInfo: <SSID: <unknown ssid>, BSSID: 02:00:00:**:**:00, MAC: 02:00:00:**:**:00, IP: /192.168.1.19, Security type: 2, Supplicant state: COMPLETED, Wi-Fi standard: 5, RSSI: -63, Link speed: 117Mbps, Tx Link speed: 117Mbps, Max Supported Tx Link speed: 433Mbps, Rx Link speed: 6Mbps, Max Supported Rx Link speed: 433Mbps, Frequency: 5180MHz, Net ID: -1, Metered hint: false, score: 60, isUsable: true, CarrierMerged: false, SubscriptionId: -1, IsPrimary: 1, Trusted: true, Restricted: false, Ephemeral: false, OEM paid: false, OEM private: false, OSU AP: false, FQDN: <none>, Provider friendly name: <none>, Requesting package name: <none><none>MLO Information: , AP MLD Address: <none>, AP MLO Link Id: <none>, AP MLO Affiliated links: <none>> SignalStrength: -63 AdminUids: [1000] SSID: "Talija" UnderlyingNetworks: Null]
07-10 01:21:20.607  5674  6164 I WifiConnectivityMonitor: current mode : 1
07-10 01:21:20.611  5674  6164 D OpenNetworkQos[4.00]: updateBssidNoInternet: mBssidNoInternet = false
07-10 01:21:20.611  5674  6164 D OpenNetworkQos[4.00]: getOpenNetworkQosNoInternetStatus: false
07-10 01:21:20.612  5674  6164 D OpenNetworkQos[4.00]: getOpenNetworkQosScores: 26 26 26
07-10 01:21:20.617  5674  6164 I WifiProfileShare: network QoS data was changed (internet), updateQoSData networkType: true, qosData: false
07-10 01:21:20.619  5674  7451 V WifiProfileShare.Caster: update wips network, size: 0
07-10 01:21:20.620  5674  7451 D WifiProfileShare: nearby scanning settings run
07-10 01:21:20.621  5674  7451 D WifiProfileShare: network score provider settings enabled
07-10 01:21:20.622  5674  7451 D OpenNetworkQos[4.00]: getOpenNetworkQosScores: 26 26 26
07-10 01:21:20.623  5674  7451 D OpenNetworkQos[4.00]: getOpenNetworkQosNoInternetStatus: false
07-10 01:21:20.623  5674  7451 I WifiProfileShare.Caster: current network type: 0, score: [26, 26, 26]
07-10 01:21:20.636  5674  7451 V WifiProfileShare.Cache: update network score 00:e4:06:**:**:90
07-10 01:21:20.646  5674  7451 D WifiProfileShare.ScanMatcher: getMcfDataList size:2
07-10 01:21:20.663  5674  7451 I WifiProfileShare.Caster: qos data was updated , before:type:QOS, pBssid:51:2e:90, qosData:7c after:type:QOS, pBssid:51:2e:90, qosData:7c
07-10 01:21:20.671  5674  7451 I [MCFSDK_android_1.2.4010]_4_b: isNetworkEnabled - type : 1 ret : true
07-10 01:21:20.672  5674  7451 D WifiProfileShare.McfCast: -ME--- mIsNetworkEnabled :true
07-10 01:21:20.672  5674  7451 D WifiProfileShare.McfCast: updateQoSData ignored, same contents
07-10 01:21:20.672  5674  7451 D WifiProfileShare.MCF: success update QosData !
07-10 01:21:20.673  5674  7451 I [MCFSDK_android_1.2.4010]_4_b: isNetworkEnabled - type : 1 ret : true
07-10 01:21:20.673  5674  7451 D WifiProfileShare.McfCast: -ME--- mIsNetworkEnabled :true
07-10 01:21:20.673  5674  7451 D WifiProfileShare.McfCast: -ME--- updatePasswordDate pwdData size:2
07-10 01:21:20.695 16924 16967 I ChimeraSrvcProxy: NullBinder for android.net.action.RECOMMEND_NETWORKS triggering remote TransactionTooLargeException due to Service without Chimera impl
07-10 01:21:20.698 16924 16967 W .gms.persistent: Large reply transaction of 1056768 bytes, interface descriptor , code 1
07-10 01:21:20.744  6461  6566 D NetworkController.WifiSignalController: notifyListener: visible=true, connected=true, inetCondition=1, isDefault=true, wifiTestReported=true, receivedInetCondition=-1, hideDuringMobileSwitching=false
07-10 01:21:20.778  5674  5690 I system_server: Background young concurrent copying GC freed 495819(21MB) AllocSpace objects, 59(1696KB) LOS objects, 18% free, 102MB/125MB, paused 723us,4.284ms total 177.627ms
07-10 01:21:20.784  5262  5262 E audit   : type=1400 audit(1688944880.781:70003): avc:  denied  { read } for  pid=26595 comm="binder:26595_3" name="u:object_r:perf_prop:s0" dev="tmpfs" ino=10663 scontext=u:r:untrusted_app:s0:c16,c256,c512,c768 tcontext=u:object_r:perf_prop:s0 tclass=file permissive=0 SEPF_SM-A515F_13_0001 audit_filtered
07-10 01:21:20.785  5262  5262 E audit   : type=1300 audit(1688944880.781:70003): arch=c00000b7 syscall=56 success=no exit=-13 a0=ffffff9c a1=7b7d25f2f8 a2=88000 a3=0 items=0 ppid=5287 pid=26595 auid=4294967295 uid=10016 gid=10016 euid=10016 suid=10016 fsuid=10016 egid=10016 sgid=10016 fsgid=10016 tty=(none) ses=4294967295 comm="binder:26595_3" exe="/system/bin/app_process64" subj=u:r:untrusted_app:s0:c16,c256,c512,c768 key=(null)
07-10 01:21:20.785 26595 26609 W libc    : Access denied finding property "sys.perf.boostopt"
07-10 01:21:20.785  5262  5262 E audit   : type=1327 audit(1688944880.781:70003): proctitle="com.microsoft.todos"
07-10 01:21:20.785  5674  5692 W System  : A resource failed to call close.
07-10 01:21:20.792  5674  5692 W System  : A resource failed to call close.
07-10 01:21:23.611  5674  7726 D SemWifiUsabilityStatsMonitor: onWifiUsabilityStats - seqNum 21846, isSameBssidAndFreq true
07-10 01:21:23.613  5674  6128 I SemWifiLinkQualityMonitor: Link Qos Query: 0.068 ms / 117.000 Mbps (117 / 0.000 / 1.000)
07-10 01:21:23.614  6461  6461 D NetworkController.WifiSignalController: notifyListener: visible=true, connected=true, inetCondition=1, isDefault=true, wifiTestReported=true, receivedInetCondition=-1, hideDuringMobileSwitching=false
07-10 01:21:23.720  5353  5543 V APM_AudioPolicyManager: setAppState(portId:1005, state:1)
07-10 01:21:23.720  5353  5543 V APM_AudioPolicyManager: setAppState(portId:1005, state:1)
07-10 01:21:26.645  5674  7726 D SemWifiUsabilityStatsMonitor: onWifiUsabilityStats - seqNum 21847, isSameBssidAndFreq true
07-10 01:21:26.647  5674  6128 I SemWifiLinkQualityMonitor: Link Qos Query: 0.068 ms / 117.000 Mbps (117 / 0.000 / 1.000)
07-10 01:21:26.648  6461  6461 D NetworkController.WifiSignalController: notifyListener: visible=true, connected=true, inetCondition=1, isDefault=true, wifiTestReported=true, receivedInetCondition=-1, hideDuringMobileSwitching=false
07-10 01:21:26.992 31135 32652 I native  : I0000 00:00:1688944886.991701   32652 soda_async_impl.cc:1540] Current audio timestamp: 1688944886620242
07-10 01:21:28.490 31135 31452 I A       : (REDACTED) #onAudioData: %s bytes, getAudioReadSize %s
07-10 01:21:29.699  5674  7726 D SemWifiUsabilityStatsMonitor: onWifiUsabilityStats - seqNum 21848, isSameBssidAndFreq true
07-10 01:21:29.701  5674  6128 I SemWifiLinkQualityMonitor: Link Qos Query: 0.368 ms / 21.750 Mbps (87 / 0.000 / 4.000)
07-10 01:21:31.202 30967 31717 I ContactsProvider_EventLog: cp_s: [CONTACT con(158) dat(1091) acc({sim(3)=15, sec(6)=1, sim2(4)=1, google(2)=81, org.telegram.messenger(236)=100, com.whatsapp(14)=41}) calls([logtype:100 cnt:877, logtype:200 cnt:5, logtype:300 cnt:495, logtype:1000 cnt:632, logtype:1150 cnt:161]) Iso(RS) uId(0) ]
07-10 01:21:31.202 30967 31717 I ContactsProvider_EventLog: cp_s: [ agr({[2 ,2 ,14 ,236]=1, [2 ,14 ,236]=32, [3]=15, [14]=1, [4]=1, [2 ,14]=4, [2 ,2]=2, [2]=34, [6 ,14]=1, [2 ,236]=3, [236]=62, [2 ,236 ,14]=2}) ]
07-10 01:21:31.202 30967 31717 I ContactsProvider_EventLog: cp_s: [ cnt({acore(30967)=1}) ]
07-10 01:21:31.202 30967 31717 I ContactsProvider_EventLog: cp_s: [PROFILE con(1) dat(1) acc({vnd.sec.contact.phone=1}) ] [SAPROFILE ]
07-10 01:21:31.202 30967 31717 I ContactsProvider_EventLog: cp_s: [STATE R(T) ]
07-10 01:21:31.757  5325  5325 E sehhealth-service: Could not open /sys/class/power_supply/battery/lrp
07-10 01:21:32.742  5674  7726 D SemWifiUsabilityStatsMonitor: onWifiUsabilityStats - seqNum 21849, isSameBssidAndFreq true
07-10 01:21:32.744  5674  6128 I SemWifiLinkQualityMonitor: Link Qos Query: 0.368 ms / 21.750 Mbps (87 / 0.000 / 4.000)
07-10 01:21:32.744  6461  6461 D NetworkController.WifiSignalController: notifyListener: visible=true, connected=true, inetCondition=1, isDefault=true, wifiTestReported=true, receivedInetCondition=-1, hideDuringMobileSwitching=false
07-10 01:21:33.243  5674  6112 I ChimeraAggressivePolicyHandler: executePolicy() - triggerSource: TRIGGER_SOURCE_LMKD
07-10 01:21:33.245  5674  6112 I ChimeraAggressivePolicyHandler: available memory: 1228224, free memory target: 870400, quit chimera
07-10 01:21:34.778 29789 26852 I GmscoreIpa: Starting mediastore instant index [CONTEXT service_id=255 ]
07-10 01:21:35.774  5674  7726 D SemWifiUsabilityStatsMonitor: onWifiUsabilityStats - seqNum 21850, isSameBssidAndFreq true
07-10 01:21:35.777  5674  6128 I SemWifiLinkQualityMonitor: Link Qos Query: 0.368 ms / 21.750 Mbps (87 / 0.000 / 4.000)
07-10 01:21:35.777  6461  6461 D NetworkController.WifiSignalController: notifyListener: visible=true, connected=true, inetCondition=1, isDefault=true, wifiTestReported=true, receivedInetCondition=-1, hideDuringMobileSwitching=false
07-10 01:21:37.924  5674  9952 D PackageManager: setEnabledSetting : userId = 0 packageName = com.Slack cmp = androidx.work.impl.background.systemalarm.RescheduleReceiver newState = 1 callingPackage = 10329/com.Slack
07-10 01:21:37.925  5674  9952 D ApplicationPolicy: getApplicationStateEnabled : pkg = com.Slack userId : 0
07-10 01:21:37.927  5674  9952 D ApplicationPolicy: getApplicationComponentState : pkg = com.Slack userId : 0
07-10 01:21:37.945  5353  5543 V APM_AudioPolicyManager: setAppState(portId:1005, state:1)
07-10 01:21:37.947  5674  5745 W libprocessgroup: Failed to open /dev/blkio//cgroup.procs: No such file or directory
07-10 01:21:37.961 25156 25229 D ConnectivityManager: StackLog: [android.net.ConnectivityManager.sendRequestForNetwork(ConnectivityManager.java:4300)] [android.net.ConnectivityManager.registerDefaultNetworkCallbackForUid(ConnectivityManager.java:4864)] [android.net.ConnectivityManager.registerDefaultNetworkCallback(ConnectivityManager.java:4831)] [android.net.ConnectivityManager.registerDefaultNetworkCallback(ConnectivityManager.java:4805)] [androidx.work.impl.utils.NetworkApi24.registerDefaultNetworkCallbackCompat(Unknown Source:11)] [androidx.work.impl.constraints.trackers.NetworkStateTracker24.startTracking(Unknown Source:15)] [androidx.work.impl.constraints.controllers.ConstraintController.replace(Unknown Source:130)] [androidx.work.impl.constraints.WorkConstraintsTrackerImpl.replace(Unknown Source:41)] [androidx.work.impl.background.greedy.GreedyScheduler.schedule(Unknown Source:302)] [androidx.work.impl.Schedulers.schedule(Unknown Source:155)] [androidx.work.impl.utils.EnqueueRunnable.run(Unknown Source:53)] [androidx.work.Worker$2.run$androidx$work$impl$utils$SerialExecutorImpl$Task(Unknown Source:4)] [androidx.work.Worker$2.run(Unknown Source:868)] [java.util.concurrent.ThreadPoolExecutor.runWorker(ThreadPoolExecutor.java:1137)] [java.util.concurrent.ThreadPoolExecutor$Worker.run(ThreadPoolExecutor.java:637)] [java.lang.Thread.run(Thread.java:1012)]
07-10 01:21:37.963  5674  9950 D ConnectivityService: requestNetwork for uid/pid:10329/25156 activeRequest: null callbackRequest: 16691 [NetworkRequest [ REQUEST id=16692, [ Capabilities: INTERNET&NOT_RESTRICTED&TRUSTED&NOT_VCN_MANAGED Uid: 10329 RequestorUid: 10329 RequestorPkg: com.Slack UnderlyingNetworks: Null] ]] callback flags: 0 order: 2147483647
07-10 01:21:37.964  5674  6055 D ConnectivityService:    accepting network in place of null
07-10 01:21:37.966  5674  6045 D WifiNetworkFactory: got request NetworkRequest [ REQUEST id=16692, [ Capabilities: INTERNET&NOT_RESTRICTED&TRUSTED&NOT_VCN_MANAGED Uid: 10329 RequestorUid: 10329 RequestorPkg: com.Slack UnderlyingNetworks: Null] ]
07-10 01:21:37.966  5674  6045 D UntrustedWifiNetworkFactory: got request NetworkRequest [ REQUEST id=16692, [ Capabilities: INTERNET&NOT_RESTRICTED&TRUSTED&NOT_VCN_MANAGED Uid: 10329 RequestorUid: 10329 RequestorPkg: com.Slack UnderlyingNetworks: Null] ]
07-10 01:21:37.966  5674  6045 D OemPaidWifiNetworkFactory: got request NetworkRequest [ REQUEST id=16692, [ Capabilities: INTERNET&NOT_RESTRICTED&TRUSTED&NOT_VCN_MANAGED Uid: 10329 RequestorUid: 10329 RequestorPkg: com.Slack UnderlyingNetworks: Null] ]
07-10 01:21:37.967  5674  6045 D MultiInternetWifiNetworkFactory: got request NetworkRequest [ REQUEST id=16692, [ Capabilities: INTERNET&NOT_RESTRICTED&TRUSTED&NOT_VCN_MANAGED Uid: 10329 RequestorUid: 10329 RequestorPkg: com.Slack UnderlyingNetworks: Null] ]
07-10 01:21:37.968  5674  6055 D ConnectivityService: Rematched networks [computed 1ms] [applied 0ms] [issued 4]
07-10 01:21:37.968  5674  6055 D ConnectivityService: NetworkReassignment :
07-10 01:21:37.968  5674  6055 D ConnectivityService:   16692 : null → 118
07-10 01:21:37.985 25156 25156 D ConnectivityManager: StackLog: [android.net.ConnectivityManager.unregisterNetworkCallback(ConnectivityManager.java:4972)] [androidx.work.impl.utils.NetworkApi21.unregisterNetworkCallbackCompat(Unknown Source:11)] [androidx.work.impl.constraints.trackers.NetworkStateTracker24.stopTracking(Unknown Source:15)] [androidx.work.impl.constraints.trackers.ConstraintTracker.removeListener(Unknown Source:24)] [androidx.work.impl.constraints.controllers.ConstraintController.replace(Unknown Source:81)] [androidx.work.impl.constraints.WorkConstraintsTrackerImpl.replace(Unknown Source:41)] [androidx.work.impl.background.greedy.GreedyScheduler.onExecuted(Unknown Source:55)] [androidx.work.impl.Processor.onExecuted(Unknown Source:59)] [com.bugsnag.android.DeliveryDelegate$1.run(Unknown Source:212)]
07-10 01:21:37.987  5674  6055 D ConnectivityService:  Removing from current network [118 WIFI], leaving 155 requests.
07-10 01:21:37.993  5353  5543 V APM_AudioPolicyManager: setAppState(portId:1005, state:1)
07-10 01:21:38.004  5353  5543 V APM_AudioPolicyManager: setAppState(portId:1005, state:1)
07-10 01:21:38.615  5487  5978 D installd: Device /data has 2368016384 free; requested 3221225472; needed 853209088
07-10 01:21:38.814  5674  7726 D SemWifiUsabilityStatsMonitor: onWifiUsabilityStats - seqNum 21851, isSameBssidAndFreq true
07-10 01:21:38.819  5674  6128 I SemWifiLinkQualityMonitor: Link Qos Query: 0.414 ms / 19.333 Mbps (58 / 0.000 / 3.000)
07-10 01:21:38.819  6461  6461 D NetworkController.WifiSignalController: notifyListener: visible=true, connected=true, inetCondition=1, isDefault=true, wifiTestReported=true, receivedInetCondition=-1, hideDuringMobileSwitching=false
07-10 01:21:39.001  5487  5978 W installd: Failed to resolve inode 1263408; using /data/user_de/0/com.samsung.accessibility/cache
07-10 01:21:39.093  5487  5978 D installd: Purging /mnt/pass_through/0/emulated/0/Android/data/org.jetbrains.android_benchmark.test/cache/AckermannBenchmark_mutableSpecificRefInt_2023-07-09-22-49-09.perfetto-trace size=3944448 mod=1688942949 from UID=10498 used=2911764480 quota=4447171 ratio=6547453
07-10 01:21:39.095  5487  5978 D installd: Purging /mnt/pass_through/0/emulated/0/Android/data/org.jetbrains.android_benchmark.test/cache/BoxRecreationBenchmark_valueDouble_2023-07-09-22-49-24.perfetto-trace size=47308800 mod=1688942964 from UID=10498 used=2907820032 quota=4447171 ratio=6538583
07-10 01:21:39.108  5487  5978 D installd: Purging /mnt/pass_through/0/emulated/0/Android/data/org.jetbrains.android_benchmark.test/cache/BoxRecreationBenchmark_valueInt_2023-07-09-22-49-39.perfetto-trace size=37339136 mod=1688942979 from UID=10498 used=2860511232 quota=4447171 ratio=6432204
07-10 01:21:39.117  5487  5978 D installd: Purging /mnt/pass_through/0/emulated/0/Android/data/org.jetbrains.android_benchmark.test/cache/BoxRecreationBenchmark_valuePreserveBoxDouble_2023-07-09-22-49-57.perfetto-trace size=20869120 mod=1688942997 from UID=10498 used=2823172096 quota=4447171 ratio=6348242
07-10 01:21:39.123  5487  5978 D installd: Purging /mnt/pass_through/0/emulated/0/Android/data/org.jetbrains.android_benchmark.test/cache/BoxRecreationBenchmark_valuePreserveBoxFloat_2023-07-09-22-51-45.perfetto-trace size=53460992 mod=1688943105 from UID=10498 used=2802302976 quota=4447171 ratio=6301315
07-10 01:21:39.139  5487  5978 D installd: Purging /mnt/pass_through/0/emulated/0/Android/data/org.jetbrains.android_benchmark.test/cache/BoxRecreationBenchmark_valueLong_2023-07-09-22-52-02.perfetto-trace size=55566336 mod=1688943122 from UID=10498 used=2748841984 quota=4447171 ratio=6181102
07-10 01:21:39.153  5487  5978 D installd: Purging /mnt/pass_through/0/emulated/0/Android/data/org.jetbrains.android_benchmark.test/cache/BoxRecreationBenchmark_baselineLong_2023-07-09-22-52-20.perfetto-trace size=22110208 mod=1688943140 from UID=10498 used=2693275648 quota=4447171 ratio=6056154
07-10 01:21:39.160  5487  5978 D installd: Purging /mnt/pass_through/0/emulated/0/Android/data/org.jetbrains.android_benchmark.test/cache/BoxRecreationBenchmark_baselineDouble_2023-07-09-22-52-37.perfetto-trace size=18694144 mod=1688943157 from UID=10498 used=2671165440 quota=4447171 ratio=6006437
07-10 01:21:39.165  5487  5978 D installd: Purging /mnt/pass_through/0/emulated/0/Android/data/org.jetbrains.android_benchmark.test/cache/BoxRecreationBenchmark_valuePreserveBoxLong_2023-07-09-22-52-55.perfetto-trace size=20783104 mod=1688943175 from UID=10498 used=2652471296 quota=4447171 ratio=5964401
07-10 01:21:39.171  5487  5978 D installd: Purging /mnt/pass_through/0/emulated/0/Android/data/org.jetbrains.android_benchmark.test/cache/BoxRecreationBenchmark_baselineFloat_2023-07-09-22-53-00.perfetto-trace size=5169152 mod=1688943180 from UID=10498 used=2631688192 quota=4447171 ratio=5917668
07-10 01:21:39.173  5487  5978 D installd: Purging /mnt/pass_through/0/emulated/0/Android/data/org.jetbrains.android_benchmark.test/cache/BoxRecreationBenchmark_longPackFloat_2023-07-09-22-53-16.perfetto-trace size=47161344 mod=1688943196 from UID=10498 used=2626519040 quota=4447171 ratio=5906044
07-10 01:21:39.185  5487  5978 D installd: Purging /mnt/pass_through/0/emulated/0/Android/data/org.jetbrains.android_benchmark.test/cache/BoxRecreationBenchmark_baselineInt_2023-07-09-22-53-28.perfetto-trace size=11083776 mod=1688943209 from UID=10498 used=2579357696 quota=4447171 ratio=5799996
07-10 01:21:39.188  5487  5978 D installd: Purging /mnt/pass_through/0/emulated/0/Android/data/org.jetbrains.android_benchmark.test/cache/BoxRecreationBenchmark_valuePreserveBoxInt_2023-07-09-22-53-38.perfetto-trace size=8929280 mod=1688943218 from UID=10498 used=2568273920 quota=4447171 ratio=5775073
07-10 01:21:39.192  5487  5978 D installd: Purging /mnt/pass_through/0/emulated/0/Android/data/org.jetbrains.android_benchmark.test/cache/BoxRecreationBenchmark_longPackInt_2023-07-09-22-55-27.perfetto-trace size=84951040 mod=1688943327 from UID=10498 used=2559344640 quota=4447171 ratio=5754994
07-10 01:21:39.212  5487  5978 D installd: Purging /mnt/pass_through/0/emulated/0/Android/data/org.jetbrains.android_benchmark.test/cache/BoxRecreationBenchmark_valueFloat_2023-07-09-22-55-45.perfetto-trace size=47931392 mod=1688943345 from UID=10498 used=2474393600 quota=4447171 ratio=5563972
07-10 01:21:39.224  5487  5978 D installd: Purging /mnt/pass_through/0/emulated/0/Android/data/org.jetbrains.android_benchmark.test/cache/Wolf3dBenchmark_valueDouble_2023-07-09-22-58-58.perfetto-trace size=438300672 mod=1688943538 from UID=10498 used=2426462208 quota=4447171 ratio=5456192
07-10 01:21:40.703  5674  6112 I ChimeraAggressivePolicyHandler: executePolicy() - triggerSource: TRIGGER_SOURCE_LMKD
07-10 01:21:40.705  5674  6112 I ChimeraAggressivePolicyHandler: available memory: 1226292, free memory target: 870400, quit chimera
07-10 01:21:41.584  5262  5262 E audit   : type=1400 audit(1688944901.581:70004): avc:  denied  { getattr } for  pid=5674 comm="BinderProcsColl" path="/sys/kernel/debug/binder/proc/5674" dev="debugfs" ino=32119 scontext=u:r:system_server:s0 tcontext=u:object_r:sec_debugfs:s0 tclass=file permissive=0 SEPF_SM-A515F_13_0001 audit_filtered
07-10 01:21:41.584  5262  5262 E audit   : type=1300 audit(1688944901.581:70004): arch=c00000b7 syscall=79 success=no exit=-13 a0=ffffff9c a1=7af05257a0 a2=79df9bd680 a3=0 items=0 ppid=5287 pid=5674 auid=4294967295 uid=1000 gid=1000 euid=1000 suid=1000 fsuid=1000 egid=1000 sgid=1000 fsgid=1000 tty=(none) ses=4294967295 comm="BinderProcsColl" exe="/system/bin/app_process64" subj=u:r:system_server:s0 key=(null)
07-10 01:21:41.584  5262  5262 E audit   : type=1327 audit(1688944901.581:70004): proctitle="system_server"
07-10 01:21:41.856  5674  7726 D SemWifiUsabilityStatsMonitor: onWifiUsabilityStats - seqNum 21852, isSameBssidAndFreq true
07-10 01:21:41.858  5674  6128 I SemWifiLinkQualityMonitor: Link Qos Query: 0.276 ms / 29.000 Mbps (58 / 0.000 / 2.000)
07-10 01:21:44.880  5674  7726 D SemWifiUsabilityStatsMonitor: onWifiUsabilityStats - seqNum 21853, isSameBssidAndFreq true
07-10 01:21:44.882  5674  6128 I SemWifiLinkQualityMonitor: Link Qos Query: 0.138 ms / 58.000 Mbps (58 / 0.000 / 1.000)
07-10 01:21:47.930  5674  7726 D SemWifiUsabilityStatsMonitor: onWifiUsabilityStats - seqNum 21854, isSameBssidAndFreq true
07-10 01:21:47.933  5674  6128 I SemWifiLinkQualityMonitor: Link Qos Query: 0.138 ms / 58.000 Mbps (58 / 0.000 / 1.000)
07-10 01:21:47.933  6461  6461 D NetworkController.WifiSignalController: notifyListener: visible=true, connected=true, inetCondition=1, isDefault=true, wifiTestReported=true, receivedInetCondition=-1, hideDuringMobileSwitching=false
07-10 01:21:48.206  5674  6112 I ChimeraAggressivePolicyHandler: executePolicy() - triggerSource: TRIGGER_SOURCE_LMKD
07-10 01:21:48.210  5674  6112 I ChimeraAggressivePolicyHandler: available memory: 1233924, free memory target: 870400, quit chimera
07-10 01:21:50.972  5674  7726 D SemWifiUsabilityStatsMonitor: onWifiUsabilityStats - seqNum 21855, isSameBssidAndFreq true
07-10 01:21:50.973  5674  6128 I SemWifiLinkQualityMonitor: Link Qos Query: 0.138 ms / 58.000 Mbps (58 / 0.000 / 1.000)
07-10 01:21:54.022  5674  7726 D SemWifiUsabilityStatsMonitor: onWifiUsabilityStats - seqNum 21856, isSameBssidAndFreq true
07-10 01:21:54.028  5674  6128 I SemWifiLinkQualityMonitor: Link Qos Query: 0.184 ms / 43.500 Mbps (87 / 0.000 / 2.000)
07-10 01:21:54.029  6461  6461 D NetworkController.WifiSignalController: notifyListener: visible=true, connected=true, inetCondition=1, isDefault=true, wifiTestReported=true, receivedInetCondition=-1, hideDuringMobileSwitching=false
07-10 01:21:56.993 31135 32652 I native  : I0000 00:00:1688944916.992787   32652 soda_async_impl.cc:1540] Current audio timestamp: 1688944916620242
07-10 01:21:57.082  5674  7726 D SemWifiUsabilityStatsMonitor: onWifiUsabilityStats - seqNum 21857, isSameBssidAndFreq true
07-10 01:21:57.085  5674  6128 I SemWifiLinkQualityMonitor: Link Qos Query: 0.184 ms / 43.500 Mbps (87 / 0.000 / 2.000)
07-10 01:21:57.085  6461  6461 D NetworkController.WifiSignalController: notifyListener: visible=true, connected=true, inetCondition=1, isDefault=true, wifiTestReported=true, receivedInetCondition=-1, hideDuringMobileSwitching=false
07-10 01:21:57.127  5362  5362 I SurfaceFlinger: SFWD update time=135166496814937
07-10 01:21:58.509 31135 31464 I A       : (REDACTED) #onAudioData: %s bytes, getAudioReadSize %s
07-10 01:22:00.010  6461  7078 D QSClockBellTower: onReceive(android.intent.action.TIME_TICK) mTimeZoneString:null
07-10 01:22:00.010  6461  6461 D KeyguardUpdateMonitor: received broadcast android.intent.action.TIME_TICK
07-10 01:22:00.072  6461  6461 D QSClockBellTower: He is ready to ring the bell. (((QSClockBellSound - TimeText:01:22, TimeContentDescription:01:22, DateText:Mon, 10 July, ShortDateText:Mon, 10 Jul, Demo:false, QuickStar-Second(false|12:34:56))))
07-10 01:22:00.073  6461  6461 D QSClockIndicatorView: Home Indicator status_bar_clock 01:22 notifyTimeChanged(QSClockBellSound - TimeText:01:22, TimeContentDescription:01:22, DateText:Mon, 10 July, ShortDateText:Mon, 10 Jul, Demo:false, QuickStar-Second(false|12:34:56)) ClockVisibleByPolicy:true, ClockVisibleByUser:true, visible?false, parent:android.widget.LinearLayout{503272 V.E...... ........ 0,0-0,55 #7f0b04f0 app:id/left_clock_container}
07-10 01:22:00.073  6461  6461 D QSClockBellTower: Everyone heard the bell. run(currentTime:1688944920070,   getTime():Mon Jul 10 01:22:00 GMT+02:00 2023,   getTimeZone():libcore.util.ZoneInfo[mDstSavings=3600000,mUseDst=true,mDelegate=[id="Europe/Belgrade",mRawOffset=3600000,mEarliestRawOffset=4920000,transitions=119]])
07-10 01:22:00.076  6461  6461 D KeyguardUpdateMonitor: handleTimeUpdate
07-10 01:22:00.077  6461  6461 D FaceWidgetPagesController: onTimeChanged()
07-10 01:22:00.092  6461  6461 I FaceWidgetPositionAlgorithm: getClockContainerHeight() supplier = 270, bottom margin = 0, real height = 333
07-10 01:22:00.093  6461  6461 I FaceWidgetPositionAlgorithm: getClockContainerHeight() supplier = 270, bottom margin = 63, real height = 333
07-10 01:22:00.093  6461  6461 I FaceWidgetPositionAlgorithm: getMediaContainerHeight() height = 0 container Visibility = 8, isValid = false, mIsDozing = false, fraction = 1.0, source = 0, target = 0
07-10 01:22:00.093  6461  6461 I FaceWidgetPositionAlgorithm: getMediaContainerHeight() supplier = 0
07-10 01:22:00.094  6461  6461 V QsExpandAnimator: setQsExpansionPosition 0.0
07-10 01:22:00.098  6461  6461 V QsExpandAnimator: updateAnimators
07-10 01:22:00.098  6461  6461 V QsExpandAnimator: clearAnimationState
07-10 01:22:00.099  6461  6461 V QsExpandAnimator: updateViews
07-10 01:22:00.100  6461  6461 V QsExpandAnimator: updateTileAnimator
07-10 01:22:00.101  6461  6461 V QsExpandAnimator: updateHeaderAnimator
07-10 01:22:00.101  6461  6461 V QsExpandAnimator: updateBarAnimator
07-10 01:22:00.102  6461  6461 V QsExpandAnimator: setQsExpansionPosition 0.0
07-10 01:22:00.102  6461  6461 V QsExpandAnimator: onAnimationAtStart
07-10 01:22:00.110  5674  7726 D SemWifiUsabilityStatsMonitor: onWifiUsabilityStats - seqNum 21858, isSameBssidAndFreq true
07-10 01:22:00.112  6461  6461 D NetworkController.WifiSignalController: notifyListener: visible=true, connected=true, inetCondition=1, isDefault=true, wifiTestReported=true, receivedInetCondition=-1, hideDuringMobileSwitching=false
07-10 01:22:00.112  5674  6128 I SemWifiLinkQualityMonitor: Link Qos Query: 0.092 ms / 87.000 Mbps (87 / 0.000 / 1.000)
07-10 01:22:01.771  5325  5325 E sehhealth-service: Could not open /sys/class/power_supply/battery/lrp
07-10 01:22:03.168  5674  7726 D SemWifiUsabilityStatsMonitor: onWifiUsabilityStats - seqNum 21859, isSameBssidAndFreq true
07-10 01:22:03.171  6461  6461 D NetworkController.WifiSignalController: notifyListener: visible=true, connected=true, inetCondition=1, isDefault=true, wifiTestReported=true, receivedInetCondition=-1, hideDuringMobileSwitching=false
07-10 01:22:03.171  5674  6128 I SemWifiLinkQualityMonitor: Link Qos Query: 0.092 ms / 87.000 Mbps (87 / 0.000 / 1.000)
07-10 01:22:06.224  5674  7726 D SemWifiUsabilityStatsMonitor: onWifiUsabilityStats - seqNum 21860, isSameBssidAndFreq true
07-10 01:22:06.227  6461  6461 D NetworkController.WifiSignalController: notifyListener: visible=true, connected=true, inetCondition=1, isDefault=true, wifiTestReported=true, receivedInetCondition=-1, hideDuringMobileSwitching=false
07-10 01:22:06.228  5674  6128 I SemWifiLinkQualityMonitor: Link Qos Query: 0.230 ms / 34.800 Mbps (87 / 0.000 / 2.500)
07-10 01:22:07.928  5674  9952 D PackageManager: setEnabledSetting : userId = 0 packageName = com.Slack cmp = androidx.work.impl.background.systemalarm.RescheduleReceiver newState = 1 callingPackage = 10329/com.Slack
07-10 01:22:07.929  5674  9952 D ApplicationPolicy: getApplicationStateEnabled : pkg = com.Slack userId : 0
07-10 01:22:07.930  5674  9952 D ApplicationPolicy: getApplicationComponentState : pkg = com.Slack userId : 0
07-10 01:22:07.950  5353  5543 V APM_AudioPolicyManager: setAppState(portId:1005, state:1)
07-10 01:22:07.950  5674  5745 W libprocessgroup: Failed to open /dev/blkio//cgroup.procs: No such file or directory
07-10 01:22:07.971 25156 25229 D ConnectivityManager: StackLog: [android.net.ConnectivityManager.sendRequestForNetwork(ConnectivityManager.java:4300)] [android.net.ConnectivityManager.registerDefaultNetworkCallbackForUid(ConnectivityManager.java:4864)] [android.net.ConnectivityManager.registerDefaultNetworkCallback(ConnectivityManager.java:4831)] [android.net.ConnectivityManager.registerDefaultNetworkCallback(ConnectivityManager.java:4805)] [androidx.work.impl.utils.NetworkApi24.registerDefaultNetworkCallbackCompat(Unknown Source:11)] [androidx.work.impl.constraints.trackers.NetworkStateTracker24.startTracking(Unknown Source:15)] [androidx.work.impl.constraints.controllers.ConstraintController.replace(Unknown Source:130)] [androidx.work.impl.constraints.WorkConstraintsTrackerImpl.replace(Unknown Source:41)] [androidx.work.impl.background.greedy.GreedyScheduler.schedule(Unknown Source:302)] [androidx.work.impl.Schedulers.schedule(Unknown Source:155)] [androidx.work.impl.utils.EnqueueRunnable.run(Unknown Source:53)] [androidx.work.Worker$2.run$androidx$work$impl$utils$SerialExecutorImpl$Task(Unknown Source:4)] [androidx.work.Worker$2.run(Unknown Source:868)] [java.util.concurrent.ThreadPoolExecutor.runWorker(ThreadPoolExecutor.java:1137)] [java.util.concurrent.ThreadPoolExecutor$Worker.run(ThreadPoolExecutor.java:637)] [java.lang.Thread.run(Thread.java:1012)]
07-10 01:22:07.973  5674  9851 D ConnectivityService: requestNetwork for uid/pid:10329/25156 activeRequest: null callbackRequest: 16693 [NetworkRequest [ REQUEST id=16694, [ Capabilities: INTERNET&NOT_RESTRICTED&TRUSTED&NOT_VCN_MANAGED Uid: 10329 RequestorUid: 10329 RequestorPkg: com.Slack UnderlyingNetworks: Null] ]] callback flags: 0 order: 2147483647
07-10 01:22:07.976  5674  6055 D ConnectivityService:    accepting network in place of null
07-10 01:22:07.980  5674  6045 D WifiNetworkFactory: got request NetworkRequest [ REQUEST id=16694, [ Capabilities: INTERNET&NOT_RESTRICTED&TRUSTED&NOT_VCN_MANAGED Uid: 10329 RequestorUid: 10329 RequestorPkg: com.Slack UnderlyingNetworks: Null] ]
07-10 01:22:07.981  5674  6045 D UntrustedWifiNetworkFactory: got request NetworkRequest [ REQUEST id=16694, [ Capabilities: INTERNET&NOT_RESTRICTED&TRUSTED&NOT_VCN_MANAGED Uid: 10329 RequestorUid: 10329 RequestorPkg: com.Slack UnderlyingNetworks: Null] ]
07-10 01:22:07.983  5674  6045 D OemPaidWifiNetworkFactory: got request NetworkRequest [ REQUEST id=16694, [ Capabilities: INTERNET&NOT_RESTRICTED&TRUSTED&NOT_VCN_MANAGED Uid: 10329 RequestorUid: 10329 RequestorPkg: com.Slack UnderlyingNetworks: Null] ]
07-10 01:22:07.984  5674  6045 D MultiInternetWifiNetworkFactory: got request NetworkRequest [ REQUEST id=16694, [ Capabilities: INTERNET&NOT_RESTRICTED&TRUSTED&NOT_VCN_MANAGED Uid: 10329 RequestorUid: 10329 RequestorPkg: com.Slack UnderlyingNetworks: Null] ]
07-10 01:22:07.989  5674  6055 D ConnectivityService: Rematched networks [computed 1ms] [applied 1ms] [issued 12]
07-10 01:22:07.990  5674  6055 D ConnectivityService: NetworkReassignment :
07-10 01:22:07.990  5674  6055 D ConnectivityService:   16694 : null → 118
07-10 01:22:08.005 25156 25156 D ConnectivityManager: StackLog: [android.net.ConnectivityManager.unregisterNetworkCallback(ConnectivityManager.java:4972)] [androidx.work.impl.utils.NetworkApi21.unregisterNetworkCallbackCompat(Unknown Source:11)] [androidx.work.impl.constraints.trackers.NetworkStateTracker24.stopTracking(Unknown Source:15)] [androidx.work.impl.constraints.trackers.ConstraintTracker.removeListener(Unknown Source:24)] [androidx.work.impl.constraints.controllers.ConstraintController.replace(Unknown Source:81)] [androidx.work.impl.constraints.WorkConstraintsTrackerImpl.replace(Unknown Source:41)] [androidx.work.impl.background.greedy.GreedyScheduler.onExecuted(Unknown Source:55)] [androidx.work.impl.Processor.onExecuted(Unknown Source:59)] [com.bugsnag.android.DeliveryDelegate$1.run(Unknown Source:212)]
07-10 01:22:08.007  5674  6055 D ConnectivityService:  Removing from current network [118 WIFI], leaving 155 requests.
07-10 01:22:08.014  5353  5543 V APM_AudioPolicyManager: setAppState(portId:1005, state:1)
07-10 01:22:08.016  5353  5543 V APM_AudioPolicyManager: setAppState(portId:1005, state:1)
07-10 01:22:09.252  5674  7726 D SemWifiUsabilityStatsMonitor: onWifiUsabilityStats - seqNum 21861, isSameBssidAndFreq true
07-10 01:22:09.254  5674  6128 I SemWifiLinkQualityMonitor: Link Qos Query: 0.230 ms / 34.800 Mbps (87 / 0.000 / 2.500)
