07-10 01:36:25.657 11611 11645 I TestRunner: started: valueFloat(org.jetbrains.android_benchmark.Wolf3dBenchmark)
07-10 01:36:25.660 11611 11611 I MonitoringInstr: Activities that are still in CREATED to STOPPED: 1
07-10 01:36:25.661 11611 11611 I MonitoringInstr: Finishing activity: androidx.benchmark.IsolationActivity@c9a4959
07-10 01:36:25.667 11611 11645 I GrantPermissionCallable: Permission: android.permission.WRITE_EXTERNAL_STORAGE is already granted!
07-10 01:36:25.667 11611 11645 I GrantPermissionCallable: Permission: android.permission.READ_EXTERNAL_STORAGE is already granted!
07-10 01:36:25.668 11611 11645 D Benchmark: -- Running org.jetbrains.android_benchmark.Wolf3dBenchmark#valueFloat --
07-10 01:36:25.668 11611 11645 D PerfettoCapture: Supported ABIs: arm64-v8a, armeabi-v7a, armeabi
07-10 01:36:25.668 11611 11645 D PerfettoCapture: Recording perfetto trace
07-10 01:36:25.708 11611 11645 I PerfettoCapture: Cleanup perfetto before starting.
07-10 01:36:25.920 11611 11645 I PerfettoCapture: Perfetto output file cleanup -
07-10 01:36:25.920 11611 11645 I PerfettoCapture: Starting perfetto tracing with cmd: cat /storage/emulated/0/Android/data/org.jetbrains.android_benchmark.test/cache/trace_config.pb | perfetto --background -c - -o /data/misc/perfetto-traces/trace_output.pb
07-10 01:36:25.963  6461  6566 D MobileStatusTracker(1/2): onDataActivity: direction=0
07-10 01:36:25.965  6461  6566 D MobileSignalController(1/2): notifyListener: enabled=true, connected=true, dataConnected=false, networkType=LTE (4G), emergencyOnly=false, roaming=false, isDefault=false, dataActivity=, level=3, ca=false, mmWave=false, disabledDataIcon=false, simCard=ETC
07-10 01:36:25.967  5353  6075 V APM_AudioPolicyManager: setAppState(portId:1005, state:1)
07-10 01:36:25.968  5674  5745 W libprocessgroup: Failed to open /dev/blkio//cgroup.procs: No such file or directory
07-10 01:36:25.991 25568 25568 I SCS@AiSearch user 0: (ObserverWorker::AOSP_MP) [main] entering in startWork():
07-10 01:36:25.991 25568 25568 I SCS@AiSearch user 0: (BaseCollector::AOSP_MP) [main] entering in onChange():
07-10 01:36:25.992 25568 25789 I SCS@AiSearch user 0: (BaseCollector::AOSP_MP) [AOSP_MP-0] entering in collectChanges():
07-10 01:36:26.004  5674  9956 D PackageManager: setEnabledSetting : userId = 0 packageName = com.samsung.android.scs cmp = androidx.work.impl.background.systemalarm.RescheduleReceiver newState = 1 callingPackage = 10380/com.samsung.android.scs
07-10 01:36:26.006  5674  9956 D ApplicationPolicy: getApplicationStateEnabled : pkg = com.samsung.android.scs userId : 0
07-10 01:36:26.008  5674  9956 D ApplicationPolicy: getApplicationComponentState : pkg = com.samsung.android.scs userId : 0
07-10 01:36:26.091 29237 29237 I perfetto:    perfetto_cmd.cc:1001 Connected to the Perfetto traced service, starting tracing
07-10 01:36:26.092  5436  5436 I perfetto: ing_service_impl.cc:953 Configured tracing session 337, #sources:4, duration:0 ms, #buffers:2, total buffer size:36864 KB, total sessions:1, uid:2000 session name: ""
07-10 01:36:26.093  5424  5424 I perfetto:  probes_producer.cc:139 Ftrace setup (target_buf=673)
07-10 01:36:26.140 11611 11645 I PerfettoCapture: Perfetto output - 29237
07-10 01:36:26.140 11611 11645 I PerfettoCapture: EXITCODE=0
07-10 01:36:26.164  4380  4380 I hwservicemanager: getTransport: Cannot find entry android.hardware.atrace@1.0::IAtraceDevice/default in either framework or device VINTF manifest.
07-10 01:36:26.183  5424  5424 I perfetto:    ftrace_procfs.cc:335 enabled ftrace in /sys/kernel/tracing/
07-10 01:36:26.208 25568 25789 I SCS@AiSearch user 0: (BaseCollector::AOSP_MP) fetchInternal values : maxSyncId: 1000028446 indexCount: 19466 sourceCount: 19466
07-10 01:36:26.281 11611 11645 I PerfettoCapture: Perfetto tracing started successfully with pid 29237.
07-10 01:36:26.326 25568 25789 I SCS@AiSearch user 0: (IndexManager) [AOSP_MP-0] entering in addIndex():
07-10 01:36:26.335 25568 25789 I SCS@AiSearch user 0: (BaseCollector::AOSP_MP) fetch: fetching took  241 ms
07-10 01:36:26.335 25568 25789 I SCS@AiSearch user 0: (BaseCollector::AOSP_MP) fetchChanges: applied 0 items
07-10 01:36:26.336 25568 25789 I SCS@AiSearch user 0: (BaseCollector::AOSP_MP) Collect finished. Result: true
07-10 01:36:26.339 25568 25626 I WM-WorkerWrapper: Worker result SUCCESS for Work [ id=259fdcf2-2009-42f2-8cb3-f10dae51e65c, tags={ com.sec.android.app.myfiles, com.samsung.android.scs.ai.search.data.collector.ObserverWorker } ]
07-10 01:36:26.347 25568 25789 I SCS@AiSearch user 0: (BaseCollector::AOSP_MP) enqueue ObserverWorker name: com.sec.android.app.myfiles, policy: APPEND_OR_REPLACE
07-10 01:36:26.356  5353  6075 V APM_AudioPolicyManager: setAppState(portId:1005, state:1)
07-10 01:36:26.373 11611 11645 I PerfettoCapture: /sys/kernel/tracing/tracing_on = 1, polled 0 times, capture fully started
07-10 01:36:26.375 11611 11645 D Benchmark: Set 11645 (Bench thread) to priority -20. Was -8, now -20
07-10 01:36:26.375 11611 11645 D Benchmark: Set 11624 (Jit) to priority -15. Was 9, now -15
07-10 01:36:26.379  5353  6075 V APM_AudioPolicyManager: setAppState(portId:1005, state:1)
07-10 01:36:26.410 11611 11645 I _benchmark.test: Explicit concurrent copying GC freed 13768(897KB) AllocSpace objects, 1(20KB) LOS objects, 66% free, 3037KB/9181KB, paused 415us,119us total 33.895ms
07-10 01:36:26.467  5674  9956 D PackageManager: setEnabledSetting : userId = 0 packageName = com.samsung.android.scs cmp = androidx.work.impl.background.systemalarm.RescheduleReceiver newState = 1 callingPackage = 10380/com.samsung.android.scs
07-10 01:36:26.468  5674  9956 D ApplicationPolicy: getApplicationStateEnabled : pkg = com.samsung.android.scs userId : 0
07-10 01:36:26.470  5674  9956 D ApplicationPolicy: getApplicationComponentState : pkg = com.samsung.android.scs userId : 0
07-10 01:36:26.989 31135 32652 I native  : I0000 00:00:1688945786.989092   32652 soda_async_impl.cc:1540] Current audio timestamp: 1688945786620242
07-10 01:36:27.141  5362  5362 I SurfaceFlinger: SFWD update time=136036511135276
07-10 01:36:27.597  5674  7726 D SemWifiUsabilityStatsMonitor: onWifiUsabilityStats - seqNum 22143, isSameBssidAndFreq true
07-10 01:36:27.601  5674  6128 I SemWifiLinkQualityMonitor: Link Qos Query: 0.046 ms / 175.500 Mbps (351 / 0.000 / 2.000)
07-10 01:36:28.770 31135 31447 I A       : (REDACTED) #onAudioData: %s bytes, getAudioReadSize %s
07-10 01:36:30.658  5674  7726 D SemWifiUsabilityStatsMonitor: onWifiUsabilityStats - seqNum 22144, isSameBssidAndFreq true
07-10 01:36:30.662  5674  6128 I SemWifiLinkQualityMonitor: Link Qos Query: 0.046 ms / 175.500 Mbps (351 / 0.000 / 2.000)
07-10 01:36:31.083 31135 31148 I hbox:interactor: Background concurrent copying GC freed 77849(7387KB) AllocSpace objects, 0(0B) LOS objects, 49% free, 7493KB/14MB, paused 270us,92us total 132.498ms
07-10 01:36:32.871  5325  5325 E sehhealth-service: Could not open /sys/class/power_supply/battery/lrp
07-10 01:36:33.003 30967 31717 I ContactsProvider_EventLog: cp_s: [CONTACT con(158) dat(1091) acc({sim(3)=15, sec(6)=1, sim2(4)=1, google(2)=81, org.telegram.messenger(236)=100, com.whatsapp(14)=41}) calls([logtype:100 cnt:877, logtype:200 cnt:5, logtype:300 cnt:495, logtype:1000 cnt:632, logtype:1150 cnt:161]) Iso(RS) uId(0) ]
07-10 01:36:33.003 30967 31717 I ContactsProvider_EventLog: cp_s: [ agr({[2 ,2 ,14 ,236]=1, [2 ,14 ,236]=32, [3]=15, [14]=1, [4]=1, [2 ,14]=4, [2 ,2]=2, [2]=34, [6 ,14]=1, [2 ,236]=3, [236]=62, [2 ,236 ,14]=2}) ]
07-10 01:36:33.003 30967 31717 I ContactsProvider_EventLog: cp_s: [ cnt({acore(30967)=1}) ]
07-10 01:36:33.003 30967 31717 I ContactsProvider_EventLog: cp_s: [PROFILE con(1) dat(1) acc({vnd.sec.contact.phone=1}) ] [SAPROFILE ]
07-10 01:36:33.003 30967 31717 I ContactsProvider_EventLog: cp_s: [STATE R(T) ]
07-10 01:36:33.155 29789 29258 I GmscoreIpa: Starting mediastore instant index [CONTEXT service_id=255 ]
07-10 01:36:33.703  5674  7726 D SemWifiUsabilityStatsMonitor: onWifiUsabilityStats - seqNum 22145, isSameBssidAndFreq true
07-10 01:36:33.705  5674  6128 I SemWifiLinkQualityMonitor: Link Qos Query: 0.046 ms / 175.500 Mbps (351 / 0.000 / 2.000)
07-10 01:36:34.749  5674  6055 D ConnectivityService: reportNetworkActive, notify 0 listeners
07-10 01:36:35.195  5674 29265 D TrafficStats: tagSocket(1006) with statsTag=0xffffffff, statsUid=-1
07-10 01:36:35.402  5674 29265 D WifiConnectivityMonitor.DnsThread:  [|209]
07-10 01:36:35.403  5674  6182 D WifiConnectivityMonitor.NetworkStatsAnalyzer: DNS resultType : 0, responseTime : 209
07-10 01:36:35.404  5674  6164 D OpenNetworkQos[4.00]: updateBssidLatestDnsResultType - result: 0
07-10 01:36:35.404  5674  6164 D OpenNetworkQos[4.00]: updateBssidNoInternet: mBssidNoInternet = false
07-10 01:36:35.404  5674  6164 D OpenNetworkQos[4.00]: getOpenNetworkQosNoInternetStatus: false
07-10 01:36:35.405  5674  6164 D OpenNetworkQos[4.00]: getOpenNetworkQosScores: 26 26 26
07-10 01:36:35.406  5674  6164 I WifiProfileShare: network QoS data was changed (internet), updateQoSData networkType: true, qosData: false
07-10 01:36:35.407  5674  7451 V WifiProfileShare.Caster: update wips network, size: 0
07-10 01:36:35.408  5674  7451 D WifiProfileShare: nearby scanning settings run
07-10 01:36:35.408  5674  7451 D WifiProfileShare: network score provider settings enabled
07-10 01:36:35.408  5674  7451 D OpenNetworkQos[4.00]: getOpenNetworkQosScores: 26 26 26
07-10 01:36:35.409  5674  7451 D OpenNetworkQos[4.00]: getOpenNetworkQosNoInternetStatus: false
07-10 01:36:35.409  5674  7451 I WifiProfileShare.Caster: current network type: 0, score: [26, 26, 26]
07-10 01:36:35.411  5674  7451 V WifiProfileShare.Cache: update network score 00:e4:06:**:**:90
07-10 01:36:35.412  5674  7451 D WifiProfileShare.ScanMatcher: getMcfDataList size:2
07-10 01:36:35.413  5674  7451 I WifiProfileShare.Caster: qos data was updated , before:type:QOS, pBssid:51:2e:90, qosData:7c after:type:QOS, pBssid:51:2e:90, qosData:7c
07-10 01:36:35.418  5674  7451 I [MCFSDK_android_1.2.4010]_4_b: isNetworkEnabled - type : 1 ret : true
07-10 01:36:35.418  5674  7451 D WifiProfileShare.McfCast: -ME--- mIsNetworkEnabled :true
07-10 01:36:35.419  5674  7451 D WifiProfileShare.McfCast: updateQoSData ignored, same contents
07-10 01:36:35.419  5674  7451 D WifiProfileShare.MCF: success update QosData !
07-10 01:36:35.421  5674  7451 I [MCFSDK_android_1.2.4010]_4_b: isNetworkEnabled - type : 1 ret : true
07-10 01:36:35.421  5674  7451 D WifiProfileShare.McfCast: -ME--- mIsNetworkEnabled :true
07-10 01:36:35.421  5674  7451 D WifiProfileShare.McfCast: -ME--- updatePasswordDate pwdData size:2
07-10 01:36:35.469  5353  6075 V APM_AudioPolicyManager: setAppState(portId:1005, state:1)
07-10 01:36:35.491  5674  5745 W libprocessgroup: Failed to open /dev/blkio//cgroup.procs: No such file or directory
07-10 01:36:35.493  5674  5745 W libprocessgroup: Failed to open /dev/blkio//cgroup.procs: No such file or directory
07-10 01:36:35.494  5353  6075 V APM_AudioPolicyManager: setAppState(portId:1005, state:1)
07-10 01:36:35.533  5353  6075 V APM_AudioPolicyManager: setAppState(portId:1005, state:1)
07-10 01:36:35.540  5353  6075 V APM_AudioPolicyManager: setAppState(portId:1005, state:1)
07-10 01:36:35.572  5353  6075 V APM_AudioPolicyManager: setAppState(portId:1005, state:1)
07-10 01:36:35.576  5353  6075 V APM_AudioPolicyManager: setAppState(portId:1005, state:1)
07-10 01:36:36.735  5674  7726 D SemWifiUsabilityStatsMonitor: onWifiUsabilityStats - seqNum 22146, isSameBssidAndFreq true
07-10 01:36:36.741  5674  6128 I SemWifiLinkQualityMonitor: Link Qos Query: 0.046 ms / 175.500 Mbps (351 / 0.000 / 2.000)
07-10 01:36:36.741  6461  6461 D NetworkController.WifiSignalController: notifyListener: visible=true, connected=true, inetCondition=1, isDefault=true, wifiTestReported=true, receivedInetCondition=-1, hideDuringMobileSwitching=false
07-10 01:36:37.943  5674  9851 D PackageManager: setEnabledSetting : userId = 0 packageName = com.Slack cmp = androidx.work.impl.background.systemalarm.RescheduleReceiver newState = 1 callingPackage = 10329/com.Slack
07-10 01:36:37.945  5674  9851 D ApplicationPolicy: getApplicationStateEnabled : pkg = com.Slack userId : 0
07-10 01:36:37.947  5674  9851 D ApplicationPolicy: getApplicationComponentState : pkg = com.Slack userId : 0
07-10 01:36:37.966  5353  6075 V APM_AudioPolicyManager: setAppState(portId:1005, state:1)
07-10 01:36:37.969  5674  5745 W libprocessgroup: Failed to open /dev/blkio//cgroup.procs: No such file or directory
07-10 01:36:37.981 25156 25218 D ConnectivityManager: StackLog: [android.net.ConnectivityManager.sendRequestForNetwork(ConnectivityManager.java:4300)] [android.net.ConnectivityManager.registerDefaultNetworkCallbackForUid(ConnectivityManager.java:4864)] [android.net.ConnectivityManager.registerDefaultNetworkCallback(ConnectivityManager.java:4831)] [android.net.ConnectivityManager.registerDefaultNetworkCallback(ConnectivityManager.java:4805)] [androidx.work.impl.utils.NetworkApi24.registerDefaultNetworkCallbackCompat(Unknown Source:11)] [androidx.work.impl.constraints.trackers.NetworkStateTracker24.startTracking(Unknown Source:15)] [androidx.work.impl.constraints.controllers.ConstraintController.replace(Unknown Source:130)] [androidx.work.impl.constraints.WorkConstraintsTrackerImpl.replace(Unknown Source:41)] [androidx.work.impl.background.greedy.GreedyScheduler.schedule(Unknown Source:302)] [androidx.work.impl.Schedulers.schedule(Unknown Source:155)] [androidx.work.impl.utils.EnqueueRunnable.run(Unknown Source:53)] [androidx.work.Worker$2.run$androidx$work$impl$utils$SerialExecutorImpl$Task(Unknown Source:4)] [androidx.work.Worker$2.run(Unknown Source:868)] [java.util.concurrent.ThreadPoolExecutor.runWorker(ThreadPoolExecutor.java:1137)] [java.util.concurrent.ThreadPoolExecutor$Worker.run(ThreadPoolExecutor.java:637)] [java.lang.Thread.run(Thread.java:1012)]
07-10 01:36:37.983  5674  9851 D ConnectivityService: requestNetwork for uid/pid:10329/25156 activeRequest: null callbackRequest: 16775 [NetworkRequest [ REQUEST id=16776, [ Capabilities: INTERNET&NOT_RESTRICTED&TRUSTED&NOT_VCN_MANAGED Uid: 10329 RequestorUid: 10329 RequestorPkg: com.Slack UnderlyingNetworks: Null] ]] callback flags: 0 order: 2147483647
07-10 01:36:37.985  5674  6055 D ConnectivityService:    accepting network in place of null
07-10 01:36:37.992  5674  6045 D WifiNetworkFactory: got request NetworkRequest [ REQUEST id=16776, [ Capabilities: INTERNET&NOT_RESTRICTED&TRUSTED&NOT_VCN_MANAGED Uid: 10329 RequestorUid: 10329 RequestorPkg: com.Slack UnderlyingNetworks: Null] ]
07-10 01:36:37.993  5674  6045 D UntrustedWifiNetworkFactory: got request NetworkRequest [ REQUEST id=16776, [ Capabilities: INTERNET&NOT_RESTRICTED&TRUSTED&NOT_VCN_MANAGED Uid: 10329 RequestorUid: 10329 RequestorPkg: com.Slack UnderlyingNetworks: Null] ]
07-10 01:36:37.995  5674  6045 D OemPaidWifiNetworkFactory: got request NetworkRequest [ REQUEST id=16776, [ Capabilities: INTERNET&NOT_RESTRICTED&TRUSTED&NOT_VCN_MANAGED Uid: 10329 RequestorUid: 10329 RequestorPkg: com.Slack UnderlyingNetworks: Null] ]
07-10 01:36:37.996  5674  6045 D MultiInternetWifiNetworkFactory: got request NetworkRequest [ REQUEST id=16776, [ Capabilities: INTERNET&NOT_RESTRICTED&TRUSTED&NOT_VCN_MANAGED Uid: 10329 RequestorUid: 10329 RequestorPkg: com.Slack UnderlyingNetworks: Null] ]
07-10 01:36:38.003  5674  6055 D ConnectivityService: Rematched networks [computed 1ms] [applied 2ms] [issued 16]
07-10 01:36:38.003  5674  6055 D ConnectivityService: NetworkReassignment :
07-10 01:36:38.003  5674  6055 D ConnectivityService:   16776 : null → 118
07-10 01:36:38.011 25156 25156 D ConnectivityManager: StackLog: [android.net.ConnectivityManager.unregisterNetworkCallback(ConnectivityManager.java:4972)] [androidx.work.impl.utils.NetworkApi21.unregisterNetworkCallbackCompat(Unknown Source:11)] [androidx.work.impl.constraints.trackers.NetworkStateTracker24.stopTracking(Unknown Source:15)] [androidx.work.impl.constraints.trackers.ConstraintTracker.removeListener(Unknown Source:24)] [androidx.work.impl.constraints.controllers.ConstraintController.replace(Unknown Source:81)] [androidx.work.impl.constraints.WorkConstraintsTrackerImpl.replace(Unknown Source:41)] [androidx.work.impl.background.greedy.GreedyScheduler.onExecuted(Unknown Source:55)] [androidx.work.impl.Processor.onExecuted(Unknown Source:59)] [com.bugsnag.android.DeliveryDelegate$1.run(Unknown Source:212)]
07-10 01:36:38.012  5674  6055 D ConnectivityService:  Removing from current network [118 WIFI], leaving 157 requests.
07-10 01:36:38.020  5353  6075 V APM_AudioPolicyManager: setAppState(portId:1005, state:1)
07-10 01:36:38.023  5353  6075 V APM_AudioPolicyManager: setAppState(portId:1005, state:1)
07-10 01:36:39.765  6429  6543 I System.out: Broadcasting: Intent { act=com.sec.intent.action.SARDEVICE_CP flg=0x10000000 (has extras) }
07-10 01:36:39.773  5674  5866 D MotionRecognitionService: [SAR]  onReceive : SARDEVICE_CP, callAction = off deviceID = 3 slot = 1 device_ext = 0
07-10 01:36:39.774  5674  5866 I MotionRecognitionService: [SAR] id : 0 cmd :off
07-10 01:36:39.774  5674  5866 I MotionRecognitionService: [SAR] A96T3X6 Grip sensor disableSensor : true
07-10 01:36:39.774  5674  5866 I MotionRecognitionService: [SAR] A96T3X6 Grip sensorsetTunerGrip 8589934592 , state: false
07-10 01:36:39.786  5674  5866 D MotionRecognitionService: [SAR] set setTransmitPowerExt  value : 8589934592 : false
07-10 01:36:39.786  5674  5866 I MotionRecognitionService: [SAR] tunerGrip is 8589934592, state : false
07-10 01:36:39.786  5674  5866 I MotionRecognitionService: [SAR] A96T3X6 Grip sensorsetTunerGrip 17179869184 , state: false
07-10 01:36:39.793  5674  7726 D SemWifiUsabilityStatsMonitor: onWifiUsabilityStats - seqNum 22147, isSameBssidAndFreq true
07-10 01:36:39.799  5674  6128 I SemWifiLinkQualityMonitor: Link Qos Query: 0.114 ms / 70.200 Mbps (351 / 0.000 / 5.000)
07-10 01:36:39.805  5674  5866 D MotionRecognitionService: [SAR] set setTransmitPowerExt  value : 17179869184 : false
07-10 01:36:39.805  5674  5866 I MotionRecognitionService: [SAR] tunerGrip is 17179869184, state : false
07-10 01:36:39.806  5674  5866 D SensorService: Calling activate off 33554443
07-10 01:36:39.808  5306  5306 I SensorsGrip: [grip_sensor] enable: GripSensor: enable handle = 11 en = 0
07-10 01:36:39.809  5306  5306 E SensorsGrip: [grip_sensor] enable: mEnabled : 0, first_grip_event : 1
07-10 01:36:39.811  5674  5866 D SensorManager: unregisterListener :: com.samsung.android.gesture.MotionRecognitionSAR$GripSensorWrapper$1@5e43848
07-10 01:36:39.811  5674  5866 I MotionRecognitionService: [SAR] A96T3X6 Grip sensor disable channel 0 : 0 , channel 1 : 0
07-10 01:36:39.812  5674  5866 I MotionRecognitionService: [SAR] A96T3X6_SUB Grip sensor for sub disableSensor : true
07-10 01:36:39.812  5674  5866 I MotionRecognitionService: [SAR] A96T3X6_SUB Grip sensor for subsetTunerGrip 8589934592 , state: false
07-10 01:36:39.822  5674  5866 D MotionRecognitionService: [SAR] set setTransmitPowerExt  value : 8589934592 : false
07-10 01:36:39.822  5674  5866 I MotionRecognitionService: [SAR] tunerGrip is 8589934592, state : false
07-10 01:36:39.822  5674  5866 I MotionRecognitionService: [SAR] A96T3X6_SUB Grip sensor for subsetTunerGrip 17179869184 , state: false
07-10 01:36:39.834  5674  5866 D MotionRecognitionService: [SAR] set setTransmitPowerExt  value : 17179869184 : false
07-10 01:36:39.834  5674  5866 I MotionRecognitionService: [SAR] tunerGrip is 17179869184, state : false
07-10 01:36:39.835  5674  5866 D SensorService: Calling activate off 33554450
07-10 01:36:39.835  5306  5306 I SensorsGrip: [grip_sensor_sub] enable: GripSensor: enable handle = 18 en = 0
07-10 01:36:39.836  5306  5306 E SensorsGrip: [grip_sensor_sub] enable: mEnabled : 0, first_grip_event : 1
07-10 01:36:39.837  5674  5866 D SensorManager: unregisterListener :: com.samsung.android.gesture.MotionRecognitionSAR$GripSensorWrapper$1@5817aa8
07-10 01:36:39.837  5674  5866 I MotionRecognitionService: [SAR] A96T3X6_SUB Grip sensor for sub disable channel 0 : 0 , channel 1 : 0
07-10 01:36:39.837  5674  5866 I MotionRecognitionService: [SAR] id : 1 cmd :off
07-10 01:36:39.838  6429  6441 I System.out: Broadcast completed: result=0
07-10 01:36:42.844  5674  7726 D SemWifiUsabilityStatsMonitor: onWifiUsabilityStats - seqNum 22148, isSameBssidAndFreq true
07-10 01:36:42.849  5674  6128 I SemWifiLinkQualityMonitor: Link Qos Query: 0.055 ms / 146.000 Mbps (292 / 0.000 / 2.000)
07-10 01:36:44.651  5262  5262 E audit   : type=1400 audit(1688945804.649:70103): avc:  denied  { getattr } for  pid=5674 comm="BinderProcsColl" path="/sys/kernel/debug/binder/proc/5674" dev="debugfs" ino=32119 scontext=u:r:system_server:s0 tcontext=u:object_r:sec_debugfs:s0 tclass=file permissive=0 SEPF_SM-A515F_13_0001 audit_filtered
07-10 01:36:44.652  5262  5262 E audit   : type=1300 audit(1688945804.649:70103): arch=c00000b7 syscall=79 success=no exit=-13 a0=ffffff9c a1=7af05257a0 a2=79d539b680 a3=0 items=0 ppid=5287 pid=5674 auid=4294967295 uid=1000 gid=1000 euid=1000 suid=1000 fsuid=1000 egid=1000 sgid=1000 fsgid=1000 tty=(none) ses=4294967295 comm="BinderProcsColl" exe="/system/bin/app_process64" subj=u:r:system_server:s0 key=(null)
07-10 01:36:44.652  5262  5262 E audit   : type=1327 audit(1688945804.649:70103): proctitle="system_server"
07-10 01:36:45.894  5674  7726 D SemWifiUsabilityStatsMonitor: onWifiUsabilityStats - seqNum 22149, isSameBssidAndFreq true
07-10 01:36:45.898  5674  6128 I SemWifiLinkQualityMonitor: Link Qos Query: 0.046 ms / 175.500 Mbps (351 / 0.000 / 2.000)
07-10 01:36:48.736  5674  5674 W ServiceConnector.Impl: mayInterruptIfRunning not supported - ignoring
07-10 01:36:48.944  5674  7726 D SemWifiUsabilityStatsMonitor: onWifiUsabilityStats - seqNum 22150, isSameBssidAndFreq true
07-10 01:36:48.946  5674  6055 D ConnectivityService: notifyType CALLBACK_CAP_CHANGED for [118 WIFI]
07-10 01:36:48.948  5674  6128 I SemWifiLinkQualityMonitor: Link Qos Query: 0.046 ms / 175.500 Mbps (351 / 0.000 / 2.000)
07-10 01:36:48.948  6461  6461 D NetworkController.WifiSignalController: notifyListener: visible=true, connected=true, inetCondition=1, isDefault=true, wifiTestReported=true, receivedInetCondition=-1, hideDuringMobileSwitching=false
07-10 01:36:48.955  5674  6086 D SemWifiSwitchForIndividualAppsService: stopTCPMonitoring : already stopped
07-10 01:36:48.956  5674  6086 I WifiConnectivityMonitor.NCC: sNetworkCallback(oCC) FULL : 118(true/false)[ Transports: WIFI Capabilities: NOT_METERED&INTERNET&NOT_RESTRICTED&TRUSTED&NOT_VPN&VALIDATED&NOT_ROAMING&FOREGROUND&NOT_CONGESTED&NOT_SUSPENDED&NOT_VCN_MANAGED LinkUpBandwidth>=15762Kbps LinkDnBandwidth>=38308Kbps TransportInfo: <SSID: <unknown ssid>, BSSID: 02:00:00:**:**:00, MAC: 02:00:00:**:**:00, IP: /192.168.1.19, Security type: 2, Supplicant state: COMPLETED, Wi-Fi standard: 5, RSSI: -64, Link speed: 351Mbps, Tx Link speed: 351Mbps, Max Supported Tx Link speed: 433Mbps, Rx Link speed: 6Mbps, Max Supported Rx Link speed: 433Mbps, Frequency: 5180MHz, Net ID: -1, Metered hint: false, score: 60, isUsable: true, CarrierMerged: false, SubscriptionId: -1, IsPrimary: 1, Trusted: true, Restricted: false, Ephemeral: false, OEM paid: false, OEM private: false, OSU AP: false, FQDN: <none>, Provider friendly name: <none>, Requesting package name: <none><none>MLO Information: , AP MLD Address: <none>, AP MLO Link Id: <none>, AP MLO Affiliated links: <none>> SignalStrength: -64 AdminUids: [1000] SSID: "Talija" UnderlyingNetworks: Null]
07-10 01:36:48.956  5674  6164 I WifiConnectivityMonitor: current mode : 1
07-10 01:36:48.957  5674  6164 D OpenNetworkQos[4.00]: updateBssidNoInternet: mBssidNoInternet = false
07-10 01:36:48.957  5674  6164 D OpenNetworkQos[4.00]: getOpenNetworkQosNoInternetStatus: false
07-10 01:36:48.957  5674  6164 D OpenNetworkQos[4.00]: getOpenNetworkQosScores: 26 26 26
07-10 01:36:48.958  5674  6164 I WifiProfileShare: network QoS data was changed (internet), updateQoSData networkType: true, qosData: false
07-10 01:36:48.959  5674  7451 V WifiProfileShare.Caster: update wips network, size: 0
07-10 01:36:48.959  5674  7451 D WifiProfileShare: nearby scanning settings run
07-10 01:36:48.959  5674  7451 D WifiProfileShare: network score provider settings enabled
07-10 01:36:48.960  5674  7451 D OpenNetworkQos[4.00]: getOpenNetworkQosScores: 26 26 26
07-10 01:36:48.960  5674  7451 D OpenNetworkQos[4.00]: getOpenNetworkQosNoInternetStatus: false
07-10 01:36:48.960  5674  7451 I WifiProfileShare.Caster: current network type: 0, score: [26, 26, 26]
07-10 01:36:48.961  5674  7451 V WifiProfileShare.Cache: update network score 00:e4:06:**:**:90
07-10 01:36:48.961  5674  7451 D WifiProfileShare.ScanMatcher: getMcfDataList size:2
07-10 01:36:48.963  5674  7451 I WifiProfileShare.Caster: qos data was updated , before:type:QOS, pBssid:51:2e:90, qosData:7c after:type:QOS, pBssid:51:2e:90, qosData:7c
07-10 01:36:48.965  5674  7451 I [MCFSDK_android_1.2.4010]_4_b: isNetworkEnabled - type : 1 ret : true
07-10 01:36:48.965  5674  7451 D WifiProfileShare.McfCast: -ME--- mIsNetworkEnabled :true
07-10 01:36:48.965  5674  7451 D WifiProfileShare.McfCast: updateQoSData ignored, same contents
07-10 01:36:48.965  5674  7451 D WifiProfileShare.MCF: success update QosData !
07-10 01:36:48.967  5674  7451 I [MCFSDK_android_1.2.4010]_4_b: isNetworkEnabled - type : 1 ret : true
07-10 01:36:48.967  5674  7451 D WifiProfileShare.McfCast: -ME--- mIsNetworkEnabled :true
07-10 01:36:48.967  5674  7451 D WifiProfileShare.McfCast: -ME--- updatePasswordDate pwdData size:2
07-10 01:36:48.999  6461  6566 D NetworkController.WifiSignalController: notifyListener: visible=true, connected=true, inetCondition=1, isDefault=true, wifiTestReported=true, receivedInetCondition=-1, hideDuringMobileSwitching=false
07-10 01:36:48.999 16924 16967 I ChimeraSrvcProxy: NullBinder for android.net.action.RECOMMEND_NETWORKS triggering remote TransactionTooLargeException due to Service without Chimera impl
07-10 01:36:48.999 16924 16967 W .gms.persistent: Large reply transaction of 1056768 bytes, interface descriptor , code 1
07-10 01:36:52.003  5674  6055 D ConnectivityService: notifyType CALLBACK_CAP_CHANGED for [118 WIFI]
07-10 01:36:52.003  5674  7726 D SemWifiUsabilityStatsMonitor: onWifiUsabilityStats - seqNum 22151, isSameBssidAndFreq true
07-10 01:36:52.009  5674  6086 D SemWifiSwitchForIndividualAppsService: stopTCPMonitoring : already stopped
07-10 01:36:52.011  5674  6086 I WifiConnectivityMonitor.NCC: sNetworkCallback(oCC) FULL : 118(true/false)[ Transports: WIFI Capabilities: NOT_METERED&INTERNET&NOT_RESTRICTED&TRUSTED&NOT_VPN&VALIDATED&NOT_ROAMING&FOREGROUND&NOT_CONGESTED&NOT_SUSPENDED&NOT_VCN_MANAGED LinkUpBandwidth>=38087Kbps LinkDnBandwidth>=48162Kbps TransportInfo: <SSID: <unknown ssid>, BSSID: 02:00:00:**:**:00, MAC: 02:00:00:**:**:00, IP: /192.168.1.19, Security type: 2, Supplicant state: COMPLETED, Wi-Fi standard: 5, RSSI: -63, Link speed: 351Mbps, Tx Link speed: 351Mbps, Max Supported Tx Link speed: 433Mbps, Rx Link speed: 6Mbps, Max Supported Rx Link speed: 433Mbps, Frequency: 5180MHz, Net ID: -1, Metered hint: false, score: 60, isUsable: true, CarrierMerged: false, SubscriptionId: -1, IsPrimary: 1, Trusted: true, Restricted: false, Ephemeral: false, OEM paid: false, OEM private: false, OSU AP: false, FQDN: <none>, Provider friendly name: <none>, Requesting package name: <none><none>MLO Information: , AP MLD Address: <none>, AP MLO Link Id: <none>, AP MLO Affiliated links: <none>> SignalStrength: -63 AdminUids: [1000] SSID: "Talija" UnderlyingNetworks: Null]
07-10 01:36:52.012  5674  6128 I SemWifiLinkQualityMonitor: Link Qos Query: 0.046 ms / 175.500 Mbps (351 / 0.000 / 2.000)
07-10 01:36:52.013  5674  6164 I WifiConnectivityMonitor: current mode : 1
07-10 01:36:52.013  5674  6164 D OpenNetworkQos[4.00]: updateBssidNoInternet: mBssidNoInternet = false
07-10 01:36:52.013  5674  6164 D OpenNetworkQos[4.00]: getOpenNetworkQosNoInternetStatus: false
07-10 01:36:52.013  5674  6164 D OpenNetworkQos[4.00]: getOpenNetworkQosScores: 26 26 26
07-10 01:36:52.015  5674  6164 I WifiProfileShare: network QoS data was changed (internet), updateQoSData networkType: true, qosData: false
07-10 01:36:52.017  5674  7451 V WifiProfileShare.Caster: update wips network, size: 0
07-10 01:36:52.017  5674  7451 D WifiProfileShare: nearby scanning settings run
07-10 01:36:52.017  5674  7451 D WifiProfileShare: network score provider settings enabled
07-10 01:36:52.017  5674  7451 D OpenNetworkQos[4.00]: getOpenNetworkQosScores: 26 26 26
07-10 01:36:52.018  5674  7451 D OpenNetworkQos[4.00]: getOpenNetworkQosNoInternetStatus: false
07-10 01:36:52.019  5674  7451 I WifiProfileShare.Caster: current network type: 0, score: [26, 26, 26]
07-10 01:36:52.020  5674  7451 V WifiProfileShare.Cache: update network score 00:e4:06:**:**:90
07-10 01:36:52.020  5674  7451 D WifiProfileShare.ScanMatcher: getMcfDataList size:2
07-10 01:36:52.021  5674  7451 I WifiProfileShare.Caster: qos data was updated , before:type:QOS, pBssid:51:2e:90, qosData:7c after:type:QOS, pBssid:51:2e:90, qosData:7c
07-10 01:36:52.022  5674  7451 I [MCFSDK_android_1.2.4010]_4_b: isNetworkEnabled - type : 1 ret : true
07-10 01:36:52.023  5674  7451 D WifiProfileShare.McfCast: -ME--- mIsNetworkEnabled :true
07-10 01:36:52.023  5674  7451 D WifiProfileShare.McfCast: updateQoSData ignored, same contents
07-10 01:36:52.023  5674  7451 D WifiProfileShare.MCF: success update QosData !
07-10 01:36:52.024  5674  7451 I [MCFSDK_android_1.2.4010]_4_b: isNetworkEnabled - type : 1 ret : true
07-10 01:36:52.024  5674  7451 D WifiProfileShare.McfCast: -ME--- mIsNetworkEnabled :true
07-10 01:36:52.024  5674  7451 D WifiProfileShare.McfCast: -ME--- updatePasswordDate pwdData size:2
07-10 01:36:52.031  6461  6566 D NetworkController.WifiSignalController: notifyListener: visible=true, connected=true, inetCondition=1, isDefault=true, wifiTestReported=true, receivedInetCondition=-1, hideDuringMobileSwitching=false
07-10 01:36:52.035 16924 18045 I ChimeraSrvcProxy: NullBinder for android.net.action.RECOMMEND_NETWORKS triggering remote TransactionTooLargeException due to Service without Chimera impl
07-10 01:36:52.035 16924 18045 W .gms.persistent: Large reply transaction of 1056768 bytes, interface descriptor , code 1
07-10 01:36:52.564  6461  6566 D MobileStatusTracker(1/2): onSignalStrengthsChanged level=3, vendorLevel=2
07-10 01:36:52.568  6461  6566 D MobileSignalController(1/2): notifyListener: enabled=true, connected=true, dataConnected=false, networkType=LTE (4G), emergencyOnly=false, roaming=false, isDefault=false, dataActivity=, level=2, ca=false, mmWave=false, disabledDataIcon=false, simCard=ETC
07-10 01:36:52.574  6461  6566 D NetworkController: SignalStrength from intent slotId=1
07-10 01:36:55.052  5674  7726 D SemWifiUsabilityStatsMonitor: onWifiUsabilityStats - seqNum 22152, isSameBssidAndFreq true
07-10 01:36:55.055  5674  6128 I SemWifiLinkQualityMonitor: Link Qos Query: 0.046 ms / 175.500 Mbps (351 / 0.000 / 2.000)
07-10 01:36:56.988 31135 32652 I native  : I0000 00:00:1688945816.988565   32652 soda_async_impl.cc:1540] Current audio timestamp: 1688945816620242
07-10 01:36:57.141  5362  5362 I SurfaceFlinger: SFWD update time=136066511816485
07-10 01:36:58.097  5674  7726 D SemWifiUsabilityStatsMonitor: onWifiUsabilityStats - seqNum 22153, isSameBssidAndFreq true
07-10 01:36:58.099  5674  6128 I SemWifiLinkQualityMonitor: Link Qos Query: 0.046 ms / 175.500 Mbps (351 / 0.000 / 2.000)
07-10 01:36:58.771 31135 31454 I A       : (REDACTED) #onAudioData: %s bytes, getAudioReadSize %s
07-10 01:36:59.989  5353  6075 V APM_AudioPolicyManager: setAppState(portId:1005, state:1)
07-10 01:36:59.990  5353  6075 V APM_AudioPolicyManager: setAppState(portId:1005, state:1)
07-10 01:37:00.006  6461  6461 D KeyguardUpdateMonitor: received broadcast android.intent.action.TIME_TICK
07-10 01:37:00.008  6461  6461 D KeyguardUpdateMonitor: handleTimeUpdate
07-10 01:37:00.015  6461  7078 D QSClockBellTower: onReceive(android.intent.action.TIME_TICK) mTimeZoneString:null
07-10 01:37:00.016  6461  6461 D FaceWidgetPagesController: onTimeChanged()
07-10 01:37:00.078  6461  6461 D QSClockBellTower: He is ready to ring the bell. (((QSClockBellSound - TimeText:01:37, TimeContentDescription:01:37, DateText:Mon, 10 July, ShortDateText:Mon, 10 Jul, Demo:false, QuickStar-Second(false|12:34:56))))
07-10 01:37:00.079  6461  6461 D QSClockIndicatorView: Home Indicator status_bar_clock 01:37 notifyTimeChanged(QSClockBellSound - TimeText:01:37, TimeContentDescription:01:37, DateText:Mon, 10 July, ShortDateText:Mon, 10 Jul, Demo:false, QuickStar-Second(false|12:34:56)) ClockVisibleByPolicy:true, ClockVisibleByUser:true, visible?false, parent:android.widget.LinearLayout{503272 V.E...... ........ 0,0-0,55 #7f0b04f0 app:id/left_clock_container}
07-10 01:37:00.080  6461  6461 D QSClockBellTower: Everyone heard the bell. run(currentTime:1688945820075,   getTime():Mon Jul 10 01:37:00 GMT+02:00 2023,   getTimeZone():libcore.util.ZoneInfo[mDstSavings=3600000,mUseDst=true,mDelegate=[id="Europe/Belgrade",mRawOffset=3600000,mEarliestRawOffset=4920000,transitions=119]])
07-10 01:37:00.086  6461  6461 I FaceWidgetPositionAlgorithm: getClockContainerHeight() supplier = 270, bottom margin = 0, real height = 333
07-10 01:37:00.086  6461  6461 I FaceWidgetPositionAlgorithm: getClockContainerHeight() supplier = 270, bottom margin = 63, real height = 333
07-10 01:37:00.086  6461  6461 I FaceWidgetPositionAlgorithm: getMediaContainerHeight() height = 0 container Visibility = 8, isValid = false, mIsDozing = false, fraction = 1.0, source = 0, target = 0
07-10 01:37:00.086  6461  6461 I FaceWidgetPositionAlgorithm: getMediaContainerHeight() supplier = 0
07-10 01:37:00.090  6461  6461 V QsExpandAnimator: setQsExpansionPosition 0.0
07-10 01:37:00.095  6461  6461 V QsExpandAnimator: updateAnimators
07-10 01:37:00.095  6461  6461 V QsExpandAnimator: clearAnimationState
07-10 01:37:00.095  6461  6461 V QsExpandAnimator: updateViews
07-10 01:37:00.097  6461  6461 V QsExpandAnimator: updateTileAnimator
07-10 01:37:00.098  6461  6461 V QsExpandAnimator: updateHeaderAnimator
07-10 01:37:00.098  6461  6461 V QsExpandAnimator: updateBarAnimator
07-10 01:37:00.098  6461  6461 V QsExpandAnimator: setQsExpansionPosition 0.0
07-10 01:37:00.098  6461  6461 V QsExpandAnimator: onAnimationAtStart
07-10 01:37:00.701  5674  6112 I ChimeraAggressivePolicyHandler: executePolicy() - triggerSource: TRIGGER_SOURCE_LMKD
07-10 01:37:00.708  5674  6112 I ChimeraAggressivePolicyHandler: available memory: 988180, free memory target: 870400, quit chimera
07-10 01:37:01.147  5674  7726 D SemWifiUsabilityStatsMonitor: onWifiUsabilityStats - seqNum 22154, isSameBssidAndFreq true
07-10 01:37:01.148  5674  6055 D ConnectivityService: notifyType CALLBACK_CAP_CHANGED for [118 WIFI]
07-10 01:37:01.150  5674  6128 I SemWifiLinkQualityMonitor: Link Qos Query: 0.046 ms / 175.500 Mbps (351 / 0.000 / 2.000)
07-10 01:37:01.153  5674  6086 D SemWifiSwitchForIndividualAppsService: stopTCPMonitoring : already stopped
07-10 01:37:01.154  5674  6086 I WifiConnectivityMonitor.NCC: sNetworkCallback(oCC) FULL : 118(true/false)[ Transports: WIFI Capabilities: NOT_METERED&INTERNET&NOT_RESTRICTED&TRUSTED&NOT_VPN&VALIDATED&NOT_ROAMING&FOREGROUND&NOT_CONGESTED&NOT_SUSPENDED&NOT_VCN_MANAGED LinkUpBandwidth>=15762Kbps LinkDnBandwidth>=38308Kbps TransportInfo: <SSID: <unknown ssid>, BSSID: 02:00:00:**:**:00, MAC: 02:00:00:**:**:00, IP: /192.168.1.19, Security type: 2, Supplicant state: COMPLETED, Wi-Fi standard: 5, RSSI: -64, Link speed: 351Mbps, Tx Link speed: 351Mbps, Max Supported Tx Link speed: 433Mbps, Rx Link speed: 6Mbps, Max Supported Rx Link speed: 433Mbps, Frequency: 5180MHz, Net ID: -1, Metered hint: false, score: 60, isUsable: true, CarrierMerged: false, SubscriptionId: -1, IsPrimary: 1, Trusted: true, Restricted: false, Ephemeral: false, OEM paid: false, OEM private: false, OSU AP: false, FQDN: <none>, Provider friendly name: <none>, Requesting package name: <none><none>MLO Information: , AP MLD Address: <none>, AP MLO Link Id: <none>, AP MLO Affiliated links: <none>> SignalStrength: -64 AdminUids: [1000] SSID: "Talija" UnderlyingNetworks: Null]
07-10 01:37:01.156  5674  6164 I WifiConnectivityMonitor: current mode : 1
07-10 01:37:01.156  5674  6164 D OpenNetworkQos[4.00]: updateBssidNoInternet: mBssidNoInternet = false
07-10 01:37:01.156  5674  6164 D OpenNetworkQos[4.00]: getOpenNetworkQosNoInternetStatus: false
07-10 01:37:01.156  5674  6164 D OpenNetworkQos[4.00]: getOpenNetworkQosScores: 26 26 26
07-10 01:37:01.158  5674  6164 I WifiProfileShare: network QoS data was changed (internet), updateQoSData networkType: true, qosData: false
07-10 01:37:01.159  5674  7451 V WifiProfileShare.Caster: update wips network, size: 0
07-10 01:37:01.159  5674  7451 D WifiProfileShare: nearby scanning settings run
07-10 01:37:01.160  5674  7451 D WifiProfileShare: network score provider settings enabled
07-10 01:37:01.160  5674  7451 D OpenNetworkQos[4.00]: getOpenNetworkQosScores: 26 26 26
07-10 01:37:01.160  5674  7451 D OpenNetworkQos[4.00]: getOpenNetworkQosNoInternetStatus: false
07-10 01:37:01.160  5674  7451 I WifiProfileShare.Caster: current network type: 0, score: [26, 26, 26]
07-10 01:37:01.161  5674  7451 V WifiProfileShare.Cache: update network score 00:e4:06:**:**:90
07-10 01:37:01.165  5674  7451 D WifiProfileShare.ScanMatcher: getMcfDataList size:2
07-10 01:37:01.165  5674  7451 I WifiProfileShare.Caster: qos data was updated , before:type:QOS, pBssid:51:2e:90, qosData:7c after:type:QOS, pBssid:51:2e:90, qosData:7c
07-10 01:37:01.175 16924 16967 I ChimeraSrvcProxy: NullBinder for android.net.action.RECOMMEND_NETWORKS triggering remote TransactionTooLargeException due to Service without Chimera impl
07-10 01:37:01.175 16924 16967 W .gms.persistent: Large reply transaction of 1056768 bytes, interface descriptor , code 1
07-10 01:37:01.176  5674  7451 I [MCFSDK_android_1.2.4010]_4_b: isNetworkEnabled - type : 1 ret : true
07-10 01:37:01.176  5674  7451 D WifiProfileShare.McfCast: -ME--- mIsNetworkEnabled :true
07-10 01:37:01.176  5674  7451 D WifiProfileShare.McfCast: updateQoSData ignored, same contents
07-10 01:37:01.176  5674  7451 D WifiProfileShare.MCF: success update QosData !
07-10 01:37:01.178  5674  7451 I [MCFSDK_android_1.2.4010]_4_b: isNetworkEnabled - type : 1 ret : true
07-10 01:37:01.178  5674  7451 D WifiProfileShare.McfCast: -ME--- mIsNetworkEnabled :true
07-10 01:37:01.178  5674  7451 D WifiProfileShare.McfCast: -ME--- updatePasswordDate pwdData size:2
07-10 01:37:01.180  6461  6566 D NetworkController.WifiSignalController: notifyListener: visible=true, connected=true, inetCondition=1, isDefault=true, wifiTestReported=true, receivedInetCondition=-1, hideDuringMobileSwitching=false
07-10 01:37:02.315  5674  6055 D ConnectivityService: reportNetworkActive, notify 0 listeners
07-10 01:37:02.902  5325  5325 E sehhealth-service: Could not open /sys/class/power_supply/battery/lrp
07-10 01:37:04.200  5674  7726 D SemWifiUsabilityStatsMonitor: onWifiUsabilityStats - seqNum 22155, isSameBssidAndFreq true
07-10 01:37:04.202  5674  6128 I SemWifiLinkQualityMonitor: Link Qos Query: 0.082 ms / 97.333 Mbps (292 / 0.000 / 3.000)
07-10 01:37:04.203  6461  6461 D NetworkController.WifiSignalController: notifyListener: visible=true, connected=true, inetCondition=1, isDefault=true, wifiTestReported=true, receivedInetCondition=-1, hideDuringMobileSwitching=false
07-10 01:37:07.271  5674  7726 D SemWifiUsabilityStatsMonitor: onWifiUsabilityStats - seqNum 22156, isSameBssidAndFreq true
07-10 01:37:07.272  5674  6055 D ConnectivityService: notifyType CALLBACK_CAP_CHANGED for [118 WIFI]
07-10 01:37:07.277  5674  6086 D SemWifiSwitchForIndividualAppsService: stopTCPMonitoring : already stopped
07-10 01:37:07.279  5674  6086 I WifiConnectivityMonitor.NCC: sNetworkCallback(oCC) FULL : 118(true/false)[ Transports: WIFI Capabilities: NOT_METERED&INTERNET&NOT_RESTRICTED&TRUSTED&NOT_VPN&VALIDATED&NOT_ROAMING&FOREGROUND&NOT_CONGESTED&NOT_SUSPENDED&NOT_VCN_MANAGED LinkUpBandwidth>=38087Kbps LinkDnBandwidth>=48162Kbps TransportInfo: <SSID: <unknown ssid>, BSSID: 02:00:00:**:**:00, MAC: 02:00:00:**:**:00, IP: /192.168.1.19, Security type: 2, Supplicant state: COMPLETED, Wi-Fi standard: 5, RSSI: -62, Link speed: 351Mbps, Tx Link speed: 351Mbps, Max Supported Tx Link speed: 433Mbps, Rx Link speed: 6Mbps, Max Supported Rx Link speed: 433Mbps, Frequency: 5180MHz, Net ID: -1, Metered hint: false, score: 60, isUsable: true, CarrierMerged: false, SubscriptionId: -1, IsPrimary: 1, Trusted: true, Restricted: false, Ephemeral: false, OEM paid: false, OEM private: false, OSU AP: false, FQDN: <none>, Provider friendly name: <none>, Requesting package name: <none><none>MLO Information: , AP MLD Address: <none>, AP MLO Link Id: <none>, AP MLO Affiliated links: <none>> SignalStrength: -62 AdminUids: [1000] SSID: "Talija" UnderlyingNetworks: Null]
07-10 01:37:07.284  5674  6128 I SemWifiLinkQualityMonitor: Link Qos Query: 0.046 ms / 175.500 Mbps (351 / 0.000 / 2.000)
07-10 01:37:07.285  5674  6164 I WifiConnectivityMonitor: current mode : 1
07-10 01:37:07.285  5674  6164 D OpenNetworkQos[4.00]: updateBssidNoInternet: mBssidNoInternet = false
07-10 01:37:07.285  5674  6164 D OpenNetworkQos[4.00]: getOpenNetworkQosNoInternetStatus: false
07-10 01:37:07.285  5674  6164 D OpenNetworkQos[4.00]: getOpenNetworkQosScores: 26 26 26
07-10 01:37:07.286  5674  6164 I WifiProfileShare: network QoS data was changed (internet), updateQoSData networkType: true, qosData: false
07-10 01:37:07.287  5674  7451 V WifiProfileShare.Caster: update wips network, size: 0
07-10 01:37:07.287  5674  7451 D WifiProfileShare: nearby scanning settings run
07-10 01:37:07.287  5674  7451 D WifiProfileShare: network score provider settings enabled
07-10 01:37:07.287  5674  7451 D OpenNetworkQos[4.00]: getOpenNetworkQosScores: 26 26 26
07-10 01:37:07.287  5674  7451 D OpenNetworkQos[4.00]: getOpenNetworkQosNoInternetStatus: false
07-10 01:37:07.288  5674  7451 I WifiProfileShare.Caster: current network type: 0, score: [26, 26, 26]
07-10 01:37:07.288  5674  7451 V WifiProfileShare.Cache: update network score 00:e4:06:**:**:90
07-10 01:37:07.289  5674  7451 D WifiProfileShare.ScanMatcher: getMcfDataList size:2
07-10 01:37:07.289  5674  7451 I WifiProfileShare.Caster: qos data was updated , before:type:QOS, pBssid:51:2e:90, qosData:7c after:type:QOS, pBssid:51:2e:90, qosData:7c
07-10 01:37:07.293  5674  7451 I [MCFSDK_android_1.2.4010]_4_b: isNetworkEnabled - type : 1 ret : true
07-10 01:37:07.294  5674  7451 D WifiProfileShare.McfCast: -ME--- mIsNetworkEnabled :true
07-10 01:37:07.294  5674  7451 D WifiProfileShare.McfCast: updateQoSData ignored, same contents
07-10 01:37:07.294  5674  7451 D WifiProfileShare.MCF: success update QosData !
07-10 01:37:07.295  5674  7451 I [MCFSDK_android_1.2.4010]_4_b: isNetworkEnabled - type : 1 ret : true
07-10 01:37:07.295  5674  7451 D WifiProfileShare.McfCast: -ME--- mIsNetworkEnabled :true
07-10 01:37:07.295  5674  7451 D WifiProfileShare.McfCast: -ME--- updatePasswordDate pwdData size:2
07-10 01:37:07.316 16924 18045 I ChimeraSrvcProxy: NullBinder for android.net.action.RECOMMEND_NETWORKS triggering remote TransactionTooLargeException due to Service without Chimera impl
07-10 01:37:07.316 16924 18045 W .gms.persistent: Large reply transaction of 1056768 bytes, interface descriptor , code 1
07-10 01:37:07.317  6461  6566 D NetworkController.WifiSignalController: notifyListener: visible=true, connected=true, inetCondition=1, isDefault=true, wifiTestReported=true, receivedInetCondition=-1, hideDuringMobileSwitching=false
07-10 01:37:07.947  5674  9957 D PackageManager: setEnabledSetting : userId = 0 packageName = com.Slack cmp = androidx.work.impl.background.systemalarm.RescheduleReceiver newState = 1 callingPackage = 10329/com.Slack
07-10 01:37:07.948  5674  9957 D ApplicationPolicy: getApplicationStateEnabled : pkg = com.Slack userId : 0
07-10 01:37:07.950  5674  9957 D ApplicationPolicy: getApplicationComponentState : pkg = com.Slack userId : 0
07-10 01:37:07.971  5353  6075 V APM_AudioPolicyManager: setAppState(portId:1005, state:1)
07-10 01:37:07.974  5674  5745 W libprocessgroup: Failed to open /dev/blkio//cgroup.procs: No such file or directory
07-10 01:37:07.989 25156 25229 D ConnectivityManager: StackLog: [android.net.ConnectivityManager.sendRequestForNetwork(ConnectivityManager.java:4300)] [android.net.ConnectivityManager.registerDefaultNetworkCallbackForUid(ConnectivityManager.java:4864)] [android.net.ConnectivityManager.registerDefaultNetworkCallback(ConnectivityManager.java:4831)] [android.net.ConnectivityManager.registerDefaultNetworkCallback(ConnectivityManager.java:4805)] [androidx.work.impl.utils.NetworkApi24.registerDefaultNetworkCallbackCompat(Unknown Source:11)] [androidx.work.impl.constraints.trackers.NetworkStateTracker24.startTracking(Unknown Source:15)] [androidx.work.impl.constraints.controllers.ConstraintController.replace(Unknown Source:130)] [androidx.work.impl.constraints.WorkConstraintsTrackerImpl.replace(Unknown Source:41)] [androidx.work.impl.background.greedy.GreedyScheduler.schedule(Unknown Source:302)] [androidx.work.impl.Schedulers.schedule(Unknown Source:155)] [androidx.work.impl.utils.EnqueueRunnable.run(Unknown Source:53)] [androidx.work.Worker$2.run$androidx$work$impl$utils$SerialExecutorImpl$Task(Unknown Source:4)] [androidx.work.Worker$2.run(Unknown Source:868)] [java.util.concurrent.ThreadPoolExecutor.runWorker(ThreadPoolExecutor.java:1137)] [java.util.concurrent.ThreadPoolExecutor$Worker.run(ThreadPoolExecutor.java:637)] [java.lang.Thread.run(Thread.java:1012)]
07-10 01:37:07.992  5674  9957 D ConnectivityService: requestNetwork for uid/pid:10329/25156 activeRequest: null callbackRequest: 16777 [NetworkRequest [ REQUEST id=16778, [ Capabilities: INTERNET&NOT_RESTRICTED&TRUSTED&NOT_VCN_MANAGED Uid: 10329 RequestorUid: 10329 RequestorPkg: com.Slack UnderlyingNetworks: Null] ]] callback flags: 0 order: 2147483647
07-10 01:37:07.994  5674  6055 D ConnectivityService:    accepting network in place of null
07-10 01:37:07.997  5674  6045 D WifiNetworkFactory: got request NetworkRequest [ REQUEST id=16778, [ Capabilities: INTERNET&NOT_RESTRICTED&TRUSTED&NOT_VCN_MANAGED Uid: 10329 RequestorUid: 10329 RequestorPkg: com.Slack UnderlyingNetworks: Null] ]
07-10 01:37:07.998  5674  6045 D UntrustedWifiNetworkFactory: got request NetworkRequest [ REQUEST id=16778, [ Capabilities: INTERNET&NOT_RESTRICTED&TRUSTED&NOT_VCN_MANAGED Uid: 10329 RequestorUid: 10329 RequestorPkg: com.Slack UnderlyingNetworks: Null] ]
07-10 01:37:07.999  5674  6045 D OemPaidWifiNetworkFactory: got request NetworkRequest [ REQUEST id=16778, [ Capabilities: INTERNET&NOT_RESTRICTED&TRUSTED&NOT_VCN_MANAGED Uid: 10329 RequestorUid: 10329 RequestorPkg: com.Slack UnderlyingNetworks: Null] ]
07-10 01:37:07.999  5674  6045 D MultiInternetWifiNetworkFactory: got request NetworkRequest [ REQUEST id=16778, [ Capabilities: INTERNET&NOT_RESTRICTED&TRUSTED&NOT_VCN_MANAGED Uid: 10329 RequestorUid: 10329 RequestorPkg: com.Slack UnderlyingNetworks: Null] ]
07-10 01:37:08.002  5674  6055 D ConnectivityService: Rematched networks [computed 0ms] [applied 1ms] [issued 7]
07-10 01:37:08.002  5674  6055 D ConnectivityService: NetworkReassignment :
07-10 01:37:08.002  5674  6055 D ConnectivityService:   16778 : null → 118
07-10 01:37:08.020 25156 25156 D ConnectivityManager: StackLog: [android.net.ConnectivityManager.unregisterNetworkCallback(ConnectivityManager.java:4972)] [androidx.work.impl.utils.NetworkApi21.unregisterNetworkCallbackCompat(Unknown Source:11)] [androidx.work.impl.constraints.trackers.NetworkStateTracker24.stopTracking(Unknown Source:15)] [androidx.work.impl.constraints.trackers.ConstraintTracker.removeListener(Unknown Source:24)] [androidx.work.impl.constraints.controllers.ConstraintController.replace(Unknown Source:81)] [androidx.work.impl.constraints.WorkConstraintsTrackerImpl.replace(Unknown Source:41)] [androidx.work.impl.background.greedy.GreedyScheduler.onExecuted(Unknown Source:55)] [androidx.work.impl.Processor.onExecuted(Unknown Source:59)] [com.bugsnag.android.DeliveryDelegate$1.run(Unknown Source:212)]
07-10 01:37:08.022  5674  6055 D ConnectivityService:  Removing from current network [118 WIFI], leaving 157 requests.
07-10 01:37:08.031  5353  6075 V APM_AudioPolicyManager: setAppState(portId:1005, state:1)
07-10 01:37:08.039  5353  6075 V APM_AudioPolicyManager: setAppState(portId:1005, state:1)
07-10 01:37:10.326  5674  7726 D SemWifiUsabilityStatsMonitor: onWifiUsabilityStats - seqNum 22157, isSameBssidAndFreq true
07-10 01:37:10.330  5674  6128 I SemWifiLinkQualityMonitor: Link Qos Query: 0.055 ms / 146.000 Mbps (292 / 0.000 / 2.000)
07-10 01:37:13.368  5674  7726 D SemWifiUsabilityStatsMonitor: onWifiUsabilityStats - seqNum 22158, isSameBssidAndFreq true
07-10 01:37:13.370  5674  6128 I SemWifiLinkQualityMonitor: Link Qos Query: 0.023 ms / 351.000 Mbps (351 / 0.000 / 1.000)
07-10 01:37:14.196  5287  5287 D Zygote  : Forked child process 29306
07-10 01:37:14.201 16924 27093 W Nearby  : [MBleClient] Ignore outdated onLost runnable from cycle : 19, current cycle : 48 [CONTEXT service_id=49 ]
07-10 01:37:14.225 16924 27093 W Nearby  : [MBleClient] Ignore outdated onLost runnable from cycle : 20, current cycle : 48 [CONTEXT service_id=49 ]
07-10 01:37:14.268 29306 29306 I ru.yandex.music: Using CollectorTypeCC GC.
07-10 01:37:14.281 29306 29306 E ru.yandex.music: Not starting debugger since process cannot load the jdwp agent.
07-10 01:37:14.291 29306 29306 W libc    : Access denied finding property "sys.perf.boostopt"
