07-10 01:32:38.014 25156 25156 D ConnectivityManager: StackLog: [android.net.ConnectivityManager.unregisterNetworkCallback(ConnectivityManager.java:4972)] [androidx.work.impl.utils.NetworkApi21.unregisterNetworkCallbackCompat(Unknown Source:11)] [androidx.work.impl.constraints.trackers.NetworkStateTracker24.stopTracking(Unknown Source:15)] [androidx.work.impl.constraints.trackers.ConstraintTracker.removeListener(Unknown Source:24)] [androidx.work.impl.constraints.controllers.ConstraintController.replace(Unknown Source:81)] [androidx.work.impl.constraints.WorkConstraintsTrackerImpl.replace(Unknown Source:41)] [androidx.work.impl.background.greedy.GreedyScheduler.onExecuted(Unknown Source:55)] [androidx.work.impl.Processor.onExecuted(Unknown Source:59)] [com.bugsnag.android.DeliveryDelegate$1.run(Unknown Source:212)]
07-10 01:32:38.016  5674  6055 D ConnectivityService:  Removing from current network [118 WIFI], leaving 158 requests.
07-10 01:32:38.025  5353  6075 V APM_AudioPolicyManager: setAppState(portId:1005, state:1)
07-10 01:32:38.033  5353  6075 V APM_AudioPolicyManager: setAppState(portId:1005, state:1)
07-10 01:32:38.754  5674  6183 D WifiConnectivityMonitor: called startWcmPoll but already Ongoing
07-10 01:32:38.754  5674  6183 D SemWifiRssiBasePoller: RSSI_BASE_STOP
07-10 01:32:39.328  5674  7726 D SemWifiUsabilityStatsMonitor: onWifiUsabilityStats - seqNum 22068, isSameBssidAndFreq true
07-10 01:32:39.329  5674  6128 I SemWifiLinkQualityMonitor: Link Qos Query: 0.304 ms / 26.300 Mbps (263 / 0.000 / 10.000)
07-10 01:32:42.051  6461  6566 D MobileStatusTracker(1/2): onSignalStrengthsChanged level=3, vendorLevel=2
07-10 01:32:42.057  6461  6566 D MobileSignalController(1/2): notifyListener: enabled=true, connected=true, dataConnected=false, networkType=LTE (4G), emergencyOnly=false, roaming=false, isDefault=false, dataActivity=, level=2, ca=false, mmWave=false, disabledDataIcon=false, simCard=ETC
07-10 01:32:42.058  6461  6566 D NetworkController: SignalStrength from intent slotId=1
07-10 01:32:42.381  5674  7726 D SemWifiUsabilityStatsMonitor: onWifiUsabilityStats - seqNum 22069, isSameBssidAndFreq true
07-10 01:32:42.384  5674  6128 I SemWifiLinkQualityMonitor: Link Qos query: inf. ms / 0 Mbps
07-10 01:32:42.384  6461  6461 D NetworkController.WifiSignalController: notifyListener: visible=true, connected=true, inetCondition=1, isDefault=true, wifiTestReported=true, receivedInetCondition=-1, hideDuringMobileSwitching=false
07-10 01:32:42.647  5287  5287 D Zygote  : Forked child process 28580
07-10 01:32:42.696 28580 28580 I .servicemodeapp: Using CollectorTypeCC GC.
07-10 01:32:42.711 28580 28580 E .servicemodeapp: Not starting debugger since process cannot load the jdwp agent.
07-10 01:32:42.730 28580 28580 W libc    : Access denied finding property "sys.perf.boostopt"
07-10 01:32:42.731  5262  5262 E audit   : type=1400 audit(1688945562.729:70086): avc:  denied  { read } for  pid=28580 comm=".servicemodeapp" name="u:object_r:perf_prop:s0" dev="tmpfs" ino=10663 scontext=u:r:system_app:s0 tcontext=u:object_r:perf_prop:s0 tclass=file permissive=0 SEPF_SM-A515F_13_0001 audit_filtered
07-10 01:32:42.731  5262  5262 E audit   : type=1300 audit(1688945562.729:70086): arch=c00000b7 syscall=56 success=no exit=-13 a0=ffffff9c a1=7fcf7d5458 a2=88000 a3=0 items=0 ppid=5287 pid=28580 auid=4294967295 uid=1000 gid=1000 euid=1000 suid=1000 fsuid=1000 egid=1000 sgid=1000 fsgid=1000 tty=(none) ses=4294967295 comm=".servicemodeapp" exe="/system/bin/app_process64" subj=u:r:system_app:s0 key=(null)
07-10 01:32:42.731  5262  5262 E audit   : type=1327 audit(1688945562.729:70086): proctitle="zygote64"
07-10 01:32:42.732 28580 28592 W libc    : Access denied finding property "sys.perf.boostopt"
07-10 01:32:42.732  5262  5262 E audit   : type=1400 audit(1688945562.729:70087): avc:  denied  { read } for  pid=28580 comm="binder:28580_1" name="u:object_r:perf_prop:s0" dev="tmpfs" ino=10663 scontext=u:r:system_app:s0 tcontext=u:object_r:perf_prop:s0 tclass=file permissive=0 SEPF_SM-A515F_13_0001 audit_filtered
07-10 01:32:42.738 28580 28580 D ActivityThread: setConscryptValidator
07-10 01:32:42.738 28580 28580 D ActivityThread: setConscryptValidator - put
07-10 01:32:42.786 28580 28580 D CompatibilityChangeReporter: Compat change id reported: 171979766; UID 1000; state: ENABLED
07-10 01:32:43.875  5262  5262 E audit   : type=1400 audit(1688945563.873:70088): avc:  denied  { getattr } for  pid=5674 comm="BinderProcsColl" path="/sys/kernel/debug/binder/proc/5674" dev="debugfs" ino=32119 scontext=u:r:system_server:s0 tcontext=u:object_r:sec_debugfs:s0 tclass=file permissive=0 SEPF_SM-A515F_13_0001 audit_filtered
07-10 01:32:43.875  5262  5262 E audit   : type=1300 audit(1688945563.873:70088): arch=c00000b7 syscall=79 success=no exit=-13 a0=ffffff9c a1=7ad2464cb0 a2=79df9bd680 a3=0 items=0 ppid=5287 pid=5674 auid=4294967295 uid=1000 gid=1000 euid=1000 suid=1000 fsuid=1000 egid=1000 sgid=1000 fsgid=1000 tty=(none) ses=4294967295 comm="BinderProcsColl" exe="/system/bin/app_process64" subj=u:r:system_server:s0 key=(null)
07-10 01:32:43.875  5262  5262 E audit   : type=1327 audit(1688945563.873:70088): proctitle="system_server"
07-10 01:32:45.438  5674  7726 D SemWifiUsabilityStatsMonitor: onWifiUsabilityStats - seqNum 22070, isSameBssidAndFreq true
07-10 01:32:45.442  5674  6128 I SemWifiLinkQualityMonitor: Link Qos Query: 0.055 ms / 146.000 Mbps (292 / 0.000 / 2.000)
07-10 01:32:45.443  6461  6461 D NetworkController.WifiSignalController: notifyListener: visible=true, connected=true, inetCondition=1, isDefault=true, wifiTestReported=true, receivedInetCondition=-1, hideDuringMobileSwitching=false
07-10 01:32:48.491  5674  7726 D SemWifiUsabilityStatsMonitor: onWifiUsabilityStats - seqNum 22071, isSameBssidAndFreq true
07-10 01:32:48.494  5674  6128 I SemWifiLinkQualityMonitor: Link Qos Query: 0.055 ms / 146.000 Mbps (292 / 0.000 / 2.000)
07-10 01:32:48.494  6461  6461 D NetworkController.WifiSignalController: notifyListener: visible=true, connected=true, inetCondition=1, isDefault=true, wifiTestReported=true, receivedInetCondition=-1, hideDuringMobileSwitching=false
07-10 01:32:51.543  5674  7726 D SemWifiUsabilityStatsMonitor: onWifiUsabilityStats - seqNum 22072, isSameBssidAndFreq true
07-10 01:32:51.546  5674  6128 I SemWifiLinkQualityMonitor: Link Qos Query: 0.055 ms / 146.000 Mbps (292 / 0.000 / 2.000)
07-10 01:32:53.863  5674  6164 D WifiConnectivityMonitor: Stop WCM Poll. cnt : 9
07-10 01:32:54.602  5674  7726 D SemWifiUsabilityStatsMonitor: onWifiUsabilityStats - seqNum 22073, isSameBssidAndFreq true
07-10 01:32:54.605  5674  6128 I SemWifiLinkQualityMonitor: Link Qos Query: 0.055 ms / 146.000 Mbps (292 / 0.000 / 2.000)
07-10 01:32:56.993 31135 32652 I native  : I0000 00:00:1688945576.992527   32652 soda_async_impl.cc:1540] Current audio timestamp: 1688945576620242
07-10 01:32:57.138  5362  5362 I SurfaceFlinger: SFWD update time=135826507962118
07-10 01:32:57.647  5674  7726 D SemWifiUsabilityStatsMonitor: onWifiUsabilityStats - seqNum 22074, isSameBssidAndFreq true
07-10 01:32:57.650  5674  6128 I SemWifiLinkQualityMonitor: Link Qos Query: 0.034 ms / 234.000 Mbps (351 / 0.000 / 1.500)
07-10 01:32:57.651  6461  6461 D NetworkController.WifiSignalController: notifyListener: visible=true, connected=true, inetCondition=1, isDefault=true, wifiTestReported=true, receivedInetCondition=-1, hideDuringMobileSwitching=false
07-10 01:32:58.711 31135 31454 I A       : (REDACTED) #onAudioData: %s bytes, getAudioReadSize %s
07-10 01:33:00.005  6461  6461 D KeyguardUpdateMonitor: received broadcast android.intent.action.TIME_TICK
07-10 01:33:00.006  6461  6461 D KeyguardUpdateMonitor: handleTimeUpdate
07-10 01:33:00.015  6461  6461 D FaceWidgetPagesController: onTimeChanged()
07-10 01:33:00.015  6461  7078 D QSClockBellTower: onReceive(android.intent.action.TIME_TICK) mTimeZoneString:null
07-10 01:33:00.067  6461  6461 D QSClockBellTower: He is ready to ring the bell. (((QSClockBellSound - TimeText:01:33, TimeContentDescription:01:33, DateText:Mon, 10 July, ShortDateText:Mon, 10 Jul, Demo:false, QuickStar-Second(false|12:34:56))))
07-10 01:33:00.069  6461  6461 D QSClockIndicatorView: Home Indicator status_bar_clock 01:33 notifyTimeChanged(QSClockBellSound - TimeText:01:33, TimeContentDescription:01:33, DateText:Mon, 10 July, ShortDateText:Mon, 10 Jul, Demo:false, QuickStar-Second(false|12:34:56)) ClockVisibleByPolicy:true, ClockVisibleByUser:true, visible?false, parent:android.widget.LinearLayout{503272 V.E...... ........ 0,0-0,55 #7f0b04f0 app:id/left_clock_container}
07-10 01:33:00.070  6461  6461 D QSClockBellTower: Everyone heard the bell. run(currentTime:1688945580065,   getTime():Mon Jul 10 01:33:00 GMT+02:00 2023,   getTimeZone():libcore.util.ZoneInfo[mDstSavings=3600000,mUseDst=true,mDelegate=[id="Europe/Belgrade",mRawOffset=3600000,mEarliestRawOffset=4920000,transitions=119]])
07-10 01:33:00.089  6461  6461 I FaceWidgetPositionAlgorithm: getClockContainerHeight() supplier = 270, bottom margin = 0, real height = 333
07-10 01:33:00.091  6461  6461 I FaceWidgetPositionAlgorithm: getClockContainerHeight() supplier = 270, bottom margin = 63, real height = 333
07-10 01:33:00.091  6461  6461 I FaceWidgetPositionAlgorithm: getMediaContainerHeight() height = 0 container Visibility = 8, isValid = false, mIsDozing = false, fraction = 1.0, source = 0, target = 0
07-10 01:33:00.091  6461  6461 I FaceWidgetPositionAlgorithm: getMediaContainerHeight() supplier = 0
07-10 01:33:00.092  6461  6461 V QsExpandAnimator: setQsExpansionPosition 0.0
07-10 01:33:00.112  6461  6461 V QsExpandAnimator: updateAnimators
07-10 01:33:00.112  6461  6461 V QsExpandAnimator: clearAnimationState
07-10 01:33:00.113  6461  6461 V QsExpandAnimator: updateViews
07-10 01:33:00.116  6461  6461 V QsExpandAnimator: updateTileAnimator
07-10 01:33:00.118  6461  6461 V QsExpandAnimator: updateHeaderAnimator
07-10 01:33:00.118  6461  6461 V QsExpandAnimator: updateBarAnimator
07-10 01:33:00.118  6461  6461 V QsExpandAnimator: setQsExpansionPosition 0.0
07-10 01:33:00.119  6461  6461 V QsExpandAnimator: onAnimationAtStart
07-10 01:33:00.709  5674  6055 D ConnectivityService: notifyType CALLBACK_CAP_CHANGED for [118 WIFI]
07-10 01:33:00.709  5674  7726 D SemWifiUsabilityStatsMonitor: onWifiUsabilityStats - seqNum 22075, isSameBssidAndFreq true
07-10 01:33:00.711  5674  6086 D SemWifiSwitchForIndividualAppsService: stopTCPMonitoring : already stopped
07-10 01:33:00.712  5674  6086 I WifiConnectivityMonitor.NCC: sNetworkCallback(oCC) FULL : 118(true/false)[ Transports: WIFI Capabilities: NOT_METERED&INTERNET&NOT_RESTRICTED&TRUSTED&NOT_VPN&VALIDATED&NOT_ROAMING&FOREGROUND&NOT_CONGESTED&NOT_SUSPENDED&NOT_VCN_MANAGED LinkUpBandwidth>=38087Kbps LinkDnBandwidth>=48162Kbps TransportInfo: <SSID: <unknown ssid>, BSSID: 02:00:00:**:**:00, MAC: 02:00:00:**:**:00, IP: /192.168.1.19, Security type: 2, Supplicant state: COMPLETED, Wi-Fi standard: 5, RSSI: -62, Link speed: 292Mbps, Tx Link speed: 292Mbps, Max Supported Tx Link speed: 433Mbps, Rx Link speed: 6Mbps, Max Supported Rx Link speed: 433Mbps, Frequency: 5180MHz, Net ID: -1, Metered hint: false, score: 60, isUsable: true, CarrierMerged: false, SubscriptionId: -1, IsPrimary: 1, Trusted: true, Restricted: false, Ephemeral: false, OEM paid: false, OEM private: false, OSU AP: false, FQDN: <none>, Provider friendly name: <none>, Requesting package name: <none><none>MLO Information: , AP MLD Address: <none>, AP MLO Link Id: <none>, AP MLO Affiliated links: <none>> SignalStrength: -62 AdminUids: [1000] SSID: "Talija" UnderlyingNetworks: Null]
07-10 01:33:00.713  5674  6164 I WifiConnectivityMonitor: current mode : 1
07-10 01:33:00.713  5674  6164 D OpenNetworkQos[4.00]: updateBssidNoInternet: mBssidNoInternet = false
07-10 01:33:00.713  5674  6164 D OpenNetworkQos[4.00]: getOpenNetworkQosNoInternetStatus: false
07-10 01:33:00.713  5674  6164 D OpenNetworkQos[4.00]: getOpenNetworkQosScores: 26 26 26
07-10 01:33:00.714  5674  6164 I WifiProfileShare: network QoS data was changed (internet), updateQoSData networkType: true, qosData: false
07-10 01:33:00.714  5674  7451 V WifiProfileShare.Caster: update wips network, size: 0
07-10 01:33:00.714  5674  7451 D WifiProfileShare: nearby scanning settings run
07-10 01:33:00.714  5674  7451 D WifiProfileShare: network score provider settings enabled
07-10 01:33:00.714  5674  7451 D OpenNetworkQos[4.00]: getOpenNetworkQosScores: 26 26 26
07-10 01:33:00.714  5674  7451 D OpenNetworkQos[4.00]: getOpenNetworkQosNoInternetStatus: false
07-10 01:33:00.714  5674  7451 I WifiProfileShare.Caster: current network type: 0, score: [26, 26, 26]
07-10 01:33:00.715  5674  7451 V WifiProfileShare.Cache: update network score 00:e4:06:**:**:90
07-10 01:33:00.715  5674  7451 D WifiProfileShare.ScanMatcher: getMcfDataList size:2
07-10 01:33:00.715  5674  7451 I WifiProfileShare.Caster: qos data was updated , before:type:QOS, pBssid:51:2e:90, qosData:7c after:type:QOS, pBssid:51:2e:90, qosData:7c
07-10 01:33:00.717  5674  7451 I [MCFSDK_android_1.2.4010]_4_b: isNetworkEnabled - type : 1 ret : true
07-10 01:33:00.717  5674  7451 D WifiProfileShare.McfCast: -ME--- mIsNetworkEnabled :true
07-10 01:33:00.717  5674  7451 D WifiProfileShare.McfCast: updateQoSData ignored, same contents
07-10 01:33:00.717  5674  7451 D WifiProfileShare.MCF: success update QosData !
07-10 01:33:00.717  5674  7451 I [MCFSDK_android_1.2.4010]_4_b: isNetworkEnabled - type : 1 ret : true
07-10 01:33:00.717  5674  7451 D WifiProfileShare.McfCast: -ME--- mIsNetworkEnabled :true
07-10 01:33:00.717  5674  7451 D WifiProfileShare.McfCast: -ME--- updatePasswordDate pwdData size:2
07-10 01:33:00.720  5674  6128 I SemWifiLinkQualityMonitor: Link Qos Query: 0.055 ms / 146.000 Mbps (292 / 0.000 / 2.000)
07-10 01:33:00.750  6461  6566 D NetworkController.WifiSignalController: notifyListener: visible=true, connected=true, inetCondition=1, isDefault=true, wifiTestReported=true, receivedInetCondition=-1, hideDuringMobileSwitching=false
07-10 01:33:00.752 16924 18725 I ChimeraSrvcProxy: NullBinder for android.net.action.RECOMMEND_NETWORKS triggering remote TransactionTooLargeException due to Service without Chimera impl
07-10 01:33:00.752 16924 18725 W .gms.persistent: Large reply transaction of 1056768 bytes, interface descriptor , code 1
07-10 01:33:02.650  5325  5325 E sehhealth-service: Could not open /sys/class/power_supply/battery/lrp
07-10 01:33:03.766  5674  7726 D SemWifiUsabilityStatsMonitor: onWifiUsabilityStats - seqNum 22076, isSameBssidAndFreq true
07-10 01:33:03.768  5674  6128 I SemWifiLinkQualityMonitor: Link Qos Query: 0.055 ms / 146.000 Mbps (292 / 0.000 / 2.000)
07-10 01:33:03.769  6461  6461 D NetworkController.WifiSignalController: notifyListener: visible=true, connected=true, inetCondition=1, isDefault=true, wifiTestReported=true, receivedInetCondition=-1, hideDuringMobileSwitching=false
07-10 01:33:06.796  5674  7726 D SemWifiUsabilityStatsMonitor: onWifiUsabilityStats - seqNum 22077, isSameBssidAndFreq true
07-10 01:33:06.798  5674  6128 I SemWifiLinkQualityMonitor: Link Qos Query: 0.055 ms / 146.000 Mbps (292 / 0.000 / 2.000)
07-10 01:33:07.939  5674  9681 D PackageManager: setEnabledSetting : userId = 0 packageName = com.Slack cmp = androidx.work.impl.background.systemalarm.RescheduleReceiver newState = 1 callingPackage = 10329/com.Slack
07-10 01:33:07.941  5674  9681 D ApplicationPolicy: getApplicationStateEnabled : pkg = com.Slack userId : 0
07-10 01:33:07.943  5674  9681 D ApplicationPolicy: getApplicationComponentState : pkg = com.Slack userId : 0
07-10 01:33:07.962  5353  6075 V APM_AudioPolicyManager: setAppState(portId:1005, state:1)
07-10 01:33:07.964  5674  5745 W libprocessgroup: Failed to open /dev/blkio//cgroup.procs: No such file or directory
07-10 01:33:07.984 25156 25231 D ConnectivityManager: StackLog: [android.net.ConnectivityManager.sendRequestForNetwork(ConnectivityManager.java:4300)] [android.net.ConnectivityManager.registerDefaultNetworkCallbackForUid(ConnectivityManager.java:4864)] [android.net.ConnectivityManager.registerDefaultNetworkCallback(ConnectivityManager.java:4831)] [android.net.ConnectivityManager.registerDefaultNetworkCallback(ConnectivityManager.java:4805)] [androidx.work.impl.utils.NetworkApi24.registerDefaultNetworkCallbackCompat(Unknown Source:11)] [androidx.work.impl.constraints.trackers.NetworkStateTracker24.startTracking(Unknown Source:15)] [androidx.work.impl.constraints.controllers.ConstraintController.replace(Unknown Source:130)] [androidx.work.impl.constraints.WorkConstraintsTrackerImpl.replace(Unknown Source:41)] [androidx.work.impl.background.greedy.GreedyScheduler.schedule(Unknown Source:302)] [androidx.work.impl.Schedulers.schedule(Unknown Source:155)] [androidx.work.impl.utils.EnqueueRunnable.run(Unknown Source:53)] [androidx.work.Worker$2.run$androidx$work$impl$utils$SerialExecutorImpl$Task(Unknown Source:4)] [androidx.work.Worker$2.run(Unknown Source:868)] [java.util.concurrent.ThreadPoolExecutor.runWorker(ThreadPoolExecutor.java:1137)] [java.util.concurrent.ThreadPoolExecutor$Worker.run(ThreadPoolExecutor.java:637)] [java.lang.Thread.run(Thread.java:1012)]
07-10 01:33:07.988  5674  6593 D ConnectivityService: requestNetwork for uid/pid:10329/25156 activeRequest: null callbackRequest: 16759 [NetworkRequest [ REQUEST id=16760, [ Capabilities: INTERNET&NOT_RESTRICTED&TRUSTED&NOT_VCN_MANAGED Uid: 10329 RequestorUid: 10329 RequestorPkg: com.Slack UnderlyingNetworks: Null] ]] callback flags: 0 order: 2147483647
07-10 01:33:07.989  5674  6055 D ConnectivityService:    accepting network in place of null
07-10 01:33:07.992  5674  6045 D WifiNetworkFactory: got request NetworkRequest [ REQUEST id=16760, [ Capabilities: INTERNET&NOT_RESTRICTED&TRUSTED&NOT_VCN_MANAGED Uid: 10329 RequestorUid: 10329 RequestorPkg: com.Slack UnderlyingNetworks: Null] ]
07-10 01:33:07.992  5674  6045 D UntrustedWifiNetworkFactory: got request NetworkRequest [ REQUEST id=16760, [ Capabilities: INTERNET&NOT_RESTRICTED&TRUSTED&NOT_VCN_MANAGED Uid: 10329 RequestorUid: 10329 RequestorPkg: com.Slack UnderlyingNetworks: Null] ]
07-10 01:33:07.993  5674  6045 D OemPaidWifiNetworkFactory: got request NetworkRequest [ REQUEST id=16760, [ Capabilities: INTERNET&NOT_RESTRICTED&TRUSTED&NOT_VCN_MANAGED Uid: 10329 RequestorUid: 10329 RequestorPkg: com.Slack UnderlyingNetworks: Null] ]
07-10 01:33:07.993  5674  6045 D MultiInternetWifiNetworkFactory: got request NetworkRequest [ REQUEST id=16760, [ Capabilities: INTERNET&NOT_RESTRICTED&TRUSTED&NOT_VCN_MANAGED Uid: 10329 RequestorUid: 10329 RequestorPkg: com.Slack UnderlyingNetworks: Null] ]
07-10 01:33:07.996  5674  6055 D ConnectivityService: Rematched networks [computed 1ms] [applied 1ms] [issued 6]
07-10 01:33:07.996  5674  6055 D ConnectivityService: NetworkReassignment :
07-10 01:33:07.996  5674  6055 D ConnectivityService:   16760 : null → 118
07-10 01:33:08.010 25156 25156 D ConnectivityManager: StackLog: [android.net.ConnectivityManager.unregisterNetworkCallback(ConnectivityManager.java:4972)] [androidx.work.impl.utils.NetworkApi21.unregisterNetworkCallbackCompat(Unknown Source:11)] [androidx.work.impl.constraints.trackers.NetworkStateTracker24.stopTracking(Unknown Source:15)] [androidx.work.impl.constraints.trackers.ConstraintTracker.removeListener(Unknown Source:24)] [androidx.work.impl.constraints.controllers.ConstraintController.replace(Unknown Source:81)] [androidx.work.impl.constraints.WorkConstraintsTrackerImpl.replace(Unknown Source:41)] [androidx.work.impl.background.greedy.GreedyScheduler.onExecuted(Unknown Source:55)] [androidx.work.impl.Processor.onExecuted(Unknown Source:59)] [com.bugsnag.android.DeliveryDelegate$1.run(Unknown Source:212)]
07-10 01:33:08.012  5674  6055 D ConnectivityService:  Removing from current network [118 WIFI], leaving 158 requests.
07-10 01:33:08.021  5353  6075 V APM_AudioPolicyManager: setAppState(portId:1005, state:1)
07-10 01:33:08.025  5353  6075 V APM_AudioPolicyManager: setAppState(portId:1005, state:1)
07-10 01:33:09.851  5674  6055 D ConnectivityService: notifyType CALLBACK_CAP_CHANGED for [118 WIFI]
07-10 01:33:09.853  5674  7726 D SemWifiUsabilityStatsMonitor: onWifiUsabilityStats - seqNum 22078, isSameBssidAndFreq true
07-10 01:33:09.855  6461  6461 D NetworkController.WifiSignalController: notifyListener: visible=true, connected=true, inetCondition=1, isDefault=true, wifiTestReported=true, receivedInetCondition=-1, hideDuringMobileSwitching=false
07-10 01:33:09.856  5674  6128 I SemWifiLinkQualityMonitor: Link Qos Query: 0.046 ms / 175.500 Mbps (351 / 0.000 / 2.000)
07-10 01:33:09.857  5674  6086 D SemWifiSwitchForIndividualAppsService: stopTCPMonitoring : already stopped
07-10 01:33:09.858  5674  6086 I WifiConnectivityMonitor.NCC: sNetworkCallback(oCC) FULL : 118(true/false)[ Transports: WIFI Capabilities: NOT_METERED&INTERNET&NOT_RESTRICTED&TRUSTED&NOT_VPN&VALIDATED&NOT_ROAMING&FOREGROUND&NOT_CONGESTED&NOT_SUSPENDED&NOT_VCN_MANAGED LinkUpBandwidth>=15762Kbps LinkDnBandwidth>=38308Kbps TransportInfo: <SSID: <unknown ssid>, BSSID: 02:00:00:**:**:00, MAC: 02:00:00:**:**:00, IP: /192.168.1.19, Security type: 2, Supplicant state: COMPLETED, Wi-Fi standard: 5, RSSI: -64, Link speed: 351Mbps, Tx Link speed: 351Mbps, Max Supported Tx Link speed: 433Mbps, Rx Link speed: 6Mbps, Max Supported Rx Link speed: 433Mbps, Frequency: 5180MHz, Net ID: -1, Metered hint: false, score: 60, isUsable: true, CarrierMerged: false, SubscriptionId: -1, IsPrimary: 1, Trusted: true, Restricted: false, Ephemeral: false, OEM paid: false, OEM private: false, OSU AP: false, FQDN: <none>, Provider friendly name: <none>, Requesting package name: <none><none>MLO Information: , AP MLD Address: <none>, AP MLO Link Id: <none>, AP MLO Affiliated links: <none>> SignalStrength: -64 AdminUids: [1000] SSID: "Talija" UnderlyingNetworks: Null]
07-10 01:33:09.860  5674  6164 I WifiConnectivityMonitor: current mode : 1
07-10 01:33:09.860  5674  6164 D OpenNetworkQos[4.00]: updateBssidNoInternet: mBssidNoInternet = false
07-10 01:33:09.860  5674  6164 D OpenNetworkQos[4.00]: getOpenNetworkQosNoInternetStatus: false
07-10 01:33:09.861  5674  6164 D OpenNetworkQos[4.00]: getOpenNetworkQosScores: 26 26 26
07-10 01:33:09.862  5674  6164 I WifiProfileShare: network QoS data was changed (internet), updateQoSData networkType: true, qosData: false
07-10 01:33:09.863  5674  7451 V WifiProfileShare.Caster: update wips network, size: 0
07-10 01:33:09.863  5674  7451 D WifiProfileShare: nearby scanning settings run
07-10 01:33:09.864  5674  7451 D WifiProfileShare: network score provider settings enabled
07-10 01:33:09.864  5674  7451 D OpenNetworkQos[4.00]: getOpenNetworkQosScores: 26 26 26
07-10 01:33:09.864  5674  7451 D OpenNetworkQos[4.00]: getOpenNetworkQosNoInternetStatus: false
07-10 01:33:09.864  5674  7451 I WifiProfileShare.Caster: current network type: 0, score: [26, 26, 26]
07-10 01:33:09.866  5674  7451 V WifiProfileShare.Cache: update network score 00:e4:06:**:**:90
07-10 01:33:09.866  5674  7451 D WifiProfileShare.ScanMatcher: getMcfDataList size:2
07-10 01:33:09.867  5674  7451 I WifiProfileShare.Caster: qos data was updated , before:type:QOS, pBssid:51:2e:90, qosData:7c after:type:QOS, pBssid:51:2e:90, qosData:7c
07-10 01:33:09.868  5674  7451 I [MCFSDK_android_1.2.4010]_4_b: isNetworkEnabled - type : 1 ret : true
07-10 01:33:09.868  5674  7451 D WifiProfileShare.McfCast: -ME--- mIsNetworkEnabled :true
07-10 01:33:09.868  5674  7451 D WifiProfileShare.McfCast: updateQoSData ignored, same contents
07-10 01:33:09.869  5674  7451 D WifiProfileShare.MCF: success update QosData !
07-10 01:33:09.870  5674  7451 I [MCFSDK_android_1.2.4010]_4_b: isNetworkEnabled - type : 1 ret : true
07-10 01:33:09.870  5674  7451 D WifiProfileShare.McfCast: -ME--- mIsNetworkEnabled :true
07-10 01:33:09.870  5674  7451 D WifiProfileShare.McfCast: -ME--- updatePasswordDate pwdData size:2
07-10 01:33:09.894  6461  6566 D NetworkController.WifiSignalController: notifyListener: visible=true, connected=true, inetCondition=1, isDefault=true, wifiTestReported=true, receivedInetCondition=-1, hideDuringMobileSwitching=false
07-10 01:33:09.896 16924 18725 I ChimeraSrvcProxy: NullBinder for android.net.action.RECOMMEND_NETWORKS triggering remote TransactionTooLargeException due to Service without Chimera impl
07-10 01:33:09.896 16924 18725 W .gms.persistent: Large reply transaction of 1056768 bytes, interface descriptor , code 1
07-10 01:33:12.897  5674  7726 D SemWifiUsabilityStatsMonitor: onWifiUsabilityStats - seqNum 22079, isSameBssidAndFreq true
07-10 01:33:12.903  5674  6128 I SemWifiLinkQualityMonitor: Link Qos Query: 0.046 ms / 175.500 Mbps (351 / 0.000 / 2.000)
07-10 01:33:12.904  6461  6461 D NetworkController.WifiSignalController: notifyListener: visible=true, connected=true, inetCondition=1, isDefault=true, wifiTestReported=true, receivedInetCondition=-1, hideDuringMobileSwitching=false
07-10 01:33:13.986  5262  5262 E audit   : type=1400 audit(1688945593.985:70089): avc:  denied  { getattr } for  pid=5674 comm="BinderProcsColl" path="/sys/kernel/debug/binder/proc/5674" dev="debugfs" ino=32119 scontext=u:r:system_server:s0 tcontext=u:object_r:sec_debugfs:s0 tclass=file permissive=0 SEPF_SM-A515F_13_0001 audit_filtered
07-10 01:33:13.987  5262  5262 E audit   : type=1300 audit(1688945593.985:70089): arch=c00000b7 syscall=79 success=no exit=-13 a0=ffffff9c a1=7ad22d0190 a2=79df9bd680 a3=0 items=0 ppid=5287 pid=5674 auid=4294967295 uid=1000 gid=1000 euid=1000 suid=1000 fsuid=1000 egid=1000 sgid=1000 fsgid=1000 tty=(none) ses=4294967295 comm="BinderProcsColl" exe="/system/bin/app_process64" subj=u:r:system_server:s0 key=(null)
07-10 01:33:13.987  5262  5262 E audit   : type=1327 audit(1688945593.985:70089): proctitle="system_server"
07-10 01:33:15.948  5674  7726 D SemWifiUsabilityStatsMonitor: onWifiUsabilityStats - seqNum 22080, isSameBssidAndFreq true
07-10 01:33:15.948  5674  6055 D ConnectivityService: notifyType CALLBACK_CAP_CHANGED for [118 WIFI]
07-10 01:33:15.952  5674  6128 I SemWifiLinkQualityMonitor: Link Qos Query: 0.046 ms / 175.500 Mbps (351 / 0.000 / 2.000)
07-10 01:33:15.957  5674  6086 D SemWifiSwitchForIndividualAppsService: stopTCPMonitoring : already stopped
07-10 01:33:15.959  5674  6086 I WifiConnectivityMonitor.NCC: sNetworkCallback(oCC) FULL : 118(true/false)[ Transports: WIFI Capabilities: NOT_METERED&INTERNET&NOT_RESTRICTED&TRUSTED&NOT_VPN&VALIDATED&NOT_ROAMING&FOREGROUND&NOT_CONGESTED&NOT_SUSPENDED&NOT_VCN_MANAGED LinkUpBandwidth>=38087Kbps LinkDnBandwidth>=48162Kbps TransportInfo: <SSID: <unknown ssid>, BSSID: 02:00:00:**:**:00, MAC: 02:00:00:**:**:00, IP: /192.168.1.19, Security type: 2, Supplicant state: COMPLETED, Wi-Fi standard: 5, RSSI: -63, Link speed: 351Mbps, Tx Link speed: 351Mbps, Max Supported Tx Link speed: 433Mbps, Rx Link speed: 6Mbps, Max Supported Rx Link speed: 433Mbps, Frequency: 5180MHz, Net ID: -1, Metered hint: false, score: 60, isUsable: true, CarrierMerged: false, SubscriptionId: -1, IsPrimary: 1, Trusted: true, Restricted: false, Ephemeral: false, OEM paid: false, OEM private: false, OSU AP: false, FQDN: <none>, Provider friendly name: <none>, Requesting package name: <none><none>MLO Information: , AP MLD Address: <none>, AP MLO Link Id: <none>, AP MLO Affiliated links: <none>> SignalStrength: -63 AdminUids: [1000] SSID: "Talija" UnderlyingNetworks: Null]
07-10 01:33:15.963  5674  6164 I WifiConnectivityMonitor: current mode : 1
07-10 01:33:15.963  5674  6164 D OpenNetworkQos[4.00]: updateBssidNoInternet: mBssidNoInternet = false
07-10 01:33:15.963  5674  6164 D OpenNetworkQos[4.00]: getOpenNetworkQosNoInternetStatus: false
07-10 01:33:15.963  5674  6164 D OpenNetworkQos[4.00]: getOpenNetworkQosScores: 26 26 26
07-10 01:33:15.964  5674  6164 I WifiProfileShare: network QoS data was changed (internet), updateQoSData networkType: true, qosData: false
07-10 01:33:15.966  5674  7451 V WifiProfileShare.Caster: update wips network, size: 0
07-10 01:33:15.967  5674  7451 D WifiProfileShare: nearby scanning settings run
07-10 01:33:15.967  5674  7451 D WifiProfileShare: network score provider settings enabled
07-10 01:33:15.967  5674  7451 D OpenNetworkQos[4.00]: getOpenNetworkQosScores: 26 26 26
07-10 01:33:15.967  5674  7451 D OpenNetworkQos[4.00]: getOpenNetworkQosNoInternetStatus: false
07-10 01:33:15.967  5674  7451 I WifiProfileShare.Caster: current network type: 0, score: [26, 26, 26]
07-10 01:33:15.968  5674  7451 V WifiProfileShare.Cache: update network score 00:e4:06:**:**:90
07-10 01:33:15.968  5674  7451 D WifiProfileShare.ScanMatcher: getMcfDataList size:2
07-10 01:33:15.969  5674  7451 I WifiProfileShare.Caster: qos data was updated , before:type:QOS, pBssid:51:2e:90, qosData:7c after:type:QOS, pBssid:51:2e:90, qosData:7c
07-10 01:33:15.979  5674  7451 I [MCFSDK_android_1.2.4010]_4_b: isNetworkEnabled - type : 1 ret : true
07-10 01:33:15.979  5674  7451 D WifiProfileShare.McfCast: -ME--- mIsNetworkEnabled :true
07-10 01:33:15.979  5674  7451 D WifiProfileShare.McfCast: updateQoSData ignored, same contents
07-10 01:33:15.979  5674  7451 D WifiProfileShare.MCF: success update QosData !
07-10 01:33:15.980  5674  7451 I [MCFSDK_android_1.2.4010]_4_b: isNetworkEnabled - type : 1 ret : true
07-10 01:33:15.980  5674  7451 D WifiProfileShare.McfCast: -ME--- mIsNetworkEnabled :true
07-10 01:33:15.980  5674  7451 D WifiProfileShare.McfCast: -ME--- updatePasswordDate pwdData size:2
07-10 01:33:15.985 16924 19143 I ChimeraSrvcProxy: NullBinder for android.net.action.RECOMMEND_NETWORKS triggering remote TransactionTooLargeException due to Service without Chimera impl
07-10 01:33:15.985 16924 19143 W .gms.persistent: Large reply transaction of 1056768 bytes, interface descriptor , code 1
07-10 01:33:15.994  6461  6566 D NetworkController.WifiSignalController: notifyListener: visible=true, connected=true, inetCondition=1, isDefault=true, wifiTestReported=true, receivedInetCondition=-1, hideDuringMobileSwitching=false
07-10 01:33:18.993  5674  7726 D SemWifiUsabilityStatsMonitor: onWifiUsabilityStats - seqNum 22081, isSameBssidAndFreq true
07-10 01:33:18.995  5674  6128 I SemWifiLinkQualityMonitor: Link Qos Query: 0.046 ms / 175.500 Mbps (351 / 0.000 / 2.000)
07-10 01:33:19.129  6461  6566 D MobileStatusTracker(1/2): onSignalStrengthsChanged level=3, vendorLevel=3
07-10 01:33:19.131  6461  6566 D MobileSignalController(1/2): notifyListener: enabled=true, connected=true, dataConnected=false, networkType=LTE (4G), emergencyOnly=false, roaming=false, isDefault=false, dataActivity=, level=3, ca=false, mmWave=false, disabledDataIcon=false, simCard=ETC
07-10 01:33:19.134  6461  6566 D NetworkController: SignalStrength from intent slotId=1
07-10 01:33:22.058  5674  6055 D ConnectivityService: notifyType CALLBACK_CAP_CHANGED for [118 WIFI]
07-10 01:33:22.058  5674  7726 D SemWifiUsabilityStatsMonitor: onWifiUsabilityStats - seqNum 22082, isSameBssidAndFreq true
07-10 01:33:22.061  5674  6128 I SemWifiLinkQualityMonitor: Link Qos Query: 0.082 ms / 97.333 Mbps (292 / 0.000 / 3.000)
07-10 01:33:22.063  5674  6086 D SemWifiSwitchForIndividualAppsService: stopTCPMonitoring : already stopped
07-10 01:33:22.064  5674  6086 I WifiConnectivityMonitor.NCC: sNetworkCallback(oCC) FULL : 118(true/false)[ Transports: WIFI Capabilities: NOT_METERED&INTERNET&NOT_RESTRICTED&TRUSTED&NOT_VPN&VALIDATED&NOT_ROAMING&FOREGROUND&NOT_CONGESTED&NOT_SUSPENDED&NOT_VCN_MANAGED LinkUpBandwidth>=15762Kbps LinkDnBandwidth>=38308Kbps TransportInfo: <SSID: <unknown ssid>, BSSID: 02:00:00:**:**:00, MAC: 02:00:00:**:**:00, IP: /192.168.1.19, Security type: 2, Supplicant state: COMPLETED, Wi-Fi standard: 5, RSSI: -64, Link speed: 292Mbps, Tx Link speed: 292Mbps, Max Supported Tx Link speed: 433Mbps, Rx Link speed: 6Mbps, Max Supported Rx Link speed: 433Mbps, Frequency: 5180MHz, Net ID: -1, Metered hint: false, score: 60, isUsable: true, CarrierMerged: false, SubscriptionId: -1, IsPrimary: 1, Trusted: true, Restricted: false, Ephemeral: false, OEM paid: false, OEM private: false, OSU AP: false, FQDN: <none>, Provider friendly name: <none>, Requesting package name: <none><none>MLO Information: , AP MLD Address: <none>, AP MLO Link Id: <none>, AP MLO Affiliated links: <none>> SignalStrength: -64 AdminUids: [1000] SSID: "Talija" UnderlyingNetworks: Null]
07-10 01:33:22.064  6461  6461 D NetworkController.WifiSignalController: notifyListener: visible=true, connected=true, inetCondition=1, isDefault=true, wifiTestReported=true, receivedInetCondition=-1, hideDuringMobileSwitching=false
07-10 01:33:22.066  5674  6164 I WifiConnectivityMonitor: current mode : 1
07-10 01:33:22.066  5674  6164 D OpenNetworkQos[4.00]: updateBssidNoInternet: mBssidNoInternet = false
07-10 01:33:22.066  5674  6164 D OpenNetworkQos[4.00]: getOpenNetworkQosNoInternetStatus: false
07-10 01:33:22.066  5674  6164 D OpenNetworkQos[4.00]: getOpenNetworkQosScores: 26 26 26
07-10 01:33:22.067  5674  6164 I WifiProfileShare: network QoS data was changed (internet), updateQoSData networkType: true, qosData: false
07-10 01:33:22.069  5674  7451 V WifiProfileShare.Caster: update wips network, size: 0
07-10 01:33:22.069  5674  7451 D WifiProfileShare: nearby scanning settings run
07-10 01:33:22.069  5674  7451 D WifiProfileShare: network score provider settings enabled
07-10 01:33:22.070  5674  7451 D OpenNetworkQos[4.00]: getOpenNetworkQosScores: 26 26 26
07-10 01:33:22.070  5674  7451 D OpenNetworkQos[4.00]: getOpenNetworkQosNoInternetStatus: false
07-10 01:33:22.070  5674  7451 I WifiProfileShare.Caster: current network type: 0, score: [26, 26, 26]
07-10 01:33:22.071  5674  7451 V WifiProfileShare.Cache: update network score 00:e4:06:**:**:90
07-10 01:33:22.071  5674  7451 D WifiProfileShare.ScanMatcher: getMcfDataList size:2
07-10 01:33:22.072  5674  7451 I WifiProfileShare.Caster: qos data was updated , before:type:QOS, pBssid:51:2e:90, qosData:7c after:type:QOS, pBssid:51:2e:90, qosData:7c
07-10 01:33:22.087 16924 19143 I ChimeraSrvcProxy: NullBinder for android.net.action.RECOMMEND_NETWORKS triggering remote TransactionTooLargeException due to Service without Chimera impl
07-10 01:33:22.087 16924 19143 W .gms.persistent: Large reply transaction of 1056768 bytes, interface descriptor , code 1
07-10 01:33:22.089  6461  6566 D NetworkController.WifiSignalController: notifyListener: visible=true, connected=true, inetCondition=1, isDefault=true, wifiTestReported=true, receivedInetCondition=-1, hideDuringMobileSwitching=false
07-10 01:33:22.091  5674  7451 I [MCFSDK_android_1.2.4010]_4_b: isNetworkEnabled - type : 1 ret : true
07-10 01:33:22.091  5674  7451 D WifiProfileShare.McfCast: -ME--- mIsNetworkEnabled :true
07-10 01:33:22.091  5674  7451 D WifiProfileShare.McfCast: updateQoSData ignored, same contents
07-10 01:33:22.091  5674  7451 D WifiProfileShare.MCF: success update QosData !
07-10 01:33:22.092  5674  7451 I [MCFSDK_android_1.2.4010]_4_b: isNetworkEnabled - type : 1 ret : true
07-10 01:33:22.092  5674  7451 D WifiProfileShare.McfCast: -ME--- mIsNetworkEnabled :true
07-10 01:33:22.092  5674  7451 D WifiProfileShare.McfCast: -ME--- updatePasswordDate pwdData size:2
07-10 01:33:22.729  5306  5327 I SensorsHub: context 10 0 9 1,1,26,1,5,14,61,152,1,1, 147099558082661
07-10 01:33:22.739  5674  5859 D SensorHubManager: onGetSensorHubDataLocked: library(10) = 1, 1, 26, 1, 5, 14, 61, -104, 1, 1
07-10 01:33:22.748  5674  5860 D CAE     : onGetSensorHubData(SensorHubParserProvider.java:89) - onGetSensorHubData Event [event buffer len :10], AP_WAKEUP
07-10 01:33:22.749  5674  5860 I CAE     : parse(SensorHubParserProvider.java:190) - buffer size = 10
07-10 01:33:22.750  5674  5860 I CAE     : parse(SensorHubParserProvider.java:201) - 1, 1, 26, 1, 5, 14, 61, -104, 1, 1,
07-10 01:33:22.751  5674  5860 E CAE     : parse(SensorHubModeHandler.java:72) - ERROR : Service is not registered
07-10 01:33:22.752  5674  5860 E CAE     : onGetSensorHubData(SensorHubParserProvider.java:112) - ERROR : Data field parsing error
07-10 01:33:23.288 16924 16924 D BoundBrokerSvc: onBind: Intent { act=com.google.android.gms.auth.account.workaccount.START dat=chimera-action:/... cmp=com.google.android.gms/.chimera.PersistentApiService }
07-10 01:33:23.288 16924 16924 D BoundBrokerSvc: Loading bound service for intent: Intent { act=com.google.android.gms.auth.account.workaccount.START dat=chimera-action:/... cmp=com.google.android.gms/.chimera.PersistentApiService }
07-10 01:33:23.365 16924 27094 D TrafficStats: tagSocket(93) with statsTag=0x3000060a, statsUid=10226
07-10 01:33:23.431 16924 27094 W Conscrypt: Could not set socket write timeout: java.net.SocketException: Socket closed
07-10 01:33:23.436 16924 27094 W Conscrypt: 	at com.google.android.gms.org.conscrypt.Platform.setSocketWriteTimeout(:com.google.android.gms@232414044@23.24.14 (190400-544099984):2)
07-10 01:33:23.436 16924 27094 W Conscrypt: 	at com.google.android.gms.org.conscrypt.ConscryptFileDescriptorSocket.setSoWriteTimeout(:com.google.android.gms@232414044@23.24.14 (190400-544099984):0)
07-10 01:33:23.480 16924 27094 W Conscrypt: Could not set socket write timeout: java.net.SocketException: Socket closed
07-10 01:33:23.480 16924 27094 W Conscrypt: 	at com.google.android.gms.org.conscrypt.Platform.setSocketWriteTimeout(:com.google.android.gms@232414044@23.24.14 (190400-544099984):2)
07-10 01:33:23.480 16924 27094 W Conscrypt: 	at com.google.android.gms.org.conscrypt.ConscryptFileDescriptorSocket.setSoWriteTimeout(:com.google.android.gms@232414044@23.24.14 (190400-544099984):0)
07-10 01:33:25.112  5674  6055 D ConnectivityService: notifyType CALLBACK_CAP_CHANGED for [118 WIFI]
07-10 01:33:25.112  5674  7726 D SemWifiUsabilityStatsMonitor: onWifiUsabilityStats - seqNum 22083, isSameBssidAndFreq true
07-10 01:33:25.117  5674  6128 I SemWifiLinkQualityMonitor: Link Qos Query: 0.035 ms / 227.500 Mbps (325 / 0.000 / 1.429)
07-10 01:33:25.118  5674  6086 D SemWifiSwitchForIndividualAppsService: stopTCPMonitoring : already stopped
07-10 01:33:25.120  5674  6086 I WifiConnectivityMonitor.NCC: sNetworkCallback(oCC) FULL : 118(true/false)[ Transports: WIFI Capabilities: NOT_METERED&INTERNET&NOT_RESTRICTED&TRUSTED&NOT_VPN&VALIDATED&NOT_ROAMING&FOREGROUND&NOT_CONGESTED&NOT_SUSPENDED&NOT_VCN_MANAGED LinkUpBandwidth>=38087Kbps LinkDnBandwidth>=48162Kbps TransportInfo: <SSID: <unknown ssid>, BSSID: 02:00:00:**:**:00, MAC: 02:00:00:**:**:00, IP: /192.168.1.19, Security type: 2, Supplicant state: COMPLETED, Wi-Fi standard: 5, RSSI: -62, Link speed: 325Mbps, Tx Link speed: 325Mbps, Max Supported Tx Link speed: 433Mbps, Rx Link speed: 6Mbps, Max Supported Rx Link speed: 433Mbps, Frequency: 5180MHz, Net ID: -1, Metered hint: false, score: 60, isUsable: true, CarrierMerged: false, SubscriptionId: -1, IsPrimary: 1, Trusted: true, Restricted: false, Ephemeral: false, OEM paid: false, OEM private: false, OSU AP: false, FQDN: <none>, Provider friendly name: <none>, Requesting package name: <none><none>MLO Information: , AP MLD Address: <none>, AP MLO Link Id: <none>, AP MLO Affiliated links: <none>> SignalStrength: -62 AdminUids: [1000] SSID: "Talija" UnderlyingNetworks: Null]
07-10 01:33:25.121  5674  6164 I WifiConnectivityMonitor: current mode : 1
07-10 01:33:25.121  5674  6164 D OpenNetworkQos[4.00]: updateBssidNoInternet: mBssidNoInternet = false
07-10 01:33:25.121  5674  6164 D OpenNetworkQos[4.00]: getOpenNetworkQosNoInternetStatus: false
07-10 01:33:25.122  5674  6164 D OpenNetworkQos[4.00]: getOpenNetworkQosScores: 26 26 26
07-10 01:33:25.123  5674  6164 I WifiProfileShare: network QoS data was changed (internet), updateQoSData networkType: true, qosData: false
07-10 01:33:25.125  5674  7451 V WifiProfileShare.Caster: update wips network, size: 0
07-10 01:33:25.125  5674  7451 D WifiProfileShare: nearby scanning settings run
07-10 01:33:25.126  5674  7451 D WifiProfileShare: network score provider settings enabled
07-10 01:33:25.126  5674  7451 D OpenNetworkQos[4.00]: getOpenNetworkQosScores: 26 26 26
07-10 01:33:25.126  5674  7451 D OpenNetworkQos[4.00]: getOpenNetworkQosNoInternetStatus: false
07-10 01:33:25.126  5674  7451 I WifiProfileShare.Caster: current network type: 0, score: [26, 26, 26]
07-10 01:33:25.127  5674  7451 V WifiProfileShare.Cache: update network score 00:e4:06:**:**:90
07-10 01:33:25.127  5674  7451 D WifiProfileShare.ScanMatcher: getMcfDataList size:2
07-10 01:33:25.128  5674  7451 I WifiProfileShare.Caster: qos data was updated , before:type:QOS, pBssid:51:2e:90, qosData:7c after:type:QOS, pBssid:51:2e:90, qosData:7c
07-10 01:33:25.140 16924 16964 I ChimeraSrvcProxy: NullBinder for android.net.action.RECOMMEND_NETWORKS triggering remote TransactionTooLargeException due to Service without Chimera impl
07-10 01:33:25.140 16924 16964 W .gms.persistent: Large reply transaction of 1056768 bytes, interface descriptor , code 1
07-10 01:33:25.143  5674  7451 I [MCFSDK_android_1.2.4010]_4_b: isNetworkEnabled - type : 1 ret : true
07-10 01:33:25.143  5674  7451 D WifiProfileShare.McfCast: -ME--- mIsNetworkEnabled :true
07-10 01:33:25.144  5674  7451 D WifiProfileShare.McfCast: updateQoSData ignored, same contents
07-10 01:33:25.144  5674  7451 D WifiProfileShare.MCF: success update QosData !
07-10 01:33:25.144  5674  7451 I [MCFSDK_android_1.2.4010]_4_b: isNetworkEnabled - type : 1 ret : true
07-10 01:33:25.145  5674  7451 D WifiProfileShare.McfCast: -ME--- mIsNetworkEnabled :true
07-10 01:33:25.145  5674  7451 D WifiProfileShare.McfCast: -ME--- updatePasswordDate pwdData size:2
07-10 01:33:25.150  6461  6566 D NetworkController.WifiSignalController: notifyListener: visible=true, connected=true, inetCondition=1, isDefault=true, wifiTestReported=true, receivedInetCondition=-1, hideDuringMobileSwitching=false
07-10 01:33:26.993 31135 32652 I native  : I0000 00:00:1688945606.993589   32652 soda_async_impl.cc:1540] Current audio timestamp: 1688945606620242
07-10 01:33:27.138  5362  5362 I SurfaceFlinger: SFWD update time=135856508616635
07-10 01:33:28.160  5674  7726 D SemWifiUsabilityStatsMonitor: onWifiUsabilityStats - seqNum 22084, isSameBssidAndFreq true
07-10 01:33:28.160  5674  6055 D ConnectivityService: notifyType CALLBACK_CAP_CHANGED for [118 WIFI]
07-10 01:33:28.165  6461  6461 D NetworkController.WifiSignalController: notifyListener: visible=true, connected=true, inetCondition=1, isDefault=true, wifiTestReported=true, receivedInetCondition=-1, hideDuringMobileSwitching=false
07-10 01:33:28.168  5674  6086 D SemWifiSwitchForIndividualAppsService: stopTCPMonitoring : already stopped
07-10 01:33:28.169  5674  6086 I WifiConnectivityMonitor.NCC: sNetworkCallback(oCC) FULL : 118(true/false)[ Transports: WIFI Capabilities: NOT_METERED&INTERNET&NOT_RESTRICTED&TRUSTED&NOT_VPN&VALIDATED&NOT_ROAMING&FOREGROUND&NOT_CONGESTED&NOT_SUSPENDED&NOT_VCN_MANAGED LinkUpBandwidth>=15762Kbps LinkDnBandwidth>=38308Kbps TransportInfo: <SSID: <unknown ssid>, BSSID: 02:00:00:**:**:00, MAC: 02:00:00:**:**:00, IP: /192.168.1.19, Security type: 2, Supplicant state: COMPLETED, Wi-Fi standard: 5, RSSI: -64, Link speed: 325Mbps, Tx Link speed: 325Mbps, Max Supported Tx Link speed: 433Mbps, Rx Link speed: 6Mbps, Max Supported Rx Link speed: 433Mbps, Frequency: 5180MHz, Net ID: -1, Metered hint: false, score: 60, isUsable: true, CarrierMerged: false, SubscriptionId: -1, IsPrimary: 1, Trusted: true, Restricted: false, Ephemeral: false, OEM paid: false, OEM private: false, OSU AP: false, FQDN: <none>, Provider friendly name: <none>, Requesting package name: <none><none>MLO Information: , AP MLD Address: <none>, AP MLO Link Id: <none>, AP MLO Affiliated links: <none>> SignalStrength: -64 AdminUids: [1000] SSID: "Talija" UnderlyingNetworks: Null]
07-10 01:33:28.173  5674  6164 I WifiConnectivityMonitor: current mode : 1
07-10 01:33:28.173  5674  6164 D OpenNetworkQos[4.00]: updateBssidNoInternet: mBssidNoInternet = false
07-10 01:33:28.173  5674  6164 D OpenNetworkQos[4.00]: getOpenNetworkQosNoInternetStatus: false
07-10 01:33:28.174  5674  6164 D OpenNetworkQos[4.00]: getOpenNetworkQosScores: 26 26 26
07-10 01:33:28.174  5674  6128 I SemWifiLinkQualityMonitor: Link Qos Query: 0.035 ms / 227.500 Mbps (325 / 0.000 / 1.429)
07-10 01:33:28.189  5674  6164 I WifiProfileShare: network QoS data was changed (internet), updateQoSData networkType: true, qosData: false
07-10 01:33:28.190  5674  7451 V WifiProfileShare.Caster: update wips network, size: 0
07-10 01:33:28.191  5674  7451 D WifiProfileShare: nearby scanning settings run
07-10 01:33:28.191  5674  7451 D WifiProfileShare: network score provider settings enabled
07-10 01:33:28.191  5674  7451 D OpenNetworkQos[4.00]: getOpenNetworkQosScores: 26 26 26
07-10 01:33:28.191  5674  7451 D OpenNetworkQos[4.00]: getOpenNetworkQosNoInternetStatus: false
07-10 01:33:28.191  5674  7451 I WifiProfileShare.Caster: current network type: 0, score: [26, 26, 26]
07-10 01:33:28.199  5674  7451 V WifiProfileShare.Cache: update network score 00:e4:06:**:**:90
07-10 01:33:28.199  5674  7451 D WifiProfileShare.ScanMatcher: getMcfDataList size:2
07-10 01:33:28.199  5674  7451 I WifiProfileShare.Caster: qos data was updated , before:type:QOS, pBssid:51:2e:90, qosData:7c after:type:QOS, pBssid:51:2e:90, qosData:7c
07-10 01:33:28.201  5674  7451 I [MCFSDK_android_1.2.4010]_4_b: isNetworkEnabled - type : 1 ret : true
07-10 01:33:28.201  5674  7451 D WifiProfileShare.McfCast: -ME--- mIsNetworkEnabled :true
07-10 01:33:28.201  5674  7451 D WifiProfileShare.McfCast: updateQoSData ignored, same contents
07-10 01:33:28.201  5674  7451 D WifiProfileShare.MCF: success update QosData !
07-10 01:33:28.202  5674  7451 I [MCFSDK_android_1.2.4010]_4_b: isNetworkEnabled - type : 1 ret : true
07-10 01:33:28.202  5674  7451 D WifiProfileShare.McfCast: -ME--- mIsNetworkEnabled :true
07-10 01:33:28.202  5674  7451 D WifiProfileShare.McfCast: -ME--- updatePasswordDate pwdData size:2
07-10 01:33:28.205  6461  6566 D NetworkController.WifiSignalController: notifyListener: visible=true, connected=true, inetCondition=1, isDefault=true, wifiTestReported=true, receivedInetCondition=-1, hideDuringMobileSwitching=false
07-10 01:33:28.207 16924 18725 I ChimeraSrvcProxy: NullBinder for android.net.action.RECOMMEND_NETWORKS triggering remote TransactionTooLargeException due to Service without Chimera impl
07-10 01:33:28.207 16924 18725 W .gms.persistent: Large reply transaction of 1056768 bytes, interface descriptor , code 1
07-10 01:33:28.710 31135 31464 I A       : (REDACTED) #onAudioData: %s bytes, getAudioReadSize %s
07-10 01:33:30.958  5674 28649 D TrafficStats: tagSocket(969) with statsTag=0xffffffff, statsUid=-1
07-10 01:33:31.164  5674 28649 D WifiConnectivityMonitor.DnsThread:  [|208]
07-10 01:33:31.165  5674  6182 D WifiConnectivityMonitor.NetworkStatsAnalyzer: DNS resultType : 0, responseTime : 208
07-10 01:33:31.166  5674  6164 D OpenNetworkQos[4.00]: updateBssidLatestDnsResultType - result: 0
07-10 01:33:31.166  5674  6164 D OpenNetworkQos[4.00]: updateBssidNoInternet: mBssidNoInternet = false
07-10 01:33:31.166  5674  6164 D OpenNetworkQos[4.00]: getOpenNetworkQosNoInternetStatus: false
07-10 01:33:31.167  5674  6164 D OpenNetworkQos[4.00]: getOpenNetworkQosScores: 26 26 26
07-10 01:33:31.168  5674  6164 I WifiProfileShare: network QoS data was changed (internet), updateQoSData networkType: true, qosData: false
07-10 01:33:31.168  5674  7451 V WifiProfileShare.Caster: update wips network, size: 0
07-10 01:33:31.169  5674  7451 D WifiProfileShare: nearby scanning settings run
07-10 01:33:31.169  5674  7451 D WifiProfileShare: network score provider settings enabled
07-10 01:33:31.170  5674  7451 D OpenNetworkQos[4.00]: getOpenNetworkQosScores: 26 26 26
07-10 01:33:31.170  5674  7451 D OpenNetworkQos[4.00]: getOpenNetworkQosNoInternetStatus: false
07-10 01:33:31.170  5674  7451 I WifiProfileShare.Caster: current network type: 0, score: [26, 26, 26]
07-10 01:33:31.172  5674  7451 V WifiProfileShare.Cache: update network score 00:e4:06:**:**:90
07-10 01:33:31.172  5674  7451 D WifiProfileShare.ScanMatcher: getMcfDataList size:2
07-10 01:33:31.174  5674  7451 I WifiProfileShare.Caster: qos data was updated , before:type:QOS, pBssid:51:2e:90, qosData:7c after:type:QOS, pBssid:51:2e:90, qosData:7c
07-10 01:33:31.175  5674  7451 I [MCFSDK_android_1.2.4010]_4_b: isNetworkEnabled - type : 1 ret : true
07-10 01:33:31.175  5674  7451 D WifiProfileShare.McfCast: -ME--- mIsNetworkEnabled :true
07-10 01:33:31.175  5674  7451 D WifiProfileShare.McfCast: updateQoSData ignored, same contents
07-10 01:33:31.176  5674  7451 D WifiProfileShare.MCF: success update QosData !
07-10 01:33:31.177  5674  7451 I [MCFSDK_android_1.2.4010]_4_b: isNetworkEnabled - type : 1 ret : true
07-10 01:33:31.177  5674  7451 D WifiProfileShare.McfCast: -ME--- mIsNetworkEnabled :true
07-10 01:33:31.178  5674  7451 D WifiProfileShare.McfCast: -ME--- updatePasswordDate pwdData size:2
07-10 01:33:31.204  5674  7726 D SemWifiUsabilityStatsMonitor: onWifiUsabilityStats - seqNum 22085, isSameBssidAndFreq true
07-10 01:33:31.206  5674  6128 I SemWifiLinkQualityMonitor: Link Qos Query: 0.029 ms / 278.571 Mbps (390 / 0.000 / 1.400)
07-10 01:33:31.206  6461  6461 D NetworkController.WifiSignalController: notifyListener: visible=true, connected=true, inetCondition=1, isDefault=true, wifiTestReported=true, receivedInetCondition=-1, hideDuringMobileSwitching=false
07-10 01:33:32.596 30967 31717 I ContactsProvider_EventLog: cp_s: [CONTACT con(158) dat(1091) acc({sim(3)=15, sec(6)=1, sim2(4)=1, google(2)=81, org.telegram.messenger(236)=100, com.whatsapp(14)=41}) calls([logtype:100 cnt:877, logtype:200 cnt:5, logtype:300 cnt:495, logtype:1000 cnt:632, logtype:1150 cnt:161]) Iso(RS) uId(0) ]
