07-10 00:46:20.044 11611 11645 I TestRunner: started: mutableSpecificRefLong(org.jetbrains.android_benchmark.AckermannBenchmark)
07-10 00:46:20.048 11611 11611 I MonitoringInstr: Activities that are still in CREATED to STOPPED: 1
07-10 00:46:20.048 11611 11611 I MonitoringInstr: Finishing activity: androidx.benchmark.IsolationActivity@c9a4959
07-10 00:46:20.059 11611 11645 I GrantPermissionCallable: Permission: android.permission.WRITE_EXTERNAL_STORAGE is already granted!
07-10 00:46:20.060 11611 11645 I GrantPermissionCallable: Permission: android.permission.READ_EXTERNAL_STORAGE is already granted!
07-10 00:46:20.060 11611 11645 D Benchmark: -- Running org.jetbrains.android_benchmark.AckermannBenchmark#mutableSpecificRefLong --
07-10 00:46:20.061 11611 11645 D PerfettoCapture: Supported ABIs: arm64-v8a, armeabi-v7a, armeabi
07-10 00:46:20.061 11611 11645 D PerfettoCapture: Recording perfetto trace
07-10 00:46:20.102 11611 11645 I PerfettoCapture: Cleanup perfetto before starting.
07-10 00:46:20.188  5353  6075 V APM_AudioPolicyManager: setAppState(portId:1005, state:1)
07-10 00:46:20.190  5674  5745 W libprocessgroup: Failed to open /dev/blkio//cgroup.procs: No such file or directory
07-10 00:46:20.213 10639 10639 I SCS@AiSearch user 0: (ObserverWorker::AOSP_MP) [main] entering in startWork():
07-10 00:46:20.214 10639 10639 I SCS@AiSearch user 0: (BaseCollector::AOSP_MP) [main] entering in onChange():
07-10 00:46:20.215 10639 10825 I SCS@AiSearch user 0: (BaseCollector::AOSP_MP) [AOSP_MP-0] entering in collectChanges():
07-10 00:46:20.222  5674  9919 D PackageManager: setEnabledSetting : userId = 0 packageName = com.samsung.android.scs cmp = androidx.work.impl.background.systemalarm.RescheduleReceiver newState = 1 callingPackage = 10380/com.samsung.android.scs
07-10 00:46:20.224  5674  9919 D ApplicationPolicy: getApplicationStateEnabled : pkg = com.samsung.android.scs userId : 0
07-10 00:46:20.225  5674  9919 D ApplicationPolicy: getApplicationComponentState : pkg = com.samsung.android.scs userId : 0
07-10 00:46:20.282 11611 11645 I PerfettoCapture: Perfetto output file cleanup -
07-10 00:46:20.282 11611 11645 I PerfettoCapture: Starting perfetto tracing with cmd: cat /storage/emulated/0/Android/data/org.jetbrains.android_benchmark.test/cache/trace_config.pb | perfetto --background -c - -o /data/misc/perfetto-traces/trace_output.pb
07-10 00:46:20.366 10639 10825 I SCS@AiSearch user 0: (BaseCollector::AOSP_MP) fetchInternal values : maxSyncId: 1000028446 indexCount: 19466 sourceCount: 19466
07-10 00:46:20.424 16380 16380 I perfetto:    perfetto_cmd.cc:1001 Connected to the Perfetto traced service, starting tracing
07-10 00:46:20.426  5436  5436 I perfetto: ing_service_impl.cc:953 Configured tracing session 295, #sources:4, duration:0 ms, #buffers:2, total buffer size:36864 KB, total sessions:1, uid:2000 session name: ""
07-10 00:46:20.427  5424  5424 I perfetto:  probes_producer.cc:139 Ftrace setup (target_buf=589)
07-10 00:46:20.462 11611 11645 I PerfettoCapture: Perfetto output - 16380
07-10 00:46:20.462 11611 11645 I PerfettoCapture: EXITCODE=0
07-10 00:46:20.466 10639 10825 I SCS@AiSearch user 0: (IndexManager) [AOSP_MP-0] entering in addIndex():
07-10 00:46:20.471 10639 10825 I SCS@AiSearch user 0: (BaseCollector::AOSP_MP) fetch: fetching took  179 ms
07-10 00:46:20.471 10639 10825 I SCS@AiSearch user 0: (BaseCollector::AOSP_MP) fetchChanges: applied 0 items
07-10 00:46:20.472 10639 10825 I SCS@AiSearch user 0: (BaseCollector::AOSP_MP) Collect finished. Result: true
07-10 00:46:20.473 10639 10775 I WM-WorkerWrapper: Worker result SUCCESS for Work [ id=1955b3dc-f75a-4d0c-9277-506bd42ba2e7, tags={ com.sec.android.app.myfiles, com.samsung.android.scs.ai.search.data.collector.ObserverWorker } ]
07-10 00:46:20.476 10639 10825 I SCS@AiSearch user 0: (BaseCollector::AOSP_MP) enqueue ObserverWorker name: com.sec.android.app.myfiles, policy: APPEND_OR_REPLACE
07-10 00:46:20.486  5353  6075 V APM_AudioPolicyManager: setAppState(portId:1005, state:1)
07-10 00:46:20.487  4380  4380 I hwservicemanager: getTransport: Cannot find entry android.hardware.atrace@1.0::IAtraceDevice/default in either framework or device VINTF manifest.
07-10 00:46:20.498  5353  6075 V APM_AudioPolicyManager: setAppState(portId:1005, state:1)
07-10 00:46:20.512  5424  5424 I perfetto:    ftrace_procfs.cc:335 enabled ftrace in /sys/kernel/tracing/
07-10 00:46:20.556 11611 11645 I PerfettoCapture: Perfetto tracing started successfully with pid 16380.
07-10 00:46:20.576  5674  9919 D PackageManager: setEnabledSetting : userId = 0 packageName = com.samsung.android.scs cmp = androidx.work.impl.background.systemalarm.RescheduleReceiver newState = 1 callingPackage = 10380/com.samsung.android.scs
07-10 00:46:20.578  5674  9919 D ApplicationPolicy: getApplicationStateEnabled : pkg = com.samsung.android.scs userId : 0
07-10 00:46:20.580  5674  9919 D ApplicationPolicy: getApplicationComponentState : pkg = com.samsung.android.scs userId : 0
07-10 00:46:20.619  5674  6055 D ConnectivityService: reportNetworkActive, notify 0 listeners
07-10 00:46:20.639 11611 11645 I PerfettoCapture: /sys/kernel/tracing/tracing_on = 1, polled 0 times, capture fully started
07-10 00:46:20.640 11611 11645 D Benchmark: Set 11645 (Bench thread) to priority -20. Was -8, now -20
07-10 00:46:20.641 11611 11645 D Benchmark: Set 11624 (Jit) to priority -15. Was 9, now -15
07-10 00:46:20.680 11611 11645 I _benchmark.test: Explicit concurrent copying GC freed 206117(3736KB) AllocSpace objects, 1(20KB) LOS objects, 67% free, 2960KB/9104KB, paused 1.098ms,125us total 39.150ms
07-10 00:46:22.567  5674  7726 D SemWifiUsabilityStatsMonitor: onWifiUsabilityStats - seqNum 21156, isSameBssidAndFreq true
07-10 00:46:22.570  5674  6128 I SemWifiLinkQualityMonitor: Link Qos Query: 0.046 ms / 175.500 Mbps (351 / 0.000 / 2.000)
07-10 00:46:22.571  6461  6461 D NetworkController.WifiSignalController: notifyListener: visible=true, connected=true, inetCondition=1, isDefault=true, wifiTestReported=true, receivedInetCondition=-1, hideDuringMobileSwitching=false
07-10 00:46:22.704 29789 16397 I GmscoreIpa: Starting mediastore instant index [CONTEXT service_id=255 ]
07-10 00:46:22.900  6877  7330 E #IMSCR  : 07-10 00:46:22 0x11030000:1,REGI:REFRESH
07-10 00:46:22.933  6877  7330 I StackIF : processMessage 3
07-10 00:46:22.933  6877  7330 I StackIF : Processing Notify
07-10 00:46:22.934  6877  7330 I SECIMSJ : [UNSL]< 10003
07-10 00:46:22.934  6877  7330 I StackIF : processNotify: id 10003
07-10 00:46:22.939  6877  7330 I SIPMSG[1]: [-->] REGISTER sip:ims.mnc001.mcc220.3gppnetwork.org SIP/2.0 [CSeq: 11 REGISTER]
07-10 00:46:22.942  6877  7137 I ResipRawSipHandler: handleMessage: event: 200
07-10 00:46:22.946  6877  7330 E StackRequestBuilderUtil: not added translate Mno Inverse Map
07-10 00:46:22.955  6877  7137 I ResipVolteHandler: handleMessage: evt 114
07-10 00:46:22.959  6877  7330 I CpAudioEngineClient: SAE_NotiInfo: SAE_NotiInfo string: 00:46:22.956>REGISTER:11 REGISTER
07-10 00:46:22.959  6877  7330 I VoIpEngineProxy: NotiInfo:Sending IPC_IMS_INFO Noti
07-10 00:46:22.960  6877  7330 I OemIpcHandler: ImsNotiInfo ImsNoti send IPC : 00:46:22.956>REGISTER:11 REGISTER
07-10 00:46:22.960  6877  7330 I OemIpcHandler: SendOemIpcCommand: main 16 sub 0c len(108) phoneId 1
07-10 00:46:22.960  6877  7330 I OemIpcHandler: SendOemIpcCommand: Send Client 222...
07-10 00:46:22.963  6877  7330 I CpAudioEngineClient: SAE_SignalingInfo: Entry
07-10 00:46:22.963  6877  7330 I CpAudioEngineClient: SAE_SignalingInfo: mode : 1, priority : 255,  msgType : 4
07-10 00:46:22.963  6877  7330 I VoIpEngineProxy: Sending IPC_IMS_SIGNALLING
07-10 00:46:22.964  6877  7330 I DefaultOemIPCHandler: ImsSignalingInfo: SendIpc.
07-10 00:46:22.964  6877  7330 I OemIpcHandler: PrepareWaiting:
07-10 00:46:22.964  6877  7330 I OemIpcHandler: SendOemIpcCommand: main 16 sub 19 len(10) phoneId 1
07-10 00:46:22.964  6877  7330 I OemIpcHandler: IPC counter[39]
07-10 00:46:22.964  6877  7330 I OemIpcHandler: SendOemIpcCommand: Send Client 222...
07-10 00:46:22.964  6877  7330 I OemIpcHandler: WaitwithTimeout:
07-10 00:46:22.969  6877  7333 I reSIProcate: INFO | RESIP:TRANSACTION | TuSelector.cxx:145 | Sending AlarmMessage 128000 to TUs
07-10 00:46:22.970  6877  7333 I reSIProcate: INFO | RESIP:TRANSPORT | TransportSelector.cxx:810 | Via=SIP/2.0/TCP 10.192.37.166:7100;branch=z9hG4bK-524287-1---7c7165c505f41a9b;rport;keep;transport=TCP
07-10 00:46:22.971  6877  7333 I reSIProcate: INFO | RESIP:TRANSPORT | TransportSelector.cxx:811 | Target=[ V4 10.24.28.156:9900 TCP target domain=10.24.28.156 mFlowKey=0 ] cport =7102 ] mInterface=rmnet5 ] transportKey=0 ]
07-10 00:46:22.972  6877  7333 I reSIProcate: INFO | RESIP:TRANSPORT | TransportSelector.cxx:1500 | Transmitting to [ V4 10.24.28.156:9900 TCP target domain=10.24.28.156 mFlowKey=0 ] cport =7102 ] mInterface=rmnet5 ] transportKey=59 ] tlsDomain= via [ V4 10.192.37.166:7100 TCP target domain=unspecified mFlowKey=0 ] cport =0 ] mInterface= ] transportKey=0 ]
07-10 00:46:22.972  6877  7333 I reSIProcate: SipReq:  REGISTER ims.mnc001.mcc220.3gppnetwork.org tid=7c7165c505f41a9b cseq=11 REGISTER contact=xxxx@10.192.37.166:7100 / 11 from(tu)sigcomp id=
07-10 00:46:22.972  6877  7435 I SipTransportNotifier: isAdhocProfileRegister: domain from StartLine is [sip:ims.mnc001.mcc220.3gppnetwork.org]
07-10 00:46:22.973  6877  7435 I SipTransportNotifier: onSipRegisterTransaction: Find matched tracker. Update RegTracker(state: AUTHORIZING) callId: XjAgx9jb8Bdubpv0STQD-g..
07-10 00:46:22.974  6877  7333 I reSIProcate: INFO | RESIP:TRANSPORT | Connection.cxx:229 | Interface : rmnet5, Tried to send 1990 bytes, sent 1990 bytes
07-10 00:46:22.979  6877  8346 I OemIpcHandler: onRawReqComplete,
07-10 00:46:22.980  6877  8346 I OemIpcHandler: onRawReqComplete,
07-10 00:46:23.004  6877  8346 I RILClient: processUnsolicited(): resp_id (11024), len(12)
07-10 00:46:23.004  6877  8346 I RILClient: processUnsolicited(): unsol_func resp_id (11024), len(12)
07-10 00:46:23.004  6877  8346 I OemIpcHandler: onUnsol: main 0x80 sub 0x01 type 0x02
07-10 00:46:23.004  6877  8346 I OemIpcHandler: onUnsol: client->prv = cfaeec00
07-10 00:46:23.004  6877  8346 I OemIpcHandler: onUnsol: LastMainCmd 16, LastSubCmd 19, RespMainCmd 16, RespSubCmd 19, RespErrorValue 8000
07-10 00:46:23.004  6877  8346 I OemIpcHandler: Notify:
07-10 00:46:23.005  6877  8346 I OemIpcHandler: Notify: exit
07-10 00:46:23.005  6877  7330 I OemIpcHandler: WaitwithTimeout: exit
07-10 00:46:23.006  6877  7330 I StackIF : processMessage 3
07-10 00:46:23.006  6877  7330 I StackIF : Processing Notify
07-10 00:46:23.006  6877  7330 I SECIMSJ : [UNSL]< 20001
07-10 00:46:23.006  6877  7330 I StackIF : processNotify: id 20001
07-10 00:46:23.007  6877  7330 I ResipMiscHandler: onAlarmRequested: delay=128000 id=10242
07-10 00:46:23.016  5293 16464 E power   : Failed to get SystemSuspend service
07-10 00:46:23.026  6877  7137 I ResipMiscHandler: ALARM_WAKE_UP id=10241
07-10 00:46:23.029  6877  7137 I SECIMSJ : [1512]> 64
07-10 00:46:23.031  6877  7330 I [IMS6.0]: IMS_onResponse()
07-10 00:46:23.031  6877  7330 I StackIF : processMessage 2
07-10 00:46:23.031  6877  7330 I StackIF : Processing Response
07-10 00:46:23.031  6877  7330 I SECIMSJ : [1512]< 901
07-10 00:46:23.031  6877  7330 I StackIF : processResponse: reqId 901
07-10 00:46:23.031  6877  7330 I StackIF : processResponse: handle -1 result 0 reason 0
07-10 00:46:23.108  6429  6543 I System.out: Broadcasting: Intent { act=com.sec.intent.action.SARDEVICE_CP flg=0x10000000 (has extras) }
07-10 00:46:23.114  5674  5866 D MotionRecognitionService: [SAR]  onReceive : SARDEVICE_CP, callAction = on deviceID = 3 slot = 1 device_ext = 0
07-10 00:46:23.115  5674  5866 I MotionRecognitionService: [SAR] id : 0 cmd :on
07-10 00:46:23.117  5674  5866 I MotionRecognitionService: [SAR] A96T3X6 Grip sensor enableSensor
07-10 00:46:23.128  5674  5866 D SensorService: [GripSensor] ++ setGripThdWithMCC  (65560)
07-10 00:46:23.133  5674  5866 D SensorService: GripSensor: MCC Path does not exist
07-10 00:46:23.138  5306  5306 I SensorsGrip: [grip_sensor] enable: GripSensor: enable handle = 11 en = 1
07-10 00:46:23.144  5306  5306 E SensorsGrip: [grip_sensor] enable: mEnabled : 1, first_grip_event : 1
07-10 00:46:23.144  5306  5400 I SensorsGrip: [grip_sensor] readEvents: GripSensor: grip 1ch data = RELEASE
07-10 00:46:23.144  5306  5400 I SensorsGrip: [grip_sensor] readEvents: GripSensor: grip 1ch unknown NORMAL MODE
07-10 00:46:23.145  5674  5866 D SensorManager: registerListener :: 33554443, A96T3X6 Grip sensor, 200000, 0, com.samsung.android.gesture.MotionRecognitionSAR$GripSensorWrapper$1@5e43848
07-10 00:46:23.147  5674  5866 I MotionRecognitionService: [SAR] A96T3X6 Grip sensor enable channel 0 : 2 , channel 1 : 0
07-10 00:46:23.147  5674  5866 I MotionRecognitionService: [SAR] A96T3X6_SUB Grip sensor for sub enableSensor
07-10 00:46:23.149  5674  5866 D SensorService: [GripSensor] ++ setGripThdWithMCC  (65560)
07-10 00:46:23.149  5674  5866 D SensorService: GripSensor: MCC Path does not exist
07-10 00:46:23.151  5306  5306 I SensorsGrip: [grip_sensor_sub] enable: GripSensor: enable handle = 18 en = 1
07-10 00:46:23.155  5306  5306 E SensorsGrip: [grip_sensor_sub] enable: mEnabled : 1, first_grip_event : 1
07-10 00:46:23.155  5306  5401 I SensorsGrip: [grip_sensor_sub] readEvents: GripSensor: grip 1ch data = RELEASE
07-10 00:46:23.156  5674  5866 D SensorManager: registerListener :: 33554450, A96T3X6_SUB Grip sensor for sub, 200000, 0, com.samsung.android.gesture.MotionRecognitionSAR$GripSensorWrapper$1@5817aa8
07-10 00:46:23.157  5674  5866 I MotionRecognitionService: [SAR] A96T3X6_SUB Grip sensor for sub enable channel 0 : 2 , channel 1 : 0
07-10 00:46:23.157  5674  5866 I MotionRecognitionService: [SAR] id : 1 cmd :on
07-10 00:46:23.159  6429  7189 I System.out: Broadcast completed: result=0
07-10 00:46:23.162  5674  5866 I MotionRecognitionService: [SAR] A96T3X6 Grip sensor onSensorChanged : 5.0 , 0.0 , 0.0 , 1.0 , 0.0
07-10 00:46:23.163  5674  5866 I MotionRecognitionService: [SAR] A96T3X6 Grip sensor clearBackOff channel: 0 , index: 0
07-10 00:46:23.163  5674  5866 I MotionRecognitionService: [SAR] A96T3X6 Grip sensorsetTunerGrip 8589934592 , state: false
07-10 00:46:23.176  5674  5866 D MotionRecognitionService: [SAR] set setTransmitPowerExt  value : 8589934592 : false
07-10 00:46:23.176  5674  5866 I MotionRecognitionService: [SAR] tunerGrip is 8589934592, state : false
07-10 00:46:23.176  5674  5866 I MotionRecognitionService: [SAR] A96T3X6_SUB Grip sensor for sub onSensorChanged : 5.0 , 0.0 , 0.0 , 0.0 , 0.0
07-10 00:46:23.176  5674  5866 I MotionRecognitionService: [SAR] A96T3X6_SUB Grip sensor for sub clearBackOff channel: 0 , index: 1
07-10 00:46:23.176  5674  5866 I MotionRecognitionService: [SAR] A96T3X6_SUB Grip sensor for subsetTunerGrip 8589934592 , state: false
07-10 00:46:23.182  5674  5866 D MotionRecognitionService: [SAR] set setTransmitPowerExt  value : 8589934592 : false
07-10 00:46:23.182  5674  5866 I MotionRecognitionService: [SAR] tunerGrip is 8589934592, state : false
07-10 00:46:23.412  6461  6566 D MobileStatusTracker(1/2): onDataActivity: direction=3
07-10 00:46:23.417  6461  6566 D MobileSignalController(1/2): notifyListener: enabled=true, connected=true, dataConnected=false, networkType=LTE (4G), emergencyOnly=false, roaming=false, isDefault=false, dataActivity=inout, level=1, ca=false, mmWave=false, disabledDataIcon=false, simCard=ETC
07-10 00:46:23.420  6877  7333 I reSIProcate: INFO | RESIP:TRANSPORT | Transport.cxx:401 | incoming from: [ V4 10.24.28.156:9900 TCP target domain=10.24.28.156 mFlowKey=206 ] cport =7102 ] mInterface=rmnet5 ] transportKey=59 ]
07-10 00:46:23.421  6877  7333 I reSIProcate: INFO | RESIP:TRANSPORT | Transport.cxx:402 | SipResp: 200 tid=7c7165c505f41a9b cseq=11 REGISTER contact=xxxx@10.192.37.166:7100 / 11 from(wire)
07-10 00:46:23.421  6877  7333 I reSIProcate: INFO | RESIP:TRANSPORT | Connection.cxx:450 | Connection::performReads()  read=735
07-10 00:46:23.424  6877  7333 I CpAudioEngineClient: SAE_NotiInfo: SAE_NotiInfo string: 00:46:23.424<200 OK:11 REGISTER
07-10 00:46:23.424  6877  7333 I VoIpEngineProxy: NotiInfo:Sending IPC_IMS_INFO Noti
07-10 00:46:23.424  6877  7333 I OemIpcHandler: ImsNotiInfo ImsNoti send IPC : 00:46:23.424<200 OK:11 REGISTER
07-10 00:46:23.424  6877  7333 I OemIpcHandler: SendOemIpcCommand: main 16 sub 0c len(108) phoneId 1
07-10 00:46:23.424  6877  7333 I OemIpcHandler: SendOemIpcCommand: Send Client 222...
07-10 00:46:23.424  6877  7330 I StackIF : processMessage 3
07-10 00:46:23.424  6877  7330 I StackIF : Processing Notify
07-10 00:46:23.425  6877  7330 I SECIMSJ : [UNSL]< 10003
07-10 00:46:23.425  6877  7330 I StackIF : processNotify: id 10003
07-10 00:46:23.425  6877  7333 I reSIProcate: INFO | RESIP:TRANSACTION | TuSelector.cxx:145 | Sending AlarmMessage 0 to TUs
07-10 00:46:23.427  6877  7330 I SIPMSG[1]: [<--] SIP/2.0 200 OK [CSeq: 11 REGISTER]
07-10 00:46:23.427  6877  7330 E StackRequestBuilderUtil: not added translate Mno Inverse Map
07-10 00:46:23.429  6877  7137 I ResipRawSipHandler: handleMessage: event: 100
07-10 00:46:23.434  6877  7137 I ResipVolteHandler: handleMessage: evt 114
07-10 00:46:23.436  6877  8346 I OemIpcHandler: onRawReqComplete,
07-10 00:46:23.436  6877  7330 E #IMSCR  : 07-10 00:46:23 0x11030002:1,REG EXP:3600
07-10 00:46:23.437  6877  7330 I StackIF : processMessage 3
07-10 00:46:23.437  6877  7330 I StackIF : Processing Notify
07-10 00:46:23.437  6877  7330 I SECIMSJ : [UNSL]< 20002
07-10 00:46:23.437  6877  7330 I StackIF : processNotify: id 20002
07-10 00:46:23.439  6877  7435 I SipTransportNotifier: onSipRegisterTransaction: Find matched tracker. Update RegTracker(state: AUTHORIZING) callId: XjAgx9jb8Bdubpv0STQD-g..
07-10 00:46:23.439  6877  7330 I ResipMiscHandler: onAlarmCancelled: id=10240
07-10 00:46:23.440  6877  7330 I StackIF : processMessage 3
07-10 00:46:23.440  6877  7330 I StackIF : Processing Notify
07-10 00:46:23.440  6877  7330 I SECIMSJ : [UNSL]< 20001
07-10 00:46:23.441  6877  7330 I StackIF : processNotify: id 20001
07-10 00:46:23.441  6877  7330 I ResipMiscHandler: onAlarmRequested: delay=3600000 id=10243
07-10 00:46:23.441  6877  7330 I StackIF : processMessage 3
07-10 00:46:23.442  6877  7330 I StackIF : Processing Notify
07-10 00:46:23.442  6877  7330 I SECIMSJ : [UNSL]< 20001
07-10 00:46:23.442  6877  7330 I StackIF : processNotify: id 20001
07-10 00:46:23.442  6877  7330 I ResipMiscHandler: onAlarmRequested: delay=3000000 id=10244
07-10 00:46:23.442  6877  7330 I StackIF : processMessage 3
07-10 00:46:23.442  6877  7330 I StackIF : Processing Notify
07-10 00:46:23.442  6877  7330 I SECIMSJ : [UNSL]< 10001
07-10 00:46:23.442  6877  7330 I StackIF : processNotify: id 10001
07-10 00:46:23.443  6877  7330 I StackIF : RegistrationStatus - handle 15 serviceList [mmtel-video, smsip, mmtel] regiType REGI code 200 reason OK ecmpMode 0 retryAfter 0 reason header
07-10 00:46:23.446  6877  7330 I UserAgent[1]: onRegistered: handle=15 error=200 - OK -  ecmpMode=0 serviceList=[mmtel-video, smsip, mmtel]
07-10 00:46:23.454  6877  7330 I StackIF : processMessage 3
07-10 00:46:23.454  6877  7330 I StackIF : Processing Notify
07-10 00:46:23.454  6877  7320 I UserAgent<1>: RegisteredState reRegistered.
07-10 00:46:23.454  6877  7330 I SECIMSJ : [UNSL]< 20002
07-10 00:46:23.454  6877  7330 I StackIF : processNotify: id 20002
07-10 00:46:23.455  6877  7330 I ResipMiscHandler: onAlarmCancelled: id=10242
07-10 00:46:23.455  6877  7330 I CpAudioEngineClient: SAE_SignalingInfo: Entry
07-10 00:46:23.455  6877  7330 I CpAudioEngineClient: SAE_SignalingInfo: mode : 2, priority : 255,  msgType : 4
07-10 00:46:23.455  6877  7330 I VoIpEngineProxy: Sending IPC_IMS_SIGNALLING
07-10 00:46:23.455  6877  7330 I DefaultOemIPCHandler: ImsSignalingInfo: SendIpc.
07-10 00:46:23.455  6877  7330 I OemIpcHandler: PrepareWaiting:
07-10 00:46:23.455  6877  7330 I OemIpcHandler: SendOemIpcCommand: main 16 sub 19 len(10) phoneId 1
07-10 00:46:23.455  6877  7330 I OemIpcHandler: IPC counter[40]
07-10 00:46:23.455  6877  7330 I OemIpcHandler: SendOemIpcCommand: Send Client 222...
07-10 00:46:23.455  6877  7330 I OemIpcHandler: WaitwithTimeout:
07-10 00:46:23.456  6877  8346 I OemIpcHandler: onRawReqComplete,
07-10 00:46:23.459  5293 16464 E power   : Failed to get SystemSuspend service
07-10 00:46:23.461  6877  8346 I RILClient: processUnsolicited(): resp_id (11024), len(12)
07-10 00:46:23.461  6877  8346 I RILClient: processUnsolicited(): unsol_func resp_id (11024), len(12)
07-10 00:46:23.461  6877  8346 I OemIpcHandler: onUnsol: main 0x80 sub 0x01 type 0x02
07-10 00:46:23.461  6877  8346 I OemIpcHandler: onUnsol: client->prv = cfaeec00
07-10 00:46:23.461  6877  8346 I OemIpcHandler: onUnsol: LastMainCmd 16, LastSubCmd 19, RespMainCmd 16, RespSubCmd 19, RespErrorValue 8000
07-10 00:46:23.461  6877  8346 I OemIpcHandler: Notify:
07-10 00:46:23.461  6877  8346 I OemIpcHandler: Notify: exit
07-10 00:46:23.461  6877  7330 I OemIpcHandler: WaitwithTimeout: exit
07-10 00:46:23.464  6877  7320 I UserAgent[1]: extractDomain: For IMSI-based registration, use phone-context as domain.
07-10 00:46:23.470  6877  7320 I UserAgent<1>: getPreferredImpu: null
07-10 00:46:23.473  6877  7320 I StackIF : setPreferredImpu: handle 15 impu sip:xxxxxxxxxxxxxxx@ims.mnc001.mcc220.3gppnetwork.org
07-10 00:46:23.474  6877  7320 I SECIMSJ : [1513]> 136
07-10 00:46:23.476  6877  7320 I ResipRegiMgr: onRegistered: UA handle 15
07-10 00:46:23.476  6877  7330 I [IMS6.0]: IMS_onResponse()
07-10 00:46:23.476  6877  7330 I StackIF : processMessage 2
07-10 00:46:23.476  6877  7330 I StackIF : Processing Response
07-10 00:46:23.477  6877  7330 I SECIMSJ : [1513]< 107
07-10 00:46:23.477  6877  7137 I RegiMgr-Handler: handleMessage: EVENT_REGISTERED
07-10 00:46:23.477  6877  7330 I StackIF : processResponse: reqId 107
07-10 00:46:23.477  6877  7330 I StackIF : processResponse: handle 15 result 0 reason 0
07-10 00:46:23.477  6877  7137 I RegiMgr : #IMSREGI - KPI[1]: 13 LATCH 131958.929s
07-10 00:46:23.477  6877  7137 I RegiMgr : #IMSREGI - KPI[1]: PDN Setup -11891.955s [Request by IMS : false]
07-10 00:46:23.477  6877  7137 I RegiMgr : #IMSREGI - KPI[1]: SIP Registration 24004.844s
07-10 00:46:23.478  6877  7137 I RegiMgr : #IMSREGI - KPI[1]: Total Time 144071.946s, <Gap IMS PDN from Request to Connected : 0.128s>, <Gap Latch from Data Attch to PDN Request : 0.0s (Request by RIL)>
07-10 00:46:23.479  6877  7137 I RegiMgr : slot[1]: [Telenor Serbia IMS|REGISTERED] onRegistered: RAT = 13, profile=Telenor Serbia IMS, service=[mmtel-video, smsip, mmtel]
07-10 00:46:23.485  6877  7137 E #IMSCR  : 07-10 00:46:23 0x11010000:1,REG OK:13:Telenor_RS:ims:0x00000007
07-10 00:46:23.486  6877  7137 I ConfigProvider: query uri:xxxxx
07-10 00:46:23.498  6877  7137 I ConfigProvider: queryStorage path content://com.samsung.rcs.autoconfigurationprovider/parameter/inturlfmt#simslot1
07-10 00:46:23.500  6877  7137 I RcsConfigurationHelper<1>: getNetworkUriType: rcsUriFmt[-1]
07-10 00:46:23.504  6877  7137 I RegisterTask: isSuspended: mSuspended(false) mSuspendByIrat(false)
07-10 00:46:23.509  6877  7137 E GlobalSettingsRepoBase: globalgcsettings No matched key : show_vowifi_regi_icon
07-10 00:46:23.510  6877  7137 E GlobalSettingsRepoBase: globalgcsettings No matched key : show_volte_regi_icon
07-10 00:46:23.510  6877  7137 E GlobalSettingsRepoBase: globalgcsettings No matched key : remove_icon_nosvc
07-10 00:46:23.511  6877  7137 E GlobalSettingsRepoBase: globalgcsettings No matched key : hide_vowifi_icon_when_cs_call
07-10 00:46:23.512  6877  7137 I ImsIconManager<1>: getRegiRat [13], getCurrentNetwork [13]
07-10 00:46:23.512  6877  7137 I ImsIconManager<1>: updateRegistrationIcon: VoLTE [show: true, regi: true] VoWiFi [show: true, regi: false] RCS [show: false, regi: false] CROSS SIM [regi: false] (SUSPENDED: false)
07-10 00:46:23.514  6877  7137 E GlobalSettingsRepoBase: globalgcsettings No matched key : volte_regi_icon_id2
07-10 00:46:23.517  6877  7137 E GlobalSettingsRepoBase: globalgcsettings No matched key : show_rcs_regi_icon
07-10 00:46:23.518  6877  7137 I ImsIconManager<1>: isRcsIconVisible: true
07-10 00:46:23.518  6877  7137 E GlobalSettingsRepoBase: globalgcsettings No matched key : vowifi_operator_label
07-10 00:46:23.518  6877  7137 I RegiMgr<0>: tryRegister:
07-10 00:46:23.519  6877  7137 I RegiMgr<0>: RegisterTask(s): Megafon VoLTE (IDLE)
07-10 00:46:23.519  6877  7137 I RegiMgr<1>: RegisterTask(s): Telenor Serbia IMS (REGISTERED, rat = 13, service = [mmtel-video, smsip, mmtel]), Global GC RCS (IDLE)
07-10 00:46:23.519  6877  7137 I RcsPolicyMgr<0>: pendingRcsRegister: mActiveDataPhoneId = 1
07-10 00:46:23.520  6877  7137 I RegisterTask: isSuspended: mSuspended(false) mSuspendByIrat(false)
07-10 00:46:23.520  6877  7137 I RegiMgr<0>: [Megafon VoLTE|IDLE] checkForTryRegister id: 891
07-10 00:46:23.520  6877  7137 I RegiMgr : isPdnConnected: false, PdnType: 11
07-10 00:46:23.524  6877  7137 I PdnController: getDefaultNetworkBearer:  WIFI
07-10 00:46:23.526  6877  7137 I PdnController<0>: isNetworkAvailable: isEpdgConnected=false getDataNetworkType()=13
07-10 00:46:23.529  6877  7137 I RegiMgr-Utils<0>: findBestNetwork: LTE
07-10 00:46:23.531  6877  7137 I RegiGvnBase<0>: isReadyToDualRegister : true
07-10 00:46:23.534  6877  7137 I RegiMgr<0>: [Megafon VoLTE|IDLE] checkInitialRegistrationIsReady: APM ON [false], Roamimg [false]
07-10 00:46:23.534  6877  7137 I RcsPolicyMgr<0>: pendingRcsRegister: mActiveDataPhoneId = 1
07-10 00:46:23.534  6877  7137 I ImsProfile: isRttSupportByCallApp : false ttyType : 1
07-10 00:46:23.534  6877  7137 I RegiMgr-Utils<0>: getPriorityRegiedTask : isPriority  High? true
07-10 00:46:23.535  6877  7137 I RegiGvnBase: checkRegiStatus: getState()=IDLE mIsUpdateRegistering=false
07-10 00:46:23.535  6877  7137 I RegiMgr<0>: getTelephonyCallStatus:
07-10 00:46:23.539  6877  7137 E TelephonyManagerWrapper: use backup gid : null
07-10 00:46:23.540  6877  7137 I RcsUtils<0>: dualRcsPolicyCase: policy 0
07-10 00:46:23.546  6877  7137 I ConfigTrigger<0>: isWaitAutoConfig:
07-10 00:46:23.547  6877  7137 E TelephonyManagerWrapper: use backup gid : null
07-10 00:46:23.547  6877  7137 I RcsUtils<0>: dualRcsPolicyCase: policy 0
07-10 00:46:23.547  6877  7137 I RegiMgr-Utils: selectPdnType: rat=13pdn=11
07-10 00:46:23.547  6877  7137 I RegiMgr<0>: getServiceForNetwork: network 13
07-10 00:46:23.547  6877  7137 I RegiMgr<0>: getServiceForNetwork: service {mmtel, smsip}
07-10 00:46:23.554  6877  7137 I SimManager: isLabSimCard: state [LOADED] isLabSim [false]
07-10 00:46:23.560  6877  7137 I RegiGvnEur: isDataAllowed: isRoaming = true, isDataOn = true, isDataRoamingOn =false
07-10 00:46:23.560  6877  7137 I RegiGvnEur<0>: Mobile off!
07-10 00:46:23.560  6877  7137 I ConfigTrigger<0>: isValidAcsVersion:
07-10 00:46:23.561  6877  7137 E TelephonyManagerWrapper: use backup gid : null
07-10 00:46:23.561  6877  7137 I RcsUtils<0>: dualRcsPolicyCase: policy 0
07-10 00:46:23.561  6877  7137 I ConfigTrigger<0>: DDS set to other SIM
07-10 00:46:23.561  6877  7137 I RegiGvnEur<0>: by VoPS policy: remove all service
07-10 00:46:23.561  6877  7137 I RegiMgr<0>: getServiceForNetwork: filtered service []
07-10 00:46:23.562  6877  7137 I RegiMgr<0>: Megafon VoLTE: no ims service for current rat13
07-10 00:46:23.563  6877  7137 I PdnController: slot[0]: stopPdnConnectivity: network 11, callback is null
07-10 00:46:23.564  6877  7137 E PdnController<0>: requestStopNetwork: callback not found
07-10 00:46:23.564  6877  7137 E #IMSCR  : 07-10 00:46:23 0x1101000B:0,FILTERED ALL:11
07-10 00:46:23.564  6877  7137 E #IMSREGI: (0, Megafon VoLTE) NOT_TRIGGERED : reason - VOPS_OFF
07-10 00:46:23.564  6877  7137 I RegiMgr<1>: tryRegister:
07-10 00:46:23.564  6877  7137 I RegiMgr<0>: RegisterTask(s): Megafon VoLTE (IDLE)
07-10 00:46:23.565  6877  7137 I RegiMgr<1>: RegisterTask(s): Telenor Serbia IMS (REGISTERED, rat = 13, service = [mmtel-video, smsip, mmtel]), Global GC RCS (IDLE)
07-10 00:46:23.565  6877  7137 I RcsPolicyMgr<1>: pendingRcsRegister: mActiveDataPhoneId = 1
07-10 00:46:23.565  6877  7137 I RcsPolicyMgr<1>: pendingRcsRegister: mActiveDataPhoneId = 1
07-10 00:46:23.565  6877  7137 I RegisterTask: isSuspended: mSuspended(false) mSuspendByIrat(false)
07-10 00:46:23.565  6877  7137 I RegiMgr<1>: [Global GC RCS|IDLE] checkForTryRegister id: 1003
07-10 00:46:23.565  6877  7137 I RegiMgr : isPdnConnected: false, PdnType: 1
07-10 00:46:23.567  6877  7137 I PdnController: getDefaultNetworkBearer:  WIFI
07-10 00:46:23.568  6877  7137 I PdnController: isWifiConnected: [type: WIFI[], state: CONNECTED/CONNECTED, reason: (unspecified), extra: , failover: false, available: true, roaming: false]
07-10 00:46:23.568  6877  7137 I RegiMgr-Utils<1>: findBestNetwork: WIFI needWifiNetwork = true
07-10 00:46:23.569  6877  7137 I RegiGvnBase<1>: isReadyToDualRegister : true
07-10 00:46:23.571  6877  7137 I RegiMgr<1>: [Global GC RCS|IDLE] checkInitialRegistrationIsReady: APM ON [false], Roamimg [false]
07-10 00:46:23.571  6877  7137 I RcsPolicyMgr<1>: pendingRcsRegister: mActiveDataPhoneId = 1
07-10 00:46:23.571  6877  7137 I ImsProfile: isRttSupportByCallApp : false ttyType : 1
07-10 00:46:23.571  6877  7137 I RegiMgr-Utils<1>: getPriorityRegiedTask : isPriority  High? true
07-10 00:46:23.572  6877  7137 I RegiGvnBase: checkRegiStatus: getState()=IDLE mIsUpdateRegistering=false
07-10 00:46:23.572  6877  7137 I RegiMgr<1>: getTelephonyCallStatus:
07-10 00:46:23.575  6877  7137 I ConfigProvider: query uri:xxxxx
07-10 00:46:23.580  6877  7137 I ConfigProvider: queryStorage path content://com.samsung.rcs.autoconfigurationprovider/parameter/version#simslot1
07-10 00:46:23.587  6877  7137 E GlobalSettingsRepoBase: globalgcsettings No matched key : dual_rcs_policy
07-10 00:46:23.589  6877  7137 I ImsServiceSwitchEur[1]:  isRcsEnabled: true mDefaultSms true mUpsmEnabled false mEmergencyEnabled false
07-10 00:46:23.593  6877  7137 I ConfigTrigger<1>: isWaitAutoConfig:
07-10 00:46:23.593  6877  7137 E GlobalSettingsRepoBase: globalgcsettings No matched key : dual_rcs_policy
07-10 00:46:23.595  6877  7137 I ImsServiceSwitchEur[1]:  isRcsEnabled: true mDefaultSms true mUpsmEnabled false mEmergencyEnabled false
07-10 00:46:23.595  6877  7137 I RegiMgr-Utils: selectPdnType: rat=18pdn=1
07-10 00:46:23.595  6877  7137 I RegiMgr<1>: getServiceForNetwork: network 18
07-10 00:46:23.595  6877  7137 I RegiMgr<1>: getServiceForNetwork: service {options, chatbot-communication, ft_http, im, euc, gls}
07-10 00:46:23.604  6877  7137 I ConfigTrigger<1>: isValidAcsVersion:
07-10 00:46:23.605  6877  7137 E GlobalSettingsRepoBase: globalgcsettings No matched key : dual_rcs_policy
07-10 00:46:23.607  6877  7137 I ConfigProvider: query uri:xxxxx
07-10 00:46:23.613  6877  7137 I ConfigProvider: queryStorage path content://com.samsung.rcs.autoconfigurationprovider/parameter/version#simslot1
07-10 00:46:23.615  5674  9681 D SecContentProvider2: query(), uri = 18 selection = isRCSEnabled
07-10 00:46:23.615  5674  9681 I PhoneRestrictionPolicy: isRCSEnabledInternal(), showMsg: false, columnName: enableRCS
07-10 00:46:23.616  5674  9681 E PhoneRestrictionPolicy: getEmergencyCall >>false
07-10 00:46:23.616  5674  9681 I PhoneRestrictionPolicy: isRCSEnabledInternal(), showMsg: false, columnName: enableRCSForSimSlot1
07-10 00:46:23.616  5674  9681 E PhoneRestrictionPolicy: getEmergencyCall >>false
07-10 00:46:23.618  6877  7137 I ConfigTrigger<1>: RCS switch: true, version: 0, isRcsAcsCompleted: true
07-10 00:46:23.618  6877  7137 I ConfigTrigger<1>: version is improper : 0
07-10 00:46:23.619  6877  7137 I RegiGvnBase: isVideoCallEnabled: Enable
07-10 00:46:23.620  6877  7137 I RegiMgr<1>: getServiceForNetwork: filtered service []
07-10 00:46:23.620  6877  7137 I RegiMgr<1>: Global GC RCS: no ims service for current rat18
07-10 00:46:23.621  6877  7137 I PdnController: slot[1]: stopPdnConnectivity: network 1, callback is null
07-10 00:46:23.622  6877  7137 E PdnController<1>: requestStopNetwork: callback not found
07-10 00:46:23.622  6877  7137 E #IMSCR  : 07-10 00:46:23 0x1101000B:1,FILTERED ALL:1
07-10 00:46:23.624  6877  7137 I RegiMgr<1>: notifyImsRegistration(): Name : Telenor Serbia IMS, enabled : 2, pdn : ims, transport : udp-preferred, roaming : true, scmversion : 0, selfport : 5060, emergency : false, hashAlgoType : 0
07-10 00:46:23.625  6877  7137 I ConfigModule<1>: onRegistrationStatusChanged: [Telenor Serbia IMS] registered[true], response [0], 403Forbidden Count [0]
07-10 00:46:23.626  6877  7137 E #IMSCR  : 07-10 00:46:23 0x13000009:1,EC:0,CNT:0
07-10 00:46:23.626  6877  7137 I ConfigTrigger<1>: isValidAcsVersion:
07-10 00:46:23.626  6877  7137 E GlobalSettingsRepoBase: globalgcsettings No matched key : dual_rcs_policy
07-10 00:46:23.628  6877  7137 I ConfigProvider: query uri:xxxxx
07-10 00:46:23.634  6877  7137 I ConfigProvider: queryStorage path content://com.samsung.rcs.autoconfigurationprovider/parameter/version#simslot1
07-10 00:46:23.636  5674  9681 D SecContentProvider2: query(), uri = 18 selection = isRCSEnabled
07-10 00:46:23.636  5674  9681 I PhoneRestrictionPolicy: isRCSEnabledInternal(), showMsg: false, columnName: enableRCS
07-10 00:46:23.636  5674  9681 E PhoneRestrictionPolicy: getEmergencyCall >>false
07-10 00:46:23.636  5674  9681 I PhoneRestrictionPolicy: isRCSEnabledInternal(), showMsg: false, columnName: enableRCSForSimSlot1
07-10 00:46:23.637  5674  9681 E PhoneRestrictionPolicy: getEmergencyCall >>false
07-10 00:46:23.638  6877  7137 I ConfigTrigger<1>: RCS switch: true, version: 0, isRcsAcsCompleted: true
07-10 00:46:23.638  6877  7137 I ConfigTrigger<1>: version is improper : 0
07-10 00:46:23.639  6877  7137 I SmsServiceModule: Registered to SMS service. ImsRegistration [mHandle=15, mProfile=Telenor Serbia IMS, mServices=[mmtel-video, smsip, mmtel], mDomain=ims.mnc001.mcc220.3gppnetwork.org, mDeviceList=[], mSubscriptionId=2, mPhoneId=1, mPdnType=11, mPcscf=10.24.28.156, mEcmpStatus=0, mRegExpiryStatus=0, mEpdgStatus=false, mEpdgOverCellularData=false, mProhibited=false, mNetwork=116, mDeregiReason =14]
07-10 00:46:23.639  6877  7137 I SmsServiceModule: Sms Service updateCapabilities [1]
07-10 00:46:23.639  6877  7137 I SmsServiceModule: regInfo: ImsRegistration [mHandle=15, mProfile=Telenor Serbia IMS, mServices=[mmtel-video, smsip, mmtel], mDomain=ims.mnc001.mcc220.3gppnetwork.org, mDeviceList=[], mSubscriptionId=2, mPhoneId=1, mPdnType=11, mPcscf=10.24.28.156, mEcmpStatus=0, mRegExpiryStatus=0, mEpdgStatus=false, mEpdgOverCellularData=false, mProhibited=false, mNetwork=116, mDeregiReason =14]
07-10 00:46:23.639  6877  7137 I GoogleImsService: updateCapabilities, phoneId: 1
07-10 00:46:23.640  6877  7137 E #IMSCR  : 07-10 00:46:23 0x3000000C:1
07-10 00:46:23.641  6877  7137 I ImsServiceStub<1>: isServiceAvailable: VoImsFeature : (mmtel) is not supported
07-10 00:46:23.641  6877  7137 I ImsServiceStub<1>: isServiceAvailable: VoImsFeature : (mmtel-video) is not supported
07-10 00:46:23.641  6877  7137 I VolteServiceModule: Registered to VOLTE service. xxxxx TTYMode 0
07-10 00:46:23.641  6877  7137 I VolteServiceModule: Registered Feature 12288 with handle 15
07-10 00:46:23.642  6877  7137 I ImsProfile: isRttSupportByCallApp : false ttyType : 1
07-10 00:46:23.643  6877  7137 I CmcServiceHelper: mmtel Registered ? true
07-10 00:46:23.644  6877  7137 I SmsServiceModule: regInfo: ImsRegistration [mHandle=15, mProfile=Telenor Serbia IMS, mServices=[mmtel-video, smsip, mmtel], mDomain=ims.mnc001.mcc220.3gppnetwork.org, mDeviceList=[], mSubscriptionId=2, mPhoneId=1, mPdnType=11, mPcscf=10.24.28.156, mEcmpStatus=0, mRegExpiryStatus=0, mEpdgStatus=false, mEpdgOverCellularData=false, mProhibited=false, mNetwork=116, mDeregiReason =14]
07-10 00:46:23.644  6877  7137 I SmsServiceModule: Sms Service queryCapabilityStatus[1]: addCapabilities CAPABILITY_TYPE_SMS
07-10 00:46:23.645  6877  7137 E GlobalSettingsRepoBase: globalgcsettings No matched key : ss_domain_setting
07-10 00:46:23.645  6877  7137 I UtServiceModule<1>: isUtEnabled with policy : PS_ONLY_VOLTEREGIED enabled = true
07-10 00:46:23.645  6877  7137 I CapabilityDiscModule<1>: queryCapabilityStatus
07-10 00:46:23.645  6877  7137 E CapabilityUtil<1>: checkModuleReady: mConfig.isAvailable == false
07-10 00:46:23.645  6877  7137 I CapabilityDiscModule<1>: isUceServiceAvailable: not ready
07-10 00:46:23.646  6877  7137 E CapabilityUtil<1>: checkModuleReady: mConfig.isAvailable == false
07-10 00:46:23.646  6877  7137 I CapabilityDiscModule<1>: isUceServiceAvailable: not ready
07-10 00:46:23.646  6877  7137 I IilManager<1>: updateFeature: service=[mmtel-video, smsip, mmtel]mNetworkType=13
07-10 00:46:23.651  6877  6877 I IilIpcMessage: rat=13, isVoLte=true, isSmsIp=true, isRcs=false, isPsVT=true, isCdpn=false, ecmp=0
07-10 00:46:23.651  6877  6877 I IpcDispatcher<1>: [Tx]: (M)IPC_IIL_CMD (S)IPC_IIL_REGISTRATION (T)NOTI l:0
07-10 00:46:23.662  6877  7147 I IpcDispatcher: getSecChannelProxy
07-10 00:46:23.663  6877  7147 I IpcDispatcher<1>: ImsModemSender(): send
07-10 00:46:23.666  6877  6877 I IilManager<1>: UpdateImsPreference: SmsFormat=3GPP
07-10 00:46:23.668  6877  6877 E GlobalSettingsRepoBase: globalgcsettings No matched key : sms_write_uicc
07-10 00:46:23.669  6877  6877 I GlobalSettingsRepoBase: query: Don't override some values
07-10 00:46:23.669  6429  6429 I Telephony: SamsungPstnPhoneAccountRegistry: onRegistered
07-10 00:46:23.669  6877  6877 E GlobalSettingsRepoBase: globalgcsettings No matched key : voice_domain_pref_utran
07-10 00:46:23.669  6877  6877 E GlobalSettingsRepoBase: globalgcsettings No matched key : ss_domain_setting
07-10 00:46:23.670  6877  6877 E GlobalSettingsRepoBase: globalgcsettings No matched key : ussd_domain_setting
07-10 00:46:23.670  6877  6877 E GlobalSettingsRepoBase: globalgcsettings No matched key : emergency_domain_setting
07-10 00:46:23.672  6877  6877 I ImsServiceStub<1>: isServiceAvailable: mmtel, rat: 13, profileFind:true, Enabled:true
07-10 00:46:23.672  6877  6877 I ImsServiceStub<1>: isServiceAvailable: VoImsFeature : (mmtel) is not supported
07-10 00:46:23.673  6877  6877 E GlobalSettingsRepoBase: globalgcsettings No matched key : srvcc_version
07-10 00:46:23.673  6877  6877 I RegiMgr<1>: getImsProfile: profile [VOLTE]
07-10 00:46:23.674  6877  6877 E RegiMgr<1>: getImsProfile: found [Telenor Serbia IMS] for [VOLTE]
07-10 00:46:23.674  6877  6877 I IilIpcMessage: smsFormat 0 enableSmsOverIms 1 enableSmsWriteUicc 0 enableSmsFallback -1 eutranDomain 3 utranDomain 1 ssDomain 2 ussdDomain 1 eccPreference 0 ssCsfb -1 imsSupportType 1 srvccVersion 10 supportVolteRoaming 1NotiType : 3
07-10 00:46:23.674  6877  6877 I IpcDispatcher<1>: [Tx]: (M)IPC_IIL_CMD (S)IPC_IIL_PREFERENCE (T)NOTI l:0
07-10 00:46:23.675  6877  7147 I IpcDispatcher: getSecChannelProxy
07-10 00:46:23.676  6877  7147 I IpcDispatcher<1>: ImsModemSender(): send
07-10 00:46:23.676  6877  7137 I SimManager: getRilSimOperator: ETC
07-10 00:46:23.676  6877  7137 I SimManager<1>: hasIsim: [false]
07-10 00:46:23.676  6877  7137 E GlobalSettingsRepoBase: globalgcsettings No matched key : use_usim_on_invalid_isim
07-10 00:46:23.676  6877  7137 I SimManager<1>: getDerivedImpi:
07-10 00:46:23.678  6461  8797 D MultiSIMController: onRegistered sSemImsRegistragionListener phoneId :1
07-10 00:46:23.680  6877  7137 I SimManager: getSimOperator: value [22001]
07-10 00:46:23.681  6877  7137 I SimManager: getRilSimOperator: ETC
07-10 00:46:23.681  6877  7137 I SimManager<1>: hasIsim: [false]
07-10 00:46:23.681  6877  7137 E GlobalSettingsRepoBase: globalgcsettings No matched key : use_usim_on_invalid_isim
07-10 00:46:23.681  6877  7137 I SimManager<1>: getDerivedImpi:
07-10 00:46:23.682  6429  6429 I Telephony: PstnIncomingCallNotifier: Unregistering: [0]
07-10 00:46:23.683  6429  6831 D Telephony: SamsungTelephonyImsManager: onRegistered: VoLTE is connected.
07-10 00:46:23.683  5674  5674 D SemWifiP2pGoPowerSave: GopsReceiver : received : com.samsung.intent.action.CHECK_SIOP_LEVEL
07-10 00:46:23.683  5674  5674 I SemWifiP2pGoPowerSave: siop_level = 1
07-10 00:46:23.684  6877  7137 I SimManager: getSimOperator: value [22001]
07-10 00:46:23.684  6877  7137 I RegiMgr : notify mRegistrationList, finish
07-10 00:46:23.684  6877  7137 E CmcSettingManager: context is null
07-10 00:46:23.685  6461  6461 D MultiSIMController: MESSAGE_IMS_MANAGER_CONNECTED
07-10 00:46:23.687 31802 32077 I SystemBroadcastReceiver: [#CMH#] onReceive completed :  0
07-10 00:46:23.687 31802 31802 I PolicyManager: [#CMH#] onReceive action = EVENT_SIOP
07-10 00:46:23.693  6877  7137 I RegiMgr : notifyImsRegistration: isVoWiFiRegistered [false]
07-10 00:46:23.698  6461  6461 D semImsManager[0]: getImsRegistration
07-10 00:46:23.701  5674  6523 I SemWifiService: setMaxDtimInSuspendMode uid=1000 verbose=true
07-10 00:46:23.706  6429  6429 I Telephony: SamsungSuppServiceNotifier: unregisterForNotifications: 0
07-10 00:46:23.706  6461  8535 D ImsRegStateUtil: onRegistered[1]: MMTEL_VOICE. network type=11
07-10 00:46:23.707  6877  7137 I RegiMgr-Utils<1>: saveRegisteredImpu:
07-10 00:46:23.708  6429  6429 D Telephony: PstnPhoneCapabilitiesNotifier: Unregistering: Handler (com.android.internal.telephony.SemGsmCdmaPhone) {bbbfba6}
07-10 00:46:23.709  6877  6877 I UriGeneratorProvider: IMS register - true
07-10 00:46:23.709  6877  6877 I SimManager: getSimOperator: value [22001]
07-10 00:46:23.709  6461  6461 D semImsManager[1]: getImsRegistration
07-10 00:46:23.710  5674  5674 D WifiConnectivityMonitor: IMS_REGISTRATION - false
07-10 00:46:23.711  6877  6877 I UriGeneratorProvider: extractOwnAreaCode tmpCountryCode RS operator 22001
07-10 00:46:23.711  6877  6877 I UriGeneratorProvider: extractOwnAreaCode MCC 220 Country RS
07-10 00:46:23.711  6877  6877 I UriGeneratorProvider: extractOwnAreaCode: KOR operator not use OwnAreaCode
07-10 00:46:23.714  6877  7137 I UriUtil : fragment is null. get simSlot from priority policy.
07-10 00:46:23.715  6429  6429 I ImsCallbackAM [0]: Local callback removed: android.telephony.ims.ImsMmTelManager$CapabilityCallback$CapabilityBinder@2c939c5
07-10 00:46:23.716  6877  7137 I ImsSettingsProvider: Insert(6877, imsservice) : Uri[content://com.sec.ims.settings/impu], value : impu=sip:+xxxxxxxxxxxx@ims.mncxxx.mccxxx.xgppnetwork.org imsi=xxxxxxxxxxxxxxx timestamp=xxxxxxxxxxxxx
07-10 00:46:23.717  6461  6461 D MultiSIMController: getOwnNumber
07-10 00:46:23.723  6877  7137 I RegiGvnEur<1>: onRegistrationDone: state REGISTERED
07-10 00:46:23.723  6877  7137 I RegiGvnBase: stop Tims timer by Registered
07-10 00:46:23.724  5287  5287 D Zygote  : Forked child process 16399
07-10 00:46:23.727  6429  6429 I Telephony: PstnIncomingCallNotifier: Unregistering: [1]
07-10 00:46:23.727  6429  6429 I Telephony: SamsungSuppServiceNotifier: unregisterForNotifications: 1
07-10 00:46:23.727  6429  6429 D Telephony: PstnPhoneCapabilitiesNotifier: Unregistering: Handler (com.android.internal.telephony.SemGsmCdmaPhone) {7d78231}
07-10 00:46:23.727  6429  6429 I ImsCallbackAM [1]: Local callback removed: android.telephony.ims.ImsMmTelManager$CapabilityCallback$CapabilityBinder@a08ad41
07-10 00:46:23.728  6877  7137 I RegiMgr<1>: reportRegiStatus: reason [200], prev [200]
07-10 00:46:23.729  6877  7137 I RegiMgr<1>: reportDualImsStatus: 1
07-10 00:46:23.729  6877  7137 E #IMSREGI: (1, Telenor Serbia IMS) REGISTERED
07-10 00:46:23.729  6877  7137 I PdnController: handleMessage: what 107
07-10 00:46:23.729  6877  7137 I PdnController: slot[0]: requestStopNetwork: network 11, callback is null
07-10 00:46:23.730  6877  7137 I PdnController: handleMessage: what 107
07-10 00:46:23.730  6877  7137 I PdnController: slot[1]: requestStopNetwork: network 1, callback is null
07-10 00:46:23.730  6877  7137 I ResipSmsHandler: handleMessage: what 11
07-10 00:46:23.730  6877  7137 I ResipSmsHandler: onSetMsgAppInfoToSipUserAgent: 14.1.30.21
07-10 00:46:23.731  6877  7137 I ResipRegiMgr: getUserAgent, phoneId=1
07-10 00:46:23.731  6877  7137 I ResipRegiMgr: getUserAgent, reg.getPhoneId()=1
07-10 00:46:23.731  6877  7137 I RegiMgr-Handler: handleMessage: EVENT_DO_PENDING_UPDATE_REGISTRATION
07-10 00:46:23.731  6877  7320 I SECIMSJ : [1514]> 80
07-10 00:46:23.732  6877  7330 I [IMS6.0]: IMS_onResponse()
07-10 00:46:23.732  6877  7330 I StackIF : processMessage 2
07-10 00:46:23.732  6877  7330 I StackIF : Processing Response
07-10 00:46:23.732  6877  7330 I SECIMSJ : [1514]< 404
07-10 00:46:23.732  6877  7330 I StackIF : processResponse: reqId 404
07-10 00:46:23.732  6877  7330 I StackIF : processResponse: handle -1 result 0 reason 0
07-10 00:46:23.732  6877  7137 I ResipSmsHandler: handleMessage: what 12
07-10 00:46:23.732  6877  7137 I ResipSmsHandler: onSetMsgAppInfoToSipUaResp: com.sec.internal.ims.core.handler.secims.imsCommonStruc.Response_.GeneralResponse@20c7824
07-10 00:46:23.737  6429  6429 I Telephony: TelecomAccountRegistry: setupAccounts: Found 2 phones.  Attempting to register.
07-10 00:46:23.739  6429  6429 I Telephony: SamsungPstnPhoneAccountRegistry: phoneAccountsHaveBeenUpdated
07-10 00:46:23.740  6429  6429 I Telephony: TelecomAccountRegistry: setupAccounts: Phone with phone Id 0, subscription id 1
07-10 00:46:23.751  6429  6429 D Telephony: SamsungCarrierRepositoryImpl: getSimOperator, phoneId=0, simOperator=25002
07-10 00:46:23.753  6429  6429 I Telephony: SamsungImsManagerInjector: [getImsManager_0 : com.samsung.telephony.model.ims.SamsungTelephonyImsManager@6764126] [ getImsManager_1 : com.samsung.telephony.model.ims.SamsungTelephonyImsManager@399ab14]
07-10 00:46:23.753  6429  6429 D semImsManager[0]: getImsRegistration
07-10 00:46:23.757  6429  6429 I Telephony: SamsungImsRepositoryImpl: getOwnNumber: <Empty>
07-10 00:46:23.757  6429  6429 D Telephony: SamsungCarrierRepositoryImpl: getSimOperator, phoneId=0, simOperator=25002
07-10 00:46:23.757  6429  6429 D Telephony: SamsungCarrierRepositoryImpl: getSimOperator, phoneId=0, simOperator=25002
07-10 00:46:23.773  6429  6429 D Telephony: TelecomAccountRegistry$AccountEntry: isEmergencyPreferredAccount: subId=1, activeData=2
07-10 00:46:23.773  6429  6429 D Telephony: TelecomAccountRegistry$AccountEntry: isEmergencyPreferredAccount: Device does not require preference.
07-10 00:46:23.777  6429  6429 I Telephony: TelecomAccountRegistry$AccountEntry: isRttCurrentlySupported -- regular acct,, hasVoiceAvailability: false, isRttSupported: false, alwaysAllowWhileRoaming: false, isRoaming: true, isOnWfc: false
07-10 00:46:23.778  6429  6429 D SecImsManager: isVtEnabledByPlatformForSlot
07-10 00:46:23.778  6429  6429 D SecImsManager: getFeatureValue
07-10 00:46:23.782 16399 16399 I .sec.unifiedwfc: Using CollectorTypeCC GC.
07-10 00:46:23.783  6877  8150 I ImsServiceStub<0>: isServiceAvailable: VoImsFeature : (mmtel-video) is not supported
07-10 00:46:23.783  6429  6429 D SecImsManager: onQueryCapabilityConfiguration : false
07-10 00:46:23.783  6429  6429 D SecImsManager: getFeatureValue(2, 0) : false
07-10 00:46:23.783  6429  6429 D SecImsManager: getFeatureValue
07-10 00:46:23.784  6877  8150 I ImsServiceStub<0>: isServiceAvailable: VoImsFeature : (mmtel-video) is not supported
07-10 00:46:23.784  6429  6429 D SecImsManager: onQueryCapabilityConfiguration : false
07-10 00:46:23.784  6429  6429 D SecImsManager: getFeatureValue(2, 1) : false
07-10 00:46:23.790 16399 16399 E .sec.unifiedwfc: Not starting debugger since process cannot load the jdwp agent.
07-10 00:46:23.797  6429  6429 D Telephony: SamsungMultiSimRepositoryImpl: isSoftSimEnable :  softsimStatus=
07-10 00:46:23.798  6429  6429 I Telephony: SamsungPstnPhoneAccountRegistry: buildPstnPhoneAccount, simSlotIndex: 0, phoneId: 0, subId: 1, isEmergency: false, phoneAccountHandle: 1, isSimCardStatusOn: true, hasVirtualSim: false
07-10 00:46:23.799 16399 16399 W libc    : Access denied finding property "sys.perf.boostopt"
07-10 00:46:23.799  5262  5262 E audit   : type=1400 audit(1688942783.797:69481): avc:  denied  { read } for  pid=16399 comm=".sec.unifiedwfc" name="u:object_r:perf_prop:s0" dev="tmpfs" ino=10663 scontext=u:r:platform_app:s0:c512,c768 tcontext=u:object_r:perf_prop:s0 tclass=file permissive=0 SEPF_SM-A515F_13_0001 audit_filtered
07-10 00:46:23.799  5262  5262 E audit   : type=1300 audit(1688942783.797:69481): arch=c00000b7 syscall=56 success=no exit=-13 a0=ffffff9c a1=7fcf7d5458 a2=88000 a3=0 items=0 ppid=5287 pid=16399 auid=4294967295 uid=10161 gid=10161 euid=10161 suid=10161 fsuid=10161 egid=10161 sgid=10161 fsgid=10161 tty=(none) ses=4294967295 comm=".sec.unifiedwfc" exe="/system/bin/app_process64" subj=u:r:platform_app:s0:c512,c768 key=(null)
07-10 00:46:23.799  5262  5262 E audit   : type=1327 audit(1688942783.797:69481): proctitle="zygote64"
07-10 00:46:23.801  5262  5262 E audit   : type=1400 audit(1688942783.797:69482): avc:  denied  { read } for  pid=16399 comm="binder:16399_1" name="u:object_r:perf_prop:s0" dev="tmpfs" ino=10663 scontext=u:r:platform_app:s0:c512,c768 tcontext=u:object_r:perf_prop:s0 tclass=file permissive=0 SEPF_SM-A515F_13_0001 audit_filtered
07-10 00:46:23.801 16399 16411 W libc    : Access denied finding property "sys.perf.boostopt"
07-10 00:46:23.801  5262  5262 E audit   : type=1300 audit(1688942783.797:69482): arch=c00000b7 syscall=56 success=no exit=-13 a0=ffffff9c a1=7b7d4572f8 a2=88000 a3=0 items=0 ppid=5287 pid=16399 auid=4294967295 uid=10161 gid=10161 euid=10161 suid=10161 fsuid=10161 egid=10161 sgid=10161 fsgid=10161 tty=(none) ses=4294967295 comm="binder:16399_1" exe="/system/bin/app_process64" subj=u:r:platform_app:s0:c512,c768 key=(null)
07-10 00:46:23.801 16399 16399 D ActivityThread: setConscryptValidator
07-10 00:46:23.803  6429  6429 I Telephony: SamsungPstnPhoneAccountRegistry: getResourceId, phoneId: 0, resourceIndex: 0
