07-10 01:37:25.575 29306 29306 V MediaRouter: Selecting route: RouteInfo{ name=Phone, description=null, status=null, category=RouteCategory{ name=System types=ROUTE_TYPE_LIVE_AUDIO ROUTE_TYPE_LIVE_VIDEO  groupable=false }, supportedTypes=ROUTE_TYPE_LIVE_AUDIO ROUTE_TYPE_LIVE_VIDEO , presentationDisplay=null }
07-10 01:37:25.602 25568 25568 I SCS@AiSearch user 0: (ObserverWorker::AOSP_MP) [main] entering in startWork():
07-10 01:37:25.602 25568 25568 I SCS@AiSearch user 0: (BaseCollector::AOSP_MP) [main] entering in onChange():
07-10 01:37:25.604 25568 25789 I SCS@AiSearch user 0: (BaseCollector::AOSP_MP) [AOSP_MP-0] entering in collectChanges():
07-10 01:37:25.640  5674  9851 D PackageManager: setEnabledSetting : userId = 0 packageName = com.samsung.android.scs cmp = androidx.work.impl.background.systemalarm.RescheduleReceiver newState = 1 callingPackage = 10380/com.samsung.android.scs
07-10 01:37:25.642  5674  9851 D ApplicationPolicy: getApplicationStateEnabled : pkg = com.samsung.android.scs userId : 0
07-10 01:37:25.644  5674  9851 D ApplicationPolicy: getApplicationComponentState : pkg = com.samsung.android.scs userId : 0
07-10 01:37:25.652  9843 10427 I FuseDaemon: Threshold exceeded - fadvising 67162112
07-10 01:37:25.652  9843 10427 I FuseDaemon: Threshold now 0
07-10 01:37:25.846 16924 16924 D ConnectivityManager: StackLog: [android.net.ConnectivityManager.sendRequestForNetwork(ConnectivityManager.java:4300)] [android.net.ConnectivityManager.sendRequestForNetwork(ConnectivityManager.java:4342)] [android.net.ConnectivityManager.registerNetworkCallback(ConnectivityManager.java:4724)] [android.net.ConnectivityManager.registerNetworkCallback(ConnectivityManager.java:4694)] [ypa.<init>(:com.google.android.gms@232414044@23.24.14 (190400-544099984):8)] [xuv.<init>(:com.google.android.gms@232414044@23.24.14 (190400-544099984):3)] [xuv.a(:com.google.android.gms@232414044@23.24.14 (190400-544099984):3)] [ypx.b(:com.google.android.gms@232414044@23.24.14 (190400-544099984):1)] [cwk.d(:com.google.android.gms@232414044@23.24.14 (190400-544099984):1)] [cwk.onBind(:com.google.android.gms@232414044@23.24.14 (190400-544099984):2)] [com.google.android.gms.cast.media.CastMediaRoute2ProviderChimeraService.onBind(:com.google.android.gms@232414044@23.24.14 (190400-544099984):0)] [zlk.onBind(:com.google.android.gms@232414044@23.24.14 (190400-544099984):3)] [android.app.ActivityThread.handleBindService(ActivityThread.java:5103)] [android.app.ActivityThread.-$$Nest$mhandleBindService(Unknown Source:0)] [android.app.ActivityThread$H.handleMessage(ActivityThread.java:2433)]
07-10 01:37:25.846 25568 25789 I SCS@AiSearch user 0: (BaseCollector::AOSP_MP) fetchInternal values : maxSyncId: 1000028446 indexCount: 19466 sourceCount: 19466
07-10 01:37:25.879  5674  6055 D ConnectivityService: Rematched networks [computed 1ms] [applied 6ms] [issued 21]
07-10 01:37:25.879  5674  6055 D ConnectivityService: NetworkReassignment : no changes
07-10 01:37:25.907 16924 29211 I CastDatabase: Opening the database
07-10 01:37:25.957 16924 29211 I SQLiteCastStore: 0 CastNetworkInfo instances loaded, 0 CastDeviceInfo instances loaded, 0 paired guest mode devices loaded.
07-10 01:37:25.997 31102 12531 I Finsky  : [240] kmb.a(17): ru.yandex.music: Account determined from installer data - [u50CvjFgI4N8BK_7VI5wqgrBLx4XC93qbnmKX3YNI1k]
07-10 01:37:26.019  9843 10427 I FuseDaemon: Threshold exceeded - fadvising 67112960
07-10 01:37:26.019  9843 10427 I FuseDaemon: Threshold now 0
07-10 01:37:26.077 31102 12531 I Finsky  : [240] kmb.a(67): Billing preferred account via installer for ru.yandex.music: [u50CvjFgI4N8BK_7VI5wqgrBLx4XC93qbnmKX3YNI1k]
07-10 01:37:26.084 25568 25789 I SCS@AiSearch user 0: (IndexManager) [AOSP_MP-0] entering in addIndex():
07-10 01:37:26.097 25568 25789 I SCS@AiSearch user 0: (BaseCollector::AOSP_MP) fetch: fetching took  390 ms
07-10 01:37:26.097 25568 25789 I SCS@AiSearch user 0: (BaseCollector::AOSP_MP) fetchChanges: applied 0 items
07-10 01:37:26.098 25568 25789 I SCS@AiSearch user 0: (BaseCollector::AOSP_MP) Collect finished. Result: true
07-10 01:37:26.102 25568 25621 I WM-WorkerWrapper: Worker result SUCCESS for Work [ id=ae071c04-eabb-4d9a-893a-e88192979217, tags={ com.sec.android.app.myfiles, com.samsung.android.scs.ai.search.data.collector.ObserverWorker } ]
07-10 01:37:26.104 25568 25789 I SCS@AiSearch user 0: (BaseCollector::AOSP_MP) enqueue ObserverWorker name: com.sec.android.app.myfiles, policy: APPEND_OR_REPLACE
07-10 01:37:26.114  5353  5543 V APM_AudioPolicyManager: setAppState(portId:1005, state:1)
07-10 01:37:26.119 31102 12531 I Finsky  : [240] kmb.a(17): ru.yandex.music: Account determined from installer data - [u50CvjFgI4N8BK_7VI5wqgrBLx4XC93qbnmKX3YNI1k]
07-10 01:37:26.120 31102 12531 I Finsky  : [240] kmb.a(67): Billing preferred account via installer for ru.yandex.music: [u50CvjFgI4N8BK_7VI5wqgrBLx4XC93qbnmKX3YNI1k]
07-10 01:37:26.171 31102 12531 I Finsky  : [240] kmb.a(17): ru.yandex.music: Account determined from installer data - [u50CvjFgI4N8BK_7VI5wqgrBLx4XC93qbnmKX3YNI1k]
07-10 01:37:26.172 31102 12531 I Finsky  : [240] kmb.a(67): Billing preferred account via installer for ru.yandex.music: [u50CvjFgI4N8BK_7VI5wqgrBLx4XC93qbnmKX3YNI1k]
07-10 01:37:26.183  5353  5543 V APM_AudioPolicyManager: setAppState(portId:1005, state:1)
07-10 01:37:26.239  5674  6112 I ChimeraAggressivePolicyHandler: executePolicy() - triggerSource: TRIGGER_SOURCE_LMKD
07-10 01:37:26.241  5674  6112 I ChimeraAggressivePolicyHandler: available memory: 988308, free memory target: 870400, quit chimera
07-10 01:37:26.288 16924 16924 D BoundBrokerSvc: onUnbind: Intent { act=com.google.android.gms.common.telemetry.service.START dat=chimera-action:/... cmp=com.google.android.gms/.chimera.PersistentApiService }
07-10 01:37:26.293 29366 29472 I AppMetrica-Attribution: Choosing distribution data: ClidsInfo(chosen=Candidate(clids=null, source=APP), candidates=[Candidate(clids=null, source=APP)])
07-10 01:37:26.337  5674  9957 D PackageManager: setEnabledSetting : userId = 0 packageName = com.samsung.android.scs cmp = androidx.work.impl.background.systemalarm.RescheduleReceiver newState = 1 callingPackage = 10380/com.samsung.android.scs
07-10 01:37:26.339  5674  9957 D ApplicationPolicy: getApplicationStateEnabled : pkg = com.samsung.android.scs userId : 0
07-10 01:37:26.340  5674  9957 D ApplicationPolicy: getApplicationComponentState : pkg = com.samsung.android.scs userId : 0
07-10 01:37:26.361 11611 11645 I Benchmark: Wolf3dBenchmark.valueFloat[Metric (timeNs) results: median 6.28109673E8, min 6.11387923E8, max 6.61749076E8, standardDeviation: 9553323.536096055, Metric (allocationCount) results: median 8872490.0, min 8872477.0, max 8872493.0, standardDeviation: 7.362064927722384]count=1
07-10 01:37:26.367 11611 11645 D Benchmark: writing results to /storage/emulated/0/Android/data/org.jetbrains.android_benchmark.test/cache/org.jetbrains.android_benchmark.test-benchmarkData.json
07-10 01:37:26.420 16924 29522 I DiscoveryManager: Filter criteria(F3514B38) scannerFlags(2)
07-10 01:37:26.435 16924 29522 W DatabaseProcessor: processLocalDevices: failed to get the network info with non-null networkId.
07-10 01:37:26.484 11611 11645 D Benchmark: Copying /storage/emulated/0/Android/data/org.jetbrains.android_benchmark.test/cache/org.jetbrains.android_benchmark.test-benchmarkData.json to /sdcard/Android/media/org.jetbrains.android_benchmark.test/additional_test_output/org.jetbrains.android_benchmark.test-benchmarkData.json
07-10 01:37:26.484 16924 16924 I CastMediaRouteProvider: Published 0 routes
07-10 01:37:26.528 16924 29522 W GuestModeDeviceProber: setFilterCriteria
07-10 01:37:26.658  9843 29518 I MediaProvider: Deleted 0 0 0 0 0 0 0 items on external_primary due to org.jetbrains.android_benchmark.test
07-10 01:37:26.678 16924 16924 D BoundBrokerSvc: onBind: Intent { act=com.google.android.gms.mdns.service.START dat=chimera-action:/... cmp=com.google.android.gms/.chimera.PersistentApiService }
07-10 01:37:26.678 16924 16924 D BoundBrokerSvc: Loading bound service for intent: Intent { act=com.google.android.gms.mdns.service.START dat=chimera-action:/... cmp=com.google.android.gms/.chimera.PersistentApiService }
07-10 01:37:26.683 16924 29522 W DatabaseProcessor: processLocalDevices: failed to get the network info with non-null networkId.
07-10 01:37:26.685 16924 29522 W DatabaseProcessor: processLocalDevices: failed to get the network info with non-null networkId.
07-10 01:37:26.689 11611 11645 I TestRunner: finished: valueFloat(org.jetbrains.android_benchmark.Wolf3dBenchmark)
