07-10 00:59:10.137 11611 11645 I TestRunner: started: inlineFloat(org.jetbrains.android_benchmark.Wolf3dBenchmark)
07-10 00:59:10.140 11611 11611 I MonitoringInstr: Activities that are still in CREATED to STOPPED: 1
07-10 00:59:10.141 11611 11611 I MonitoringInstr: Finishing activity: androidx.benchmark.IsolationActivity@c9a4959
07-10 00:59:10.153 11611 11645 I GrantPermissionCallable: Permission: android.permission.WRITE_EXTERNAL_STORAGE is already granted!
07-10 00:59:10.153 11611 11645 I GrantPermissionCallable: Permission: android.permission.READ_EXTERNAL_STORAGE is already granted!
07-10 00:59:10.153 11611 11645 D Benchmark: -- Running org.jetbrains.android_benchmark.Wolf3dBenchmark#inlineFloat --
07-10 00:59:10.155 11611 11645 D PerfettoCapture: Supported ABIs: arm64-v8a, armeabi-v7a, armeabi
07-10 00:59:10.155 11611 11645 D PerfettoCapture: Recording perfetto trace
07-10 00:59:10.167 29789 29789 D BoundBrokerSvc: onBind: Intent { act=com.google.android.gms.measurement.START pkg=com.google.android.gms }
07-10 00:59:10.167 29789 29789 D BoundBrokerSvc: Loading bound service for intent: Intent { act=com.google.android.gms.measurement.START pkg=com.google.android.gms }
07-10 00:59:10.169 19687 19801 I FA      : Tag Manager is not found and thus will not be used
07-10 00:59:10.188 11611 11645 I PerfettoCapture: Cleanup perfetto before starting.
07-10 00:59:10.194 19687 19687 W eddit.frontpage: Long monitor contention with owner DefaultDispatcher-worker-2 (19785) at java.lang.Object vw.d.getValue()(ResettableSynchronizedLazy.kt:29) waiters=0 in java.lang.Object vw.d.getValue() for 674ms
07-10 00:59:10.199 19687 19687 D CompatibilityChangeReporter: Compat change id reported: 160794467; UID 10220; state: ENABLED
07-10 00:59:10.236 16924 20137 I FontLog : (REDACTED) Received query %s, URI %s
07-10 00:59:10.249 16924 20137 I FontLog : (REDACTED) Query [%s] resolved to %s
07-10 00:59:10.314 11611 11645 I PerfettoCapture: Perfetto output file cleanup -
07-10 00:59:10.314 11611 11645 I PerfettoCapture: Starting perfetto tracing with cmd: cat /storage/emulated/0/Android/data/org.jetbrains.android_benchmark.test/cache/trace_config.pb | perfetto --background -c - -o /data/misc/perfetto-traces/trace_output.pb
07-10 00:59:10.328 16924 20137 I FontLog : (REDACTED) Fetch %s end status %s
07-10 00:59:10.347 16924 20534 I FontLog : (REDACTED) Pulling font file for id = %d, cache size = %d
07-10 00:59:10.375 19687 19818 E eddit.frontpage: Invalid ID 0x00000000.
07-10 00:59:10.390 19687 19687 W WM-WorkSpec: Interval duration lesser than minimum allowed value; Changed to 900000
07-10 00:59:10.396  5674  9851 D PackageManager: setEnabledSetting : userId = 0 packageName = com.reddit.frontpage cmp = androidx.work.impl.background.systemjob.SystemJobService newState = 1 callingPackage = 10220/com.reddit.frontpage
07-10 00:59:10.397  5674  9851 D ApplicationPolicy: getApplicationStateEnabled : pkg = com.reddit.frontpage userId : 0
07-10 00:59:10.400  5674  9851 D ApplicationPolicy: getApplicationComponentState : pkg = com.reddit.frontpage userId : 0
07-10 00:59:10.408 16924 20534 I FontLog : (REDACTED) Pulling font file for id = %d, cache size = %d
07-10 00:59:10.443 19687 19687 I Choreographer: Skipped 91 frames!  The application may be doing too much work on its main thread.
07-10 00:59:10.470 19848 19848 I perfetto:    perfetto_cmd.cc:1001 Connected to the Perfetto traced service, starting tracing
07-10 00:59:10.488  5436  5436 I perfetto: ing_service_impl.cc:953 Configured tracing session 319, #sources:4, duration:0 ms, #buffers:2, total buffer size:36864 KB, total sessions:1, uid:2000 session name: ""
07-10 00:59:10.495  5424  5424 I perfetto:  probes_producer.cc:139 Ftrace setup (target_buf=637)
07-10 00:59:10.551 11611 11645 I PerfettoCapture: Perfetto output - 19848
07-10 00:59:10.551 11611 11645 I PerfettoCapture: EXITCODE=0
07-10 00:59:10.642 11611 11645 I PerfettoCapture: Perfetto tracing started successfully with pid 19848.
07-10 00:59:10.651  4380  4380 I hwservicemanager: getTransport: Cannot find entry android.hardware.atrace@1.0::IAtraceDevice/default in either framework or device VINTF manifest.
07-10 00:59:10.697 19687 19843 D CompatibilityChangeReporter: Compat change id reported: 194532703; UID 10220; state: ENABLED
07-10 00:59:10.719  5424  5424 I perfetto:    ftrace_procfs.cc:335 enabled ftrace in /sys/kernel/tracing/
07-10 00:59:10.880 11611 11645 I PerfettoCapture: /sys/kernel/tracing/tracing_on = 1, polled 1 times, capture fully started
07-10 00:59:10.882 11611 11645 D Benchmark: Set 11645 (Bench thread) to priority -20. Was -8, now -20
07-10 00:59:10.882 11611 11645 D Benchmark: Set 11624 (Jit) to priority -15. Was 9, now -15
07-10 00:59:10.914 19687 19839 D TrafficStats: tagSocket(91) with statsTag=0x66, statsUid=-1
07-10 00:59:10.926 11611 11645 I _benchmark.test: Explicit concurrent copying GC freed 97879(2645KB) AllocSpace objects, 1(20KB) LOS objects, 67% free, 3007KB/9151KB, paused 502us,75us total 43.114ms
07-10 00:59:11.236  5674  5690 I system_server: Background young concurrent copying GC freed 461312(17MB) AllocSpace objects, 54(1352KB) LOS objects, 13% free, 109MB/126MB, paused 675us,5.242ms total 669.885ms
07-10 00:59:11.240  5674  6213 D NetdEventListenerService: DNS Requested by : 118, 10220
07-10 00:59:11.245  5262  5262 E audit   : type=1400 audit(1688943551.241:69580): avc:  denied  { read } for  pid=15049 comm="binder:15049_2" name="u:object_r:perf_prop:s0" dev="tmpfs" ino=10663 scontext=u:r:untrusted_app:s0:c73,c257,c512,c768 tcontext=u:object_r:perf_prop:s0 tclass=file permissive=0 SEPF_SM-A515F_13_0001 audit_filtered
07-10 00:59:11.245  5262  5262 E audit   : type=1300 audit(1688943551.241:69580): arch=c00000b7 syscall=56 success=no exit=-13 a0=ffffff9c a1=7b7d2492f8 a2=88000 a3=0 items=0 ppid=5287 pid=15049 auid=4294967295 uid=10329 gid=10329 euid=10329 suid=10329 fsuid=10329 egid=10329 sgid=10329 fsgid=10329 tty=(none) ses=4294967295 comm="binder:15049_2" exe="/system/bin/app_process64" subj=u:r:untrusted_app:s0:c73,c257,c512,c768 key=(null)
07-10 00:59:11.246  5262  5262 E audit   : type=1327 audit(1688943551.241:69580): proctitle="<pre-initialized>"
07-10 00:59:11.248 15049 15080 W libc    : Access denied finding property "sys.perf.boostopt"
07-10 00:59:11.248  5674  5692 W System  : A resource failed to call close.
07-10 00:59:11.250  5674  5692 W System  : A resource failed to call close.
07-10 00:59:11.305 16924 16924 D BoundBrokerSvc: onBind: Intent { act=com.google.android.gms.presencemanager.service.START dat=chimera-action:/... cmp=com.google.android.gms/.chimera.PersistentApiService }
07-10 00:59:11.305 16924 16924 D BoundBrokerSvc: Loading bound service for intent: Intent { act=com.google.android.gms.presencemanager.service.START dat=chimera-action:/... cmp=com.google.android.gms/.chimera.PersistentApiService }
07-10 00:59:11.334 16924 16924 D BoundBrokerSvc: onBind: Intent { act=com.google.android.gms.presencemanager.service.INTERNAL_IDENTITY dat=chimera-action:/... cmp=com.google.android.gms/.chimera.PersistentApiService }
07-10 00:59:11.334 16924 16924 D BoundBrokerSvc: Loading bound service for intent: Intent { act=com.google.android.gms.presencemanager.service.INTERNAL_IDENTITY dat=chimera-action:/... cmp=com.google.android.gms/.chimera.PersistentApiService }
07-10 00:59:11.334 19687 19843 D ConnectivityManager: StackLog: [android.net.ConnectivityManager.sendRequestForNetwork(ConnectivityManager.java:4300)] [android.net.ConnectivityManager.registerDefaultNetworkCallbackForUid(ConnectivityManager.java:4864)] [android.net.ConnectivityManager.registerDefaultNetworkCallback(ConnectivityManager.java:4831)] [android.net.ConnectivityManager.registerDefaultNetworkCallback(ConnectivityManager.java:4805)] [g7.l.a(NetworkApi24.kt:11)] [d7.k.d(NetworkStateTracker.kt:18)] [c7.c.d(ConstraintController.kt:155)] [b7.d.d(WorkConstraintsTracker.kt:41)] [y6.c.c(GreedyScheduler.java:361)] [androidx.work.impl.q.a(Schedulers.java:156)] [androidx.work.impl.utils.ForceStopRunnable.a(ForceStopRunnable.java:522)] [androidx.work.impl.utils.ForceStopRunnable.run(ForceStopRunnable.java:29)] [g7.p$a.run(SerialExecutorImpl.java:3)] [java.util.concurrent.ThreadPoolExecutor.runWorker(ThreadPoolExecutor.java:1137)] [java.util.concurrent.ThreadPoolExecutor$Worker.run(ThreadPoolExecutor.java:637)] [java.lang.Thread.run(Thread.java:1012)]
07-10 00:59:11.336  5674  7126 D ConnectivityService: requestNetwork for uid/pid:10220/19687 activeRequest: null callbackRequest: 16533 [NetworkRequest [ REQUEST id=16534, [ Capabilities: INTERNET&NOT_RESTRICTED&TRUSTED&NOT_VCN_MANAGED Uid: 10220 RequestorUid: 10220 RequestorPkg: com.reddit.frontpage UnderlyingNetworks: Null] ]] callback flags: 0 order: 2147483647
07-10 00:59:11.336  5674  6055 D ConnectivityService:    accepting network in place of null
07-10 00:59:11.339  5674  6045 D WifiNetworkFactory: got request NetworkRequest [ REQUEST id=16534, [ Capabilities: INTERNET&NOT_RESTRICTED&TRUSTED&NOT_VCN_MANAGED Uid: 10220 RequestorUid: 10220 RequestorPkg: com.reddit.frontpage UnderlyingNetworks: Null] ]
07-10 00:59:11.340  5674  6045 D UntrustedWifiNetworkFactory: got request NetworkRequest [ REQUEST id=16534, [ Capabilities: INTERNET&NOT_RESTRICTED&TRUSTED&NOT_VCN_MANAGED Uid: 10220 RequestorUid: 10220 RequestorPkg: com.reddit.frontpage UnderlyingNetworks: Null] ]
07-10 00:59:11.341  5674  6045 D OemPaidWifiNetworkFactory: got request NetworkRequest [ REQUEST id=16534, [ Capabilities: INTERNET&NOT_RESTRICTED&TRUSTED&NOT_VCN_MANAGED Uid: 10220 RequestorUid: 10220 RequestorPkg: com.reddit.frontpage UnderlyingNetworks: Null] ]
07-10 00:59:11.342  5674  6045 D MultiInternetWifiNetworkFactory: got request NetworkRequest [ REQUEST id=16534, [ Capabilities: INTERNET&NOT_RESTRICTED&TRUSTED&NOT_VCN_MANAGED Uid: 10220 RequestorUid: 10220 RequestorPkg: com.reddit.frontpage UnderlyingNetworks: Null] ]
07-10 00:59:11.344  5674  6055 D ConnectivityService: Rematched networks [computed 1ms] [applied 0ms] [issued 7]
07-10 00:59:11.344  5674  6055 D ConnectivityService: NetworkReassignment :
07-10 00:59:11.344  5674  6055 D ConnectivityService:   16534 : null → 118
07-10 00:59:11.377  5674  9957 D PackageManager: setEnabledSetting : userId = 0 packageName = com.reddit.frontpage cmp = androidx.work.impl.background.systemalarm.RescheduleReceiver newState = 1 callingPackage = 10220/com.reddit.frontpage
07-10 00:59:11.380  5674  9957 D ApplicationPolicy: getApplicationStateEnabled : pkg = com.reddit.frontpage userId : 0
07-10 00:59:11.381  5674  9957 D ApplicationPolicy: getApplicationComponentState : pkg = com.reddit.frontpage userId : 0
07-10 00:59:11.401 16924 17588 W NetworkScheduler: Error inserting flex_time=851000 job_id=-1 period=1703000 source=16 requires_charging=0 preferred_network_type=1 target_class=com.google.android.gms.measurement.PackageMeasurementTaskService user_id=0 target_package=com.google.android.gms tag=Measurement.PackageMeasurementTaskService.UPLOAD_TASK_TAG task_type=0 required_idleness_state=0 service_kind=0 source_version=232414000 persistence_level=1 preferred_charging_state=1 required_network_type=0 runtime=1688943551384 retry_strategy={"maximum_backoff_seconds":{"3600":0},"initial_backoff_seconds":{"30":0},"retry_policy":{"0":0}} last_runtime=0 [CONTEXT service_id=218 ]
07-10 00:59:11.401 16924 17588 W NetworkScheduler: android.database.sqlite.SQLiteConstraintException: UNIQUE constraint failed: pending_ops.tag, pending_ops.target_class, pending_ops.target_package, pending_ops.user_id (code 2067 SQLITE_CONSTRAINT_UNIQUE[2067])
07-10 00:59:11.401 16924 17588 W NetworkScheduler: 	at android.database.sqlite.SQLiteConnection.nativeExecuteForLastInsertedRowId(Native Method)
07-10 00:59:11.401 16924 17588 W NetworkScheduler: 	at android.database.sqlite.SQLiteConnection.executeForLastInsertedRowId(SQLiteConnection.java:1275)
07-10 00:59:11.401 16924 17588 W NetworkScheduler: 	at android.database.sqlite.SQLiteSession.executeForLastInsertedRowId(SQLiteSession.java:790)
07-10 00:59:11.401 16924 17588 W NetworkScheduler: 	at android.database.sqlite.SQLiteStatement.executeInsert(SQLiteStatement.java:89)
07-10 00:59:11.401 16924 17588 W NetworkScheduler: 	at android.database.sqlite.SQLiteDatabase.insertWithOnConflict(SQLiteDatabase.java:2410)
07-10 00:59:11.401 16924 17588 W NetworkScheduler: 	at android.database.sqlite.SQLiteDatabase.insertOrThrow(SQLiteDatabase.java:2305)
07-10 00:59:11.401 16924 17588 W NetworkScheduler: 	at cahd.f(:com.google.android.gms@232414044@23.24.14 (190400-544099984):59)
07-10 00:59:11.401 16924 17588 W NetworkScheduler: 	at cafx.n(:com.google.android.gms@232414044@23.24.14 (190400-544099984):3)
07-10 00:59:11.401 16924 17588 W NetworkScheduler: 	at cafx.u(:com.google.android.gms@232414044@23.24.14 (190400-544099984):20)
07-10 00:59:11.401 16924 17588 W NetworkScheduler: 	at cafx.h(:com.google.android.gms@232414044@23.24.14 (190400-544099984):3)
07-10 00:59:11.401 16924 17588 W NetworkScheduler: 	at cabp.run(:com.google.android.gms@232414044@23.24.14 (190400-544099984):9)
07-10 00:59:11.401 16924 17588 W NetworkScheduler: 	at acmg.c(:com.google.android.gms@232414044@23.24.14 (190400-544099984):6)
07-10 00:59:11.401 16924 17588 W NetworkScheduler: 	at acmg.run(:com.google.android.gms@232414044@23.24.14 (190400-544099984):7)
07-10 00:59:11.401 16924 17588 W NetworkScheduler: 	at java.util.concurrent.ThreadPoolExecutor.runWorker(ThreadPoolExecutor.java:1137)
07-10 00:59:11.401 16924 17588 W NetworkScheduler: 	at java.util.concurrent.ThreadPoolExecutor$Worker.run(ThreadPoolExecutor.java:637)
07-10 00:59:11.401 16924 17588 W NetworkScheduler: 	at acro.run(:com.google.android.gms@232414044@23.24.14 (190400-544099984):0)
07-10 00:59:11.401 16924 17588 W NetworkScheduler: 	at java.lang.Thread.run(Thread.java:1012)
07-10 00:59:11.404 16924 17588 W NetworkScheduler: Error inserting flex_time=850000 job_id=-1 period=1702000 source=16 requires_charging=0 preferred_network_type=1 target_class=com.google.android.gms.measurement.PackageMeasurementTaskService user_id=0 target_package=com.google.android.gms tag=Measurement.PackageMeasurementTaskService.UPLOAD_TASK_TAG task_type=0 required_idleness_state=0 service_kind=0 source_version=232414000 persistence_level=1 preferred_charging_state=1 required_network_type=0 runtime=1688943551399 retry_strategy={"maximum_backoff_seconds":{"3600":0},"initial_backoff_seconds":{"30":0},"retry_policy":{"0":0}} last_runtime=0 [CONTEXT service_id=218 ]
07-10 00:59:11.404 16924 17588 W NetworkScheduler: android.database.sqlite.SQLiteConstraintException: UNIQUE constraint failed: pending_ops.tag, pending_ops.target_class, pending_ops.target_package, pending_ops.user_id (code 2067 SQLITE_CONSTRAINT_UNIQUE[2067])
07-10 00:59:11.404 16924 17588 W NetworkScheduler: 	at android.database.sqlite.SQLiteConnection.nativeExecuteForLastInsertedRowId(Native Method)
07-10 00:59:11.404 16924 17588 W NetworkScheduler: 	at android.database.sqlite.SQLiteConnection.executeForLastInsertedRowId(SQLiteConnection.java:1275)
07-10 00:59:11.404 16924 17588 W NetworkScheduler: 	at android.database.sqlite.SQLiteSession.executeForLastInsertedRowId(SQLiteSession.java:790)
07-10 00:59:11.404 16924 17588 W NetworkScheduler: 	at android.database.sqlite.SQLiteStatement.executeInsert(SQLiteStatement.java:89)
07-10 00:59:11.404 16924 17588 W NetworkScheduler: 	at android.database.sqlite.SQLiteDatabase.insertWithOnConflict(SQLiteDatabase.java:2410)
07-10 00:59:11.404 16924 17588 W NetworkScheduler: 	at android.database.sqlite.SQLiteDatabase.insertOrThrow(SQLiteDatabase.java:2305)
07-10 00:59:11.404 16924 17588 W NetworkScheduler: 	at cahd.f(:com.google.android.gms@232414044@23.24.14 (190400-544099984):59)
07-10 00:59:11.404 16924 17588 W NetworkScheduler: 	at cafx.n(:com.google.android.gms@232414044@23.24.14 (190400-544099984):3)
07-10 00:59:11.404 16924 17588 W NetworkScheduler: 	at cafx.u(:com.google.android.gms@232414044@23.24.14 (190400-544099984):20)
07-10 00:59:11.404 16924 17588 W NetworkScheduler: 	at cafx.h(:com.google.android.gms@232414044@23.24.14 (190400-544099984):3)
07-10 00:59:11.404 16924 17588 W NetworkScheduler: 	at cabp.run(:com.google.android.gms@232414044@23.24.14 (190400-544099984):9)
07-10 00:59:11.404 16924 17588 W NetworkScheduler: 	at acmg.c(:com.google.android.gms@232414044@23.24.14 (190400-544099984):6)
07-10 00:59:11.404 16924 17588 W NetworkScheduler: 	at acmg.run(:com.google.android.gms@232414044@23.24.14 (190400-544099984):8)
07-10 00:59:11.404 16924 17588 W NetworkScheduler: 	at java.util.concurrent.ThreadPoolExecutor.runWorker(ThreadPoolExecutor.java:1137)
07-10 00:59:11.404 16924 17588 W NetworkScheduler: 	at java.util.concurrent.ThreadPoolExecutor$Worker.run(ThreadPoolExecutor.java:637)
07-10 00:59:11.404 16924 17588 W NetworkScheduler: 	at acro.run(:com.google.android.gms@232414044@23.24.14 (190400-544099984):0)
07-10 00:59:11.404 16924 17588 W NetworkScheduler: 	at java.lang.Thread.run(Thread.java:1012)
07-10 00:59:11.438  5674  9957 D PackageManager: setEnabledSetting : userId = 0 packageName = com.reddit.frontpage cmp = androidx.work.impl.background.systemalarm.RescheduleReceiver newState = 1 callingPackage = 10220/com.reddit.frontpage
07-10 00:59:11.439  5674  9957 D ApplicationPolicy: getApplicationStateEnabled : pkg = com.reddit.frontpage userId : 0
07-10 00:59:11.440  5674  9957 D ApplicationPolicy: getApplicationComponentState : pkg = com.reddit.frontpage userId : 0
07-10 00:59:11.463 29789 29802 W gle.android.gms: Reducing the number of considered missed Gc histogram windows from 115 to 100
07-10 00:59:11.482 10639 10650 W ung.android.scs: Suspending all threads took: 5.047ms
07-10 00:59:11.518  5674  7126 D PackageManager: setEnabledSetting : userId = 0 packageName = com.reddit.frontpage cmp = androidx.work.impl.background.systemalarm.RescheduleReceiver newState = 1 callingPackage = 10220/com.reddit.frontpage
07-10 00:59:11.520  5674  7126 D ApplicationPolicy: getApplicationStateEnabled : pkg = com.reddit.frontpage userId : 0
07-10 00:59:11.521  5674  7126 D ApplicationPolicy: getApplicationComponentState : pkg = com.reddit.frontpage userId : 0
07-10 00:59:11.611  5674  7126 D PackageManager: setEnabledSetting : userId = 0 packageName = com.reddit.frontpage cmp = androidx.work.impl.background.systemalarm.RescheduleReceiver newState = 1 callingPackage = 10220/com.reddit.frontpage
07-10 00:59:11.612  5674  7126 D ApplicationPolicy: getApplicationStateEnabled : pkg = com.reddit.frontpage userId : 0
07-10 00:59:11.612  5674  7126 D ApplicationPolicy: getApplicationComponentState : pkg = com.reddit.frontpage userId : 0
07-10 00:59:11.690  9843 10427 I FuseDaemon: Threshold exceeded - fadvising 67108864
07-10 00:59:11.690  9843 10427 I FuseDaemon: Threshold now 0
07-10 00:59:11.859  5674  6213 D NetdEventListenerService: DNS Requested by : 118, 10220
07-10 00:59:11.863 19687 19839 D TrafficStats: tagSocket(107) with statsTag=0x0, statsUid=-1
07-10 00:59:11.935 19687 19843 I WM-WorkerWrapper: Worker result SUCCESS for Work [ id=b503e7f6-3b8f-45ee-a928-0b2640fe4734, tags={ com.reddit.data.postsubmit.RemoveStaleUploadsWorker } ]
07-10 00:59:11.982 19687 19880 I WM-WorkerWrapper: Worker result SUCCESS for Work [ id=bc34e657-45ed-49fc-a6bc-55e337a57eeb, tags={ com.reddit.analytics.data.dispatcher.AnalyticsDispatchWorker } ]
07-10 00:59:12.515  3584  3592 I com.kms.free: Background young concurrent copying GC freed 205571(6712KB) AllocSpace objects, 23(892KB) LOS objects, 49% free, 8000KB/15MB, paused 832us,309us total 346.661ms
07-10 00:59:12.516  3584  3592 W com.kms.free: Reducing the number of considered missed Gc histogram windows from 120 to 100
07-10 00:59:12.862  5674  7726 D SemWifiUsabilityStatsMonitor: onWifiUsabilityStats - seqNum 21409, isSameBssidAndFreq true
07-10 00:59:12.865  5674  6128 I SemWifiLinkQualityMonitor: Link Qos Query: 0.111 ms / 72.000 Mbps (234 / 0.000 / 3.250)
07-10 00:59:13.144  9843 10427 I FuseDaemon: Threshold exceeded - fadvising 67108864
07-10 00:59:13.144  9843 10427 I FuseDaemon: Threshold now 0
07-10 00:59:13.742 31802 32077 I SystemBroadcastReceiver: [#CMH#] onReceive completed :  0
07-10 00:59:13.744 31802 31802 I PolicyManager: [#CMH#] onReceive action = EVENT_SIOP
07-10 00:59:13.753  5674  5674 D SemWifiP2pGoPowerSave: GopsReceiver : received : com.samsung.intent.action.CHECK_SIOP_LEVEL
07-10 00:59:13.754  5674  5674 I SemWifiP2pGoPowerSave: siop_level = 1
07-10 00:59:14.085  5674  6183 D WifiConnectivityMonitor: called startWcmPoll but already Ongoing
07-10 00:59:14.085  5674  6183 D SemWifiRssiBasePoller: RSSI_BASE_STOP
07-10 00:59:14.516  9843 10427 I FuseDaemon: Threshold exceeded - fadvising 67108864
07-10 00:59:14.516  9843 10427 I FuseDaemon: Threshold now 0
07-10 00:59:15.148  5353  6075 V APM_AudioPolicyManager: setAppState(portId:1005, state:1)
07-10 00:59:15.153  5674  5745 W libprocessgroup: Failed to open /dev/blkio//cgroup.procs: No such file or directory
07-10 00:59:15.170  5674  5745 W libprocessgroup: Failed to open /dev/blkio//cgroup.procs: No such file or directory
07-10 00:59:15.171  5353  6075 V APM_AudioPolicyManager: setAppState(portId:1005, state:1)
07-10 00:59:15.302  5353  6075 V APM_AudioPolicyManager: setAppState(portId:1005, state:1)
07-10 00:59:15.306  5353  6075 V APM_AudioPolicyManager: setAppState(portId:1005, state:1)
07-10 00:59:15.485 19687 19846 W AudioCapabilities: Unsupported mime audio/x-ima
07-10 00:59:15.487 19687 19846 W AudioCapabilities: Unsupported mime audio/mpeg-L1
07-10 00:59:15.487 19687 19846 W AudioCapabilities: Unsupported mime audio/mpeg-L2
07-10 00:59:15.488 19687 19846 W VideoCapabilities: Unsupported mime video/mp43
07-10 00:59:15.511 19687 19846 W VideoCapabilities: Unsupported mime video/wvc1
07-10 00:59:15.513 19687 19846 W VideoCapabilities: Unsupported mime video/x-ms-wmv
07-10 00:59:15.514 19687 19846 W AudioCapabilities: Unsupported mime audio/x-ms-wma
07-10 00:59:15.515 19687 19846 W VideoCapabilities: Unsupported mime video/x-ms-wmv7
07-10 00:59:15.515 19687 19846 W VideoCapabilities: Unsupported mime video/x-ms-wmv8
07-10 00:59:15.613 19687 19846 W VideoCapabilities: Unrecognized profile/level 32768/256 for video/mp4v-es
07-10 00:59:15.717 19687 19899 D ProfileInstaller: Skipping profile installation for com.reddit.frontpage
07-10 00:59:15.772 31802 32118 I PolicyManager: [#CMH#] Is foreground game app: false
07-10 00:59:15.813  5674  5745 W libprocessgroup: Failed to open /dev/blkio//cgroup.procs: No such file or directory
07-10 00:59:15.820  5674  5745 W libprocessgroup: Failed to open /dev/blkio//cgroup.procs: No such file or directory
07-10 00:59:15.823  5353  6075 V APM_AudioPolicyManager: setAppState(portId:1005, state:1)
07-10 00:59:15.823  5353  6075 V APM_AudioPolicyManager: setAppState(portId:1005, state:1)
07-10 00:59:15.848 19687 19701 I eddit.frontpage: Background concurrent copying GC freed 43946(1777KB) AllocSpace objects, 4(208KB) LOS objects, 56% free, 4811KB/10MB, paused 1.809ms,93us total 163.258ms
07-10 00:59:15.893  5674  7726 D SemWifiUsabilityStatsMonitor: onWifiUsabilityStats - seqNum 21410, isSameBssidAndFreq true
07-10 00:59:15.894  5674  6128 I SemWifiLinkQualityMonitor: Link Qos Query: 0.111 ms / 72.000 Mbps (234 / 0.000 / 3.250)
07-10 00:59:15.895  6461  6461 D NetworkController.WifiSignalController: notifyListener: visible=true, connected=true, inetCondition=1, isDefault=true, wifiTestReported=true, receivedInetCondition=-1, hideDuringMobileSwitching=false
07-10 00:59:15.911  5674  6213 D NetdEventListenerService: DNS Requested by : 118, 10220
07-10 00:59:15.913 19687 19906 D TrafficStats: tagSocket(119) with statsTag=0xffffffff, statsUid=-1
07-10 00:59:15.972 16924 17588 W NetworkScheduler: Error inserting flex_time=846000 job_id=-1 period=1693000 source=16 requires_charging=0 preferred_network_type=1 target_class=com.google.android.gms.measurement.PackageMeasurementTaskService user_id=0 target_package=com.google.android.gms tag=Measurement.PackageMeasurementTaskService.UPLOAD_TASK_TAG task_type=0 required_idleness_state=0 service_kind=0 source_version=232414000 persistence_level=1 preferred_charging_state=1 required_network_type=0 runtime=1688943555961 retry_strategy={"maximum_backoff_seconds":{"3600":0},"initial_backoff_seconds":{"30":0},"retry_policy":{"0":0}} last_runtime=0 [CONTEXT service_id=218 ]
07-10 00:59:15.972 16924 17588 W NetworkScheduler: android.database.sqlite.SQLiteConstraintException: UNIQUE constraint failed: pending_ops.tag, pending_ops.target_class, pending_ops.target_package, pending_ops.user_id (code 2067 SQLITE_CONSTRAINT_UNIQUE[2067])
07-10 00:59:15.972 16924 17588 W NetworkScheduler: 	at android.database.sqlite.SQLiteConnection.nativeExecuteForLastInsertedRowId(Native Method)
07-10 00:59:15.972 16924 17588 W NetworkScheduler: 	at android.database.sqlite.SQLiteConnection.executeForLastInsertedRowId(SQLiteConnection.java:1275)
07-10 00:59:15.972 16924 17588 W NetworkScheduler: 	at android.database.sqlite.SQLiteSession.executeForLastInsertedRowId(SQLiteSession.java:790)
07-10 00:59:15.972 16924 17588 W NetworkScheduler: 	at android.database.sqlite.SQLiteStatement.executeInsert(SQLiteStatement.java:89)
07-10 00:59:15.972 16924 17588 W NetworkScheduler: 	at android.database.sqlite.SQLiteDatabase.insertWithOnConflict(SQLiteDatabase.java:2410)
07-10 00:59:15.972 16924 17588 W NetworkScheduler: 	at android.database.sqlite.SQLiteDatabase.insertOrThrow(SQLiteDatabase.java:2305)
07-10 00:59:15.972 16924 17588 W NetworkScheduler: 	at cahd.f(:com.google.android.gms@232414044@23.24.14 (190400-544099984):59)
07-10 00:59:15.972 16924 17588 W NetworkScheduler: 	at cafx.n(:com.google.android.gms@232414044@23.24.14 (190400-544099984):3)
07-10 00:59:15.972 16924 17588 W NetworkScheduler: 	at cafx.u(:com.google.android.gms@232414044@23.24.14 (190400-544099984):20)
07-10 00:59:15.972 16924 17588 W NetworkScheduler: 	at cafx.h(:com.google.android.gms@232414044@23.24.14 (190400-544099984):3)
07-10 00:59:15.972 16924 17588 W NetworkScheduler: 	at cabp.run(:com.google.android.gms@232414044@23.24.14 (190400-544099984):9)
07-10 00:59:15.972 16924 17588 W NetworkScheduler: 	at acmg.c(:com.google.android.gms@232414044@23.24.14 (190400-544099984):6)
07-10 00:59:15.972 16924 17588 W NetworkScheduler: 	at acmg.run(:com.google.android.gms@232414044@23.24.14 (190400-544099984):7)
07-10 00:59:15.972 16924 17588 W NetworkScheduler: 	at java.util.concurrent.ThreadPoolExecutor.runWorker(ThreadPoolExecutor.java:1137)
07-10 00:59:15.972 16924 17588 W NetworkScheduler: 	at java.util.concurrent.ThreadPoolExecutor$Worker.run(ThreadPoolExecutor.java:637)
07-10 00:59:15.972 16924 17588 W NetworkScheduler: 	at acro.run(:com.google.android.gms@232414044@23.24.14 (190400-544099984):0)
07-10 00:59:15.972 16924 17588 W NetworkScheduler: 	at java.lang.Thread.run(Thread.java:1012)
07-10 00:59:16.030  9843 10427 I FuseDaemon: Threshold exceeded - fadvising 67108864
07-10 00:59:16.030  9843 10427 I FuseDaemon: Threshold now 0
07-10 00:59:16.270  5353  5543 V APM_AudioPolicyManager: setAppState(portId:1005, state:1)
07-10 00:59:16.273  5353  5543 V APM_AudioPolicyManager: setAppState(portId:1005, state:1)
07-10 00:59:16.807 19687 19843 I WM-WorkerWrapper: Worker result SUCCESS for Work [ id=695b0439-bfec-4d6a-af38-b865c5ec0d81, tags={ com.reddit.billing.RetryPurchasesWorker } ]
07-10 00:59:16.855  5353  5543 V APM_AudioPolicyManager: setAppState(portId:1005, state:1)
07-10 00:59:16.890  5674  6213 D NetdEventListenerService: DNS Requested by : 118, 10220
07-10 00:59:16.890  5674  6213 D NetdEventListenerService: DNS Requested by : 118, 10220
07-10 00:59:16.896  5674  6213 D NetdEventListenerService: DNS Requested by : 118, 10220
07-10 00:59:17.117 19687 19880 I WM-WorkerWrapper: Worker result SUCCESS for Work [ id=d12fab6e-05ce-4373-901f-3f2221e6dd33, tags={ com.reddit.data.worker.EmailRequirementWorker } ]
07-10 00:59:17.125 19687 19687 D ConnectivityManager: StackLog: [android.net.ConnectivityManager.unregisterNetworkCallback(ConnectivityManager.java:4972)] [g7.j.c(NetworkApi21.kt:11)] [d7.k.e(NetworkStateTracker.kt:18)] [d7.h.b(ConstraintTracker.kt:25)] [c7.c.d(ConstraintController.kt:81)] [b7.d.d(WorkConstraintsTracker.kt:41)] [y6.c.a(GreedyScheduler.java:72)] [androidx.work.impl.o.a(Processor.java:98)] [androidx.work.impl.o$a.run(Processor.java:19)]
07-10 00:59:17.127  5674  6055 D ConnectivityService:  Removing from current network [118 WIFI], leaving 156 requests.
07-10 00:59:17.135  5353  5543 V APM_AudioPolicyManager: setAppState(portId:1005, state:1)
07-10 00:59:17.137 19687 19710 W libc    : Access denied finding property "sys.perf.boostopt"
07-10 00:59:17.137  5262  5262 E audit   : type=1400 audit(1688943557.133:69581): avc:  denied  { read } for  pid=19687 comm="binder:19687_3" name="u:object_r:perf_prop:s0" dev="tmpfs" ino=10663 scontext=u:r:untrusted_app:s0:c220,c256,c512,c768 tcontext=u:object_r:perf_prop:s0 tclass=file permissive=0 SEPF_SM-A515F_13_0001 audit_filtered
07-10 00:59:17.137  5262  5262 E audit   : type=1300 audit(1688943557.133:69581): arch=c00000b7 syscall=56 success=no exit=-13 a0=ffffff9c a1=7b7d2542f8 a2=88000 a3=0 items=0 ppid=5287 pid=19687 auid=4294967295 uid=10220 gid=10220 euid=10220 suid=10220 fsuid=10220 egid=10220 sgid=10220 fsgid=10220 tty=(none) ses=4294967295 comm="binder:19687_3" exe="/system/bin/app_process64" subj=u:r:untrusted_app:s0:c220,c256,c512,c768 key=(null)
07-10 00:59:17.137  5262  5262 E audit   : type=1327 audit(1688943557.133:69581): proctitle="com.reddit.frontpage"
07-10 00:59:17.155  5353  5543 V APM_AudioPolicyManager: setAppState(portId:1005, state:1)
07-10 00:59:17.361 19687 19837 D Event   : No subscribers registered for event class com.reddit.sync.h
07-10 00:59:17.363 19687 19837 D Event   : No subscribers registered for event class de.greenrobot.event.e
07-10 00:59:17.367 19687 19843 I WM-WorkerWrapper: Worker result SUCCESS for Work [ id=d5817065-8310-44f8-bf80-a86e6e5a3063, tags={ com.reddit.sync.ExperimentsSyncWorker } ]
07-10 00:59:17.484 31802 32118 I ControllerUtils: [#CMH#] StoryService:  9, isNonJustShotRunningPossible: false, isStopHeavyTask: true
07-10 00:59:17.579 31802 32118 I ControllerUtils: [#CMH#] IPService:  5, isNonJustShotRunningPossible: false, isStopHeavyTask: true
07-10 00:59:17.653 31802 32118 I ControllerUtils: [#CMH#] FaceService:  2, isNonJustShotRunningPossible: false, isStopHeavyTask: true
07-10 00:59:17.720  9843 10427 I FuseDaemon: Threshold exceeded - fadvising 67219456
07-10 00:59:17.721  9843 10427 I FuseDaemon: Threshold now 0
07-10 00:59:18.918  5674  7726 D SemWifiUsabilityStatsMonitor: onWifiUsabilityStats - seqNum 21411, isSameBssidAndFreq true
07-10 00:59:18.922  6461  6461 D NetworkController.WifiSignalController: notifyListener: visible=true, connected=true, inetCondition=1, isDefault=true, wifiTestReported=true, receivedInetCondition=-1, hideDuringMobileSwitching=false
07-10 00:59:18.922  5674  6128 I SemWifiLinkQualityMonitor: Link Qos Query: 0.027 ms / 294.048 Mbps (325 / 0.000 / 1.105)
07-10 00:59:18.973  5674  6213 D NetdEventListenerService: DNS Requested by : 118, 10220
07-10 00:59:19.163  9843 10427 I FuseDaemon: Threshold exceeded - fadvising 67227648
07-10 00:59:19.163  9843 10427 I FuseDaemon: Threshold now 0
07-10 00:59:21.086  9837 10033 I SemDvfsHyPerManager: acquire hyper - SIOP_ARM_MAX/9837@2, type = 301993986
07-10 00:59:21.095  5313  5394 I HYPER-HAL: [RequestManager.cpp]acquire(): Acquired ID : 48407882  [9837 / 2]    HINT :      list : [CPUMaxFreq / 2184000]
07-10 00:59:21.955  5674  7726 D SemWifiUsabilityStatsMonitor: onWifiUsabilityStats - seqNum 21412, isSameBssidAndFreq true
07-10 00:59:21.956  5674  6128 I SemWifiLinkQualityMonitor: Link Qos Query: 0.031 ms / 260.000 Mbps (390 / 0.000 / 1.500)
07-10 00:59:24.999  5674  7726 D SemWifiUsabilityStatsMonitor: onWifiUsabilityStats - seqNum 21413, isSameBssidAndFreq true
07-10 00:59:25.002  5674  6128 I SemWifiLinkQualityMonitor: Link Qos Query: 0.037 ms / 216.500 Mbps (433 / 0.000 / 2.000)
07-10 00:59:25.806 29789 29789 D BoundBrokerSvc: onUnbind: Intent { act=com.google.android.gms.auth.api.identity.service.signin.START dat=chimera-action:/... cmp=com.google.android.gms/.chimera.GmsApiService }
07-10 00:59:25.947 29789 29789 D BoundBrokerSvc: onUnbind: Intent { act=com.google.android.gms.measurement.START pkg=com.google.android.gms }
07-10 00:59:26.482 16924 16924 D BoundBrokerSvc: onUnbind: Intent { act=com.google.android.gms.presencemanager.service.START dat=chimera-action:/... cmp=com.google.android.gms/.chimera.PersistentApiService }
07-10 00:59:26.487 16924 16924 D BoundBrokerSvc: onUnbind: Intent { act=com.google.android.gms.presencemanager.service.INTERNAL_IDENTITY dat=chimera-action:/... cmp=com.google.android.gms/.chimera.PersistentApiService }
07-10 00:59:27.001 31135 32652 I native  : I0000 00:00:1688943566.994920   32652 soda_async_impl.cc:1540] Current audio timestamp: 1688943566620242
07-10 00:59:27.102  5362  5362 I SurfaceFlinger: SFWD update time=133816469276941
07-10 00:59:28.044  5674  7726 D SemWifiUsabilityStatsMonitor: onWifiUsabilityStats - seqNum 21414, isSameBssidAndFreq true
07-10 00:59:28.046  5674  6128 I SemWifiLinkQualityMonitor: Link Qos Query: 0.062 ms / 130.000 Mbps (390 / 0.000 / 3.000)
07-10 00:59:28.218 31135 31465 I A       : (REDACTED) #onAudioData: %s bytes, getAudioReadSize %s
07-10 00:59:28.413 30967 31717 I ContactsProvider_EventLog: cp_s: [CONTACT con(158) dat(1091) acc({sim(3)=15, sec(6)=1, sim2(4)=1, google(2)=81, org.telegram.messenger(236)=100, com.whatsapp(14)=41}) calls([logtype:100 cnt:877, logtype:200 cnt:5, logtype:300 cnt:495, logtype:1000 cnt:632, logtype:1150 cnt:161]) Iso(RS) uId(0) ]
07-10 00:59:28.413 30967 31717 I ContactsProvider_EventLog: cp_s: [ agr({[2 ,2 ,14 ,236]=1, [2 ,14 ,236]=32, [3]=15, [14]=1, [4]=1, [2 ,14]=4, [2 ,2]=2, [2]=34, [6 ,14]=1, [2 ,236]=3, [236]=62, [2 ,236 ,14]=2}) ]
07-10 00:59:28.413 30967 31717 I ContactsProvider_EventLog: cp_s: [ cnt({acore(30967)=1}) ]
07-10 00:59:28.413 30967 31717 I ContactsProvider_EventLog: cp_s: [PROFILE con(1) dat(1) acc({vnd.sec.contact.phone=1}) ] [SAPROFILE ]
07-10 00:59:28.413 30967 31717 I ContactsProvider_EventLog: cp_s: [STATE R(T) ]
07-10 00:59:29.896  5325  5325 E sehhealth-service: Could not open /sys/class/power_supply/battery/lrp
07-10 00:59:30.557  6461  6566 D TileLifecycleManager: onStopListening
07-10 00:59:31.093  5674  7726 D SemWifiUsabilityStatsMonitor: onWifiUsabilityStats - seqNum 21415, isSameBssidAndFreq true
07-10 00:59:31.095  5674  6128 I SemWifiLinkQualityMonitor: Link Qos Query: 0.042 ms / 192.444 Mbps (433 / 0.000 / 2.250)
07-10 00:59:31.140  9837 10033 I SemDvfsHyPerManager: acquire hyper - SIOP_GPU_FREQ_MAX/9837@4, type = 536875010
07-10 00:59:31.141  5313  5394 I HYPER-HAL: [RequestManager.cpp]acquire(): Acquired ID : 48427565  [9837 / 4]    HINT :      list : [GPUMaxFreq / 764000]
07-10 00:59:31.142  9837 10033 I SemDvfsHyPerManager: acquire hyper - SIOP_ARM_MAX/9837@2, type = 301993986
07-10 00:59:31.145  5313  5394 I HYPER-HAL: [RequestManager.cpp]acquire(): Acquired ID : 48407882  [9837 / 2]    HINT :      list : [CPUMaxFreq / 2080000]
07-10 00:59:34.145  5674  7726 D SemWifiUsabilityStatsMonitor: onWifiUsabilityStats - seqNum 21416, isSameBssidAndFreq true
07-10 00:59:34.149  5674  6128 I SemWifiLinkQualityMonitor: Link Qos Query: 0.041 ms / 195.000 Mbps (390 / 0.000 / 2.000)
07-10 00:59:34.684  5674  9951 D PackageManager: setEnabledSetting : userId = 0 packageName = com.Slack cmp = androidx.work.impl.background.systemalarm.RescheduleReceiver newState = 1 callingPackage = 10329/com.Slack
07-10 00:59:34.685  5674  9951 D ApplicationPolicy: getApplicationStateEnabled : pkg = com.Slack userId : 0
07-10 00:59:34.687  5674  9951 D ApplicationPolicy: getApplicationComponentState : pkg = com.Slack userId : 0
07-10 00:59:34.717  5353  5543 V APM_AudioPolicyManager: setAppState(portId:1005, state:1)
07-10 00:59:34.719  5674  5745 W libprocessgroup: Failed to open /dev/blkio//cgroup.procs: No such file or directory
07-10 00:59:34.749 15049 15247 D ConnectivityManager: StackLog: [android.net.ConnectivityManager.sendRequestForNetwork(ConnectivityManager.java:4300)] [android.net.ConnectivityManager.registerDefaultNetworkCallbackForUid(ConnectivityManager.java:4864)] [android.net.ConnectivityManager.registerDefaultNetworkCallback(ConnectivityManager.java:4831)] [android.net.ConnectivityManager.registerDefaultNetworkCallback(ConnectivityManager.java:4805)] [androidx.work.impl.utils.NetworkApi24.registerDefaultNetworkCallbackCompat(Unknown Source:11)] [androidx.work.impl.constraints.trackers.NetworkStateTracker24.startTracking(Unknown Source:15)] [androidx.work.impl.constraints.controllers.ConstraintController.replace(Unknown Source:130)] [androidx.work.impl.constraints.WorkConstraintsTrackerImpl.replace(Unknown Source:41)] [androidx.work.impl.background.greedy.GreedyScheduler.schedule(Unknown Source:302)] [androidx.work.impl.Schedulers.schedule(Unknown Source:155)] [androidx.work.impl.utils.EnqueueRunnable.run(Unknown Source:53)] [androidx.work.Worker$2.run$androidx$work$impl$utils$SerialExecutorImpl$Task(Unknown Source:4)] [androidx.work.Worker$2.run(Unknown Source:868)] [java.util.concurrent.ThreadPoolExecutor.runWorker(ThreadPoolExecutor.java:1137)] [java.util.concurrent.ThreadPoolExecutor$Worker.run(ThreadPoolExecutor.java:637)] [java.lang.Thread.run(Thread.java:1012)]
07-10 00:59:34.753  5674  9951 D ConnectivityService: requestNetwork for uid/pid:10329/15049 activeRequest: null callbackRequest: 16535 [NetworkRequest [ REQUEST id=16536, [ Capabilities: INTERNET&NOT_RESTRICTED&TRUSTED&NOT_VCN_MANAGED Uid: 10329 RequestorUid: 10329 RequestorPkg: com.Slack UnderlyingNetworks: Null] ]] callback flags: 0 order: 2147483647
07-10 00:59:34.754  5674  6055 D ConnectivityService:    accepting network in place of null
07-10 00:59:34.762  5674  6045 D WifiNetworkFactory: got request NetworkRequest [ REQUEST id=16536, [ Capabilities: INTERNET&NOT_RESTRICTED&TRUSTED&NOT_VCN_MANAGED Uid: 10329 RequestorUid: 10329 RequestorPkg: com.Slack UnderlyingNetworks: Null] ]
07-10 00:59:34.763  5674  6045 D UntrustedWifiNetworkFactory: got request NetworkRequest [ REQUEST id=16536, [ Capabilities: INTERNET&NOT_RESTRICTED&TRUSTED&NOT_VCN_MANAGED Uid: 10329 RequestorUid: 10329 RequestorPkg: com.Slack UnderlyingNetworks: Null] ]
07-10 00:59:34.764  5674  6045 D OemPaidWifiNetworkFactory: got request NetworkRequest [ REQUEST id=16536, [ Capabilities: INTERNET&NOT_RESTRICTED&TRUSTED&NOT_VCN_MANAGED Uid: 10329 RequestorUid: 10329 RequestorPkg: com.Slack UnderlyingNetworks: Null] ]
07-10 00:59:34.766  5674  6045 D MultiInternetWifiNetworkFactory: got request NetworkRequest [ REQUEST id=16536, [ Capabilities: INTERNET&NOT_RESTRICTED&TRUSTED&NOT_VCN_MANAGED Uid: 10329 RequestorUid: 10329 RequestorPkg: com.Slack UnderlyingNetworks: Null] ]
07-10 00:59:34.770  5674  6055 D ConnectivityService: Rematched networks [computed 0ms] [applied 2ms] [issued 14]
07-10 00:59:34.770  5674  6055 D ConnectivityService: NetworkReassignment :
07-10 00:59:34.770  5674  6055 D ConnectivityService:   16536 : null → 118
07-10 00:59:34.792 15049 15049 D ConnectivityManager: StackLog: [android.net.ConnectivityManager.unregisterNetworkCallback(ConnectivityManager.java:4972)] [androidx.work.impl.utils.NetworkApi21.unregisterNetworkCallbackCompat(Unknown Source:11)] [androidx.work.impl.constraints.trackers.NetworkStateTracker24.stopTracking(Unknown Source:15)] [androidx.work.impl.constraints.trackers.ConstraintTracker.removeListener(Unknown Source:24)] [androidx.work.impl.constraints.controllers.ConstraintController.replace(Unknown Source:81)] [androidx.work.impl.constraints.WorkConstraintsTrackerImpl.replace(Unknown Source:41)] [androidx.work.impl.background.greedy.GreedyScheduler.onExecuted(Unknown Source:55)] [androidx.work.impl.Processor.onExecuted(Unknown Source:59)] [com.bugsnag.android.DeliveryDelegate$1.run(Unknown Source:212)]
07-10 00:59:34.794  5674  6055 D ConnectivityService:  Removing from current network [118 WIFI], leaving 156 requests.
07-10 00:59:34.805  5353  5543 V APM_AudioPolicyManager: setAppState(portId:1005, state:1)
07-10 00:59:34.810  5353  5543 V APM_AudioPolicyManager: setAppState(portId:1005, state:1)
07-10 00:59:35.485 29789 19945 I GmscoreIpa: Starting mediastore instant index [CONTEXT service_id=255 ]
07-10 00:59:35.855 31135 31148 I hbox:interactor: Background young concurrent copying GC freed 49820(4227KB) AllocSpace objects, 0(0B) LOS objects, 28% free, 10MB/14MB, paused 319us,79us total 264.134ms
07-10 00:59:35.979  5674  5745 W libprocessgroup: Failed to open /dev/blkio//cgroup.procs: No such file or directory
07-10 00:59:35.980  5353  5543 V APM_AudioPolicyManager: setAppState(portId:1005, state:1)
07-10 00:59:36.006 16924 19676 D ConnectivityManager: StackLog: [android.net.ConnectivityManager.reportNetworkConnectivity(ConnectivityManager.java:3499)] [apit.i(:com.google.android.gms@232414044@23.24.14 (190400-544099984):0)] [apii.run(:com.google.android.gms@232414044@23.24.14 (190400-544099984):57)] [apjh.run(:com.google.android.gms@232414044@23.24.14 (190400-544099984):2)] [dhfe.run(:com.google.android.gms@232414044@23.24.14 (190400-544099984):2)] [acmg.c(:com.google.android.gms@232414044@23.24.14 (190400-544099984):6)] [acmg.run(:com.google.android.gms@232414044@23.24.14 (190400-544099984):7)] [java.util.concurrent.ThreadPoolExecutor.runWorker(ThreadPoolExecutor.java:1137)] [java.util.concurrent.ThreadPoolExecutor$Worker.run(ThreadPoolExecutor.java:637)] [acro.run(:com.google.android.gms@232414044@23.24.14 (190400-544099984):0)] [java.lang.Thread.run(Thread.java:1012)]
07-10 00:59:36.014 16924 19676 I AlarmManager: setExactAndAllowWhileIdle [name: GCM_HB_ALARM type: 2 triggerAtMillis: 146802845]
07-10 00:59:36.069 16924 17588 I AlarmManager: setExactAndAllowWhileIdle [name: FcmRetry type: 2 triggerAtMillis: 145192890]
07-10 00:59:36.147  5353  5543 V APM_AudioPolicyManager: setAppState(portId:1005, state:1)
07-10 00:59:36.148  5353  5543 V APM_AudioPolicyManager: setAppState(portId:1005, state:1)
07-10 00:59:36.158  5674  5745 W libprocessgroup: Failed to open /dev/blkio//cgroup.procs: No such file or directory
07-10 00:59:36.192  5353  6075 V APM_AudioPolicyManager: setAppState(portId:1005, state:1)
07-10 00:59:36.250  5353  6075 V APM_AudioPolicyManager: setAppState(portId:1005, state:1)
07-10 00:59:36.294  5353  6075 V APM_AudioPolicyManager: setAppState(portId:1005, state:1)
07-10 00:59:36.991  5262  5262 E audit   : type=1400 audit(1688943576.989:69582): avc:  denied  { getattr } for  pid=5674 comm="BinderProcsColl" path="/sys/kernel/debug/binder/proc/5674" dev="debugfs" ino=32119 scontext=u:r:system_server:s0 tcontext=u:object_r:sec_debugfs:s0 tclass=file permissive=0 SEPF_SM-A515F_13_0001 audit_filtered
07-10 00:59:36.992  5262  5262 E audit   : type=1300 audit(1688943576.989:69582): arch=c00000b7 syscall=79 success=no exit=-13 a0=ffffff9c a1=7ad2331500 a2=79df9bd680 a3=0 items=0 ppid=5287 pid=5674 auid=4294967295 uid=1000 gid=1000 euid=1000 suid=1000 fsuid=1000 egid=1000 sgid=1000 fsgid=1000 tty=(none) ses=4294967295 comm="BinderProcsColl" exe="/system/bin/app_process64" subj=u:r:system_server:s0 key=(null)
07-10 00:59:36.992  5262  5262 E audit   : type=1327 audit(1688943576.989:69582): proctitle="system_server"
07-10 00:59:37.177  5674  7726 D SemWifiUsabilityStatsMonitor: onWifiUsabilityStats - seqNum 21417, isSameBssidAndFreq true
07-10 00:59:37.179  5674  6128 I SemWifiLinkQualityMonitor: Link Qos Query: 0.089 ms / 89.511 Mbps (175 / 0.000 / 1.955)
07-10 00:59:37.583  5353  6075 V APM_AudioPolicyManager: setAppState(portId:1005, state:1)
07-10 00:59:37.586  5674  5745 W libprocessgroup: Failed to open /dev/blkio//cgroup.procs: No such file or directory
07-10 00:59:37.605  7952  8090 I AppWidgetManager: notifyAppWidgetViewDataChanged() appWidgetIds = [43], viewId = 2131230850
07-10 00:59:37.783  5287  5287 D Zygote  : Forked child process 19956
07-10 00:59:37.848 19956 19956 I .provider.badge: Using CollectorTypeCC GC.
07-10 00:59:37.883 19956 19956 E .provider.badge: Not starting debugger since process cannot load the jdwp agent.
07-10 00:59:37.915 19956 19956 W libc    : Access denied finding property "sys.perf.boostopt"
07-10 00:59:37.915  5262  5262 E audit   : type=1400 audit(1688943577.913:69583): avc:  denied  { read } for  pid=19956 comm=".provider.badge" name="u:object_r:perf_prop:s0" dev="tmpfs" ino=10663 scontext=u:r:platform_app:s0:c512,c768 tcontext=u:object_r:perf_prop:s0 tclass=file permissive=0 SEPF_SM-A515F_13_0001 audit_filtered
07-10 00:59:37.915  5262  5262 E audit   : type=1300 audit(1688943577.913:69583): arch=c00000b7 syscall=56 success=no exit=-13 a0=ffffff9c a1=7fcf7d5458 a2=88000 a3=0 items=0 ppid=5287 pid=19956 auid=4294967295 uid=10059 gid=10059 euid=10059 suid=10059 fsuid=10059 egid=10059 sgid=10059 fsgid=10059 tty=(none) ses=4294967295 comm=".provider.badge" exe="/system/bin/app_process64" subj=u:r:platform_app:s0:c512,c768 key=(null)
07-10 00:59:37.915  5262  5262 E audit   : type=1327 audit(1688943577.913:69583): proctitle="zygote64"
07-10 00:59:37.916 19956 19968 W libc    : Access denied finding property "sys.perf.boostopt"
07-10 00:59:37.925 19956 19956 D ActivityThread: setConscryptValidator
07-10 00:59:37.926 19956 19956 D ActivityThread: setConscryptValidator - put
07-10 00:59:37.929  7952  8090 I AppWidgetManager: notifyAppWidgetViewDataChanged() appWidgetIds = [43], viewId = 2131230850
07-10 00:59:37.995  5353  6075 V APM_AudioPolicyManager: setAppState(portId:1005, state:1)
07-10 00:59:38.029 19956 19956 D CompatibilityChangeReporter: Compat change id reported: 171979766; UID 10059; state: ENABLED
07-10 00:59:38.052  4378  4378 I lmkd    : cached 0, sandbox(not0) 0
07-10 00:59:38.059  4378  4378 I lmkd    : Reclaim 'com.whatsapp' (17918), uid 10278, oom_score_adj 999, state 19 to free 59056kB rss, 27024kb swap
07-10 00:59:38.060  4378  4378 I lmkd    : Reclaimed 86080kB at oom_score_adj 850
07-10 00:59:38.067  5674  6112 I ChimeraAggressivePolicyHandler: executePolicy() - triggerSource: TRIGGER_SOURCE_LMKD
07-10 00:59:38.074  5674  6112 I ChimeraAggressivePolicyHandler: available memory: 1091272, free memory target: 870400, quit chimera
07-10 00:59:38.080  5353  5543 V APM_AudioPolicyManager: setAppState(portId:1005, state:1)
07-10 00:59:38.092  5353  5543 V APM_AudioPolicyManager: setAppState(portId:1005, state:1)
07-10 00:59:38.151  5674  6055 D ConnectivityService: releasing NetworkRequest [ REQUEST id=16485, [ Capabilities: INTERNET&NOT_RESTRICTED&TRUSTED&NOT_VCN_MANAGED Uid: 10278 RequestorUid: 10278 RequestorPkg: com.whatsapp UnderlyingNetworks: Null] ] (release request)
07-10 00:59:38.152  5674  6055 D ConnectivityService:  Removing from current network [118 WIFI], leaving 155 requests.
07-10 00:59:38.155  5287  5287 I Zygote  : Process 17918 exited due to signal 9 (Killed)
07-10 00:59:38.160  5674  5743 I libprocessgroup: Successfully killed process cgroup uid 10278 pid 17918 in 0ms
07-10 00:59:38.204  5353  5543 V APM_AudioPolicyManager: setAppState(portId:1005, state:1)
07-10 00:59:38.274 19956 19956 I BadgeProvider: onCreate
07-10 00:59:38.275 19956 19956 I BadgeProvider: DatabaseHelper
07-10 00:59:38.282 19956 19956 I BadgeCountReceiver: badge intent : Intent { act=android.intent.action.BADGE_COUNT_UPDATE flg=0x1000010 cmp=com.sec.android.provider.badge/.BadgeCountReceiver (has extras) }
07-10 00:59:38.283 19956 19956 I BadgeCountReceiver: packageName: org.telegram.messenger, className: org.telegram.messenger.NoxIcon, count: 2
07-10 00:59:38.343 19956 19956 I BadgeProvider: onOpen
07-10 00:59:38.351 19956 19969 I BadgeProvider: query, [selection] : package=?
07-10 00:59:38.360 29666 29666 I BadgeCountUpdaterImpl: onChange
07-10 00:59:38.361 19956 19969 E DatabaseUtils: Writing exception to parcel
07-10 00:59:38.361 19956 19969 E DatabaseUtils: java.lang.SecurityException: Permission Denial: writing com.sec.android.provider.badge.BadgeProvider uri content://com.sec.badge/apps?notify=true from pid=7952, uid=10268 requires com.sec.android.provider.badge.permission.WRITE, or grantUriPermission()
07-10 00:59:38.361 19956 19969 E DatabaseUtils: 	at android.content.ContentProvider.enforceWritePermissionInner(ContentProvider.java:1025)
07-10 00:59:38.361 19956 19969 E DatabaseUtils: 	at android.content.ContentProvider.semEnforceWritePermission(ContentProvider.java:951)
07-10 00:59:38.361 19956 19969 E DatabaseUtils: 	at android.content.ContentProvider$Transport.enforceWritePermission(ContentProvider.java:730)
07-10 00:59:38.361 19956 19969 E DatabaseUtils: 	at android.content.ContentProvider$Transport.update(ContentProvider.java:462)
07-10 00:59:38.361 19956 19969 E DatabaseUtils: 	at android.content.ContentProviderNative.onTransact(ContentProviderNative.java:231)
07-10 00:59:38.361 19956 19969 E DatabaseUtils: 	at android.os.Binder.execTransactInternal(Binder.java:1321)
07-10 00:59:38.361 19956 19969 E DatabaseUtils: 	at android.os.Binder.execTransact(Binder.java:1280)
07-10 00:59:38.361 29666 29666 I BadgeCountUpdaterImpl: onChange
07-10 00:59:38.362 19956 19956 I BadgeProvider: sendNotify entered. [uri] : content://com.sec.badge/apps
07-10 00:59:38.362 19956 19956 I BadgeProvider: sendNotify, [notify] : null
07-10 00:59:38.363  5262  5262 E audit   : type=1400 audit(1688943578.361:69585): avc:  denied  { read } for  pid=19956 comm="binder:19956_1" name="u:object_r:perf_prop:s0" dev="tmpfs" ino=10663 scontext=u:r:platform_app:s0:c512,c768 tcontext=u:object_r:perf_prop:s0 tclass=file permissive=0 SEPF_SM-A515F_13_0001 audit_filtered
