07-10 01:15:51.480   381 16670 W LegacyVoicePolicyManage: The requested voice is not available for this app identifier
07-10 01:15:51.480   381 16670 W LegacyVoicePolicyManage: The requested voice is not available for this app identifier
07-10 01:15:51.480   381 16670 W LegacyVoicePolicyManage: The requested voice is not available for this app identifier
07-10 01:15:51.480   381 16670 W LegacyVoicePolicyManage: The requested voice is not available for this app identifier
07-10 01:15:51.480   381 16670 W LegacyVoicePolicyManage: The requested voice is not available for this app identifier
07-10 01:15:51.481   381 16670 W LegacyVoicePolicyManage: The requested voice is not available for this app identifier
07-10 01:15:51.481   381 16670 W LegacyVoicePolicyManage: The requested voice is not available for this app identifier
07-10 01:15:51.481   381 16670 W LegacyVoicePolicyManage: The requested voice is not available for this app identifier
07-10 01:15:51.482   381 16670 W RankedDispatcher: The requested voice is not available for this app identifier
07-10 01:15:51.486 25836 25910 I TextToSpeech: Setting up the connection to TTS engine...
07-10 01:15:51.495 25836 26030 I PlayCore: UID: [10331]  PID: [25836] AppUpdateService : Initiate binding to the service.
07-10 01:15:51.508  5674  7726 D SemWifiUsabilityStatsMonitor: onWifiUsabilityStats - seqNum 21737, isSameBssidAndFreq true
07-10 01:15:51.509  5674  6128 I SemWifiLinkQualityMonitor: Link Qos Query: 0.082 ms / 97.333 Mbps (292 / 0.000 / 3.000)
07-10 01:15:51.510  6461  6461 D NetworkController.WifiSignalController: notifyListener: visible=true, connected=true, inetCondition=1, isDefault=true, wifiTestReported=true, receivedInetCondition=-1, hideDuringMobileSwitching=false
07-10 01:15:51.552 25836 25836 I PlayCore: UID: [10331]  PID: [25836] AppUpdateService : ServiceConnectionImpl.onServiceConnected(ComponentInfo{com.android.vending/com.google.android.finsky.installservice.DevTriggeredUpdateService})
07-10 01:15:51.560 25836 26030 I PlayCore: UID: [10331]  PID: [25836] AppUpdateService : linkToDeath
07-10 01:15:51.701 25836 25865 I PlayCore: UID: [10331]  PID: [25836] OnRequestInstallCallback : onRequestInfo
07-10 01:15:51.704 25836 26030 I PlayCore: UID: [10331]  PID: [25836] AppUpdateService : Unbind from service.
07-10 01:15:51.718 25836 26031 D Queue   : enqueueConcurrent
07-10 01:15:51.782  5674  5745 W libprocessgroup: Failed to open /dev/blkio//cgroup.procs: No such file or directory
07-10 01:15:51.848 31102 31361 D PaySecureElementClient: Felica app not found; returning isSecureElementAvailable = false!
07-10 01:15:51.880  4613  4613 W keymaster_tee: [WRN]begin req PARAMS: A32 B32 P1
07-10 01:15:51.892  4613  4613 W keymaster_tee: [WRN]begin req PARAMS: A32 B2 P64
07-10 01:15:51.929 31102  1453 I Finsky  : [207] koa.run(51): Skipping a request to /bulkAcquire since cache has all the records.
07-10 01:15:51.950 25836 26039 D Queue   : enqueueIO
07-10 01:15:51.961 25836 26039 D Queue   : enqueueConcurrent
07-10 01:15:51.964 25836 26039 D Queue   : enqueueIO
07-10 01:15:51.966 25836 26039 D Queue   : enqueueConcurrent
07-10 01:15:51.999 25836 26042 D Queue   : enqueueConcurrent
07-10 01:15:52.024 25836 26044 D Queue   : enqueueConcurrent
07-10 01:15:52.046 25836 26039 D ConnectivityManager: StackLog: [android.net.ConnectivityManager.sendRequestForNetwork(ConnectivityManager.java:4300)] [android.net.ConnectivityManager.sendRequestForNetwork(ConnectivityManager.java:4342)] [android.net.ConnectivityManager.registerNetworkCallback(ConnectivityManager.java:4724)] [android.net.ConnectivityManager.registerNetworkCallback(ConnectivityManager.java:4694)] [com.adobe.creativesdk.foundation.internal.analytics.f.f(SourceFile:35)] [com.adobe.creativesdk.foundation.internal.analytics.f.<init>(SourceFile:11)] [com.adobe.creativesdk.foundation.internal.analytics.c.<init>(SourceFile:27)] [com.adobe.creativesdk.foundation.internal.analytics.c.g(SourceFile:14)] [com.adobe.creativesdk.foundation.internal.analytics.b.b(SourceFile:19)] [com.adobe.creativesdk.foundation.adobeinternal.analytics.a.j(Unknown Source:0)] [com.adobe.engagementsdk.AdobeEngagementInternal.callAnalytics(SourceFile:105)] [java.lang.reflect.Method.invoke(Native Method)] [com.adobe.engagementsdk.AdobeEngagementInternal.handleCall(SourceFile:262)] [com.adobe.engagementsdk.Queue$Task.execute(Native Method)] [com.adobe.engagementsdk.Queue$3.run(SourceFile:3)] [java.util.concurrent.ThreadPoolExecutor.runWorker(ThreadPoolExecutor.java:1137)] [java.util.concurrent.ThreadPoolExecutor$Worker.run(ThreadPoolExecutor.java:637)] [java.lang.Thread.run(Thread.java:1012)]
07-10 01:15:52.063  5674  6055 D ConnectivityService: Rematched networks [computed 0ms] [applied 1ms] [issued 11]
07-10 01:15:52.063  5674  6055 D ConnectivityService: NetworkReassignment : no changes
07-10 01:15:52.257  5353  5543 V APM_AudioPolicyManager: setAppState(portId:1005, state:1)
07-10 01:15:52.274 25568 25568 I SCS@AiSearch user 0: (SearchProvider) onTrimMemory(): 60
07-10 01:15:52.274  5353  5543 V APM_AudioPolicyManager: setAppState(portId:1005, state:1)
07-10 01:15:52.760  4378  4378 I lmkd    : 0(delay), 0(swap), 50(freelimit), 0(reentrymode) memory pressure events were skipped after a kill!
07-10 01:15:54.546  5674  7726 D SemWifiUsabilityStatsMonitor: onWifiUsabilityStats - seqNum 21738, isSameBssidAndFreq true
07-10 01:15:54.549  5674  6128 I SemWifiLinkQualityMonitor: Link Qos Query: 0.082 ms / 97.333 Mbps (292 / 0.000 / 3.000)
07-10 01:15:54.550  6461  6461 D NetworkController.WifiSignalController: notifyListener: visible=true, connected=true, inetCondition=1, isDefault=true, wifiTestReported=true, receivedInetCondition=-1, hideDuringMobileSwitching=false
07-10 01:15:54.672 25836 25852 W JavaBinder: BinderProxy is being destroyed but the application did not call unlinkToDeath to unlink all of its death recipients beforehand.  Releasing leaked death recipient: com.google.android.play.core.internal.j
07-10 01:15:54.673 25836 25852 I BpBinder: onLastStrongRef automatically unlinking death recipients: <uncached descriptor>
07-10 01:15:56.989 31135 32652 I native  : I0000 00:00:1688944556.989046   32652 soda_async_impl.cc:1540] Current audio timestamp: 1688944556620242
07-10 01:15:57.187  5674  6213 D NetdEventListenerService: DNS Requested by : 118, 10331
07-10 01:15:57.189 25836 26056 D TrafficStats: tagSocket(6) with statsTag=0xffffffff, statsUid=-1
07-10 01:15:57.582  5674  7726 D SemWifiUsabilityStatsMonitor: onWifiUsabilityStats - seqNum 21739, isSameBssidAndFreq true
07-10 01:15:57.584  5674  6128 I SemWifiLinkQualityMonitor: Link Qos Query: 0.098 ms / 81.391 Mbps (234 / 0.000 / 2.875)
07-10 01:15:57.584  6461  6461 D NetworkController.WifiSignalController: notifyListener: visible=true, connected=true, inetCondition=1, isDefault=true, wifiTestReported=true, receivedInetCondition=-1, hideDuringMobileSwitching=false
07-10 01:15:57.955  5674  6213 D NetdEventListenerService: DNS Requested by : 118, 10226
07-10 01:15:58.360  5674  6183 D WifiConnectivityMonitor: start WCM Poll.
07-10 01:15:58.411 31135 31454 I A       : (REDACTED) #onAudioData: %s bytes, getAudioReadSize %s
07-10 01:15:58.655 25568 26069 I SCS@AiSearch user 0: (JobServiceLoggingWorker) [androidx.work-3] entering in doWork():
07-10 01:15:58.659 25568 26069 I SCS@AiSearch user 0: (JobServiceLoggingWorker) JobService Information:
07-10 01:15:58.659 25568 26069 I SCS@AiSearch user 0: JobId = 206234, WorkId = 441c7d56-b148-4696-9a32-97f3b75b7260, triggerUri = content://media/external/file
07-10 01:15:58.659 25568 26069 I SCS@AiSearch user 0: JobId = 205982, WorkId = 085f16ef-b0db-4b16-b5e2-778ac8203bc6, triggerUri = content://call_log
07-10 01:15:58.659 25568 26069 I SCS@AiSearch user 0: JobId = 205816, WorkId = 679c2bdc-18c5-4d72-9914-8323e449c6b2, triggerUri = content://com.android.contacts/contacts
07-10 01:15:58.659 25568 26069 I SCS@AiSearch user 0: JobId = 205815, WorkId = 598353f6-26e8-4e3e-bfbb-e612bed8285c, triggerUri = content://com.samsung.android.app.reminder
07-10 01:15:58.659 25568 26069 I SCS@AiSearch user 0: JobId = 205819, WorkId = 4b79778b-ee88-4519-9172-558456c2b019, triggerUri = content://com.android.calendar/events
07-10 01:15:58.659 25568 26069 I SCS@AiSearch user 0: JobId = 205813, WorkId = 1e8a29b3-515e-4b98-929c-c0c46d8bec78, triggerUri = content://com.android.calendar/syncTasks
07-10 01:15:58.659 25568 26069 I SCS@AiSearch user 0: JobId = 205825, WorkId = 1aca42bd-a6ae-412f-b0e2-87ff609c77d1, triggerUri = content://secmedia/video/media
07-10 01:15:58.661 25568 26069 I SCS@AiSearch user 0: (JobServiceLoggingWorker) [androidx.work-3] leaving from doWork():
07-10 01:15:58.663 25568 25621 I WM-WorkerWrapper: Worker result SUCCESS for Work [ id=9bf89972-7dae-4799-b62a-d5e88dc665f0, tags={ com.samsung.android.scs.ai.search.scheduling.workers.JobServiceLoggingWorker, JobServiceLoggingWorker } ]
07-10 01:16:00.008  6461  6461 D KeyguardUpdateMonitor: received broadcast android.intent.action.TIME_TICK
07-10 01:16:00.009  6461  7078 D QSClockBellTower: onReceive(android.intent.action.TIME_TICK) mTimeZoneString:null
07-10 01:16:00.044  6461  6461 D KeyguardUpdateMonitor: handleTimeUpdate
07-10 01:16:00.047  6461  6461 D FaceWidgetPagesController: onTimeChanged()
07-10 01:16:00.067  6461  6461 D QSClockBellTower: He is ready to ring the bell. (((QSClockBellSound - TimeText:01:16, TimeContentDescription:01:16, DateText:Mon, 10 July, ShortDateText:Mon, 10 Jul, Demo:false, QuickStar-Second(false|12:34:56))))
07-10 01:16:00.070  6461  6461 D QSClockIndicatorView: Home Indicator status_bar_clock 01:16 notifyTimeChanged(QSClockBellSound - TimeText:01:16, TimeContentDescription:01:16, DateText:Mon, 10 July, ShortDateText:Mon, 10 Jul, Demo:false, QuickStar-Second(false|12:34:56)) ClockVisibleByPolicy:true, ClockVisibleByUser:true, visible?false, parent:android.widget.LinearLayout{503272 V.E...... ........ 0,0-0,55 #7f0b04f0 app:id/left_clock_container}
07-10 01:16:00.070  6461  6461 D QSClockBellTower: Everyone heard the bell. run(currentTime:1688944560064,   getTime():Mon Jul 10 01:16:00 GMT+02:00 2023,   getTimeZone():libcore.util.ZoneInfo[mDstSavings=3600000,mUseDst=true,mDelegate=[id="Europe/Belgrade",mRawOffset=3600000,mEarliestRawOffset=4920000,transitions=119]])
07-10 01:16:00.081  6461  6461 I FaceWidgetPositionAlgorithm: getClockContainerHeight() supplier = 270, bottom margin = 0, real height = 333
07-10 01:16:00.082  6461  6461 I FaceWidgetPositionAlgorithm: getClockContainerHeight() supplier = 270, bottom margin = 63, real height = 333
07-10 01:16:00.082  6461  6461 I FaceWidgetPositionAlgorithm: getMediaContainerHeight() height = 0 container Visibility = 8, isValid = false, mIsDozing = false, fraction = 1.0, source = 0, target = 0
07-10 01:16:00.082  6461  6461 I FaceWidgetPositionAlgorithm: getMediaContainerHeight() supplier = 0
07-10 01:16:00.084  6461  6461 V QsExpandAnimator: setQsExpansionPosition 0.0
07-10 01:16:00.092  6461  6461 V QsExpandAnimator: updateAnimators
07-10 01:16:00.092  6461  6461 V QsExpandAnimator: clearAnimationState
07-10 01:16:00.093  6461  6461 V QsExpandAnimator: updateViews
07-10 01:16:00.095  6461  6461 V QsExpandAnimator: updateTileAnimator
07-10 01:16:00.096  6461  6461 V QsExpandAnimator: updateHeaderAnimator
07-10 01:16:00.097  6461  6461 V QsExpandAnimator: updateBarAnimator
07-10 01:16:00.098  6461  6461 V QsExpandAnimator: setQsExpansionPosition 0.0
07-10 01:16:00.098  6461  6461 V QsExpandAnimator: onAnimationAtStart
07-10 01:16:00.641  5674  7726 D SemWifiUsabilityStatsMonitor: onWifiUsabilityStats - seqNum 21740, isSameBssidAndFreq true
07-10 01:16:00.642  5674  6128 I SemWifiLinkQualityMonitor: Link Qos Query: 0.027 ms / 292.000 Mbps (292 / 0.000 / 1.000)
07-10 01:16:00.971  5674  6112 I ChimeraAggressivePolicyHandler: executePolicy() - triggerSource: TRIGGER_SOURCE_LMKD
07-10 01:16:00.974  5674  6112 I ChimeraAggressivePolicyHandler: available memory: 1043152, free memory target: 870400, quit chimera
07-10 01:16:01.038 29789 29789 D BoundBrokerSvc: onUnbind: Intent { act=com.google.android.gms.measurement.START pkg=com.google.android.gms }
07-10 01:16:01.221  5325  5325 E sehhealth-service: Could not open /sys/class/power_supply/battery/lrp
07-10 01:16:03.698  5674  7726 D SemWifiUsabilityStatsMonitor: onWifiUsabilityStats - seqNum 21741, isSameBssidAndFreq true
07-10 01:16:03.700  5674  6128 I SemWifiLinkQualityMonitor: Link Qos Query: 0.034 ms / 234.000 Mbps (351 / 0.000 / 1.500)
07-10 01:16:03.759  5353  5543 V APM_AudioPolicyManager: setAppState(portId:1005, state:1)
07-10 01:16:03.759  5353  5543 V APM_AudioPolicyManager: setAppState(portId:1005, state:1)
07-10 01:16:03.764  5674  5674 D SemWifiP2pGoPowerSave: GopsReceiver : received : com.samsung.intent.action.CHECK_SIOP_LEVEL
07-10 01:16:03.764  5674  5674 I SemWifiP2pGoPowerSave: siop_level = 1
07-10 01:16:03.770 31802 32077 I SystemBroadcastReceiver: [#CMH#] onReceive completed :  1
07-10 01:16:03.771 31802 31802 I PolicyManager: [#CMH#] onReceive action = EVENT_SIOP
07-10 01:16:04.708  9837 10033 I SemDvfsHyPerManager: acquire hyper - SIOP_ARM_MAX/9837@2, type = 301993986
07-10 01:16:04.711  5313  5394 I HYPER-HAL: [RequestManager.cpp]acquire(): Acquired ID : 48407882  [9837 / 2]    HINT :      list : [CPUMaxFreq / 2210000]
07-10 01:16:05.315 16924 16924 D BoundBrokerSvc: onUnbind: Intent { act=com.google.android.gms.phenotype.service.START pkg=com.google.android.gms }
07-10 01:16:05.782 31802 32118 I PolicyManager: [#CMH#] Is foreground game app: false
07-10 01:16:05.861 31802 32118 I ControllerUtils: [#CMH#] StoryService:  9, isNonJustShotRunningPossible: false, isStopHeavyTask: true
07-10 01:16:05.916 31802 32118 I ControllerUtils: [#CMH#] IPService:  5, isNonJustShotRunningPossible: false, isStopHeavyTask: true
07-10 01:16:05.972 31802 32118 I ControllerUtils: [#CMH#] FaceService:  2, isNonJustShotRunningPossible: false, isStopHeavyTask: true
07-10 01:16:06.741  5674  7726 D SemWifiUsabilityStatsMonitor: onWifiUsabilityStats - seqNum 21742, isSameBssidAndFreq true
07-10 01:16:06.744  5674  6128 I SemWifiLinkQualityMonitor: Link Qos Query: 0.046 ms / 175.500 Mbps (351 / 0.000 / 2.000)
07-10 01:16:07.936  5674  5694 D PackageManager: setEnabledSetting : userId = 0 packageName = com.Slack cmp = androidx.work.impl.background.systemalarm.RescheduleReceiver newState = 1 callingPackage = 10329/com.Slack
07-10 01:16:07.938  5674  5694 D ApplicationPolicy: getApplicationStateEnabled : pkg = com.Slack userId : 0
07-10 01:16:07.940  5674  5694 D ApplicationPolicy: getApplicationComponentState : pkg = com.Slack userId : 0
07-10 01:16:07.969  5674  5745 W libprocessgroup: Failed to open /dev/blkio//cgroup.procs: No such file or directory
07-10 01:16:07.970  5353  6075 V APM_AudioPolicyManager: setAppState(portId:1005, state:1)
07-10 01:16:08.004 25156 25218 D ConnectivityManager: StackLog: [android.net.ConnectivityManager.sendRequestForNetwork(ConnectivityManager.java:4300)] [android.net.ConnectivityManager.registerDefaultNetworkCallbackForUid(ConnectivityManager.java:4864)] [android.net.ConnectivityManager.registerDefaultNetworkCallback(ConnectivityManager.java:4831)] [android.net.ConnectivityManager.registerDefaultNetworkCallback(ConnectivityManager.java:4805)] [androidx.work.impl.utils.NetworkApi24.registerDefaultNetworkCallbackCompat(Unknown Source:11)] [androidx.work.impl.constraints.trackers.NetworkStateTracker24.startTracking(Unknown Source:15)] [androidx.work.impl.constraints.controllers.ConstraintController.replace(Unknown Source:130)] [androidx.work.impl.constraints.WorkConstraintsTrackerImpl.replace(Unknown Source:41)] [androidx.work.impl.background.greedy.GreedyScheduler.schedule(Unknown Source:302)] [androidx.work.impl.Schedulers.schedule(Unknown Source:155)] [androidx.work.impl.utils.EnqueueRunnable.run(Unknown Source:53)] [androidx.work.Worker$2.run$androidx$work$impl$utils$SerialExecutorImpl$Task(Unknown Source:4)] [androidx.work.Worker$2.run(Unknown Source:868)] [java.util.concurrent.ThreadPoolExecutor.runWorker(ThreadPoolExecutor.java:1137)] [java.util.concurrent.ThreadPoolExecutor$Worker.run(ThreadPoolExecutor.java:637)] [java.lang.Thread.run(Thread.java:1012)]
07-10 01:16:08.008  5674  5694 D ConnectivityService: requestNetwork for uid/pid:10329/25156 activeRequest: null callbackRequest: 16665 [NetworkRequest [ REQUEST id=16666, [ Capabilities: INTERNET&NOT_RESTRICTED&TRUSTED&NOT_VCN_MANAGED Uid: 10329 RequestorUid: 10329 RequestorPkg: com.Slack UnderlyingNetworks: Null] ]] callback flags: 0 order: 2147483647
07-10 01:16:08.010  5674  6055 D ConnectivityService:    accepting network in place of null
07-10 01:16:08.018  5674  6045 D WifiNetworkFactory: got request NetworkRequest [ REQUEST id=16666, [ Capabilities: INTERNET&NOT_RESTRICTED&TRUSTED&NOT_VCN_MANAGED Uid: 10329 RequestorUid: 10329 RequestorPkg: com.Slack UnderlyingNetworks: Null] ]
07-10 01:16:08.019  5674  6045 D UntrustedWifiNetworkFactory: got request NetworkRequest [ REQUEST id=16666, [ Capabilities: INTERNET&NOT_RESTRICTED&TRUSTED&NOT_VCN_MANAGED Uid: 10329 RequestorUid: 10329 RequestorPkg: com.Slack UnderlyingNetworks: Null] ]
07-10 01:16:08.021  5674  6045 D OemPaidWifiNetworkFactory: got request NetworkRequest [ REQUEST id=16666, [ Capabilities: INTERNET&NOT_RESTRICTED&TRUSTED&NOT_VCN_MANAGED Uid: 10329 RequestorUid: 10329 RequestorPkg: com.Slack UnderlyingNetworks: Null] ]
07-10 01:16:08.022  5674  6045 D MultiInternetWifiNetworkFactory: got request NetworkRequest [ REQUEST id=16666, [ Capabilities: INTERNET&NOT_RESTRICTED&TRUSTED&NOT_VCN_MANAGED Uid: 10329 RequestorUid: 10329 RequestorPkg: com.Slack UnderlyingNetworks: Null] ]
07-10 01:16:08.030  5674  6055 D ConnectivityService: Rematched networks [computed 1ms] [applied 4ms] [issued 16]
07-10 01:16:08.030  5674  6055 D ConnectivityService: NetworkReassignment :
07-10 01:16:08.030  5674  6055 D ConnectivityService:   16666 : null → 118
07-10 01:16:08.107 25156 25156 D ConnectivityManager: StackLog: [android.net.ConnectivityManager.unregisterNetworkCallback(ConnectivityManager.java:4972)] [androidx.work.impl.utils.NetworkApi21.unregisterNetworkCallbackCompat(Unknown Source:11)] [androidx.work.impl.constraints.trackers.NetworkStateTracker24.stopTracking(Unknown Source:15)] [androidx.work.impl.constraints.trackers.ConstraintTracker.removeListener(Unknown Source:24)] [androidx.work.impl.constraints.controllers.ConstraintController.replace(Unknown Source:81)] [androidx.work.impl.constraints.WorkConstraintsTrackerImpl.replace(Unknown Source:41)] [androidx.work.impl.background.greedy.GreedyScheduler.onExecuted(Unknown Source:55)] [androidx.work.impl.Processor.onExecuted(Unknown Source:59)] [com.bugsnag.android.DeliveryDelegate$1.run(Unknown Source:212)]
07-10 01:16:08.110  5674  6055 D ConnectivityService:  Removing from current network [118 WIFI], leaving 155 requests.
07-10 01:16:08.121  5353  6075 V APM_AudioPolicyManager: setAppState(portId:1005, state:1)
07-10 01:16:08.129  5353  6075 V APM_AudioPolicyManager: setAppState(portId:1005, state:1)
07-10 01:16:09.655 29789 26082 I GmscoreIpa: Starting mediastore instant index [CONTEXT service_id=255 ]
07-10 01:16:09.778  5674  7726 D SemWifiUsabilityStatsMonitor: onWifiUsabilityStats - seqNum 21743, isSameBssidAndFreq true
07-10 01:16:09.781  5674  6128 I SemWifiLinkQualityMonitor: Link Qos Query: 0.046 ms / 175.500 Mbps (351 / 0.000 / 2.000)
07-10 01:16:09.783  6461  6461 D NetworkController.WifiSignalController: notifyListener: visible=true, connected=true, inetCondition=1, isDefault=true, wifiTestReported=true, receivedInetCondition=-1, hideDuringMobileSwitching=false
07-10 01:16:10.481  5262  5262 E audit   : type=1400 audit(1688944570.477:69973): avc:  denied  { getattr } for  pid=5674 comm="BinderProcsColl" path="/sys/kernel/debug/binder/proc/5674" dev="debugfs" ino=32119 scontext=u:r:system_server:s0 tcontext=u:object_r:sec_debugfs:s0 tclass=file permissive=0 SEPF_SM-A515F_13_0001 audit_filtered
07-10 01:16:10.481  5262  5262 E audit   : type=1300 audit(1688944570.477:69973): arch=c00000b7 syscall=79 success=no exit=-13 a0=ffffff9c a1=7ad2465970 a2=79df9bd680 a3=0 items=0 ppid=5287 pid=5674 auid=4294967295 uid=1000 gid=1000 euid=1000 suid=1000 fsuid=1000 egid=1000 sgid=1000 fsgid=1000 tty=(none) ses=4294967295 comm="BinderProcsColl" exe="/system/bin/app_process64" subj=u:r:system_server:s0 key=(null)
07-10 01:16:10.481  5262  5262 E audit   : type=1327 audit(1688944570.477:69973): proctitle="system_server"
07-10 01:16:10.650 31102 31411 I Finsky  : [153] irw.accept(30): AIM: AppInfoManager-Perf > getApps > data collection finished
07-10 01:16:10.653 31102 31411 I Finsky  : [153] tka.a(69): AppInfoManager-Perf > Successful cache refresh from My Apps Caching hygiene job. Refresh happened: true
07-10 01:16:10.654 31102 31411 I Finsky  : [153] jas.run(72): AIM: AppInfoManager-Perf > maybeDestroyAppInfoManager is called. actives = 1
07-10 01:16:10.665 31102 31411 I Finsky  : [153] yvh.r(4): SCH: jobFinished: 10-93. TimeElapsed: 28877ms.
07-10 01:16:10.761 31102 31411 I Finsky  : [153] yct.accept(36): SCH: Scheduling phonesky job Id: 1-1337, CT: 1688944237349, Constraints: [{ L: 43170044, D: 86370044, C: 1, I: 1, N: 1 }]
07-10 01:16:10.762 31102 31411 I Finsky  : [153] yct.accept(36): SCH: Scheduling phonesky job Id: 10-4, CT: 1688944236926, Constraints: [{ L: 1200000, D: 86400000, C: 1, I: 1, N: 1 }]
07-10 01:16:10.763 31102 31411 I Finsky  : [153] yct.accept(36): SCH: Scheduling phonesky job Id: 10-11, CT: 1688944236926, Constraints: [{ L: 600000, D: 86400000, C: 1, I: 1, N: 1 }]
07-10 01:16:10.764 31102 31411 I Finsky  : [153] yct.accept(36): SCH: Scheduling phonesky job Id: 10-26, CT: 1688944236929, Constraints: [{ L: 600000, D: 86400000, C: 1, I: 1, N: 1 }]
07-10 01:16:10.776 31102 31361 I Finsky  : [141] yeu.apply(14): SCH: Scheduling 1 system job(s)
07-10 01:16:10.777 31102 31361 I Finsky  : [141] yvf.d(19): SCH: Scheduling system job Id: 9156, L: 266150, D: 86036617, C: false, I: false, N: 1
07-10 01:16:10.794 31102 25827 I Finsky  : [570] ywt.a(16): SCH: job service finished with id 9151.
07-10 01:16:12.838  5674  7726 D SemWifiUsabilityStatsMonitor: onWifiUsabilityStats - seqNum 21744, isSameBssidAndFreq true
07-10 01:16:12.842  5674  6128 I SemWifiLinkQualityMonitor: Link Qos Query: 0.055 ms / 146.000 Mbps (292 / 0.000 / 2.000)
07-10 01:16:12.842  6461  6461 D NetworkController.WifiSignalController: notifyListener: visible=true, connected=true, inetCondition=1, isDefault=true, wifiTestReported=true, receivedInetCondition=-1, hideDuringMobileSwitching=false
07-10 01:16:14.728  9837 10033 I SemDvfsHyPerManager: acquire hyper - SIOP_GPU_FREQ_MAX/9837@4, type = 536875010
07-10 01:16:14.731  5313  5394 I HYPER-HAL: [RequestManager.cpp]acquire(): Acquired ID : 48427565  [9837 / 4]    HINT :      list : [GPUMaxFreq / 949000]
07-10 01:16:14.731  9837 10033 I SemDvfsHyPerManager: acquire hyper - SIOP_ARM_MAX/9837@2, type = 301993986
07-10 01:16:14.732  5313  5394 I HYPER-HAL: [RequestManager.cpp]acquire(): Acquired ID : 48407882  [9837 / 2]    HINT :      list : [CPUMaxFreq / 2184000]
07-10 01:16:14.958  5674 26093 D TrafficStats: tagSocket(874) with statsTag=0xffffffff, statsUid=-1
07-10 01:16:15.171  5674 26093 D WifiConnectivityMonitor.DnsThread:  [|214]
07-10 01:16:15.174  5674  6182 D WifiConnectivityMonitor.NetworkStatsAnalyzer: DNS resultType : 0, responseTime : 214
07-10 01:16:15.174  5674  6164 D OpenNetworkQos[4.00]: updateBssidLatestDnsResultType - result: 0
07-10 01:16:15.174  5674  6164 D OpenNetworkQos[4.00]: updateBssidNoInternet: mBssidNoInternet = false
07-10 01:16:15.174  5674  6164 D OpenNetworkQos[4.00]: getOpenNetworkQosNoInternetStatus: false
07-10 01:16:15.175  5674  6164 D OpenNetworkQos[4.00]: getOpenNetworkQosScores: 26 26 26
07-10 01:16:15.185  5674  6164 I WifiProfileShare: network QoS data was changed (internet), updateQoSData networkType: true, qosData: false
07-10 01:16:15.186  5674  7451 V WifiProfileShare.Caster: update wips network, size: 0
07-10 01:16:15.187  5674  7451 D WifiProfileShare: nearby scanning settings run
07-10 01:16:15.187  5674  7451 D WifiProfileShare: network score provider settings enabled
07-10 01:16:15.188  5674  7451 D OpenNetworkQos[4.00]: getOpenNetworkQosScores: 26 26 26
07-10 01:16:15.189  5674  7451 D OpenNetworkQos[4.00]: getOpenNetworkQosNoInternetStatus: false
07-10 01:16:15.190  5674  7451 I WifiProfileShare.Caster: current network type: 0, score: [26, 26, 26]
07-10 01:16:15.192  5674  7451 V WifiProfileShare.Cache: update network score 00:e4:06:**:**:90
07-10 01:16:15.193  5674  7451 D WifiProfileShare.ScanMatcher: getMcfDataList size:2
07-10 01:16:15.193  5674  7451 I WifiProfileShare.Caster: qos data was updated , before:type:QOS, pBssid:51:2e:90, qosData:7c after:type:QOS, pBssid:51:2e:90, qosData:7c
07-10 01:16:15.207  5674  7451 I [MCFSDK_android_1.2.4010]_4_b: isNetworkEnabled - type : 1 ret : true
07-10 01:16:15.208  5674  7451 D WifiProfileShare.McfCast: -ME--- mIsNetworkEnabled :true
07-10 01:16:15.208  5674  7451 D WifiProfileShare.McfCast: updateQoSData ignored, same contents
07-10 01:16:15.208  5674  7451 D WifiProfileShare.MCF: success update QosData !
07-10 01:16:15.210  5674  7451 I [MCFSDK_android_1.2.4010]_4_b: isNetworkEnabled - type : 1 ret : true
07-10 01:16:15.210  5674  7451 D WifiProfileShare.McfCast: -ME--- mIsNetworkEnabled :true
07-10 01:16:15.210  5674  7451 D WifiProfileShare.McfCast: -ME--- updatePasswordDate pwdData size:2
07-10 01:16:15.860  5674  7726 D SemWifiUsabilityStatsMonitor: onWifiUsabilityStats - seqNum 21745, isSameBssidAndFreq true
07-10 01:16:15.867  5674  6128 I SemWifiLinkQualityMonitor: Link Qos Query: 0.046 ms / 175.500 Mbps (351 / 0.000 / 2.000)
07-10 01:16:17.170  6429  6437 I m.android.phone: Background young concurrent copying GC freed 176154(10MB) AllocSpace objects, 0(0B) LOS objects, 48% free, 10MB/21MB, paused 1.304ms,97us total 224.213ms
07-10 01:16:17.643  5674  6112 I ChimeraAggressivePolicyHandler: executePolicy() - triggerSource: TRIGGER_SOURCE_LMKD
07-10 01:16:17.645  5674  6112 I ChimeraAggressivePolicyHandler: available memory: 1068608, free memory target: 870400, quit chimera
07-10 01:16:18.907  5674  7726 D SemWifiUsabilityStatsMonitor: onWifiUsabilityStats - seqNum 21746, isSameBssidAndFreq true
07-10 01:16:18.909  5674  6128 I SemWifiLinkQualityMonitor: Link Qos Query: 0.046 ms / 175.500 Mbps (351 / 0.000 / 2.000)
07-10 01:16:18.911  6461  6461 D NetworkController.WifiSignalController: notifyListener: visible=true, connected=true, inetCondition=1, isDefault=true, wifiTestReported=true, receivedInetCondition=-1, hideDuringMobileSwitching=false
07-10 01:16:20.111  5674  9950 D TelephonyManager: requestModemActivityInfo: Sending result to app: ModemActivityInfo{ mTimestamp=146076939 mSleepTimeMs=83405254 mIdleTimeMs=4017706 mActivityStatsTechSpecificInfo=[{mRat=UNKNOWN,mFrequencyRange=UNKNOWN,mTxTimeMs[]=[35824, 8014, 6386, 419, 53751],mRxTimeMs=52566158}]}
07-10 01:16:20.259  6461  6566 D MobileStatusTracker(1/2): onSignalStrengthsChanged level=3, vendorLevel=3
07-10 01:16:20.273  6461  6566 D MobileSignalController(1/2): notifyListener: enabled=true, connected=true, dataConnected=false, networkType=LTE (4G), emergencyOnly=false, roaming=false, isDefault=false, dataActivity=, level=3, ca=false, mmWave=false, disabledDataIcon=false, simCard=ETC
07-10 01:16:20.274  6461  6566 D NetworkController: SignalStrength from intent slotId=1
07-10 01:16:21.953  5674  7726 D SemWifiUsabilityStatsMonitor: onWifiUsabilityStats - seqNum 21747, isSameBssidAndFreq true
07-10 01:16:21.957  5674  6128 I SemWifiLinkQualityMonitor: Link Qos Query: 0.055 ms / 146.000 Mbps (292 / 0.000 / 2.000)
07-10 01:16:21.958  6461  6461 D NetworkController.WifiSignalController: notifyListener: visible=true, connected=true, inetCondition=1, isDefault=true, wifiTestReported=true, receivedInetCondition=-1, hideDuringMobileSwitching=false
07-10 01:16:23.041  6877  8624 I SimpleEventLog: PreciseAlarmManager Read written lines: 503(17 ms)
07-10 01:16:23.653  6877  8637 I SimpleEventLog: VolteServiceModule Read written lines: 101(5 ms)
07-10 01:16:23.732  6877  8598 I SimpleEventLog: ImsSettingsProvider Read written lines: 501(9 ms)
07-10 01:16:23.761  5674  5674 D SemWifiP2pGoPowerSave: GopsReceiver : received : com.samsung.intent.action.CHECK_SIOP_LEVEL
07-10 01:16:23.761  5674  5674 I SemWifiP2pGoPowerSave: siop_level = 0
07-10 01:16:23.765 31802 32077 I SystemBroadcastReceiver: [#CMH#] onReceive completed :  0
07-10 01:16:23.765 31802 31802 I PolicyManager: [#CMH#] onReceive action = EVENT_SIOP
07-10 01:16:25.006  5674  7726 D SemWifiUsabilityStatsMonitor: onWifiUsabilityStats - seqNum 21748, isSameBssidAndFreq true
07-10 01:16:25.009  5674  6128 I SemWifiLinkQualityMonitor: Link Qos Query: 0.055 ms / 146.000 Mbps (292 / 0.000 / 2.000)
07-10 01:16:25.011  6461  6461 D NetworkController.WifiSignalController: notifyListener: visible=true, connected=true, inetCondition=1, isDefault=true, wifiTestReported=true, receivedInetCondition=-1, hideDuringMobileSwitching=false
07-10 01:16:25.771 31802 32118 I PolicyManager: [#CMH#] Is foreground game app: false
07-10 01:16:25.835 31802 32118 I ControllerUtils: [#CMH#] StoryService:  9, isNonJustShotRunningPossible: false, isStopHeavyTask: true
07-10 01:16:25.892 31802 32118 I ControllerUtils: [#CMH#] IPService:  5, isNonJustShotRunningPossible: false, isStopHeavyTask: true
07-10 01:16:25.947 31802 32118 I ControllerUtils: [#CMH#] FaceService:  2, isNonJustShotRunningPossible: false, isStopHeavyTask: true
07-10 01:16:26.992 31135 32652 I native  : I0000 00:00:1688944586.992028   32652 soda_async_impl.cc:1540] Current audio timestamp: 1688944586620242
07-10 01:16:27.119  5362  5362 I SurfaceFlinger: SFWD update time=134836489535250
07-10 01:16:28.068  5674  7726 D SemWifiUsabilityStatsMonitor: onWifiUsabilityStats - seqNum 21749, isSameBssidAndFreq true
07-10 01:16:28.070  5674  6128 I SemWifiLinkQualityMonitor: Link Qos Query: 0.055 ms / 146.000 Mbps (292 / 0.000 / 2.000)
07-10 01:16:28.412 31135 31447 I A       : (REDACTED) #onAudioData: %s bytes, getAudioReadSize %s
07-10 01:16:30.560  5674  6164 D WifiConnectivityMonitor: Stop WCM Poll. cnt : 9
07-10 01:16:30.579 30967 31717 I ContactsProvider_EventLog: cp_s: [CONTACT con(158) dat(1091) acc({sim(3)=15, sec(6)=1, sim2(4)=1, google(2)=81, org.telegram.messenger(236)=100, com.whatsapp(14)=41}) calls([logtype:100 cnt:877, logtype:200 cnt:5, logtype:300 cnt:495, logtype:1000 cnt:632, logtype:1150 cnt:161]) Iso(RS) uId(0) ]
07-10 01:16:30.579 30967 31717 I ContactsProvider_EventLog: cp_s: [ agr({[2 ,2 ,14 ,236]=1, [2 ,14 ,236]=32, [3]=15, [14]=1, [4]=1, [2 ,14]=4, [2 ,2]=2, [2]=34, [6 ,14]=1, [2 ,236]=3, [236]=62, [2 ,236 ,14]=2}) ]
07-10 01:16:30.579 30967 31717 I ContactsProvider_EventLog: cp_s: [ cnt({acore(30967)=1}) ]
07-10 01:16:30.579 30967 31717 I ContactsProvider_EventLog: cp_s: [PROFILE con(1) dat(1) acc({vnd.sec.contact.phone=1}) ] [SAPROFILE ]
07-10 01:16:30.579 30967 31717 I ContactsProvider_EventLog: cp_s: [STATE R(T) ]
07-10 01:16:31.097  5674  7726 D SemWifiUsabilityStatsMonitor: onWifiUsabilityStats - seqNum 21750, isSameBssidAndFreq true
07-10 01:16:31.099  5674  6128 I SemWifiLinkQualityMonitor: Link Qos Query: 0.055 ms / 146.000 Mbps (292 / 0.000 / 2.000)
07-10 01:16:31.259  5325  5325 E sehhealth-service: Could not open /sys/class/power_supply/battery/lrp
07-10 01:16:33.308 11611 11645 D Benchmark: THERMAL THROTTLE DETECTED, SLEEPING FOR 90 SECONDS
07-10 01:16:34.145  5674  7726 D SemWifiUsabilityStatsMonitor: onWifiUsabilityStats - seqNum 21751, isSameBssidAndFreq true
07-10 01:16:34.150  5674  6128 I SemWifiLinkQualityMonitor: Link Qos Query: 0.055 ms / 146.000 Mbps (292 / 0.000 / 2.000)
07-10 01:16:34.812  9837 10033 I SemDvfsHyPerManager: acquire hyper - SIOP_ARM_MAX/9837@2, type = 301993986
07-10 01:16:34.815  5313  5394 I HYPER-HAL: [RequestManager.cpp]acquire(): Acquired ID : 48407882  [9837 / 2]    HINT :      list : [CPUMaxFreq / 2080000]
07-10 01:16:36.062 31135 31148 I hbox:interactor: Background young concurrent copying GC freed 79727(6833KB) AllocSpace objects, 0(0B) LOS objects, 45% free, 8116KB/14MB, paused 833us,81us total 148.020ms
07-10 01:16:36.375  5674  6055 D ConnectivityService: reportNetworkActive, notify 0 listeners
07-10 01:16:37.197  5674  7726 D SemWifiUsabilityStatsMonitor: onWifiUsabilityStats - seqNum 21752, isSameBssidAndFreq true
07-10 01:16:37.203  5674  6128 I SemWifiLinkQualityMonitor: Link Qos Query: 0.046 ms / 175.500 Mbps (351 / 0.000 / 2.000)
07-10 01:16:37.203  6461  6461 D NetworkController.WifiSignalController: notifyListener: visible=true, connected=true, inetCondition=1, isDefault=true, wifiTestReported=true, receivedInetCondition=-1, hideDuringMobileSwitching=false
07-10 01:16:37.915  5674  9950 D PackageManager: setEnabledSetting : userId = 0 packageName = com.Slack cmp = androidx.work.impl.background.systemalarm.RescheduleReceiver newState = 1 callingPackage = 10329/com.Slack
07-10 01:16:37.917  5674  9950 D ApplicationPolicy: getApplicationStateEnabled : pkg = com.Slack userId : 0
07-10 01:16:37.919  5674  9950 D ApplicationPolicy: getApplicationComponentState : pkg = com.Slack userId : 0
07-10 01:16:37.947  5353  6075 V APM_AudioPolicyManager: setAppState(portId:1005, state:1)
07-10 01:16:37.952  5674  5745 W libprocessgroup: Failed to open /dev/blkio//cgroup.procs: No such file or directory
07-10 01:16:37.974 25156 25231 D ConnectivityManager: StackLog: [android.net.ConnectivityManager.sendRequestForNetwork(ConnectivityManager.java:4300)] [android.net.ConnectivityManager.registerDefaultNetworkCallbackForUid(ConnectivityManager.java:4864)] [android.net.ConnectivityManager.registerDefaultNetworkCallback(ConnectivityManager.java:4831)] [android.net.ConnectivityManager.registerDefaultNetworkCallback(ConnectivityManager.java:4805)] [androidx.work.impl.utils.NetworkApi24.registerDefaultNetworkCallbackCompat(Unknown Source:11)] [androidx.work.impl.constraints.trackers.NetworkStateTracker24.startTracking(Unknown Source:15)] [androidx.work.impl.constraints.controllers.ConstraintController.replace(Unknown Source:130)] [androidx.work.impl.constraints.WorkConstraintsTrackerImpl.replace(Unknown Source:41)] [androidx.work.impl.background.greedy.GreedyScheduler.schedule(Unknown Source:302)] [androidx.work.impl.Schedulers.schedule(Unknown Source:155)] [androidx.work.impl.utils.EnqueueRunnable.run(Unknown Source:53)] [androidx.work.Worker$2.run$androidx$work$impl$utils$SerialExecutorImpl$Task(Unknown Source:4)] [androidx.work.Worker$2.run(Unknown Source:868)] [java.util.concurrent.ThreadPoolExecutor.runWorker(ThreadPoolExecutor.java:1137)] [java.util.concurrent.ThreadPoolExecutor$Worker.run(ThreadPoolExecutor.java:637)] [java.lang.Thread.run(Thread.java:1012)]
07-10 01:16:37.977  5674  9950 D ConnectivityService: requestNetwork for uid/pid:10329/25156 activeRequest: null callbackRequest: 16667 [NetworkRequest [ REQUEST id=16668, [ Capabilities: INTERNET&NOT_RESTRICTED&TRUSTED&NOT_VCN_MANAGED Uid: 10329 RequestorUid: 10329 RequestorPkg: com.Slack UnderlyingNetworks: Null] ]] callback flags: 0 order: 2147483647
07-10 01:16:37.979  5674  6055 D ConnectivityService:    accepting network in place of null
07-10 01:16:37.991  5674  6045 D WifiNetworkFactory: got request NetworkRequest [ REQUEST id=16668, [ Capabilities: INTERNET&NOT_RESTRICTED&TRUSTED&NOT_VCN_MANAGED Uid: 10329 RequestorUid: 10329 RequestorPkg: com.Slack UnderlyingNetworks: Null] ]
07-10 01:16:37.991  5674  6045 D UntrustedWifiNetworkFactory: got request NetworkRequest [ REQUEST id=16668, [ Capabilities: INTERNET&NOT_RESTRICTED&TRUSTED&NOT_VCN_MANAGED Uid: 10329 RequestorUid: 10329 RequestorPkg: com.Slack UnderlyingNetworks: Null] ]
07-10 01:16:37.993  5674  6045 D OemPaidWifiNetworkFactory: got request NetworkRequest [ REQUEST id=16668, [ Capabilities: INTERNET&NOT_RESTRICTED&TRUSTED&NOT_VCN_MANAGED Uid: 10329 RequestorUid: 10329 RequestorPkg: com.Slack UnderlyingNetworks: Null] ]
07-10 01:16:37.994  5674  6045 D MultiInternetWifiNetworkFactory: got request NetworkRequest [ REQUEST id=16668, [ Capabilities: INTERNET&NOT_RESTRICTED&TRUSTED&NOT_VCN_MANAGED Uid: 10329 RequestorUid: 10329 RequestorPkg: com.Slack UnderlyingNetworks: Null] ]
07-10 01:16:37.999  5674  6055 D ConnectivityService: Rematched networks [computed 1ms] [applied 6ms] [issued 14]
07-10 01:16:37.999  5674  6055 D ConnectivityService: NetworkReassignment :
07-10 01:16:37.999  5674  6055 D ConnectivityService:   16668 : null → 118
07-10 01:16:38.003 25156 25156 D ConnectivityManager: StackLog: [android.net.ConnectivityManager.unregisterNetworkCallback(ConnectivityManager.java:4972)] [androidx.work.impl.utils.NetworkApi21.unregisterNetworkCallbackCompat(Unknown Source:11)] [androidx.work.impl.constraints.trackers.NetworkStateTracker24.stopTracking(Unknown Source:15)] [androidx.work.impl.constraints.trackers.ConstraintTracker.removeListener(Unknown Source:24)] [androidx.work.impl.constraints.controllers.ConstraintController.replace(Unknown Source:81)] [androidx.work.impl.constraints.WorkConstraintsTrackerImpl.replace(Unknown Source:41)] [androidx.work.impl.background.greedy.GreedyScheduler.onExecuted(Unknown Source:55)] [androidx.work.impl.Processor.onExecuted(Unknown Source:59)] [com.bugsnag.android.DeliveryDelegate$1.run(Unknown Source:212)]
07-10 01:16:38.007  5674  6055 D ConnectivityService:  Removing from current network [118 WIFI], leaving 155 requests.
07-10 01:16:38.014  5353  6075 V APM_AudioPolicyManager: setAppState(portId:1005, state:1)
07-10 01:16:38.017  5353  6075 V APM_AudioPolicyManager: setAppState(portId:1005, state:1)
07-10 01:16:40.229  5674  7726 D SemWifiUsabilityStatsMonitor: onWifiUsabilityStats - seqNum 21753, isSameBssidAndFreq true
07-10 01:16:40.231  5674  6128 I SemWifiLinkQualityMonitor: Link Qos Query: 0.091 ms / 87.750 Mbps (351 / 0.000 / 4.000)
07-10 01:16:40.577  5262  5262 E audit   : type=1400 audit(1688944600.573:69974): avc:  denied  { getattr } for  pid=5674 comm="BinderProcsColl" path="/sys/kernel/debug/binder/proc/5674" dev="debugfs" ino=32119 scontext=u:r:system_server:s0 tcontext=u:object_r:sec_debugfs:s0 tclass=file permissive=0 SEPF_SM-A515F_13_0001 audit_filtered
07-10 01:16:40.578  5262  5262 E audit   : type=1300 audit(1688944600.573:69974): arch=c00000b7 syscall=79 success=no exit=-13 a0=ffffff9c a1=7ad24ecb50 a2=79df9bd680 a3=0 items=0 ppid=5287 pid=5674 auid=4294967295 uid=1000 gid=1000 euid=1000 suid=1000 fsuid=1000 egid=1000 sgid=1000 fsgid=1000 tty=(none) ses=4294967295 comm="BinderProcsColl" exe="/system/bin/app_process64" subj=u:r:system_server:s0 key=(null)
07-10 01:16:40.578  5262  5262 E audit   : type=1327 audit(1688944600.573:69974): proctitle="system_server"
07-10 01:16:43.281  5674  7726 D SemWifiUsabilityStatsMonitor: onWifiUsabilityStats - seqNum 21754, isSameBssidAndFreq true
07-10 01:16:43.288  5674  6128 I SemWifiLinkQualityMonitor: Link Qos Query: 0.091 ms / 87.750 Mbps (351 / 0.000 / 4.000)
07-10 01:16:43.288  6461  6461 D NetworkController.WifiSignalController: notifyListener: visible=true, connected=true, inetCondition=1, isDefault=true, wifiTestReported=true, receivedInetCondition=-1, hideDuringMobileSwitching=false
07-10 01:16:46.351  5674  7726 D SemWifiUsabilityStatsMonitor: onWifiUsabilityStats - seqNum 21755, isSameBssidAndFreq true
07-10 01:16:46.354  5674  6128 I SemWifiLinkQualityMonitor: Link Qos Query: 0.082 ms / 97.333 Mbps (292 / 0.000 / 3.000)
07-10 01:16:46.354  6461  6461 D NetworkController.WifiSignalController: notifyListener: visible=true, connected=true, inetCondition=1, isDefault=true, wifiTestReported=true, receivedInetCondition=-1, hideDuringMobileSwitching=false
07-10 01:16:49.395  5674  7726 D SemWifiUsabilityStatsMonitor: onWifiUsabilityStats - seqNum 21756, isSameBssidAndFreq true
07-10 01:16:49.397  6461  6461 D NetworkController.WifiSignalController: notifyListener: visible=true, connected=true, inetCondition=1, isDefault=true, wifiTestReported=true, receivedInetCondition=-1, hideDuringMobileSwitching=false
07-10 01:16:49.398  5674  6128 I SemWifiLinkQualityMonitor: Link Qos Query: 0.082 ms / 97.333 Mbps (292 / 0.000 / 3.000)
07-10 01:16:50.580 16924 25670 W Nearby  : [MBleClient] Ignore outdated onLost runnable from cycle : 11, current cycle : 48 [CONTEXT service_id=49 ]
07-10 01:16:50.665 16924 25670 W Nearby  : [MBleClient] Ignore outdated onLost runnable from cycle : 12, current cycle : 48 [CONTEXT service_id=49 ]
07-10 01:16:52.429  5674  7726 D SemWifiUsabilityStatsMonitor: onWifiUsabilityStats - seqNum 21757, isSameBssidAndFreq true
07-10 01:16:52.433  5674  6128 I SemWifiLinkQualityMonitor: Link Qos Query: 0.082 ms / 97.333 Mbps (292 / 0.000 / 3.000)
07-10 01:16:55.457  5674  7726 D SemWifiUsabilityStatsMonitor: onWifiUsabilityStats - seqNum 21758, isSameBssidAndFreq true
07-10 01:16:55.459  5674  6128 I SemWifiLinkQualityMonitor: Link Qos Query: 0.082 ms / 97.333 Mbps (292 / 0.000 / 3.000)
07-10 01:16:56.993 31135 32652 I native  : I0000 00:00:1688944616.993052   32652 soda_async_impl.cc:1540] Current audio timestamp: 1688944616620242
07-10 01:16:57.120  5362  5362 I SurfaceFlinger: SFWD update time=134866490723343
07-10 01:16:58.431 31135 31460 I A       : (REDACTED) #onAudioData: %s bytes, getAudioReadSize %s
07-10 01:16:58.508  5674  7726 D SemWifiUsabilityStatsMonitor: onWifiUsabilityStats - seqNum 21759, isSameBssidAndFreq true
07-10 01:16:58.512  5674  6128 I SemWifiLinkQualityMonitor: Link Qos Query: 0.082 ms / 97.333 Mbps (292 / 0.000 / 3.000)
07-10 01:17:00.015  6461  6461 D KeyguardUpdateMonitor: received broadcast android.intent.action.TIME_TICK
07-10 01:17:00.016  6461  7078 D QSClockBellTower: onReceive(android.intent.action.TIME_TICK) mTimeZoneString:null
07-10 01:17:00.065  6461  6461 D KeyguardUpdateMonitor: handleTimeUpdate
07-10 01:17:00.067  6461  6461 D FaceWidgetPagesController: onTimeChanged()
07-10 01:17:00.069  6461  6461 D QSClockBellTower: He is ready to ring the bell. (((QSClockBellSound - TimeText:01:17, TimeContentDescription:01:17, DateText:Mon, 10 July, ShortDateText:Mon, 10 Jul, Demo:false, QuickStar-Second(false|12:34:56))))
07-10 01:17:00.070  6461  6461 D QSClockIndicatorView: Home Indicator status_bar_clock 01:17 notifyTimeChanged(QSClockBellSound - TimeText:01:17, TimeContentDescription:01:17, DateText:Mon, 10 July, ShortDateText:Mon, 10 Jul, Demo:false, QuickStar-Second(false|12:34:56)) ClockVisibleByPolicy:true, ClockVisibleByUser:true, visible?false, parent:android.widget.LinearLayout{503272 V.E...... ........ 0,0-0,55 #7f0b04f0 app:id/left_clock_container}
07-10 01:17:00.070  6461  6461 D QSClockBellTower: Everyone heard the bell. run(currentTime:1688944620067,   getTime():Mon Jul 10 01:17:00 GMT+02:00 2023,   getTimeZone():libcore.util.ZoneInfo[mDstSavings=3600000,mUseDst=true,mDelegate=[id="Europe/Belgrade",mRawOffset=3600000,mEarliestRawOffset=4920000,transitions=119]])
07-10 01:17:00.077  6461  6461 I FaceWidgetPositionAlgorithm: getClockContainerHeight() supplier = 270, bottom margin = 0, real height = 333
07-10 01:17:00.078  6461  6461 I FaceWidgetPositionAlgorithm: getClockContainerHeight() supplier = 270, bottom margin = 63, real height = 333
07-10 01:17:00.078  6461  6461 I FaceWidgetPositionAlgorithm: getMediaContainerHeight() height = 0 container Visibility = 8, isValid = false, mIsDozing = false, fraction = 1.0, source = 0, target = 0
07-10 01:17:00.078  6461  6461 I FaceWidgetPositionAlgorithm: getMediaContainerHeight() supplier = 0
07-10 01:17:00.082  6461  6461 V QsExpandAnimator: setQsExpansionPosition 0.0
07-10 01:17:00.087  6461  6461 V QsExpandAnimator: updateAnimators
07-10 01:17:00.087  6461  6461 V QsExpandAnimator: clearAnimationState
07-10 01:17:00.088  6461  6461 V QsExpandAnimator: updateViews
07-10 01:17:00.090  6461  6461 V QsExpandAnimator: updateTileAnimator
07-10 01:17:00.092  6461  6461 V QsExpandAnimator: updateHeaderAnimator
07-10 01:17:00.093  6461  6461 V QsExpandAnimator: updateBarAnimator
07-10 01:17:00.093  6461  6461 V QsExpandAnimator: setQsExpansionPosition 0.0
07-10 01:17:00.093  6461  6461 V QsExpandAnimator: onAnimationAtStart
07-10 01:17:01.302  5325  5325 E sehhealth-service: Could not open /sys/class/power_supply/battery/lrp
07-10 01:17:01.561  5674  7726 D SemWifiUsabilityStatsMonitor: onWifiUsabilityStats - seqNum 21760, isSameBssidAndFreq true
07-10 01:17:01.566  5674  6128 I SemWifiLinkQualityMonitor: Link Qos Query: 0.082 ms / 97.333 Mbps (292 / 0.000 / 3.000)
07-10 01:17:02.780  5674  6055 D ConnectivityService: reportNetworkActive, notify 0 listeners
07-10 01:17:03.783 31802 32077 I SystemBroadcastReceiver: [#CMH#] onReceive completed :  1
07-10 01:17:03.784 31802 31802 I PolicyManager: [#CMH#] onReceive action = EVENT_SIOP
07-10 01:17:03.789  5674  5674 D SemWifiP2pGoPowerSave: GopsReceiver : received : com.samsung.intent.action.CHECK_SIOP_LEVEL
07-10 01:17:03.789  5674  5674 I SemWifiP2pGoPowerSave: siop_level = -1
07-10 01:17:04.607  5674  7726 D SemWifiUsabilityStatsMonitor: onWifiUsabilityStats - seqNum 21761, isSameBssidAndFreq true
07-10 01:17:04.612  5674  6128 I SemWifiLinkQualityMonitor: Link Qos Query: 0.055 ms / 146.000 Mbps (292 / 0.000 / 2.000)
07-10 01:17:04.617  6461  6461 D NetworkController.WifiSignalController: notifyListener: visible=true, connected=true, inetCondition=1, isDefault=true, wifiTestReported=true, receivedInetCondition=-1, hideDuringMobileSwitching=false
07-10 01:17:04.897  5313  5394 I HYPER-HAL: [RequestManager.cpp]releaseLocked(): Released ID : 48407882
07-10 01:17:05.793 31802 32118 I PolicyManager: [#CMH#] Is foreground game app: false
07-10 01:17:05.891 31802 32118 I ControllerUtils: [#CMH#] StoryService:  9, isNonJustShotRunningPossible: false, isStopHeavyTask: true
07-10 01:17:05.950 31802 32118 I ControllerUtils: [#CMH#] IPService:  5, isNonJustShotRunningPossible: false, isStopHeavyTask: true
07-10 01:17:06.007 31802 32118 I ControllerUtils: [#CMH#] FaceService:  2, isNonJustShotRunningPossible: false, isStopHeavyTask: true
07-10 01:17:07.664  5674  7726 D SemWifiUsabilityStatsMonitor: onWifiUsabilityStats - seqNum 21762, isSameBssidAndFreq true
07-10 01:17:07.670  5674  6128 I SemWifiLinkQualityMonitor: Link Qos Query: 0.051 ms / 156.000 Mbps (351 / 0.000 / 2.250)
07-10 01:17:07.984  5674  9950 D PackageManager: setEnabledSetting : userId = 0 packageName = com.Slack cmp = androidx.work.impl.background.systemalarm.RescheduleReceiver newState = 1 callingPackage = 10329/com.Slack
07-10 01:17:07.987  5674  9950 D ApplicationPolicy: getApplicationStateEnabled : pkg = com.Slack userId : 0
07-10 01:17:07.990  5674  9950 D ApplicationPolicy: getApplicationComponentState : pkg = com.Slack userId : 0
07-10 01:17:08.027  5353  6075 V APM_AudioPolicyManager: setAppState(portId:1005, state:1)
07-10 01:17:08.031  5674  5745 W libprocessgroup: Failed to open /dev/blkio//cgroup.procs: No such file or directory
07-10 01:17:08.078 25156 25231 D ConnectivityManager: StackLog: [android.net.ConnectivityManager.sendRequestForNetwork(ConnectivityManager.java:4300)] [android.net.ConnectivityManager.registerDefaultNetworkCallbackForUid(ConnectivityManager.java:4864)] [android.net.ConnectivityManager.registerDefaultNetworkCallback(ConnectivityManager.java:4831)] [android.net.ConnectivityManager.registerDefaultNetworkCallback(ConnectivityManager.java:4805)] [androidx.work.impl.utils.NetworkApi24.registerDefaultNetworkCallbackCompat(Unknown Source:11)] [androidx.work.impl.constraints.trackers.NetworkStateTracker24.startTracking(Unknown Source:15)] [androidx.work.impl.constraints.controllers.ConstraintController.replace(Unknown Source:130)] [androidx.work.impl.constraints.WorkConstraintsTrackerImpl.replace(Unknown Source:41)] [androidx.work.impl.background.greedy.GreedyScheduler.schedule(Unknown Source:302)] [androidx.work.impl.Schedulers.schedule(Unknown Source:155)] [androidx.work.impl.utils.EnqueueRunnable.run(Unknown Source:53)] [androidx.work.Worker$2.run$androidx$work$impl$utils$SerialExecutorImpl$Task(Unknown Source:4)] [androidx.work.Worker$2.run(Unknown Source:868)] [java.util.concurrent.ThreadPoolExecutor.runWorker(ThreadPoolExecutor.java:1137)] [java.util.concurrent.ThreadPoolExecutor$Worker.run(ThreadPoolExecutor.java:637)] [java.lang.Thread.run(Thread.java:1012)]
07-10 01:17:08.082  5674  5694 D ConnectivityService: requestNetwork for uid/pid:10329/25156 activeRequest: null callbackRequest: 16669 [NetworkRequest [ REQUEST id=16670, [ Capabilities: INTERNET&NOT_RESTRICTED&TRUSTED&NOT_VCN_MANAGED Uid: 10329 RequestorUid: 10329 RequestorPkg: com.Slack UnderlyingNetworks: Null] ]] callback flags: 0 order: 2147483647
07-10 01:17:08.086  5674  6055 D ConnectivityService:    accepting network in place of null
07-10 01:17:08.100  5674  6045 D WifiNetworkFactory: got request NetworkRequest [ REQUEST id=16670, [ Capabilities: INTERNET&NOT_RESTRICTED&TRUSTED&NOT_VCN_MANAGED Uid: 10329 RequestorUid: 10329 RequestorPkg: com.Slack UnderlyingNetworks: Null] ]
07-10 01:17:08.101  5674  6045 D UntrustedWifiNetworkFactory: got request NetworkRequest [ REQUEST id=16670, [ Capabilities: INTERNET&NOT_RESTRICTED&TRUSTED&NOT_VCN_MANAGED Uid: 10329 RequestorUid: 10329 RequestorPkg: com.Slack UnderlyingNetworks: Null] ]
07-10 01:17:08.104  5674  6045 D OemPaidWifiNetworkFactory: got request NetworkRequest [ REQUEST id=16670, [ Capabilities: INTERNET&NOT_RESTRICTED&TRUSTED&NOT_VCN_MANAGED Uid: 10329 RequestorUid: 10329 RequestorPkg: com.Slack UnderlyingNetworks: Null] ]
07-10 01:17:08.106  5674  6045 D MultiInternetWifiNetworkFactory: got request NetworkRequest [ REQUEST id=16670, [ Capabilities: INTERNET&NOT_RESTRICTED&TRUSTED&NOT_VCN_MANAGED Uid: 10329 RequestorUid: 10329 RequestorPkg: com.Slack UnderlyingNetworks: Null] ]
