07-10 00:39:44.207 29666 29666 I Launcher.AppsPageDelegate: updateItemToNewPosition = title : Assistant, rank : 7, screenId : 0, user: UserHandle{0}, screenType: 0, pos: 7, screen: 0
07-10 00:39:44.207 29666 29666 I Launcher.AppsPageDelegate: updateItemToNewPosition = title : Docs, rank : 29, screenId : 0, user: UserHandle{0}, screenType: 0, pos: 29, screen: 0
07-10 00:39:44.207 29666 29666 I Launcher.AppsPageDelegate: updateItemToNewPosition = title : App Center, rank : 5, screenId : 0, user: UserHandle{0}, screenType: 0, pos: 5, screen: 0
07-10 00:39:44.207 29666 29666 I Launcher.AppsPageDelegate: updateItemToNewPosition = title : Cloud Mail.ru, rank : 22, screenId : 0, user: UserHandle{0}, screenType: 0, pos: 22, screen: 0
07-10 00:39:44.207 29666 29666 I Launcher.AppsPageDelegate: updateItemToNewPosition = title : Authenticator, rank : 8, screenId : 0, user: UserHandle{0}, screenType: 0, pos: 8, screen: 0
07-10 00:39:44.207 29666 29666 I Launcher.AppsPageDelegate: updateItemToNewPosition = title : Dcoder, rank : 26, screenId : 0, user: UserHandle{0}, screenType: 0, pos: 26, screen: 0
07-10 00:39:44.207 29666 29666 I Launcher.AppsPageDelegate: updateItemToNewPosition = title : Contacts, rank : 24, screenId : 0, user: UserHandle{0}, screenType: 0, pos: 24, screen: 0
07-10 00:39:44.207 29666 29666 I Launcher.AppsPageDelegate: updateItemToNewPosition = title : Adobe Acrobat, rank : 3, screenId : 0, user: UserHandle{0}, screenType: 0, pos: 3, screen: 0
07-10 00:39:44.207 29666 29666 I Launcher.AppsPageDelegate: updateItemToNewPosition = title : Canon Print Service, rank : 18, screenId : 0, user: UserHandle{0}, screenType: 0, pos: 18, screen: 0
07-10 00:39:44.208 29666 29666 I Launcher.AppsPageDelegate: updateItemToNewPosition = title : Calendar, rank : 16, screenId : 0, user: UserHandle{0}, screenType: 0, pos: 16, screen: 0
07-10 00:39:44.208 29666 29666 I Launcher.AppsPageDelegate: updateItemToNewPosition = title : CAR:GO, rank : 19, screenId : 0, user: UserHandle{0}, screenType: 0, pos: 19, screen: 0
07-10 00:39:44.208 29666 29666 I Launcher.AppsPageDelegate: updateItemToNewPosition = title : Benchmark, rank : 9, screenId : 0, user: UserHandle{0}, screenType: 0, pos: 9, screen: 0
07-10 00:39:44.208 29666 29666 I Launcher.AppsPageDelegate: updateItemToNewPosition = title : AR Zone, rank : 6, screenId : 0, user: UserHandle{0}, screenType: 0, pos: 6, screen: 0
07-10 00:39:44.208 29666 29666 I Launcher.AppsPageDelegate: updateItemToNewPosition = title : Digital Wellbeing, rank : 27, screenId : 0, user: UserHandle{0}, screenType: 0, pos: 27, screen: 0
07-10 00:39:44.208 29666 29666 I Launcher.AppsPageDelegate: updateItemToNewPosition = title : BeoGRADSKI prevoz, rank : 10, screenId : 0, user: UserHandle{0}, screenType: 0, pos: 10, screen: 0
07-10 00:39:44.208 29666 29666 I Launcher.AppsPageDelegate: updateItemToNewPosition = title : Bing, rank : 11, screenId : 0, user: UserHandle{0}, screenType: 0, pos: 11, screen: 0
07-10 00:39:44.208 29666 29666 I Launcher.AppsPageDelegate: updateItemToNewPosition = title : AnkiDroid, rank : 4, screenId : 0, user: UserHandle{0}, screenType: 0, pos: 4, screen: 0
07-10 00:39:44.208 29666 29666 I Launcher.AppsPageDelegate: updateItemToNewPosition = title : Galaxy Store, rank : 11, screenId : 1, user: UserHandle{0}, screenType: 0, pos: 11, screen: 1
07-10 00:39:44.208 29666 29666 I Launcher.AppsPageDelegate: updateItemToNewPosition = title : Gallery, rank : 13, screenId : 1, user: UserHandle{0}, screenType: 0, pos: 13, screen: 1
07-10 00:39:44.208 29666 29666 I Launcher.AppsPageDelegate: updateItemToNewPosition = title : Game Launcher, rank : 14, screenId : 1, user: UserHandle{0}, screenType: 0, pos: 14, screen: 1
07-10 00:39:44.208 29666 29666 I Launcher.AppsPageDelegate: updateItemToNewPosition = title : Drive, rank : 1, screenId : 1, user: UserHandle{0}, screenType: 0, pos: 1, screen: 1
07-10 00:39:44.208 29666 29666 I Launcher.AppsPageDelegate: updateItemToNewPosition = title : Galaxy Wearable, rank : 12, screenId : 1, user: UserHandle{0}, screenType: 0, pos: 12, screen: 1
07-10 00:39:44.208 29666 29666 I Launcher.AppsPageDelegate: updateItemToNewPosition = title : Keep notes, rank : 28, screenId : 1, user: UserHandle{0}, screenType: 0, pos: 28, screen: 1
07-10 00:39:44.208 29666 29666 I Launcher.AppsPageDelegate: updateItemToNewPosition = title : Kaspersky, rank : 26, screenId : 1, user: UserHandle{0}, screenType: 0, pos: 26, screen: 1
07-10 00:39:44.208 29666 29666 I Launcher.AppsPageDelegate: updateItemToNewPosition = title : Firefox, rank : 8, screenId : 1, user: UserHandle{0}, screenType: 0, pos: 8, screen: 1
07-10 00:39:44.208 29666 29666 I Launcher.AppsPageDelegate: updateItemToNewPosition = title : Google Japanese Input, rank : 20, screenId : 1, user: UserHandle{0}, screenType: 0, pos: 20, screen: 1
07-10 00:39:44.208 29666 29666 I Launcher.AppsPageDelegate: updateItemToNewPosition = title : HiPER Scientific Calculator, rank : 23, screenId : 1, user: UserHandle{0}, screenType: 0, pos: 23, screen: 1
07-10 00:39:44.208 29666 29666 I Launcher.AppsPageDelegate: updateItemToNewPosition = title : DuckDuckGo, rank : 2, screenId : 1, user: UserHandle{0}, screenType: 0, pos: 2, screen: 1
07-10 00:39:44.208 29666 29666 I Launcher.AppsPageDelegate: updateItemToNewPosition = title : GitHub, rank : 18, screenId : 1, user: UserHandle{0}, screenType: 0, pos: 18, screen: 1
07-10 00:39:44.208 29666 29666 I Launcher.AppsPageDelegate: updateItemToNewPosition = title : Excel, rank : 5, screenId : 1, user: UserHandle{0}, screenType: 0, pos: 5, screen: 1
07-10 00:39:44.208 29666 29666 I Launcher.AppsPageDelegate: updateItemToNewPosition = title : Graphing Calc, rank : 22, screenId : 1, user: UserHandle{0}, screenType: 0, pos: 22, screen: 1
07-10 00:39:44.208 29666 29666 I Launcher.AppsPageDelegate: updateItemToNewPosition = title : Files, rank : 7, screenId : 1, user: UserHandle{0}, screenType: 0, pos: 7, screen: 1
07-10 00:39:44.209 29666 29666 I Launcher.AppsPageDelegate: updateItemToNewPosition = title : Gboard, rank : 17, screenId : 1, user: UserHandle{0}, screenType: 0, pos: 17, screen: 1
07-10 00:39:44.209 29666 29666 I Launcher.AppsPageDelegate: updateItemToNewPosition = title : Glovo, rank : 19, screenId : 1, user: UserHandle{0}, screenType: 0, pos: 19, screen: 1
07-10 00:39:44.209 29666 29666 I Launcher.AppsPageDelegate: updateItemToNewPosition = title : KDE Connect, rank : 27, screenId : 1, user: UserHandle{0}, screenType: 0, pos: 27, screen: 1
07-10 00:39:44.209 29666 29666 I Launcher.AppsPageDelegate: updateItemToNewPosition = title : KAlgebra, rank : 25, screenId : 1, user: UserHandle{0}, screenType: 0, pos: 25, screen: 1
07-10 00:39:44.209 29666 29666 I Launcher.AppsPageDelegate: updateItemToNewPosition = title : Game Plugins, rank : 15, screenId : 1, user: UserHandle{0}, screenType: 0, pos: 15, screen: 1
07-10 00:39:44.209 29666 29666 I Launcher.AppsPageDelegate: updateItemToNewPosition = title : Knowledge, rank : 29, screenId : 1, user: UserHandle{0}, screenType: 0, pos: 29, screen: 1
07-10 00:39:44.209 29666 29666 I Launcher.AppsPageDelegate: updateItemToNewPosition = title : Duolingo, rank : 3, screenId : 1, user: UserHandle{0}, screenType: 0, pos: 3, screen: 1
07-10 00:39:44.209 29666 29666 I Launcher.AppsPageDelegate: updateItemToNewPosition = title : Forest, rank : 10, screenId : 1, user: UserHandle{0}, screenType: 0, pos: 10, screen: 1
07-10 00:39:44.209 29666 29666 I Launcher.AppsPageDelegate: updateItemToNewPosition = title : Flipd, rank : 9, screenId : 1, user: UserHandle{0}, screenType: 0, pos: 9, screen: 1
07-10 00:39:44.209 29666 29666 I Launcher.AppsPageDelegate: updateItemToNewPosition = title : DontKillMyApp, rank : 0, screenId : 1, user: UserHandle{0}, screenType: 0, pos: 0, screen: 1
07-10 00:39:44.209 29666 29666 I Launcher.AppsPageDelegate: updateItemToNewPosition = title : Instagram, rank : 24, screenId : 1, user: UserHandle{0}, screenType: 0, pos: 24, screen: 1
07-10 00:39:44.209 29666 29666 I Launcher.AppsPageDelegate: updateItemToNewPosition = title : Durak, rank : 4, screenId : 1, user: UserHandle{0}, screenType: 0, pos: 4, screen: 1
07-10 00:39:44.209 29666 29666 I Launcher.AppsPageDelegate: updateItemToNewPosition = title : Games, rank : 16, screenId : 1, user: UserHandle{0}, screenType: 0, pos: 16, screen: 1
07-10 00:39:44.209 29666 29666 I Launcher.AppsPageDelegate: updateItemToNewPosition = title : Grammarly, rank : 21, screenId : 1, user: UserHandle{0}, screenType: 0, pos: 21, screen: 1
07-10 00:39:44.209 29666 29666 I Launcher.AppsPageDelegate: updateItemToNewPosition = title : F-Droid, rank : 6, screenId : 1, user: UserHandle{0}, screenType: 0, pos: 6, screen: 1
07-10 00:39:44.209 29666 29666 I Launcher.AppsPageDelegate: updateItemToNewPosition = title : OneDrive, rank : 22, screenId : 2, user: UserHandle{0}, screenType: 0, pos: 22, screen: 2
07-10 00:39:44.209 29666 29666 I Launcher.AppsPageDelegate: updateItemToNewPosition = title : Phone, rank : 26, screenId : 2, user: UserHandle{0}, screenType: 0, pos: 26, screen: 2
07-10 00:39:44.209 29666 29666 I Launcher.AppsPageDelegate: updateItemToNewPosition = title : Messages, rank : 10, screenId : 2, user: UserHandle{0}, screenType: 0, pos: 10, screen: 2
07-10 00:39:44.209 29666 29666 I Launcher.AppsPageDelegate: updateItemToNewPosition = title : Mail, rank : 3, screenId : 2, user: UserHandle{0}, screenType: 0, pos: 3, screen: 2
07-10 00:39:44.209 29666 29666 I Launcher.AppsPageDelegate: updateItemToNewPosition = title : Photos, rank : 29, screenId : 2, user: UserHandle{0}, screenType: 0, pos: 29, screen: 2
07-10 00:39:44.209 29666 29666 I Launcher.AppsPageDelegate: updateItemToNewPosition = title : Microsoft 365 (Office), rank : 11, screenId : 2, user: UserHandle{0}, screenType: 0, pos: 11, screen: 2
07-10 00:39:44.209 29666 29666 I Launcher.AppsPageDelegate: updateItemToNewPosition = title : Mail, rank : 4, screenId : 2, user: UserHandle{0}, screenType: 0, pos: 4, screen: 2
07-10 00:39:44.209 29666 29666 I Launcher.AppsPageDelegate: updateItemToNewPosition = title : Maps, rank : 5, screenId : 2, user: UserHandle{0}, screenType: 0, pos: 5, screen: 2
07-10 00:39:44.209 29666 29666 I Launcher.AppsPageDelegate: updateItemToNewPosition = title : PaintCAD, rank : 25, screenId : 2, user: UserHandle{0}, screenType: 0, pos: 25, screen: 2
07-10 00:39:44.209 29666 29666 I Launcher.AppsPageDelegate: updateItemToNewPosition = title : OONI Probe, rank : 23, screenId : 2, user: UserHandle{0}, screenType: 0, pos: 23, screen: 2
07-10 00:39:44.209 29666 29666 I Launcher.AppsPageDelegate: updateItemToNewPosition = title : Microsoft Launcher, rank : 12, screenId : 2, user: UserHandle{0}, screenType: 0, pos: 12, screen: 2
07-10 00:39:44.210 29666 29666 I Launcher.AppsPageDelegate: updateItemToNewPosition = title : my.itmo, rank : 18, screenId : 2, user: UserHandle{0}, screenType: 0, pos: 18, screen: 2
07-10 00:39:44.210 29666 29666 I Launcher.AppsPageDelegate: updateItemToNewPosition = title : Photomath, rank : 28, screenId : 2, user: UserHandle{0}, screenType: 0, pos: 28, screen: 2
07-10 00:39:44.210 29666 29666 I Launcher.AppsPageDelegate: updateItemToNewPosition = title : Orbot, rank : 24, screenId : 2, user: UserHandle{0}, screenType: 0, pos: 24, screen: 2
07-10 00:39:44.210 29666 29666 I Launcher.AppsPageDelegate: updateItemToNewPosition = title : Natural Scientific Calculator, rank : 19, screenId : 2, user: UserHandle{0}, screenType: 0, pos: 19, screen: 2
07-10 00:39:44.210 29666 29666 I Launcher.AppsPageDelegate: updateItemToNewPosition = title : meduza, rank : 6, screenId : 2, user: UserHandle{0}, screenType: 0, pos: 6, screen: 2
07-10 00:39:44.210 29666 29666 I Launcher.AppsPageDelegate: updateItemToNewPosition = title : Meet, rank : 7, screenId : 2, user: UserHandle{0}, screenType: 0, pos: 7, screen: 2
07-10 00:39:44.210 29666 29666 I Launcher.AppsPageDelegate: updateItemToNewPosition = title : PhoneAccount Abuse Detector, rank : 27, screenId : 2, user: UserHandle{0}, screenType: 0, pos: 27, screen: 2
07-10 00:39:44.210 29666 29666 I Launcher.AppsPageDelegate: updateItemToNewPosition = title : Lens, rank : 1, screenId : 2, user: UserHandle{0}, screenType: 0, pos: 1, screen: 2
07-10 00:39:44.210 29666 29666 I Launcher.AppsPageDelegate: updateItemToNewPosition = title : Moodle, rank : 15, screenId : 2, user: UserHandle{0}, screenType: 0, pos: 15, screen: 2
07-10 00:39:44.210 29666 29666 I Launcher.AppsPageDelegate: updateItemToNewPosition = title : Omnics, rank : 21, screenId : 2, user: UserHandle{0}, screenType: 0, pos: 21, screen: 2
07-10 00:39:44.210 29666 29666 I Launcher.AppsPageDelegate: updateItemToNewPosition = title : Moja mBanka, rank : 14, screenId : 2, user: UserHandle{0}, screenType: 0, pos: 14, screen: 2
07-10 00:39:44.210 29666 29666 I Launcher.AppsPageDelegate: updateItemToNewPosition = title : Meet (original), rank : 8, screenId : 2, user: UserHandle{0}, screenType: 0, pos: 8, screen: 2
07-10 00:39:44.210 29666 29666 I Launcher.AppsPageDelegate: updateItemToNewPosition = title : LinkedIn, rank : 2, screenId : 2, user: UserHandle{0}, screenType: 0, pos: 2, screen: 2
07-10 00:39:44.210 29666 29666 I Launcher.AppsPageDelegate: updateItemToNewPosition = title : Moovit, rank : 16, screenId : 2, user: UserHandle{0}, screenType: 0, pos: 16, screen: 2
07-10 00:39:44.210 29666 29666 I Launcher.AppsPageDelegate: updateItemToNewPosition = title : Notion, rank : 20, screenId : 2, user: UserHandle{0}, screenType: 0, pos: 20, screen: 2
07-10 00:39:44.210 29666 29666 I Launcher.AppsPageDelegate: updateItemToNewPosition = title : Moj Maxi, rank : 13, screenId : 2, user: UserHandle{0}, screenType: 0, pos: 13, screen: 2
07-10 00:39:44.210 29666 29666 I Launcher.AppsPageDelegate: updateItemToNewPosition = title : Music, rank : 17, screenId : 2, user: UserHandle{0}, screenType: 0, pos: 17, screen: 2
07-10 00:39:44.210 29666 29666 I Launcher.AppsPageDelegate: updateItemToNewPosition = title : MegaFonPRO, rank : 9, screenId : 2, user: UserHandle{0}, screenType: 0, pos: 9, screen: 2
07-10 00:39:44.210 29666 29666 I Launcher.AppsPageDelegate: updateItemToNewPosition = title : Kotlin playground, rank : 0, screenId : 2, user: UserHandle{0}, screenType: 0, pos: 0, screen: 2
07-10 00:39:44.210 29666 29666 I Launcher.AppsPageDelegate: updateItemToNewPosition = title : Play Store, rank : 3, screenId : 3, user: UserHandle{0}, screenType: 0, pos: 3, screen: 3
07-10 00:39:44.210 29666 29666 I Launcher.AppsPageDelegate: updateItemToNewPosition = title : Settings, rank : 16, screenId : 3, user: UserHandle{0}, screenType: 0, pos: 16, screen: 3
07-10 00:39:44.210 29666 29666 I Launcher.AppsPageDelegate: updateItemToNewPosition = title : Samsung Health, rank : 12, screenId : 3, user: UserHandle{0}, screenType: 0, pos: 12, screen: 3
07-10 00:39:44.211 29666 29666 I Launcher.AppsPageDelegate: updateItemToNewPosition = title : Samsung Members, rank : 13, screenId : 3, user: UserHandle{0}, screenType: 0, pos: 13, screen: 3
07-10 00:39:44.211 29666 29666 I Launcher.AppsPageDelegate: updateItemToNewPosition = title : Samsung Notes, rank : 14, screenId : 3, user: UserHandle{0}, screenType: 0, pos: 14, screen: 3
07-10 00:39:44.211 29666 29666 I Launcher.AppsPageDelegate: updateItemToNewPosition = title : Stepik, rank : 29, screenId : 3, user: UserHandle{0}, screenType: 0, pos: 29, screen: 3
07-10 00:39:44.211 29666 29666 I Launcher.AppsPageDelegate: updateItemToNewPosition = title : Sheets, rank : 18, screenId : 3, user: UserHandle{0}, screenType: 0, pos: 18, screen: 3
07-10 00:39:44.211 29666 29666 I Launcher.AppsPageDelegate: updateItemToNewPosition = title : QuickEdit, rank : 7, screenId : 3, user: UserHandle{0}, screenType: 0, pos: 7, screen: 3
07-10 00:39:44.211 29666 29666 I Launcher.AppsPageDelegate: updateItemToNewPosition = title : RAR, rank : 10, screenId : 3, user: UserHandle{0}, screenType: 0, pos: 10, screen: 3
07-10 00:39:44.211 29666 29666 I Launcher.AppsPageDelegate: updateItemToNewPosition = title : PhotoScan, rank : 0, screenId : 3, user: UserHandle{0}, screenType: 0, pos: 0, screen: 3
07-10 00:39:44.211 29666 29666 I Launcher.AppsPageDelegate: updateItemToNewPosition = title : Slides, rank : 21, screenId : 3, user: UserHandle{0}, screenType: 0, pos: 21, screen: 3
07-10 00:39:44.211 29666 29666 I Launcher.AppsPageDelegate: updateItemToNewPosition = title : Speedtest, rank : 25, screenId : 3, user: UserHandle{0}, screenType: 0, pos: 25, screen: 3
07-10 00:39:44.211 29666 29666 I Launcher.AppsPageDelegate: updateItemToNewPosition = title : Shazam, rank : 17, screenId : 3, user: UserHandle{0}, screenType: 0, pos: 17, screen: 3
07-10 00:39:44.211 29666 29666 I Launcher.AppsPageDelegate: updateItemToNewPosition = title : Pydroid 3, rank : 6, screenId : 3, user: UserHandle{0}, screenType: 0, pos: 6, screen: 3
07-10 00:39:44.211 29666 29666 I Launcher.AppsPageDelegate: updateItemToNewPosition = title : Slack, rank : 20, screenId : 3, user: UserHandle{0}, screenType: 0, pos: 20, screen: 3
07-10 00:39:44.211 29666 29666 I Launcher.AppsPageDelegate: updateItemToNewPosition = title : Skype, rank : 19, screenId : 3, user: UserHandle{0}, screenType: 0, pos: 19, screen: 3
07-10 00:39:44.211 29666 29666 I Launcher.AppsPageDelegate: updateItemToNewPosition = title : Play Music, rank : 2, screenId : 3, user: UserHandle{0}, screenType: 0, pos: 2, screen: 3
07-10 00:39:44.211 29666 29666 I Launcher.AppsPageDelegate: updateItemToNewPosition = title : Psiphon Pro, rank : 5, screenId : 3, user: UserHandle{0}, screenType: 0, pos: 5, screen: 3
07-10 00:39:44.211 29666 29666 I Launcher.AppsPageDelegate: updateItemToNewPosition = title : ScreenshotGo, rank : 15, screenId : 3, user: UserHandle{0}, screenType: 0, pos: 15, screen: 3
07-10 00:39:44.211 29666 29666 I Launcher.AppsPageDelegate: updateItemToNewPosition = title : Smart Tutor, rank : 22, screenId : 3, user: UserHandle{0}, screenType: 0, pos: 22, screen: 3
07-10 00:39:44.211 29666 29666 I Launcher.AppsPageDelegate: updateItemToNewPosition = title : RaiPay, rank : 9, screenId : 3, user: UserHandle{0}, screenType: 0, pos: 9, screen: 3
07-10 00:39:44.211 29666 29666 I Launcher.AppsPageDelegate: updateItemToNewPosition = title : Proton VPN, rank : 4, screenId : 3, user: UserHandle{0}, screenType: 0, pos: 4, screen: 3
07-10 00:39:44.211 29666 29666 I Launcher.AppsPageDelegate: updateItemToNewPosition = title : Quip, rank : 8, screenId : 3, user: UserHandle{0}, screenType: 0, pos: 8, screen: 3
07-10 00:39:44.211 29666 29666 I Launcher.AppsPageDelegate: updateItemToNewPosition = title : Splitwise, rank : 26, screenId : 3, user: UserHandle{0}, screenType: 0, pos: 26, screen: 3
07-10 00:39:44.211 29666 29666 I Launcher.AppsPageDelegate: updateItemToNewPosition = title : Space, rank : 23, screenId : 3, user: UserHandle{0}, screenType: 0, pos: 23, screen: 3
07-10 00:39:44.211 29666 29666 I Launcher.AppsPageDelegate: updateItemToNewPosition = title : Play Games, rank : 1, screenId : 3, user: UserHandle{0}, screenType: 0, pos: 1, screen: 3
07-10 00:39:44.211 29666 29666 I Launcher.AppsPageDelegate: updateItemToNewPosition = title : Reddit, rank : 11, screenId : 3, user: UserHandle{0}, screenType: 0, pos: 11, screen: 3
07-10 00:39:44.211 29666 29666 I Launcher.AppsPageDelegate: updateItemToNewPosition = title : SPACE, rank : 24, screenId : 3, user: UserHandle{0}, screenType: 0, pos: 24, screen: 3
07-10 00:39:44.212 29666 29666 I Launcher.AppsPageDelegate: updateItemToNewPosition = title : Srbija voz, rank : 27, screenId : 3, user: UserHandle{0}, screenType: 0, pos: 27, screen: 3
07-10 00:39:44.212 29666 29666 I Launcher.AppsPageDelegate: updateItemToNewPosition = title : Steam, rank : 28, screenId : 3, user: UserHandle{0}, screenType: 0, pos: 28, screen: 3
07-10 00:39:44.212 29666 29666 I Launcher.AppsPageDelegate: updateItemToNewPosition = title : Yandex Start, rank : 27, screenId : 4, user: UserHandle{0}, screenType: 0, pos: 27, screen: 4
07-10 00:39:44.212 29666 29666 I Launcher.AppsPageDelegate: updateItemToNewPosition = title : Voice Recorder, rank : 15, screenId : 4, user: UserHandle{0}, screenType: 0, pos: 15, screen: 4
07-10 00:39:44.212 29666 29666 I Launcher.AppsPageDelegate: updateItemToNewPosition = title : Tips, rank : 8, screenId : 4, user: UserHandle{0}, screenType: 0, pos: 8, screen: 4
07-10 00:39:44.212 29666 29666 I Launcher.AppsPageDelegate: updateItemToNewPosition = title : Telegram, rank : 3, screenId : 4, user: UserHandle{0}, screenType: 0, pos: 3, screen: 4
07-10 00:39:44.212 29666 29666 I Launcher.AppsPageDelegate: updateItemToNewPosition = title : WhatsApp, rank : 17, screenId : 4, user: UserHandle{0}, screenType: 0, pos: 17, screen: 4
07-10 00:39:44.212 29666 29666 I Launcher.AppsPageDelegate: updateItemToNewPosition = title : Translate, rank : 10, screenId : 4, user: UserHandle{0}, screenType: 0, pos: 10, screen: 4
07-10 00:39:44.212 29666 29666 I Launcher.AppsPageDelegate: updateItemToNewPosition = title : Tasks, rank : 0, screenId : 4, user: UserHandle{0}, screenType: 0, pos: 0, screen: 4
07-10 00:39:44.212 29666 29666 I Launcher.AppsPageDelegate: updateItemToNewPosition = title : Termux, rank : 5, screenId : 4, user: UserHandle{0}, screenType: 0, pos: 5, screen: 4
07-10 00:39:44.212 29666 29666 I Launcher.AppsPageDelegate: updateItemToNewPosition = title : Word, rank : 21, screenId : 4, user: UserHandle{0}, screenType: 0, pos: 21, screen: 4
07-10 00:39:44.212 29666 29666 I Launcher.AppsPageDelegate: updateItemToNewPosition = title : YandexDisk, rank : 24, screenId : 4, user: UserHandle{0}, screenType: 0, pos: 24, screen: 4
07-10 00:39:44.212 29666 29666 I Launcher.AppsPageDelegate: updateItemToNewPosition = title : Yandex Navi, rank : 26, screenId : 4, user: UserHandle{0}, screenType: 0, pos: 26, screen: 4
07-10 00:39:44.212 29666 29666 I Launcher.AppsPageDelegate: updateItemToNewPosition = title : Wolfram Alpha, rank : 19, screenId : 4, user: UserHandle{0}, screenType: 0, pos: 19, screen: 4
07-10 00:39:44.212 29666 29666 I Launcher.AppsPageDelegate: updateItemToNewPosition = title : Translate, rank : 11, screenId : 4, user: UserHandle{0}, screenType: 0, pos: 11, screen: 4
07-10 00:39:44.212 29666 29666 I Launcher.AppsPageDelegate: updateItemToNewPosition = title : Termux Tutorial, rank : 6, screenId : 4, user: UserHandle{0}, screenType: 0, pos: 6, screen: 4
07-10 00:39:44.212 29666 29666 I Launcher.AppsPageDelegate: updateItemToNewPosition = title : Y.Weather, rank : 23, screenId : 4, user: UserHandle{0}, screenType: 0, pos: 23, screen: 4
07-10 00:39:44.212 29666 29666 I Launcher.AppsPageDelegate: updateItemToNewPosition = title : YandexGo, rank : 28, screenId : 4, user: UserHandle{0}, screenType: 0, pos: 28, screen: 4
07-10 00:39:44.212 29666 29666 I Launcher.AppsPageDelegate: updateItemToNewPosition = title : Twitch, rank : 12, screenId : 4, user: UserHandle{0}, screenType: 0, pos: 12, screen: 4
07-10 00:39:44.212 29666 29666 I Launcher.AppsPageDelegate: updateItemToNewPosition = title : Yandex Metro, rank : 25, screenId : 4, user: UserHandle{0}, screenType: 0, pos: 25, screen: 4
07-10 00:39:44.212 29666 29666 I Launcher.AppsPageDelegate: updateItemToNewPosition = title : Wallet, rank : 16, screenId : 4, user: UserHandle{0}, screenType: 0, pos: 16, screen: 4
07-10 00:39:44.212 29666 29666 I Launcher.AppsPageDelegate: updateItemToNewPosition = title : Yettel, rank : 29, screenId : 4, user: UserHandle{0}, screenType: 0, pos: 29, screen: 4
07-10 00:39:44.212 29666 29666 I Launcher.AppsPageDelegate: updateItemToNewPosition = title : Wolt, rank : 20, screenId : 4, user: UserHandle{0}, screenType: 0, pos: 20, screen: 4
07-10 00:39:44.212 29666 29666 I Launcher.AppsPageDelegate: updateItemToNewPosition = title : Teams, rank : 2, screenId : 4, user: UserHandle{0}, screenType: 0, pos: 2, screen: 4
07-10 00:39:44.212 29666 29666 I Launcher.AppsPageDelegate: updateItemToNewPosition = title : WiFiAnalyzer, rank : 18, screenId : 4, user: UserHandle{0}, screenType: 0, pos: 18, screen: 4
07-10 00:39:44.212 29666 29666 I Launcher.AppsPageDelegate: updateItemToNewPosition = title : To Do, rank : 9, screenId : 4, user: UserHandle{0}, screenType: 0, pos: 9, screen: 4
07-10 00:39:44.213 29666 29666 I Launcher.AppsPageDelegate: updateItemToNewPosition = title : Tinkoff, rank : 7, screenId : 4, user: UserHandle{0}, screenType: 0, pos: 7, screen: 4
07-10 00:39:44.213 29666 29666 I Launcher.AppsPageDelegate: updateItemToNewPosition = title : Twitter, rank : 13, screenId : 4, user: UserHandle{0}, screenType: 0, pos: 13, screen: 4
07-10 00:39:44.213 29666 29666 I Launcher.AppsPageDelegate: updateItemToNewPosition = title : Telemost, rank : 4, screenId : 4, user: UserHandle{0}, screenType: 0, pos: 4, screen: 4
07-10 00:39:44.213 29666 29666 I Launcher.AppsPageDelegate: updateItemToNewPosition = title : Xiaomi Home, rank : 22, screenId : 4, user: UserHandle{0}, screenType: 0, pos: 22, screen: 4
07-10 00:39:44.213 29666 29666 I Launcher.AppsPageDelegate: updateItemToNewPosition = title : TeamCityApp, rank : 1, screenId : 4, user: UserHandle{0}, screenType: 0, pos: 1, screen: 4
07-10 00:39:44.213 29666 29666 I Launcher.AppsPageDelegate: updateItemToNewPosition = title : Urban VPN, rank : 14, screenId : 4, user: UserHandle{0}, screenType: 0, pos: 14, screen: 4
07-10 00:39:44.213 29666 29666 I Launcher.AppsPageDelegate: updateItemToNewPosition = title : , rank : 6, screenId : 5, user: UserHandle{0}, screenType: 0, pos: 6, screen: 5
07-10 00:39:44.213 29666 29666 I Launcher.AppsPageDelegate: updateItemToNewPosition = title :  , rank : 12, screenId : 5, user: UserHandle{0}, screenType: 0, pos: 12, screen: 5
07-10 00:39:44.213 29666 29666 I Launcher.AppsPageDelegate: updateItemToNewPosition = title : , rank : 7, screenId : 5, user: UserHandle{0}, screenType: 0, pos: 7, screen: 5
07-10 00:39:44.213 29666 29666 I Launcher.AppsPageDelegate: updateItemToNewPosition = title : , rank : 10, screenId : 5, user: UserHandle{0}, screenType: 0, pos: 10, screen: 5
07-10 00:39:44.213 29666 29666 I Launcher.AppsPageDelegate: updateItemToNewPosition = title : , rank : 2, screenId : 5, user: UserHandle{0}, screenType: 0, pos: 2, screen: 5
07-10 00:39:44.213 29666 29666 I Launcher.AppsPageDelegate: updateItemToNewPosition = title :  Tele2, rank : 8, screenId : 5, user: UserHandle{0}, screenType: 0, pos: 8, screen: 5
07-10 00:39:44.213 29666 29666 I Launcher.AppsPageDelegate: updateItemToNewPosition = title : , rank : 4, screenId : 5, user: UserHandle{0}, screenType: 0, pos: 4, screen: 5
07-10 00:39:44.213 29666 29666 I Launcher.AppsPageDelegate: updateItemToNewPosition = title :  , rank : 9, screenId : 5, user: UserHandle{0}, screenType: 0, pos: 9, screen: 5
07-10 00:39:44.213 29666 29666 I Launcher.AppsPageDelegate: updateItemToNewPosition = title : Zoom, rank : 1, screenId : 5, user: UserHandle{0}, screenType: 0, pos: 1, screen: 5
07-10 00:39:44.213 29666 29666 I Launcher.AppsPageDelegate: updateItemToNewPosition = title : , rank : 3, screenId : 5, user: UserHandle{0}, screenType: 0, pos: 3, screen: 5
07-10 00:39:44.213 29666 29666 I Launcher.AppsPageDelegate: updateItemToNewPosition = title : YouTrack, rank : 0, screenId : 5, user: UserHandle{0}, screenType: 0, pos: 0, screen: 5
07-10 00:39:44.213 29666 29666 I Launcher.AppsPageDelegate: updateItemToNewPosition = title : ., rank : 5, screenId : 5, user: UserHandle{0}, screenType: 0, pos: 5, screen: 5
07-10 00:39:44.213 29666 29666 I Launcher.AppsPageDelegate: updateItemToNewPosition = title :  , rank : 11, screenId : 5, user: UserHandle{0}, screenType: 0, pos: 11, screen: 5
07-10 00:39:44.213 29666 29666 I Launcher.AppsPageDelegate: rearrangeChildren took : 6
07-10 00:39:44.216 11542 11663 I AppMetrica-Attribution: Choosing distribution data: ClidsInfo(chosen=Candidate(clids={clid24=2305182, clid1=2207450, clid1010=2295103, clid2023=2395783, clid1003=2207452, clid1004=2207453, clid1002=2207451}, source=APP), candidates=[Candidate(clids={clid24=2305182, clid1=2207450, clid1010=2295103, clid2023=2395783, clid1003=2207452, clid1004=2207453, clid1002=2207451}, source=APP)])
07-10 00:39:44.219 29666 29666 I Launcher.AppsPagedView: setLayout(), l: 38, r: 38, b: 104, spacing: 39
07-10 00:39:44.224 29666 29666 I Launcher.AppsPagedView: setLayout(), l: 38, r: 38, b: 104, spacing: 39
07-10 00:39:44.227 29666 29666 I Launcher.AppsPagedView: setLayout(), l: 38, r: 38, b: 104, spacing: 39
07-10 00:39:44.230 29666 29666 I Launcher.AppsPagedView: setLayout(), l: 38, r: 38, b: 104, spacing: 39
07-10 00:39:44.233 29666 29666 I Launcher.AppsPagedView: setLayout(), l: 38, r: 38, b: 104, spacing: 39
07-10 00:39:44.235 29666 29666 I Launcher.AppsPagedView: setLayout(), l: 38, r: 38, b: 104, spacing: 39
07-10 00:39:44.244 11822 11822 V GraphicsEnvironment: ANGLE Developer option for 'ru.yandex.searchplugin' set to: 'default'
07-10 00:39:44.244  5353  6074 V APM_AudioPolicyManager: setAppState(portId:1005, state:1)
07-10 00:39:44.253  5674  5743 I libprocessgroup: Successfully killed process cgroup uid 1000 pid 9917 in 5ms
07-10 00:39:44.259 11822 11822 V GraphicsEnvironment: ANGLE GameManagerService for ru.yandex.searchplugin: false
07-10 00:39:44.260 11822 11822 V GraphicsEnvironment: Neither updatable production driver nor prerelease driver is supported.
07-10 00:39:44.266  5674  6067 W SearchableInfo: Invalid searchable metadata for com.samsung.android.messaging/.ui.view.recipientspicker.PickerActivity: Search label must be a resource reference.
07-10 00:39:44.316 11822 11822 D NetworkSecurityConfig: Using Network Security Config from resource network_security_config_mobileyandex debugBuild: false
07-10 00:39:44.335 16924 16924 D BoundBrokerSvc: onBind: Intent { act=com.google.android.gms.common.telemetry.service.START dat=chimera-action:/... cmp=com.google.android.gms/.chimera.PersistentApiService }
07-10 00:39:44.335 16924 16924 D BoundBrokerSvc: Loading bound service for intent: Intent { act=com.google.android.gms.common.telemetry.service.START dat=chimera-action:/... cmp=com.google.android.gms/.chimera.PersistentApiService }
07-10 00:39:44.340  5287  5287 I Zygote  : Process 9917 exited due to signal 9 (Killed)
07-10 00:39:44.367  5353  6074 V APM_AudioPolicyManager: setAppState(portId:1005, state:1)
07-10 00:39:44.370 29666 31308 I LauncherProvider: External provider call by package : com.samsung.android.app.galaxyfinder  for method : get_home_mode
07-10 00:39:44.370 29666 31308 I ExternalMethodFactory: get_home_mode
07-10 00:39:44.372  5674  5743 I libprocessgroup: Successfully killed process cgroup uid 10111 pid 10198 in 0ms
07-10 00:39:44.372  5313 11722 I HYPER-HAL: [RequestManager.cpp]releaseLocked(): Released ID : 16196603
07-10 00:39:44.382 11611 11727 I BLASTBufferQueue: [ViewRootImpl@350961d[IsolationActivity]#0](f:0,a:0) onFrameAvailable the first frame is available
07-10 00:39:44.383 11611 11727 I ViewRootImpl@350961d[IsolationActivity]: Received frameCommittedCallback lastAttemptedDrawFrameNum=1 didProduceBuffer=true
07-10 00:39:44.385 11611 11727 D OpenGLRenderer: CFMS:: SetUp Pid : 11611    Tid : 11727
07-10 00:39:44.392 11611 11611 I ViewRootImpl@350961d[IsolationActivity]: onSyncComplete
07-10 00:39:44.393 11611 11611 I ViewRootImpl@350961d[IsolationActivity]: setupSync seqId=0 mSyncId=0 fn=1 caller=android.view.ViewRootImpl$$ExternalSyntheticLambda11.accept:6 android.window.SurfaceSyncer.lambda$setupSync$1$android-window-SurfaceSyncer:128 android.window.SurfaceSyncer$$ExternalSyntheticLambda1.accept:8 android.window.SurfaceSyncer$SyncSet.checkIfSyncIsComplete:382 android.window.SurfaceSyncer$SyncSet.markSyncReady:359 android.window.SurfaceSyncer.markSyncReady:151 android.view.ViewRootImpl.performTraversals:4503
07-10 00:39:44.393 11611 11611 I ViewRootImpl@350961d[IsolationActivity]: reportDrawFinished seqId=0 mSyncId=-1 fn=1 mSurfaceChangedTransaction=0x7b93e97000
07-10 00:39:44.394 11611 11611 I Choreographer: Skipped 46 frames!  The application may be doing too much work on its main thread.
07-10 00:39:44.395 11611 11611 D InsetsController: onStateChanged: InsetsState: {mDisplayFrame=Rect(0, 0 - 1080, 2400), mDisplayCutout=DisplayCutout{insets=Rect(0, 88 - 0, 0) waterfall=Insets{left=0, top=0, right=0, bottom=0} boundingRect={Bounds=[Rect(0, 0 - 0, 0), Rect(512, 0 - 568, 88), Rect(0, 0 - 0, 0), Rect(0, 0 - 0, 0)]} cutoutPathParserInfo={CutoutPathParserInfo{displayWidth=1080 displayHeight=2400 physicalDisplayWidth=1080 physicalDisplayHeight=2400 density={2.625} cutoutSpec={M 0,0 M 0,12.25101276465640 a 10.60613009248640,10.60613009248640 0 1,0 0,21.21226018497290 a 10.60613009248640,10.60613009248640 0 1,0 0,-21.21226018497290 Z @dp} rotation={0} scale={1.0} physicalPixelDisplaySizeRatio={1.0}}}}, mRoundedCorners=RoundedCorners{[RoundedCorner{position=TopLeft, radius=84, center=Point(84, 84)}, RoundedCorner{position=TopRight, radius=84, center=Point(996, 84)}, RoundedCorner{position=BottomRight, radius=84, center=Point(996, 2316)}, RoundedCorner{position=BottomLeft, radius=84, center=Point(84, 2316)}]}  mRoundedCornerFrame=Rect(0, 0 - 1080, 2400), mPrivacyIndicatorBounds=PrivacyIndicatorBounds {static bounds=Rect(964, 0 - 1080, 88) rotation=0}, mSources= { InsetsSource: {mType=ITYPE_STATUS_BAR, mFrame=[0,0][1080,88], mVisible=true, mInsetsRoundedCornerFrame=false}, InsetsSource: {mType=ITYPE_NAVIGATION_BAR, mFrame=[0,2274][1080,2400], mVisible=true, mInsetsRoundedCornerFrame=false}, InsetsSource: {mType=ITYPE_LEFT_GESTURES, mFrame=[0,0][0,2400], mVisible=true, mInsetsRoundedCornerFrame=false}, InsetsSource: {mType=ITYPE_RIGHT_GESTURES, mFrame=[1080,0][1080,2400], mVisible=true, mInsetsRoundedCornerFrame=false}, InsetsSource: {mType=ITYPE_TOP_MANDATORY_GESTURES, mFrame=[0,0][1080,120], mVisible=true, mInsetsRoundedCornerFrame=false}, InsetsSource: {mType=ITYPE_BOTTOM_MANDATORY_GESTURES, mFrame=[0,2274][1080,2400], mVisible=true, mInsetsRoundedCornerFrame=false}, InsetsSource: {mType=ITYPE_LEFT_DISPLAY_CUTOUT, mFrame=[0,0][-100000,2400], mVisible=true, mInsetsRoundedCornerFrame=false}, InsetsSource: {mType=ITYPE_TOP_DISPLAY_CUTOUT, mFrame=[0,0][1080,88], mVisible=true, mInsetsRoundedCornerFrame=false}, InsetsSource: {mType=ITYPE_RIGHT_DISPLAY_CUTOUT, mFrame=[100000,0][1080,2400], mVisible=true, mInsetsRoundedCornerFrame=false}, InsetsSource: {mType=ITYPE_BOTTOM_DISPLAY_CUTOUT, mFrame=[0,100000][1080,2400], mVisible=true, mInsetsRoundedCornerFrame=false}, InsetsSource: {mType=ITYPE_TOP_TAPPABLE_ELEMENT, mFrame=[0,0][1080,88], mVisible=true, mInsetsRoundedCornerFrame=false}, InsetsSource: {mType=ITYPE_BOTTOM_TAPPABLE_ELEMENT, mFrame=[0,2274][1080,2400], mVisible=true, mInsetsRoundedCornerFrame=false} } host=org.jetbrains.android_benchmark.test/androidx.benchmark.IsolationActivity from=android.view.ViewRootImpl$ViewRootHandler.handleMessageImpl:6740
07-10 00:39:44.395 11887 11887 I Process : Sending signal. PID: 11887 SIG: 9
07-10 00:39:44.404 11611 11611 D InsetsController: controlAnimationUnchecked: Added types=1 animType=1 host=org.jetbrains.android_benchmark.test/androidx.benchmark.IsolationActivity from=android.view.InsetsController.applyAnimation:1576 android.view.InsetsController.applyAnimation:1557 android.view.InsetsController.onControlsChanged:995
07-10 00:39:44.405 11611 11611 D InsetsController: onStateChanged: InsetsState: {mDisplayFrame=Rect(0, 0 - 1080, 2400), mDisplayCutout=DisplayCutout{insets=Rect(0, 88 - 0, 0) waterfall=Insets{left=0, top=0, right=0, bottom=0} boundingRect={Bounds=[Rect(0, 0 - 0, 0), Rect(512, 0 - 568, 88), Rect(0, 0 - 0, 0), Rect(0, 0 - 0, 0)]} cutoutPathParserInfo={CutoutPathParserInfo{displayWidth=1080 displayHeight=2400 physicalDisplayWidth=1080 physicalDisplayHeight=2400 density={2.625} cutoutSpec={M 0,0 M 0,12.25101276465640 a 10.60613009248640,10.60613009248640 0 1,0 0,21.21226018497290 a 10.60613009248640,10.60613009248640 0 1,0 0,-21.21226018497290 Z @dp} rotation={0} scale={1.0} physicalPixelDisplaySizeRatio={1.0}}}}, mRoundedCorners=RoundedCorners{[RoundedCorner{position=TopLeft, radius=84, center=Point(84, 84)}, RoundedCorner{position=TopRight, radius=84, center=Point(996, 84)}, RoundedCorner{position=BottomRight, radius=84, center=Point(996, 2316)}, RoundedCorner{position=BottomLeft, radius=84, center=Point(84, 2316)}]}  mRoundedCornerFrame=Rect(0, 0 - 1080, 2400), mPrivacyIndicatorBounds=PrivacyIndicatorBounds {static bounds=Rect(964, 0 - 1080, 88) rotation=0}, mSources= { InsetsSource: {mType=ITYPE_STATUS_BAR, mFrame=[0,0][1080,88], mVisible=false, mInsetsRoundedCornerFrame=false}, InsetsSource: {mType=ITYPE_NAVIGATION_BAR, mFrame=[0,2274][1080,2400], mVisible=true, mInsetsRoundedCornerFrame=false}, InsetsSource: {mType=ITYPE_LEFT_GESTURES, mFrame=[0,0][0,2400], mVisible=true, mInsetsRoundedCornerFrame=false}, InsetsSource: {mType=ITYPE_RIGHT_GESTURES, mFrame=[1080,0][1080,2400], mVisible=true, mInsetsRoundedCornerFrame=false}, InsetsSource: {mType=ITYPE_TOP_MANDATORY_GESTURES, mFrame=[0,0][1080,120], mVisible=true, mInsetsRoundedCornerFrame=false}, InsetsSource: {mType=ITYPE_BOTTOM_MANDATORY_GESTURES, mFrame=[0,2274][1080,2400], mVisible=true, mInsetsRoundedCornerFrame=false}, InsetsSource: {mType=ITYPE_LEFT_DISPLAY_CUTOUT, mFrame=[0,0][-100000,2400], mVisible=true, mInsetsRoundedCornerFrame=false}, InsetsSource: {mType=ITYPE_TOP_DISPLAY_CUTOUT, mFrame=[0,0][1080,88], mVisible=true, mInsetsRoundedCornerFrame=false}, InsetsSource: {mType=ITYPE_RIGHT_DISPLAY_CUTOUT, mFrame=[100000,0][1080,2400], mVisible=true, mInsetsRoundedCornerFrame=false}, InsetsSource: {mType=ITYPE_BOTTOM_DISPLAY_CUTOUT, mFrame=[0,100000][1080,2400], mVisible=true, mInsetsRoundedCornerFrame=false}, InsetsSource: {mType=ITYPE_TOP_TAPPABLE_ELEMENT, mFrame=[0,0][1080,88], mVisible=true, mInsetsRoundedCornerFrame=false}, InsetsSource: {mType=ITYPE_BOTTOM_TAPPABLE_ELEMENT, mFrame=[0,2274][1080,2400], mVisible=true, mInsetsRoundedCornerFrame=false} } host=org.jetbrains.android_benchmark.test/androidx.benchmark.IsolationActivity from=android.view.ViewRootImpl$ViewRootHandler.handleMessageImpl:6727
07-10 00:39:44.405 11611 11611 I ViewRootImpl@350961d[IsolationActivity]: handleResized, msg = 5 frames=ClientWindowFrames{frame=[0,88][1080,2400] display=[0,88][1080,2400] parentFrame=[0,0][0,0] parentClippedByDisplayCutout=false} forceNextWindowRelayout=false displayId=0 resizeMode=-1 frameChanged=false displayFrameChanged=false configChanged=false displayChanged=false
07-10 00:39:44.405 11611 11611 I ViewRootImpl@350961d[IsolationActivity]: handleResized mSyncSeqId = 0
07-10 00:39:44.405 11611 11611 I ViewRootImpl@350961d[IsolationActivity]: reportNextDraw android.view.ViewRootImpl.handleResized:2450 android.view.ViewRootImpl.-$$Nest$mhandleResized:0 android.view.ViewRootImpl$ViewRootHandler.handleMessageImpl:6728 android.view.ViewRootImpl$ViewRootHandler.handleMessage:6697 android.os.Handler.dispatchMessage:106
07-10 00:39:44.407 11611 11710 I OpenGLRenderer: Davey! duration=902ms; Flags=1, FrameTimelineVsyncId=16904627, IntendedVsync=132632850470416, Vsync=132632867125108, InputEventId=0, HandleInputStart=132632877529287, AnimationStart=132632877535133, PerformTraversalsStart=132632877625133, DrawStart=132633051952133, FrameDeadline=132632867137082, FrameInterval=132632877486172, FrameStartTime=16654692, SyncQueued=132633053475979, SyncStart=132633053716479, IssueDrawCommandsStart=132633060648441, SwapBuffers=132633732278556, FrameCompleted=132633753534402, DequeueBufferDuration=98138115, QueueBufferDuration=1135961, GpuCompleted=132633752973825, SwapBuffersCompleted=132633753534402, DisplayPresentTime=0, CommandSubmissionCompleted=132633732278556,
07-10 00:39:44.414 11611 11611 I ViewRootImpl@350961d[IsolationActivity]: Setup new sync id=1
07-10 00:39:44.414 11611 11611 I ViewRootImpl@350961d[IsolationActivity]: Setting syncFrameCallback
07-10 00:39:44.414 11611 11611 I ViewRootImpl@350961d[IsolationActivity]: registerCallbacksForSync syncBuffer=false
07-10 00:39:44.415 11611 11889 I ViewRootImpl@350961d[IsolationActivity]: Received frameDrawingCallback syncResult=0 frameNum=2.
07-10 00:39:44.415 11611 11889 I ViewRootImpl@350961d[IsolationActivity]: Setting up sync and frameCommitCallback
07-10 00:39:44.416 11611 11727 I ViewRootImpl@350961d[IsolationActivity]: Received frameCommittedCallback lastAttemptedDrawFrameNum=2 didProduceBuffer=false
07-10 00:39:44.428 11822 11822 D NetworkSecurityConfig: Using Network Security Config from resource network_security_config_mobileyandex debugBuild: false
07-10 00:39:44.434 11611 11727 I BLASTBufferQueue: syncNextTransaction, mName= ViewRootImpl@350961d[IsolationActivity] acquireSingleBuffer= true mNativeObject= 0x7b9f7fdc00 callback= null caller= android.graphics.BLASTBufferQueue.syncNextTransaction:147 android.view.ViewRootImpl$12.lambda$onFrameDraw$0$android-view-ViewRootImpl$12:13399 android.view.ViewRootImpl$12$$ExternalSyntheticLambda1.onFrameCommit:9 android.view.ThreadedRenderer$1.lambda$onFrameDraw$0:813 android.view.ThreadedRenderer$1$$ExternalSyntheticLambda0.onFrameCommit:2 <bottom of call stack>
07-10 00:39:44.434 11611 11727 I BLASTBufferQueue: [ViewRootImpl@350961d[IsolationActivity]#0](f:0,a:1) syncNextTransaction callback: 0, acquireSingleBuffer: 1, mTransactionReadyCallback: 0
07-10 00:39:44.435 11611 11727 I BLASTBufferQueue: gatherPendingTransactions, mName= ViewRootImpl@350961d[IsolationActivity] mNativeObject= 0x7b9f7fdc00 frameNumber= 2 caller= android.view.ViewRootImpl$12.lambda$onFrameDraw$0$android-view-ViewRootImpl$12:13406 android.view.ViewRootImpl$12$$ExternalSyntheticLambda1.onFrameCommit:9 android.view.ThreadedRenderer$1.lambda$onFrameDraw$0:813 android.view.ThreadedRenderer$1$$ExternalSyntheticLambda0.onFrameCommit:2 <bottom of call stack> <bottom of call stack>
07-10 00:39:44.435 11611 11611 I ViewRootImpl@350961d[IsolationActivity]: onSyncComplete
07-10 00:39:44.436 11611 11611 I ViewRootImpl@350961d[IsolationActivity]: setupSync seqId=0 mSyncId=1 fn=2 caller=android.view.ViewRootImpl$$ExternalSyntheticLambda11.accept:6 android.window.SurfaceSyncer.lambda$setupSync$1$android-window-SurfaceSyncer:128 android.window.SurfaceSyncer$$ExternalSyntheticLambda1.accept:8 android.window.SurfaceSyncer$SyncSet.checkIfSyncIsComplete:382 android.window.SurfaceSyncer$SyncSet.markSyncReady:359 android.window.SurfaceSyncer.markSyncReady:151 android.view.ViewRootImpl.performTraversals:4503
07-10 00:39:44.436 11611 11611 I ViewRootImpl@350961d[IsolationActivity]: reportDrawFinished seqId=0 mSyncId=-1 fn=2 mSurfaceChangedTransaction=0x7b93e97000
07-10 00:39:44.441  5674  5726 I SemDvfsHyPerManager: acquire hyper - AMS_RESUME_TAIL/5674@18, type = -999
07-10 00:39:44.441  5674  5726 I SemDvfsHyPerManager: acquire hyper - AMS_ACT_LAZY/5674@19, type = -999
07-10 00:39:44.442  5313  5394 I HYPER-HAL: [RequestManager.cpp]acquire(): Acquired ID : 16202296  [5674 / 18]    HINT : AMS_RESUME_TAIL    list :
07-10 00:39:44.445  5313  5394 I HYPER-HAL: [RequestManager.cpp]releaseLocked(): Released ID : 16230776
07-10 00:39:44.447  5362  5362 I Layer   : Layer [org.jetbrains.android_benchmark.test/androidx.benchmark.IsolationActivity$_11611#10182] hidden!! flag(0)
07-10 00:39:44.452  5674  8108 D InputDispatcher: Focus entered window (0): bf13091 org.jetbrains.android_benchmark.test/androidx.benchmark.IsolationActivity
07-10 00:39:44.454 11611 11611 I ViewRootImpl@350961d[IsolationActivity]: MSG_WINDOW_FOCUS_CHANGED 1 0
07-10 00:39:44.454 11611 11611 I ViewRootImpl@350961d[IsolationActivity]: mThreadedRenderer.initializeIfNeeded()#2 mSurface={isValid=true 0x7b940c7800}
07-10 00:39:44.455  5262  5262 E audit   : type=1400 audit(1688942384.453:69285): avc:  denied  { read } for  pid=3799 comm="binder:3799_2" name="u:object_r:perf_prop:s0" dev="tmpfs" ino=10663 scontext=u:r:platform_app:s0:c512,c768 tcontext=u:object_r:perf_prop:s0 tclass=file permissive=0 SEPF_SM-A515F_13_0001 audit_filtered
07-10 00:39:44.455  5262  5262 E audit   : type=1300 audit(1688942384.453:69285): arch=c00000b7 syscall=56 success=no exit=-13 a0=ffffff9c a1=7b7d3592f8 a2=88000 a3=0 items=0 ppid=5287 pid=3799 auid=4294967295 uid=10071 gid=10071 euid=10071 suid=10071 fsuid=10071 egid=10071 sgid=10071 fsgid=10071 tty=(none) ses=4294967295 comm="binder:3799_2" exe="/system/bin/app_process64" subj=u:r:platform_app:s0:c512,c768 key=(null)
07-10 00:39:44.455  3799  3812 W libc    : Access denied finding property "sys.perf.boostopt"
07-10 00:39:44.456  5362  5362 D SurfaceFlinger: Display 0 HWC layers:
07-10 00:39:44.456  5362  5362 D SurfaceFlinger:      DEVICE | 0x789aea8340 | 0102 | RGBA_8888    |    0.0    0.0 1080.0 2312.0 |    0   88 1080 2400 | org.jetbrains.android_benchmark.test[...]hmark.IsolationActivity$_11611#10182
07-10 00:39:44.456  5362  5362 D SurfaceFlinger:      DEVICE | 0x789aea7e40 | 0100 | RGBA_8888    |    0.0    0.0 1080.0 2400.0 |    0    0 1080 2400 | Splash Screen org.jetbrains.android_benchmark.test$_6461#10177
07-10 00:39:44.456  5362  5362 D SurfaceFlinger:      DEVICE | 0x7864af38c0 | 0100 | RGBA_8888    |    0.0    1.0 1080.0   88.0 |    0    0 1080   87 | StatusBar$_6461#98
07-10 00:39:44.456  5362  5362 D SurfaceFlinger:      DEVICE | 0x787563ad40 | 0100 | RGBA_8888    |    0.0    0.0 1080.0  126.0 |    0 2274 1080 2400 | NavigationBar0$_6461#92
07-10 00:39:44.456  5362  5362 D SurfaceFlinger:      DEVICE | 0x7864af4b80 | 0140 | RGBA_8888    |    0.0    0.0 1080.0  100.0 |    0    0 1080  100 | ScreenDecorOverlay$_6461#105
07-10 00:39:44.456  5362  5362 D SurfaceFlinger:      DEVICE | 0x789aecad40 | 0140 | RGBA_8888    |    0.0    0.0 1080.0  100.0 |    0 2300 1080 2400 | ScreenDecorOverlayBottom$_6461#106
07-10 00:39:44.456  5362  5362 D SurfaceFlinger:
07-10 00:39:44.457  5262  5262 E audit   : type=1327 audit(1688942384.453:69285): proctitle="com.samsung.android.easysetup:IcControlService"
07-10 00:39:44.460 11611 11645 I UiAutomationShellCmd: Requesting permission: pm grant org.jetbrains.android_benchmark.test android.permission.WRITE_EXTERNAL_STORAGE
07-10 00:39:44.460 11611 11645 W UiAutomation: UiAutomation.grantRuntimePermission() is more robust and should be used instead of 'pm grant'
07-10 00:39:44.460 11611 11611 D InputMethodManager: startInputInner - Id : 0
07-10 00:39:44.462  5674  5722 I PkgPredictorService-SecIpmManagerServiceImpl: reportToNAP uid:10498 org.jetbrains.android_benchmark.test/androidx.benchmark.IsolationActivity thisTime:2306
07-10 00:39:44.463  5287  5287 I Zygote  : Process 9996 exited due to signal 9 (Killed)
07-10 00:39:44.463 11611 11611 I InputMethodManager: startInputInner - mService.startInputOrWindowGainedFocus
07-10 00:39:44.467  5362  5405 I SurfaceFlinger: id=10185 createSurf flag=24000, Surface(name=bf13091 org.jetbrains.android_benchmark.test/androidx.benchmark.IsolationActivity)/@0x7a11f44 - animation-leash of starting_reveal#10185
07-10 00:39:44.476 29666 29666 I ViewRootImpl@46483e6[LauncherActivity]: stopped(true) old = false
07-10 00:39:44.476 29666 29666 I ViewRootImpl@46483e6[LauncherActivity]: WindowStopped on com.sec.android.app.launcher/com.sec.android.app.launcher.activities.LauncherActivity set to true
07-10 00:39:44.483 29666 29666 I Launcher: !@Boot_DEBUG: Launcher.onStop()
07-10 00:39:44.483 29666 29666 I Launcher: !@Boot_EBS_D: Launcher.onStop()
07-10 00:39:44.484 29666 29666 I BaseActivity: removeActivityFlags, flags : 17
07-10 00:39:44.500 29666 29750 I IMM_LC  : hsifw() - flag : 0
07-10 00:39:44.500 29666 29750 I IMM_LC  : hsifw() - mService.hideSoftInput
07-10 00:39:44.503 29666 29666 W LauncherAppWidgetHost: setShouldListenFlag, mFlags:7 flag:start on:false isFront:false
07-10 00:39:44.509 10405 11286 I ProvidersCache: Provider returned no roots. Possibly naughty: com.microsoft.skydrive.content.StorageAccessProvider
07-10 00:39:44.515  5353 28296 V APM_AudioPolicyManager: setAppState(portId:1005, state:1)
07-10 00:39:44.524  5674  5745 W libprocessgroup: Failed to apply TimerSlackHigh process profile: No such file or directory
07-10 00:39:44.538  5674  6523 D InputMethodManagerService: mDesktopModeManager null!
07-10 00:39:44.538  5674  6523 V InputMethodManagerService: getDisplayIdOfInputMethodWindowToBeAdded: displayId=0
07-10 00:39:44.538  5287  5287 I Zygote  : Process 10198 exited due to signal 9 (Killed)
07-10 00:39:44.539  5674  6607 I AppWidgetServiceImpl: stopListening callbacks : null
07-10 00:39:44.541 29666 29666 W LauncherAppWidgetHost: stopListening, mFlags:2 isFront:false
07-10 00:39:44.541 29666 29666 W Launcher.NotificationListener: removeNotificationsChangedListener
07-10 00:39:44.541 29666 29666 I Launcher.NotificationListener: unregisterObserver, this is not notificationService!!
07-10 00:39:44.542  5353 28296 V APM_AudioPolicyManager: setAppState(portId:1005, state:1)
07-10 00:39:44.542  5353 28296 V APM_AudioPolicyManager: setAppState(portId:1005, state:1)
07-10 00:39:44.543  5353 28296 V APM_AudioPolicyManager: setAppState(portId:1005, state:1)
07-10 00:39:44.543  5353 28296 V APM_AudioPolicyManager: setAppState(portId:1005, state:1)
07-10 00:39:44.543  5353 28296 V APM_AudioPolicyManager: setAppState(portId:1005, state:1)
07-10 00:39:44.543  5674  6523 D InputTransport: Input channel constructed: 'ClientS', fd=1135
07-10 00:39:44.543  5674  6523 D InputTransport: Input channel constructed: 'ClientS', fd=1137
07-10 00:39:44.544 29666 29666 I BadgeCountUpdaterImpl: onNotificationsChangedDisConnected
07-10 00:39:44.546  5674  6523 D InputTransport: Input channel destroyed: 'ClientS', fd=1137
07-10 00:39:44.548  5674  5743 I libprocessgroup: Successfully killed process cgroup uid 10088 pid 9996 in 0ms
07-10 00:39:44.552  4273  4273 I [PASS][SDK]h: onServiceDisconnected
07-10 00:39:44.570 29666 29666 I DecorView: notifyKeepScreenOnChanged: keepScreenOn=false
07-10 00:39:44.591 29666 29752 I LiveIconUpdateEventHandler: cancelMinuteChangeAlarm
07-10 00:39:44.592 29666 29666 I MSHandlerLifeCycle: removeMultiSplitHandler: no exist. decor=DecorView@a49365f[LauncherActivity]
