07-10 01:00:00.372 29666 29751 I Launcher.NotificationListener: notificationIsValidForUI : com.twitter.android missingTitleAndText : false isGroupHeader : false
07-10 01:00:00.372 29666 29751 I Launcher.NotificationListener: notificationIsValidForUI : com.twitter.android missingTitleAndText : false isGroupHeader : false
07-10 01:00:00.372 29666 29751 I Launcher.NotificationListener: notificationIsValidForUI : mrigapps.andriod.breakfree.deux missingTitleAndText : true isGroupHeader : false
07-10 01:00:00.372 29666 29751 I Launcher.NotificationListener: notificationIsValidForUI : com.samsung.android.heartplugin missingTitleAndText : false isGroupHeader : false
07-10 01:00:00.372 29666 29751 I Launcher.NotificationListener: notificationIsValidForUI : ru.mail.mailapp missingTitleAndText : false isGroupHeader : true
07-10 01:00:00.373 29666 29751 I Launcher.NotificationListener: notificationIsValidForUI : ru.mail.mailapp missingTitleAndText : false isGroupHeader : false
07-10 01:00:00.373 29666 29751 I Launcher.NotificationListener: notificationIsValidForUI : ru.mail.mailapp missingTitleAndText : false isGroupHeader : false
07-10 01:00:00.373 29666 29751 I Launcher.NotificationListener: notificationIsValidForUI : ru.mail.mailapp missingTitleAndText : false isGroupHeader : false
07-10 01:00:00.373 29666 29751 I Launcher.NotificationListener: Full refresh isConnected : true active size : 14
07-10 01:00:00.374  6461  6461 D SystemUIAnalytics: sendEventLog , , zen_mode_from, byRule, zen_mode_byRuleApp, android
07-10 01:00:00.383  6461  7046 I vol.Events: writeEvent zen_mode_changed important_interruptions
07-10 01:00:00.404  5674  6070 D AS.AudioService: Master mono false
07-10 01:00:00.416 32326 32326 I Heart:WatchSettings: SettingsCompanion.putPolicy addOnSuccessListener, data item uri : wear://c8317ad1/w_module_sec_watch_setting/phone/dnd/policy
07-10 01:00:00.437  6461  7046 I vol.Events: writeEvent external_ringer_mode_changed silent
07-10 01:00:00.454  5353  5699 V APM_AudioPolicyManager: setAppState(portId:1005, state:1)
07-10 01:00:00.474  7284  7370 I RequestManager_FLP: onOpChanged, op=0 / packageName=com.samsung.android.app.watchmanager
07-10 01:00:00.477  5293 30815 V sec_audio_hw: sec_dev_set_parameters : g_effect_sound_balance_value=50
07-10 01:00:00.477  7284  7370 I RequestManager_FLP: onOpChanged, op=0 / packageName=com.samsung.android.heartplugin
07-10 01:00:00.479  5293 30815 D audio_hw_primary: device-adev_set_parameters: enter
07-10 01:00:00.484  5293 30815 D audio_hw_primary: device-adev_set_parameters: param (g_effect_sound_balance_value=50)
07-10 01:00:00.485  5674  6070 D AS.AudioService: Master balance 0.000000
07-10 01:00:00.490  5674  6070 D AS.AudioService: Master mono false
07-10 01:00:00.493  5293 30815 V sec_audio_hw: sec_dev_set_parameters : g_effect_sound_balance_value=50
07-10 01:00:00.493  5293 30815 D audio_hw_primary: device-adev_set_parameters: enter
07-10 01:00:00.493  5293 30815 D audio_hw_primary: device-adev_set_parameters: param (g_effect_sound_balance_value=50)
07-10 01:00:00.495  5674  6070 D AS.AudioService: Master balance 0.000000
07-10 01:00:00.498  5353  5543 V APM_AudioPolicyManager: setForceUse() usage 3, config 8, mPhoneState 0
07-10 01:00:00.498  5353  5543 W APM_AudioPolicyManager: setForceUse() usage 3, config 8 is already set
07-10 01:00:00.500  5353  5543 V APM_AudioPolicyManager: setForceUse() usage 3, config 8, mPhoneState 0
07-10 01:00:00.501  5353  5543 W APM_AudioPolicyManager: setForceUse() usage 3, config 8 is already set
07-10 01:00:00.501  6461 15656 D SamsungAnalytics605033: SendLog Result = 0
07-10 01:00:00.503  6461  6461 D SecVolume.SecVolumeStore: dispatch [ACTION_STATE_CHANGED] with [STATE_NO_DISPATCH]
07-10 01:00:00.513 32326 20005 I Heart:WatchSettings: SettingsWearableListenerService.uri  : wear://c8317ad1/w_module_sec_watch_setting/phone/dnd/policy
07-10 01:00:00.515 32326 20005 I Heart:WatchSettings: SettingsWearableListenerService.from : phone
07-10 01:00:00.516 32326 20004 I ReportDiagnosticMessageReceiver: onDataChanged : com.google.android.gms.wearable.DataEventBuffer@da991f3
07-10 01:00:00.516 32326 20004 I ReportDiagnosticMessageReceiver: uri  : wear://c8317ad1/w_module_sec_watch_setting/phone/dnd/policy
07-10 01:00:00.516 32326 20004 I ReportDiagnosticMessageReceiver: uri scheme : wear
07-10 01:00:00.517 32326 20004 I ReportDiagnosticMessageReceiver: uri host : c8317ad1
07-10 01:00:00.517 32326 20004 I ReportDiagnosticMessageReceiver: uri path : /w_module_sec_watch_setting/phone/dnd/policy
07-10 01:00:00.527  6461  6461 D BluetoothA2dp: getActiveDevice()
07-10 01:00:00.568  6461  6461 D SecVolume.SecVolumeStore:   > New State : [STATE_UPDATE]
07-10 01:00:00.581  6461  6461 D SecVolume.JSonLogger: applyVolumeRow 3:{"mBool":{"IMPORTANT":true,"ROUTED_TO_BLUETOOTH":false,"ICON_ENABLED":false,"VISIBILITY":true,"DYNAMIC":false,"ACTIVE_NOW":false,"SLIDER_ENABLED":true,"ICON_CLICKABLE":true,"MUTED":false},"mInt":{"REAL_LEVEL":500,"EAR_PROTECT_LEVEL":-1,"LEVEL_MAX":15,"LEVEL":500,"ORIGINAL_PRIORITY":5,"ICON_TYPE":3,"AUDIBLE_LEVEL":500,"LEVEL_MIN":0,"PRIORITY":0},"mLong":{},"mStreamType":3,"mString":{"NAME_RES":"com.android.systemui:string/volumepanel_media"}}
07-10 01:00:00.586  6461  6461 D SecVolume.SecVolumeStore: dispatch [ACTION_STATE_CHANGED] with [STATE_UPDATE]
07-10 01:00:00.587  6461  6461 D BluetoothA2dp: getActiveDevice()
07-10 01:00:00.597  6461  6461 D SecVolume.SecVolumeStore:   > New State : [STATE_UPDATE]
07-10 01:00:00.603  6461  6461 D SecVolume.JSonLogger: applyVolumeRow 3:{"mBool":{"IMPORTANT":true,"ROUTED_TO_BLUETOOTH":false,"ICON_ENABLED":false,"VISIBILITY":true,"DYNAMIC":false,"ACTIVE_NOW":false,"SLIDER_ENABLED":true,"ICON_CLICKABLE":true,"MUTED":false},"mInt":{"REAL_LEVEL":500,"EAR_PROTECT_LEVEL":-1,"LEVEL_MAX":15,"LEVEL":500,"ORIGINAL_PRIORITY":5,"ICON_TYPE":3,"AUDIBLE_LEVEL":500,"LEVEL_MIN":0,"PRIORITY":0},"mLong":{},"mStreamType":3,"mString":{"NAME_RES":"com.android.systemui:string/volumepanel_media"}}
07-10 01:00:00.605  6461  6461 D SecVolume.SecVolumeStore: dispatch [ACTION_STATE_CHANGED] with [STATE_UPDATE]
07-10 01:00:00.606  6461  6461 D BluetoothA2dp: getActiveDevice()
07-10 01:00:00.613  6461  6461 D SecVolume.SecVolumeStore:   > New State : [STATE_UPDATE]
07-10 01:00:00.615  6461  6461 D SecVolume.JSonLogger: applyVolumeRow 3:{"mBool":{"IMPORTANT":true,"ROUTED_TO_BLUETOOTH":false,"ICON_ENABLED":false,"VISIBILITY":true,"DYNAMIC":false,"ACTIVE_NOW":false,"SLIDER_ENABLED":true,"ICON_CLICKABLE":true,"MUTED":false},"mInt":{"REAL_LEVEL":500,"EAR_PROTECT_LEVEL":-1,"LEVEL_MAX":15,"LEVEL":500,"ORIGINAL_PRIORITY":5,"ICON_TYPE":3,"AUDIBLE_LEVEL":500,"LEVEL_MIN":0,"PRIORITY":0},"mLong":{},"mStreamType":3,"mString":{"NAME_RES":"com.android.systemui:string/volumepanel_media"}}
07-10 01:00:00.617  6461  6461 D SecVolume.SecVolumeStore: dispatch [ACTION_STATE_CHANGED] with [STATE_UPDATE]
07-10 01:00:00.617  6461  6461 D BluetoothA2dp: getActiveDevice()
07-10 01:00:00.623  6461  6461 D SecVolume.SecVolumeStore:   > New State : [STATE_UPDATE]
07-10 01:00:00.624  6461  6461 D SecVolume.JSonLogger: applyVolumeRow 3:{"mBool":{"IMPORTANT":true,"ROUTED_TO_BLUETOOTH":false,"ICON_ENABLED":false,"VISIBILITY":true,"DYNAMIC":false,"ACTIVE_NOW":false,"SLIDER_ENABLED":true,"ICON_CLICKABLE":true,"MUTED":false},"mInt":{"REAL_LEVEL":500,"EAR_PROTECT_LEVEL":-1,"LEVEL_MAX":15,"LEVEL":500,"ORIGINAL_PRIORITY":5,"ICON_TYPE":3,"AUDIBLE_LEVEL":500,"LEVEL_MIN":0,"PRIORITY":0},"mLong":{},"mStreamType":3,"mString":{"NAME_RES":"com.android.systemui:string/volumepanel_media"}}
07-10 01:00:00.624  6461  6461 D PhoneStatusBarPolicy: updateVolumeZen: NOTI_DND_ONGOING_ALERT
07-10 01:00:00.624  6461  6461 D PhoneStatusBarPolicy:  updateVolumeZenTW
07-10 01:00:00.624  6461  6461 D PhoneStatusBarPolicy: updateVolumeZenTW: NOTI_DND_ONGOING_ALERTNOTI_DND_ONGOING_ALERTNOTI_DND_ONGOING_ALERT
07-10 01:00:00.624  6461  6461 D PhoneStatusBarPolicy: zen:1
07-10 01:00:00.631  5674  9849 D ApplicationPolicy: isStatusBarNotificationAllowedAsUser: packageName = com.android.systemui,userId = 0
07-10 01:00:00.631  5674  9849 D ApplicationPolicy: isStatusBarNotificationAllowedAsUser: packageName = com.android.systemui,userId = -1
07-10 01:00:00.631  5674  9849 D ApplicationPolicy: isStatusBarNotificationAllowedAsUser: converting userId from USER_ALLto 0
07-10 01:00:00.841  5674  9849 W system_server: Long monitor contention with owner main (5674) at void com.android.server.notification.NotificationManagerService$PostNotificationRunnable.run()(NotificationManagerService.java:9057) waiters=0 in boolean com.android.server.notification.NotificationManagerService$NotificationListeners.isSystemListenerPackage(java.lang.String) for 210ms
07-10 01:00:00.843  6461  6461 D PhoneStatusBarPolicy: ZenNotifier
07-10 01:00:00.845  6461  6461 I PhoneStatusBarPolicy: updateZen- mVibrateVisible: false, mMuteVisible: false
07-10 01:00:00.853  6427  6427 I FreeformContainer: [SmartPopupViewService] onNotificationPosted: StatusBarNotification(pkg=com.android.systemui user=UserHandle{-1} id=2131233921 tag=noti_DoNotDisturb key=-1|com.android.systemui|2131233921|noti_DoNotDisturb|10054: Notification(channel=ZEN_ONGOING shortcut=null contentView=null vibrate=null sound=null defaults=0x0 flags=0x2 color=0x00000000 actions=1 vis=PUBLIC semFlags=0x0 semPriority=10 semMissedCount=0))
07-10 01:00:00.855 29666 29666 I Launcher.NotificationListener: onNotificationPosted : com.android.systemui number : 0
07-10 01:00:00.856 32306   557 I NotificationPipeline: Processing new notification: -1|com.android.systemui|2131233921|noti_DoNotDisturb|10054
07-10 01:00:00.857 32306   557 W Notification4Heart_NB: NotificationBridgeCallback.onNotificationPosted-Ignored package : [-1] com.android.systemui
07-10 01:00:00.860  6461  6461 D InterruptionStateProvider: Group alert behavior is suppressed but we want to alert bubble
07-10 01:00:00.861  6461  6461 D InterruptionStateProvider: Group alert behavior is suppressed but we want to alert bubble
07-10 01:00:00.861  6461  6461 D InterruptionStateProvider: Group alert behavior is suppressed but we want to alert bubble
07-10 01:00:00.861  6461  6461 D InterruptionStateProvider: Group alert behavior is suppressed but we want to alert bubble
07-10 01:00:00.861  6461  6461 D InterruptionStateProvider: Group alert behavior is suppressed but we want to alert bubble
07-10 01:00:00.865  6461  6461 D SecVolume.SecVolumeStore: dispatch [ACTION_STATE_CHANGED] with [STATE_UPDATE]
07-10 01:00:00.866  6461  6461 D BluetoothA2dp: getActiveDevice()
07-10 01:00:00.872  6461  6461 D SecVolume.SecVolumeStore:   > New State : [STATE_UPDATE]
07-10 01:00:00.877  6461  6461 D SecVolume.JSonLogger: applyVolumeRow 3:{"mBool":{"IMPORTANT":true,"ROUTED_TO_BLUETOOTH":false,"ICON_ENABLED":false,"VISIBILITY":true,"DYNAMIC":false,"ACTIVE_NOW":false,"SLIDER_ENABLED":true,"ICON_CLICKABLE":true,"MUTED":false},"mInt":{"REAL_LEVEL":500,"EAR_PROTECT_LEVEL":-1,"LEVEL_MAX":15,"LEVEL":500,"ORIGINAL_PRIORITY":5,"ICON_TYPE":3,"AUDIBLE_LEVEL":500,"LEVEL_MIN":0,"PRIORITY":0},"mLong":{},"mStreamType":3,"mString":{"NAME_RES":"com.android.systemui:string/volumepanel_media"}}
07-10 01:00:00.903  6461  6461 D BubblesManager: onEntryAdded : bubbleEntryAdded=false
07-10 01:00:00.911  6461  6461 D PluginAODManager: onNotificationInfoUpdated() 0
07-10 01:00:00.911  6461  6461 I AODNotificationManager: updateVisibleNotifications: 0
07-10 01:00:00.911  6461  6461 I a       : updateStatusBarNotifications: open
07-10 01:00:00.911  6461  6461 I a       : updateStatusBarNotifications: open
07-10 01:00:00.981  6461  6461 D PluginAODManager: onNotificationInfoUpdated() 0
07-10 01:00:00.981  6461  6461 I AODNotificationManager: updateVisibleNotifications: 0
07-10 01:00:00.981  6461  6461 I a       : updateStatusBarNotifications: open
07-10 01:00:00.981  6461  6461 I a       : updateStatusBarNotifications: open
07-10 01:00:01.073  6427  6427 I FreeformContainer: [SmartPopupViewService] onNotificationPosted: StatusBarNotification(pkg=com.android.systemui user=UserHandle{-1} id=2131233921 tag=noti_DoNotDisturb key=-1|com.android.systemui|2131233921|noti_DoNotDisturb|10054: Notification(channel=ZEN_ONGOING shortcut=null contentView=null vibrate=null sound=null defaults=0x0 flags=0x2 color=0x00000000 actions=1 vis=PUBLIC semFlags=0x0 semPriority=10 semMissedCount=0))
07-10 01:00:01.076  6461  6461 D BubblesManager: onEntryUpdated : shouldBubbleUp=false ,key=-1|com.android.systemui|2131233921|noti_DoNotDisturb|10054
07-10 01:00:01.077 29666 29666 I Launcher.NotificationListener: onNotificationPosted : com.android.systemui number : 0
07-10 01:00:01.078 32306   557 I NotificationPipeline: Processing new notification: -1|com.android.systemui|2131233921|noti_DoNotDisturb|10054
07-10 01:00:01.078 32306   557 W Notification4Heart_NB: NotificationBridgeCallback.onNotificationPosted-Ignored package : [-1] com.android.systemui
07-10 01:00:01.108  6461  6461 D PluginAODManager: onNotificationInfoUpdated() 0
07-10 01:00:01.108  6461  6461 I AODNotificationManager: updateVisibleNotifications: 0
07-10 01:00:01.108  6461  6461 I a       : updateStatusBarNotifications: open
07-10 01:00:01.108  6461  6461 I a       : updateStatusBarNotifications: open
07-10 01:00:01.274  6461  6461 D PluginInstanceManager: startListening
07-10 01:00:01.275  6461  6608 D PluginInstanceManager: queryAll com.android.systemui.action.PLUGIN_NOTIFICATION_MENU_ROW
07-10 01:00:01.277  6461  6608 D PluginInstanceManager: Found 0 plugins
07-10 01:00:01.321  6461  6461 I FaceWidgetPositionAlgorithm: getClockContainerHeight() supplier = 270, bottom margin = 0, real height = 333
07-10 01:00:01.322  6461  6461 I FaceWidgetPositionAlgorithm: getClockContainerHeight() supplier = 270, bottom margin = 63, real height = 333
07-10 01:00:01.322  6461  6461 I FaceWidgetPositionAlgorithm: getMediaContainerHeight() height = 0 container Visibility = 8, isValid = false, mIsDozing = false, fraction = 1.0, source = 0, target = 0
07-10 01:00:01.322  6461  6461 I FaceWidgetPositionAlgorithm: getMediaContainerHeight() supplier = 0
07-10 01:00:01.347  6461  6461 D PluginAODManager: onNotificationInfoUpdated() 0
07-10 01:00:01.347  6461  6461 I AODNotificationManager: updateVisibleNotifications: 0
07-10 01:00:01.347  6461  6461 I a       : updateStatusBarNotifications: open
07-10 01:00:01.347  6461  6461 I a       : updateStatusBarNotifications: open
07-10 01:00:01.512  5674  7726 D SemWifiUsabilityStatsMonitor: onWifiUsabilityStats - seqNum 21425, isSameBssidAndFreq true
07-10 01:00:01.515  5674  6128 I SemWifiLinkQualityMonitor: Link Qos Query: 0.046 ms / 175.500 Mbps (351 / 0.000 / 2.000)
07-10 01:00:01.515  6461  6461 D NetworkController.WifiSignalController: notifyListener: visible=true, connected=true, inetCondition=1, isDefault=true, wifiTestReported=true, receivedInetCondition=-1, hideDuringMobileSwitching=false
07-10 01:00:02.035  5353  5543 V APM_AudioPolicyManager: setAppState(portId:1005, state:1)
07-10 01:00:04.571  5674  7726 D SemWifiUsabilityStatsMonitor: onWifiUsabilityStats - seqNum 21426, isSameBssidAndFreq true
07-10 01:00:04.575  5674  6128 I SemWifiLinkQualityMonitor: Link Qos Query: 0.046 ms / 175.500 Mbps (351 / 0.000 / 2.000)
07-10 01:00:04.671  5674  9849 D PackageManager: setEnabledSetting : userId = 0 packageName = com.Slack cmp = androidx.work.impl.background.systemalarm.RescheduleReceiver newState = 1 callingPackage = 10329/com.Slack
07-10 01:00:04.672  5674  9849 D ApplicationPolicy: getApplicationStateEnabled : pkg = com.Slack userId : 0
07-10 01:00:04.674  5674  9849 D ApplicationPolicy: getApplicationComponentState : pkg = com.Slack userId : 0
07-10 01:00:04.696  5353  5543 V APM_AudioPolicyManager: setAppState(portId:1005, state:1)
07-10 01:00:04.697  5674  5745 W libprocessgroup: Failed to open /dev/blkio//cgroup.procs: No such file or directory
07-10 01:00:04.721 15049 15247 D ConnectivityManager: StackLog: [android.net.ConnectivityManager.sendRequestForNetwork(ConnectivityManager.java:4300)] [android.net.ConnectivityManager.registerDefaultNetworkCallbackForUid(ConnectivityManager.java:4864)] [android.net.ConnectivityManager.registerDefaultNetworkCallback(ConnectivityManager.java:4831)] [android.net.ConnectivityManager.registerDefaultNetworkCallback(ConnectivityManager.java:4805)] [androidx.work.impl.utils.NetworkApi24.registerDefaultNetworkCallbackCompat(Unknown Source:11)] [androidx.work.impl.constraints.trackers.NetworkStateTracker24.startTracking(Unknown Source:15)] [androidx.work.impl.constraints.controllers.ConstraintController.replace(Unknown Source:130)] [androidx.work.impl.constraints.WorkConstraintsTrackerImpl.replace(Unknown Source:41)] [androidx.work.impl.background.greedy.GreedyScheduler.schedule(Unknown Source:302)] [androidx.work.impl.Schedulers.schedule(Unknown Source:155)] [androidx.work.impl.utils.EnqueueRunnable.run(Unknown Source:53)] [androidx.work.Worker$2.run$androidx$work$impl$utils$SerialExecutorImpl$Task(Unknown Source:4)] [androidx.work.Worker$2.run(Unknown Source:868)] [java.util.concurrent.ThreadPoolExecutor.runWorker(ThreadPoolExecutor.java:1137)] [java.util.concurrent.ThreadPoolExecutor$Worker.run(ThreadPoolExecutor.java:637)] [java.lang.Thread.run(Thread.java:1012)]
07-10 01:00:04.724  5674  9954 D ConnectivityService: requestNetwork for uid/pid:10329/15049 activeRequest: null callbackRequest: 16537 [NetworkRequest [ REQUEST id=16538, [ Capabilities: INTERNET&NOT_RESTRICTED&TRUSTED&NOT_VCN_MANAGED Uid: 10329 RequestorUid: 10329 RequestorPkg: com.Slack UnderlyingNetworks: Null] ]] callback flags: 0 order: 2147483647
07-10 01:00:04.725  5674  6055 D ConnectivityService:    accepting network in place of null
07-10 01:00:04.732  5674  6045 D WifiNetworkFactory: got request NetworkRequest [ REQUEST id=16538, [ Capabilities: INTERNET&NOT_RESTRICTED&TRUSTED&NOT_VCN_MANAGED Uid: 10329 RequestorUid: 10329 RequestorPkg: com.Slack UnderlyingNetworks: Null] ]
07-10 01:00:04.733  5674  6045 D UntrustedWifiNetworkFactory: got request NetworkRequest [ REQUEST id=16538, [ Capabilities: INTERNET&NOT_RESTRICTED&TRUSTED&NOT_VCN_MANAGED Uid: 10329 RequestorUid: 10329 RequestorPkg: com.Slack UnderlyingNetworks: Null] ]
07-10 01:00:04.733  5674  6045 D OemPaidWifiNetworkFactory: got request NetworkRequest [ REQUEST id=16538, [ Capabilities: INTERNET&NOT_RESTRICTED&TRUSTED&NOT_VCN_MANAGED Uid: 10329 RequestorUid: 10329 RequestorPkg: com.Slack UnderlyingNetworks: Null] ]
07-10 01:00:04.733  5674  6045 D MultiInternetWifiNetworkFactory: got request NetworkRequest [ REQUEST id=16538, [ Capabilities: INTERNET&NOT_RESTRICTED&TRUSTED&NOT_VCN_MANAGED Uid: 10329 RequestorUid: 10329 RequestorPkg: com.Slack UnderlyingNetworks: Null] ]
07-10 01:00:04.736  5674  6055 D ConnectivityService: Rematched networks [computed 0ms] [applied 2ms] [issued 9]
07-10 01:00:04.737  5674  6055 D ConnectivityService: NetworkReassignment :
07-10 01:00:04.737  5674  6055 D ConnectivityService:   16538 : null → 118
07-10 01:00:04.755 15049 15049 D ConnectivityManager: StackLog: [android.net.ConnectivityManager.unregisterNetworkCallback(ConnectivityManager.java:4972)] [androidx.work.impl.utils.NetworkApi21.unregisterNetworkCallbackCompat(Unknown Source:11)] [androidx.work.impl.constraints.trackers.NetworkStateTracker24.stopTracking(Unknown Source:15)] [androidx.work.impl.constraints.trackers.ConstraintTracker.removeListener(Unknown Source:24)] [androidx.work.impl.constraints.controllers.ConstraintController.replace(Unknown Source:81)] [androidx.work.impl.constraints.WorkConstraintsTrackerImpl.replace(Unknown Source:41)] [androidx.work.impl.background.greedy.GreedyScheduler.onExecuted(Unknown Source:55)] [androidx.work.impl.Processor.onExecuted(Unknown Source:59)] [com.bugsnag.android.DeliveryDelegate$1.run(Unknown Source:212)]
07-10 01:00:04.757  5674  6055 D ConnectivityService:  Removing from current network [118 WIFI], leaving 155 requests.
07-10 01:00:04.766  5353  5543 V APM_AudioPolicyManager: setAppState(portId:1005, state:1)
07-10 01:00:04.773  5353  5543 V APM_AudioPolicyManager: setAppState(portId:1005, state:1)
07-10 01:00:07.042  7284  7370 I RequestManager_FLP: onOpChanged, op=0 / packageName=com.samsung.android.app.watchmanager
07-10 01:00:07.043  7284  7370 I RequestManager_FLP: onOpChanged, op=0 / packageName=com.samsung.android.heartplugin
07-10 01:00:07.073  5262  5262 E audit   : type=1400 audit(1688943607.069:69586): avc:  denied  { getattr } for  pid=5674 comm="BinderProcsColl" path="/sys/kernel/debug/binder/proc/5674" dev="debugfs" ino=32119 scontext=u:r:system_server:s0 tcontext=u:object_r:sec_debugfs:s0 tclass=file permissive=0 SEPF_SM-A515F_13_0001 audit_filtered
07-10 01:00:07.073  5262  5262 E audit   : type=1300 audit(1688943607.069:69586): arch=c00000b7 syscall=79 success=no exit=-13 a0=ffffff9c a1=7ad20c5790 a2=79df9bd680 a3=0 items=0 ppid=5287 pid=5674 auid=4294967295 uid=1000 gid=1000 euid=1000 suid=1000 fsuid=1000 egid=1000 sgid=1000 fsgid=1000 tty=(none) ses=4294967295 comm="BinderProcsColl" exe="/system/bin/app_process64" subj=u:r:system_server:s0 key=(null)
07-10 01:00:07.073  5262  5262 E audit   : type=1327 audit(1688943607.069:69586): proctitle="system_server"
07-10 01:00:07.621  5674  7726 D SemWifiUsabilityStatsMonitor: onWifiUsabilityStats - seqNum 21427, isSameBssidAndFreq true
07-10 01:00:07.623  5674  6128 I SemWifiLinkQualityMonitor: Link Qos Query: 0.046 ms / 175.500 Mbps (351 / 0.000 / 2.000)
07-10 01:00:08.581  5674  6164 D WifiConnectivityMonitor: Stop WCM Poll. cnt : 9
07-10 01:00:08.901 31135 31148 I hbox:interactor: Background concurrent copying GC freed 66380(7460KB) AllocSpace objects, 0(0B) LOS objects, 49% free, 7467KB/14MB, paused 239us,114us total 109.749ms
07-10 01:00:10.101  5353  5543 V APM_AudioPolicyManager: setAppState(portId:1005, state:1)
07-10 01:00:10.691  5674  7726 D SemWifiUsabilityStatsMonitor: onWifiUsabilityStats - seqNum 21428, isSameBssidAndFreq true
07-10 01:00:10.693  5674  6128 I SemWifiLinkQualityMonitor: Link Qos Query: 0.023 ms / 351.000 Mbps (351 / 0.000 / 1.000)
07-10 01:00:10.694  6461  6461 D NetworkController.WifiSignalController: notifyListener: visible=true, connected=true, inetCondition=1, isDefault=true, wifiTestReported=true, receivedInetCondition=-1, hideDuringMobileSwitching=false
07-10 01:00:13.753  5674  7726 D SemWifiUsabilityStatsMonitor: onWifiUsabilityStats - seqNum 21429, isSameBssidAndFreq true
07-10 01:00:13.756  5674  6128 I SemWifiLinkQualityMonitor: Link Qos Query: 0.082 ms / 97.333 Mbps (292 / 0.000 / 3.000)
07-10 01:00:16.805  5674  7726 D SemWifiUsabilityStatsMonitor: onWifiUsabilityStats - seqNum 21430, isSameBssidAndFreq true
07-10 01:00:16.808  5674  6128 I SemWifiLinkQualityMonitor: Link Qos Query: 0.027 ms / 292.000 Mbps (292 / 0.000 / 1.000)
07-10 01:00:16.860  5353  5543 V APM_AudioPolicyManager: setAppState(portId:1005, state:1)
07-10 01:00:16.860  5353  5543 V APM_AudioPolicyManager: setAppState(portId:1005, state:1)
07-10 01:00:19.839  5674  7726 D SemWifiUsabilityStatsMonitor: onWifiUsabilityStats - seqNum 21431, isSameBssidAndFreq true
07-10 01:00:19.841  5674  6128 I SemWifiLinkQualityMonitor: Link Qos Query: 0.046 ms / 175.500 Mbps (351 / 0.000 / 2.000)
07-10 01:00:21.357  9837 10033 I SemDvfsHyPerManager: acquire hyper - SIOP_ARM_MAX/9837@2, type = 301993986
07-10 01:00:21.358  5313  5394 I HYPER-HAL: [RequestManager.cpp]acquire(): Acquired ID : 48407882  [9837 / 2]    HINT :      list : [CPUMaxFreq / 1768000]
07-10 01:00:22.900  5674  7726 D SemWifiUsabilityStatsMonitor: onWifiUsabilityStats - seqNum 21432, isSameBssidAndFreq true
07-10 01:00:22.905  5674  6128 I SemWifiLinkQualityMonitor: Link Qos Query: 0.046 ms / 175.500 Mbps (351 / 0.000 / 2.000)
07-10 01:00:22.906  6461  6461 D NetworkController.WifiSignalController: notifyListener: visible=true, connected=true, inetCondition=1, isDefault=true, wifiTestReported=true, receivedInetCondition=-1, hideDuringMobileSwitching=false
07-10 01:00:23.279  6461  6482 I ndroid.systemui: Background young concurrent copying GC freed 485452(21MB) AllocSpace objects, 32(640KB) LOS objects, 37% free, 37MB/59MB, paused 678us,125us total 372.905ms
07-10 01:00:23.279  6461  6482 W ndroid.systemui: Reducing the number of considered missed Gc histogram windows from 124 to 100
07-10 01:00:25.960  5674  7726 D SemWifiUsabilityStatsMonitor: onWifiUsabilityStats - seqNum 21433, isSameBssidAndFreq true
07-10 01:00:25.964  5674  6128 I SemWifiLinkQualityMonitor: Link Qos Query: 0.046 ms / 175.500 Mbps (351 / 0.000 / 2.000)
07-10 01:00:26.992 31135 32652 I native  : I0000 00:00:1688943626.992236   32652 soda_async_impl.cc:1540] Current audio timestamp: 1688943626620242
07-10 01:00:28.231 31135 31465 I A       : (REDACTED) #onAudioData: %s bytes, getAudioReadSize %s
07-10 01:00:28.447 30967 31717 I ContactsProvider_EventLog: cp_s: [CONTACT con(158) dat(1091) acc({sim(3)=15, sec(6)=1, sim2(4)=1, google(2)=81, org.telegram.messenger(236)=100, com.whatsapp(14)=41}) calls([logtype:100 cnt:877, logtype:200 cnt:5, logtype:300 cnt:495, logtype:1000 cnt:632, logtype:1150 cnt:161]) Iso(RS) uId(0) ]
07-10 01:00:28.447 30967 31717 I ContactsProvider_EventLog: cp_s: [ agr({[2 ,2 ,14 ,236]=1, [2 ,14 ,236]=32, [3]=15, [14]=1, [4]=1, [2 ,14]=4, [2 ,2]=2, [2]=34, [6 ,14]=1, [2 ,236]=3, [236]=62, [2 ,236 ,14]=2}) ]
07-10 01:00:28.447 30967 31717 I ContactsProvider_EventLog: cp_s: [ cnt({acore(30967)=1}) ]
07-10 01:00:28.447 30967 31717 I ContactsProvider_EventLog: cp_s: [PROFILE con(1) dat(1) acc({vnd.sec.contact.phone=1}) ] [SAPROFILE ]
07-10 01:00:28.447 30967 31717 I ContactsProvider_EventLog: cp_s: [STATE R(T) ]
07-10 01:00:29.023  5674  7726 D SemWifiUsabilityStatsMonitor: onWifiUsabilityStats - seqNum 21434, isSameBssidAndFreq true
07-10 01:00:29.025  5674  6128 I SemWifiLinkQualityMonitor: Link Qos Query: 0.046 ms / 175.500 Mbps (351 / 0.000 / 2.000)
07-10 01:00:29.961  5325  5325 E sehhealth-service: Could not open /sys/class/power_supply/battery/lrp
07-10 01:00:30.552  6461  6566 D TileLifecycleManager: onStopListening
07-10 01:00:31.401  9837 10033 I SemDvfsHyPerManager: acquire hyper - SIOP_ARM_MAX/9837@2, type = 301993986
07-10 01:00:31.402  5313  5394 I HYPER-HAL: [RequestManager.cpp]acquire(): Acquired ID : 48407882  [9837 / 2]    HINT :      list : [CPUMaxFreq / 1664000]
07-10 01:00:31.604  5674  5745 W libprocessgroup: Failed to open /dev/blkio//cgroup.procs: No such file or directory
07-10 01:00:31.655  6365  6365 I DWBUsageDataManager: retrieveDataOnSpecificDay date : 1688943631635
07-10 01:00:31.659  6365  6365 I DWBUsageDataManager: Retrieve RETRIEVE_DAILY_DATA
07-10 01:00:31.660  5287  5287 D Zygote  : Forked child process 20040
07-10 01:00:31.731 20040 20040 I ru.yandex.disk: Using CollectorTypeCC GC.
07-10 01:00:31.745 20040 20040 E ru.yandex.disk: Not starting debugger since process cannot load the jdwp agent.
07-10 01:00:31.765 20040 20040 W libc    : Access denied finding property "sys.perf.boostopt"
07-10 01:00:31.766  5262  5262 E audit   : type=1400 audit(1688943631.761:69587): avc:  denied  { read } for  pid=20040 comm="ru.yandex.disk" name="u:object_r:perf_prop:s0" dev="tmpfs" ino=10663 scontext=u:r:untrusted_app:s0:c53,c257,c512,c768 tcontext=u:object_r:perf_prop:s0 tclass=file permissive=0 SEPF_SM-A515F_13_0001 audit_filtered
07-10 01:00:31.766  5262  5262 E audit   : type=1300 audit(1688943631.761:69587): arch=c00000b7 syscall=56 success=no exit=-13 a0=ffffff9c a1=7fcf7d5458 a2=88000 a3=0 items=0 ppid=5287 pid=20040 auid=4294967295 uid=10309 gid=10309 euid=10309 suid=10309 fsuid=10309 egid=10309 sgid=10309 fsgid=10309 tty=(none) ses=4294967295 comm="ru.yandex.disk" exe="/system/bin/app_process64" subj=u:r:untrusted_app:s0:c53,c257,c512,c768 key=(null)
07-10 01:00:31.766  5262  5262 E audit   : type=1327 audit(1688943631.761:69587): proctitle="zygote64"
07-10 01:00:31.768 20040 20040 D ActivityThread: setConscryptValidator
07-10 01:00:31.768 20040 20040 D ActivityThread: setConscryptValidator - put
07-10 01:00:31.777 20040 20053 W libc    : Access denied finding property "sys.perf.boostopt"
07-10 01:00:31.777  5262  5262 E audit   : type=1400 audit(1688943631.773:69588): avc:  denied  { read } for  pid=20040 comm="binder:20040_1" name="u:object_r:perf_prop:s0" dev="tmpfs" ino=10663 scontext=u:r:untrusted_app:s0:c53,c257,c512,c768 tcontext=u:object_r:perf_prop:s0 tclass=file permissive=0 SEPF_SM-A515F_13_0001 audit_filtered
07-10 01:00:31.777  5262  5262 E audit   : type=1300 audit(1688943631.773:69588): arch=c00000b7 syscall=56 success=no exit=-13 a0=ffffff9c a1=7b7d4682f8 a2=88000 a3=0 items=0 ppid=5287 pid=20040 auid=4294967295 uid=10309 gid=10309 euid=10309 suid=10309 fsuid=10309 egid=10309 sgid=10309 fsgid=10309 tty=(none) ses=4294967295 comm="binder:20040_1" exe="/system/bin/app_process64" subj=u:r:untrusted_app:s0:c53,c257,c512,c768 key=(null)
07-10 01:00:31.777  5262  5262 E audit   : type=1327 audit(1688943631.773:69588): proctitle="<pre-initialized>"
07-10 01:00:31.787 20040 20053 W libc    : Access denied finding property "sys.perf.boostopt"
07-10 01:00:31.788  5353  5699 V APM_AudioPolicyManager: setAppState(portId:1005, state:1)
07-10 01:00:31.790 20040 20040 D CompatibilityChangeReporter: Compat change id reported: 171979766; UID 10309; state: ENABLED
07-10 01:00:31.880 20040 20040 W ziparchive: Unable to open '/data/app/~~jHMlvHleUwFKmvzTztApwA==/ru.yandex.disk-0B60BW5RIogOcr68FkzKGQ==/split_config.arm64_v8a.dm': No such file or directory
07-10 01:00:31.880 20040 20040 W ziparchive: Unable to open '/data/app/~~jHMlvHleUwFKmvzTztApwA==/ru.yandex.disk-0B60BW5RIogOcr68FkzKGQ==/split_config.arm64_v8a.dm': No such file or directory
07-10 01:00:31.883 20040 20040 W ru.yandex.disk: Entry not found
07-10 01:00:31.886 20040 20040 W ziparchive: Unable to open '/data/app/~~jHMlvHleUwFKmvzTztApwA==/ru.yandex.disk-0B60BW5RIogOcr68FkzKGQ==/split_config.xxhdpi.dm': No such file or directory
07-10 01:00:31.887 20040 20040 W ziparchive: Unable to open '/data/app/~~jHMlvHleUwFKmvzTztApwA==/ru.yandex.disk-0B60BW5RIogOcr68FkzKGQ==/split_config.xxhdpi.dm': No such file or directory
07-10 01:00:31.889 20040 20040 W ru.yandex.disk: Entry not found
07-10 01:00:31.892 20040 20040 D nativeloader: Configuring classloader-namespace for other apk /data/app/~~jHMlvHleUwFKmvzTztApwA==/ru.yandex.disk-0B60BW5RIogOcr68FkzKGQ==/base.apk:/data/app/~~jHMlvHleUwFKmvzTztApwA==/ru.yandex.disk-0B60BW5RIogOcr68FkzKGQ==/split_config.arm64_v8a.apk:/data/app/~~jHMlvHleUwFKmvzTztApwA==/ru.yandex.disk-0B60BW5RIogOcr68FkzKGQ==/split_config.xxhdpi.apk. target_sdk_version=33, uses_libraries=, library_path=/data/app/~~jHMlvHleUwFKmvzTztApwA==/ru.yandex.disk-0B60BW5RIogOcr68FkzKGQ==/lib/arm64:/data/app/~~jHMlvHleUwFKmvzTztApwA==/ru.yandex.disk-0B60BW5RIogOcr68FkzKGQ==/base.apk!/lib/arm64-v8a:/data/app/~~jHMlvHleUwFKmvzTztApwA==/ru.yandex.disk-0B60BW5RIogOcr68FkzKGQ==/split_config.arm64_v8a.apk!/lib/arm64-v8a:/data/app/~~jHMlvHleUwFKmvzTztApwA==/ru.yandex.disk-0B60BW5RIogOcr68FkzKGQ==/split_config.xxhdpi.apk!/lib/arm64-v8a, permitted_path=/data:/mnt/expand:/data/user/0/ru.yandex.disk
07-10 01:00:31.898 20040 20040 W ru.yandex.disk: JIT profile information will not be recorded: profile file does not exist.
07-10 01:00:31.898 20040 20040 W ru.yandex.disk: JIT profile information will not be recorded: profile file does not exist.
07-10 01:00:31.930 20040 20040 V GraphicsEnvironment: ANGLE Developer option for 'ru.yandex.disk' set to: 'default'
07-10 01:00:31.931 20040 20040 V GraphicsEnvironment: ANGLE GameManagerService for ru.yandex.disk: false
07-10 01:00:31.931 20040 20040 V GraphicsEnvironment: Neither updatable production driver nor prerelease driver is supported.
07-10 01:00:31.938 20040 20040 D NetworkSecurityConfig: Using Network Security Config from resource network_security_config debugBuild: false
07-10 01:00:31.946 20040 20040 D NetworkSecurityConfig: Using Network Security Config from resource network_security_config debugBuild: false
07-10 01:00:32.042 20040 20040 D CompatibilityChangeReporter: Compat change id reported: 183155436; UID 10309; state: ENABLED
07-10 01:00:32.043 20040 20040 I FirebaseApp: Device unlocked: initializing all Firebase APIs for app [DEFAULT]
07-10 01:00:32.056  5674  7726 D SemWifiUsabilityStatsMonitor: onWifiUsabilityStats - seqNum 21435, isSameBssidAndFreq true
07-10 01:00:32.059  5674  6128 I SemWifiLinkQualityMonitor: Link Qos Query: 0.046 ms / 175.500 Mbps (351 / 0.000 / 2.000)
07-10 01:00:32.062 20040 20040 I FirebaseInitProvider: FirebaseApp initialization successful
07-10 01:00:32.067 20040 20040 I AdobeImageCdsProvider: onCreate
07-10 01:00:32.070 20040 20040 I AdobeImageCdsProvider: onCreate
07-10 01:00:32.134  6365 20041 I DWBUsageDataManager: updateDailyData of 1688943631673
07-10 01:00:32.201 29666 31414 I LauncherProvider: External provider call by package : android.uid.system:1000  for method : get_full_sync_state
07-10 01:00:32.204 29666 31414 I ExternalMethodFactory: get_full_sync_state
07-10 01:00:32.238 29666 31414 I LauncherProvider: External provider call by package : android.uid.system:1000  for method : get_full_sync_state
07-10 01:00:32.238 29666 31414 I ExternalMethodFactory: get_full_sync_state
07-10 01:00:32.240  6365 20041 I AppWidgetManager: updateAppWidget() appWidgetIds = [25]
07-10 01:00:32.253  6365 20041 I DWBUsageDataManager: RETRIEVE_ALL_DATA is Progressing
07-10 01:00:32.317 20040 20040 I YandexAdsIntegrityCheck: Yandex Mobile Ads 5.3.2 integrated successfully
07-10 01:00:32.343 20040 20040 D WM-WrkMgrInitializer: Initializing WorkManager with default configuration.
07-10 01:00:32.353  5674  9951 D PackageManager: setEnabledSetting : userId = 0 packageName = ru.yandex.disk cmp = androidx.work.impl.background.systemjob.SystemJobService newState = 1 callingPackage = 10309/ru.yandex.disk
07-10 01:00:32.368  5674  9951 D ApplicationPolicy: getApplicationStateEnabled : pkg = ru.yandex.disk userId : 0
07-10 01:00:32.370  5674  9951 D ApplicationPolicy: getApplicationComponentState : pkg = ru.yandex.disk userId : 0
07-10 01:00:32.370 16924 18133 I WearableConn: Connecting to "Galaxy Watch5 Pro (MJNP)"
07-10 01:00:32.373 16924 18133 I BluetoothSocket: connect() for device 645DF4_1 called by pid: 16924
07-10 01:00:32.409 20040 20071 I AppMetrica: Initializing of Metrica, Release type, Version 5.2.0, API Level 105, Dated 15.09.2022.
07-10 01:00:32.437 20040 20076 D TrafficStats: tagSocket(83) with statsTag=0xffffffff, statsUid=-1
07-10 01:00:32.439 20040 20077 D TrafficStats: tagSocket(87) with statsTag=0xffffffff, statsUid=-1
07-10 01:00:32.439 20040 20072 D CompatibilityChangeReporter: Compat change id reported: 160794467; UID 10309; state: ENABLED
07-10 01:00:32.457  5674  6213 D NetdEventListenerService: DNS Requested by : 118, 10309
07-10 01:00:32.458  5674  6213 D NetdEventListenerService: DNS Requested by : 118, 10309
07-10 01:00:32.458  5674  5690 I system_server: Background concurrent copying GC freed 483124(25MB) AllocSpace objects, 89(2816KB) LOS objects, 19% free, 101MB/125MB, paused 490us,3.632ms total 773.599ms
07-10 01:00:32.463 19956 19973 W libc    : Access denied finding property "sys.perf.boostopt"
07-10 01:00:32.474 20040 20040 I DiskApplication: [main] run in process 'ru.yandex.disk'
07-10 01:00:32.474 20040 20040 I ru.yandex.disk: run in process 'ru.yandex.disk'
07-10 01:00:32.475  5674  5692 W System  : A resource failed to call close.
07-10 01:00:32.486 19687 19923 W libc    : Access denied finding property "sys.perf.boostopt"
07-10 01:00:32.487 20040 20075 W ru.yandex.disk: Method void com.yandex.metrica.impl.ob.xi.a(android.os.Bundle) failed lock verification and will run slower.
07-10 01:00:32.487 20040 20075 W ru.yandex.disk: Common causes for lock verification issues are non-optimized dex code
07-10 01:00:32.487 20040 20075 W ru.yandex.disk: and incorrect proguard optimizations.
07-10 01:00:32.503 20040 20071 I AppMetrica: Activate reporter with APIKey 478cb909-xxxx-xxxx-xxxx-xxxxxxxx9f93
07-10 01:00:32.506 20040 20040 D GetStringResourceAspect: [main] Got string = AIzaSyArik12G-rXho5q2NtIoQ_2o4QpuqtTHfk with resId = 2131952743 at com.yandex.metrica.push.common.utils.CoreUtils_6
07-10 01:00:32.507 20040 20040 D GetStringResourceAspect: [main] Got string = 1:395509144389:android:97f8223c2b7ed636 with resId = 2131952744 at com.yandex.metrica.push.common.utils.CoreUtils_6
07-10 01:00:32.508 20040 20040 D GetStringResourceAspect: [main] Got string = 395509144389 with resId = 2131952734 at com.yandex.metrica.push.common.utils.CoreUtils_6
07-10 01:00:32.508 20040 20040 D GetStringResourceAspect: [main] Got string = api-project-395509144389 with resId = 2131953928 at com.yandex.metrica.push.common.utils.CoreUtils_6
07-10 01:00:32.510 20040 20040 D CompatibilityChangeReporter: Compat change id reported: 194532703; UID 10309; state: ENABLED
07-10 01:00:32.528  5287  5287 D Zygote  : Forked child process 20093
07-10 01:00:32.534 15865 16587 W btm_acl : Unable to find active acl
07-10 01:00:32.540 20040 20071 I AppMetrica: Activate AppMetrica with APIKey a7d6c160-xxxx-xxxx-xxxx-xxxxxxxx0a08
07-10 01:00:32.540 20040 20071 I AppMetrica: Activate reporter with APIKey 0e5e9c33-xxxx-xxxx-xxxx-xxxxxxxx3f72
07-10 01:00:32.541 20040 20071 I AppMetrica: Activate reporter with APIKey 20799a27-xxxx-xxxx-xxxx-xxxxxxxx4180
07-10 01:00:32.552 15865 16587 W bt_stack: xx:xx:xx:xx:b3:b1 EnqueueCommand (classic_link)
07-10 01:00:32.562 20040 20071 I AppMetrica: Activate reporter with APIKey 67bb016b-xxxx-xxxx-xxxx-xxxxxxxx03d3
07-10 01:00:32.575 20040 20040 D GetStringResourceAspect: [main] Got string = :passport with resId = 2131953694 at com.yandex.passport.internal.impl.d_23
07-10 01:00:32.576 20040 20040 E RuntimeConfig: java.lang.Exception: TRACE FOR OBFUSCATION CHECK
07-10 01:00:32.576 20040 20040 E RuntimeConfig: 	at ru.yandex.disk.h5.a(Unknown Source:23)
07-10 01:00:32.576 20040 20040 E RuntimeConfig: 	at ru.yandex.disk.s0.<clinit>(Unknown Source:7)
07-10 01:00:32.576 20040 20040 E RuntimeConfig: 	at ru.yandex.disk.Yatagan$CoreComponent.h4(Unknown Source:13)
07-10 01:00:32.576 20040 20040 E RuntimeConfig: 	at ru.yandex.disk.Yatagan$CoreComponent.Y3(Unknown Source:15)
07-10 01:00:32.576 20040 20040 E RuntimeConfig: 	at ru.yandex.disk.Yatagan$CoreComponent.Z3(Unknown Source:15)
07-10 01:00:32.576 20040 20040 E RuntimeConfig: 	at ru.yandex.disk.Yatagan$CoreComponent.A3(Unknown Source:15)
07-10 01:00:32.576 20040 20040 E RuntimeConfig: 	at ru.yandex.disk.Yatagan$CoreComponent.H1(Unknown Source:21)
07-10 01:00:32.576 20040 20040 E RuntimeConfig: 	at ru.yandex.disk.Yatagan$CoreComponent.C2(Unknown Source:15)
07-10 01:00:32.576 20040 20040 E RuntimeConfig: 	at ru.yandex.disk.Yatagan$CoreComponent.I(Unknown Source:0)
07-10 01:00:32.576 20040 20040 E RuntimeConfig: 	at ru.yandex.disk.DiskApplication.T(Unknown Source:116)
07-10 01:00:32.576 20040 20040 E RuntimeConfig: 	at ru.yandex.disk.DiskApplication.g0(Unknown Source:22)
07-10 01:00:32.576 20040 20040 E RuntimeConfig: 	at ru.yandex.disk.DiskApplication.onCreate(Unknown Source:155)
07-10 01:00:32.576 20040 20040 E RuntimeConfig: 	at android.app.Instrumentation.callApplicationOnCreate(Instrumentation.java:1266)
07-10 01:00:32.576 20040 20040 E RuntimeConfig: 	at android.app.ActivityThread.handleBindApplication(ActivityThread.java:7614)
07-10 01:00:32.576 20040 20040 E RuntimeConfig: 	at android.app.ActivityThread.-$$Nest$mhandleBindApplication(Unknown Source:0)
07-10 01:00:32.576 20040 20040 E RuntimeConfig: 	at android.app.ActivityThread$H.handleMessage(ActivityThread.java:2400)
07-10 01:00:32.576 20040 20040 E RuntimeConfig: 	at android.os.Handler.dispatchMessage(Handler.java:106)
07-10 01:00:32.576 20040 20040 E RuntimeConfig: 	at android.os.Looper.loopOnce(Looper.java:226)
07-10 01:00:32.576 20040 20040 E RuntimeConfig: 	at android.os.Looper.loop(Looper.java:313)
07-10 01:00:32.576 20040 20040 E RuntimeConfig: 	at android.app.ActivityThread.main(ActivityThread.java:8757)
07-10 01:00:32.576 20040 20040 E RuntimeConfig: 	at java.lang.reflect.Method.invoke(Native Method)
07-10 01:00:32.576 20040 20040 E RuntimeConfig: 	at com.android.internal.os.RuntimeInit$MethodAndArgsCaller.run(RuntimeInit.java:571)
07-10 01:00:32.576 20040 20040 E RuntimeConfig: 	at com.android.internal.os.ZygoteInit.main(ZygoteInit.java:1067)
07-10 01:00:32.577 20040 20040 E ru.yandex.disk: DEBUG = false
07-10 01:00:32.577 20040 20040 E ru.yandex.disk: java.lang.Exception: TRACE FOR OBFUSCATION CHECK
07-10 01:00:32.577 20040 20040 E ru.yandex.disk: 	at ru.yandex.disk.h5.a(Unknown Source:23)
07-10 01:00:32.577 20040 20040 E ru.yandex.disk: 	at ru.yandex.disk.s0.<clinit>(Unknown Source:7)
07-10 01:00:32.577 20040 20040 E ru.yandex.disk: 	at ru.yandex.disk.Yatagan$CoreComponent.h4(Unknown Source:13)
07-10 01:00:32.577 20040 20040 E ru.yandex.disk: 	at ru.yandex.disk.Yatagan$CoreComponent.Y3(Unknown Source:15)
07-10 01:00:32.577 20040 20040 E ru.yandex.disk: 	at ru.yandex.disk.Yatagan$CoreComponent.Z3(Unknown Source:15)
07-10 01:00:32.577 20040 20040 E ru.yandex.disk: 	at ru.yandex.disk.Yatagan$CoreComponent.A3(Unknown Source:15)
07-10 01:00:32.577 20040 20040 E ru.yandex.disk: 	at ru.yandex.disk.Yatagan$CoreComponent.H1(Unknown Source:21)
07-10 01:00:32.577 20040 20040 E ru.yandex.disk: 	at ru.yandex.disk.Yatagan$CoreComponent.C2(Unknown Source:15)
07-10 01:00:32.577 20040 20040 E ru.yandex.disk: 	at ru.yandex.disk.Yatagan$CoreComponent.I(Unknown Source:0)
07-10 01:00:32.577 20040 20040 E ru.yandex.disk: 	at ru.yandex.disk.DiskApplication.T(Unknown Source:116)
07-10 01:00:32.577 20040 20040 E ru.yandex.disk: 	at ru.yandex.disk.DiskApplication.g0(Unknown Source:22)
07-10 01:00:32.577 20040 20040 E ru.yandex.disk: 	at ru.yandex.disk.DiskApplication.onCreate(Unknown Source:155)
07-10 01:00:32.577 20040 20040 E ru.yandex.disk: 	at android.app.Instrumentation.callApplicationOnCreate(Instrumentation.java:1266)
07-10 01:00:32.577 20040 20040 E ru.yandex.disk: 	at android.app.ActivityThread.handleBindApplication(ActivityThread.java:7614)
07-10 01:00:32.577 20040 20040 E ru.yandex.disk: 	at android.app.ActivityThread.-$$Nest$mhandleBindApplication(Unknown Source:0)
07-10 01:00:32.577 20040 20040 E ru.yandex.disk: 	at android.app.ActivityThread$H.handleMessage(ActivityThread.java:2400)
07-10 01:00:32.577 20040 20040 E ru.yandex.disk: 	at android.os.Handler.dispatchMessage(Handler.java:106)
07-10 01:00:32.577 20040 20040 E ru.yandex.disk: 	at android.os.Looper.loopOnce(Looper.java:226)
07-10 01:00:32.577 20040 20040 E ru.yandex.disk: 	at android.os.Looper.loop(Looper.java:313)
07-10 01:00:32.577 20040 20040 E ru.yandex.disk: 	at android.app.ActivityThread.main(ActivityThread.java:8757)
07-10 01:00:32.577 20040 20040 E ru.yandex.disk: 	at java.lang.reflect.Method.invoke(Native Method)
07-10 01:00:32.577 20040 20040 E ru.yandex.disk: 	at com.android.internal.os.RuntimeInit$MethodAndArgsCaller.run(RuntimeInit.java:571)
07-10 01:00:32.577 20040 20040 E ru.yandex.disk: 	at com.android.internal.os.ZygoteInit.main(ZygoteInit.java:1067)
07-10 01:00:32.588 20040 20096 D GetStringResourceAspect: [YandexMobileAds.AdvertisingId] Got string = %1$s is having trouble with Google Play services. Please try again. with resId = 2131951965 at SourceFile
07-10 01:00:32.590 20040 20097 D GetStringResourceAspect: [DefaultDispatcher-worker-1] Got string = com.yandex.passport with resId = 2131953436 at com.yandex.passport.internal.PassportInitialization_2
07-10 01:00:32.602  6365 20041 I DWBUsageDataManager: updateDailyData of 1688857231673
07-10 01:00:32.603  6365 20041 I DWBUsageDataManager: RETRIEVE_ALL_DATA is Progressing
07-10 01:00:32.608 20093 20093 I ex.disk:Metrica: Using CollectorTypeCC GC.
07-10 01:00:32.611  5674  5745 W libprocessgroup: Failed to open /dev/blkio//cgroup.procs: No such file or directory
07-10 01:00:32.630 20093 20093 E ex.disk:Metrica: Not starting debugger since process cannot load the jdwp agent.
07-10 01:00:32.648 20093 20093 W libc    : Access denied finding property "sys.perf.boostopt"
07-10 01:00:32.651 20093 20093 D ActivityThread: setConscryptValidator
07-10 01:00:32.651 20093 20093 D ActivityThread: setConscryptValidator - put
07-10 01:00:32.653 20093 20115 W libc    : Access denied finding property "sys.perf.boostopt"
07-10 01:00:32.682 20093 20116 W libc    : Access denied finding property "sys.perf.boostopt"
07-10 01:00:32.682 20093 20093 D CompatibilityChangeReporter: Compat change id reported: 171979766; UID 10309; state: ENABLED
07-10 01:00:32.726 20040 20040 I DiskApplication: [main] init Disk application process
07-10 01:00:32.726 20040 20040 I ru.yandex.disk: init Disk application process
07-10 01:00:32.737 20093 20093 W ziparchive: Unable to open '/data/app/~~jHMlvHleUwFKmvzTztApwA==/ru.yandex.disk-0B60BW5RIogOcr68FkzKGQ==/split_config.arm64_v8a.dm': No such file or directory
07-10 01:00:32.737 20093 20093 W ziparchive: Unable to open '/data/app/~~jHMlvHleUwFKmvzTztApwA==/ru.yandex.disk-0B60BW5RIogOcr68FkzKGQ==/split_config.arm64_v8a.dm': No such file or directory
07-10 01:00:32.739 20093 20093 W ex.disk:Metrica: Entry not found
07-10 01:00:32.740 20093 20093 W ziparchive: Unable to open '/data/app/~~jHMlvHleUwFKmvzTztApwA==/ru.yandex.disk-0B60BW5RIogOcr68FkzKGQ==/split_config.xxhdpi.dm': No such file or directory
07-10 01:00:32.741 20093 20093 W ziparchive: Unable to open '/data/app/~~jHMlvHleUwFKmvzTztApwA==/ru.yandex.disk-0B60BW5RIogOcr68FkzKGQ==/split_config.xxhdpi.dm': No such file or directory
07-10 01:00:32.742 20093 20093 W ex.disk:Metrica: Entry not found
07-10 01:00:32.744 20093 20093 D nativeloader: Configuring classloader-namespace for other apk /data/app/~~jHMlvHleUwFKmvzTztApwA==/ru.yandex.disk-0B60BW5RIogOcr68FkzKGQ==/base.apk:/data/app/~~jHMlvHleUwFKmvzTztApwA==/ru.yandex.disk-0B60BW5RIogOcr68FkzKGQ==/split_config.arm64_v8a.apk:/data/app/~~jHMlvHleUwFKmvzTztApwA==/ru.yandex.disk-0B60BW5RIogOcr68FkzKGQ==/split_config.xxhdpi.apk. target_sdk_version=33, uses_libraries=, library_path=/data/app/~~jHMlvHleUwFKmvzTztApwA==/ru.yandex.disk-0B60BW5RIogOcr68FkzKGQ==/lib/arm64:/data/app/~~jHMlvHleUwFKmvzTztApwA==/ru.yandex.disk-0B60BW5RIogOcr68FkzKGQ==/base.apk!/lib/arm64-v8a:/data/app/~~jHMlvHleUwFKmvzTztApwA==/ru.yandex.disk-0B60BW5RIogOcr68FkzKGQ==/split_config.arm64_v8a.apk!/lib/arm64-v8a:/data/app/~~jHMlvHleUwFKmvzTztApwA==/ru.yandex.disk-0B60BW5RIogOcr68FkzKGQ==/split_config.xxhdpi.apk!/lib/arm64-v8a, permitted_path=/data:/mnt/expand:/data/user/0/ru.yandex.disk
07-10 01:00:32.747 20093 20093 W ex.disk:Metrica: JIT profile information will not be recorded: profile file does not exist.
07-10 01:00:32.747 20093 20093 W ex.disk:Metrica: JIT profile information will not be recorded: profile file does not exist.
07-10 01:00:32.772  6365  6377 W .android.forest: Reducing the number of considered missed Gc histogram windows from 128 to 100
07-10 01:00:32.776 20093 20093 V GraphicsEnvironment: ANGLE Developer option for 'ru.yandex.disk' set to: 'default'
07-10 01:00:32.777 20093 20093 V GraphicsEnvironment: ANGLE GameManagerService for ru.yandex.disk: false
07-10 01:00:32.778 20093 20093 V GraphicsEnvironment: Neither updatable production driver nor prerelease driver is supported.
07-10 01:00:32.785 20093 20093 D NetworkSecurityConfig: Using Network Security Config from resource network_security_config debugBuild: false
07-10 01:00:32.790 20040 20040 I DatabaseHelper: [main] process is ru.yandex.disk
07-10 01:00:32.790 20040 20040 I ru.yandex.disk: process is ru.yandex.disk
07-10 01:00:32.791 20093 20093 D NetworkSecurityConfig: Using Network Security Config from resource network_security_config debugBuild: false
07-10 01:00:32.810 20093 20093 I ru.yandex.disk: run in process 'ru.yandex.disk:Metrica'
07-10 01:00:32.813 20093 20093 D CompatibilityChangeReporter: Compat change id reported: 183155436; UID 10309; state: ENABLED
07-10 01:00:32.816 20093 20093 I AppMetrica: Initializing of Metrica, Release type, Version 5.2.0, API Level 105, Dated 15.09.2022.
07-10 01:00:32.847 20040 20040 D ConnectivityManager: StackLog: [android.net.ConnectivityManager.sendRequestForNetwork(ConnectivityManager.java:4300)] [android.net.ConnectivityManager.registerDefaultNetworkCallbackForUid(ConnectivityManager.java:4864)] [android.net.ConnectivityManager.registerDefaultNetworkCallback(ConnectivityManager.java:4831)] [android.net.ConnectivityManager.registerDefaultNetworkCallback(ConnectivityManager.java:4805)] [ru.yandex.disk.connectivity.NetworkStateN.d(Unknown Source:20)] [ru.yandex.disk.DiskApplication.j0(Unknown Source:18)] [ru.yandex.disk.DiskApplication.g0(Unknown Source:205)] [ru.yandex.disk.DiskApplication.onCreate(Unknown Source:155)] [android.app.Instrumentation.callApplicationOnCreate(Instrumentation.java:1266)] [android.app.ActivityThread.handleBindApplication(ActivityThread.java:7614)] [android.app.ActivityThread.-$$Nest$mhandleBindApplication(Unknown Source:0)] [android.app.ActivityThread$H.handleMessage(ActivityThread.java:2400)]
07-10 01:00:32.849  5674  9951 D ConnectivityService: requestNetwork for uid/pid:10309/20040 activeRequest: null callbackRequest: 16539 [NetworkRequest [ REQUEST id=16540, [ Capabilities: INTERNET&NOT_RESTRICTED&TRUSTED&NOT_VCN_MANAGED Uid: 10309 RequestorUid: 10309 RequestorPkg: ru.yandex.disk UnderlyingNetworks: Null] ]] callback flags: 0 order: 2147483647
07-10 01:00:32.850  5674  6055 D ConnectivityService:    accepting network in place of null
07-10 01:00:32.857  5674  6045 D WifiNetworkFactory: got request NetworkRequest [ REQUEST id=16540, [ Capabilities: INTERNET&NOT_RESTRICTED&TRUSTED&NOT_VCN_MANAGED Uid: 10309 RequestorUid: 10309 RequestorPkg: ru.yandex.disk UnderlyingNetworks: Null] ]
07-10 01:00:32.859  5674  6045 D UntrustedWifiNetworkFactory: got request NetworkRequest [ REQUEST id=16540, [ Capabilities: INTERNET&NOT_RESTRICTED&TRUSTED&NOT_VCN_MANAGED Uid: 10309 RequestorUid: 10309 RequestorPkg: ru.yandex.disk UnderlyingNetworks: Null] ]
