07-10 00:40:20.172 13608 13993 I SamsungAccount: [OpenDBManager] isRequireField
07-10 00:40:20.172 13608 13993 I SamsungAccount: [OpenDBManager] getFieldCursor
07-10 00:40:20.172 13608 13993 I SamsungAccount: [OpenContentProvider]  URI : content://com.msc.openprovider.openContentProvider/mandatoryField
07-10 00:40:20.172 13608 13993 I SamsungAccount: [AccountManagerUtil] isSamsungAccountSignedIn : true
07-10 00:40:20.187  4613  4613 W keymaster_tee: [WRN]begin req PARAMS: A32 B2 P64
07-10 00:40:20.201 13881 13978 I Carnival-AppDataHandleManager(): saveSignInState before:truecurrent:true
07-10 00:40:20.201  5674  7726 D SemWifiUsabilityStatsMonitor: onWifiUsabilityStats - seqNum 21037, isSameBssidAndFreq true
07-10 00:40:20.202 13881 13981 I SmpLog  : [SMP] opt-out success. optin_time : 1636169529088
07-10 00:40:20.202 13881 13981 I Carnival-SmpManager(): SMP opt-out success
07-10 00:40:20.202 13881 13978 I Carnival-ContextExt(): setSignInState true
07-10 00:40:20.203 13608 13993 I SamsungAccount: [StateCheckUtil] Validation Process is completed true
07-10 00:40:20.204 13608 13993 I SamsungAccount: [AccessTokenRunnable] [InAIDL-AccessTokenRunnable]AccessToken reuse. runProcess end. Package = app.spage.
07-10 00:40:20.204 13608 13993 I SamsungAccount: [CBM] [InAIDL-CallbackManager]getCallbackInfo
07-10 00:40:20.204 13608 13993 I SamsungAccount: [CBM] setCurrentRequestType :0
07-10 00:40:20.204 13608 13993 I SamsungAccount: [AccountManagerUtil] isSamsungAccountSignedIn : true
07-10 00:40:20.204 13608 13993 I SamsungAccount: [AccessTokenRunnable] [InAIDL-AccessTokenRunnable]onProcessFinished. Package = app.spage.
07-10 00:40:20.205 13881 13981 I Carnival-ConfigRepository(): [SupportedTab] update list -------> [GAME] / isTabChanged=false
07-10 00:40:20.205 13608 13993 I SamsungAccount: [DeviceManager] salesCode : SER
07-10 00:40:20.205 13608 13993 I SamsungAccount: [DeviceManager] isNewLduProdCode : false
07-10 00:40:20.205 13608 13993 I SamsungAccount: [CountryCodeUtil] isChinaCountryCode : false
07-10 00:40:20.205 13608 13993 I SamsungAccount: [ChinaPermissionUtil] isChnSecurityPopupNeeded - false
07-10 00:40:20.206 13881 13981 I Carnival-AppDataHandleManager(): addAppDataHandleListener
07-10 00:40:20.206  5674  6128 I SemWifiLinkQualityMonitor: Link Qos Query: 0.028 ms / 280.800 Mbps (390 / 0.000 / 1.389)
07-10 00:40:20.208 13608 13993 I SamsungAccount: [AccessTokenRunnable] [InAIDL-AccessTokenRunnable]checkAccessTokenAndRefreshToken. Package = app.spage.
07-10 00:40:20.208 13608 13993 I SamsungAccount: [AccessTokenRunnable] [InAIDL-AccessTokenRunnable]handleProcessSuccessResult start. Package = app.spage.
07-10 00:40:20.208 13608 13993 I SamsungAccount: [RBIVO] getStringArrFromAdditionalBundleKey : additional
07-10 00:40:20.208 13608 13993 I SamsungAccount: [AccessTokenRunnable] [InAIDL-AccessTokenRunnable]setAdditionalInfo start. Package = app.spage.
07-10 00:40:20.208 13608 13993 I SamsungAccount: [AccessTokenRunnable] [InAIDL-AccessTokenRunnable]set user_id
07-10 00:40:20.209 13608 13993 I SamsungAccount: [DbManagerV2] getUserID
07-10 00:40:20.209 13608 13993 I SamsungAccount: [DbManagerV2] getDataV02ForItems : USER_ID from Cache
07-10 00:40:20.209 13608 13993 I SamsungAccount: [AccessTokenRunnable] [InAIDL-AccessTokenRunnable]set api_server_url
07-10 00:40:20.209 13608 13993 I SamsungAccount: [UrlManagerAuth] api_server_url for region
07-10 00:40:20.209 13608 13993 I SamsungAccount: [UrlManagerAuth] return region server url
07-10 00:40:20.209 13608 13993 I SamsungAccount: [AccessTokenRunnable] [InAIDL-AccessTokenRunnable]setAdditionalInfo finish. Package = app.spage.
07-10 00:40:20.211 13608 13993 I SamsungAccount: [AIDLInterfaceBinder] [InAIDL] unregisterCallback start
07-10 00:40:20.211 13608 13993 I SamsungAccount: [CBM] [InAIDL-CallbackManager]getCallbackInfo
07-10 00:40:20.211 13608 13993 I SamsungAccount: [RequestHistoryManager] ==AIDL ACCTOKEN HISTORY== app.spage. => 07/10-00:40:20
07-10 00:40:20.212 13608 13993 I SamsungAccount: [CBM] [InAIDL-CallbackManager]unRegisterCallback
07-10 00:40:20.212 13608 13993 I SamsungAccount: [CBM] [InAIDL-CallbackManager]checkUnregisterCallbackCondition
07-10 00:40:20.212 13608 13993 I SamsungAccount: [CBM] [InAIDL-CallbackManager]getCallbackInfo
07-10 00:40:20.212 13608 13993 I SamsungAccount: [CBM] [InAIDL-CallbackManager] Unregister SuccessPackage = app.spage.
07-10 00:40:20.212 13608 13993 I SamsungAccount: [AIDLInterfaceBinder] [InAIDL] unregisterCallback end
07-10 00:40:20.219 13608 13608 I SamsungAccount: [AIDLRequestService] OnDestroy Service
07-10 00:40:20.226 13881 13981 I Carnival-SamsungAccountService(): SuspendCoroutine done for getting auth data
07-10 00:40:20.226 13608 13993 I SamsungAccount: [AccessTokenRunnable] [InAIDL-AccessTokenRunnable]handleProcessSuccessResult finish. Package = app.spage.
07-10 00:40:20.226 13608 13993 I SamsungAccount: [StateCheckUtil] isChildAccount : false
07-10 00:40:20.228 13881 13982 I Carnival-SamsungAccountManager(): updateAuthData guid is exist: 10
07-10 00:40:20.229 13881 13977 I Carnival-SamsungAccountManager(): queryAuth
07-10 00:40:20.231 13881 13982 I Carnival-SamsungAccountManager(): notifyDataUpdated isSignedIn: true
07-10 00:40:20.232 13881 13977 I Carnival-SamsungAccountManager(): getAuthData
07-10 00:40:20.233 13881 13982 I Carnival-AppDataHandleManager(): onAccountInformationChanged before: true current: true
07-10 00:40:20.233 13881 13980 I Carnival-SamsungAccountService(): requestUserID
07-10 00:40:20.237  5674  5743 I libprocessgroup: Successfully killed process cgroup uid 10252 pid 10641 in 0ms
07-10 00:40:20.248 13881 13982 I Carnival-AppDataHandleManager(): changed: no need to handle data
07-10 00:40:20.249 13881 13982 I Carnival-AppDataHandleManager(): saveSignInState before:truecurrent:true
07-10 00:40:20.249  5353  5699 V APM_AudioPolicyManager: setAppState(portId:1005, state:1)
07-10 00:40:20.249 13881 13982 I Carnival-ContextExt(): setSignInState true
07-10 00:40:20.249 13608 13608 I SamsungAccount: [AIDLRequestService] OnCreate Service
07-10 00:40:20.249  5353  5699 V APM_AudioPolicyManager: setAppState(portId:1005, state:1)
07-10 00:40:20.250 13608 13608 I SamsungAccount: [AIDLRequestService] OnBind
07-10 00:40:20.250 13608 13608 I SamsungAccount: [AIDLRequestService] [InAIDL] Service bound
07-10 00:40:20.255 13881 13904 I Carnival-NewsProvider(): isWeatherWidgetSupport : false
07-10 00:40:20.258 13881 13881 I Carnival-SamsungAccountService(): requestUserAgreement : onServiceConnected start
07-10 00:40:20.259 13608 13908 I SamsungAccount: [AIDLInterfaceBinder] [InAIDL] registerCallback start
07-10 00:40:20.260 13608 13908 I SamsungAccount: [AIDLInterfaceBinder] [InAIDL] REG_CALLING_PACKAGE : app.spage.
07-10 00:40:20.260 13608 13908 I SamsungAccount: [AIDLInterfaceBinder] [InAIDL] registerCallback start. Package = app.spage.
07-10 00:40:20.260 13608 13908 I SamsungAccount: [CBM] [InAIDL-CallbackManager] registerCallback
07-10 00:40:20.260 13608 13908 I SamsungAccount: [CBM] [InAIDL-CallbackManager] checkRegisterCallbackCondition
07-10 00:40:20.260 13608 13908 I SamsungAccount: [CBM] [InAIDL-CallbackManager]getRegistrationCodeIfAlreadyRegistered
07-10 00:40:20.260 13608 13908 I SamsungAccount: [CBM] [InAIDL-CallbackManager]Success registerCallback
07-10 00:40:20.260 13608 13908 I SamsungAccount: [AIDLInterfaceBinder] [InAIDL] registerCallback end. registrationCode :Y29tLnNhbXN1bmcuYW5kcm9pZC5hcHAuc3BhZ2Uz Package = app.spage.
07-10 00:40:20.261 13608 13908 I SamsungAccount: [AIDLInterfaceBinder] [InAIDL] requestAccesstoken
07-10 00:40:20.261 13608 13908 I SamsungAccount: [AIDLInterfaceBinder] [InAIDL] BundleInfo = [ additional:user_id,api_server_url,]
07-10 00:40:20.262 13608 13908 I SamsungAccount: [AIDLInterfaceBinder] [InAIDL] checkRequestCondition
07-10 00:40:20.262 13608 13908 I SamsungAccount: [CBM] [InAIDL-CallbackManager]getCallbackInfo
07-10 00:40:20.262 13608 13908 I SamsungAccount: [CBM] [InAIDL-CallbackManager]getCallbackInfo
07-10 00:40:20.262 13608 13908 I SamsungAccount: [AIDLInterfaceBinder] [InAIDL]Start AccessTokenRunnable Thread. package = app.spage.
07-10 00:40:20.263 13608 13908 I SamsungAccount: [PermissionsUtils] checkPrivilegedPhonePermissionOfCallingPackage
07-10 00:40:20.263 13608 13908 I SamsungAccount: [PermissionsUtils] hasPrivilegedPhonePermission : true
07-10 00:40:20.263 13608 13908 I SamsungAccount: [CBM] [InAIDL-CallbackManager]getCallbackInfo
07-10 00:40:20.263 13608 13908 I SamsungAccount: [CBM] setCurrentRequestType :1
07-10 00:40:20.267 13608 13997 I SamsungAccount: [AbstractProcessRunnable] [InAIDL-AbstractProcessRunnable]isAvailableRunningProcess start Package = app.spage.
07-10 00:40:20.270 13608 13997 I SamsungAccount: [NetworkStateUtil] == networkStateCheck == true
07-10 00:40:20.270 13608 13997 I SamsungAccount: [AccountManagerUtil] isSamsungAccountSignedIn : true
07-10 00:40:20.270 13608 13997 I SamsungAccount: [DbManagerV2] getDataState : VALID
07-10 00:40:20.270 13608 13997 I SamsungAccount: [SignatureCheckUtil] runCheckSignatureAsync
07-10 00:40:20.270 13608 13997 I SamsungAccount: [SignaturePreconditionChecker] getSignatureResult - fromSesSdk : false
07-10 00:40:20.271 13608 13997 I SamsungAccount: [SignatureInfoDbHelper] getSignatureResult - [10/26mm5][app.spage.]
07-10 00:40:20.271 13608 13997 I SamsungAccount: [SignatureInfoDbHelper] searchOnUser
07-10 00:40:20.277 13608 13997 I SamsungAccount: [SignatureInfoDbHelper] searchOnUser - [10/26mm5][app.spage.][64/3291d] => matched
07-10 00:40:20.278 13608 13997 I SamsungAccount: [SignatureInfoDbHelper] search - matched
07-10 00:40:20.278 13608 13997 I SamsungAccount: [SignatureCheckUtil] runCheckSignatureAsync(fromDb) - matched
07-10 00:40:20.278 13608 13997 I SamsungAccount: [AbstractProcessRunnable] [InAIDL-AbstractProcessRunnable]isAvailableRunningProcess end. Package = app.spage.
07-10 00:40:20.278 13608 13997 I SamsungAccount: [AccessTokenRunnable] [InAIDL-AccessTokenRunnable]runProcess start. Package = app.spage.
07-10 00:40:20.279 13608 13997 I SamsungAccount: [StateCheckUtil] isGoogleLinked = true
07-10 00:40:20.279 13608 13997 I SamsungAccount: [AccessTokenRunnable] check_basic_profile = false needToCheckServer = false
07-10 00:40:20.280 13608 13997 I SamsungAccount: [DeviceManager] salesCode : SER
07-10 00:40:20.280 13608 13997 I SamsungAccount: [DeviceManager] isNewLduProdCode : false
07-10 00:40:20.280 13608 13997 I SamsungAccount: [CountryCodeUtil] isChinaCountryCode : false
07-10 00:40:20.280 13608 13997 I SamsungAccount: [ChinaPermissionUtil] isChnSecurityPopupNeeded - false
07-10 00:40:20.284 13608 13997 I SamsungAccount: [StateCheckUtil] isChildAccount : false
07-10 00:40:20.285 13608 13997 I SamsungAccount: [AccessTokenRunnable] [InAIDL-AccessTokenRunnable]isAccessTokenReusable. Package = app.spage.
07-10 00:40:20.285 13608 13997 I SamsungAccount: [StateCheckUtil] isOverIntervalTime, renewTimeStamp = false
07-10 00:40:20.285 13608 13997 I SamsungAccount: [AccessTokenRunnable] [InAIDL-AccessTokenRunnable]checkAndSetAccessToken. Package = app.spage.
07-10 00:40:20.285 13608 13997 I SamsungAccount: [AccessToken] getAccessTokenInfo
07-10 00:40:20.286 13608 13997 I SamsungAccount: [RBIVO] getStringFormAdditionalBundleKey : expired_access_token
07-10 00:40:20.287 13608 13997 I SamsungAccount: [AccessTokenRunnable] expiredAccessToken is Empty. curTimeSec=1688942420, TimeGap=31673
07-10 00:40:20.287 13608 13997 I SamsungAccount: [AccessTokenRunnable] IsTokenReusable : true
07-10 00:40:20.287 13608 13997 I SamsungAccount: [AccessTokenRunnable] Accesstoken is reusable and isNeedToCheckServer is false
07-10 00:40:20.287 13608 13997 I SamsungAccount: [DbManagerV2] getMccFromDB
07-10 00:40:20.287 13608 13997 I SamsungAccount: [DbManagerV2] getDataV02ForItems : MCC from Cache
07-10 00:40:20.287 13608 13997 I SamsungAccount: [DataUtil] Not Skip Name Validation by accountMCC
07-10 00:40:20.287 13608 13997 I SamsungAccount: [LocalBusinessException] Not Skip Name Validation by AppId
07-10 00:40:20.287 13608 13997 I SamsungAccount: [OpenDBManager] getCheckListFromOpenDB
07-10 00:40:20.287 13608 13997 I SamsungAccount: [OpenDBManager] getTncResult
07-10 00:40:20.287 13608 13997 I SamsungAccount: [OpenDBManager] getTncCursor
07-10 00:40:20.287 13608 13997 I SamsungAccount: [OpenContentProvider]  URI : content://com.msc.openprovider.openContentProvider/tncRequest
07-10 00:40:20.288 13608 13997 I SamsungAccount: [AccountManagerUtil] isSamsungAccountSignedIn : true
07-10 00:40:20.288 13608 13997 I SamsungAccount: [SignatureCheckUtil] runCheckSignatureWithEmptyId
07-10 00:40:20.289 13881 13904 E DatabaseUtils: Writing exception to parcel
07-10 00:40:20.289 13881 13904 E DatabaseUtils: java.lang.IllegalStateException: WEATHER_WIDGET_NOT_SUPPORT_MODEL
07-10 00:40:20.289 13881 13904 E DatabaseUtils: 	at com.samsung.android.app.spage.provider.news.checker.a.e(SourceFile:12)
07-10 00:40:20.289 13881 13904 E DatabaseUtils: 	at com.samsung.android.app.spage.provider.news.NewsProvider.f(SourceFile:3)
07-10 00:40:20.289 13881 13904 E DatabaseUtils: 	at com.samsung.android.app.spage.provider.news.NewsProvider.e(SourceFile:5)
07-10 00:40:20.289 13881 13904 E DatabaseUtils: 	at com.samsung.android.app.spage.provider.news.NewsProvider.a(Unknown Source:0)
07-10 00:40:20.289 13881 13904 E DatabaseUtils: 	at com.samsung.android.app.spage.provider.news.NewsProvider$i.invokeSuspend(SourceFile:4)
07-10 00:40:20.289 13881 13904 E DatabaseUtils: 	at kotlin.coroutines.jvm.internal.a.resumeWith(SourceFile:4)
07-10 00:40:20.289 13881 13904 E DatabaseUtils: 	at kotlinx.coroutines.c1.run(SourceFile:18)
07-10 00:40:20.289 13881 13904 E DatabaseUtils: 	at kotlinx.coroutines.m1.c1(SourceFile:15)
07-10 00:40:20.289 13881 13904 E DatabaseUtils: 	at kotlinx.coroutines.h.Z0(SourceFile:4)
07-10 00:40:20.289 13881 13904 E DatabaseUtils: 	at kotlinx.coroutines.k.a(SourceFile:10)
07-10 00:40:20.289 13881 13904 E DatabaseUtils: 	at kotlinx.coroutines.j.e(Unknown Source:0)
07-10 00:40:20.289 13881 13904 E DatabaseUtils: 	at kotlinx.coroutines.k.b(SourceFile:2)
07-10 00:40:20.289 13881 13904 E DatabaseUtils: 	at kotlinx.coroutines.j.f(Unknown Source:0)
07-10 00:40:20.289 13881 13904 E DatabaseUtils: 	at com.samsung.android.app.spage.provider.news.NewsProvider.query(SourceFile:7)
07-10 00:40:20.289 13881 13904 E DatabaseUtils: 	at android.content.ContentProvider.query(ContentProvider.java:1526)
07-10 00:40:20.289 13881 13904 E DatabaseUtils: 	at android.content.ContentProvider.query(ContentProvider.java:1622)
07-10 00:40:20.289 13881 13904 E DatabaseUtils: 	at android.content.ContentProvider$Transport.query(ContentProvider.java:290)
07-10 00:40:20.289 13881 13904 E DatabaseUtils: 	at android.content.ContentProviderNative.onTransact(ContentProviderNative.java:107)
07-10 00:40:20.289 13881 13904 E DatabaseUtils: 	at android.os.Binder.execTransactInternal(Binder.java:1316)
07-10 00:40:20.289 13881 13904 E DatabaseUtils: 	at android.os.Binder.execTransact(Binder.java:1280)
07-10 00:40:20.289 13608 13997 I SamsungAccount: [SignatureCheckUtil] runCheckSignatureAsync
07-10 00:40:20.289 13608 13997 I SamsungAccount: [SignaturePreconditionChecker] getSignatureResult - fromSesSdk : true
07-10 00:40:20.289 13608 13997 I SamsungAccount: [SignatureInfoDbHelper] getSignatureResult - [][app.signin.]
07-10 00:40:20.289 13608 13997 I SamsungAccount: [SignatureInfoDbHelper] searchOnUser
07-10 00:40:20.291 13382 13424 E [WEATHER]NewsRemoteDataSourceImpl: {[D82F58E66A9FA2A398595013EB63A8319A200F5B0DC5B9498AF72CBB6E239AA8F4953897FA13D2A9F1A2D8A86114C164F2D8A79800A03262759709EE9BD0D926C2982C5F74C2978B50D8514CF9408E53B4391FEFEAB2A3B0252154C7CBDFF15D]}
07-10 00:40:20.294 13608 13997 I SamsungAccount: [SignatureInfoDbHelper] searchOnUser - [][app.signin.][64/3291d] => matched
07-10 00:40:20.295 13608 13997 I SamsungAccount: [SignatureInfoDbHelper] search - matched
07-10 00:40:20.295 13608 13997 I SamsungAccount: [SignatureCheckUtil] runCheckSignatureAsync(fromDb) - matched
07-10 00:40:20.296 13881 13989 I SmpLog  : [SMP] Test mode: false, v:3.2.5, com.samsung.android.app.spage
07-10 00:40:20.298 13608 13997 I SamsungAccount: [DbManagerV2] getMccFromDB
07-10 00:40:20.298 13608 13997 I SamsungAccount: [DbManagerV2] getDataV02ForItems : MCC from Cache
07-10 00:40:20.298 13608 13997 I SamsungAccount: [DataUtil] Not Skip Name Validation by accountMCC
07-10 00:40:20.300 13608 13997 I SamsungAccount: [OpenDBManager] isRequireField
07-10 00:40:20.300 13608 13997 I SamsungAccount: [OpenDBManager] getFieldCursor
07-10 00:40:20.300 13608 13997 I SamsungAccount: [OpenContentProvider]  URI : content://com.msc.openprovider.openContentProvider/mandatoryField
07-10 00:40:20.300 13608 13997 I SamsungAccount: [AccountManagerUtil] isSamsungAccountSignedIn : true
07-10 00:40:20.309  4613  4613 W keymaster_tee: [WRN]begin req PARAMS: A32 B2 P64
07-10 00:40:20.312  5353  6075 V APM_AudioPolicyManager: setAppState(portId:1005, state:1)
07-10 00:40:20.313  5353  6075 V APM_AudioPolicyManager: setAppState(portId:1005, state:1)
07-10 00:40:20.313  5353  6075 V APM_AudioPolicyManager: setAppState(portId:1005, state:1)
07-10 00:40:20.326  5353  5699 V APM_AudioPolicyManager: setAppState(portId:1005, state:1)
07-10 00:40:20.327 13608 13997 I SamsungAccount: [StateCheckUtil] Validation Process is completed true
07-10 00:40:20.327 13608 13997 I SamsungAccount: [AccessTokenRunnable] [InAIDL-AccessTokenRunnable]AccessToken reuse. runProcess end. Package = app.spage.
07-10 00:40:20.327 13608 13997 I SamsungAccount: [CBM] [InAIDL-CallbackManager]getCallbackInfo
07-10 00:40:20.327 13608 13997 I SamsungAccount: [CBM] setCurrentRequestType :0
07-10 00:40:20.327 13608 13997 I SamsungAccount: [AccountManagerUtil] isSamsungAccountSignedIn : true
07-10 00:40:20.327 13608 13997 I SamsungAccount: [AccessTokenRunnable] [InAIDL-AccessTokenRunnable]onProcessFinished. Package = app.spage.
07-10 00:40:20.331 13608 13997 I SamsungAccount: [DeviceManager] salesCode : SER
07-10 00:40:20.331 13608 13997 I SamsungAccount: [DeviceManager] isNewLduProdCode : false
07-10 00:40:20.331 13608 13997 I SamsungAccount: [CountryCodeUtil] isChinaCountryCode : false
07-10 00:40:20.331 13608 13997 I SamsungAccount: [ChinaPermissionUtil] isChnSecurityPopupNeeded - false
07-10 00:40:20.347 13608 13997 I SamsungAccount: [AccessTokenRunnable] [InAIDL-AccessTokenRunnable]checkAccessTokenAndRefreshToken. Package = app.spage.
07-10 00:40:20.347 13608 13997 I SamsungAccount: [AccessTokenRunnable] [InAIDL-AccessTokenRunnable]handleProcessSuccessResult start. Package = app.spage.
07-10 00:40:20.347 13608 13997 I SamsungAccount: [RBIVO] getStringArrFromAdditionalBundleKey : additional
07-10 00:40:20.347 13608 13997 I SamsungAccount: [AccessTokenRunnable] [InAIDL-AccessTokenRunnable]setAdditionalInfo start. Package = app.spage.
07-10 00:40:20.348 13608 13997 I SamsungAccount: [AccessTokenRunnable] [InAIDL-AccessTokenRunnable]set user_id
07-10 00:40:20.348 13608 13997 I SamsungAccount: [DbManagerV2] getUserID
07-10 00:40:20.348 13608 13997 I SamsungAccount: [DbManagerV2] getDataV02ForItems : USER_ID from Cache
07-10 00:40:20.348 13608 13997 I SamsungAccount: [AccessTokenRunnable] [InAIDL-AccessTokenRunnable]set api_server_url
07-10 00:40:20.348 13608 13997 I SamsungAccount: [UrlManagerAuth] api_server_url for region
07-10 00:40:20.350 13608 13997 I SamsungAccount: [UrlManagerAuth] return region server url
07-10 00:40:20.350 13608 13997 I SamsungAccount: [AccessTokenRunnable] [InAIDL-AccessTokenRunnable]setAdditionalInfo finish. Package = app.spage.
07-10 00:40:20.352 13608 13997 I SamsungAccount: [AIDLInterfaceBinder] [InAIDL] unregisterCallback start
07-10 00:40:20.353 13608 13997 I SamsungAccount: [CBM] [InAIDL-CallbackManager]getCallbackInfo
07-10 00:40:20.353 13608 13997 I SamsungAccount: [RequestHistoryManager] ==AIDL ACCTOKEN HISTORY== app.spage. => 07/10-00:40:20
07-10 00:40:20.353 13608 13997 I SamsungAccount: [RequestHistoryManager] ==AIDL ACCTOKEN HISTORY== app.spage. => 07/10-00:40:20
07-10 00:40:20.353 13608 13997 I SamsungAccount: [CBM] [InAIDL-CallbackManager]unRegisterCallback
07-10 00:40:20.353 13608 13997 I SamsungAccount: [CBM] [InAIDL-CallbackManager]checkUnregisterCallbackCondition
07-10 00:40:20.353 13608 13997 I SamsungAccount: [CBM] [InAIDL-CallbackManager]getCallbackInfo
07-10 00:40:20.353 13608 13997 I SamsungAccount: [CBM] [InAIDL-CallbackManager] Unregister SuccessPackage = app.spage.
07-10 00:40:20.353 13608 13997 I SamsungAccount: [AIDLInterfaceBinder] [InAIDL] unregisterCallback end
07-10 00:40:20.356 13608 13608 I SamsungAccount: [AIDLRequestService] OnDestroy Service
07-10 00:40:20.359 13608 13997 I SamsungAccount: [AccessTokenRunnable] [InAIDL-AccessTokenRunnable]handleProcessSuccessResult finish. Package = app.spage.
07-10 00:40:20.359 13608 13997 I SamsungAccount: [StateCheckUtil] isChildAccount : false
07-10 00:40:20.362 13881 13996 I Carnival-SamsungAccountService(): SuspendCoroutine done for getting auth data
07-10 00:40:20.363 13881 13996 I Carnival-SamsungAccountManager(): updateAuthData guid is exist: 10
07-10 00:40:20.364 13881 13996 I Carnival-SamsungAccountManager(): notifyDataUpdated isSignedIn: true
07-10 00:40:20.365 13881 13996 I Carnival-AppDataHandleManager(): onAccountInformationChanged before: true current: true
07-10 00:40:20.372 13734 13734 D ConnectivityManager: StackLog: [android.net.ConnectivityManager.unregisterNetworkCallback(ConnectivityManager.java:4972)] [androidx.work.impl.constraints.trackers.e.f(NetworkStateTracker.java:25)] [androidx.work.impl.constraints.trackers.d.c(ConstraintTracker.java:20)] [l1.c.e(ConstraintController.java:46)] [k1.d.d(WorkConstraintsTracker.java:28)] [i1.b.i(GreedyScheduler.java:62)] [i1.b.e(GreedyScheduler.java:1)] [h1.d.e(Processor.java:68)] [h1.d$a.run(Processor.java:19)]
07-10 00:40:20.377  5674  6055 D ConnectivityService:  Removing from current network [118 WIFI], leaving 152 requests.
07-10 00:40:20.382 13881 13996 I Carnival-AppDataHandleManager(): changed: no need to handle data
07-10 00:40:20.383 13881 13996 I Carnival-AppDataHandleManager(): saveSignInState before:truecurrent:true
07-10 00:40:20.383 13881 13996 I Carnival-ContextExt(): setSignInState true
07-10 00:40:20.478 13938 13998 D CompatibilityChangeReporter: Compat change id reported: 183155436; UID 10222; state: ENABLED
07-10 00:40:20.490 13881 13989 I SmpLog  : [SMP] ptype:fcm, token:...RH (163), D:false, U:false, S:false, M:null, P:FCM_ONLY_MODE
07-10 00:40:20.501  5674  5743 I libprocessgroup: Successfully killed process cgroup uid 1000 pid 13249 in 0ms
07-10 00:40:20.513 13938 13998 I AppMetrica: Initializing of Metrica, Release type, Version 5.3.4, API Level 106, Dated 23.06.2023.
07-10 00:40:20.515 13938 13998 W plugin:passport: Method void com.yandex.metrica.CounterConfiguration.<init>(com.yandex.metrica.YandexMetricaInternalConfig, szh) failed lock verification and will run slower.
07-10 00:40:20.515 13938 13998 W plugin:passport: Common causes for lock verification issues are non-optimized dex code
07-10 00:40:20.515 13938 13998 W plugin:passport: and incorrect proguard optimizations.
07-10 00:40:20.648 13938 13998 I AppMetrica: Activate reporter with APIKey 67bb016b-xxxx-xxxx-xxxx-xxxxxxxx03d3
07-10 00:40:20.673 13938 13998 I AppMetrica: Activate reporter with APIKey 20799a27-xxxx-xxxx-xxxx-xxxxxxxx4180
07-10 00:40:20.690  5353  5699 V APM_AudioPolicyManager: setAppState(portId:1005, state:1)
07-10 00:40:20.692  5353  5699 V APM_AudioPolicyManager: setAppState(portId:1005, state:1)
07-10 00:40:20.720  5674  5743 I libprocessgroup: Successfully killed process cgroup uid 10331 pid 10640 in 0ms
07-10 00:40:20.867 11542 11663 I AppMetrica-Attribution: Choosing distribution data: ClidsInfo(chosen=Candidate(clids={clid24=2305182, clid1=2207450, clid1010=2295103, clid2023=2395783, clid1003=2207452, clid1004=2207453, clid1002=2207451}, source=APP), candidates=[Candidate(clids={clid24=2305182, clid1=2207450, clid1010=2295103, clid2023=2395783, clid1003=2207452, clid1004=2207453, clid1002=2207451}, source=APP)])
07-10 00:40:20.892 11542 11663 I AppMetrica-Attribution: Choosing distribution data: ClidsInfo(chosen=Candidate(clids={clid24=2305182, clid1=2207450, clid1010=2295103, clid2023=2395783, clid1003=2207452, clid1004=2207453, clid1002=2207451}, source=APP), candidates=[Candidate(clids={clid24=2305182, clid1=2207450, clid1010=2295103, clid2023=2395783, clid1003=2207452, clid1004=2207453, clid1002=2207451}, source=APP)])
07-10 00:40:20.972 13938 14011 W plugin:passport: Long monitor contention with owner binder:13938_3 (13957) at java.lang.Object h8r.get()(SourceFile:68) waiters=0 in java.lang.Object h8r.get() for 149ms
07-10 00:40:21.039  5287  5287 I Zygote  : Process 10640 exited due to signal 9 (Killed)
07-10 00:40:21.047  5674  5674 W ServiceConnector.Impl: mayInterruptIfRunning not supported - ignoring
07-10 00:40:21.116 13533 14023 D ProfileInstaller: Skipping profile installation for ru.yandex.searchplugin
07-10 00:40:21.177  5287  5287 I Zygote  : Process 13249 exited due to signal 9 (Killed)
07-10 00:40:21.263 13881 14004 I FA      : App measurement initialized, version: 80006
07-10 00:40:21.263 13881 14004 I FA      : To enable debug logging run: adb shell setprop log.tag.FA VERBOSE
07-10 00:40:21.264 13881 14004 I FA      : To enable faster debug mode event logging run:
07-10 00:40:21.264 13881 14004 I FA      :   adb shell setprop debug.firebase.analytics.app com.samsung.android.app.spage
07-10 00:40:21.413  5674  6055 D ConnectivityService: releasing NetworkRequest [ REQUEST id=16407, [ Capabilities: INTERNET&NOT_RESTRICTED&TRUSTED&NOT_VCN_MANAGED Uid: 10252 RequestorUid: 10252 RequestorPkg: com.google.android.apps.photos UnderlyingNetworks: Null] ] (release request)
07-10 00:40:21.413  5674  6055 D ConnectivityService:  Removing from current network [118 WIFI], leaving 150 requests.
07-10 00:40:21.469  5287  5287 I Zygote  : Process 10641 exited due to signal 9 (Killed)
07-10 00:40:21.482 13726 13741 W System  : A resource failed to call CursorWindow.close.
07-10 00:40:21.611 13734 14017 D TokenSharingManager_v1.6.4: Library works in release mode
07-10 00:40:21.664 13938 14015 D CompatibilityChangeReporter: Compat change id reported: 194532703; UID 10222; state: ENABLED
07-10 00:40:21.677  5674  5745 W libprocessgroup: Failed to open /dev/blkio//cgroup.procs: No such file or directory
07-10 00:40:21.680  5674  5745 W libprocessgroup: Failed to open /dev/blkio//cgroup.procs: No such file or directory
07-10 00:40:21.681  5353  5699 V APM_AudioPolicyManager: setAppState(portId:1005, state:1)
07-10 00:40:21.684  5262  5262 E audit   : type=1400 audit(1688942421.677:69418): avc:  denied  { read } for  pid=13938 comm="binder:13938_1" name="u:object_r:perf_prop:s0" dev="tmpfs" ino=10663 scontext=u:r:untrusted_app:s0:c222,c256,c512,c768 tcontext=u:object_r:perf_prop:s0 tclass=file permissive=0 SEPF_SM-A515F_13_0001 audit_filtered
07-10 00:40:21.684  5262  5262 E audit   : type=1300 audit(1688942421.677:69418): arch=c00000b7 syscall=56 success=no exit=-13 a0=ffffff9c a1=7b7d4422f8 a2=88000 a3=0 items=0 ppid=5287 pid=13938 auid=4294967295 uid=10222 gid=10222 euid=10222 suid=10222 fsuid=10222 egid=10222 sgid=10222 fsgid=10222 tty=(none) ses=4294967295 comm="binder:13938_1" exe="/system/bin/app_process64" subj=u:r:untrusted_app:s0:c222,c256,c512,c768 key=(null)
07-10 00:40:21.684  5262  5262 E audit   : type=1327 audit(1688942421.677:69418): proctitle="zygote64"
07-10 00:40:21.684 13938 13954 W libc    : Access denied finding property "sys.perf.boostopt"
07-10 00:40:21.723  5353  5699 V APM_AudioPolicyManager: setAppState(portId:1005, state:1)
07-10 00:40:21.742  5674  9942 D LocationManagerService: passive provider removed registration from 10222/ru.yandex.searchplugin/7370A776
07-10 00:40:21.743  5674  9942 D LocationManagerService: passive provider added registration from 10222/ru.yandex.searchplugin/7370A776 -> Request[PASSIVE, minUpdateInterval=+1s0ms, WorkSource{10222 ru.yandex.searchplugin}]
07-10 00:40:21.744  7284  7370 E RequestManager_FLP: [LocationManager] Location remove 7370A776 from ru.yandex.searchplugin
07-10 00:40:21.744  7284  7370 W LocationRequestData_FLP: Not registered using location provider, 7370A776
07-10 00:40:21.745 11542 11673 D [GplLibraryWrapper]: updateLastKnownLocation
07-10 00:40:21.745  7284  7370 E RequestManager_FLP: [LocationManager] Location request (NOT STARTED) 7370A776(Listener) passive (min=1000ms) from ru.yandex.searchplugin (10222_FINE_perceptible_false_background)
07-10 00:40:21.795  5674  6213 D NetdEventListenerService: DNS Requested by : 118, 10016
07-10 00:40:21.796 13734 14017 D TrafficStats: tagSocket(6) with statsTag=0xffffffff, statsUid=-1
07-10 00:40:21.841  5674  5745 W libprocessgroup: Failed to open /dev/blkio//cgroup.procs: No such file or directory
07-10 00:40:21.845  5674  5745 W libprocessgroup: Failed to open /dev/blkio//cgroup.procs: No such file or directory
07-10 00:40:21.915  5674  6213 D NetdEventListenerService: DNS Requested by : 118, 10222
07-10 00:40:21.916 13938 14054 D TrafficStats: tagSocket(96) with statsTag=0xffffffff, statsUid=-1
07-10 00:40:22.068  5674  9942 D LocationManagerService: passive provider removed registration from 10222/ru.yandex.searchplugin/7370A776
07-10 00:40:22.068  5674  9942 D LocationManagerService: passive provider added registration from 10222/ru.yandex.searchplugin/7370A776 -> Request[PASSIVE, minUpdateInterval=+1s0ms, WorkSource{10222 ru.yandex.searchplugin}]
07-10 00:40:22.069  7284  7370 E RequestManager_FLP: [LocationManager] Location remove 7370A776 from ru.yandex.searchplugin
07-10 00:40:22.069  7284  7370 W LocationRequestData_FLP: Not registered using location provider, 7370A776
07-10 00:40:22.070 11542 11673 D [GplLibraryWrapper]: updateLastKnownLocation
07-10 00:40:22.072  7284  7370 E RequestManager_FLP: [LocationManager] Location request (NOT STARTED) 7370A776(Listener) passive (min=1000ms) from ru.yandex.searchplugin (10222_FINE_perceptible_false_background)
07-10 00:40:22.127 13533 13907 D ConnectivityManager: StackLog: [android.net.ConnectivityManager.sendRequestForNetwork(ConnectivityManager.java:4300)] [android.net.ConnectivityManager.registerDefaultNetworkCallbackForUid(ConnectivityManager.java:4864)] [android.net.ConnectivityManager.registerDefaultNetworkCallback(ConnectivityManager.java:4831)] [tod0.a(Unknown Source:0)] [vod0.<init>(SourceFile:15)] [rql0.get(SourceFile:44)] [h8r.get(SourceFile:14)] [kbq0.get(SourceFile:3)] [h8r.get(SourceFile:14)] [du00.get(SourceFile:12)] [ugf.get(SourceFile:11)] [mll0.get(SourceFile:11)] [tc5.get(SourceFile:11)] [ms61.get(SourceFile:19)] [h8r.get(SourceFile:14)] [oc5.get(SourceFile:3)] [h8r.get(SourceFile:14)] [kf01.f(SourceFile:43)] [iue.run(SourceFile:87)]
07-10 00:40:22.127 11542 12169 I AppMetrica-Attribution: Choosing distribution data: ClidsInfo(chosen=Candidate(clids={clid24=2305182, clid1=2207450, clid1010=2295103, clid2023=2395783, clid1003=2207452, clid1004=2207453, clid1002=2207451}, source=APP), candidates=[Candidate(clids={clid24=2305182, clid1=2207450, clid1010=2295103, clid2023=2395783, clid1003=2207452, clid1004=2207453, clid1002=2207451}, source=APP)])
07-10 00:40:22.130  5674  5694 D ConnectivityService: requestNetwork for uid/pid:10222/13533 activeRequest: null callbackRequest: 16430 [NetworkRequest [ REQUEST id=16431, [ Capabilities: INTERNET&NOT_RESTRICTED&TRUSTED&NOT_VCN_MANAGED Uid: 10222 RequestorUid: 10222 RequestorPkg: ru.yandex.searchplugin UnderlyingNetworks: Null] ]] callback flags: 0 order: 2147483647
07-10 00:40:22.132  5674  6055 D ConnectivityService:    accepting network in place of null
07-10 00:40:22.134  7284  7370 E RequestManager_FLP: [LocationManager] Location remove 7370A776 from ru.yandex.searchplugin
07-10 00:40:22.134  7284  7370 W LocationRequestData_FLP: Not registered using location provider, 7370A776
07-10 00:40:22.135  5674  5694 D LocationManagerService: passive provider removed registration from 10222/ru.yandex.searchplugin/7370A776
07-10 00:40:22.135  5674  5694 D LocationManagerService: passive provider added registration from 10222/ru.yandex.searchplugin/7370A776 -> Request[PASSIVE, minUpdateInterval=+1s0ms, WorkSource{10222 ru.yandex.searchplugin}]
07-10 00:40:22.137  5674  6045 D WifiNetworkFactory: got request NetworkRequest [ REQUEST id=16431, [ Capabilities: INTERNET&NOT_RESTRICTED&TRUSTED&NOT_VCN_MANAGED Uid: 10222 RequestorUid: 10222 RequestorPkg: ru.yandex.searchplugin UnderlyingNetworks: Null] ]
07-10 00:40:22.138  5674  6045 D UntrustedWifiNetworkFactory: got request NetworkRequest [ REQUEST id=16431, [ Capabilities: INTERNET&NOT_RESTRICTED&TRUSTED&NOT_VCN_MANAGED Uid: 10222 RequestorUid: 10222 RequestorPkg: ru.yandex.searchplugin UnderlyingNetworks: Null] ]
07-10 00:40:22.138  5674  6045 D OemPaidWifiNetworkFactory: got request NetworkRequest [ REQUEST id=16431, [ Capabilities: INTERNET&NOT_RESTRICTED&TRUSTED&NOT_VCN_MANAGED Uid: 10222 RequestorUid: 10222 RequestorPkg: ru.yandex.searchplugin UnderlyingNetworks: Null] ]
07-10 00:40:22.138 11542 11673 D [GplLibraryWrapper]: updateLastKnownLocation
07-10 00:40:22.138  5674  6045 D MultiInternetWifiNetworkFactory: got request NetworkRequest [ REQUEST id=16431, [ Capabilities: INTERNET&NOT_RESTRICTED&TRUSTED&NOT_VCN_MANAGED Uid: 10222 RequestorUid: 10222 RequestorPkg: ru.yandex.searchplugin UnderlyingNetworks: Null] ]
07-10 00:40:22.140  5674  6055 D ConnectivityService: Rematched networks [computed 1ms] [applied 3ms] [issued 5]
07-10 00:40:22.140  5674  6055 D ConnectivityService: NetworkReassignment :
07-10 00:40:22.140  5674  6055 D ConnectivityService:   16431 : null → 118
07-10 00:40:22.140  7284  7370 E RequestManager_FLP: [LocationManager] Location request (NOT STARTED) 7370A776(Listener) passive (min=1000ms) from ru.yandex.searchplugin (10222_FINE_perceptible_false_background)
07-10 00:40:22.147  5674  9849 D LocationManagerService: passive provider removed registration from 10222/ru.yandex.searchplugin/7370A776
07-10 00:40:22.147  5674  9849 D LocationManagerService: passive provider added registration from 10222/ru.yandex.searchplugin/7370A776 -> Request[PASSIVE, minUpdateInterval=+1s0ms, WorkSource{10222 ru.yandex.searchplugin}]
07-10 00:40:22.147  7284  7370 E RequestManager_FLP: [LocationManager] Location remove 7370A776 from ru.yandex.searchplugin
07-10 00:40:22.147  7284  7370 W LocationRequestData_FLP: Not registered using location provider, 7370A776
07-10 00:40:22.148 11542 11673 D [GplLibraryWrapper]: updateLastKnownLocation
07-10 00:40:22.148  7284  7370 E RequestManager_FLP: [LocationManager] Location request (NOT STARTED) 7370A776(Listener) passive (min=1000ms) from ru.yandex.searchplugin (10222_FINE_perceptible_false_background)
07-10 00:40:22.156  5674  9951 D LocationManagerService: passive provider removed registration from 10222/ru.yandex.searchplugin/7370A776
07-10 00:40:22.157  5674  9951 D LocationManagerService: passive provider added registration from 10222/ru.yandex.searchplugin/7370A776 -> Request[PASSIVE, minUpdateInterval=+1s0ms, WorkSource{10222 ru.yandex.searchplugin}]
07-10 00:40:22.157  7284  7370 E RequestManager_FLP: [LocationManager] Location remove 7370A776 from ru.yandex.searchplugin
07-10 00:40:22.157  7284  7370 W LocationRequestData_FLP: Not registered using location provider, 7370A776
07-10 00:40:22.159  7284  7370 E RequestManager_FLP: [LocationManager] Location request (NOT STARTED) 7370A776(Listener) passive (min=1000ms) from ru.yandex.searchplugin (10222_FINE_perceptible_false_background)
07-10 00:40:22.159 11542 11673 D [GplLibraryWrapper]: updateLastKnownLocation
07-10 00:40:22.214  5674  6213 D NetdEventListenerService: DNS Requested by : 118, 10222
07-10 00:40:22.217 13533 14067 D TrafficStats: tagSocket(6) with statsTag=0xffffffff, statsUid=-1
07-10 00:40:22.272 11542 11671 I AppMetrica-Attribution: Choosing distribution data: ClidsInfo(chosen=Candidate(clids={clid24=2305182, clid1=2207450, clid1010=2295103, clid2023=2395783, clid1003=2207452, clid1004=2207453, clid1002=2207451}, source=APP), candidates=[Candidate(clids={clid24=2305182, clid1=2207450, clid1010=2295103, clid2023=2395783, clid1003=2207452, clid1004=2207453, clid1002=2207451}, source=APP)])
07-10 00:40:22.274  5353  5699 V APM_AudioPolicyManager: setAppState(portId:1005, state:1)
07-10 00:40:22.476  7284  7370 E RequestManager_FLP: [LocationManager] Location remove 7370A776 from ru.yandex.searchplugin
07-10 00:40:22.476  7284  7370 W LocationRequestData_FLP: Not registered using location provider, 7370A776
07-10 00:40:22.478  5674  9942 D LocationManagerService: passive provider removed registration from 10222/ru.yandex.searchplugin/7370A776
07-10 00:40:22.478  5674  9942 D LocationManagerService: passive provider added registration from 10222/ru.yandex.searchplugin/7370A776 -> Request[PASSIVE, minUpdateInterval=+1s0ms, WorkSource{10222 ru.yandex.searchplugin}]
07-10 00:40:22.482 11542 11673 D [GplLibraryWrapper]: updateLastKnownLocation
07-10 00:40:22.482  7284  7370 E RequestManager_FLP: [LocationManager] Location request (NOT STARTED) 7370A776(Listener) passive (min=1000ms) from ru.yandex.searchplugin (10222_FINE_perceptible_false_background)
07-10 00:40:22.591  5674  5690 I system_server: Background concurrent copying GC freed 448099(28MB) AllocSpace objects, 15(308KB) LOS objects, 19% free, 102MB/126MB, paused 392us,254us total 481.673ms
07-10 00:40:22.609 13734 13758 W libc    : Access denied finding property "sys.perf.boostopt"
07-10 00:40:22.609  5262  5262 E audit   : type=1400 audit(1688942422.605:69419): avc:  denied  { read } for  pid=13608 comm="binder:13608_3" name="u:object_r:perf_prop:s0" dev="tmpfs" ino=10663 scontext=u:r:platform_app:s0:c512,c768 tcontext=u:object_r:perf_prop:s0 tclass=file permissive=0 SEPF_SM-A515F_13_0001 audit_filtered
07-10 00:40:22.609  5262  5262 E audit   : type=1300 audit(1688942422.605:69419): arch=c00000b7 syscall=56 success=no exit=-13 a0=ffffff9c a1=7b7d2532f8 a2=88000 a3=0 items=0 ppid=5287 pid=13608 auid=4294967295 uid=10104 gid=10104 euid=10104 suid=10104 fsuid=10104 egid=10104 sgid=10104 fsgid=10104 tty=(none) ses=4294967295 comm="binder:13608_3" exe="/system/bin/app_process64" subj=u:r:platform_app:s0:c512,c768 key=(null)
07-10 00:40:22.611 13608 13629 W libc    : Access denied finding property "sys.perf.boostopt"
07-10 00:40:22.647  5674  5692 W System  : A resource failed to call close.
07-10 00:40:22.691  5674  5694 D LocationManagerService: passive provider removed registration from 10222/ru.yandex.searchplugin/7370A776
07-10 00:40:22.691  5674  5694 D LocationManagerService: passive provider added registration from 10222/ru.yandex.searchplugin/7370A776 -> Request[PASSIVE, minUpdateInterval=+1s0ms, WorkSource{10222 ru.yandex.searchplugin}]
07-10 00:40:22.692  7284  7370 E RequestManager_FLP: [LocationManager] Location remove 7370A776 from ru.yandex.searchplugin
07-10 00:40:22.692  7284  7370 W LocationRequestData_FLP: Not registered using location provider, 7370A776
07-10 00:40:22.693 11542 11673 D [GplLibraryWrapper]: updateLastKnownLocation
07-10 00:40:22.696  7284  7370 E RequestManager_FLP: [LocationManager] Location request (NOT STARTED) 7370A776(Listener) passive (min=1000ms) from ru.yandex.searchplugin (10222_FINE_perceptible_false_background)
07-10 00:40:23.009 31135 31148 I hbox:interactor: Background concurrent copying GC freed 81411(7470KB) AllocSpace objects, 0(0B) LOS objects, 49% free, 7519KB/14MB, paused 249us,73us total 179.532ms
07-10 00:40:23.234  5674  7726 D SemWifiUsabilityStatsMonitor: onWifiUsabilityStats - seqNum 21038, isSameBssidAndFreq true
07-10 00:40:23.236  5674  6128 I SemWifiLinkQualityMonitor: Link Qos Query: 0.031 ms / 259.309 Mbps (325 / 0.000 / 1.253)
07-10 00:40:23.284 13734 13811 I WidgetProvider: updateWidget all widgets
07-10 00:40:23.293  5353  5699 V APM_AudioPolicyManager: setAppState(portId:1005, state:1)
07-10 00:40:23.294 13734 13734 I WidgetProvider: onReceive received:UPDATE_WIDGET
07-10 00:40:23.309  5674  9942 D PackageManager: setEnabledSetting : userId = 0 packageName = com.microsoft.todos cmp = androidx.work.impl.background.systemalarm.RescheduleReceiver newState = 1 callingPackage = 10016/com.microsoft.todos
07-10 00:40:23.311  5674  9942 D ApplicationPolicy: getApplicationStateEnabled : pkg = com.microsoft.todos userId : 0
07-10 00:40:23.312  5353  5699 V APM_AudioPolicyManager: setAppState(portId:1005, state:1)
07-10 00:40:23.312  5674  9942 D ApplicationPolicy: getApplicationComponentState : pkg = com.microsoft.todos userId : 0
07-10 00:40:23.371 13938 14011 W plugin:passport: Long monitor contention with owner DefaultDispatcher-worker-3 (14015) at e50 b50.a()(SourceFile:1) waiters=0 in e50 b50.a() for 281ms
07-10 00:40:23.375  5674  5745 W libprocessgroup: Failed to open /dev/blkio//cgroup.procs: No such file or directory
07-10 00:40:23.379  5353  5699 V APM_AudioPolicyManager: setAppState(portId:1005, state:1)
07-10 00:40:23.463 13734 13970 I AppWidgetManager: updateAppWidget() appWidgetIds = [20]
07-10 00:40:23.465 13734 13970 I AppWidgetManager: notifyAppWidgetViewDataChanged() appWidgetIds = [20], viewId = 2131296272
07-10 00:40:23.481  5353  5699 V APM_AudioPolicyManager: setAppState(portId:1005, state:1)
07-10 00:40:23.483  5353  5699 V APM_AudioPolicyManager: setAppState(portId:1005, state:1)
07-10 00:40:23.739  5353  5699 V APM_AudioPolicyManager: setAppState(portId:1005, state:1)
07-10 00:40:23.745  5353  5699 V APM_AudioPolicyManager: setAppState(portId:1005, state:1)
07-10 00:40:26.058  5674  5743 I libprocessgroup: Successfully killed process cgroup uid 10054 pid 13068 in 1ms
07-10 00:40:26.115  5287  5287 I Zygote  : Process 13068 exited due to signal 9 (Killed)
07-10 00:40:26.240 30967 31717 I ContactsProvider_EventLog: cp_s: [CONTACT con(158) dat(1091) acc({sim(3)=15, sec(6)=1, sim2(4)=1, google(2)=81, org.telegram.messenger(236)=100, com.whatsapp(14)=41}) calls([logtype:100 cnt:877, logtype:200 cnt:5, logtype:300 cnt:495, logtype:1000 cnt:632, logtype:1150 cnt:161]) Iso(RS) uId(0) ]
07-10 00:40:26.240 30967 31717 I ContactsProvider_EventLog: cp_s: [ agr({[2 ,2 ,14 ,236]=1, [2 ,14 ,236]=32, [3]=15, [14]=1, [4]=1, [2 ,14]=4, [2 ,2]=2, [2]=34, [6 ,14]=1, [2 ,236]=3, [236]=62, [2 ,236 ,14]=2}) ]
07-10 00:40:26.240 30967 31717 I ContactsProvider_EventLog: cp_s: [ cnt({scs(10639)=1, acore(30967)=1}) ]
07-10 00:40:26.240 30967 31717 I ContactsProvider_EventLog: cp_s: [PROFILE con(1) dat(1) acc({vnd.sec.contact.phone=1}) ] [SAPROFILE ]
07-10 00:40:26.240 30967 31717 I ContactsProvider_EventLog: cp_s: [STATE R(T) ]
07-10 00:40:26.260  5674  7726 D SemWifiUsabilityStatsMonitor: onWifiUsabilityStats - seqNum 21039, isSameBssidAndFreq true
07-10 00:40:26.261  5674  6128 I SemWifiLinkQualityMonitor: Link Qos Query: 0.037 ms / 216.667 Mbps (325 / 0.000 / 1.500)
07-10 00:40:26.991 31135 32652 I native  : I0000 00:00:1688942426.990682   32652 soda_async_impl.cc:1540] Current audio timestamp: 1688942426620242
07-10 00:40:27.063  9837 10033 I SemDvfsHyPerManager: acquire hyper - SIOP_ARM_MAX/9837@2, type = 301993986
07-10 00:40:27.065  5313  5394 I HYPER-HAL: [RequestManager.cpp]acquire(): Acquired ID : 48407882  [9837 / 2]    HINT :      list : [CPUMaxFreq / 2080000]
07-10 00:40:27.076  5362  5362 I SurfaceFlinger: SFWD update time=132676446253564
07-10 00:40:27.747 13533 14067 D TrafficStats: tagSocket(113) with statsTag=0xffffffff, statsUid=-1
07-10 00:40:27.748  5674  6213 D NetdEventListenerService: DNS Requested by : 118, 10222
07-10 00:40:27.972 31135 31465 I A       : (REDACTED) #onAudioData: %s bytes, getAudioReadSize %s
07-10 00:40:28.157  5325  5325 E sehhealth-service: Could not open /sys/class/power_supply/battery/lrp
07-10 00:40:28.257 10639 10951 I SCS@AiSearch user 0: (JobServiceLoggingWorker) [androidx.work-1] entering in doWork():
07-10 00:40:28.263 10639 10951 I SCS@AiSearch user 0: (JobServiceLoggingWorker) JobService Information:
07-10 00:40:28.263 10639 10951 I SCS@AiSearch user 0: JobId = 205982, WorkId = 085f16ef-b0db-4b16-b5e2-778ac8203bc6, triggerUri = content://call_log
07-10 00:40:28.263 10639 10951 I SCS@AiSearch user 0: JobId = 205816, WorkId = 679c2bdc-18c5-4d72-9914-8323e449c6b2, triggerUri = content://com.android.contacts/contacts
07-10 00:40:28.263 10639 10951 I SCS@AiSearch user 0: JobId = 205815, WorkId = 598353f6-26e8-4e3e-bfbb-e612bed8285c, triggerUri = content://com.samsung.android.app.reminder
07-10 00:40:28.263 10639 10951 I SCS@AiSearch user 0: JobId = 205819, WorkId = 4b79778b-ee88-4519-9172-558456c2b019, triggerUri = content://com.android.calendar/events
07-10 00:40:28.263 10639 10951 I SCS@AiSearch user 0: JobId = 205813, WorkId = 1e8a29b3-515e-4b98-929c-c0c46d8bec78, triggerUri = content://com.android.calendar/syncTasks
07-10 00:40:28.263 10639 10951 I SCS@AiSearch user 0: JobId = 206126, WorkId = 1473066a-8412-4c5a-a185-622962e4c1f0, triggerUri = content://media/external/file
07-10 00:40:28.263 10639 10951 I SCS@AiSearch user 0: JobId = 205825, WorkId = 1aca42bd-a6ae-412f-b0e2-87ff609c77d1, triggerUri = content://secmedia/video/media
07-10 00:40:28.264 10639 10951 I SCS@AiSearch user 0: (JobServiceLoggingWorker) [androidx.work-1] leaving from doWork():
07-10 00:40:28.266 10639 10779 I WM-WorkerWrapper: Worker result SUCCESS for Work [ id=c51ee873-9a53-4aa6-9cee-d0d6e8fb09b0, tags={ com.samsung.android.scs.ai.search.scheduling.workers.JobServiceLoggingWorker, JobServiceLoggingWorker } ]
07-10 00:40:29.305  5674  7726 D SemWifiUsabilityStatsMonitor: onWifiUsabilityStats - seqNum 21040, isSameBssidAndFreq true
07-10 00:40:29.308  5674  6128 I SemWifiLinkQualityMonitor: Link Qos Query: 0.038 ms / 210.294 Mbps (325 / 0.000 / 1.545)
07-10 00:40:31.922 29789 29789 D BoundBrokerSvc: onUnbind: Intent { act=com.google.android.gms.measurement.START pkg=com.google.android.gms }
07-10 00:40:32.357  5674  7726 D SemWifiUsabilityStatsMonitor: onWifiUsabilityStats - seqNum 21041, isSameBssidAndFreq true
07-10 00:40:32.362  5674  6128 I SemWifiLinkQualityMonitor: Link Qos Query: 0.041 ms / 195.000 Mbps (390 / 0.000 / 2.000)
07-10 00:40:32.467  5353  5699 V APM_AudioPolicyManager: setAppState(portId:1005, state:1)
07-10 00:40:32.479  5353  5699 V APM_AudioPolicyManager: setAppState(portId:1005, state:1)
07-10 00:40:32.696  5353  5699 V APM_AudioPolicyManager: setAppState(portId:1005, state:1)
07-10 00:40:32.701  5674  9957 D LocationManagerService: passive provider removed registration from 10222/ru.yandex.searchplugin/7370A776
07-10 00:40:32.702  5353  5699 V APM_AudioPolicyManager: setAppState(portId:1005, state:1)
07-10 00:40:32.704 11542 11673 D [GplLibraryWrapper]: stopLocationUpdates
07-10 00:40:32.705  7284  7370 E RequestManager_FLP: [LocationManager] Location remove 7370A776 from ru.yandex.searchplugin
07-10 00:40:32.705  7284  7370 W LocationRequestData_FLP: Not registered using location provider, 7370A776
07-10 00:40:33.189  5262  5262 E audit   : type=1400 audit(1688942433.185:69421): avc:  denied  { getattr } for  pid=5674 comm="BinderProcsColl" path="/sys/kernel/debug/binder/proc/5674" dev="debugfs" ino=32119 scontext=u:r:system_server:s0 tcontext=u:object_r:sec_debugfs:s0 tclass=file permissive=0 SEPF_SM-A515F_13_0001 audit_filtered
07-10 00:40:33.189  5262  5262 E audit   : type=1300 audit(1688942433.185:69421): arch=c00000b7 syscall=79 success=no exit=-13 a0=ffffff9c a1=7b06e56060 a2=79df9bd680 a3=0 items=0 ppid=5287 pid=5674 auid=4294967295 uid=1000 gid=1000 euid=1000 suid=1000 fsuid=1000 egid=1000 sgid=1000 fsgid=1000 tty=(none) ses=4294967295 comm="BinderProcsColl" exe="/system/bin/app_process64" subj=u:r:system_server:s0 key=(null)
07-10 00:40:33.189  5262  5262 E audit   : type=1327 audit(1688942433.185:69421): proctitle="system_server"
07-10 00:40:35.400  5674  7726 D SemWifiUsabilityStatsMonitor: onWifiUsabilityStats - seqNum 21042, isSameBssidAndFreq true
07-10 00:40:35.406  5674  6128 I SemWifiLinkQualityMonitor: Link Qos Query: 0.041 ms / 195.000 Mbps (390 / 0.000 / 2.000)
07-10 00:40:35.410  6461  6461 D NetworkController.WifiSignalController: notifyListener: visible=true, connected=true, inetCondition=1, isDefault=true, wifiTestReported=true, receivedInetCondition=-1, hideDuringMobileSwitching=false
07-10 00:40:37.984  5674 14106 D TrafficStats: tagSocket(854) with statsTag=0xffffffff, statsUid=-1
07-10 00:40:38.253  5674 14106 D WifiConnectivityMonitor.DnsThread:  [|212]
07-10 00:40:38.254  5674  6182 D WifiConnectivityMonitor.NetworkStatsAnalyzer: DNS resultType : 0, responseTime : 212
07-10 00:40:38.255  5674  6164 D OpenNetworkQos[4.00]: updateBssidLatestDnsResultType - result: 0
07-10 00:40:38.255  5674  6164 D OpenNetworkQos[4.00]: updateBssidNoInternet: mBssidNoInternet = false
07-10 00:40:38.255  5674  6164 D OpenNetworkQos[4.00]: getOpenNetworkQosNoInternetStatus: false
07-10 00:40:38.255  5674  6164 D OpenNetworkQos[4.00]: getOpenNetworkQosScores: 26 26 26
07-10 00:40:38.258  5674  6164 I WifiProfileShare: network QoS data was changed (internet), updateQoSData networkType: true, qosData: false
07-10 00:40:38.260  5674  7451 V WifiProfileShare.Caster: update wips network, size: 0
07-10 00:40:38.261  5674  7451 D WifiProfileShare: nearby scanning settings run
07-10 00:40:38.264  5674  7451 D WifiProfileShare: network score provider settings enabled
07-10 00:40:38.268  5674  7451 D OpenNetworkQos[4.00]: getOpenNetworkQosScores: 26 26 26
07-10 00:40:38.268  5674  7451 D OpenNetworkQos[4.00]: getOpenNetworkQosNoInternetStatus: false
07-10 00:40:38.268  5674  7451 I WifiProfileShare.Caster: current network type: 0, score: [26, 26, 26]
07-10 00:40:38.274  5674  7451 V WifiProfileShare.Cache: update network score 00:e4:06:**:**:90
07-10 00:40:38.274  5674  7451 D WifiProfileShare.ScanMatcher: getMcfDataList size:2
