07-10 01:36:03.278 11611 11645 I TestRunner: started: mutableUniversalRefFloatIn1Long(org.jetbrains.android_benchmark.Wolf3dBenchmark)
07-10 01:36:03.283 11611 11611 I MonitoringInstr: Activities that are still in CREATED to STOPPED: 1
07-10 01:36:03.283 11611 11611 I MonitoringInstr: Finishing activity: androidx.benchmark.IsolationActivity@c9a4959
07-10 01:36:03.294 11611 11645 I GrantPermissionCallable: Permission: android.permission.WRITE_EXTERNAL_STORAGE is already granted!
07-10 01:36:03.295 11611 11645 I GrantPermissionCallable: Permission: android.permission.READ_EXTERNAL_STORAGE is already granted!
07-10 01:36:03.295 11611 11645 D Benchmark: -- Running org.jetbrains.android_benchmark.Wolf3dBenchmark#mutableUniversalRefFloatIn1Long --
07-10 01:36:03.296 11611 11645 D PerfettoCapture: Supported ABIs: arm64-v8a, armeabi-v7a, armeabi
07-10 01:36:03.296 11611 11645 D PerfettoCapture: Recording perfetto trace
07-10 01:36:03.333 11611 11645 I PerfettoCapture: Cleanup perfetto before starting.
07-10 01:36:03.436  5674  6112 I ChimeraAggressivePolicyHandler: executePolicy() - triggerSource: TRIGGER_SOURCE_LMKD
07-10 01:36:03.439  5674  6112 I ChimeraAggressivePolicyHandler: available memory: 1011568, free memory target: 870400, quit chimera
07-10 01:36:03.501 11611 11645 I PerfettoCapture: Perfetto output file cleanup -
07-10 01:36:03.502 11611 11645 I PerfettoCapture: Starting perfetto tracing with cmd: cat /storage/emulated/0/Android/data/org.jetbrains.android_benchmark.test/cache/trace_config.pb | perfetto --background -c - -o /data/misc/perfetto-traces/trace_output.pb
07-10 01:36:03.517  5674  5745 W libprocessgroup: Failed to open /dev/blkio//cgroup.procs: No such file or directory
07-10 01:36:03.520  5353  5543 V APM_AudioPolicyManager: setAppState(portId:1005, state:1)
07-10 01:36:03.550 25568 25568 I SCS@AiSearch user 0: (ObserverWorker::AOSP_MP) [main] entering in startWork():
07-10 01:36:03.551 25568 25568 I SCS@AiSearch user 0: (BaseCollector::AOSP_MP) [main] entering in onChange():
07-10 01:36:03.553 25568 25789 I SCS@AiSearch user 0: (BaseCollector::AOSP_MP) [AOSP_MP-0] entering in collectChanges():
07-10 01:36:03.571  5674  7265 D PackageManager: setEnabledSetting : userId = 0 packageName = com.samsung.android.scs cmp = androidx.work.impl.background.systemalarm.RescheduleReceiver newState = 1 callingPackage = 10380/com.samsung.android.scs
07-10 01:36:03.572  5674  7265 D ApplicationPolicy: getApplicationStateEnabled : pkg = com.samsung.android.scs userId : 0
07-10 01:36:03.575  5674  7265 D ApplicationPolicy: getApplicationComponentState : pkg = com.samsung.android.scs userId : 0
07-10 01:36:03.702 29125 29125 I perfetto:    perfetto_cmd.cc:1001 Connected to the Perfetto traced service, starting tracing
07-10 01:36:03.703  5436  5436 I perfetto: ing_service_impl.cc:953 Configured tracing session 336, #sources:4, duration:0 ms, #buffers:2, total buffer size:36864 KB, total sessions:1, uid:2000 session name: ""
07-10 01:36:03.705  5424  5424 I perfetto:  probes_producer.cc:139 Ftrace setup (target_buf=671)
07-10 01:36:03.748 11611 11645 I PerfettoCapture: Perfetto output - 29125
07-10 01:36:03.748 11611 11645 I PerfettoCapture: EXITCODE=0
07-10 01:36:03.760 25568 25789 I SCS@AiSearch user 0: (BaseCollector::AOSP_MP) fetchInternal values : maxSyncId: 1000028446 indexCount: 19466 sourceCount: 19466
07-10 01:36:03.768  4380  4380 I hwservicemanager: getTransport: Cannot find entry android.hardware.atrace@1.0::IAtraceDevice/default in either framework or device VINTF manifest.
07-10 01:36:03.797  5424  5424 I perfetto:    ftrace_procfs.cc:335 enabled ftrace in /sys/kernel/tracing/
07-10 01:36:03.888 11611 11645 I PerfettoCapture: Perfetto tracing started successfully with pid 29125.
07-10 01:36:03.897 25568 25789 I SCS@AiSearch user 0: (IndexManager) [AOSP_MP-0] entering in addIndex():
07-10 01:36:03.903 25568 25789 I SCS@AiSearch user 0: (BaseCollector::AOSP_MP) fetch: fetching took  244 ms
07-10 01:36:03.904 25568 25789 I SCS@AiSearch user 0: (BaseCollector::AOSP_MP) fetchChanges: applied 0 items
07-10 01:36:03.906 25568 25789 I SCS@AiSearch user 0: (BaseCollector::AOSP_MP) Collect finished. Result: true
07-10 01:36:03.909 25568 25626 I WM-WorkerWrapper: Worker result SUCCESS for Work [ id=4c2076df-6a93-40a3-8448-77a273f9f646, tags={ com.sec.android.app.myfiles, com.samsung.android.scs.ai.search.data.collector.ObserverWorker } ]
07-10 01:36:03.919 25568 25789 I SCS@AiSearch user 0: (BaseCollector::AOSP_MP) enqueue ObserverWorker name: com.sec.android.app.myfiles, policy: APPEND_OR_REPLACE
07-10 01:36:03.926  5353  5543 V APM_AudioPolicyManager: setAppState(portId:1005, state:1)
07-10 01:36:03.942  5353  5543 V APM_AudioPolicyManager: setAppState(portId:1005, state:1)
07-10 01:36:03.975 11611 11645 I PerfettoCapture: /sys/kernel/tracing/tracing_on = 1, polled 0 times, capture fully started
07-10 01:36:03.977 11611 11645 D Benchmark: Set 11645 (Bench thread) to priority -20. Was -8, now -20
07-10 01:36:03.977 11611 11645 D Benchmark: Set 11624 (Jit) to priority -15. Was 9, now -15
07-10 01:36:04.018 11611 11645 I _benchmark.test: Explicit concurrent copying GC freed 14521(915KB) AllocSpace objects, 1(20KB) LOS objects, 66% free, 3035KB/9179KB, paused 382us,106us total 40.056ms
07-10 01:36:04.039  5674  9851 D PackageManager: setEnabledSetting : userId = 0 packageName = com.samsung.android.scs cmp = androidx.work.impl.background.systemalarm.RescheduleReceiver newState = 1 callingPackage = 10380/com.samsung.android.scs
07-10 01:36:04.041  5674  9851 D ApplicationPolicy: getApplicationStateEnabled : pkg = com.samsung.android.scs userId : 0
07-10 01:36:04.043  5674  9851 D ApplicationPolicy: getApplicationComponentState : pkg = com.samsung.android.scs userId : 0
07-10 01:36:04.878 16924 16924 D BoundBrokerSvc: onUnbind: Intent { act=com.google.android.gms.phenotype.service.START dat=chimera-action:/... cmp=com.google.android.gms/.chimera.PersistentApiService }
07-10 01:36:05.515 29789 29789 D BoundBrokerSvc: onUnbind: Intent { act=com.google.android.gms.feedback.internal.IFeedbackService dat=chimera-action:/... cmp=com.google.android.gms/.chimera.GmsBoundBrokerService }
07-10 01:36:05.603 16924 16924 D BoundBrokerSvc: onUnbind: Intent { act=com.google.android.gms.icing.LIGHTWEIGHT_INDEX_SERVICE dat=chimera-action:/... cmp=com.google.android.gms/.chimera.PersistentApiService }
07-10 01:36:06.290  5674  7726 D SemWifiUsabilityStatsMonitor: onWifiUsabilityStats - seqNum 22136, isSameBssidAndFreq true
07-10 01:36:06.293  5674  6128 I SemWifiLinkQualityMonitor: Link Qos Query: 0.082 ms / 97.333 Mbps (292 / 0.000 / 3.000)
07-10 01:36:06.355 16924 16924 D BoundBrokerSvc: onBind: Intent { act=com.google.android.gms.udc.service.START dat=chimera-action:/... cmp=com.google.android.gms/.chimera.PersistentApiService }
07-10 01:36:06.356 16924 16924 D BoundBrokerSvc: Loading bound service for intent: Intent { act=com.google.android.gms.udc.service.START dat=chimera-action:/... cmp=com.google.android.gms/.chimera.PersistentApiService }
07-10 01:36:06.473 16924 16924 D BoundBrokerSvc: onBind: Intent { act=com.google.android.gms.phenotype.service.START dat=chimera-action:/... cmp=com.google.android.gms/.chimera.PersistentApiService }
07-10 01:36:06.473 16924 16924 D BoundBrokerSvc: Loading bound service for intent: Intent { act=com.google.android.gms.phenotype.service.START dat=chimera-action:/... cmp=com.google.android.gms/.chimera.PersistentApiService }
07-10 01:36:06.670  5285  5291 W statsd  : Large reply transaction of 379784 bytes, interface descriptor android.os.IStatsd, code 11
07-10 01:36:06.674  5674  9952 W system_server: Large reply transaction of 379784 bytes, interface descriptor android.os.IStatsManagerService, code 9
07-10 01:36:07.948  5674  9851 D PackageManager: setEnabledSetting : userId = 0 packageName = com.Slack cmp = androidx.work.impl.background.systemalarm.RescheduleReceiver newState = 1 callingPackage = 10329/com.Slack
07-10 01:36:07.949  5674  9851 D ApplicationPolicy: getApplicationStateEnabled : pkg = com.Slack userId : 0
07-10 01:36:07.951  5674  9851 D ApplicationPolicy: getApplicationComponentState : pkg = com.Slack userId : 0
07-10 01:36:07.970  5674  5745 W libprocessgroup: Failed to open /dev/blkio//cgroup.procs: No such file or directory
07-10 01:36:07.971  5353  5543 V APM_AudioPolicyManager: setAppState(portId:1005, state:1)
07-10 01:36:07.989 25156 25230 D ConnectivityManager: StackLog: [android.net.ConnectivityManager.sendRequestForNetwork(ConnectivityManager.java:4300)] [android.net.ConnectivityManager.registerDefaultNetworkCallbackForUid(ConnectivityManager.java:4864)] [android.net.ConnectivityManager.registerDefaultNetworkCallback(ConnectivityManager.java:4831)] [android.net.ConnectivityManager.registerDefaultNetworkCallback(ConnectivityManager.java:4805)] [androidx.work.impl.utils.NetworkApi24.registerDefaultNetworkCallbackCompat(Unknown Source:11)] [androidx.work.impl.constraints.trackers.NetworkStateTracker24.startTracking(Unknown Source:15)] [androidx.work.impl.constraints.controllers.ConstraintController.replace(Unknown Source:130)] [androidx.work.impl.constraints.WorkConstraintsTrackerImpl.replace(Unknown Source:41)] [androidx.work.impl.background.greedy.GreedyScheduler.schedule(Unknown Source:302)] [androidx.work.impl.Schedulers.schedule(Unknown Source:155)] [androidx.work.impl.utils.EnqueueRunnable.run(Unknown Source:53)] [androidx.work.Worker$2.run$androidx$work$impl$utils$SerialExecutorImpl$Task(Unknown Source:4)] [androidx.work.Worker$2.run(Unknown Source:868)] [java.util.concurrent.ThreadPoolExecutor.runWorker(ThreadPoolExecutor.java:1137)] [java.util.concurrent.ThreadPoolExecutor$Worker.run(ThreadPoolExecutor.java:637)] [java.lang.Thread.run(Thread.java:1012)]
07-10 01:36:07.992  5674  9952 D ConnectivityService: requestNetwork for uid/pid:10329/25156 activeRequest: null callbackRequest: 16773 [NetworkRequest [ REQUEST id=16774, [ Capabilities: INTERNET&NOT_RESTRICTED&TRUSTED&NOT_VCN_MANAGED Uid: 10329 RequestorUid: 10329 RequestorPkg: com.Slack UnderlyingNetworks: Null] ]] callback flags: 0 order: 2147483647
07-10 01:36:07.993  5674  6055 D ConnectivityService:    accepting network in place of null
07-10 01:36:07.999  5674  6045 D WifiNetworkFactory: got request NetworkRequest [ REQUEST id=16774, [ Capabilities: INTERNET&NOT_RESTRICTED&TRUSTED&NOT_VCN_MANAGED Uid: 10329 RequestorUid: 10329 RequestorPkg: com.Slack UnderlyingNetworks: Null] ]
07-10 01:36:07.999  5674  6045 D UntrustedWifiNetworkFactory: got request NetworkRequest [ REQUEST id=16774, [ Capabilities: INTERNET&NOT_RESTRICTED&TRUSTED&NOT_VCN_MANAGED Uid: 10329 RequestorUid: 10329 RequestorPkg: com.Slack UnderlyingNetworks: Null] ]
07-10 01:36:08.000  5674  6045 D OemPaidWifiNetworkFactory: got request NetworkRequest [ REQUEST id=16774, [ Capabilities: INTERNET&NOT_RESTRICTED&TRUSTED&NOT_VCN_MANAGED Uid: 10329 RequestorUid: 10329 RequestorPkg: com.Slack UnderlyingNetworks: Null] ]
07-10 01:36:08.001  5674  6045 D MultiInternetWifiNetworkFactory: got request NetworkRequest [ REQUEST id=16774, [ Capabilities: INTERNET&NOT_RESTRICTED&TRUSTED&NOT_VCN_MANAGED Uid: 10329 RequestorUid: 10329 RequestorPkg: com.Slack UnderlyingNetworks: Null] ]
07-10 01:36:08.006  5674  6055 D ConnectivityService: Rematched networks [computed 0ms] [applied 2ms] [issued 11]
07-10 01:36:08.007  5674  6055 D ConnectivityService: NetworkReassignment :
07-10 01:36:08.007  5674  6055 D ConnectivityService:   16774 : null → 118
07-10 01:36:08.015 25156 25156 D ConnectivityManager: StackLog: [android.net.ConnectivityManager.unregisterNetworkCallback(ConnectivityManager.java:4972)] [androidx.work.impl.utils.NetworkApi21.unregisterNetworkCallbackCompat(Unknown Source:11)] [androidx.work.impl.constraints.trackers.NetworkStateTracker24.stopTracking(Unknown Source:15)] [androidx.work.impl.constraints.trackers.ConstraintTracker.removeListener(Unknown Source:24)] [androidx.work.impl.constraints.controllers.ConstraintController.replace(Unknown Source:81)] [androidx.work.impl.constraints.WorkConstraintsTrackerImpl.replace(Unknown Source:41)] [androidx.work.impl.background.greedy.GreedyScheduler.onExecuted(Unknown Source:55)] [androidx.work.impl.Processor.onExecuted(Unknown Source:59)] [com.bugsnag.android.DeliveryDelegate$1.run(Unknown Source:212)]
07-10 01:36:08.017  5674  6055 D ConnectivityService:  Removing from current network [118 WIFI], leaving 158 requests.
07-10 01:36:08.021  5353  5543 V APM_AudioPolicyManager: setAppState(portId:1005, state:1)
07-10 01:36:08.023  5353  5543 V APM_AudioPolicyManager: setAppState(portId:1005, state:1)
07-10 01:36:08.520 16924 28741 W CCTFlatFileLogStore: Excessive logging: 1 events, 407013 bytes from log source WESTWORLD last 0s
07-10 01:36:09.339  5674  7726 D SemWifiUsabilityStatsMonitor: onWifiUsabilityStats - seqNum 22137, isSameBssidAndFreq true
07-10 01:36:09.341  5674  6128 I SemWifiLinkQualityMonitor: Link Qos Query: 0.082 ms / 97.333 Mbps (292 / 0.000 / 3.000)
07-10 01:36:10.993 20569 20603 W libc    : Access denied finding property "sys.perf.boostopt"
07-10 01:36:10.994  5262  5262 E audit   : type=1400 audit(1688945770.989:70098): avc:  denied  { read } for  pid=20569 comm="binder:20569_1" name="u:object_r:perf_prop:s0" dev="tmpfs" ino=10663 scontext=u:r:priv_app:s0:c512,c768 tcontext=u:object_r:perf_prop:s0 tclass=file permissive=0 SEPF_SM-A515F_13_0001 audit_filtered
07-10 01:36:10.994  5262  5262 E audit   : type=1300 audit(1688945770.989:70098): arch=c00000b7 syscall=56 success=no exit=-13 a0=ffffff9c a1=7b7d44b2f8 a2=88000 a3=0 items=0 ppid=5287 pid=20569 auid=4294967295 uid=10226 gid=10226 euid=10226 suid=10226 fsuid=10226 egid=10226 sgid=10226 fsgid=10226 tty=(none) ses=4294967295 comm="binder:20569_1" exe="/system/bin/app_process64" subj=u:r:priv_app:s0:c512,c768 key=(null)
07-10 01:36:10.995  5262  5262 E audit   : type=1327 audit(1688945770.989:70098): proctitle="<pre-initialized>"
07-10 01:36:12.150  5674  6055 D ConnectivityService: reportNetworkActive, notify 0 listeners
07-10 01:36:12.396  5674  7726 D SemWifiUsabilityStatsMonitor: onWifiUsabilityStats - seqNum 22138, isSameBssidAndFreq true
07-10 01:36:12.399  5674  6128 I SemWifiLinkQualityMonitor: Link Qos Query: 0.046 ms / 175.500 Mbps (351 / 0.000 / 2.000)
07-10 01:36:12.399  6461  6461 D NetworkController.WifiSignalController: notifyListener: visible=true, connected=true, inetCondition=1, isDefault=true, wifiTestReported=true, receivedInetCondition=-1, hideDuringMobileSwitching=false
07-10 01:36:13.017  5353  5543 V APM_AudioPolicyManager: setAppState(portId:1005, state:1)
07-10 01:36:13.022  5674  5745 W libprocessgroup: Failed to open /dev/blkio//cgroup.procs: No such file or directory
07-10 01:36:13.043  5353  5543 V APM_AudioPolicyManager: setAppState(portId:1005, state:1)
07-10 01:36:13.045  5674  5745 W libprocessgroup: Failed to open /dev/blkio//cgroup.procs: No such file or directory
07-10 01:36:13.088  5353  5543 V APM_AudioPolicyManager: setAppState(portId:1005, state:1)
07-10 01:36:13.092  5353  5543 V APM_AudioPolicyManager: setAppState(portId:1005, state:1)
07-10 01:36:13.117  5353  5543 V APM_AudioPolicyManager: setAppState(portId:1005, state:1)
07-10 01:36:13.120  5353  5543 V APM_AudioPolicyManager: setAppState(portId:1005, state:1)
07-10 01:36:14.053  5674  5690 I system_server: Background young concurrent copying GC freed 372140(21MB) AllocSpace objects, 14(684KB) LOS objects, 16% free, 111MB/133MB, paused 544us,317us total 123.418ms
07-10 01:36:14.561  5262  5262 E audit   : type=1400 audit(1688945774.557:70099): avc:  denied  { getattr } for  pid=5674 comm="BinderProcsColl" path="/sys/kernel/debug/binder/proc/5674" dev="debugfs" ino=32119 scontext=u:r:system_server:s0 tcontext=u:object_r:sec_debugfs:s0 tclass=file permissive=0 SEPF_SM-A515F_13_0001 audit_filtered
07-10 01:36:14.561  5262  5262 E audit   : type=1300 audit(1688945774.557:70099): arch=c00000b7 syscall=79 success=no exit=-13 a0=ffffff9c a1=7b06e86f40 a2=79d539b680 a3=0 items=0 ppid=5287 pid=5674 auid=4294967295 uid=1000 gid=1000 euid=1000 suid=1000 fsuid=1000 egid=1000 sgid=1000 fsgid=1000 tty=(none) ses=4294967295 comm="BinderProcsColl" exe="/system/bin/app_process64" subj=u:r:system_server:s0 key=(null)
07-10 01:36:14.561  5262  5262 E audit   : type=1327 audit(1688945774.557:70099): proctitle="system_server"
07-10 01:36:15.421  5674  7726 D SemWifiUsabilityStatsMonitor: onWifiUsabilityStats - seqNum 22139, isSameBssidAndFreq true
07-10 01:36:15.422  5674  6128 I SemWifiLinkQualityMonitor: Link Qos Query: 0.046 ms / 175.500 Mbps (351 / 0.000 / 2.000)
07-10 01:36:15.423  6461  6461 D NetworkController.WifiSignalController: notifyListener: visible=true, connected=true, inetCondition=1, isDefault=true, wifiTestReported=true, receivedInetCondition=-1, hideDuringMobileSwitching=false
07-10 01:36:18.455  5674  7726 D SemWifiUsabilityStatsMonitor: onWifiUsabilityStats - seqNum 22140, isSameBssidAndFreq true
07-10 01:36:18.457  5674  6128 I SemWifiLinkQualityMonitor: Link Qos Query: 0.046 ms / 175.500 Mbps (351 / 0.000 / 2.000)
07-10 01:36:18.458  6461  6461 D NetworkController.WifiSignalController: notifyListener: visible=true, connected=true, inetCondition=1, isDefault=true, wifiTestReported=true, receivedInetCondition=-1, hideDuringMobileSwitching=false
07-10 01:36:21.503  5674  7726 D SemWifiUsabilityStatsMonitor: onWifiUsabilityStats - seqNum 22141, isSameBssidAndFreq true
07-10 01:36:21.505  5674  6128 I SemWifiLinkQualityMonitor: Link Qos Query: 0.046 ms / 175.500 Mbps (351 / 0.000 / 2.000)
07-10 01:36:21.506  6461  6461 D NetworkController.WifiSignalController: notifyListener: visible=true, connected=true, inetCondition=1, isDefault=true, wifiTestReported=true, receivedInetCondition=-1, hideDuringMobileSwitching=false
07-10 01:36:21.600 16924 16924 D BoundBrokerSvc: onUnbind: Intent { act=com.google.android.gms.udc.service.START dat=chimera-action:/... cmp=com.google.android.gms/.chimera.PersistentApiService }
07-10 01:36:22.515  5306  5327 I SensorsHub: context 10 0 9 1,1,26,1,5,16,253,88,1,2, 147279344722610
07-10 01:36:22.517  5674  5859 D SensorHubManager: onGetSensorHubDataLocked: library(10) = 1, 1, 26, 1, 5, 16, -3, 88, 1, 2
07-10 01:36:22.525  5674  5860 D CAE     : onGetSensorHubData(SensorHubParserProvider.java:89) - onGetSensorHubData Event [event buffer len :10], AP_WAKEUP
07-10 01:36:22.525  5674  5860 I CAE     : parse(SensorHubParserProvider.java:190) - buffer size = 10
07-10 01:36:22.526  5674  5860 I CAE     : parse(SensorHubParserProvider.java:201) - 1, 1, 26, 1, 5, 16, -3, 88, 1, 2,
07-10 01:36:22.527  5674  5860 E CAE     : parse(SensorHubModeHandler.java:72) - ERROR : Service is not registered
07-10 01:36:22.528  5674  5860 E CAE     : onGetSensorHubData(SensorHubParserProvider.java:112) - ERROR : Data field parsing error
07-10 01:36:23.084 16924 16924 D BoundBrokerSvc: onUnbind: Intent { act=com.google.android.gms.phenotype.service.START dat=chimera-action:/... cmp=com.google.android.gms/.chimera.PersistentApiService }
07-10 01:36:23.276 11611 11645 D Benchmark: timeNs[ 0:10]: 222198115 221680269 221855423 222014308 221805269 222442154 222278115 222175846 222926461 221377654
07-10 01:36:23.277 11611 11645 D Benchmark: timeNs[10:20]: 221295231 221838576 222081846 224857615 222394923 222275577 221981230 221610692 221597231 221970192
07-10 01:36:23.277 11611 11645 D Benchmark: timeNs[20:30]: 221785077 221834269 221848538 221829884 221756692 221769730 225278731 221699616 221774692 221791500
07-10 01:36:23.277 11611 11645 D Benchmark: timeNs[30:40]: 221626961 221789539 221873653 221782731 221775077 222488807 223288039 224338230 221725154 221900923
07-10 01:36:23.277 11611 11645 D Benchmark: timeNs[40:50]: 221982423 221887000 221916039 221752692 225110346 221984308 221808808 221682038 221726269 221715538
07-10 01:36:23.574  6877  7330 E #IMSCR  : 07-10 01:36:23 0x11030000:1,REGI:REFRESH
07-10 01:36:23.614  6877  7330 I StackIF : processMessage 3
07-10 01:36:23.614  6877  7330 I StackIF : Processing Notify
07-10 01:36:23.615  6877  7330 I SECIMSJ : [UNSL]< 10003
07-10 01:36:23.615  6877  7330 I StackIF : processNotify: id 10003
07-10 01:36:23.622  6877  7330 I SIPMSG[1]: [-->] REGISTER sip:ims.mnc001.mcc220.3gppnetwork.org SIP/2.0 [CSeq: 12 REGISTER]
07-10 01:36:23.624  6877  7137 I ResipRawSipHandler: handleMessage: event: 200
07-10 01:36:23.627  6877  7330 E StackRequestBuilderUtil: not added translate Mno Inverse Map
07-10 01:36:23.636  6877  7137 I ResipVolteHandler: handleMessage: evt 114
07-10 01:36:23.640  6877  7330 I CpAudioEngineClient: SAE_NotiInfo: SAE_NotiInfo string: 01:36:23.637>REGISTER:12 REGISTER
07-10 01:36:23.640  6877  7330 I VoIpEngineProxy: NotiInfo:Sending IPC_IMS_INFO Noti
07-10 01:36:23.641  6877  7330 I OemIpcHandler: ImsNotiInfo ImsNoti send IPC : 01:36:23.637>REGISTER:12 REGISTER
07-10 01:36:23.641  6877  7330 I OemIpcHandler: SendOemIpcCommand: main 16 sub 0c len(108) phoneId 1
07-10 01:36:23.641  6877  7330 I OemIpcHandler: SendOemIpcCommand: Send Client 222...
07-10 01:36:23.642  6877  7435 I SipTransportNotifier: isAdhocProfileRegister: domain from StartLine is [sip:ims.mnc001.mcc220.3gppnetwork.org]
07-10 01:36:23.643  6877  7435 I SipTransportNotifier: onSipRegisterTransaction: Find matched tracker. Update RegTracker(state: AUTHORIZING) callId: XjAgx9jb8Bdubpv0STQD-g..
07-10 01:36:23.644  6877  7330 I CpAudioEngineClient: SAE_SignalingInfo: Entry
07-10 01:36:23.644  6877  7330 I CpAudioEngineClient: SAE_SignalingInfo: mode : 1, priority : 255,  msgType : 4
07-10 01:36:23.644  6877  7330 I VoIpEngineProxy: Sending IPC_IMS_SIGNALLING
07-10 01:36:23.644  6877  7330 I DefaultOemIPCHandler: ImsSignalingInfo: SendIpc.
07-10 01:36:23.644  6877  7330 I OemIpcHandler: PrepareWaiting:
07-10 01:36:23.645  6877  7330 I OemIpcHandler: SendOemIpcCommand: main 16 sub 19 len(10) phoneId 1
07-10 01:36:23.645  6877  7330 I OemIpcHandler: IPC counter[41]
07-10 01:36:23.645  6877  7330 I OemIpcHandler: SendOemIpcCommand: Send Client 222...
07-10 01:36:23.645  6877  7330 I OemIpcHandler: WaitwithTimeout:
07-10 01:36:23.649  6877  7333 I reSIProcate: INFO | RESIP:TRANSACTION | TuSelector.cxx:145 | Sending AlarmMessage 128000 to TUs
07-10 01:36:23.651  6877  7333 I reSIProcate: INFO | RESIP:TRANSPORT | TransportSelector.cxx:810 | Via=SIP/2.0/TCP 10.192.37.166:7100;branch=z9hG4bK-524287-1---ada08fc24ed45259;rport;keep;transport=TCP
07-10 01:36:23.651  6877  7333 I reSIProcate: INFO | RESIP:TRANSPORT | TransportSelector.cxx:811 | Target=[ V4 10.24.28.156:9900 TCP target domain=10.24.28.156 mFlowKey=0 ] cport =7102 ] mInterface=rmnet5 ] transportKey=0 ]
07-10 01:36:23.652  6877  7333 I reSIProcate: INFO | RESIP:TRANSPORT | TransportSelector.cxx:1500 | Transmitting to [ V4 10.24.28.156:9900 TCP target domain=10.24.28.156 mFlowKey=0 ] cport =7102 ] mInterface=rmnet5 ] transportKey=59 ] tlsDomain= via [ V4 10.192.37.166:7100 TCP target domain=unspecified mFlowKey=0 ] cport =0 ] mInterface= ] transportKey=0 ]
07-10 01:36:23.652  6877  7333 I reSIProcate: SipReq:  REGISTER ims.mnc001.mcc220.3gppnetwork.org tid=ada08fc24ed45259 cseq=12 REGISTER contact=xxxx@10.192.37.166:7100 / 12 from(tu)sigcomp id=
07-10 01:36:23.653  6877  7333 I reSIProcate: INFO | RESIP:TRANSPORT | Connection.cxx:229 | Interface : rmnet5, Tried to send 1990 bytes, sent 1990 bytes
07-10 01:36:23.665  6877  8346 I OemIpcHandler: onRawReqComplete,
07-10 01:36:23.667  6877  8346 I OemIpcHandler: onRawReqComplete,
07-10 01:36:23.674  6877  7137 I ResipMiscHandler: ALARM_WAKE_UP id=10244
07-10 01:36:23.677  6877  7137 I SECIMSJ : [1535]> 64
07-10 01:36:23.689  6877  8346 I RILClient: processUnsolicited(): resp_id (11024), len(12)
07-10 01:36:23.690  6877  8346 I RILClient: processUnsolicited(): unsol_func resp_id (11024), len(12)
07-10 01:36:23.690  6877  8346 I OemIpcHandler: onUnsol: main 0x80 sub 0x01 type 0x02
07-10 01:36:23.690  6877  8346 I OemIpcHandler: onUnsol: client->prv = cfaeec00
07-10 01:36:23.690  6877  8346 I OemIpcHandler: onUnsol: LastMainCmd 16, LastSubCmd 19, RespMainCmd 16, RespSubCmd 19, RespErrorValue 8000
07-10 01:36:23.690  6877  8346 I OemIpcHandler: Notify:
07-10 01:36:23.690  6877  8346 I OemIpcHandler: Notify: exit
07-10 01:36:23.690  6877  7330 I OemIpcHandler: WaitwithTimeout: exit
07-10 01:36:23.691  6877  7330 I StackIF : processMessage 3
07-10 01:36:23.691  6877  7330 I StackIF : Processing Notify
07-10 01:36:23.692  6877  7330 I SECIMSJ : [UNSL]< 20001
07-10 01:36:23.692  6877  7330 I StackIF : processNotify: id 20001
07-10 01:36:23.692  6877  7330 I ResipMiscHandler: onAlarmRequested: delay=128000 id=10245
07-10 01:36:23.694  6877  7330 I [IMS6.0]: IMS_onResponse()
07-10 01:36:23.694  6877  7330 I StackIF : processMessage 2
07-10 01:36:23.694  6877  7330 I StackIF : Processing Response
07-10 01:36:23.694  6877  7330 I SECIMSJ : [1535]< 901
07-10 01:36:23.694  6877  7330 I StackIF : processResponse: reqId 901
07-10 01:36:23.694  6877  7330 I StackIF : processResponse: handle -1 result 0 reason 0
07-10 01:36:23.706  5293 16464 E power   : Failed to get SystemSuspend service
07-10 01:36:23.764  6429  6543 I System.out: Broadcasting: Intent { act=com.sec.intent.action.CP_CHAN_INFO flg=0x1000000 (has extras) }
07-10 01:36:23.768  6429  6543 I System.out: Broadcasting: Intent { act=com.sec.intent.action.SARDEVICE_CP flg=0x10000000 (has extras) }
07-10 01:36:23.770  6429  6831 I System.out: Broadcast completed: result=0
07-10 01:36:23.777  5674  5866 D MotionRecognitionService: [SAR]  onReceive : SARDEVICE_CP, callAction = on deviceID = 3 slot = 1 device_ext = 0
07-10 01:36:23.779  5674  5866 I MotionRecognitionService: [SAR] id : 0 cmd :on
07-10 01:36:23.781  5674  5866 I MotionRecognitionService: [SAR] A96T3X6 Grip sensor enableSensor
07-10 01:36:23.795  5674  5866 D SensorService: [GripSensor] ++ setGripThdWithMCC  (65560)
07-10 01:36:23.797  5674  5866 D SensorService: GripSensor: MCC Path does not exist
07-10 01:36:23.810  5306  5306 I SensorsGrip: [grip_sensor] enable: GripSensor: enable handle = 11 en = 1
07-10 01:36:23.814  5306  5306 E SensorsGrip: [grip_sensor] enable: mEnabled : 1, first_grip_event : 1
07-10 01:36:23.814  5306  5400 I SensorsGrip: [grip_sensor] readEvents: GripSensor: grip 1ch data = RELEASE
07-10 01:36:23.814  5306  5400 I SensorsGrip: [grip_sensor] readEvents: GripSensor: grip 1ch unknown NORMAL MODE
07-10 01:36:23.815  5674  5866 D SensorManager: registerListener :: 33554443, A96T3X6 Grip sensor, 200000, 0, com.samsung.android.gesture.MotionRecognitionSAR$GripSensorWrapper$1@5e43848
07-10 01:36:23.816  5674  5866 I MotionRecognitionService: [SAR] A96T3X6 Grip sensor enable channel 0 : 2 , channel 1 : 0
07-10 01:36:23.816  5674  5866 I MotionRecognitionService: [SAR] A96T3X6_SUB Grip sensor for sub enableSensor
07-10 01:36:23.817  5674  5866 D SensorService: [GripSensor] ++ setGripThdWithMCC  (65560)
07-10 01:36:23.817  5674  5866 D SensorService: GripSensor: MCC Path does not exist
07-10 01:36:23.818  5306  5306 I SensorsGrip: [grip_sensor_sub] enable: GripSensor: enable handle = 18 en = 1
07-10 01:36:23.822  5306  5401 I SensorsGrip: [grip_sensor_sub] readEvents: GripSensor: grip 1ch data = RELEASE
07-10 01:36:23.823  5306  5306 E SensorsGrip: [grip_sensor_sub] enable: mEnabled : 1, first_grip_event : 1
07-10 01:36:23.823  5674  5866 D SensorManager: registerListener :: 33554450, A96T3X6_SUB Grip sensor for sub, 200000, 0, com.samsung.android.gesture.MotionRecognitionSAR$GripSensorWrapper$1@5817aa8
07-10 01:36:23.824  5674  5866 I MotionRecognitionService: [SAR] A96T3X6_SUB Grip sensor for sub enable channel 0 : 2 , channel 1 : 0
07-10 01:36:23.824  5674  5866 I MotionRecognitionService: [SAR] id : 1 cmd :on
07-10 01:36:23.825  6429  6831 I System.out: Broadcast completed: result=0
07-10 01:36:23.829  5674  5866 I MotionRecognitionService: [SAR] A96T3X6 Grip sensor onSensorChanged : 5.0 , 0.0 , 0.0 , 1.0 , 0.0
07-10 01:36:23.829  5674  5866 I MotionRecognitionService: [SAR] A96T3X6 Grip sensor clearBackOff channel: 0 , index: 0
07-10 01:36:23.829  5674  5866 I MotionRecognitionService: [SAR] A96T3X6 Grip sensorsetTunerGrip 8589934592 , state: false
07-10 01:36:23.850  6461  6566 D MobileStatusTracker(1/2): onDataActivity: direction=2
07-10 01:36:23.852  5674  5866 D MotionRecognitionService: [SAR] set setTransmitPowerExt  value : 8589934592 : false
07-10 01:36:23.852  5674  5866 I MotionRecognitionService: [SAR] tunerGrip is 8589934592, state : false
07-10 01:36:23.852  5674  5866 I MotionRecognitionService: [SAR] A96T3X6_SUB Grip sensor for sub onSensorChanged : 5.0 , 0.0 , 0.0 , 0.0 , 0.0
07-10 01:36:23.853  5674  5866 I MotionRecognitionService: [SAR] A96T3X6_SUB Grip sensor for sub clearBackOff channel: 0 , index: 1
07-10 01:36:23.853  5674  5866 I MotionRecognitionService: [SAR] A96T3X6_SUB Grip sensor for subsetTunerGrip 8589934592 , state: false
07-10 01:36:23.855  6461  6566 D MobileSignalController(1/2): notifyListener: enabled=true, connected=true, dataConnected=false, networkType=LTE (4G), emergencyOnly=false, roaming=false, isDefault=false, dataActivity=out, level=3, ca=false, mmWave=false, disabledDataIcon=false, simCard=ETC
07-10 01:36:23.860  5674  5866 D MotionRecognitionService: [SAR] set setTransmitPowerExt  value : 8589934592 : false
07-10 01:36:23.860  5674  5866 I MotionRecognitionService: [SAR] tunerGrip is 8589934592, state : false
07-10 01:36:23.932  6877  7333 I reSIProcate: INFO | RESIP:TRANSPORT | Transport.cxx:401 | incoming from: [ V4 10.24.28.156:9900 TCP target domain=10.24.28.156 mFlowKey=206 ] cport =7102 ] mInterface=rmnet5 ] transportKey=59 ]
07-10 01:36:23.933  6877  7333 I reSIProcate: INFO | RESIP:TRANSPORT | Transport.cxx:402 | SipResp: 200 tid=ada08fc24ed45259 cseq=12 REGISTER contact=xxxx@10.192.37.166:7100 / 12 from(wire)
07-10 01:36:23.933  6877  7333 I reSIProcate: INFO | RESIP:TRANSPORT | Connection.cxx:450 | Connection::performReads()  read=735
07-10 01:36:23.936  6877  7333 I CpAudioEngineClient: SAE_NotiInfo: SAE_NotiInfo string: 01:36:23.936<200 OK:12 REGISTER
07-10 01:36:23.936  6877  7333 I VoIpEngineProxy: NotiInfo:Sending IPC_IMS_INFO Noti
07-10 01:36:23.936  6877  7333 I OemIpcHandler: ImsNotiInfo ImsNoti send IPC : 01:36:23.936<200 OK:12 REGISTER
07-10 01:36:23.936  6877  7333 I OemIpcHandler: SendOemIpcCommand: main 16 sub 0c len(108) phoneId 1
07-10 01:36:23.936  6877  7333 I OemIpcHandler: SendOemIpcCommand: Send Client 222...
07-10 01:36:23.937  6877  7330 I StackIF : processMessage 3
07-10 01:36:23.937  6877  7330 I StackIF : Processing Notify
07-10 01:36:23.937  6877  7330 I SECIMSJ : [UNSL]< 10003
07-10 01:36:23.937  6877  7330 I StackIF : processNotify: id 10003
07-10 01:36:23.937  6877  7333 I reSIProcate: INFO | RESIP:TRANSACTION | TuSelector.cxx:145 | Sending AlarmMessage 0 to TUs
07-10 01:36:23.940  6877  8346 I OemIpcHandler: onRawReqComplete,
07-10 01:36:23.940  6877  7330 I SIPMSG[1]: [<--] SIP/2.0 200 OK [CSeq: 12 REGISTER]
07-10 01:36:23.940  6877  7137 I ResipRawSipHandler: handleMessage: event: 100
07-10 01:36:23.940  6877  7330 E StackRequestBuilderUtil: not added translate Mno Inverse Map
07-10 01:36:23.944  6877  7137 I ResipVolteHandler: handleMessage: evt 114
07-10 01:36:23.947  6877  7330 E #IMSCR  : 07-10 01:36:23 0x11030002:1,REG EXP:3600
07-10 01:36:23.948  6877  7330 I StackIF : processMessage 3
07-10 01:36:23.948  6877  7330 I StackIF : Processing Notify
07-10 01:36:23.948  6877  7330 I SECIMSJ : [UNSL]< 20002
07-10 01:36:23.949  6877  7330 I StackIF : processNotify: id 20002
07-10 01:36:23.949  6877  7330 I ResipMiscHandler: onAlarmCancelled: id=10243
07-10 01:36:23.951  6877  7435 I SipTransportNotifier: onSipRegisterTransaction: Find matched tracker. Update RegTracker(state: AUTHORIZING) callId: XjAgx9jb8Bdubpv0STQD-g..
07-10 01:36:23.951  6877  7330 I StackIF : processMessage 3
07-10 01:36:23.951  6877  7330 I StackIF : Processing Notify
07-10 01:36:23.951  6877  7330 I SECIMSJ : [UNSL]< 20001
07-10 01:36:23.951  6877  7330 I StackIF : processNotify: id 20001
07-10 01:36:23.951  6877  7330 I ResipMiscHandler: onAlarmRequested: delay=3600000 id=10246
07-10 01:36:23.952  6877  7330 I StackIF : processMessage 3
07-10 01:36:23.952  6877  7330 I StackIF : Processing Notify
07-10 01:36:23.952  6877  7330 I SECIMSJ : [UNSL]< 20001
07-10 01:36:23.952  6877  7330 I StackIF : processNotify: id 20001
07-10 01:36:23.952  6877  7330 I ResipMiscHandler: onAlarmRequested: delay=3000000 id=10247
07-10 01:36:23.952  6877  7330 I StackIF : processMessage 3
07-10 01:36:23.953  6877  7330 I StackIF : Processing Notify
07-10 01:36:23.953  6877  7330 I SECIMSJ : [UNSL]< 10001
07-10 01:36:23.953  6877  7330 I StackIF : processNotify: id 10001
07-10 01:36:23.953  6877  7330 I StackIF : RegistrationStatus - handle 15 serviceList [mmtel-video, smsip, mmtel] regiType REGI code 200 reason OK ecmpMode 0 retryAfter 0 reason header
07-10 01:36:23.960  6877  7330 I UserAgent[1]: onRegistered: handle=15 error=200 - OK -  ecmpMode=0 serviceList=[mmtel-video, smsip, mmtel]
07-10 01:36:23.976  6877  7330 I StackIF : processMessage 3
07-10 01:36:23.976  6877  7330 I StackIF : Processing Notify
07-10 01:36:23.976  6877  7320 I UserAgent<1>: RegisteredState reRegistered.
07-10 01:36:23.976  6877  7330 I SECIMSJ : [UNSL]< 20002
07-10 01:36:23.976  6877  7330 I StackIF : processNotify: id 20002
07-10 01:36:23.977  6877  7330 I ResipMiscHandler: onAlarmCancelled: id=10245
07-10 01:36:23.977  6877  7330 I CpAudioEngineClient: SAE_SignalingInfo: Entry
07-10 01:36:23.977  6877  7330 I CpAudioEngineClient: SAE_SignalingInfo: mode : 2, priority : 255,  msgType : 4
07-10 01:36:23.977  6877  7330 I VoIpEngineProxy: Sending IPC_IMS_SIGNALLING
07-10 01:36:23.977  6877  7330 I DefaultOemIPCHandler: ImsSignalingInfo: SendIpc.
07-10 01:36:23.977  6877  7330 I OemIpcHandler: PrepareWaiting:
07-10 01:36:23.977  6877  7330 I OemIpcHandler: SendOemIpcCommand: main 16 sub 19 len(10) phoneId 1
07-10 01:36:23.977  6877  7330 I OemIpcHandler: IPC counter[42]
07-10 01:36:23.978  6877  7330 I OemIpcHandler: SendOemIpcCommand: Send Client 222...
07-10 01:36:23.978  6877  7330 I OemIpcHandler: WaitwithTimeout:
07-10 01:36:23.980  6877  8346 I OemIpcHandler: onRawReqComplete,
07-10 01:36:23.983  5293 16464 E power   : Failed to get SystemSuspend service
07-10 01:36:23.984  6877  8346 I RILClient: processUnsolicited(): resp_id (11024), len(12)
07-10 01:36:23.984  6877  8346 I RILClient: processUnsolicited(): unsol_func resp_id (11024), len(12)
07-10 01:36:23.984  6877  8346 I OemIpcHandler: onUnsol: main 0x80 sub 0x01 type 0x02
07-10 01:36:23.984  6877  8346 I OemIpcHandler: onUnsol: client->prv = cfaeec00
07-10 01:36:23.984  6877  8346 I OemIpcHandler: onUnsol: LastMainCmd 16, LastSubCmd 19, RespMainCmd 16, RespSubCmd 19, RespErrorValue 8000
07-10 01:36:23.984  6877  8346 I OemIpcHandler: Notify:
07-10 01:36:23.984  6877  8346 I OemIpcHandler: Notify: exit
07-10 01:36:23.984  6877  7330 I OemIpcHandler: WaitwithTimeout: exit
07-10 01:36:23.990  6877  7320 I UserAgent[1]: extractDomain: For IMSI-based registration, use phone-context as domain.
07-10 01:36:23.998  6877  7320 I UserAgent<1>: getPreferredImpu: null
07-10 01:36:24.000  6877  7320 I StackIF : setPreferredImpu: handle 15 impu sip:xxxxxxxxxxxxxxx@ims.mnc001.mcc220.3gppnetwork.org
07-10 01:36:24.001  6877  7320 I SECIMSJ : [1536]> 136
07-10 01:36:24.002  6877  7330 I [IMS6.0]: IMS_onResponse()
07-10 01:36:24.002  6877  7330 I StackIF : processMessage 2
07-10 01:36:24.002  6877  7330 I StackIF : Processing Response
07-10 01:36:24.002  6877  7330 I SECIMSJ : [1536]< 107
07-10 01:36:24.002  6877  7330 I StackIF : processResponse: reqId 107
07-10 01:36:24.003  6877  7330 I StackIF : processResponse: handle 15 result 0 reason 0
07-10 01:36:24.003  6877  7320 I ResipRegiMgr: onRegistered: UA handle 15
07-10 01:36:24.003  6877  7137 I RegiMgr-Handler: handleMessage: EVENT_REGISTERED
07-10 01:36:24.004  6877  7137 I RegiMgr : #IMSREGI - KPI[1]: 13 LATCH 131958.929s
07-10 01:36:24.004  6877  7137 I RegiMgr : #IMSREGI - KPI[1]: PDN Setup -11891.955s [Request by IMS : false]
07-10 01:36:24.004  6877  7137 I RegiMgr : #IMSREGI - KPI[1]: SIP Registration 27005.371s
07-10 01:36:24.004  6877  7137 I RegiMgr : #IMSREGI - KPI[1]: Total Time 147072.473s, <Gap IMS PDN from Request to Connected : 0.128s>, <Gap Latch from Data Attch to PDN Request : 0.0s (Request by RIL)>
07-10 01:36:24.005  6877  7137 I RegiMgr : slot[1]: [Telenor Serbia IMS|REGISTERED] onRegistered: RAT = 13, profile=Telenor Serbia IMS, service=[mmtel-video, smsip, mmtel]
07-10 01:36:24.013  6877  7137 E #IMSCR  : 07-10 01:36:24 0x11010000:1,REG OK:13:Telenor_RS:ims:0x00000007
07-10 01:36:24.014  6877  7137 I ConfigProvider: query uri:xxxxx
07-10 01:36:24.027  6877  7137 I ConfigProvider: queryStorage path content://com.samsung.rcs.autoconfigurationprovider/parameter/inturlfmt#simslot1
07-10 01:36:24.030  6877  7137 I RcsConfigurationHelper<1>: getNetworkUriType: rcsUriFmt[-1]
07-10 01:36:24.034  6877  7137 I RegisterTask: isSuspended: mSuspended(false) mSuspendByIrat(false)
07-10 01:36:24.041  6877  7137 E GlobalSettingsRepoBase: globalgcsettings No matched key : show_vowifi_regi_icon
07-10 01:36:24.041  6877  7137 E GlobalSettingsRepoBase: globalgcsettings No matched key : show_volte_regi_icon
07-10 01:36:24.042  6877  7137 E GlobalSettingsRepoBase: globalgcsettings No matched key : remove_icon_nosvc
07-10 01:36:24.043  6877  7137 E GlobalSettingsRepoBase: globalgcsettings No matched key : hide_vowifi_icon_when_cs_call
07-10 01:36:24.044  6877  7137 I ImsIconManager<1>: getRegiRat [13], getCurrentNetwork [13]
07-10 01:36:24.044  6877  7137 I ImsIconManager<1>: updateRegistrationIcon: VoLTE [show: true, regi: true] VoWiFi [show: true, regi: false] RCS [show: false, regi: false] CROSS SIM [regi: false] (SUSPENDED: false)
07-10 01:36:24.045  6877  7137 E GlobalSettingsRepoBase: globalgcsettings No matched key : volte_regi_icon_id2
07-10 01:36:24.049  6877  7137 E GlobalSettingsRepoBase: globalgcsettings No matched key : show_rcs_regi_icon
07-10 01:36:24.049  6877  7137 I ImsIconManager<1>: isRcsIconVisible: true
07-10 01:36:24.049  6877  7137 E GlobalSettingsRepoBase: globalgcsettings No matched key : vowifi_operator_label
07-10 01:36:24.050  6877  7137 I RegiMgr<0>: tryRegister:
07-10 01:36:24.050  6877  7137 I RegiMgr<0>: RegisterTask(s): Megafon VoLTE (IDLE)
07-10 01:36:24.051  6877  7137 I RegiMgr<1>: RegisterTask(s): Telenor Serbia IMS (REGISTERED, rat = 13, service = [mmtel-video, smsip, mmtel]), Global GC RCS (IDLE)
07-10 01:36:24.051  6877  7137 I RcsPolicyMgr<0>: pendingRcsRegister: mActiveDataPhoneId = 1
07-10 01:36:24.051  6877  7137 I RegisterTask: isSuspended: mSuspended(false) mSuspendByIrat(false)
07-10 01:36:24.052  6877  7137 I RegiMgr<0>: [Megafon VoLTE|IDLE] checkForTryRegister id: 891
07-10 01:36:24.052  6877  7137 I RegiMgr : isPdnConnected: false, PdnType: 11
07-10 01:36:24.057  6877  7137 I PdnController: getDefaultNetworkBearer:  WIFI
07-10 01:36:24.059  6877  7137 I PdnController<0>: isNetworkAvailable: isEpdgConnected=false getDataNetworkType()=13
07-10 01:36:24.062  6877  7137 I RegiMgr-Utils<0>: findBestNetwork: LTE
07-10 01:36:24.077  6877  7137 I RegiGvnBase<0>: isReadyToDualRegister : true
07-10 01:36:24.081  6877  7137 I RegiMgr<0>: [Megafon VoLTE|IDLE] checkInitialRegistrationIsReady: APM ON [false], Roamimg [false]
07-10 01:36:24.081  6877  7137 I RcsPolicyMgr<0>: pendingRcsRegister: mActiveDataPhoneId = 1
07-10 01:36:24.081  6877  7137 I ImsProfile: isRttSupportByCallApp : false ttyType : 1
07-10 01:36:24.081  6877  7137 I RegiMgr-Utils<0>: getPriorityRegiedTask : isPriority  High? true
07-10 01:36:24.082  6877  7137 I RegiGvnBase: checkRegiStatus: getState()=IDLE mIsUpdateRegistering=false
07-10 01:36:24.083  6877  7137 I RegiMgr<0>: getTelephonyCallStatus:
07-10 01:36:24.089  6877  7137 E TelephonyManagerWrapper: use backup gid : null
07-10 01:36:24.089  6877  7137 I RcsUtils<0>: dualRcsPolicyCase: policy 0
07-10 01:36:24.097  6877  7137 I ConfigTrigger<0>: isWaitAutoConfig:
07-10 01:36:24.099  6877  7137 E TelephonyManagerWrapper: use backup gid : null
07-10 01:36:24.100  6877  7137 I RcsUtils<0>: dualRcsPolicyCase: policy 0
07-10 01:36:24.100  6877  7137 I RegiMgr-Utils: selectPdnType: rat=13pdn=11
07-10 01:36:24.100  6877  7137 I RegiMgr<0>: getServiceForNetwork: network 13
07-10 01:36:24.100  6877  7137 I RegiMgr<0>: getServiceForNetwork: service {mmtel, smsip}
07-10 01:36:24.116  6877  7137 I SimManager: isLabSimCard: state [LOADED] isLabSim [false]
07-10 01:36:24.120  6877  7137 I RegiGvnEur: isDataAllowed: isRoaming = true, isDataOn = true, isDataRoamingOn =false
07-10 01:36:24.120  6877  7137 I RegiGvnEur<0>: Mobile off!
07-10 01:36:24.120  6877  7137 I ConfigTrigger<0>: isValidAcsVersion:
07-10 01:36:24.121  6877  7137 E TelephonyManagerWrapper: use backup gid : null
07-10 01:36:24.121  6877  7137 I RcsUtils<0>: dualRcsPolicyCase: policy 0
07-10 01:36:24.121  6877  7137 I ConfigTrigger<0>: DDS set to other SIM
07-10 01:36:24.121  6877  7137 I RegiGvnEur<0>: by VoPS policy: remove all service
07-10 01:36:24.122  6877  7137 I RegiMgr<0>: getServiceForNetwork: filtered service []
07-10 01:36:24.122  6877  7137 I RegiMgr<0>: Megafon VoLTE: no ims service for current rat13
07-10 01:36:24.124  6877  7137 I PdnController: slot[0]: stopPdnConnectivity: network 11, callback is null
07-10 01:36:24.124  6877  7137 E PdnController<0>: requestStopNetwork: callback not found
07-10 01:36:24.124  6877  7137 E #IMSCR  : 07-10 01:36:24 0x1101000B:0,FILTERED ALL:11
07-10 01:36:24.125  6877  7137 E #IMSREGI: (0, Megafon VoLTE) NOT_TRIGGERED : reason - VOPS_OFF
07-10 01:36:24.125  6877  7137 I RegiMgr<1>: tryRegister:
07-10 01:36:24.125  6877  7137 I RegiMgr<0>: RegisterTask(s): Megafon VoLTE (IDLE)
07-10 01:36:24.125  6877  7137 I RegiMgr<1>: RegisterTask(s): Telenor Serbia IMS (REGISTERED, rat = 13, service = [mmtel-video, smsip, mmtel]), Global GC RCS (IDLE)
07-10 01:36:24.125  6877  7137 I RcsPolicyMgr<1>: pendingRcsRegister: mActiveDataPhoneId = 1
07-10 01:36:24.125  6877  7137 I RcsPolicyMgr<1>: pendingRcsRegister: mActiveDataPhoneId = 1
07-10 01:36:24.125  6877  7137 I RegisterTask: isSuspended: mSuspended(false) mSuspendByIrat(false)
07-10 01:36:24.125  6877  7137 I RegiMgr<1>: [Global GC RCS|IDLE] checkForTryRegister id: 1003
07-10 01:36:24.125  6877  7137 I RegiMgr : isPdnConnected: false, PdnType: 1
07-10 01:36:24.128  6877  7137 I PdnController: getDefaultNetworkBearer:  WIFI
07-10 01:36:24.129  6877  7137 I PdnController: isWifiConnected: [type: WIFI[], state: CONNECTED/CONNECTED, reason: (unspecified), extra: , failover: false, available: true, roaming: false]
07-10 01:36:24.129  6877  7137 I RegiMgr-Utils<1>: findBestNetwork: WIFI needWifiNetwork = true
07-10 01:36:24.130  6877  7137 I RegiGvnBase<1>: isReadyToDualRegister : true
07-10 01:36:24.132  6877  7137 I RegiMgr<1>: [Global GC RCS|IDLE] checkInitialRegistrationIsReady: APM ON [false], Roamimg [false]
07-10 01:36:24.132  6877  7137 I RcsPolicyMgr<1>: pendingRcsRegister: mActiveDataPhoneId = 1
07-10 01:36:24.132  6877  7137 I ImsProfile: isRttSupportByCallApp : false ttyType : 1
07-10 01:36:24.132  6877  7137 I RegiMgr-Utils<1>: getPriorityRegiedTask : isPriority  High? true
07-10 01:36:24.133  6877  7137 I RegiGvnBase: checkRegiStatus: getState()=IDLE mIsUpdateRegistering=false
07-10 01:36:24.133  6877  7137 I RegiMgr<1>: getTelephonyCallStatus:
07-10 01:36:24.135  6877  7137 I ConfigProvider: query uri:xxxxx
07-10 01:36:24.140  6877  7137 I ConfigProvider: queryStorage path content://com.samsung.rcs.autoconfigurationprovider/parameter/version#simslot1
07-10 01:36:24.147  6877  7137 E GlobalSettingsRepoBase: globalgcsettings No matched key : dual_rcs_policy
07-10 01:36:24.150  6877  7137 I ImsServiceSwitchEur[1]:  isRcsEnabled: true mDefaultSms true mUpsmEnabled false mEmergencyEnabled false
07-10 01:36:24.153  6877  7137 I ConfigTrigger<1>: isWaitAutoConfig:
07-10 01:36:24.154  6877  7137 E GlobalSettingsRepoBase: globalgcsettings No matched key : dual_rcs_policy
07-10 01:36:24.156  6877  7137 I ImsServiceSwitchEur[1]:  isRcsEnabled: true mDefaultSms true mUpsmEnabled false mEmergencyEnabled false
07-10 01:36:24.156  6877  7137 I RegiMgr-Utils: selectPdnType: rat=18pdn=1
07-10 01:36:24.156  6877  7137 I RegiMgr<1>: getServiceForNetwork: network 18
07-10 01:36:24.156  6877  7137 I RegiMgr<1>: getServiceForNetwork: service {options, chatbot-communication, ft_http, im, euc, gls}
07-10 01:36:24.165  6877  7137 I ConfigTrigger<1>: isValidAcsVersion:
07-10 01:36:24.165  6877  7137 E GlobalSettingsRepoBase: globalgcsettings No matched key : dual_rcs_policy
07-10 01:36:24.167  6877  7137 I ConfigProvider: query uri:xxxxx
07-10 01:36:24.172  6877  7137 I ConfigProvider: queryStorage path content://com.samsung.rcs.autoconfigurationprovider/parameter/version#simslot1
07-10 01:36:24.176  5674  5694 D SecContentProvider2: query(), uri = 18 selection = isRCSEnabled
07-10 01:36:24.178  5674  5694 I PhoneRestrictionPolicy: isRCSEnabledInternal(), showMsg: false, columnName: enableRCS
07-10 01:36:24.179  5674  5694 E PhoneRestrictionPolicy: getEmergencyCall >>false
07-10 01:36:24.180  5674  5694 I PhoneRestrictionPolicy: isRCSEnabledInternal(), showMsg: false, columnName: enableRCSForSimSlot1
07-10 01:36:24.180  5674  5694 E PhoneRestrictionPolicy: getEmergencyCall >>false
07-10 01:36:24.182  6877  7137 I ConfigTrigger<1>: RCS switch: true, version: 0, isRcsAcsCompleted: true
07-10 01:36:24.182  6877  7137 I ConfigTrigger<1>: version is improper : 0
07-10 01:36:24.183  6877  7137 I RegiGvnBase: isVideoCallEnabled: Enable
07-10 01:36:24.184  6877  7137 I RegiMgr<1>: getServiceForNetwork: filtered service []
07-10 01:36:24.184  6877  7137 I RegiMgr<1>: Global GC RCS: no ims service for current rat18
07-10 01:36:24.185  6877  7137 I PdnController: slot[1]: stopPdnConnectivity: network 1, callback is null
07-10 01:36:24.186  6877  7137 E PdnController<1>: requestStopNetwork: callback not found
07-10 01:36:24.186  6877  7137 E #IMSCR  : 07-10 01:36:24 0x1101000B:1,FILTERED ALL:1
07-10 01:36:24.186  6877  7137 I RegiMgr<1>: notifyImsRegistration(): Name : Telenor Serbia IMS, enabled : 2, pdn : ims, transport : udp-preferred, roaming : true, scmversion : 0, selfport : 5060, emergency : false, hashAlgoType : 0
07-10 01:36:24.189  6877  7137 I ConfigModule<1>: onRegistrationStatusChanged: [Telenor Serbia IMS] registered[true], response [0], 403Forbidden Count [0]
07-10 01:36:24.189  6877  7137 E #IMSCR  : 07-10 01:36:24 0x13000009:1,EC:0,CNT:0
07-10 01:36:24.190  6877  7137 I ConfigTrigger<1>: isValidAcsVersion:
07-10 01:36:24.190  6877  7137 E GlobalSettingsRepoBase: globalgcsettings No matched key : dual_rcs_policy
07-10 01:36:24.192  6877  7137 I ConfigProvider: query uri:xxxxx
07-10 01:36:24.197  6877  7137 I ConfigProvider: queryStorage path content://com.samsung.rcs.autoconfigurationprovider/parameter/version#simslot1
07-10 01:36:24.199  5674  5694 D SecContentProvider2: query(), uri = 18 selection = isRCSEnabled
07-10 01:36:24.199  5674  5694 I PhoneRestrictionPolicy: isRCSEnabledInternal(), showMsg: false, columnName: enableRCS
07-10 01:36:24.199  5674  5694 E PhoneRestrictionPolicy: getEmergencyCall >>false
07-10 01:36:24.200  5674  5694 I PhoneRestrictionPolicy: isRCSEnabledInternal(), showMsg: false, columnName: enableRCSForSimSlot1
07-10 01:36:24.200  5674  5694 E PhoneRestrictionPolicy: getEmergencyCall >>false
07-10 01:36:24.201  6877  7137 I ConfigTrigger<1>: RCS switch: true, version: 0, isRcsAcsCompleted: true
07-10 01:36:24.201  6877  7137 I ConfigTrigger<1>: version is improper : 0
07-10 01:36:24.202  6877  7137 I SmsServiceModule: Registered to SMS service. ImsRegistration [mHandle=15, mProfile=Telenor Serbia IMS, mServices=[mmtel-video, smsip, mmtel], mDomain=ims.mnc001.mcc220.3gppnetwork.org, mDeviceList=[], mSubscriptionId=2, mPhoneId=1, mPdnType=11, mPcscf=10.24.28.156, mEcmpStatus=0, mRegExpiryStatus=0, mEpdgStatus=false, mEpdgOverCellularData=false, mProhibited=false, mNetwork=116, mDeregiReason =14]
07-10 01:36:24.202  6877  7137 I SmsServiceModule: Sms Service updateCapabilities [1]
07-10 01:36:24.202  6877  7137 I SmsServiceModule: regInfo: ImsRegistration [mHandle=15, mProfile=Telenor Serbia IMS, mServices=[mmtel-video, smsip, mmtel], mDomain=ims.mnc001.mcc220.3gppnetwork.org, mDeviceList=[], mSubscriptionId=2, mPhoneId=1, mPdnType=11, mPcscf=10.24.28.156, mEcmpStatus=0, mRegExpiryStatus=0, mEpdgStatus=false, mEpdgOverCellularData=false, mProhibited=false, mNetwork=116, mDeregiReason =14]
07-10 01:36:24.202  6877  7137 I GoogleImsService: updateCapabilities, phoneId: 1
07-10 01:36:24.203  6877  7137 E #IMSCR  : 07-10 01:36:24 0x3000000C:1
07-10 01:36:24.204  6877  7137 I ImsServiceStub<1>: isServiceAvailable: VoImsFeature : (mmtel) is not supported
07-10 01:36:24.204  6877  7137 I ImsServiceStub<1>: isServiceAvailable: VoImsFeature : (mmtel-video) is not supported
07-10 01:36:24.204  6877  7137 I VolteServiceModule: Registered to VOLTE service. xxxxx TTYMode 0
07-10 01:36:24.204  6877  7137 I VolteServiceModule: Registered Feature 12288 with handle 15
07-10 01:36:24.205  6877  7137 I ImsProfile: isRttSupportByCallApp : false ttyType : 1
07-10 01:36:24.205  6877  7137 I CmcServiceHelper: mmtel Registered ? true
07-10 01:36:24.206  6877  7137 I SmsServiceModule: regInfo: ImsRegistration [mHandle=15, mProfile=Telenor Serbia IMS, mServices=[mmtel-video, smsip, mmtel], mDomain=ims.mnc001.mcc220.3gppnetwork.org, mDeviceList=[], mSubscriptionId=2, mPhoneId=1, mPdnType=11, mPcscf=10.24.28.156, mEcmpStatus=0, mRegExpiryStatus=0, mEpdgStatus=false, mEpdgOverCellularData=false, mProhibited=false, mNetwork=116, mDeregiReason =14]
07-10 01:36:24.206  6877  7137 I SmsServiceModule: Sms Service queryCapabilityStatus[1]: addCapabilities CAPABILITY_TYPE_SMS
