07-10 00:46:35.276  6877  7137 I PhoneStateTracker<1>: onServiceStateChanged: state={mVoiceRegState=0(IN_SERVICE), mDataRegState=0(IN_SERVICE), mChannelNumber=1300, duplexMode()=1, mCellBandwidths=[], mOperatorAlphaLong=Yettel, mOperatorAlphaShort=Yettel, isManualNetworkSelection=false(automatic), getRilVoiceRadioTechnology=14(LTE), getRilDataRadioTechnology=14(LTE), mCssIndicator=unsupported, mNetworkId=*1, mSystemId=*1, mCdmaRoamingIndicator=-1, mCdmaDefaultRoamingIndicator=-1, VoiceRegType=0, Snap=0, MobileData=IN_SERVICE, MobileDataRoamingType=home, MobileDataRat=LTE, PsOnly=false, FemtocellInd=0, SprDisplayRoam=false, OptRadioTech=0, MsimSubmode=0, mIsEmergencyOnly=false, isUsingCarrierAggregation=false, mArfcnRsrpBoost=0, mNetworkRegistrationInfos=[NetworkRegistrationInfo{ domain=CS transportType=WWAN registrationState=HOME roamingType=NOT_ROAMING accessNetworkTechnology=LTE rejectCause=0 emergencyEnabled=false availableServices=[VOICE,SMS,VIDEO] cellIdentity=CellIdentityLte:{ mCi=1****11 mPci=67 mTac=1***3 mEarfcn=1300 mBands=[] mBandwidth=2147483647 mMcc=220 mMnc=01 mAlphaLong=Yettel mAlphaShort=Yettel mAdditionalPlmns={} mCsgInfo=null} voiceSpecificInfo=VoiceSpecificRegistrationInfo { mCssSupported=false mRoamingIndicator=0 mSystemIsInPrl=0 mDefaultRoamingIndicator=0} dataSpecificInfo=null nrState=**** rRplmn=22001 isUsingCarrierAggregation=false}, NetworkRegistrationInfo{ domain=PS transportType=WWAN registrationState=HOME roamingType=NOT_ROAMING accessNetworkTechnology=LTE rejectCause=0 emergencyEnabled=false availableServices=[DATA] cellIdentity=CellIdentityLte:{ mCi=1****11 mPci=67 mTac=1***3 mEarfcn=1300 mBands=[] mBandwidth=2147483647 mMcc=220 mMnc=01 mAlphaLong=Yettel mAlphaShort=Yettel mAdditionalPlmns={} mCsgInfo=null} voiceSpecificInfo=null dataSpecificInfo=android.telephony.DataSpecificRegistrationInfo :{ maxDataCalls = 4 isDcNrRestricted = false isNrAvailable = false isEnDcAvailable = false LteVopsSupportInfo :  mVopsSupport = 2 mEmcBearerSupport = 3 } nrState=**** rRplmn=22001 isUsingCarrierAggregation=false}], mNrFrequencyRange=0, mOperatorAlphaLongRaw=Yettel, mOperatorAlphaShortRaw=Yettel, mIsDataRoamingFromRegistration=false, mIsIwlanPreferred=false}Changed=
07-10 00:46:35.277  6877  7137 I PdnController<1>: notifyDataConnectionState
07-10 00:46:35.277  6877  7137 I PdnController<1>: initialize PendedEPDGWeakSignal flag
07-10 00:46:35.277  6877  7137 I PdnController<1>: setPendedEPDGWeakSignal
07-10 00:46:35.277  6877  7137 I PdnController<1>: notifyDataConnectionState: needNotify=false networkType=13 isEpdgConnected=false dataNetType=13=>13 dataRegState=0=>0
07-10 00:46:35.277  6877  7137 I PhoneStateTracker<1>: notifySnapshotState: snapshotState=0 old=0
07-10 00:46:35.277  6877  7137 E GlobalSettingsRepoBase: globalgcsettings No matched key : separate_vo5g_icon
07-10 00:46:35.277  6877  7137 I PdnController: handleMessage: what 107
07-10 00:46:35.277  6877  7137 I PdnController: slot[1]: requestStopNetwork: network 1, callback is null
07-10 00:46:35.278  6877  7137 I GeolocationCon: handleMessage : what = SERVICE_STATE_CHANGED
07-10 00:46:35.278  6877  7137 I GeolocationCon: matchTimingReqLocation ,match=0, timing=4
07-10 00:46:35.279  6877  7137 I GeolocationCon: matchTimingReqLocation ,match=0, timing=4
07-10 00:46:35.279  6877  7137 I GeolocationCon: matchTimingReqLocation ,match=0, timing=4
07-10 00:46:35.279  6877  7137 I GeolocationCon: profile is null
07-10 00:46:35.279  6877  7137 I GeolocationCon<1>: onNetworkCountryIsoChanged: mCountryIso = rs, iso = rs
07-10 00:46:36.218  5353  6075 V APM_AudioPolicyManager: setAppState(portId:1005, state:1)
07-10 00:46:36.220  5674  5745 W libprocessgroup: Failed to open /dev/blkio//cgroup.procs: No such file or directory
07-10 00:46:36.237  5674  5745 W libprocessgroup: Failed to open /dev/blkio//cgroup.procs: No such file or directory
07-10 00:46:36.238  5353  6075 V APM_AudioPolicyManager: setAppState(portId:1005, state:1)
07-10 00:46:36.286  5353  6075 V APM_AudioPolicyManager: setAppState(portId:1005, state:1)
07-10 00:46:36.288  5353  6075 V APM_AudioPolicyManager: setAppState(portId:1005, state:1)
07-10 00:46:36.301  5353  6075 V APM_AudioPolicyManager: setAppState(portId:1005, state:1)
07-10 00:46:36.304  5353  6075 V APM_AudioPolicyManager: setAppState(portId:1005, state:1)
07-10 00:46:36.409 11611 11645 D Benchmark: THERMAL THROTTLE DETECTED, SLEEPING FOR 90 SECONDS
07-10 00:46:36.431  6461  6566 D MobileStatusTracker(1/2): onSignalStrengthsChanged level=2, vendorLevel=1
07-10 00:46:36.439  6461  6566 D MobileSignalController(1/2): notifyListener: enabled=true, connected=true, dataConnected=false, networkType=LTE (4G), emergencyOnly=false, roaming=false, isDefault=false, dataActivity=, level=1, ca=false, mmWave=false, disabledDataIcon=false, simCard=ETC
07-10 00:46:36.439  6461  6566 D NetworkController: SignalStrength from intent slotId=1
07-10 00:46:36.825 14404 15853 W libc    : Access denied finding property "sys.perf.boostopt"
07-10 00:46:36.827  5262  5262 E audit   : type=1400 audit(1688942796.821:69488): avc:  denied  { read } for  pid=14404 comm="binder:14404_A" name="u:object_r:perf_prop:s0" dev="tmpfs" ino=10663 scontext=u:r:untrusted_app:s0:c252,c256,c512,c768 tcontext=u:object_r:perf_prop:s0 tclass=file permissive=0 SEPF_SM-A515F_13_0001 audit_filtered
07-10 00:46:36.827  5262  5262 E audit   : type=1300 audit(1688942796.821:69488): arch=c00000b7 syscall=56 success=no exit=-13 a0=ffffff9c a1=7b8a0072f8 a2=88000 a3=0 items=0 ppid=5287 pid=14404 auid=4294967295 uid=10252 gid=10252 euid=10252 suid=10252 fsuid=10252 egid=10252 sgid=10252 fsgid=10252 tty=(none) ses=4294967295 comm="binder:14404_A" exe="/system/bin/app_process64" subj=u:r:untrusted_app:s0:c252,c256,c512,c768 key=(null)
07-10 00:46:36.827  5262  5262 E audit   : type=1327 audit(1688942796.821:69488): proctitle="com.google.android.apps.photos"
07-10 00:46:37.774  5674  6055 D ConnectivityService: notifyType CALLBACK_CAP_CHANGED for [118 WIFI]
07-10 00:46:37.774  5674  7726 D SemWifiUsabilityStatsMonitor: onWifiUsabilityStats - seqNum 21161, isSameBssidAndFreq true
07-10 00:46:37.776  5674  6128 I SemWifiLinkQualityMonitor: Link Qos Query: 0.123 ms / 65.000 Mbps (390 / 0.000 / 6.000)
07-10 00:46:37.776  5674  6086 D SemWifiSwitchForIndividualAppsService: stopTCPMonitoring : already stopped
07-10 00:46:37.777  5674  6086 I WifiConnectivityMonitor.NCC: sNetworkCallback(oCC) FULL : 118(true/false)[ Transports: WIFI Capabilities: NOT_METERED&INTERNET&NOT_RESTRICTED&TRUSTED&NOT_VPN&VALIDATED&NOT_ROAMING&FOREGROUND&NOT_CONGESTED&NOT_SUSPENDED&NOT_VCN_MANAGED LinkUpBandwidth>=15762Kbps LinkDnBandwidth>=38308Kbps TransportInfo: <SSID: <unknown ssid>, BSSID: 02:00:00:**:**:00, MAC: 02:00:00:**:**:00, IP: /192.168.1.19, Security type: 2, Supplicant state: COMPLETED, Wi-Fi standard: 5, RSSI: -64, Link speed: 390Mbps, Tx Link speed: 390Mbps, Max Supported Tx Link speed: 433Mbps, Rx Link speed: 6Mbps, Max Supported Rx Link speed: 433Mbps, Frequency: 5180MHz, Net ID: -1, Metered hint: false, score: 60, isUsable: true, CarrierMerged: false, SubscriptionId: -1, IsPrimary: 1, Trusted: true, Restricted: false, Ephemeral: false, OEM paid: false, OEM private: false, OSU AP: false, FQDN: <none>, Provider friendly name: <none>, Requesting package name: <none><none>MLO Information: , AP MLD Address: <none>, AP MLO Link Id: <none>, AP MLO Affiliated links: <none>> SignalStrength: -64 AdminUids: [1000] SSID: "Talija" UnderlyingNetworks: Null]
07-10 00:46:37.778  5674  6164 I WifiConnectivityMonitor: current mode : 1
07-10 00:46:37.778  5674  6164 D OpenNetworkQos[4.00]: updateBssidNoInternet: mBssidNoInternet = false
07-10 00:46:37.778  5674  6164 D OpenNetworkQos[4.00]: getOpenNetworkQosNoInternetStatus: false
07-10 00:46:37.778  5674  6164 D OpenNetworkQos[4.00]: getOpenNetworkQosScores: 26 26 26
07-10 00:46:37.779  5674  6164 I WifiProfileShare: network QoS data was changed (internet), updateQoSData networkType: true, qosData: false
07-10 00:46:37.779  5674  7451 V WifiProfileShare.Caster: update wips network, size: 0
07-10 00:46:37.780  5674  7451 D WifiProfileShare: nearby scanning settings run
07-10 00:46:37.780  5674  7451 D WifiProfileShare: network score provider settings enabled
07-10 00:46:37.780  5674  7451 D OpenNetworkQos[4.00]: getOpenNetworkQosScores: 26 26 26
07-10 00:46:37.780  5674  7451 D OpenNetworkQos[4.00]: getOpenNetworkQosNoInternetStatus: false
07-10 00:46:37.780  5674  7451 I WifiProfileShare.Caster: current network type: 0, score: [26, 26, 26]
07-10 00:46:37.781  5674  7451 V WifiProfileShare.Cache: update network score 00:e4:06:**:**:90
07-10 00:46:37.782  5674  7451 D WifiProfileShare.ScanMatcher: getMcfDataList size:2
07-10 00:46:37.782  5674  7451 I WifiProfileShare.Caster: qos data was updated , before:type:QOS, pBssid:51:2e:90, qosData:7c after:type:QOS, pBssid:51:2e:90, qosData:7c
07-10 00:46:37.783  5674  7451 I [MCFSDK_android_1.2.4010]_4_b: isNetworkEnabled - type : 1 ret : true
07-10 00:46:37.783  5674  7451 D WifiProfileShare.McfCast: -ME--- mIsNetworkEnabled :true
07-10 00:46:37.783  5674  7451 D WifiProfileShare.McfCast: updateQoSData ignored, same contents
07-10 00:46:37.783  5674  7451 D WifiProfileShare.MCF: success update QosData !
07-10 00:46:37.784  5674  7451 I [MCFSDK_android_1.2.4010]_4_b: isNetworkEnabled - type : 1 ret : true
07-10 00:46:37.785  5674  7451 D WifiProfileShare.McfCast: -ME--- mIsNetworkEnabled :true
07-10 00:46:37.785  5674  7451 D WifiProfileShare.McfCast: -ME--- updatePasswordDate pwdData size:2
07-10 00:46:37.792  6461  6566 D NetworkController.WifiSignalController: notifyListener: visible=true, connected=true, inetCondition=1, isDefault=true, wifiTestReported=true, receivedInetCondition=-1, hideDuringMobileSwitching=false
07-10 00:46:37.796 16924 19021 I ChimeraSrvcProxy: NullBinder for android.net.action.RECOMMEND_NETWORKS triggering remote TransactionTooLargeException due to Service without Chimera impl
07-10 00:46:37.796 16924 19021 W .gms.persistent: Large reply transaction of 1056768 bytes, interface descriptor , code 1
07-10 00:46:38.131  9837 10033 I SemDvfsHyPerManager: acquire hyper - SIOP_ARM_MAX/9837@2, type = 301993986
07-10 00:46:38.134  5313  5394 I HYPER-HAL: [RequestManager.cpp]acquire(): Acquired ID : 48407882  [9837 / 2]    HINT :      list : [CPUMaxFreq / 2184000]
07-10 00:46:39.587  6461  6566 D MobileStatusTracker(0/1): onSignalStrengthsChanged level=2, vendorLevel=1
07-10 00:46:39.591  6461  6566 D MobileSignalController(0/1): notifyListener: enabled=true, connected=true, dataConnected=false, networkType=LTE (4G), emergencyOnly=false, roaming=true, isDefault=false, dataActivity=, level=1, ca=false, mmWave=false, disabledDataIcon=false, simCard=ETC
07-10 00:46:39.591  6461  6566 D NetworkController: SignalStrength from intent slotId=0
07-10 00:46:40.821  5674  6055 D ConnectivityService: notifyType CALLBACK_CAP_CHANGED for [118 WIFI]
07-10 00:46:40.822  5674  7726 D SemWifiUsabilityStatsMonitor: onWifiUsabilityStats - seqNum 21162, isSameBssidAndFreq true
07-10 00:46:40.828  5674  6086 D SemWifiSwitchForIndividualAppsService: stopTCPMonitoring : already stopped
07-10 00:46:40.829  5674  6128 I SemWifiLinkQualityMonitor: Link Qos Query: 0.123 ms / 65.000 Mbps (390 / 0.000 / 6.000)
07-10 00:46:40.829  5674  6086 I WifiConnectivityMonitor.NCC: sNetworkCallback(oCC) FULL : 118(true/false)[ Transports: WIFI Capabilities: NOT_METERED&INTERNET&NOT_RESTRICTED&TRUSTED&NOT_VPN&VALIDATED&NOT_ROAMING&FOREGROUND&NOT_CONGESTED&NOT_SUSPENDED&NOT_VCN_MANAGED LinkUpBandwidth>=38087Kbps LinkDnBandwidth>=48162Kbps TransportInfo: <SSID: <unknown ssid>, BSSID: 02:00:00:**:**:00, MAC: 02:00:00:**:**:00, IP: /192.168.1.19, Security type: 2, Supplicant state: COMPLETED, Wi-Fi standard: 5, RSSI: -61, Link speed: 390Mbps, Tx Link speed: 390Mbps, Max Supported Tx Link speed: 433Mbps, Rx Link speed: 6Mbps, Max Supported Rx Link speed: 433Mbps, Frequency: 5180MHz, Net ID: -1, Metered hint: false, score: 60, isUsable: true, CarrierMerged: false, SubscriptionId: -1, IsPrimary: 1, Trusted: true, Restricted: false, Ephemeral: false, OEM paid: false, OEM private: false, OSU AP: false, FQDN: <none>, Provider friendly name: <none>, Requesting package name: <none><none>MLO Information: , AP MLD Address: <none>, AP MLO Link Id: <none>, AP MLO Affiliated links: <none>> SignalStrength: -61 AdminUids: [1000] SSID: "Talija" UnderlyingNetworks: Null]
07-10 00:46:40.830  5674  6164 I WifiConnectivityMonitor: current mode : 1
07-10 00:46:40.831  5674  6164 D OpenNetworkQos[4.00]: updateBssidNoInternet: mBssidNoInternet = false
07-10 00:46:40.831  5674  6164 D OpenNetworkQos[4.00]: getOpenNetworkQosNoInternetStatus: false
07-10 00:46:40.831  5674  6164 D OpenNetworkQos[4.00]: getOpenNetworkQosScores: 26 26 26
07-10 00:46:40.832  5674  6164 I WifiProfileShare: network QoS data was changed (internet), updateQoSData networkType: true, qosData: false
07-10 00:46:40.834  5674  7451 V WifiProfileShare.Caster: update wips network, size: 0
07-10 00:46:40.834  5674  7451 D WifiProfileShare: nearby scanning settings run
07-10 00:46:40.834  5674  7451 D WifiProfileShare: network score provider settings enabled
07-10 00:46:40.835  5674  7451 D OpenNetworkQos[4.00]: getOpenNetworkQosScores: 26 26 26
07-10 00:46:40.835  5674  7451 D OpenNetworkQos[4.00]: getOpenNetworkQosNoInternetStatus: false
07-10 00:46:40.835  5674  7451 I WifiProfileShare.Caster: current network type: 0, score: [26, 26, 26]
07-10 00:46:40.842  5674  7451 V WifiProfileShare.Cache: update network score 00:e4:06:**:**:90
07-10 00:46:40.842  5674  7451 D WifiProfileShare.ScanMatcher: getMcfDataList size:2
07-10 00:46:40.843  5674  7451 I WifiProfileShare.Caster: qos data was updated , before:type:QOS, pBssid:51:2e:90, qosData:7c after:type:QOS, pBssid:51:2e:90, qosData:7c
07-10 00:46:40.852  5674  7451 I [MCFSDK_android_1.2.4010]_4_b: isNetworkEnabled - type : 1 ret : true
07-10 00:46:40.852  5674  7451 D WifiProfileShare.McfCast: -ME--- mIsNetworkEnabled :true
07-10 00:46:40.852  5674  7451 D WifiProfileShare.McfCast: updateQoSData ignored, same contents
07-10 00:46:40.852  5674  7451 D WifiProfileShare.MCF: success update QosData !
07-10 00:46:40.854  5674  7451 I [MCFSDK_android_1.2.4010]_4_b: isNetworkEnabled - type : 1 ret : true
07-10 00:46:40.855  5674  7451 D WifiProfileShare.McfCast: -ME--- mIsNetworkEnabled :true
07-10 00:46:40.855  5674  7451 D WifiProfileShare.McfCast: -ME--- updatePasswordDate pwdData size:2
07-10 00:46:40.874  6461  6566 D NetworkController.WifiSignalController: notifyListener: visible=true, connected=true, inetCondition=1, isDefault=true, wifiTestReported=true, receivedInetCondition=-1, hideDuringMobileSwitching=false
07-10 00:46:40.876 16924 19143 I ChimeraSrvcProxy: NullBinder for android.net.action.RECOMMEND_NETWORKS triggering remote TransactionTooLargeException due to Service without Chimera impl
07-10 00:46:40.876 16924 19143 W .gms.persistent: Large reply transaction of 1056768 bytes, interface descriptor , code 1
07-10 00:46:43.691  5674  5674 D SemWifiP2pGoPowerSave: GopsReceiver : received : com.samsung.intent.action.CHECK_SIOP_LEVEL
07-10 00:46:43.692  5674  5674 I SemWifiP2pGoPowerSave: siop_level = 0
07-10 00:46:43.697 31802 32077 I SystemBroadcastReceiver: [#CMH#] onReceive completed :  0
07-10 00:46:43.700 31802 31802 I PolicyManager: [#CMH#] onReceive action = EVENT_SIOP
07-10 00:46:43.877  5674  7726 D SemWifiUsabilityStatsMonitor: onWifiUsabilityStats - seqNum 21163, isSameBssidAndFreq true
07-10 00:46:43.881  5674  6128 I SemWifiLinkQualityMonitor: Link Qos Query: 0.123 ms / 65.000 Mbps (390 / 0.000 / 6.000)
07-10 00:46:43.882  6461  6461 D NetworkController.WifiSignalController: notifyListener: visible=true, connected=true, inetCondition=1, isDefault=true, wifiTestReported=true, receivedInetCondition=-1, hideDuringMobileSwitching=false
07-10 00:46:44.570  5674 16533 D TrafficStats: tagSocket(924) with statsTag=0xffffffff, statsUid=-1
07-10 00:46:44.779  5674 16533 D WifiConnectivityMonitor.DnsThread:  [|211]
07-10 00:46:44.781  5674  6182 D WifiConnectivityMonitor.NetworkStatsAnalyzer: DNS resultType : 0, responseTime : 211
07-10 00:46:44.782  5674  6164 D OpenNetworkQos[4.00]: updateBssidLatestDnsResultType - result: 0
07-10 00:46:44.782  5674  6164 D OpenNetworkQos[4.00]: updateBssidNoInternet: mBssidNoInternet = false
07-10 00:46:44.782  5674  6164 D OpenNetworkQos[4.00]: getOpenNetworkQosNoInternetStatus: false
07-10 00:46:44.783  5674  6164 D OpenNetworkQos[4.00]: getOpenNetworkQosScores: 26 26 26
07-10 00:46:44.783  5674  6164 I WifiProfileShare: network QoS data was changed (internet), updateQoSData networkType: true, qosData: false
07-10 00:46:44.784  5674  7451 V WifiProfileShare.Caster: update wips network, size: 0
07-10 00:46:44.784  5674  7451 D WifiProfileShare: nearby scanning settings run
07-10 00:46:44.785  5674  7451 D WifiProfileShare: network score provider settings enabled
07-10 00:46:44.785  5674  7451 D OpenNetworkQos[4.00]: getOpenNetworkQosScores: 26 26 26
07-10 00:46:44.785  5674  7451 D OpenNetworkQos[4.00]: getOpenNetworkQosNoInternetStatus: false
07-10 00:46:44.785  5674  7451 I WifiProfileShare.Caster: current network type: 0, score: [26, 26, 26]
07-10 00:46:44.786  5674  7451 V WifiProfileShare.Cache: update network score 00:e4:06:**:**:90
07-10 00:46:44.787  5674  7451 D WifiProfileShare.ScanMatcher: getMcfDataList size:2
07-10 00:46:44.787  5674  7451 I WifiProfileShare.Caster: qos data was updated , before:type:QOS, pBssid:51:2e:90, qosData:7c after:type:QOS, pBssid:51:2e:90, qosData:7c
07-10 00:46:44.791  5674  7451 I [MCFSDK_android_1.2.4010]_4_b: isNetworkEnabled - type : 1 ret : true
07-10 00:46:44.791  5674  7451 D WifiProfileShare.McfCast: -ME--- mIsNetworkEnabled :true
07-10 00:46:44.791  5674  7451 D WifiProfileShare.McfCast: updateQoSData ignored, same contents
07-10 00:46:44.792  5674  7451 D WifiProfileShare.MCF: success update QosData !
07-10 00:46:44.794  5674  7451 I [MCFSDK_android_1.2.4010]_4_b: isNetworkEnabled - type : 1 ret : true
07-10 00:46:44.794  5674  7451 D WifiProfileShare.McfCast: -ME--- mIsNetworkEnabled :true
07-10 00:46:44.794  5674  7451 D WifiProfileShare.McfCast: -ME--- updatePasswordDate pwdData size:2
07-10 00:46:45.139  6429  6543 I System.out: Broadcasting: Intent { act=com.sec.intent.action.SARDEVICE_CP flg=0x10000000 (has extras) }
07-10 00:46:45.146  5674  5866 D MotionRecognitionService: [SAR]  onReceive : SARDEVICE_CP, callAction = off deviceID = 3 slot = 1 device_ext = 0
07-10 00:46:45.146  5674  5866 I MotionRecognitionService: [SAR] id : 0 cmd :off
07-10 00:46:45.147  5674  5866 I MotionRecognitionService: [SAR] A96T3X6 Grip sensor disableSensor : true
07-10 00:46:45.147  5674  5866 I MotionRecognitionService: [SAR] A96T3X6 Grip sensorsetTunerGrip 8589934592 , state: false
07-10 00:46:45.158  5674  5866 D MotionRecognitionService: [SAR] set setTransmitPowerExt  value : 8589934592 : false
07-10 00:46:45.158  5674  5866 I MotionRecognitionService: [SAR] tunerGrip is 8589934592, state : false
07-10 00:46:45.158  5674  5866 I MotionRecognitionService: [SAR] A96T3X6 Grip sensorsetTunerGrip 17179869184 , state: false
07-10 00:46:45.175  5674  5866 D MotionRecognitionService: [SAR] set setTransmitPowerExt  value : 17179869184 : false
07-10 00:46:45.175  5674  5866 I MotionRecognitionService: [SAR] tunerGrip is 17179869184, state : false
07-10 00:46:45.176  5674  5866 D SensorService: Calling activate off 33554443
07-10 00:46:45.177  5306  5306 I SensorsGrip: [grip_sensor] enable: GripSensor: enable handle = 11 en = 0
07-10 00:46:45.178  5306  5306 E SensorsGrip: [grip_sensor] enable: mEnabled : 0, first_grip_event : 1
07-10 00:46:45.179  5674  5866 D SensorManager: unregisterListener :: com.samsung.android.gesture.MotionRecognitionSAR$GripSensorWrapper$1@5e43848
07-10 00:46:45.179  5674  5866 I MotionRecognitionService: [SAR] A96T3X6 Grip sensor disable channel 0 : 0 , channel 1 : 0
07-10 00:46:45.179  5674  5866 I MotionRecognitionService: [SAR] A96T3X6_SUB Grip sensor for sub disableSensor : true
07-10 00:46:45.180  5674  5866 I MotionRecognitionService: [SAR] A96T3X6_SUB Grip sensor for subsetTunerGrip 8589934592 , state: false
07-10 00:46:45.189  5674  5866 D MotionRecognitionService: [SAR] set setTransmitPowerExt  value : 8589934592 : false
07-10 00:46:45.189  5674  5866 I MotionRecognitionService: [SAR] tunerGrip is 8589934592, state : false
07-10 00:46:45.189  5674  5866 I MotionRecognitionService: [SAR] A96T3X6_SUB Grip sensor for subsetTunerGrip 17179869184 , state: false
07-10 00:46:45.199  5674  5866 D MotionRecognitionService: [SAR] set setTransmitPowerExt  value : 17179869184 : false
07-10 00:46:45.200  5674  5866 I MotionRecognitionService: [SAR] tunerGrip is 17179869184, state : false
07-10 00:46:45.200  5674  5866 D SensorService: Calling activate off 33554450
07-10 00:46:45.201  5306  5306 I SensorsGrip: [grip_sensor_sub] enable: GripSensor: enable handle = 18 en = 0
07-10 00:46:45.202  5306  5306 E SensorsGrip: [grip_sensor_sub] enable: mEnabled : 0, first_grip_event : 1
07-10 00:46:45.202  5674  5866 D SensorManager: unregisterListener :: com.samsung.android.gesture.MotionRecognitionSAR$GripSensorWrapper$1@5817aa8
07-10 00:46:45.203  5674  5866 I MotionRecognitionService: [SAR] A96T3X6_SUB Grip sensor for sub disable channel 0 : 0 , channel 1 : 0
07-10 00:46:45.203  5674  5866 I MotionRecognitionService: [SAR] id : 1 cmd :off
07-10 00:46:45.204  6429  7059 I System.out: Broadcast completed: result=0
07-10 00:46:45.709 31802 32118 I PolicyManager: [#CMH#] Is foreground game app: false
07-10 00:46:45.806 31802 32118 I ControllerUtils: [#CMH#] StoryService:  9, isNonJustShotRunningPossible: false, isStopHeavyTask: true
07-10 00:46:45.865 31802 32118 I ControllerUtils: [#CMH#] IPService:  5, isNonJustShotRunningPossible: false, isStopHeavyTask: true
07-10 00:46:45.923 31802 32118 I ControllerUtils: [#CMH#] FaceService:  2, isNonJustShotRunningPossible: false, isStopHeavyTask: true
07-10 00:46:46.935  5674  7726 D SemWifiUsabilityStatsMonitor: onWifiUsabilityStats - seqNum 21164, isSameBssidAndFreq true
07-10 00:46:46.938  5674  6128 I SemWifiLinkQualityMonitor: Link Qos Query: 0.100 ms / 79.636 Mbps (292 / 0.000 / 3.667)
07-10 00:46:46.939  6461  6461 D NetworkController.WifiSignalController: notifyListener: visible=true, connected=true, inetCondition=1, isDefault=true, wifiTestReported=true, receivedInetCondition=-1, hideDuringMobileSwitching=false
07-10 00:46:49.992  5674  7726 D SemWifiUsabilityStatsMonitor: onWifiUsabilityStats - seqNum 21165, isSameBssidAndFreq true
07-10 00:46:49.995  5674  6128 I SemWifiLinkQualityMonitor: Link Qos Query: 0.027 ms / 292.000 Mbps (292 / 0.000 / 1.000)
07-10 00:46:53.048  5674  7726 D SemWifiUsabilityStatsMonitor: onWifiUsabilityStats - seqNum 21166, isSameBssidAndFreq true
07-10 00:46:53.051  5674  6128 I SemWifiLinkQualityMonitor: Link Qos Query: 0.027 ms / 292.500 Mbps (390 / 0.000 / 1.333)
07-10 00:46:53.684  6461  6566 D MobileStatusTracker(0/1): onSignalStrengthsChanged level=2, vendorLevel=1
07-10 00:46:53.690  6461  6566 D MobileSignalController(0/1): notifyListener: enabled=true, connected=true, dataConnected=false, networkType=LTE (4G), emergencyOnly=false, roaming=true, isDefault=false, dataActivity=, level=1, ca=false, mmWave=false, disabledDataIcon=false, simCard=ETC
07-10 00:46:53.690  6461  6566 D NetworkController: SignalStrength from intent slotId=0
07-10 00:46:56.084  5674  7726 D SemWifiUsabilityStatsMonitor: onWifiUsabilityStats - seqNum 21167, isSameBssidAndFreq true
07-10 00:46:56.087  5674  6128 I SemWifiLinkQualityMonitor: Link Qos Query: 0.037 ms / 216.500 Mbps (433 / 0.000 / 2.000)
07-10 00:46:56.374 29789 16544 I GmscoreIpa: Starting mediastore instant index [CONTEXT service_id=255 ]
07-10 00:46:56.993 31135 32652 I native  : I0000 00:00:1688942816.993068   32652 soda_async_impl.cc:1540] Current audio timestamp: 1688942816620242
07-10 00:46:57.085  5362  5362 I SurfaceFlinger: SFWD update time=133066454850516
07-10 00:46:58.071 31135 31464 I A       : (REDACTED) #onAudioData: %s bytes, getAudioReadSize %s
07-10 00:46:58.740  5325  5325 E sehhealth-service: Could not open /sys/class/power_supply/battery/lrp
07-10 00:46:59.134  5674  7726 D SemWifiUsabilityStatsMonitor: onWifiUsabilityStats - seqNum 21168, isSameBssidAndFreq true
07-10 00:46:59.140  5674  6128 I SemWifiLinkQualityMonitor: Link Qos Query: 0.051 ms / 156.000 Mbps (351 / 0.000 / 2.250)
07-10 00:47:00.010  6461  6461 D KeyguardUpdateMonitor: received broadcast android.intent.action.TIME_TICK
07-10 00:47:00.012  6461  6461 D KeyguardUpdateMonitor: handleTimeUpdate
07-10 00:47:00.021  6461  7078 D QSClockBellTower: onReceive(android.intent.action.TIME_TICK) mTimeZoneString:null
07-10 00:47:00.022  6461  6461 D FaceWidgetPagesController: onTimeChanged()
07-10 00:47:00.099  6461  6461 D QSClockBellTower: He is ready to ring the bell. (((QSClockBellSound - TimeText:00:47, TimeContentDescription:00:47, DateText:Mon, 10 July, ShortDateText:Mon, 10 Jul, Demo:false, QuickStar-Second(false|12:34:56))))
07-10 00:47:00.101  6461  6461 D QSClockIndicatorView: Home Indicator status_bar_clock 00:47 notifyTimeChanged(QSClockBellSound - TimeText:00:47, TimeContentDescription:00:47, DateText:Mon, 10 July, ShortDateText:Mon, 10 Jul, Demo:false, QuickStar-Second(false|12:34:56)) ClockVisibleByPolicy:true, ClockVisibleByUser:true, visible?false, parent:android.widget.LinearLayout{503272 V.E...... ......I. 0,0-0,55 #7f0b04f0 app:id/left_clock_container}
07-10 00:47:00.101  6461  6461 D QSClockBellTower: Everyone heard the bell. run(currentTime:1688942820097,   getTime():Mon Jul 10 00:47:00 GMT+02:00 2023,   getTimeZone():libcore.util.ZoneInfo[mDstSavings=3600000,mUseDst=true,mDelegate=[id="Europe/Belgrade",mRawOffset=3600000,mEarliestRawOffset=4920000,transitions=119]])
07-10 00:47:00.121  6461  6461 I FaceWidgetPositionAlgorithm: getClockContainerHeight() supplier = 270, bottom margin = 0, real height = 333
07-10 00:47:00.121  6461  6461 I FaceWidgetPositionAlgorithm: getClockContainerHeight() supplier = 270, bottom margin = 63, real height = 333
07-10 00:47:00.121  6461  6461 I FaceWidgetPositionAlgorithm: getMediaContainerHeight() height = 0 container Visibility = 8, isValid = false, mIsDozing = false, fraction = 1.0, source = 0, target = 0
07-10 00:47:00.121  6461  6461 I FaceWidgetPositionAlgorithm: getMediaContainerHeight() supplier = 0
07-10 00:47:00.127  6461  6461 V QsExpandAnimator: setQsExpansionPosition 0.0
07-10 00:47:00.133  6461  6461 V QsExpandAnimator: updateAnimators
07-10 00:47:00.134  6461  6461 V QsExpandAnimator: clearAnimationState
07-10 00:47:00.134  6461  6461 V QsExpandAnimator: updateViews
07-10 00:47:00.137  6461  6461 V QsExpandAnimator: updateTileAnimator
07-10 00:47:00.138  6461  6461 V QsExpandAnimator: updateHeaderAnimator
07-10 00:47:00.138  6461  6461 V QsExpandAnimator: updateBarAnimator
07-10 00:47:00.139  6461  6461 V QsExpandAnimator: setQsExpansionPosition 0.0
07-10 00:47:00.139  6461  6461 V QsExpandAnimator: onAnimationAtStart
07-10 00:47:02.196  5674  7726 D SemWifiUsabilityStatsMonitor: onWifiUsabilityStats - seqNum 21169, isSameBssidAndFreq true
07-10 00:47:02.201  5674  6128 I SemWifiLinkQualityMonitor: Link Qos Query: 0.051 ms / 156.000 Mbps (351 / 0.000 / 2.250)
07-10 00:47:02.201  6461  6461 D NetworkController.WifiSignalController: notifyListener: visible=true, connected=true, inetCondition=1, isDefault=true, wifiTestReported=true, receivedInetCondition=-1, hideDuringMobileSwitching=false
07-10 00:47:04.462  5262  5262 E audit   : type=1400 audit(1688942824.457:69489): avc:  denied  { getattr } for  pid=5674 comm="BinderProcsColl" path="/sys/kernel/debug/binder/proc/5674" dev="debugfs" ino=32119 scontext=u:r:system_server:s0 tcontext=u:object_r:sec_debugfs:s0 tclass=file permissive=0 SEPF_SM-A515F_13_0001 audit_filtered
07-10 00:47:04.463  5262  5262 E audit   : type=1300 audit(1688942824.457:69489): arch=c00000b7 syscall=79 success=no exit=-13 a0=ffffff9c a1=7b06e86f40 a2=79df9bd680 a3=0 items=0 ppid=5287 pid=5674 auid=4294967295 uid=1000 gid=1000 euid=1000 suid=1000 fsuid=1000 egid=1000 sgid=1000 fsgid=1000 tty=(none) ses=4294967295 comm="BinderProcsColl" exe="/system/bin/app_process64" subj=u:r:system_server:s0 key=(null)
07-10 00:47:04.463  5262  5262 E audit   : type=1327 audit(1688942824.457:69489): proctitle="system_server"
07-10 00:47:04.650  5674  6523 D PackageManager: setEnabledSetting : userId = 0 packageName = com.Slack cmp = androidx.work.impl.background.systemalarm.RescheduleReceiver newState = 1 callingPackage = 10329/com.Slack
07-10 00:47:04.652  5674  6523 D ApplicationPolicy: getApplicationStateEnabled : pkg = com.Slack userId : 0
07-10 00:47:04.654  5674  6523 D ApplicationPolicy: getApplicationComponentState : pkg = com.Slack userId : 0
07-10 00:47:04.685  5353  6075 V APM_AudioPolicyManager: setAppState(portId:1005, state:1)
07-10 00:47:04.686  5674  5745 W libprocessgroup: Failed to open /dev/blkio//cgroup.procs: No such file or directory
07-10 00:47:04.705 15049 15247 D ConnectivityManager: StackLog: [android.net.ConnectivityManager.sendRequestForNetwork(ConnectivityManager.java:4300)] [android.net.ConnectivityManager.registerDefaultNetworkCallbackForUid(ConnectivityManager.java:4864)] [android.net.ConnectivityManager.registerDefaultNetworkCallback(ConnectivityManager.java:4831)] [android.net.ConnectivityManager.registerDefaultNetworkCallback(ConnectivityManager.java:4805)] [androidx.work.impl.utils.NetworkApi24.registerDefaultNetworkCallbackCompat(Unknown Source:11)] [androidx.work.impl.constraints.trackers.NetworkStateTracker24.startTracking(Unknown Source:15)] [androidx.work.impl.constraints.controllers.ConstraintController.replace(Unknown Source:130)] [androidx.work.impl.constraints.WorkConstraintsTrackerImpl.replace(Unknown Source:41)] [androidx.work.impl.background.greedy.GreedyScheduler.schedule(Unknown Source:302)] [androidx.work.impl.Schedulers.schedule(Unknown Source:155)] [androidx.work.impl.utils.EnqueueRunnable.run(Unknown Source:53)] [androidx.work.Worker$2.run$androidx$work$impl$utils$SerialExecutorImpl$Task(Unknown Source:4)] [androidx.work.Worker$2.run(Unknown Source:868)] [java.util.concurrent.ThreadPoolExecutor.runWorker(ThreadPoolExecutor.java:1137)] [java.util.concurrent.ThreadPoolExecutor$Worker.run(ThreadPoolExecutor.java:637)] [java.lang.Thread.run(Thread.java:1012)]
07-10 00:47:04.708  5674  9681 D ConnectivityService: requestNetwork for uid/pid:10329/15049 activeRequest: null callbackRequest: 16464 [NetworkRequest [ REQUEST id=16465, [ Capabilities: INTERNET&NOT_RESTRICTED&TRUSTED&NOT_VCN_MANAGED Uid: 10329 RequestorUid: 10329 RequestorPkg: com.Slack UnderlyingNetworks: Null] ]] callback flags: 0 order: 2147483647
07-10 00:47:04.710  5674  6055 D ConnectivityService:    accepting network in place of null
07-10 00:47:04.715  5674  6045 D WifiNetworkFactory: got request NetworkRequest [ REQUEST id=16465, [ Capabilities: INTERNET&NOT_RESTRICTED&TRUSTED&NOT_VCN_MANAGED Uid: 10329 RequestorUid: 10329 RequestorPkg: com.Slack UnderlyingNetworks: Null] ]
07-10 00:47:04.715  5674  6045 D UntrustedWifiNetworkFactory: got request NetworkRequest [ REQUEST id=16465, [ Capabilities: INTERNET&NOT_RESTRICTED&TRUSTED&NOT_VCN_MANAGED Uid: 10329 RequestorUid: 10329 RequestorPkg: com.Slack UnderlyingNetworks: Null] ]
07-10 00:47:04.716  5674  6045 D OemPaidWifiNetworkFactory: got request NetworkRequest [ REQUEST id=16465, [ Capabilities: INTERNET&NOT_RESTRICTED&TRUSTED&NOT_VCN_MANAGED Uid: 10329 RequestorUid: 10329 RequestorPkg: com.Slack UnderlyingNetworks: Null] ]
07-10 00:47:04.716  5674  6045 D MultiInternetWifiNetworkFactory: got request NetworkRequest [ REQUEST id=16465, [ Capabilities: INTERNET&NOT_RESTRICTED&TRUSTED&NOT_VCN_MANAGED Uid: 10329 RequestorUid: 10329 RequestorPkg: com.Slack UnderlyingNetworks: Null] ]
07-10 00:47:04.720  5674  6055 D ConnectivityService: Rematched networks [computed 1ms] [applied 2ms] [issued 8]
07-10 00:47:04.721  5674  6055 D ConnectivityService: NetworkReassignment :
07-10 00:47:04.721  5674  6055 D ConnectivityService:   16465 : null → 118
07-10 00:47:04.739 15049 15049 D ConnectivityManager: StackLog: [android.net.ConnectivityManager.unregisterNetworkCallback(ConnectivityManager.java:4972)] [androidx.work.impl.utils.NetworkApi21.unregisterNetworkCallbackCompat(Unknown Source:11)] [androidx.work.impl.constraints.trackers.NetworkStateTracker24.stopTracking(Unknown Source:15)] [androidx.work.impl.constraints.trackers.ConstraintTracker.removeListener(Unknown Source:24)] [androidx.work.impl.constraints.controllers.ConstraintController.replace(Unknown Source:81)] [androidx.work.impl.constraints.WorkConstraintsTrackerImpl.replace(Unknown Source:41)] [androidx.work.impl.background.greedy.GreedyScheduler.onExecuted(Unknown Source:55)] [androidx.work.impl.Processor.onExecuted(Unknown Source:59)] [com.bugsnag.android.DeliveryDelegate$1.run(Unknown Source:212)]
07-10 00:47:04.742  5674  6055 D ConnectivityService:  Removing from current network [118 WIFI], leaving 152 requests.
07-10 00:47:04.751  5353  6075 V APM_AudioPolicyManager: setAppState(portId:1005, state:1)
07-10 00:47:04.754  5353  6075 V APM_AudioPolicyManager: setAppState(portId:1005, state:1)
07-10 00:47:05.261  5674  7726 D SemWifiUsabilityStatsMonitor: onWifiUsabilityStats - seqNum 21170, isSameBssidAndFreq true
07-10 00:47:05.266  5674  6128 I SemWifiLinkQualityMonitor: Link Qos Query: 0.051 ms / 156.000 Mbps (351 / 0.000 / 2.250)
07-10 00:47:08.322  5674  7726 D SemWifiUsabilityStatsMonitor: onWifiUsabilityStats - seqNum 21171, isSameBssidAndFreq true
07-10 00:47:08.325  5674  6128 I SemWifiLinkQualityMonitor: Link Qos Query: 0.051 ms / 156.000 Mbps (351 / 0.000 / 2.250)
07-10 00:47:11.391  5674  7726 D SemWifiUsabilityStatsMonitor: onWifiUsabilityStats - seqNum 21172, isSameBssidAndFreq true
07-10 00:47:11.397  5674  6128 I SemWifiLinkQualityMonitor: Link Qos Query: 0.046 ms / 175.500 Mbps (351 / 0.000 / 2.000)
07-10 00:47:11.398  6461  6461 D NetworkController.WifiSignalController: notifyListener: visible=true, connected=true, inetCondition=1, isDefault=true, wifiTestReported=true, receivedInetCondition=-1, hideDuringMobileSwitching=false
07-10 00:47:14.448  5674  7726 D SemWifiUsabilityStatsMonitor: onWifiUsabilityStats - seqNum 21173, isSameBssidAndFreq true
07-10 00:47:14.454  6461  6461 D NetworkController.WifiSignalController: notifyListener: visible=true, connected=true, inetCondition=1, isDefault=true, wifiTestReported=true, receivedInetCondition=-1, hideDuringMobileSwitching=false
07-10 00:47:14.457  5674  6128 I SemWifiLinkQualityMonitor: Link Qos Query: 0.046 ms / 175.500 Mbps (351 / 0.000 / 2.000)
07-10 00:47:17.505  5674  7726 D SemWifiUsabilityStatsMonitor: onWifiUsabilityStats - seqNum 21174, isSameBssidAndFreq true
07-10 00:47:17.509  5674  6128 I SemWifiLinkQualityMonitor: Link Qos Query: 0.031 ms / 260.000 Mbps (390 / 0.000 / 1.500)
07-10 00:47:17.511  6461  6461 D NetworkController.WifiSignalController: notifyListener: visible=true, connected=true, inetCondition=1, isDefault=true, wifiTestReported=true, receivedInetCondition=-1, hideDuringMobileSwitching=false
07-10 00:47:18.281  9837 10033 I SemDvfsHyPerManager: acquire hyper - SIOP_ARM_MAX/9837@2, type = 301993986
07-10 00:47:18.283  5313  5394 I HYPER-HAL: [RequestManager.cpp]acquire(): Acquired ID : 48407882  [9837 / 2]    HINT :      list : [CPUMaxFreq / 2080000]
07-10 00:47:20.570  5674  7726 D SemWifiUsabilityStatsMonitor: onWifiUsabilityStats - seqNum 21175, isSameBssidAndFreq true
07-10 00:47:20.575  5674  6128 I SemWifiLinkQualityMonitor: Link Qos Query: 0.034 ms / 234.000 Mbps (351 / 0.000 / 1.500)
07-10 00:47:20.576  6461  6461 D NetworkController.WifiSignalController: notifyListener: visible=true, connected=true, inetCondition=1, isDefault=true, wifiTestReported=true, receivedInetCondition=-1, hideDuringMobileSwitching=false
07-10 00:47:23.601  5674  7726 D SemWifiUsabilityStatsMonitor: onWifiUsabilityStats - seqNum 21176, isSameBssidAndFreq true
07-10 00:47:23.603  5674  6128 I SemWifiLinkQualityMonitor: Link Qos Query: 0.034 ms / 234.000 Mbps (351 / 0.000 / 1.500)
07-10 00:47:23.603  6461  6461 D NetworkController.WifiSignalController: notifyListener: visible=true, connected=true, inetCondition=1, isDefault=true, wifiTestReported=true, receivedInetCondition=-1, hideDuringMobileSwitching=false
07-10 00:47:24.835 16924 18133 I WearableConn: Connecting to "Galaxy Watch5 Pro (MJNP)"
07-10 00:47:24.838 16924 18133 I BluetoothSocket: connect() for device 645DF4_1 called by pid: 16924
07-10 00:47:24.867 15865 16587 W btm_acl : Unable to find active acl
07-10 00:47:24.881 15865 16587 W bt_stack: xx:xx:xx:xx:b3:b1 EnqueueCommand (classic_link)
07-10 00:47:25.817 16924  9298 E WakeLock: WearableBluetooth ** IS FORCE-RELEASED ON TIMEOUT **
07-10 00:47:26.627  5674  7726 D SemWifiUsabilityStatsMonitor: onWifiUsabilityStats - seqNum 21177, isSameBssidAndFreq true
07-10 00:47:26.629  5674  6128 I SemWifiLinkQualityMonitor: Link Qos Query: 0.034 ms / 234.000 Mbps (351 / 0.000 / 1.500)
07-10 00:47:26.993 31135 32652 I native  : I0000 00:00:1688942846.993099   32652 soda_async_impl.cc:1540] Current audio timestamp: 1688942846620242
07-10 00:47:27.023 30967 31717 I ContactsProvider_EventLog: cp_s: [CONTACT con(158) dat(1091) acc({sim(3)=15, sec(6)=1, sim2(4)=1, google(2)=81, org.telegram.messenger(236)=100, com.whatsapp(14)=41}) calls([logtype:100 cnt:877, logtype:200 cnt:5, logtype:300 cnt:495, logtype:1000 cnt:632, logtype:1150 cnt:161]) Iso(RS) uId(0) ]
07-10 00:47:27.023 30967 31717 I ContactsProvider_EventLog: cp_s: [ agr({[2 ,2 ,14 ,236]=1, [2 ,14 ,236]=32, [3]=15, [14]=1, [4]=1, [2 ,14]=4, [2 ,2]=2, [2]=34, [6 ,14]=1, [2 ,236]=3, [236]=62, [2 ,236 ,14]=2}) ]
07-10 00:47:27.023 30967 31717 I ContactsProvider_EventLog: cp_s: [ cnt({acore(30967)=1}) ]
07-10 00:47:27.023 30967 31717 I ContactsProvider_EventLog: cp_s: [PROFILE con(1) dat(1) acc({vnd.sec.contact.phone=1}) ] [SAPROFILE ]
07-10 00:47:27.023 30967 31717 I ContactsProvider_EventLog: cp_s: [STATE R(T) ]
07-10 00:47:27.085  5362  5362 I SurfaceFlinger: SFWD update time=133096455684648
07-10 00:47:28.071 31135 31454 I A       : (REDACTED) #onAudioData: %s bytes, getAudioReadSize %s
07-10 00:47:28.337  9837 10033 I SemDvfsHyPerManager: acquire hyper - SIOP_ARM_MAX/9837@2, type = 301993986
07-10 00:47:28.340  5313  5394 I HYPER-HAL: [RequestManager.cpp]acquire(): Acquired ID : 48407882  [9837 / 2]    HINT :      list : [CPUMaxFreq / 1976000]
07-10 00:47:28.780  5325  5325 E sehhealth-service: Could not open /sys/class/power_supply/battery/lrp
07-10 00:47:29.660  5674  7726 D SemWifiUsabilityStatsMonitor: onWifiUsabilityStats - seqNum 21178, isSameBssidAndFreq true
07-10 00:47:29.664  5674  6128 I SemWifiLinkQualityMonitor: Link Qos Query: 0.034 ms / 234.000 Mbps (351 / 0.000 / 1.500)
07-10 00:47:29.664  6461  6461 D NetworkController.WifiSignalController: notifyListener: visible=true, connected=true, inetCondition=1, isDefault=true, wifiTestReported=true, receivedInetCondition=-1, hideDuringMobileSwitching=false
07-10 00:47:31.318 15865 16587 W bt_stack: Unhandled vendor specific event of type 0x90
07-10 00:47:31.324 15865 16587 W bt_stack: Connection failed classic remote:xx:xx:xx:xx:b3:b1 reason:PAGE_TIMEOUT
07-10 00:47:31.330 15865 16649 W bt_l2cap: L2CAP - no CCB for L2CA_disc_req, CID: 108
07-10 00:47:31.332 15865 16649 W btm_acl : Unable to find active acl
07-10 00:47:31.338 15865 16679 E bt_btif_sock_rfcomm: find_rfc_slot_by_id unable to find RFCOMM slot id: 99
07-10 00:47:31.343 16924 18133 W WearableConn: Failed to connect, error: read failed, socket might closed or timeout, read ret: -1
07-10 00:47:31.343 16924 18133 D BluetoothSocket: close() this: android.bluetooth.BluetoothSocket@885bdd8, channel: -1, mSocketIS: android.net.LocalSocketImpl$SocketInputStream@dd9d531, mSocketOS: android.net.LocalSocketImpl$SocketOutputStream@99ae416, mSocket: android.net.LocalSocket@7760197 impl:android.net.LocalSocketImpl@384df84 fd:java.io.FileDescriptor@fc5936d, mSocketState: INIT
07-10 00:47:31.349 16924 18133 I WearableConn: Setting alarm for 256.0 seconds to retry connection
07-10 00:47:31.354 16924 18133 I AlarmManager: setExactAndAllowWhileIdle [name: WearableBluetooth type: 2 triggerAtMillis: 144604181]
07-10 00:47:31.372 15865 16182 D BluetoothUtils: getBtEnabledContainers(): btContainers = []
07-10 00:47:31.383 15865 16182 D BluetoothUtils: getBtEnabledContainers(): btContainers = []
07-10 00:47:31.384  6461  6566 V BluetoothEventManager: onReceive :: android.bluetooth.device.action.NAME_CHANGED
07-10 00:47:31.388  6461  6566 I BluetoothAdapter: STATE_ON
07-10 00:47:31.405  6461  6566 D CachedBluetoothDeviceManager: onDeviceNameUpdated :: skip same name update
07-10 00:47:31.406  6461  6566 V BluetoothEventManager: onReceive :: android.bluetooth.device.action.CLASS_CHANGED
07-10 00:47:31.409  6461  6566 V BluetoothEventManager: onReceive :: com.samsung.bluetooth.device.action.MANUFACTURER_CHANGED
07-10 00:47:32.166  5674  5886 I HqmInfo::HqmManagerService: MSG_TYPE:MSG_TYPE_PROCESS_LOG_BY_HQM
07-10 00:47:32.206  5287  5287 D Zygote  : Forked child process 16595
07-10 00:47:32.254 16595 16595 I android.dqagent: Using CollectorTypeCC GC.
07-10 00:47:32.266 16595 16595 E android.dqagent: Not starting debugger since process cannot load the jdwp agent.
07-10 00:47:32.275 16595 16595 W libc    : Access denied finding property "sys.perf.boostopt"
07-10 00:47:32.275  5262  5262 E audit   : type=1400 audit(1688942852.273:69490): avc:  denied  { read } for  pid=16595 comm="android.dqagent" name="u:object_r:perf_prop:s0" dev="tmpfs" ino=10663 scontext=u:r:system_app:s0 tcontext=u:object_r:perf_prop:s0 tclass=file permissive=0 SEPF_SM-A515F_13_0001 audit_filtered
07-10 00:47:32.275  5262  5262 E audit   : type=1300 audit(1688942852.273:69490): arch=c00000b7 syscall=56 success=no exit=-13 a0=ffffff9c a1=7fcf7d5458 a2=88000 a3=0 items=0 ppid=5287 pid=16595 auid=4294967295 uid=1000 gid=1000 euid=1000 suid=1000 fsuid=1000 egid=1000 sgid=1000 fsgid=1000 tty=(none) ses=4294967295 comm="android.dqagent" exe="/system/bin/app_process64" subj=u:r:system_app:s0 key=(null)
07-10 00:47:32.275  5262  5262 E audit   : type=1327 audit(1688942852.273:69490): proctitle="zygote64"
07-10 00:47:32.276 16595 16607 W libc    : Access denied finding property "sys.perf.boostopt"
07-10 00:47:32.276  5262  5262 E audit   : type=1400 audit(1688942852.273:69491): avc:  denied  { read } for  pid=16595 comm="binder:16595_1" name="u:object_r:perf_prop:s0" dev="tmpfs" ino=10663 scontext=u:r:system_app:s0 tcontext=u:object_r:perf_prop:s0 tclass=file permissive=0 SEPF_SM-A515F_13_0001 audit_filtered
07-10 00:47:32.276  5262  5262 E audit   : type=1300 audit(1688942852.273:69491): arch=c00000b7 syscall=56 success=no exit=-13 a0=ffffff9c a1=7b7d4492f8 a2=88000 a3=0 items=0 ppid=5287 pid=16595 auid=4294967295 uid=1000 gid=1000 euid=1000 suid=1000 fsuid=1000 egid=1000 sgid=1000 fsgid=1000 tty=(none) ses=4294967295 comm="binder:16595_1" exe="/system/bin/app_process64" subj=u:r:system_app:s0 key=(null)
07-10 00:47:32.276  5262  5262 E audit   : type=1327 audit(1688942852.273:69491): proctitle="zygote64"
07-10 00:47:32.278 16595 16595 D ActivityThread: setConscryptValidator
07-10 00:47:32.278 16595 16595 D ActivityThread: setConscryptValidator - put
07-10 00:47:32.305 16595 16608 W libc    : Access denied finding property "sys.perf.boostopt"
07-10 00:47:32.308 16595 16595 D CompatibilityChangeReporter: Compat change id reported: 171979766; UID 1000; state: ENABLED
07-10 00:47:32.450 16595 16595 I DIAGMON_SDK[605054]: DiagMonAgent type: 2
07-10 00:47:32.450 16595 16595 I DIAGMON_SDK[605054][999-399-549750] : generated SR object
07-10 00:47:32.479  9809 10508 I DMASA[D][999-399-549750]: [DiagmonProvider]Received msg based on provider : true / anr_logging
07-10 00:47:32.484  9809 10508 I DMASA[D][999-399-549750]: [DiagmonProvider]Signature Check Success
07-10 00:47:32.499 16595 16614 I DIAGMON_SDK[605054][999-399-549750] : Results : Success
07-10 00:47:32.506  4613  4613 W keymaster_tee: [WRN]begin req PARAMS: A32 B2 P64
07-10 00:47:32.619 16595 16616 I DQA     : [DQADatabaseOpenHelper]db open success
07-10 00:47:32.620 16595 16595 W android.dqagent: Long monitor contention with owner Thread-4 (16616) at k.a k.a.e(android.content.Context)(DBManager.java:6) waiters=0 in k.a k.a.e(android.content.Context) for 147ms
07-10 00:47:32.692  5674  7726 D SemWifiUsabilityStatsMonitor: onWifiUsabilityStats - seqNum 21179, isSameBssidAndFreq true
07-10 00:47:32.694  5674  6128 I SemWifiLinkQualityMonitor: Link Qos Query: 0.034 ms / 234.000 Mbps (351 / 0.000 / 1.500)
07-10 00:47:34.575  5262  5262 E audit   : type=1400 audit(1688942854.573:69493): avc:  denied  { getattr } for  pid=5674 comm="BinderProcsColl" path="/sys/kernel/debug/binder/proc/5674" dev="debugfs" ino=32119 scontext=u:r:system_server:s0 tcontext=u:object_r:sec_debugfs:s0 tclass=file permissive=0 SEPF_SM-A515F_13_0001 audit_filtered
07-10 00:47:34.575  5262  5262 E audit   : type=1300 audit(1688942854.573:69493): arch=c00000b7 syscall=79 success=no exit=-13 a0=ffffff9c a1=7af0525530 a2=79df9bd680 a3=0 items=0 ppid=5287 pid=5674 auid=4294967295 uid=1000 gid=1000 euid=1000 suid=1000 fsuid=1000 egid=1000 sgid=1000 fsgid=1000 tty=(none) ses=4294967295 comm="BinderProcsColl" exe="/system/bin/app_process64" subj=u:r:system_server:s0 key=(null)
07-10 00:47:34.575  5262  5262 E audit   : type=1327 audit(1688942854.573:69493): proctitle="system_server"
07-10 00:47:34.651  5674  9851 D PackageManager: setEnabledSetting : userId = 0 packageName = com.Slack cmp = androidx.work.impl.background.systemalarm.RescheduleReceiver newState = 1 callingPackage = 10329/com.Slack
07-10 00:47:34.653  5674  9851 D ApplicationPolicy: getApplicationStateEnabled : pkg = com.Slack userId : 0
07-10 00:47:34.655  5674  9851 D ApplicationPolicy: getApplicationComponentState : pkg = com.Slack userId : 0
07-10 00:47:34.677  5353  6075 V APM_AudioPolicyManager: setAppState(portId:1005, state:1)
07-10 00:47:34.679  5674  5745 W libprocessgroup: Failed to open /dev/blkio//cgroup.procs: No such file or directory
07-10 00:47:34.695 15049 15209 D ConnectivityManager: StackLog: [android.net.ConnectivityManager.sendRequestForNetwork(ConnectivityManager.java:4300)] [android.net.ConnectivityManager.registerDefaultNetworkCallbackForUid(ConnectivityManager.java:4864)] [android.net.ConnectivityManager.registerDefaultNetworkCallback(ConnectivityManager.java:4831)] [android.net.ConnectivityManager.registerDefaultNetworkCallback(ConnectivityManager.java:4805)] [androidx.work.impl.utils.NetworkApi24.registerDefaultNetworkCallbackCompat(Unknown Source:11)] [androidx.work.impl.constraints.trackers.NetworkStateTracker24.startTracking(Unknown Source:15)] [androidx.work.impl.constraints.controllers.ConstraintController.replace(Unknown Source:130)] [androidx.work.impl.constraints.WorkConstraintsTrackerImpl.replace(Unknown Source:41)] [androidx.work.impl.background.greedy.GreedyScheduler.schedule(Unknown Source:302)] [androidx.work.impl.Schedulers.schedule(Unknown Source:155)] [androidx.work.impl.utils.EnqueueRunnable.run(Unknown Source:53)] [androidx.work.Worker$2.run$androidx$work$impl$utils$SerialExecutorImpl$Task(Unknown Source:4)] [androidx.work.Worker$2.run(Unknown Source:868)] [java.util.concurrent.ThreadPoolExecutor.runWorker(ThreadPoolExecutor.java:1137)] [java.util.concurrent.ThreadPoolExecutor$Worker.run(ThreadPoolExecutor.java:637)] [java.lang.Thread.run(Thread.java:1012)]
07-10 00:47:34.698  5674  9851 D ConnectivityService: requestNetwork for uid/pid:10329/15049 activeRequest: null callbackRequest: 16466 [NetworkRequest [ REQUEST id=16467, [ Capabilities: INTERNET&NOT_RESTRICTED&TRUSTED&NOT_VCN_MANAGED Uid: 10329 RequestorUid: 10329 RequestorPkg: com.Slack UnderlyingNetworks: Null] ]] callback flags: 0 order: 2147483647
07-10 00:47:34.700  5674  6055 D ConnectivityService:    accepting network in place of null
07-10 00:47:34.705  5674  6045 D WifiNetworkFactory: got request NetworkRequest [ REQUEST id=16467, [ Capabilities: INTERNET&NOT_RESTRICTED&TRUSTED&NOT_VCN_MANAGED Uid: 10329 RequestorUid: 10329 RequestorPkg: com.Slack UnderlyingNetworks: Null] ]
07-10 00:47:34.707  5674  6045 D UntrustedWifiNetworkFactory: got request NetworkRequest [ REQUEST id=16467, [ Capabilities: INTERNET&NOT_RESTRICTED&TRUSTED&NOT_VCN_MANAGED Uid: 10329 RequestorUid: 10329 RequestorPkg: com.Slack UnderlyingNetworks: Null] ]
07-10 00:47:34.711  5674  6045 D OemPaidWifiNetworkFactory: got request NetworkRequest [ REQUEST id=16467, [ Capabilities: INTERNET&NOT_RESTRICTED&TRUSTED&NOT_VCN_MANAGED Uid: 10329 RequestorUid: 10329 RequestorPkg: com.Slack UnderlyingNetworks: Null] ]
07-10 00:47:34.712  5674  6045 D MultiInternetWifiNetworkFactory: got request NetworkRequest [ REQUEST id=16467, [ Capabilities: INTERNET&NOT_RESTRICTED&TRUSTED&NOT_VCN_MANAGED Uid: 10329 RequestorUid: 10329 RequestorPkg: com.Slack UnderlyingNetworks: Null] ]
07-10 00:47:34.715  5674  6055 D ConnectivityService: Rematched networks [computed 1ms] [applied 2ms] [issued 13]
07-10 00:47:34.715  5674  6055 D ConnectivityService: NetworkReassignment :
07-10 00:47:34.715  5674  6055 D ConnectivityService:   16467 : null → 118
