07-10 01:17:30.369  5674  6115 V SemWifiScanPool: updateScanResult, full scan:20 configKeys: 14 pool_bssid:28 pool_configKeys:20
07-10 01:17:30.369  5674  6115 D WifiConnectivityMonitor: onScanResultUpdated
07-10 01:17:30.369  5674  6115 D WifiConnectivityMonitor: mMaxScannedCountryCode : RS
07-10 01:17:30.468  5674  9957 V LocationManagerService: network provider registration 10234/com.google.android.as/403464A0 dropped delivery - too close
07-10 01:17:30.469  7284  7370 I NlpMonitor_FLP: monitorNlp, package=com.google.android.as/ interval=21600000
07-10 01:17:30.472  5674  9957 V LocationManagerService: passive provider registration 1000/android[SensorNotificationService]/3DC7BFCB dropped delivery - too close
07-10 01:17:30.473  5674  9957 V LocationManagerService: passive provider registration 5023/com.samsung.android.networkdiagnostic/4FDF9C6D dropped delivery - too close
07-10 01:17:30.475  5674  6793 D SLocation: PositionManager - PassiveonLocationChanged network 1688944650291
07-10 01:17:30.475  5674  6793 D SLocation: ARDistanceBigData - BIGDATA ARD - receive location
07-10 01:17:30.475  5674  6793 D SLocation: GeofenceLocationFilter - location sent before 3353, need to filter / provider : network, accuracy : 15.855
07-10 01:17:30.475  5674  6793 I SLocation: GeofenceLocationFilter - alarm set, next time to send location : 146149955, com.samsung.android.location.geofence.geopoint.d@b7232d3
07-10 01:17:30.487  5674  6793 D SLocation: SLocationCoreSem - send to coreSem, packet length : 23 / [2, 26, 183, 29, 189, 12, 49, 248, 249, 0, 0, 0, 15, 2, 0, 0, 1, 137, 60, 242, 40, 51, 0]
07-10 01:17:30.487  5674  6793 D SemContextLocationCoreAttribute: setAttribute() mode : 0 action : 23
07-10 01:17:30.487  5674  6793 D SemContextService: lock : changeParameters
07-10 01:17:30.487  5674  6793 D SemContext.CaeProvider.LocationCoreImpl: setAttribute() mode : 0 action : 23
07-10 01:17:30.487  5674  6793 W CAE     : setCAProperty(ContextAwareService.java:513) - [setProperty 01] Mutex is locked for SLOCATION_RUNNER
07-10 01:17:30.488  5674  6793 I CAE     : setPropertyValue(SLocationRunner.java:116) - SLocationRunner setProperty header : 2, len : 23
07-10 01:17:30.488  5674  6793 I CAE     : sendCmdToSensorHub(SensorHubCommManager.java:156) - -63, 23, 55, 2, 26, -73, 29, -67, 12, 49, -8, -7, 0, 0, 0, 15, 2, 0, 0, 1, -119, 60, -14, 40, 51, 0,
07-10 01:17:30.489  5674  5862 D SensorService: setSContextDataLocked ints length 8 , byte length 26
07-10 01:17:30.489  5674  5862 D SensorService: setSContextDataLocked 23717c1
07-10 01:17:30.490  5306  5306 I SensorsHub: SContextSensor::injecet_sensor_data
07-10 01:17:30.490  5306  5306 D SensorsHub: c1 17 37 02 1a b7 1d bd 0c 31 f8 f9 00 00 00 0f
07-10 01:17:30.490  5306  5306 D SensorsHub: 02 00 00 01 89 3c f2 28 33 00
07-10 01:17:30.491  5306  5306 D SensorsHub: inject_scontext_data: New ssp_data_injection_fd(28)
07-10 01:17:30.491  5306  5306 D SensorsHub: SContext Data Injection return 26
07-10 01:17:30.491  5306  5327 I SensorsHub: context 10 0 9 1,1,55,0,5,2,2,0,0,0, 146147324778458
07-10 01:17:30.492  5674  5859 D SensorHubManager: onGetSensorHubDataLocked: library(10) = 1, 1, 55, 0, 5, 2, 2, 0, 0, 0
07-10 01:17:30.493  5674  6793 W CAE     : setCAProperty(ContextAwareService.java:519) - [setProperty 02] Mutex is unlocked for SLOCATION_RUNNER
07-10 01:17:30.493  5674  6793 D SemContextService: unlock : changeParameters
07-10 01:17:30.493  5674  6793 D SemContextManager:   .changeParameters : listener = com.samsung.android.location.semcontext.a@459a70d, service=SLocation Core
07-10 01:17:30.493  5674  5860 D CAE     : onGetSensorHubData(SensorHubParserProvider.java:89) - onGetSensorHubData Event [event buffer len :10], AP_WAKEUP
07-10 01:17:30.493  5674  6793 D SLocation: ARDistanceLibManager - request distance diff to AR Distance Library
07-10 01:17:30.493  5674  6793 D SLocation: SLocationCoreSem - send to coreSem, packet length : 1 / [34]
07-10 01:17:30.494  5674  6793 D SemContextLocationCoreAttribute: setAttribute() mode : 0 action : 23
07-10 01:17:30.494  5674  6793 D SemContextService: lock : changeParameters
07-10 01:17:30.494  5674  6793 D SemContext.CaeProvider.LocationCoreImpl: setAttribute() mode : 0 action : 23
07-10 01:17:30.494  5674  6793 W CAE     : setCAProperty(ContextAwareService.java:513) - [setProperty 01] Mutex is locked for SLOCATION_RUNNER
07-10 01:17:30.494  5674  6793 I CAE     : setPropertyValue(SLocationRunner.java:116) - SLocationRunner setProperty header : 34, len : 1
07-10 01:17:30.495  5674  5860 I CAE     : parse(SensorHubParserProvider.java:190) - buffer size = 10
07-10 01:17:30.495  5674  6793 I CAE     : sendCmdToSensorHub(SensorHubCommManager.java:156) - -63, 23, 55, 34,
07-10 01:17:30.495  5674  5860 I CAE     : parse(SensorHubParserProvider.java:201) - 1, 1, 55, 0, 5, 2, 2, 0, 0, 0,
07-10 01:17:30.495  5674  5860 I CAE     : parse(SLocationRunner.java:88) - SLocationRunner parse start : 3
07-10 01:17:30.496  5674  5860 D CAE     : display(ContextProvider.java:375) - ================= SLOCATION_RUNNER =================
07-10 01:17:30.496  5674  5860 I CAE     : display(ContextProvider.java:391) - ExtraDataArray=[1, 1, 55, 0, 5, 2, 2, 0, 0, 0]
07-10 01:17:30.497  5674  5860 I CAE     : parse(SLocationRunner.java:96) - SLocationRunner parse end:10
07-10 01:17:30.498  5674  5862 D SensorService: setSContextDataLocked ints length 2 , byte length 4
07-10 01:17:30.499  5674  5862 D SensorService: setSContextDataLocked 223717c1
07-10 01:17:30.499  5306  5306 I SensorsHub: SContextSensor::injecet_sensor_data
07-10 01:17:30.499  5306  5306 D SensorsHub: c1 17 37 22
07-10 01:17:30.499  5306  5306 D SensorsHub: inject_scontext_data: New ssp_data_injection_fd(28)
07-10 01:17:30.499  5306  5306 D SensorsHub: SContext Data Injection return 4
07-10 01:17:30.500  5674  5857 D SemContextService: Service.updateContext() : service = SLocation Core
07-10 01:17:30.501  5674  5674 D SemContextManager: onSemContextChanged() : event = SLocation Core
07-10 01:17:30.501  5674  5674 D SLocation: SLocationCoreSem - SemContextChanged type = 47, packet received
07-10 01:17:30.501  5674  6793 W CAE     : setCAProperty(ContextAwareService.java:519) - [setProperty 02] Mutex is unlocked for SLOCATION_RUNNER
07-10 01:17:30.501  5674  6793 D SemContextService: unlock : changeParameters
07-10 01:17:30.501  5674  6793 D SemContextManager:   .changeParameters : listener = com.samsung.android.location.semcontext.a@459a70d, service=SLocation Core
07-10 01:17:30.501  5674  6793 I SLocation: SemContextParser -  parse start : 3
07-10 01:17:30.501  5674  6793 I SLocation: SemContextParser -  packet Length : 5packet total size : 10
07-10 01:17:30.501  5674  6793 I SLocation: SemContextParser - packet : [2, 2, 0, 0, 0]
07-10 01:17:30.500  5306  5327 I SensorsHub: context 38 0 37 1,1,55,0,33,33,0,0,0,0,23,112,73,106,186,2,38,0,26,183,29,32,12,50,3,0,0,0,0,37,4,255,158,8,0,0,5,63, 146147333143035
07-10 01:17:30.501  5674  6793 D SLocation: GeofenceCoreManager - received Extra Data from core, len : 5
07-10 01:17:30.501  5674  6793 D SLocation: GeofenceCoreManager - handleCommandCallback - UNKNOWN_CALLBACK 2 SUCCESS
07-10 01:17:30.501  5674  6793 D SLocation: CommonCoreManager - received Extra Data from core, len : 5
07-10 01:17:30.501  5674  6793 D SLocation: CommonCoreManager - handleCommandCallback - FUNC_TYPE : SET_LOCATION ERROR_CODE : ERROR_NONE
07-10 01:17:30.501  5306  5327 I SensorsHub: context 10 0 9 1,1,55,0,5,2,34,0,0,0, 146147333199189
07-10 01:17:30.502  5674  5859 D SensorHubManager: onGetSensorHubDataLocked: library(38) = 1, 1, 55, 0, 33, 33, 0, 0, 0, 0, 23, 112, 73, 106, -70, 2, 38, 0, 26, -73, 29, 32, 12, 50, 3, 0, 0, 0, 0, 37, 4, -1, -98, 8, 0, 0, 5, 63
07-10 01:17:30.502  5674  5859 D SensorHubManager: onGetSensorHubDataLocked: library(10) = 1, 1, 55, 0, 5, 2, 34, 0, 0, 0
07-10 01:17:30.502  5674  5860 D CAE     : onGetSensorHubData(SensorHubParserProvider.java:89) - onGetSensorHubData Event [event buffer len :38], AP_WAKEUP
07-10 01:17:30.502  5674  5860 I CAE     : parse(SensorHubParserProvider.java:190) - buffer size = 38
07-10 01:17:30.502  5674  5860 I CAE     : parse(SensorHubParserProvider.java:201) - 1, 1, 55, 0, 33, 33, 0, 0, 0, 0, 23, 112, 73, 106, -70, 2, 38, 0, 26, -73, 29, 32, 12, 50, 3, 0, 0, 0, 0, 37, 4, -1, -98, 8, 0, 0, 5, 63,
07-10 01:17:30.502  5674  5860 I CAE     : parse(SLocationRunner.java:88) - SLocationRunner parse start : 3
07-10 01:17:30.503  5674  5860 D CAE     : display(ContextProvider.java:375) - ================= SLOCATION_RUNNER =================
07-10 01:17:30.503  5674  5860 I CAE     : display(ContextProvider.java:391) - ExtraDataArray=[1, 1, 55, 0, 33, 33, 0, 0, 0, 0, 23, 112, 73, 106, -70, 2, 38, 0, 26, -73, 29, 32, 12, 50, 3, 0, 0, 0, 0, 37, 4, -1, -98, 8, 0, 0, 5, 63]
07-10 01:17:30.503  5674  5860 I CAE     : parse(SLocationRunner.java:96) - SLocationRunner parse end:38
07-10 01:17:30.503  5674  5860 D CAE     : onGetSensorHubData(SensorHubParserProvider.java:89) - onGetSensorHubData Event [event buffer len :10], AP_WAKEUP
07-10 01:17:30.503  5674  5860 I CAE     : parse(SensorHubParserProvider.java:190) - buffer size = 10
07-10 01:17:30.503  5674  5860 I CAE     : parse(SensorHubParserProvider.java:201) - 1, 1, 55, 0, 5, 2, 34, 0, 0, 0,
07-10 01:17:30.503  5674  5857 D SemContextService: Service.updateContext() : service = SLocation Core
07-10 01:17:30.504  5674  5860 I CAE     : parse(SLocationRunner.java:88) - SLocationRunner parse start : 3
07-10 01:17:30.504  5674  5860 D CAE     : display(ContextProvider.java:375) - ================= SLOCATION_RUNNER =================
07-10 01:17:30.504  5674  5674 D SemContextManager: onSemContextChanged() : event = SLocation Core
07-10 01:17:30.504  5674  5674 D SLocation: SLocationCoreSem - SemContextChanged type = 47, packet received
07-10 01:17:30.504  5674  5860 I CAE     : display(ContextProvider.java:391) - ExtraDataArray=[1, 1, 55, 0, 5, 2, 34, 0, 0, 0]
07-10 01:17:30.504  5674  6793 I SLocation: SemContextParser -  parse start : 3
07-10 01:17:30.504  5674  6793 I SLocation: SemContextParser -  packet Length : 33packet total size : 38
07-10 01:17:30.504  5674  6793 I SLocation: SemContextParser - packet : [33, 0, 0, 0, 0, 23, 112, 73, 106, -70, 2, 38, 0, 26, -73, 29, 32, 12, 50, 3, 0, 0, 0, 0, 37, 4, -1, -98, 8, 0, 0, 5, 63]
07-10 01:17:30.504  5674  6793 D SLocation: GeofenceCoreManager - received Extra Data from core, len : 33
07-10 01:17:30.504  5674  5860 I CAE     : parse(SLocationRunner.java:96) - SLocationRunner parse end:10
07-10 01:17:30.504  5674  6793 D SLocation: ARDistanceGetARDistance - convertSensorHubTimeToElapsedTime 1688928894201496833
07-10 01:17:30.504  5674  6793 D SLocation: ARDistanceGetARDistance - invalid location time from core pvt 1688928894201496833, do not use distance info
07-10 01:17:30.504  5674  6793 D SLocation: CommonCoreManager - received Extra Data from core, len : 33
07-10 01:17:30.505  5674  5857 D SemContextService: Service.updateContext() : service = SLocation Core
07-10 01:17:30.505  5674  5674 D SemContextManager: onSemContextChanged() : event = SLocation Core
07-10 01:17:30.505  5674  5674 D SLocation: SLocationCoreSem - SemContextChanged type = 47, packet received
07-10 01:17:30.505  5674  6793 I SLocation: SemContextParser -  parse start : 3
07-10 01:17:30.505  5674  6793 I SLocation: SemContextParser -  packet Length : 5packet total size : 10
07-10 01:17:30.505  5674  6793 I SLocation: SemContextParser - packet : [2, 34, 0, 0, 0]
07-10 01:17:30.505  5674  6793 D SLocation: GeofenceCoreManager - received Extra Data from core, len : 5
07-10 01:17:30.505  5674  6793 D SLocation: GeofenceCoreManager - handleCommandCallback - UNKNOWN_CALLBACK 34 SUCCESS
07-10 01:17:30.505  5674  6793 D SLocation: ARDistanceLibManager - command callback received - CURRENT_LOCATION_REQUEST_DISTANCE ERROR CODE : ERROR_NONE
07-10 01:17:30.506  5674  6793 D SLocation: CommonCoreManager - received Extra Data from core, len : 5
07-10 01:17:30.698 30967 31717 I ContactsProvider_EventLog: cp_s: [CONTACT con(158) dat(1091) acc({sim(3)=15, sec(6)=1, sim2(4)=1, google(2)=81, org.telegram.messenger(236)=100, com.whatsapp(14)=41}) calls([logtype:100 cnt:877, logtype:200 cnt:5, logtype:300 cnt:495, logtype:1000 cnt:632, logtype:1150 cnt:161]) Iso(RS) uId(0) ]
07-10 01:17:30.698 30967 31717 I ContactsProvider_EventLog: cp_s: [ agr({[2 ,2 ,14 ,236]=1, [2 ,14 ,236]=32, [3]=15, [14]=1, [4]=1, [2 ,14]=4, [2 ,2]=2, [2]=34, [6 ,14]=1, [2 ,236]=3, [236]=62, [2 ,236 ,14]=2}) ]
07-10 01:17:30.698 30967 31717 I ContactsProvider_EventLog: cp_s: [ cnt({acore(30967)=1}) ]
07-10 01:17:30.698 30967 31717 I ContactsProvider_EventLog: cp_s: [PROFILE con(1) dat(1) acc({vnd.sec.contact.phone=1}) ] [SAPROFILE ]
07-10 01:17:30.698 30967 31717 I ContactsProvider_EventLog: cp_s: [STATE R(T) ]
07-10 01:17:31.344  5325  5325 E sehhealth-service: Could not open /sys/class/power_supply/battery/lrp
07-10 01:17:32.041  5674  7726 D SemWifiUsabilityStatsMonitor: onWifiUsabilityStats - seqNum 21770, isSameBssidAndFreq true
07-10 01:17:32.047  5674  6128 I SemWifiLinkQualityMonitor: Link Qos Query: 0.110 ms / 73.000 Mbps (292 / 0.000 / 4.000)
07-10 01:17:33.124  5674  6793 D SLocation: GeopointGeofenceManager - Location reported : fix method = 4 / 15.855
07-10 01:17:33.125  5674  6793 W Settings: Setting airplane_mode_on has moved from android.provider.Settings.System to android.provider.Settings.Global, returning read-only value.
07-10 01:17:33.134  5674  6793 D SLocation: LocationProcessingAlgorithm - entry condition - dist : 4654.628 padding : 0.0, accuracy : 15.855, provider : network, dir : 2
07-10 01:17:33.135  5674  6793 D SLocation: LocationProcessingAlgorithm - entry condition - dist : 3807521.0 padding : 0.0, accuracy : 15.855, provider : network, dir : 2
07-10 01:17:33.135  5674  6793 D SLocation: LocationProcessingAlgorithm - entry condition - dist : 90752.17 padding : 0.0, accuracy : 15.855, provider : network, dir : 2
07-10 01:17:33.136  5674  6793 D SLocation: LocationProcessingAlgorithm - entry condition - dist : 3807944.5 padding : 0.0, accuracy : 15.855, provider : network, dir : 2
07-10 01:17:33.137  5674  6793 D SLocation: LocationProcessingAlgorithm - entry condition - dist : 684.675 padding : 0.0, accuracy : 15.855, provider : network, dir : 2
07-10 01:17:33.140  5674  6793 D SLocation: LocationProcessingAlgorithm - entry condition - dist : 1917397.1 padding : 0.0, accuracy : 15.855, provider : network, dir : 2
07-10 01:17:33.142  5674  6793 D SLocation: LocationProcessingAlgorithm - entry condition - dist : 13352.619 padding : 0.0, accuracy : 15.855, provider : network, dir : 2
07-10 01:17:33.143  5674  6793 D SLocation: LocationProcessingAlgorithm - entry condition - dist : 3807944.5 padding : 0.0, accuracy : 15.855, provider : network, dir : 2
07-10 01:17:33.144  5674  6793 D SLocation: LocationProcessingAlgorithm - entry condition - dist : 1801177.8 padding : 0.0, accuracy : 15.855, provider : network, dir : 2
07-10 01:17:33.145  5674  6793 D SLocation: LocationProcessingAlgorithm - entry condition - dist : 663.8602 padding : 0.0, accuracy : 15.855, provider : network, dir : 2
07-10 01:17:33.146  5674  6793 D SLocation: ReceiverPairWithWifi - ignore direction of location due to wifi, id =11reason=400
07-10 01:17:33.147  5674  6793 D SLocation: LocationProcessingAlgorithm - entry condition - dist : 427.6099 padding : 0.0, accuracy : 15.855, provider : network, dir : 1
07-10 01:17:33.149  5674  6793 D SLocation: GeopointReceiver - send geopoint result - 1
07-10 01:17:35.092  5674  7726 D SemWifiUsabilityStatsMonitor: onWifiUsabilityStats - seqNum 21771, isSameBssidAndFreq true
07-10 01:17:35.095  5674  6128 I SemWifiLinkQualityMonitor: Link Qos Query: 0.046 ms / 175.500 Mbps (351 / 0.000 / 2.000)
07-10 01:17:37.776  5487  5978 D installd: Device /data has 2397151232 free; requested 3221225472; needed 824074240
07-10 01:17:37.916  5674  9957 D PackageManager: setEnabledSetting : userId = 0 packageName = com.Slack cmp = androidx.work.impl.background.systemalarm.RescheduleReceiver newState = 1 callingPackage = 10329/com.Slack
07-10 01:17:37.919  5674  9957 D ApplicationPolicy: getApplicationStateEnabled : pkg = com.Slack userId : 0
07-10 01:17:37.920  5674  9957 D ApplicationPolicy: getApplicationComponentState : pkg = com.Slack userId : 0
07-10 01:17:37.939  5353  6075 V APM_AudioPolicyManager: setAppState(portId:1005, state:1)
07-10 01:17:37.940  5674  5745 W libprocessgroup: Failed to open /dev/blkio//cgroup.procs: No such file or directory
07-10 01:17:37.955 25156 25229 D ConnectivityManager: StackLog: [android.net.ConnectivityManager.sendRequestForNetwork(ConnectivityManager.java:4300)] [android.net.ConnectivityManager.registerDefaultNetworkCallbackForUid(ConnectivityManager.java:4864)] [android.net.ConnectivityManager.registerDefaultNetworkCallback(ConnectivityManager.java:4831)] [android.net.ConnectivityManager.registerDefaultNetworkCallback(ConnectivityManager.java:4805)] [androidx.work.impl.utils.NetworkApi24.registerDefaultNetworkCallbackCompat(Unknown Source:11)] [androidx.work.impl.constraints.trackers.NetworkStateTracker24.startTracking(Unknown Source:15)] [androidx.work.impl.constraints.controllers.ConstraintController.replace(Unknown Source:130)] [androidx.work.impl.constraints.WorkConstraintsTrackerImpl.replace(Unknown Source:41)] [androidx.work.impl.background.greedy.GreedyScheduler.schedule(Unknown Source:302)] [androidx.work.impl.Schedulers.schedule(Unknown Source:155)] [androidx.work.impl.utils.EnqueueRunnable.run(Unknown Source:53)] [androidx.work.Worker$2.run$androidx$work$impl$utils$SerialExecutorImpl$Task(Unknown Source:4)] [androidx.work.Worker$2.run(Unknown Source:868)] [java.util.concurrent.ThreadPoolExecutor.runWorker(ThreadPoolExecutor.java:1137)] [java.util.concurrent.ThreadPoolExecutor$Worker.run(ThreadPoolExecutor.java:637)] [java.lang.Thread.run(Thread.java:1012)]
07-10 01:17:37.957  5674  9950 D ConnectivityService: requestNetwork for uid/pid:10329/25156 activeRequest: null callbackRequest: 16671 [NetworkRequest [ REQUEST id=16672, [ Capabilities: INTERNET&NOT_RESTRICTED&TRUSTED&NOT_VCN_MANAGED Uid: 10329 RequestorUid: 10329 RequestorPkg: com.Slack UnderlyingNetworks: Null] ]] callback flags: 0 order: 2147483647
07-10 01:17:37.958  5674  6055 D ConnectivityService:    accepting network in place of null
07-10 01:17:37.967  5674  6045 D WifiNetworkFactory: got request NetworkRequest [ REQUEST id=16672, [ Capabilities: INTERNET&NOT_RESTRICTED&TRUSTED&NOT_VCN_MANAGED Uid: 10329 RequestorUid: 10329 RequestorPkg: com.Slack UnderlyingNetworks: Null] ]
07-10 01:17:37.967  5674  6045 D UntrustedWifiNetworkFactory: got request NetworkRequest [ REQUEST id=16672, [ Capabilities: INTERNET&NOT_RESTRICTED&TRUSTED&NOT_VCN_MANAGED Uid: 10329 RequestorUid: 10329 RequestorPkg: com.Slack UnderlyingNetworks: Null] ]
07-10 01:17:37.972  5674  6045 D OemPaidWifiNetworkFactory: got request NetworkRequest [ REQUEST id=16672, [ Capabilities: INTERNET&NOT_RESTRICTED&TRUSTED&NOT_VCN_MANAGED Uid: 10329 RequestorUid: 10329 RequestorPkg: com.Slack UnderlyingNetworks: Null] ]
07-10 01:17:37.972  5674  6045 D MultiInternetWifiNetworkFactory: got request NetworkRequest [ REQUEST id=16672, [ Capabilities: INTERNET&NOT_RESTRICTED&TRUSTED&NOT_VCN_MANAGED Uid: 10329 RequestorUid: 10329 RequestorPkg: com.Slack UnderlyingNetworks: Null] ]
07-10 01:17:37.976  5674  6055 D ConnectivityService: Rematched networks [computed 0ms] [applied 3ms] [issued 15]
07-10 01:17:37.976  5674  6055 D ConnectivityService: NetworkReassignment :
07-10 01:17:37.976  5674  6055 D ConnectivityService:   16672 : null → 118
07-10 01:17:37.980 25156 25156 D ConnectivityManager: StackLog: [android.net.ConnectivityManager.unregisterNetworkCallback(ConnectivityManager.java:4972)] [androidx.work.impl.utils.NetworkApi21.unregisterNetworkCallbackCompat(Unknown Source:11)] [androidx.work.impl.constraints.trackers.NetworkStateTracker24.stopTracking(Unknown Source:15)] [androidx.work.impl.constraints.trackers.ConstraintTracker.removeListener(Unknown Source:24)] [androidx.work.impl.constraints.controllers.ConstraintController.replace(Unknown Source:81)] [androidx.work.impl.constraints.WorkConstraintsTrackerImpl.replace(Unknown Source:41)] [androidx.work.impl.background.greedy.GreedyScheduler.onExecuted(Unknown Source:55)] [androidx.work.impl.Processor.onExecuted(Unknown Source:59)] [com.bugsnag.android.DeliveryDelegate$1.run(Unknown Source:212)]
07-10 01:17:37.983  5674  6055 D ConnectivityService:  Removing from current network [118 WIFI], leaving 155 requests.
07-10 01:17:37.989  5353  6075 V APM_AudioPolicyManager: setAppState(portId:1005, state:1)
07-10 01:17:37.992  5353  6075 V APM_AudioPolicyManager: setAppState(portId:1005, state:1)
07-10 01:17:38.144  5674  7726 D SemWifiUsabilityStatsMonitor: onWifiUsabilityStats - seqNum 21772, isSameBssidAndFreq true
07-10 01:17:38.146  5674  6128 I SemWifiLinkQualityMonitor: Link Qos Query: 0.088 ms / 91.250 Mbps (292 / 0.000 / 3.200)
07-10 01:17:38.156  5487  5978 W installd: Failed to resolve inode 1263408; using /data/user_de/0/com.samsung.accessibility/cache
07-10 01:17:38.198  5487  5978 D installd: Purging /data/user_de/0/org.jetbrains.android_benchmark.test/code_cache/com.android.skia.shaders_cache size=16384 mod=1688942388 from UID=10498 used=3249696768 quota=4447171 ratio=7307334
07-10 01:17:38.198  5487  5978 D installd: Purging /data/user_de/0/org.jetbrains.android_benchmark.test/code_cache/com.android.opengl.shaders_cache size=8192 mod=1688942388 from UID=10498 used=3249680384 quota=4447171 ratio=7307298
07-10 01:17:38.198  5487  5978 D installd: Purging /mnt/pass_through/0/emulated/0/Android/data/org.jetbrains.android_benchmark.test/cache/AckermannBenchmark_mutableUniversalRefIntIn1Long_2023-07-09-22-39-52.perfetto-trace size=7745536 mod=1688942392 from UID=10498 used=3249672192 quota=4447171 ratio=7307279
07-10 01:17:38.200  5487  5978 D installd: Purging /mnt/pass_through/0/emulated/0/Android/data/org.jetbrains.android_benchmark.test/cache/AckermannBenchmark_valueDouble_2023-07-09-22-41-39.perfetto-trace size=107581440 mod=1688942499 from UID=10498 used=3241926656 quota=4447171 ratio=7289862
07-10 01:17:38.214  5487  5978 D installd: Purging /mnt/pass_through/0/emulated/0/Android/data/org.jetbrains.android_benchmark.test/cache/AckermannBenchmark_valueInt_2023-07-09-22-41-49.perfetto-trace size=22331392 mod=1688942509 from UID=10498 used=3134345216 quota=4447171 ratio=7047952
07-10 01:17:38.218  5487  5978 D installd: Purging /mnt/pass_through/0/emulated/0/Android/data/org.jetbrains.android_benchmark.test/cache/AckermannBenchmark_mutableSpecificRefFloat_2023-07-09-22-41-55.perfetto-trace size=3313664 mod=1688942515 from UID=10498 used=3112013824 quota=4447171 ratio=6997738
07-10 01:17:38.218  5487  5978 D installd: Purging /mnt/pass_through/0/emulated/0/Android/data/org.jetbrains.android_benchmark.test/cache/AckermannBenchmark_valuePreserveBoxDouble_2023-07-09-22-42-07.perfetto-trace size=43524096 mod=1688942527 from UID=10498 used=3108700160 quota=4447171 ratio=6990286
07-10 01:17:38.225  5487  5978 D installd: Purging /mnt/pass_through/0/emulated/0/Android/data/org.jetbrains.android_benchmark.test/cache/AckermannBenchmark_valuePreserveBoxFloat_2023-07-09-22-42-19.perfetto-trace size=31227904 mod=1688942539 from UID=10498 used=3065176064 quota=4447171 ratio=6892417
07-10 01:17:38.229  5487  5978 D installd: Purging /mnt/pass_through/0/emulated/0/Android/data/org.jetbrains.android_benchmark.test/cache/AckermannBenchmark_valueLong_2023-07-09-22-42-35.perfetto-trace size=58667008 mod=1688942555 from UID=10498 used=3033948160 quota=4447171 ratio=6822198
07-10 01:17:38.239  5487  5978 D installd: Purging /mnt/pass_through/0/emulated/0/Android/data/org.jetbrains.android_benchmark.test/cache/AckermannBenchmark_mutableUniversalRefLong_2023-07-09-22-42-43.perfetto-trace size=3985408 mod=1688942563 from UID=10498 used=2975281152 quota=4447171 ratio=6690278
07-10 01:17:38.239  5487  5978 D installd: Purging /mnt/pass_through/0/emulated/0/Android/data/org.jetbrains.android_benchmark.test/cache/AckermannBenchmark_baselineLong_2023-07-09-22-42-58.perfetto-trace size=57192448 mod=1688942578 from UID=10498 used=2971295744 quota=4447171 ratio=6681316
07-10 01:17:38.247  5487  5978 D installd: Purging /mnt/pass_through/0/emulated/0/Android/data/org.jetbrains.android_benchmark.test/cache/AckermannBenchmark_mutableUniversalRefDouble_2023-07-09-22-44-37.perfetto-trace size=36814848 mod=1688942677 from UID=10498 used=2914103296 quota=4447171 ratio=6552712
07-10 01:17:38.252  5487  5978 D installd: Purging /mnt/pass_through/0/emulated/0/Android/data/org.jetbrains.android_benchmark.test/cache/AckermannBenchmark_baselineDouble_2023-07-09-22-44-47.perfetto-trace size=34893824 mod=1688942687 from UID=10498 used=2877288448 quota=4447171 ratio=6469929
07-10 01:17:38.258  5487  5978 D installd: Purging /mnt/pass_through/0/emulated/0/Android/data/org.jetbrains.android_benchmark.test/cache/AckermannBenchmark_valueOnlyBodiesLong_2023-07-09-22-45-02.perfetto-trace size=54210560 mod=1688942702 from UID=10498 used=2842394624 quota=4447171 ratio=6391466
07-10 01:17:38.266  5487  5978 D installd: Purging /mnt/pass_through/0/emulated/0/Android/data/org.jetbrains.android_benchmark.test/cache/AckermannBenchmark_valuePreserveBoxLong_2023-07-09-22-45-19.perfetto-trace size=62185472 mod=1688942720 from UID=10498 used=2788184064 quota=4447171 ratio=6269567
07-10 01:17:38.274  5487  5978 D installd: Purging /mnt/pass_through/0/emulated/0/Android/data/org.jetbrains.android_benchmark.test/cache/AckermannBenchmark_valueOnlyBodiesFloat_2023-07-09-22-45-29.perfetto-trace size=24186880 mod=1688942729 from UID=10498 used=2725998592 quota=4447171 ratio=6129736
07-10 01:17:38.278  5487  5978 D installd: Purging /mnt/pass_through/0/emulated/0/Android/data/org.jetbrains.android_benchmark.test/cache/AckermannBenchmark_mutableSpecificRefDouble_2023-07-09-22-45-36.perfetto-trace size=3735552 mod=1688942736 from UID=10498 used=2701811712 quota=4447171 ratio=6075349
07-10 01:17:38.279  5487  5978 D installd: Purging /mnt/pass_through/0/emulated/0/Android/data/org.jetbrains.android_benchmark.test/cache/AckermannBenchmark_baselineFloat_2023-07-09-22-45-51.perfetto-trace size=51605504 mod=1688942751 from UID=10498 used=2698076160 quota=4447171 ratio=6066949
07-10 01:17:38.286  5487  5978 D installd: Purging /mnt/pass_through/0/emulated/0/Android/data/org.jetbrains.android_benchmark.test/cache/AckermannBenchmark_longPackFloat_2023-07-09-22-45-58.perfetto-trace size=1843200 mod=1688942758 from UID=10498 used=2646470656 quota=4447171 ratio=5950908
07-10 01:17:38.287  5487  5978 D installd: Purging /mnt/pass_through/0/emulated/0/Android/data/org.jetbrains.android_benchmark.test/cache/AckermannBenchmark_baselineInt_2023-07-09-22-46-05.perfetto-trace size=21147648 mod=1688942765 from UID=10498 used=2644627456 quota=4447171 ratio=5946763
07-10 01:17:38.291  5487  5978 D installd: Purging /mnt/pass_through/0/emulated/0/Android/data/org.jetbrains.android_benchmark.test/cache/AckermannBenchmark_valuePreserveBoxInt_2023-07-09-22-46-18.perfetto-trace size=36937728 mod=1688942778 from UID=10498 used=2623479808 quota=4447171 ratio=5899210
07-10 01:17:38.295  5487  5978 D installd: Purging /mnt/pass_through/0/emulated/0/Android/data/org.jetbrains.android_benchmark.test/cache/AckermannBenchmark_mutableSpecificRefLong_2023-07-09-22-46-25.perfetto-trace size=4423680 mod=1688942785 from UID=10498 used=2586542080 quota=4447171 ratio=5816151
07-10 01:17:38.296  5487  5978 D installd: Purging /mnt/pass_through/0/emulated/0/Android/data/org.jetbrains.android_benchmark.test/cache/AckermannBenchmark_valueOnlyBodiesDouble_2023-07-09-22-48-11.perfetto-trace size=87908352 mod=1688942891 from UID=10498 used=2582118400 quota=4447171 ratio=5806204
07-10 01:17:38.309  5487  5978 D installd: Purging /mnt/pass_through/0/emulated/0/Android/data/org.jetbrains.android_benchmark.test/cache/AckermannBenchmark_valueOnlyBodiesInt_2023-07-09-22-48-20.perfetto-trace size=22118400 mod=1688942900 from UID=10498 used=2494210048 quota=4447171 ratio=5608531
07-10 01:17:38.312  5487  5978 D installd: Purging /mnt/pass_through/0/emulated/0/Android/data/org.jetbrains.android_benchmark.test/cache/AckermannBenchmark_mutableUniversalRefIntIn2Longs_2023-07-09-22-48-28.perfetto-trace size=4063232 mod=1688942908 from UID=10498 used=2472091648 quota=4447171 ratio=5558796
07-10 01:17:38.313  5487  5978 D installd: Purging /mnt/pass_through/0/emulated/0/Android/data/org.jetbrains.android_benchmark.test/cache/AckermannBenchmark_mutableUniversalRefFloatIn2Longs_2023-07-09-22-48-34.perfetto-trace size=3698688 mod=1688942914 from UID=10498 used=2468028416 quota=4447171 ratio=5549659
07-10 01:17:38.314  5487  5978 D installd: Purging /mnt/pass_through/0/emulated/0/Android/data/org.jetbrains.android_benchmark.test/cache/AckermannBenchmark_mutableUniversalRefFloatIn1Long_2023-07-09-22-48-40.perfetto-trace size=3710976 mod=1688942921 from UID=10498 used=2464329728 quota=4447171 ratio=5541342
07-10 01:17:38.315  5487  5978 D installd: Purging /mnt/pass_through/0/emulated/0/Android/data/org.jetbrains.android_benchmark.test/cache/AckermannBenchmark_longPackInt_2023-07-09-22-48-47.perfetto-trace size=1462272 mod=1688942927 from UID=10498 used=2460618752 quota=4447171 ratio=5532997
07-10 01:17:38.316  5487  5978 D installd: Purging /mnt/pass_through/0/emulated/0/Android/data/org.jetbrains.android_benchmark.test/cache/AckermannBenchmark_valueFloat_2023-07-09-22-49-01.perfetto-trace size=43098112 mod=1688942942 from UID=10498 used=2459156480 quota=4447171 ratio=5529709
07-10 01:17:38.471  5306  5327 I SensorsHub: context 10 0 9 1,1,26,1,4,255,205,88,1,2, 146155304589106
07-10 01:17:38.472  5674  5859 D SensorHubManager: onGetSensorHubDataLocked: library(10) = 1, 1, 26, 1, 4, -1, -51, 88, 1, 2
07-10 01:17:38.474  5674  5860 D CAE     : onGetSensorHubData(SensorHubParserProvider.java:89) - onGetSensorHubData Event [event buffer len :10], AP_WAKEUP
07-10 01:17:38.474  5674  5860 I CAE     : parse(SensorHubParserProvider.java:190) - buffer size = 10
07-10 01:17:38.475  5674  5860 I CAE     : parse(SensorHubParserProvider.java:201) - 1, 1, 26, 1, 4, -1, -51, 88, 1, 2,
07-10 01:17:38.475  5674  5860 E CAE     : parse(SensorHubModeHandler.java:72) - ERROR : Service is not registered
07-10 01:17:38.476  5674  5860 E CAE     : onGetSensorHubData(SensorHubParserProvider.java:112) - ERROR : Data field parsing error
07-10 01:17:40.797  5262  5262 E audit   : type=1400 audit(1688944660.793:69979): avc:  denied  { getattr } for  pid=5674 comm="BinderProcsColl" path="/sys/kernel/debug/binder/proc/5674" dev="debugfs" ino=32119 scontext=u:r:system_server:s0 tcontext=u:object_r:sec_debugfs:s0 tclass=file permissive=0 SEPF_SM-A515F_13_0001 audit_filtered
07-10 01:17:40.797  5262  5262 E audit   : type=1300 audit(1688944660.793:69979): arch=c00000b7 syscall=79 success=no exit=-13 a0=ffffff9c a1=7af0526b20 a2=79df9bd680 a3=0 items=0 ppid=5287 pid=5674 auid=4294967295 uid=1000 gid=1000 euid=1000 suid=1000 fsuid=1000 egid=1000 sgid=1000 fsgid=1000 tty=(none) ses=4294967295 comm="BinderProcsColl" exe="/system/bin/app_process64" subj=u:r:system_server:s0 key=(null)
07-10 01:17:40.797  5262  5262 E audit   : type=1327 audit(1688944660.793:69979): proctitle="system_server"
07-10 01:17:41.197  5674  7726 D SemWifiUsabilityStatsMonitor: onWifiUsabilityStats - seqNum 21773, isSameBssidAndFreq true
07-10 01:17:41.201  5674  6128 I SemWifiLinkQualityMonitor: Link Qos Query: 0.091 ms / 87.600 Mbps (292 / 0.000 / 3.333)
07-10 01:17:44.260  5674  7726 D SemWifiUsabilityStatsMonitor: onWifiUsabilityStats - seqNum 21774, isSameBssidAndFreq true
07-10 01:17:44.265  5674  6128 I SemWifiLinkQualityMonitor: Link Qos Query: 0.067 ms / 120.235 Mbps (292 / 0.000 / 2.429)
07-10 01:17:47.308  5674  7726 D SemWifiUsabilityStatsMonitor: onWifiUsabilityStats - seqNum 21775, isSameBssidAndFreq true
07-10 01:17:47.312  5674  6128 I SemWifiLinkQualityMonitor: Link Qos Query: 0.067 ms / 120.235 Mbps (292 / 0.000 / 2.429)
07-10 01:17:47.312  6461  6461 D NetworkController.WifiSignalController: notifyListener: visible=true, connected=true, inetCondition=1, isDefault=true, wifiTestReported=true, receivedInetCondition=-1, hideDuringMobileSwitching=false
07-10 01:17:50.365  5674  7726 D SemWifiUsabilityStatsMonitor: onWifiUsabilityStats - seqNum 21776, isSameBssidAndFreq true
07-10 01:17:50.371  5674  6128 I SemWifiLinkQualityMonitor: Link Qos Query: 0.067 ms / 120.235 Mbps (292 / 0.000 / 2.429)
07-10 01:17:53.433  5674  7726 D SemWifiUsabilityStatsMonitor: onWifiUsabilityStats - seqNum 21777, isSameBssidAndFreq true
07-10 01:17:53.435  5674  6128 I SemWifiLinkQualityMonitor: Link Qos Query: 0.067 ms / 120.235 Mbps (292 / 0.000 / 2.429)
07-10 01:17:56.469  5674  7726 D SemWifiUsabilityStatsMonitor: onWifiUsabilityStats - seqNum 21778, isSameBssidAndFreq true
07-10 01:17:56.472  6461  6461 D NetworkController.WifiSignalController: notifyListener: visible=true, connected=true, inetCondition=1, isDefault=true, wifiTestReported=true, receivedInetCondition=-1, hideDuringMobileSwitching=false
07-10 01:17:56.473  5674  6128 I SemWifiLinkQualityMonitor: Link Qos Query: 0.068 ms / 116.800 Mbps (292 / 0.000 / 2.500)
07-10 01:17:56.992 31135 32652 I native  : I0000 00:00:1688944676.991943   32652 soda_async_impl.cc:1540] Current audio timestamp: 1688944676620242
07-10 01:17:57.122  5362  5362 I SurfaceFlinger: SFWD update time=134926492403416
07-10 01:17:58.450 31135 31452 I A       : (REDACTED) #onAudioData: %s bytes, getAudioReadSize %s
07-10 01:17:59.494  5674  7726 D SemWifiUsabilityStatsMonitor: onWifiUsabilityStats - seqNum 21779, isSameBssidAndFreq true
07-10 01:17:59.498  5674  6128 I SemWifiLinkQualityMonitor: Link Qos Query: 0.068 ms / 116.800 Mbps (292 / 0.000 / 2.500)
07-10 01:17:59.498  6461  6461 D NetworkController.WifiSignalController: notifyListener: visible=true, connected=true, inetCondition=1, isDefault=true, wifiTestReported=true, receivedInetCondition=-1, hideDuringMobileSwitching=false
07-10 01:18:00.007  6461  6461 D KeyguardUpdateMonitor: received broadcast android.intent.action.TIME_TICK
07-10 01:18:00.009  6461  6461 D KeyguardUpdateMonitor: handleTimeUpdate
07-10 01:18:00.010  6461  7078 D QSClockBellTower: onReceive(android.intent.action.TIME_TICK) mTimeZoneString:null
07-10 01:18:00.014  6461  6461 D FaceWidgetPagesController: onTimeChanged()
07-10 01:18:00.023  6461  6461 D QSClockBellTower: He is ready to ring the bell. (((QSClockBellSound - TimeText:01:18, TimeContentDescription:01:18, DateText:Mon, 10 July, ShortDateText:Mon, 10 Jul, Demo:false, QuickStar-Second(false|12:34:56))))
07-10 01:18:00.026  6461  6461 D QSClockIndicatorView: Home Indicator status_bar_clock 01:18 notifyTimeChanged(QSClockBellSound - TimeText:01:18, TimeContentDescription:01:18, DateText:Mon, 10 July, ShortDateText:Mon, 10 Jul, Demo:false, QuickStar-Second(false|12:34:56)) ClockVisibleByPolicy:true, ClockVisibleByUser:true, visible?false, parent:android.widget.LinearLayout{503272 V.E...... ........ 0,0-0,55 #7f0b04f0 app:id/left_clock_container}
07-10 01:18:00.027  6461  6461 D QSClockBellTower: Everyone heard the bell. run(currentTime:1688944680015,   getTime():Mon Jul 10 01:18:00 GMT+02:00 2023,   getTimeZone():libcore.util.ZoneInfo[mDstSavings=3600000,mUseDst=true,mDelegate=[id="Europe/Belgrade",mRawOffset=3600000,mEarliestRawOffset=4920000,transitions=119]])
07-10 01:18:00.086  6461  6461 I FaceWidgetPositionAlgorithm: getClockContainerHeight() supplier = 270, bottom margin = 0, real height = 333
07-10 01:18:00.086  6461  6461 I FaceWidgetPositionAlgorithm: getClockContainerHeight() supplier = 270, bottom margin = 63, real height = 333
07-10 01:18:00.086  6461  6461 I FaceWidgetPositionAlgorithm: getMediaContainerHeight() height = 0 container Visibility = 8, isValid = false, mIsDozing = false, fraction = 1.0, source = 0, target = 0
07-10 01:18:00.086  6461  6461 I FaceWidgetPositionAlgorithm: getMediaContainerHeight() supplier = 0
07-10 01:18:00.088  6461  6461 V QsExpandAnimator: setQsExpansionPosition 0.0
07-10 01:18:00.096  6461  6461 V QsExpandAnimator: updateAnimators
07-10 01:18:00.096  6461  6461 V QsExpandAnimator: clearAnimationState
07-10 01:18:00.097  6461  6461 V QsExpandAnimator: updateViews
07-10 01:18:00.101  6461  6461 V QsExpandAnimator: updateTileAnimator
07-10 01:18:00.103  6461  6461 V QsExpandAnimator: updateHeaderAnimator
07-10 01:18:00.104  6461  6461 V QsExpandAnimator: updateBarAnimator
07-10 01:18:00.104  6461  6461 V QsExpandAnimator: setQsExpansionPosition 0.0
07-10 01:18:00.104  6461  6461 V QsExpandAnimator: onAnimationAtStart
07-10 01:18:01.478  5325  5325 E sehhealth-service: Could not open /sys/class/power_supply/battery/lrp
07-10 01:18:02.557  5674  7726 D SemWifiUsabilityStatsMonitor: onWifiUsabilityStats - seqNum 21780, isSameBssidAndFreq true
07-10 01:18:02.563  6461  6461 D NetworkController.WifiSignalController: notifyListener: visible=true, connected=true, inetCondition=1, isDefault=true, wifiTestReported=true, receivedInetCondition=-1, hideDuringMobileSwitching=false
07-10 01:18:02.565  5674  6128 I SemWifiLinkQualityMonitor: Link Qos Query: 0.046 ms / 175.500 Mbps (351 / 0.000 / 2.000)
07-10 01:18:03.229 16924 18133 I WearableConn: Connecting to "Galaxy Watch5 Pro (MJNP)"
07-10 01:18:03.230 16924 18133 I BluetoothSocket: connect() for device 645DF4_1 called by pid: 16924
07-10 01:18:03.272 15865 16587 W btm_acl : Unable to find active acl
07-10 01:18:03.285 15865 16587 W bt_stack: xx:xx:xx:xx:b3:b1 EnqueueCommand (classic_link)
07-10 01:18:04.204 16924 25670 E WakeLock: WearableBluetooth ** IS FORCE-RELEASED ON TIMEOUT **
07-10 01:18:05.581  5674  7726 D SemWifiUsabilityStatsMonitor: onWifiUsabilityStats - seqNum 21781, isSameBssidAndFreq true
07-10 01:18:05.583  5674  6128 I SemWifiLinkQualityMonitor: Link Qos Query: 0.073 ms / 109.583 Mbps (263 / 0.000 / 2.400)
07-10 01:18:07.926  5674  9950 D PackageManager: setEnabledSetting : userId = 0 packageName = com.Slack cmp = androidx.work.impl.background.systemalarm.RescheduleReceiver newState = 1 callingPackage = 10329/com.Slack
07-10 01:18:07.928  5674  9950 D ApplicationPolicy: getApplicationStateEnabled : pkg = com.Slack userId : 0
07-10 01:18:07.929  5674  9950 D ApplicationPolicy: getApplicationComponentState : pkg = com.Slack userId : 0
07-10 01:18:07.951  5353  6075 V APM_AudioPolicyManager: setAppState(portId:1005, state:1)
07-10 01:18:07.953  5674  5745 W libprocessgroup: Failed to open /dev/blkio//cgroup.procs: No such file or directory
07-10 01:18:07.975 25156 25229 D ConnectivityManager: StackLog: [android.net.ConnectivityManager.sendRequestForNetwork(ConnectivityManager.java:4300)] [android.net.ConnectivityManager.registerDefaultNetworkCallbackForUid(ConnectivityManager.java:4864)] [android.net.ConnectivityManager.registerDefaultNetworkCallback(ConnectivityManager.java:4831)] [android.net.ConnectivityManager.registerDefaultNetworkCallback(ConnectivityManager.java:4805)] [androidx.work.impl.utils.NetworkApi24.registerDefaultNetworkCallbackCompat(Unknown Source:11)] [androidx.work.impl.constraints.trackers.NetworkStateTracker24.startTracking(Unknown Source:15)] [androidx.work.impl.constraints.controllers.ConstraintController.replace(Unknown Source:130)] [androidx.work.impl.constraints.WorkConstraintsTrackerImpl.replace(Unknown Source:41)] [androidx.work.impl.background.greedy.GreedyScheduler.schedule(Unknown Source:302)] [androidx.work.impl.Schedulers.schedule(Unknown Source:155)] [androidx.work.impl.utils.EnqueueRunnable.run(Unknown Source:53)] [androidx.work.Worker$2.run$androidx$work$impl$utils$SerialExecutorImpl$Task(Unknown Source:4)] [androidx.work.Worker$2.run(Unknown Source:868)] [java.util.concurrent.ThreadPoolExecutor.runWorker(ThreadPoolExecutor.java:1137)] [java.util.concurrent.ThreadPoolExecutor$Worker.run(ThreadPoolExecutor.java:637)] [java.lang.Thread.run(Thread.java:1012)]
07-10 01:18:07.977  5674  9957 D ConnectivityService: requestNetwork for uid/pid:10329/25156 activeRequest: null callbackRequest: 16673 [NetworkRequest [ REQUEST id=16674, [ Capabilities: INTERNET&NOT_RESTRICTED&TRUSTED&NOT_VCN_MANAGED Uid: 10329 RequestorUid: 10329 RequestorPkg: com.Slack UnderlyingNetworks: Null] ]] callback flags: 0 order: 2147483647
07-10 01:18:07.980  5674  6055 D ConnectivityService:    accepting network in place of null
07-10 01:18:07.986  5674  6045 D WifiNetworkFactory: got request NetworkRequest [ REQUEST id=16674, [ Capabilities: INTERNET&NOT_RESTRICTED&TRUSTED&NOT_VCN_MANAGED Uid: 10329 RequestorUid: 10329 RequestorPkg: com.Slack UnderlyingNetworks: Null] ]
07-10 01:18:07.987  5674  6045 D UntrustedWifiNetworkFactory: got request NetworkRequest [ REQUEST id=16674, [ Capabilities: INTERNET&NOT_RESTRICTED&TRUSTED&NOT_VCN_MANAGED Uid: 10329 RequestorUid: 10329 RequestorPkg: com.Slack UnderlyingNetworks: Null] ]
07-10 01:18:07.989  5674  6045 D OemPaidWifiNetworkFactory: got request NetworkRequest [ REQUEST id=16674, [ Capabilities: INTERNET&NOT_RESTRICTED&TRUSTED&NOT_VCN_MANAGED Uid: 10329 RequestorUid: 10329 RequestorPkg: com.Slack UnderlyingNetworks: Null] ]
07-10 01:18:07.989  5674  6045 D MultiInternetWifiNetworkFactory: got request NetworkRequest [ REQUEST id=16674, [ Capabilities: INTERNET&NOT_RESTRICTED&TRUSTED&NOT_VCN_MANAGED Uid: 10329 RequestorUid: 10329 RequestorPkg: com.Slack UnderlyingNetworks: Null] ]
07-10 01:18:07.996  5674  6055 D ConnectivityService: Rematched networks [computed 1ms] [applied 2ms] [issued 14]
07-10 01:18:07.996  5674  6055 D ConnectivityService: NetworkReassignment :
07-10 01:18:07.996  5674  6055 D ConnectivityService:   16674 : null → 118
07-10 01:18:08.012 25156 25156 D ConnectivityManager: StackLog: [android.net.ConnectivityManager.unregisterNetworkCallback(ConnectivityManager.java:4972)] [androidx.work.impl.utils.NetworkApi21.unregisterNetworkCallbackCompat(Unknown Source:11)] [androidx.work.impl.constraints.trackers.NetworkStateTracker24.stopTracking(Unknown Source:15)] [androidx.work.impl.constraints.trackers.ConstraintTracker.removeListener(Unknown Source:24)] [androidx.work.impl.constraints.controllers.ConstraintController.replace(Unknown Source:81)] [androidx.work.impl.constraints.WorkConstraintsTrackerImpl.replace(Unknown Source:41)] [androidx.work.impl.background.greedy.GreedyScheduler.onExecuted(Unknown Source:55)] [androidx.work.impl.Processor.onExecuted(Unknown Source:59)] [com.bugsnag.android.DeliveryDelegate$1.run(Unknown Source:212)]
07-10 01:18:08.014  5674  6055 D ConnectivityService:  Removing from current network [118 WIFI], leaving 155 requests.
07-10 01:18:08.021  5353  6075 V APM_AudioPolicyManager: setAppState(portId:1005, state:1)
07-10 01:18:08.025  5353  6075 V APM_AudioPolicyManager: setAppState(portId:1005, state:1)
07-10 01:18:08.618  5674  7726 D SemWifiUsabilityStatsMonitor: onWifiUsabilityStats - seqNum 21782, isSameBssidAndFreq true
07-10 01:18:08.621  5674  6128 I SemWifiLinkQualityMonitor: Link Qos Query: 0.073 ms / 109.583 Mbps (263 / 0.000 / 2.400)
07-10 01:18:08.622  6461  6461 D NetworkController.WifiSignalController: notifyListener: visible=true, connected=true, inetCondition=1, isDefault=true, wifiTestReported=true, receivedInetCondition=-1, hideDuringMobileSwitching=false
07-10 01:18:09.714 15865 16587 W bt_stack: Unhandled vendor specific event of type 0x90
07-10 01:18:09.716 15865 16587 W bt_stack: Connection failed classic remote:xx:xx:xx:xx:b3:b1 reason:PAGE_TIMEOUT
07-10 01:18:09.717 15865 16649 W bt_l2cap: L2CAP - no CCB for L2CA_disc_req, CID: 114
07-10 01:18:09.717 15865 16649 W btm_acl : Unable to find active acl
07-10 01:18:09.720 15865 16679 E bt_btif_sock_rfcomm: find_rfc_slot_by_id unable to find RFCOMM slot id: 106
07-10 01:18:09.724 16924 18133 W WearableConn: Failed to connect, error: read failed, socket might closed or timeout, read ret: -1
07-10 01:18:09.725 16924 18133 D BluetoothSocket: close() this: android.bluetooth.BluetoothSocket@30a53ad, channel: -1, mSocketIS: android.net.LocalSocketImpl$SocketInputStream@5b286e2, mSocketOS: android.net.LocalSocketImpl$SocketOutputStream@6e87a73, mSocket: android.net.LocalSocket@e3d5d30 impl:android.net.LocalSocketImpl@5a57da9 fd:java.io.FileDescriptor@d762f2e, mSocketState: INIT
07-10 01:18:09.730 16924 18133 I WearableConn: Setting alarm for 256.0 seconds to retry connection
07-10 01:18:09.734 16924 18133 I AlarmManager: setExactAndAllowWhileIdle [name: WearableBluetooth type: 2 triggerAtMillis: 146442562]
07-10 01:18:09.751 15865 16182 D BluetoothUtils: getBtEnabledContainers(): btContainers = []
07-10 01:18:09.755  6461  6566 V BluetoothEventManager: onReceive :: android.bluetooth.device.action.NAME_CHANGED
07-10 01:18:09.759 15865 16182 D BluetoothUtils: getBtEnabledContainers(): btContainers = []
07-10 01:18:09.765  6461  6566 I BluetoothAdapter: STATE_ON
07-10 01:18:09.784  6461  6566 D CachedBluetoothDeviceManager: onDeviceNameUpdated :: skip same name update
07-10 01:18:09.785  6461  6566 V BluetoothEventManager: onReceive :: android.bluetooth.device.action.CLASS_CHANGED
07-10 01:18:09.790  6461  6566 V BluetoothEventManager: onReceive :: com.samsung.bluetooth.device.action.MANUFACTURER_CHANGED
07-10 01:18:10.545  5674  5886 I HqmInfo::HqmManagerService: MSG_TYPE:MSG_TYPE_PROCESS_LOG_BY_HQM
07-10 01:18:10.870  5262  5262 E audit   : type=1400 audit(1688944690.865:69980): avc:  denied  { getattr } for  pid=5674 comm="BinderProcsColl" path="/sys/kernel/debug/binder/proc/5674" dev="debugfs" ino=32119 scontext=u:r:system_server:s0 tcontext=u:object_r:sec_debugfs:s0 tclass=file permissive=0 SEPF_SM-A515F_13_0001 audit_filtered
07-10 01:18:10.870  5262  5262 E audit   : type=1300 audit(1688944690.865:69980): arch=c00000b7 syscall=79 success=no exit=-13 a0=ffffff9c a1=7af0526d90 a2=79df9bd680 a3=0 items=0 ppid=5287 pid=5674 auid=4294967295 uid=1000 gid=1000 euid=1000 suid=1000 fsuid=1000 egid=1000 sgid=1000 fsgid=1000 tty=(none) ses=4294967295 comm="BinderProcsColl" exe="/system/bin/app_process64" subj=u:r:system_server:s0 key=(null)
07-10 01:18:10.870  5262  5262 E audit   : type=1327 audit(1688944690.865:69980): proctitle="system_server"
07-10 01:18:11.670  5674  7726 D SemWifiUsabilityStatsMonitor: onWifiUsabilityStats - seqNum 21783, isSameBssidAndFreq true
07-10 01:18:11.674  5674  6128 I SemWifiLinkQualityMonitor: Link Qos Query: 0.073 ms / 109.583 Mbps (263 / 0.000 / 2.400)
07-10 01:18:13.771  5674  5674 D SemWifiP2pGoPowerSave: GopsReceiver : received : com.samsung.intent.action.CHECK_SIOP_LEVEL
07-10 01:18:13.771  5674  5674 I SemWifiP2pGoPowerSave: siop_level = 0
07-10 01:18:13.772 31802 32077 I SystemBroadcastReceiver: [#CMH#] onReceive completed :  0
07-10 01:18:13.773 31802 31802 I PolicyManager: [#CMH#] onReceive action = EVENT_SIOP
07-10 01:18:14.712  5674  7726 D SemWifiUsabilityStatsMonitor: onWifiUsabilityStats - seqNum 21784, isSameBssidAndFreq true
07-10 01:18:14.716  5674  6055 D ConnectivityService: notifyType CALLBACK_CAP_CHANGED for [118 WIFI]
07-10 01:18:14.716  5674  6128 I SemWifiLinkQualityMonitor: Link Qos Query: 0.073 ms / 109.583 Mbps (263 / 0.000 / 2.400)
07-10 01:18:14.720  5674  6086 D SemWifiSwitchForIndividualAppsService: stopTCPMonitoring : already stopped
07-10 01:18:14.721  5674  6086 I WifiConnectivityMonitor.NCC: sNetworkCallback(oCC) FULL : 118(true/false)[ Transports: WIFI Capabilities: NOT_METERED&INTERNET&NOT_RESTRICTED&TRUSTED&NOT_VPN&VALIDATED&NOT_ROAMING&FOREGROUND&NOT_CONGESTED&NOT_SUSPENDED&NOT_VCN_MANAGED LinkUpBandwidth>=15762Kbps LinkDnBandwidth>=38308Kbps TransportInfo: <SSID: <unknown ssid>, BSSID: 02:00:00:**:**:00, MAC: 02:00:00:**:**:00, IP: /192.168.1.19, Security type: 2, Supplicant state: COMPLETED, Wi-Fi standard: 5, RSSI: -65, Link speed: 263Mbps, Tx Link speed: 263Mbps, Max Supported Tx Link speed: 433Mbps, Rx Link speed: 6Mbps, Max Supported Rx Link speed: 433Mbps, Frequency: 5180MHz, Net ID: -1, Metered hint: false, score: 60, isUsable: true, CarrierMerged: false, SubscriptionId: -1, IsPrimary: 1, Trusted: true, Restricted: false, Ephemeral: false, OEM paid: false, OEM private: false, OSU AP: false, FQDN: <none>, Provider friendly name: <none>, Requesting package name: <none><none>MLO Information: , AP MLD Address: <none>, AP MLO Link Id: <none>, AP MLO Affiliated links: <none>> SignalStrength: -65 AdminUids: [1000] SSID: "Talija" UnderlyingNetworks: Null]
07-10 01:18:14.723  5674  6164 I WifiConnectivityMonitor: current mode : 1
07-10 01:18:14.723  5674  6164 D OpenNetworkQos[4.00]: updateBssidNoInternet: mBssidNoInternet = false
07-10 01:18:14.723  5674  6164 D OpenNetworkQos[4.00]: getOpenNetworkQosNoInternetStatus: false
07-10 01:18:14.723  5674  6164 D OpenNetworkQos[4.00]: getOpenNetworkQosScores: 26 26 26
07-10 01:18:14.724  5674  6164 I WifiProfileShare: network QoS data was changed (internet), updateQoSData networkType: true, qosData: false
07-10 01:18:14.725  5674  7451 V WifiProfileShare.Caster: update wips network, size: 0
07-10 01:18:14.726  5674  7451 D WifiProfileShare: nearby scanning settings run
07-10 01:18:14.726  5674  7451 D WifiProfileShare: network score provider settings enabled
07-10 01:18:14.726  5674  7451 D OpenNetworkQos[4.00]: getOpenNetworkQosScores: 26 26 26
07-10 01:18:14.726  5674  7451 D OpenNetworkQos[4.00]: getOpenNetworkQosNoInternetStatus: false
07-10 01:18:14.726  5674  7451 I WifiProfileShare.Caster: current network type: 0, score: [26, 26, 26]
07-10 01:18:14.727  5674  7451 V WifiProfileShare.Cache: update network score 00:e4:06:**:**:90
07-10 01:18:14.727  5674  7451 D WifiProfileShare.ScanMatcher: getMcfDataList size:2
07-10 01:18:14.727  5674  7451 I WifiProfileShare.Caster: qos data was updated , before:type:QOS, pBssid:51:2e:90, qosData:7c after:type:QOS, pBssid:51:2e:90, qosData:7c
