07-10 01:29:50.973  6461  6461 D CarrierTextController: SIM ready and in service: subId=1, ss={mVoiceRegState=0(IN_SERVICE), mDataRegState=0(IN_SERVICE), mChannelNumber=1300, duplexMode()=1, mCellBandwidths=[], mOperatorAlphaLong=Yettel, mOperatorAlphaShort=Yettel, isManualNetworkSelection=false(automatic), getRilVoiceRadioTechnology=14(LTE), getRilDataRadioTechnology=14(LTE), mCssIndicator=unsupported, mNetworkId=*1, mSystemId=*1, mCdmaRoamingIndicator=-1, mCdmaDefaultRoamingIndicator=-1, VoiceRegType=0, Snap=0, MobileData=IN_SERVICE, MobileDataRoamingType=International Roaming, MobileDataRat=LTE, PsOnly=false, FemtocellInd=0, SprDisplayRoam=false, OptRadioTech=0, MsimSubmode=0, mIsEmergencyOnly=false, isUsingCarrierAggregation=false, mArfcnRsrpBoost=0, mNetworkRegistrationInfos=[NetworkRegistrationInfo{ domain=CS transportType=WWAN registrationState=ROAMING roamingType=INTERNATIONAL accessNetworkTechnology=LTE rejectCause=0 emergencyEnabled=false availableServices=[VOICE,SMS,VIDEO] cellIdentity=CellIdentityLte:{ mCi=1****69 mPci=67 mTac=1***3 mEarfcn=1300 mBands=[] mBandwidth=2147483647 mMcc=220 mMnc=01 mAlphaLong=Yettel mAlphaShort=Yettel mAdditionalPlmns={} mCsgInfo=null} voiceSpecificInfo=VoiceSpecificRegistrationInfo { mCssSupported=false mRoamingIndicator=0 mSystemIsInPrl=0 mDefaultRoamingIndicator=0} dataSpecificInfo=null nrState=**** rRplmn=22001 isUsingCarrierAggregation=false}, NetworkRegistrationInfo{ domain=PS transportType=WWAN registrationState=ROAMING roamingType=INTERNATIONAL accessNetworkTechnology=LTE rejectCause=0 emergencyEnabled=false availableServices=[DATA] cellIdentity=CellIdentityLte:{ mCi=1****69 mPci=67 mTac=1***3 mEarfcn=1300 mBands=[] mBandwidth=2147483647 mMcc=220 mMnc=01 mAlphaLong=Yettel mAlphaShort=Yettel mAdditionalPlmns={} mCsgInfo=null} voiceSpecificInfo=null dataSpecificInfo=android.telephony.DataSpecificRegistrationInfo :{ maxDataCalls = 4 isDcNrRestricted = false isNrAvailable = false isEnDcAvailable = false LteVopsSupportInfo :  mVopsSupport = 3 mEmcBearerSupport = 3 } nrState=**** rRplmn=22001 isUsingCarrierAggregation=false}], mNrFrequencyRange=0, mOperatorAlphaLongRaw=Yettel, mOperatorAlphaShortRaw=Yettel, mIsDataRoamingFromRegistration=true, mIsIwlanPreferred=false}
07-10 01:29:50.973  6461  6461 D CarrierTextController: Handling (subId=2): 5 Yettel
07-10 01:29:50.973  6461  6461 D CarrierTextController: carrierTextForSimState = Yettel
07-10 01:29:50.974  6877  7137 I PhoneStateTracker<0>: onServiceStateChanged: state={mVoiceRegState=0(IN_SERVICE), mDataRegState=0(IN_SERVICE), mChannelNumber=1300, duplexMode()=1, mCellBandwidths=[], mOperatorAlphaLong=Yettel, mOperatorAlphaShort=Yettel, isManualNetworkSelection=false(automatic), getRilVoiceRadioTechnology=14(LTE), getRilDataRadioTechnology=14(LTE), mCssIndicator=unsupported, mNetworkId=*1, mSystemId=*1, mCdmaRoamingIndicator=-1, mCdmaDefaultRoamingIndicator=-1, VoiceRegType=0, Snap=0, MobileData=IN_SERVICE, MobileDataRoamingType=International Roaming, MobileDataRat=LTE, PsOnly=false, FemtocellInd=0, SprDisplayRoam=false, OptRadioTech=0, MsimSubmode=0, mIsEmergencyOnly=false, isUsingCarrierAggregation=false, mArfcnRsrpBoost=0, mNetworkRegistrationInfos=[NetworkRegistrationInfo{ domain=CS transportType=WWAN registrationState=ROAMING roamingType=INTERNATIONAL accessNetworkTechnology=LTE rejectCause=0 emergencyEnabled=false availableServices=[VOICE,SMS,VIDEO] cellIdentity=CellIdentityLte:{ mCi=1****69 mPci=67 mTac=1***3 mEarfcn=1300 mBands=[] mBandwidth=2147483647 mMcc=220 mMnc=01 mAlphaLong=Yettel mAlphaShort=Yettel mAdditionalPlmns={} mCsgInfo=null} voiceSpecificInfo=VoiceSpecificRegistrationInfo { mCssSupported=false mRoamingIndicator=0 mSystemIsInPrl=0 mDefaultRoamingIndicator=0} dataSpecificInfo=null nrState=**** rRplmn=22001 isUsingCarrierAggregation=false}, NetworkRegistrationInfo{ domain=PS transportType=WWAN registrationState=ROAMING roamingType=INTERNATIONAL accessNetworkTechnology=LTE rejectCause=0 emergencyEnabled=false availableServices=[DATA] cellIdentity=CellIdentityLte:{ mCi=1****69 mPci=67 mTac=1***3 mEarfcn=1300 mBands=[] mBandwidth=2147483647 mMcc=220 mMnc=01 mAlphaLong=Yettel mAlphaShort=Yettel mAdditionalPlmns={} mCsgInfo=null} voiceSpecificInfo=null dataSpecificInfo=android.telephony.DataSpecificRegistrationInfo :{ maxDataCalls = 4 isDcNrRestricted = false isNrAvailable = false isEnDcAvailable = false LteVopsSupportInfo :  mVopsSupport = 3 mEmcBearerSupport = 3 } nrState=**** rRplmn=22001 isUsingCarrierAggregation=false}], mNrFrequencyRange=0, mOperatorAlphaLongRaw=Yettel, mOperatorAlphaShortRaw=Yettel, mIsDataRoamingFromRegistration=true, mIsIwlanPreferred=false}Changed=
07-10 01:29:50.974  6877  7137 I PdnController<0>: notifyDataConnectionState
07-10 01:29:50.974  6877  7137 I PdnController<0>: initialize PendedEPDGWeakSignal flag
07-10 01:29:50.974  6877  7137 I PdnController<0>: setPendedEPDGWeakSignal
07-10 01:29:50.974  6461  6461 D CarrierTextController: SIM ready and in service: subId=2, ss={mVoiceRegState=0(IN_SERVICE), mDataRegState=0(IN_SERVICE), mChannelNumber=1300, duplexMode()=1, mCellBandwidths=[], mOperatorAlphaLong=Yettel, mOperatorAlphaShort=Yettel, isManualNetworkSelection=false(automatic), getRilVoiceRadioTechnology=14(LTE), getRilDataRadioTechnology=14(LTE), mCssIndicator=unsupported, mNetworkId=*1, mSystemId=*1, mCdmaRoamingIndicator=-1, mCdmaDefaultRoamingIndicator=-1, VoiceRegType=0, Snap=0, MobileData=IN_SERVICE, MobileDataRoamingType=home, MobileDataRat=LTE, PsOnly=false, FemtocellInd=0, SprDisplayRoam=false, OptRadioTech=0, MsimSubmode=0, mIsEmergencyOnly=false, isUsingCarrierAggregation=false, mArfcnRsrpBoost=0, mNetworkRegistrationInfos=[NetworkRegistrationInfo{ domain=CS transportType=WWAN registrationState=HOME roamingType=NOT_ROAMING accessNetworkTechnology=LTE rejectCause=0 emergencyEnabled=false availableServices=[VOICE,SMS,VIDEO] cellIdentity=CellIdentityLte:{ mCi=1****99 mPci=438 mTac=1***3 mEarfcn=1300 mBands=[] mBandwidth=2147483647 mMcc=220 mMnc=01 mAlphaLong=Yettel mAlphaShort=Yettel mAdditionalPlmns={} mCsgInfo=null} voiceSpecificInfo=VoiceSpecificRegistrationInfo { mCssSupported=false mRoamingIndicator=0 mSystemIsInPrl=0 mDefaultRoamingIndicator=0} dataSpecificInfo=null nrState=**** rRplmn=22001 isUsingCarrierAggregation=false}, NetworkRegistrationInfo{ domain=PS transportType=WWAN registrationState=HOME roamingType=NOT_ROAMING accessNetworkTechnology=LTE rejectCause=0 emergencyEnabled=false availableServices=[DATA] cellIdentity=CellIdentityLte:{ mCi=1****99 mPci=438 mTac=1***3 mEarfcn=1300 mBands=[] mBandwidth=2147483647 mMcc=220 mMnc=01 mAlphaLong=Yettel mAlphaShort=Yettel mAdditionalPlmns={} mCsgInfo=null} voiceSpecificInfo=null dataSpecificInfo=android.telephony.DataSpecificRegistrationInfo :{ maxDataCalls = 4 isDcNrRestricted = false isNrAvailable = false isEnDcAvailable = false LteVopsSupportInfo :  mVopsSupport = 2 mEmcBearerSupport = 3 } nrState=**** rRplmn=22001 isUsingCarrierAggregation=false}], mNrFrequencyRange=0, mOperatorAlphaLongRaw=Yettel, mOperatorAlphaShortRaw=Yettel, mIsDataRoamingFromRegistration=false, mIsIwlanPreferred=false}
07-10 01:29:50.974  6877  7137 I PdnController<0>: notifyDataConnectionState: needNotify=false networkType=13 isEpdgConnected=false dataNetType=13=>13 dataRegState=0=>0
07-10 01:29:50.975  6877  7137 I PhoneStateTracker<0>: notifySnapshotState: snapshotState=0 old=0
07-10 01:29:50.975  6877  7137 I PdnController: handleMessage: what 107
07-10 01:29:50.975  6877  7137 I PdnController: slot[0]: requestStopNetwork: network 11, callback is null
07-10 01:29:50.977  6877  7137 I GeolocationCon: handleMessage : what = SERVICE_STATE_CHANGED
07-10 01:29:50.977  6877  7137 I GeolocationCon: matchTimingReqLocation ,match=2, timing=4
07-10 01:29:50.977  6877  7137 I GeolocationCon: matchTimingReqLocation ,match=0, timing=4
07-10 01:29:50.977  6877  7137 I GeolocationCon: profile is null
07-10 01:29:50.978  6877  7137 I GeolocationCon<0>: onNetworkCountryIsoChanged: mCountryIso = rs, iso = rs
07-10 01:29:50.980  5353  6075 V APM_AudioPolicyManager: setAppState(portId:1005, state:1)
07-10 01:29:50.982  5674  6793 D SLocation: CellLocationManager - onCellLocationChanged 1 / 0
07-10 01:29:50.986  6461  6461 D CarrierTextController: setText : Yettel | MegaFon | Yettel
07-10 01:29:50.988  6429  6429 V PhoneGlobals: handleServiceStateChanged
07-10 01:29:50.989  6461  6461 D FaceWidgetPagesController: onRefreshCarrierInfo()
07-10 01:29:50.990  6461  6461 D FaceWidgetClockRoamManager: isNetworkRoamingState id=2
07-10 01:29:50.990  6461  6461 D FaceWidgetClockRoamManager: isNetworkRoamingState false
07-10 01:29:50.990  6461  6461 D FaceWidgetClockRoamManager: onRefreshCarrierInfo(pre, now): false, false
07-10 01:29:50.990  6461  6461 D FaceWidgetClockPage: onRefreshCarrierInfo : isChanged false mIsRoaming false
07-10 01:29:50.990  6461  6461 I CoverUpdateMonitor: received broadcast android.intent.action.SERVICE_STATE
07-10 01:29:50.990  6461  6461 D MultiSIMController: MESSAGE_UPDATE_SERVICE_STATE
07-10 01:29:50.996  6429  6429 D NotificationMgr: updateNetworkSelection, Use Samsung codes instead of AOSP codes
07-10 01:29:50.996  6429  6429 V PhoneGlobals: subId=1, mDefaultDataSubId=-1, ss roaming=true
07-10 01:29:51.000 27241 27241 D CellBroadcastReceiver: onReceive Intent { act=android.intent.action.SERVICE_STATE flg=0x1000010 cmp=com.google.android.cellbroadcastreceiver/com.android.cellbroadcastreceiver.CellBroadcastReceiver (has extras) }
07-10 01:29:51.004  6461  6461 D semImsManager[0]: getImsRegistration
07-10 01:29:51.009 27241 27241 D CellBroadcastReceiver: onServiceStateChanged, ss: 0
07-10 01:29:51.010  5674  6793 D SLocation: SGeofenceCellManager - cellList : 13
07-10 01:29:51.012 27241 27241 D CellBroadcastReceiver: networkOperator: 22001
07-10 01:29:51.019  6461  6461 D semImsManager[1]: getImsRegistration
07-10 01:29:51.022 27241 27241 D CellBroadcastReceiver: update supported roaming operator as
07-10 01:29:51.032  6461  6461 D MultiSIMController: getOwnNumber
07-10 01:29:51.033  6461  6461 I CommonUtils: isNetworkRoaming id=2
07-10 01:29:51.033  6461  6461 I CommonUtils: isNetworkRoaming: false
07-10 01:29:51.034  5353  6075 V APM_AudioPolicyManager: setAppState(portId:1005, state:1)
07-10 01:29:51.123  6461  6566 D MobileStatusTracker(0/1): onSignalStrengthsChanged level=2, vendorLevel=1
07-10 01:29:51.127  6461  6566 D MobileSignalController(0/1): notifyListener: enabled=true, connected=true, dataConnected=false, networkType=LTE (4G), emergencyOnly=false, roaming=true, isDefault=false, dataActivity=, level=1, ca=false, mmWave=false, disabledDataIcon=false, simCard=ETC
07-10 01:29:51.127  6461  6566 D NetworkController: SignalStrength from intent slotId=0
07-10 01:29:51.945  5674  7726 D SemWifiUsabilityStatsMonitor: onWifiUsabilityStats - seqNum 22013, isSameBssidAndFreq true
07-10 01:29:51.947  5674  6128 I SemWifiLinkQualityMonitor: Link Qos Query: 0.068 ms / 117.000 Mbps (351 / 0.000 / 3.000)
07-10 01:29:51.947  6461  6461 D NetworkController.WifiSignalController: notifyListener: visible=true, connected=true, inetCondition=1, isDefault=true, wifiTestReported=true, receivedInetCondition=-1, hideDuringMobileSwitching=false
07-10 01:29:53.054  6461  6566 D MobileStatusTracker(1/2): onSignalStrengthsChanged level=3, vendorLevel=3
07-10 01:29:53.059  6461  6566 D MobileSignalController(1/2): notifyListener: enabled=true, connected=true, dataConnected=false, networkType=LTE (4G), emergencyOnly=false, roaming=false, isDefault=false, dataActivity=, level=3, ca=false, mmWave=false, disabledDataIcon=false, simCard=ETC
07-10 01:29:53.061  6461  6566 D NetworkController: SignalStrength from intent slotId=1
07-10 01:29:53.065  6461  6566 D MobileStatusTracker(1/2): onSignalStrengthsChanged level=3, vendorLevel=2
07-10 01:29:53.069  6461  6566 D MobileSignalController(1/2): notifyListener: enabled=true, connected=true, dataConnected=false, networkType=LTE (4G), emergencyOnly=false, roaming=false, isDefault=false, dataActivity=, level=2, ca=false, mmWave=false, disabledDataIcon=false, simCard=ETC
07-10 01:29:53.072  6461  6566 D NetworkController: SignalStrength from intent slotId=1
07-10 01:29:54.334  6461  6566 D MobileStatusTracker(1/2): onSignalStrengthsChanged level=3, vendorLevel=2
07-10 01:29:54.336  6461  6566 D MobileSignalController(1/2): notifyListener: enabled=true, connected=true, dataConnected=false, networkType=LTE (4G), emergencyOnly=false, roaming=false, isDefault=false, dataActivity=, level=2, ca=false, mmWave=false, disabledDataIcon=false, simCard=ETC
07-10 01:29:54.342  6461  6566 D NetworkController: SignalStrength from intent slotId=1
07-10 01:29:54.360  5674  6055 D ConnectivityService: notifyType CALLBACK_CAP_CHANGED for [116 CELLULAR]
07-10 01:29:54.363  6877  7036 I PdnController<1>: onCapabilitiesChanged: network 116 networkCapabilities [ Transports: CELLULAR Capabilities: IMS&NOT_METERED&TRUSTED&NOT_VPN&VALIDATED&NOT_ROAMING&FOREGROUND&NOT_CONGESTED&NOT_SUSPENDED&NOT_VCN_MANAGED LinkUpBandwidth>=15000Kbps LinkDnBandwidth>=17781Kbps Specifier: <TelephonyNetworkSpecifier [mSubId = 2]> SubscriptionIds: {2} UnderlyingNetworks: Null]
07-10 01:29:54.985  5674  7726 D SemWifiUsabilityStatsMonitor: onWifiUsabilityStats - seqNum 22014, isSameBssidAndFreq true
07-10 01:29:54.988  5674  6128 I SemWifiLinkQualityMonitor: Link Qos Query: 0.068 ms / 117.000 Mbps (351 / 0.000 / 3.000)
07-10 01:29:56.891  6461  6566 D MobileStatusTracker(1/2): onSignalStrengthsChanged level=3, vendorLevel=2
07-10 01:29:56.897  6461  6566 D MobileSignalController(1/2): notifyListener: enabled=true, connected=true, dataConnected=false, networkType=LTE (4G), emergencyOnly=false, roaming=false, isDefault=false, dataActivity=, level=2, ca=false, mmWave=false, disabledDataIcon=false, simCard=ETC
07-10 01:29:56.897  6461  6566 D NetworkController: SignalStrength from intent slotId=1
07-10 01:29:56.991 31135 32652 I native  : I0000 00:00:1688945396.991165   32652 soda_async_impl.cc:1540] Current audio timestamp: 1688945396620242
07-10 01:29:57.134  5362  5362 I SurfaceFlinger: SFWD update time=135646504510978
07-10 01:29:58.031  5674  7726 D SemWifiUsabilityStatsMonitor: onWifiUsabilityStats - seqNum 22015, isSameBssidAndFreq true
07-10 01:29:58.035  5674  6128 I SemWifiLinkQualityMonitor: Link Qos Query: 0.068 ms / 117.000 Mbps (351 / 0.000 / 3.000)
07-10 01:29:58.669 31135 31447 I A       : (REDACTED) #onAudioData: %s bytes, getAudioReadSize %s
07-10 01:29:58.991 25320 25320 D ConnectivityManager: StackLog: [android.net.ConnectivityManager.sendRequestForNetwork(ConnectivityManager.java:4300)] [android.net.ConnectivityManager.registerDefaultNetworkCallbackForUid(ConnectivityManager.java:4864)] [android.net.ConnectivityManager.registerDefaultNetworkCallback(ConnectivityManager.java:4831)] [android.net.ConnectivityManager.registerDefaultNetworkCallback(ConnectivityManager.java:4805)] [g7.l.a(NetworkApi24.kt:11)] [d7.k.d(NetworkStateTracker.kt:18)] [c7.c.d(ConstraintController.kt:155)] [b7.d.d(WorkConstraintsTracker.kt:41)] [y6.c.c(GreedyScheduler.java:361)] [y6.a.run(DelayedWorkTracker.java:38)]
07-10 01:29:58.995  5674  6523 D ConnectivityService: requestNetwork for uid/pid:10220/25320 activeRequest: null callbackRequest: 16741 [NetworkRequest [ REQUEST id=16742, [ Capabilities: INTERNET&NOT_RESTRICTED&TRUSTED&NOT_VCN_MANAGED Uid: 10220 RequestorUid: 10220 RequestorPkg: com.reddit.frontpage UnderlyingNetworks: Null] ]] callback flags: 0 order: 2147483647
07-10 01:29:58.996  5674  6055 D ConnectivityService:    accepting network in place of null
07-10 01:29:59.004  5674  6045 D WifiNetworkFactory: got request NetworkRequest [ REQUEST id=16742, [ Capabilities: INTERNET&NOT_RESTRICTED&TRUSTED&NOT_VCN_MANAGED Uid: 10220 RequestorUid: 10220 RequestorPkg: com.reddit.frontpage UnderlyingNetworks: Null] ]
07-10 01:29:59.007  5674  6045 D UntrustedWifiNetworkFactory: got request NetworkRequest [ REQUEST id=16742, [ Capabilities: INTERNET&NOT_RESTRICTED&TRUSTED&NOT_VCN_MANAGED Uid: 10220 RequestorUid: 10220 RequestorPkg: com.reddit.frontpage UnderlyingNetworks: Null] ]
07-10 01:29:59.010  5674  6045 D OemPaidWifiNetworkFactory: got request NetworkRequest [ REQUEST id=16742, [ Capabilities: INTERNET&NOT_RESTRICTED&TRUSTED&NOT_VCN_MANAGED Uid: 10220 RequestorUid: 10220 RequestorPkg: com.reddit.frontpage UnderlyingNetworks: Null] ]
07-10 01:29:59.012  5674  6045 D MultiInternetWifiNetworkFactory: got request NetworkRequest [ REQUEST id=16742, [ Capabilities: INTERNET&NOT_RESTRICTED&TRUSTED&NOT_VCN_MANAGED Uid: 10220 RequestorUid: 10220 RequestorPkg: com.reddit.frontpage UnderlyingNetworks: Null] ]
07-10 01:29:59.018  5674  6055 D ConnectivityService: Rematched networks [computed 0ms] [applied 3ms] [issued 19]
07-10 01:29:59.018  5674  6055 D ConnectivityService: NetworkReassignment :
07-10 01:29:59.018  5674  6055 D ConnectivityService:   16742 : null → 118
07-10 01:29:59.203 25320 25562 I WM-WorkerWrapper: Worker result SUCCESS for Work [ id=b854b133-bd61-4f9b-bfaa-bd1f456651ab, tags={ com.reddit.analytics.data.dispatcher.AnalyticsDispatchWorker } ]
07-10 01:29:59.211 25320 25320 D ConnectivityManager: StackLog: [android.net.ConnectivityManager.unregisterNetworkCallback(ConnectivityManager.java:4972)] [g7.j.c(NetworkApi21.kt:11)] [d7.k.e(NetworkStateTracker.kt:18)] [d7.h.b(ConstraintTracker.kt:25)] [c7.c.d(ConstraintController.kt:81)] [b7.d.d(WorkConstraintsTracker.kt:41)] [y6.c.a(GreedyScheduler.java:72)] [androidx.work.impl.o.a(Processor.java:98)] [androidx.work.impl.o$a.run(Processor.java:19)]
07-10 01:29:59.214  5674  6055 D ConnectivityService:  Removing from current network [118 WIFI], leaving 158 requests.
07-10 01:30:00.005  6461  6461 D KeyguardUpdateMonitor: received broadcast android.intent.action.TIME_TICK
07-10 01:30:00.005  6461  6461 D KeyguardUpdateMonitor: handleTimeUpdate
07-10 01:30:00.008  6461  6461 D FaceWidgetPagesController: onTimeChanged()
07-10 01:30:00.018  6461  7078 D QSClockBellTower: onReceive(android.intent.action.TIME_TICK) mTimeZoneString:null
07-10 01:30:00.061  6461  6461 D QSClockBellTower: He is ready to ring the bell. (((QSClockBellSound - TimeText:01:30, TimeContentDescription:01:30, DateText:Mon, 10 July, ShortDateText:Mon, 10 Jul, Demo:false, QuickStar-Second(false|12:34:56))))
07-10 01:30:00.062  6461  6461 D QSClockIndicatorView: Home Indicator status_bar_clock 01:30 notifyTimeChanged(QSClockBellSound - TimeText:01:30, TimeContentDescription:01:30, DateText:Mon, 10 July, ShortDateText:Mon, 10 Jul, Demo:false, QuickStar-Second(false|12:34:56)) ClockVisibleByPolicy:true, ClockVisibleByUser:true, visible?false, parent:android.widget.LinearLayout{503272 V.E...... ........ 0,0-0,55 #7f0b04f0 app:id/left_clock_container}
07-10 01:30:00.063  6461  6461 D QSClockBellTower: Everyone heard the bell. run(currentTime:1688945400059,   getTime():Mon Jul 10 01:30:00 GMT+02:00 2023,   getTimeZone():libcore.util.ZoneInfo[mDstSavings=3600000,mUseDst=true,mDelegate=[id="Europe/Belgrade",mRawOffset=3600000,mEarliestRawOffset=4920000,transitions=119]])
07-10 01:30:00.078  6461  6461 I FaceWidgetPositionAlgorithm: getClockContainerHeight() supplier = 270, bottom margin = 0, real height = 333
07-10 01:30:00.078  6461  6461 I FaceWidgetPositionAlgorithm: getClockContainerHeight() supplier = 270, bottom margin = 63, real height = 333
07-10 01:30:00.078  6461  6461 I FaceWidgetPositionAlgorithm: getMediaContainerHeight() height = 0 container Visibility = 8, isValid = false, mIsDozing = false, fraction = 1.0, source = 0, target = 0
07-10 01:30:00.078  6461  6461 I FaceWidgetPositionAlgorithm: getMediaContainerHeight() supplier = 0
07-10 01:30:00.079  6461  6461 V QsExpandAnimator: setQsExpansionPosition 0.0
07-10 01:30:00.083  6461  6461 V QsExpandAnimator: updateAnimators
07-10 01:30:00.084  6461  6461 V QsExpandAnimator: clearAnimationState
07-10 01:30:00.084  6461  6461 V QsExpandAnimator: updateViews
07-10 01:30:00.086  6461  6461 V QsExpandAnimator: updateTileAnimator
07-10 01:30:00.087  6461  6461 V QsExpandAnimator: updateHeaderAnimator
07-10 01:30:00.087  6461  6461 V QsExpandAnimator: updateBarAnimator
07-10 01:30:00.088  6461  6461 V QsExpandAnimator: setQsExpansionPosition 0.0
07-10 01:30:00.088  6461  6461 V QsExpandAnimator: onAnimationAtStart
07-10 01:30:00.297 25319 25418 I nightwatch-target: monitor resources last 600 iteration: 301313 msec
07-10 01:30:01.071  5674  7726 D SemWifiUsabilityStatsMonitor: onWifiUsabilityStats - seqNum 22016, isSameBssidAndFreq true
07-10 01:30:01.077  5674  6128 I SemWifiLinkQualityMonitor: Link Qos Query: 0.041 ms / 195.000 Mbps (390 / 0.000 / 2.000)
07-10 01:30:01.077  6461  6461 D NetworkController.WifiSignalController: notifyListener: visible=true, connected=true, inetCondition=1, isDefault=true, wifiTestReported=true, receivedInetCondition=-1, hideDuringMobileSwitching=false
07-10 01:30:02.395  5325  5325 E sehhealth-service: Could not open /sys/class/power_supply/battery/lrp
07-10 01:30:04.104  5674  7726 D SemWifiUsabilityStatsMonitor: onWifiUsabilityStats - seqNum 22017, isSameBssidAndFreq true
07-10 01:30:04.108  5674  6128 I SemWifiLinkQualityMonitor: Link Qos Query: 0.068 ms / 117.000 Mbps (351 / 0.000 / 3.000)
07-10 01:30:04.226 25320 25320 D ConnectivityManager: StackLog: [android.net.ConnectivityManager.sendRequestForNetwork(ConnectivityManager.java:4300)] [android.net.ConnectivityManager.registerDefaultNetworkCallbackForUid(ConnectivityManager.java:4864)] [android.net.ConnectivityManager.registerDefaultNetworkCallback(ConnectivityManager.java:4831)] [android.net.ConnectivityManager.registerDefaultNetworkCallback(ConnectivityManager.java:4805)] [g7.l.a(NetworkApi24.kt:11)] [d7.k.d(NetworkStateTracker.kt:18)] [c7.c.d(ConstraintController.kt:155)] [b7.d.d(WorkConstraintsTracker.kt:41)] [y6.c.c(GreedyScheduler.java:361)] [y6.a.run(DelayedWorkTracker.java:38)]
07-10 01:30:04.230  5674  6593 D ConnectivityService: requestNetwork for uid/pid:10220/25320 activeRequest: null callbackRequest: 16743 [NetworkRequest [ REQUEST id=16744, [ Capabilities: INTERNET&NOT_RESTRICTED&TRUSTED&NOT_VCN_MANAGED Uid: 10220 RequestorUid: 10220 RequestorPkg: com.reddit.frontpage UnderlyingNetworks: Null] ]] callback flags: 0 order: 2147483647
07-10 01:30:04.233  5674  6055 D ConnectivityService:    accepting network in place of null
07-10 01:30:04.240  5674  6045 D WifiNetworkFactory: got request NetworkRequest [ REQUEST id=16744, [ Capabilities: INTERNET&NOT_RESTRICTED&TRUSTED&NOT_VCN_MANAGED Uid: 10220 RequestorUid: 10220 RequestorPkg: com.reddit.frontpage UnderlyingNetworks: Null] ]
07-10 01:30:04.241  5674  6045 D UntrustedWifiNetworkFactory: got request NetworkRequest [ REQUEST id=16744, [ Capabilities: INTERNET&NOT_RESTRICTED&TRUSTED&NOT_VCN_MANAGED Uid: 10220 RequestorUid: 10220 RequestorPkg: com.reddit.frontpage UnderlyingNetworks: Null] ]
07-10 01:30:04.244  5674  6045 D OemPaidWifiNetworkFactory: got request NetworkRequest [ REQUEST id=16744, [ Capabilities: INTERNET&NOT_RESTRICTED&TRUSTED&NOT_VCN_MANAGED Uid: 10220 RequestorUid: 10220 RequestorPkg: com.reddit.frontpage UnderlyingNetworks: Null] ]
07-10 01:30:04.246  5674  6045 D MultiInternetWifiNetworkFactory: got request NetworkRequest [ REQUEST id=16744, [ Capabilities: INTERNET&NOT_RESTRICTED&TRUSTED&NOT_VCN_MANAGED Uid: 10220 RequestorUid: 10220 RequestorPkg: com.reddit.frontpage UnderlyingNetworks: Null] ]
07-10 01:30:04.254  5674  5745 W libprocessgroup: Failed to open /dev/blkio//cgroup.procs: No such file or directory
07-10 01:30:04.257  5674  6055 D ConnectivityService: Rematched networks [computed 1ms] [applied 2ms] [issued 22]
07-10 01:30:04.257  5674  6055 D ConnectivityService: NetworkReassignment :
07-10 01:30:04.257  5674  6055 D ConnectivityService:   16744 : null → 118
07-10 01:30:04.279  5353  6075 V APM_AudioPolicyManager: setAppState(portId:1005, state:1)
07-10 01:30:04.280  5674  5745 W libprocessgroup: Failed to open /dev/blkio//cgroup.procs: No such file or directory
07-10 01:30:04.313  6365  6365 I DWBUsageDataManager: retrieveDataOnSpecificDay date : 1688945404293
07-10 01:30:04.317  6365  6365 I DWBUsageDataManager: Retrieve RETRIEVE_DAILY_DATA
07-10 01:30:04.557  6461  6566 D MobileStatusTracker(1/2): onSignalStrengthsChanged level=3, vendorLevel=3
07-10 01:30:04.560  6461  6566 D MobileSignalController(1/2): notifyListener: enabled=true, connected=true, dataConnected=false, networkType=LTE (4G), emergencyOnly=false, roaming=false, isDefault=false, dataActivity=, level=3, ca=false, mmWave=false, disabledDataIcon=false, simCard=ETC
07-10 01:30:04.563  6461  6566 D NetworkController: SignalStrength from intent slotId=1
07-10 01:30:04.851  6365 28022 I DWBUsageDataManager: updateDailyData of 1688945404293
07-10 01:30:04.913  6365  6377 W .android.forest: Reducing the number of considered missed Gc histogram windows from 176 to 100
07-10 01:30:04.934 29666 31414 I LauncherProvider: External provider call by package : android.uid.system:1000  for method : get_full_sync_state
07-10 01:30:04.936 29666 31414 I ExternalMethodFactory: get_full_sync_state
07-10 01:30:04.958 29666 31414 I LauncherProvider: External provider call by package : android.uid.system:1000  for method : get_full_sync_state
07-10 01:30:04.958 29666 31414 I ExternalMethodFactory: get_full_sync_state
07-10 01:30:04.960  6365 28022 I AppWidgetManager: updateAppWidget() appWidgetIds = [25]
07-10 01:30:04.976  6365 28022 I DWBUsageDataManager: Retrieve UPDATE_DATABASE
07-10 01:30:05.287  6365 28024 I DWBUsageDataManager: onDatabaseUpdated
07-10 01:30:05.287  6365 28024 I DWBUsageDataManager: No Request Data
07-10 01:30:07.142  5674  7726 D SemWifiUsabilityStatsMonitor: onWifiUsabilityStats - seqNum 22018, isSameBssidAndFreq true
07-10 01:30:07.147  5674  6128 I SemWifiLinkQualityMonitor: Link Qos Query: 0.055 ms / 146.000 Mbps (292 / 0.000 / 2.000)
07-10 01:30:07.940  5674  6593 D PackageManager: setEnabledSetting : userId = 0 packageName = com.Slack cmp = androidx.work.impl.background.systemalarm.RescheduleReceiver newState = 1 callingPackage = 10329/com.Slack
07-10 01:30:07.942  5674  6593 D ApplicationPolicy: getApplicationStateEnabled : pkg = com.Slack userId : 0
07-10 01:30:07.943  5674  6593 D ApplicationPolicy: getApplicationComponentState : pkg = com.Slack userId : 0
07-10 01:30:07.963  5353  6075 V APM_AudioPolicyManager: setAppState(portId:1005, state:1)
07-10 01:30:07.964  5674  5745 W libprocessgroup: Failed to open /dev/blkio//cgroup.procs: No such file or directory
07-10 01:30:07.985 25156 25230 D ConnectivityManager: StackLog: [android.net.ConnectivityManager.sendRequestForNetwork(ConnectivityManager.java:4300)] [android.net.ConnectivityManager.registerDefaultNetworkCallbackForUid(ConnectivityManager.java:4864)] [android.net.ConnectivityManager.registerDefaultNetworkCallback(ConnectivityManager.java:4831)] [android.net.ConnectivityManager.registerDefaultNetworkCallback(ConnectivityManager.java:4805)] [androidx.work.impl.utils.NetworkApi24.registerDefaultNetworkCallbackCompat(Unknown Source:11)] [androidx.work.impl.constraints.trackers.NetworkStateTracker24.startTracking(Unknown Source:15)] [androidx.work.impl.constraints.controllers.ConstraintController.replace(Unknown Source:130)] [androidx.work.impl.constraints.WorkConstraintsTrackerImpl.replace(Unknown Source:41)] [androidx.work.impl.background.greedy.GreedyScheduler.schedule(Unknown Source:302)] [androidx.work.impl.Schedulers.schedule(Unknown Source:155)] [androidx.work.impl.utils.EnqueueRunnable.run(Unknown Source:53)] [androidx.work.Worker$2.run$androidx$work$impl$utils$SerialExecutorImpl$Task(Unknown Source:4)] [androidx.work.Worker$2.run(Unknown Source:868)] [java.util.concurrent.ThreadPoolExecutor.runWorker(ThreadPoolExecutor.java:1137)] [java.util.concurrent.ThreadPoolExecutor$Worker.run(ThreadPoolExecutor.java:637)] [java.lang.Thread.run(Thread.java:1012)]
07-10 01:30:07.989  5674  9681 D ConnectivityService: requestNetwork for uid/pid:10329/25156 activeRequest: null callbackRequest: 16745 [NetworkRequest [ REQUEST id=16746, [ Capabilities: INTERNET&NOT_RESTRICTED&TRUSTED&NOT_VCN_MANAGED Uid: 10329 RequestorUid: 10329 RequestorPkg: com.Slack UnderlyingNetworks: Null] ]] callback flags: 0 order: 2147483647
07-10 01:30:07.992  5674  6055 D ConnectivityService:    accepting network in place of null
07-10 01:30:07.999  5674  6045 D WifiNetworkFactory: got request NetworkRequest [ REQUEST id=16746, [ Capabilities: INTERNET&NOT_RESTRICTED&TRUSTED&NOT_VCN_MANAGED Uid: 10329 RequestorUid: 10329 RequestorPkg: com.Slack UnderlyingNetworks: Null] ]
07-10 01:30:08.002  5674  6045 D UntrustedWifiNetworkFactory: got request NetworkRequest [ REQUEST id=16746, [ Capabilities: INTERNET&NOT_RESTRICTED&TRUSTED&NOT_VCN_MANAGED Uid: 10329 RequestorUid: 10329 RequestorPkg: com.Slack UnderlyingNetworks: Null] ]
07-10 01:30:08.003  5674  6045 D OemPaidWifiNetworkFactory: got request NetworkRequest [ REQUEST id=16746, [ Capabilities: INTERNET&NOT_RESTRICTED&TRUSTED&NOT_VCN_MANAGED Uid: 10329 RequestorUid: 10329 RequestorPkg: com.Slack UnderlyingNetworks: Null] ]
07-10 01:30:08.004  5674  6045 D MultiInternetWifiNetworkFactory: got request NetworkRequest [ REQUEST id=16746, [ Capabilities: INTERNET&NOT_RESTRICTED&TRUSTED&NOT_VCN_MANAGED Uid: 10329 RequestorUid: 10329 RequestorPkg: com.Slack UnderlyingNetworks: Null] ]
07-10 01:30:08.010  5674  6055 D ConnectivityService: Rematched networks [computed 1ms] [applied 2ms] [issued 17]
07-10 01:30:08.010  5674  6055 D ConnectivityService: NetworkReassignment :
07-10 01:30:08.010  5674  6055 D ConnectivityService:   16746 : null → 118
07-10 01:30:08.013 25156 25156 D ConnectivityManager: StackLog: [android.net.ConnectivityManager.unregisterNetworkCallback(ConnectivityManager.java:4972)] [androidx.work.impl.utils.NetworkApi21.unregisterNetworkCallbackCompat(Unknown Source:11)] [androidx.work.impl.constraints.trackers.NetworkStateTracker24.stopTracking(Unknown Source:15)] [androidx.work.impl.constraints.trackers.ConstraintTracker.removeListener(Unknown Source:24)] [androidx.work.impl.constraints.controllers.ConstraintController.replace(Unknown Source:81)] [androidx.work.impl.constraints.WorkConstraintsTrackerImpl.replace(Unknown Source:41)] [androidx.work.impl.background.greedy.GreedyScheduler.onExecuted(Unknown Source:55)] [androidx.work.impl.Processor.onExecuted(Unknown Source:59)] [com.bugsnag.android.DeliveryDelegate$1.run(Unknown Source:212)]
07-10 01:30:08.015  5674  6055 D ConnectivityService:  Removing from current network [118 WIFI], leaving 159 requests.
07-10 01:30:08.023  5353  6075 V APM_AudioPolicyManager: setAppState(portId:1005, state:1)
07-10 01:30:08.026  5353  6075 V APM_AudioPolicyManager: setAppState(portId:1005, state:1)
07-10 01:30:08.045 11611 11645 D Benchmark: timeNs[ 0:10]: 1189321884 1234596768 1256869768 1227755384 1254292614 1237422422 1250578807 1252241537 1250974268 1221975038
07-10 01:30:08.045 11611 11645 D Benchmark: timeNs[10:20]: 1236916076 1247319384 1245907307 1319305153 1360668384 1336053038 1331188460 1325733884 1295055614 1303641307
07-10 01:30:08.045 11611 11645 D Benchmark: timeNs[20:30]: 1330367653 1401638729 1366895346 1382334922 1428262845 1382654691 1405381076 1403274576 1403373961 1411325422
07-10 01:30:08.045 11611 11645 D Benchmark: timeNs[30:40]: 1416183845 1410751615 1424462114 1415064230 1425621845 1424618807 1413343883 1412944153 1423599230 1415522499
07-10 01:30:08.045 11611 11645 D Benchmark: timeNs[40:50]: 1409082653 1422076922 1417176806 1391722729 1423057653 1389544845 1396830076 1400675384 1411544038 1421602037
07-10 01:30:10.181  5674  7726 D SemWifiUsabilityStatsMonitor: onWifiUsabilityStats - seqNum 22019, isSameBssidAndFreq true
07-10 01:30:10.184  6461  6461 D NetworkController.WifiSignalController: notifyListener: visible=true, connected=true, inetCondition=1, isDefault=true, wifiTestReported=true, receivedInetCondition=-1, hideDuringMobileSwitching=false
07-10 01:30:10.184  5674  6128 I SemWifiLinkQualityMonitor: Link Qos Query: 0.055 ms / 146.000 Mbps (292 / 0.000 / 2.000)
07-10 01:30:10.546 11611 11645 W _benchmark.test: Suspending all threads took: 10.468ms
07-10 01:30:10.552 11611 11645 W _benchmark.test: Suspending all threads took: 5.423ms
07-10 01:30:11.130 31135 31148 I hbox:interactor: Background concurrent copying GC freed 78565(7385KB) AllocSpace objects, 0(0B) LOS objects, 49% free, 7479KB/14MB, paused 302us,90us total 118.314ms
07-10 01:30:13.054 11611 11645 W _benchmark.test: Suspending all threads took: 16.347ms
07-10 01:30:13.216  5674  7726 D SemWifiUsabilityStatsMonitor: onWifiUsabilityStats - seqNum 22020, isSameBssidAndFreq true
07-10 01:30:13.219  6461  6461 D NetworkController.WifiSignalController: notifyListener: visible=true, connected=true, inetCondition=1, isDefault=true, wifiTestReported=true, receivedInetCondition=-1, hideDuringMobileSwitching=false
07-10 01:30:13.219  5674  6128 I SemWifiLinkQualityMonitor: Link Qos Query: 0.055 ms / 146.000 Mbps (292 / 0.000 / 2.000)
07-10 01:30:13.371  5262  5262 E audit   : type=1400 audit(1688945413.369:70073): avc:  denied  { getattr } for  pid=5674 comm="BinderProcsColl" path="/sys/kernel/debug/binder/proc/5674" dev="debugfs" ino=32119 scontext=u:r:system_server:s0 tcontext=u:object_r:sec_debugfs:s0 tclass=file permissive=0 SEPF_SM-A515F_13_0001 audit_filtered
07-10 01:30:13.371  5262  5262 E audit   : type=1300 audit(1688945413.369:70073): arch=c00000b7 syscall=79 success=no exit=-13 a0=ffffff9c a1=7ad1e9ec30 a2=79c980d680 a3=0 items=0 ppid=5287 pid=5674 auid=4294967295 uid=1000 gid=1000 euid=1000 suid=1000 fsuid=1000 egid=1000 sgid=1000 fsgid=1000 tty=(none) ses=4294967295 comm="BinderProcsColl" exe="/system/bin/app_process64" subj=u:r:system_server:s0 key=(null)
07-10 01:30:13.371  5262  5262 E audit   : type=1327 audit(1688945413.369:70073): proctitle="system_server"
07-10 01:30:16.244  5674  7726 D SemWifiUsabilityStatsMonitor: onWifiUsabilityStats - seqNum 22021, isSameBssidAndFreq true
07-10 01:30:16.246  5674  6128 I SemWifiLinkQualityMonitor: Link Qos Query: 0.055 ms / 146.000 Mbps (292 / 0.000 / 2.000)
07-10 01:30:16.248  6461  6461 D NetworkController.WifiSignalController: notifyListener: visible=true, connected=true, inetCondition=1, isDefault=true, wifiTestReported=true, receivedInetCondition=-1, hideDuringMobileSwitching=false
07-10 01:30:19.275  5674  7726 D SemWifiUsabilityStatsMonitor: onWifiUsabilityStats - seqNum 22022, isSameBssidAndFreq true
07-10 01:30:19.279  5674  6128 I SemWifiLinkQualityMonitor: Link Qos Query: 0.055 ms / 146.000 Mbps (292 / 0.000 / 2.000)
07-10 01:30:20.542 11611 11645 W _benchmark.test: Suspending all threads took: 48.764ms
07-10 01:30:20.546 11611 11645 D Benchmark: allocationCount[ 0:10]: 18913321 18913327 18913333 18913331 18913323
07-10 01:30:20.549 11611 11645 D Benchmark: Set 11645 (Bench thread) to priority -8. Was -20, now -8
07-10 01:30:20.550 11611 11645 D Benchmark: Set 11624 (Jit) to priority 9. Was -15, now 9
07-10 01:30:20.551 11611 11645 D Benchmark: Warmup: t=34.309, iter=30, fastAvg=1191367936, slowAvg=1219525376
07-10 01:30:20.557 11611 11645 I PerfettoCapture: Stopping perfetto.
07-10 01:30:20.603 27770 27770 I perfetto:    perfetto_cmd.cc:1168 SIGINT/SIGTERM received: disabling tracing.
07-10 01:30:20.603 11611 11645 D Benchmark: kill -TERM command output -
07-10 01:30:20.620  5424  5424 I perfetto:  probes_producer.cc:396 Producer stop (id=1313)
07-10 01:30:20.622  5424  5424 I perfetto:    ftrace_procfs.cc:342 disabled ftrace in /sys/kernel/tracing/
07-10 01:30:20.714  4380  4380 I hwservicemanager: getTransport: Cannot find entry android.hardware.atrace@1.0::IAtraceDevice/default in either framework or device VINTF manifest.
07-10 01:30:20.722  5424  5424 I perfetto:  probes_producer.cc:396 Producer stop (id=1314)
07-10 01:30:20.722  5424  5424 I perfetto:  probes_producer.cc:396 Producer stop (id=1315)
07-10 01:30:20.778 27770 27770 I perfetto:    perfetto_cmd.cc:1124 Trace written into the output file
07-10 01:30:20.803  5436  5436 I perfetto: ng_service_impl.cc:2426 Tracing session 329 ended, total sessions:0
07-10 01:30:21.255 11611 11645 D Benchmark: Waiting 500 ms for [ProcessPid(processName=perfetto, pid=27770)] to die
07-10 01:30:21.388 11611 11645 I PerfettoCapture: Writing to /storage/emulated/0/Android/data/org.jetbrains.android_benchmark.test/cache/Wolf3dBenchmark_valueOnlyBodiesFloat_2023-07-09-23-30-20.perfetto-trace.
07-10 01:30:22.306  5674  7726 D SemWifiUsabilityStatsMonitor: onWifiUsabilityStats - seqNum 22023, isSameBssidAndFreq true
07-10 01:30:22.311  5674  6128 I SemWifiLinkQualityMonitor: Link Qos Query: 0.055 ms / 146.000 Mbps (292 / 0.000 / 2.000)
07-10 01:30:22.312  6461  6461 D NetworkController.WifiSignalController: notifyListener: visible=true, connected=true, inetCondition=1, isDefault=true, wifiTestReported=true, receivedInetCondition=-1, hideDuringMobileSwitching=false
07-10 01:30:23.258  5674  6523 D TelephonyManager: requestModemActivityInfo: Sending result to app: ModemActivityInfo{ mTimestamp=146920083 mSleepTimeMs=84027175 mIdleTimeMs=4023243 mActivityStatsTechSpecificInfo=[{mRat=UNKNOWN,mFrequencyRange=UNKNOWN,mTxTimeMs[]=[35824, 8014, 6386, 419, 53751],mRxTimeMs=52781848}]}
07-10 01:30:23.692  5674  6112 I ChimeraAggressivePolicyHandler: executePolicy() - triggerSource: TRIGGER_SOURCE_LMKD
07-10 01:30:23.695  5674  6112 I ChimeraAggressivePolicyHandler: available memory: 1090004, free memory target: 870400, quit chimera
07-10 01:30:24.819  5674  9681 D PackageManager: setEnabledSetting : userId = 0 packageName = com.google.android.apps.photos cmp = androidx.work.impl.background.systemalarm.RescheduleReceiver newState = 1 callingPackage = 10252/com.google.android.apps.photos
07-10 01:30:24.820  5674  9681 D ApplicationPolicy: getApplicationStateEnabled : pkg = com.google.android.apps.photos userId : 0
07-10 01:30:24.822  5674  9681 D ApplicationPolicy: getApplicationComponentState : pkg = com.google.android.apps.photos userId : 0
07-10 01:30:24.856  5353  6075 V APM_AudioPolicyManager: setAppState(portId:1005, state:1)
07-10 01:30:24.856  5674  5745 W libprocessgroup: Failed to open /dev/blkio//cgroup.procs: No such file or directory
07-10 01:30:24.916 25837 27970 D ConnectivityManager: StackLog: [android.net.ConnectivityManager.sendRequestForNetwork(ConnectivityManager.java:4300)] [android.net.ConnectivityManager.registerDefaultNetworkCallbackForUid(ConnectivityManager.java:4864)] [android.net.ConnectivityManager.registerDefaultNetworkCallback(ConnectivityManager.java:4831)] [android.net.ConnectivityManager.registerDefaultNetworkCallback(ConnectivityManager.java:4805)] [dgu.a(PG:2)] [def.d(PG:2)] [ddo.b(PG:9)] [ddo.a(PG:1)] [aufl.d(PG:1)] [aufk.c(PG:3)] [augp.b(PG:2)] [atvt.e(PG:5)] [aubx.run(PG:12)] [dhi.run(PG:1)] [java.util.concurrent.ThreadPoolExecutor.runWorker(ThreadPoolExecutor.java:1137)] [java.util.concurrent.ThreadPoolExecutor$Worker.run(ThreadPoolExecutor.java:637)] [java.lang.Thread.run(Thread.java:1012)]
07-10 01:30:24.920  5674  6523 D ConnectivityService: requestNetwork for uid/pid:10252/25837 activeRequest: null callbackRequest: 16747 [NetworkRequest [ REQUEST id=16748, [ Capabilities: INTERNET&NOT_RESTRICTED&TRUSTED&NOT_VCN_MANAGED Uid: 10252 RequestorUid: 10252 RequestorPkg: com.google.android.apps.photos UnderlyingNetworks: Null] ]] callback flags: 0 order: 2147483647
07-10 01:30:24.921  5674  6055 D ConnectivityService:    accepting network in place of null
07-10 01:30:24.928  5674  6045 D WifiNetworkFactory: got request NetworkRequest [ REQUEST id=16748, [ Capabilities: INTERNET&NOT_RESTRICTED&TRUSTED&NOT_VCN_MANAGED Uid: 10252 RequestorUid: 10252 RequestorPkg: com.google.android.apps.photos UnderlyingNetworks: Null] ]
07-10 01:30:24.929  5674  6045 D UntrustedWifiNetworkFactory: got request NetworkRequest [ REQUEST id=16748, [ Capabilities: INTERNET&NOT_RESTRICTED&TRUSTED&NOT_VCN_MANAGED Uid: 10252 RequestorUid: 10252 RequestorPkg: com.google.android.apps.photos UnderlyingNetworks: Null] ]
07-10 01:30:24.930  5674  6045 D OemPaidWifiNetworkFactory: got request NetworkRequest [ REQUEST id=16748, [ Capabilities: INTERNET&NOT_RESTRICTED&TRUSTED&NOT_VCN_MANAGED Uid: 10252 RequestorUid: 10252 RequestorPkg: com.google.android.apps.photos UnderlyingNetworks: Null] ]
07-10 01:30:24.931  5674  6045 D MultiInternetWifiNetworkFactory: got request NetworkRequest [ REQUEST id=16748, [ Capabilities: INTERNET&NOT_RESTRICTED&TRUSTED&NOT_VCN_MANAGED Uid: 10252 RequestorUid: 10252 RequestorPkg: com.google.android.apps.photos UnderlyingNetworks: Null] ]
07-10 01:30:24.937  5674  6055 D ConnectivityService: Rematched networks [computed 0ms] [applied 3ms] [issued 13]
07-10 01:30:24.937  5674  6055 D ConnectivityService: NetworkReassignment :
07-10 01:30:24.937  5674  6055 D ConnectivityService:   16748 : null → 118
07-10 01:30:24.941  5353  6075 V APM_AudioPolicyManager: setAppState(portId:1005, state:1)
07-10 01:30:24.944  5353  6075 V APM_AudioPolicyManager: setAppState(portId:1005, state:1)
07-10 01:30:24.951 25837 27971 D ConnectivityManager: StackLog: [android.net.ConnectivityManager.unregisterNetworkCallback(ConnectivityManager.java:4972)] [dgs.b(PG:2)] [def.e(PG:2)] [ddn.a(PG:9)] [attb.aW(PG:8)] [auey.b(Unknown Source:10)] [atvt.e(PG:5)] [aubx.run(PG:11)] [dhi.run(PG:1)] [java.util.concurrent.ThreadPoolExecutor.runWorker(ThreadPoolExecutor.java:1137)] [java.util.concurrent.ThreadPoolExecutor$Worker.run(ThreadPoolExecutor.java:637)] [java.lang.Thread.run(Thread.java:1012)]
07-10 01:30:24.953  5674  6055 D ConnectivityService:  Removing from current network [118 WIFI], leaving 159 requests.
07-10 01:30:25.344  5674  7726 D SemWifiUsabilityStatsMonitor: onWifiUsabilityStats - seqNum 22024, isSameBssidAndFreq true
07-10 01:30:25.346  5674  6128 I SemWifiLinkQualityMonitor: Link Qos Query: 0.046 ms / 175.500 Mbps (351 / 0.000 / 2.000)
07-10 01:30:25.348  6461  6461 D NetworkController.WifiSignalController: notifyListener: visible=true, connected=true, inetCondition=1, isDefault=true, wifiTestReported=true, receivedInetCondition=-1, hideDuringMobileSwitching=false
07-10 01:30:25.921 11611 11645 D Benchmark: Copying /storage/emulated/0/Android/data/org.jetbrains.android_benchmark.test/cache/Wolf3dBenchmark_valueOnlyBodiesFloat_2023-07-09-23-30-20.perfetto-trace to /sdcard/Android/media/org.jetbrains.android_benchmark.test/additional_test_output/Wolf3dBenchmark_valueOnlyBodiesFloat_2023-07-09-23-30-20.perfetto-trace
07-10 01:30:26.032  9843 27737 W MediaProvider: isAppCloneUserPair for user 0: false
07-10 01:30:26.392  5674  9681 D SyncManager: userId - 0 auto - true
07-10 01:30:26.529  5674  5745 W libprocessgroup: Failed to open /dev/blkio//cgroup.procs: No such file or directory
07-10 01:30:26.568 16924 27094 I NetworkScheduler.Stats: (REDACTED) Task %s/%s started execution. cause:%s exec_start_elapsed_seconds: %s
07-10 01:30:26.674 16924 27058 I NetworkScheduler.Stats: (REDACTED) Task %s/%s finished executing. cause:%s result: %s elapsed_millis: %s uptime_millis: %s exec_start_elapsed_seconds: %s
07-10 01:30:26.867  9843 10427 I FuseDaemon: Threshold exceeded - fadvising 67219456
07-10 01:30:26.867  9843 10427 I FuseDaemon: Threshold now 0
07-10 01:30:26.901  5353  6075 V APM_AudioPolicyManager: setAppState(portId:1005, state:1)
07-10 01:30:26.901  5674  5745 W libprocessgroup: Failed to open /dev/blkio//cgroup.procs: No such file or directory
07-10 01:30:26.989 31135 32652 I native  : I0000 00:00:1688945426.988867   32652 soda_async_impl.cc:1540] Current audio timestamp: 1688945426620242
07-10 01:30:26.996 29789 29822 W gle.android.gms: Couldn't lock the profile file /data/user/0/com.google.android.gms/cache/oat/1684864811298.jar.cur.prof: Failed to open file '/data/user/0/com.google.android.gms/cache/oat/1684864811298.jar.cur.prof': No such file or directory
07-10 01:30:26.998 29789 29822 W gle.android.gms: Could not forcefully load profile /data/user/0/com.google.android.gms/cache/oat/1684864811298.jar.cur.prof
07-10 01:30:27.065 25568 25568 I SCS@AiSearch user 0: (ObserverWorker::AOSP_MP) [main] entering in startWork():
07-10 01:30:27.066 25568 25568 I SCS@AiSearch user 0: (BaseCollector::AOSP_MP) [main] entering in onChange():
07-10 01:30:27.069 25568 25789 I SCS@AiSearch user 0: (BaseCollector::AOSP_MP) [AOSP_MP-0] entering in collectChanges():
07-10 01:30:27.117  5674  9681 D PackageManager: setEnabledSetting : userId = 0 packageName = com.samsung.android.scs cmp = androidx.work.impl.background.systemalarm.RescheduleReceiver newState = 1 callingPackage = 10380/com.samsung.android.scs
07-10 01:30:27.119  5674  9681 D ApplicationPolicy: getApplicationStateEnabled : pkg = com.samsung.android.scs userId : 0
07-10 01:30:27.121  5674  9681 D ApplicationPolicy: getApplicationComponentState : pkg = com.samsung.android.scs userId : 0
07-10 01:30:27.134  5362  5362 I SurfaceFlinger: SFWD update time=135676504742918
07-10 01:30:27.248  9843 10427 I FuseDaemon: Threshold exceeded - fadvising 67174400
07-10 01:30:27.248  9843 10427 I FuseDaemon: Threshold now 0
07-10 01:30:27.583  9843 10427 I FuseDaemon: Threshold exceeded - fadvising 67112960
07-10 01:30:27.583  9843 10427 I FuseDaemon: Threshold now 0
07-10 01:30:28.103  9843 10427 I FuseDaemon: Threshold exceeded - fadvising 67182592
07-10 01:30:28.103  9843 10427 I FuseDaemon: Threshold now 0
07-10 01:30:28.376  5674  7726 D SemWifiUsabilityStatsMonitor: onWifiUsabilityStats - seqNum 22025, isSameBssidAndFreq true
07-10 01:30:28.379  5674  6128 I SemWifiLinkQualityMonitor: Link Qos Query: 0.041 ms / 195.000 Mbps (390 / 0.000 / 2.000)
07-10 01:30:28.464 25568 25789 I SCS@AiSearch user 0: (BaseCollector::AOSP_MP) fetchInternal values : maxSyncId: 1000028446 indexCount: 19466 sourceCount: 19466
07-10 01:30:28.485  5674 28102 D TrafficStats: tagSocket(1065) with statsTag=0xffffffff, statsUid=-1
07-10 01:30:28.688 31135 31452 I A       : (REDACTED) #onAudioData: %s bytes, getAudioReadSize %s
07-10 01:30:28.694  5674 28102 D WifiConnectivityMonitor.DnsThread:  [|211]
07-10 01:30:28.695  5674  6182 D WifiConnectivityMonitor.NetworkStatsAnalyzer: DNS resultType : 0, responseTime : 211
07-10 01:30:28.695  5674  6164 D OpenNetworkQos[4.00]: updateBssidLatestDnsResultType - result: 0
07-10 01:30:28.696  5674  6164 D OpenNetworkQos[4.00]: updateBssidNoInternet: mBssidNoInternet = false
07-10 01:30:28.696  5674  6164 D OpenNetworkQos[4.00]: getOpenNetworkQosNoInternetStatus: false
07-10 01:30:28.696  5674  6164 D OpenNetworkQos[4.00]: getOpenNetworkQosScores: 26 26 26
07-10 01:30:28.697  5674  6164 I WifiProfileShare: network QoS data was changed (internet), updateQoSData networkType: true, qosData: false
07-10 01:30:28.698  5674  7451 V WifiProfileShare.Caster: update wips network, size: 0
07-10 01:30:28.698  5674  7451 D WifiProfileShare: nearby scanning settings run
07-10 01:30:28.699  5674  7451 D WifiProfileShare: network score provider settings enabled
07-10 01:30:28.699  5674  7451 D OpenNetworkQos[4.00]: getOpenNetworkQosScores: 26 26 26
07-10 01:30:28.699  5674  7451 D OpenNetworkQos[4.00]: getOpenNetworkQosNoInternetStatus: false
07-10 01:30:28.699  5674  7451 I WifiProfileShare.Caster: current network type: 0, score: [26, 26, 26]
07-10 01:30:28.701  5674  7451 V WifiProfileShare.Cache: update network score 00:e4:06:**:**:90
07-10 01:30:28.701  5674  7451 D WifiProfileShare.ScanMatcher: getMcfDataList size:2
07-10 01:30:28.701  5674  7451 I WifiProfileShare.Caster: qos data was updated , before:type:QOS, pBssid:51:2e:90, qosData:7c after:type:QOS, pBssid:51:2e:90, qosData:7c
07-10 01:30:28.703  5674  7451 I [MCFSDK_android_1.2.4010]_4_b: isNetworkEnabled - type : 1 ret : true
07-10 01:30:28.703  5674  7451 D WifiProfileShare.McfCast: -ME--- mIsNetworkEnabled :true
07-10 01:30:28.703  5674  7451 D WifiProfileShare.McfCast: updateQoSData ignored, same contents
07-10 01:30:28.703  5674  7451 D WifiProfileShare.MCF: success update QosData !
07-10 01:30:28.704  5674  7451 I [MCFSDK_android_1.2.4010]_4_b: isNetworkEnabled - type : 1 ret : true
07-10 01:30:28.704  5674  7451 D WifiProfileShare.McfCast: -ME--- mIsNetworkEnabled :true
07-10 01:30:28.704  5674  7451 D WifiProfileShare.McfCast: -ME--- updatePasswordDate pwdData size:2
07-10 01:30:28.825  9843  9879 I FuseDaemon: Background concurrent copying GC freed 94319(6061KB) AllocSpace objects, 0(0B) LOS objects, 60% free, 4062KB/10206KB, paused 444us,80us total 281.123ms
07-10 01:30:28.838  5262  5262 E audit   : type=1400 audit(1688945428.833:70074): avc:  denied  { read } for  pid=25837 comm="binder:25837_4" name="u:object_r:perf_prop:s0" dev="tmpfs" ino=10663 scontext=u:r:untrusted_app:s0:c252,c256,c512,c768 tcontext=u:object_r:perf_prop:s0 tclass=file permissive=0 SEPF_SM-A515F_13_0001 audit_filtered
07-10 01:30:28.838  5262  5262 E audit   : type=1300 audit(1688945428.833:70074): arch=c00000b7 syscall=56 success=no exit=-13 a0=ffffff9c a1=7b8a1712f8 a2=88000 a3=0 items=0 ppid=5287 pid=25837 auid=4294967295 uid=10252 gid=10252 euid=10252 suid=10252 fsuid=10252 egid=10252 sgid=10252 fsgid=10252 tty=(none) ses=4294967295 comm="binder:25837_4" exe="/system/bin/app_process64" subj=u:r:untrusted_app:s0:c252,c256,c512,c768 key=(null)
07-10 01:30:28.838  5262  5262 E audit   : type=1327 audit(1688945428.833:70074): proctitle="com.google.android.apps.photos"
07-10 01:30:28.838 25837 26172 W libc    : Access denied finding property "sys.perf.boostopt"
07-10 01:30:28.845 25568 25789 I SCS@AiSearch user 0: (IndexManager) [AOSP_MP-0] entering in addIndex():
07-10 01:30:28.858 25568 25789 I SCS@AiSearch user 0: (BaseCollector::AOSP_MP) fetch: fetching took  589 ms
07-10 01:30:28.858 25568 25789 I SCS@AiSearch user 0: (BaseCollector::AOSP_MP) fetchChanges: applied 0 items
07-10 01:30:28.860 25568 25789 I SCS@AiSearch user 0: (BaseCollector::AOSP_MP) Collect finished. Result: true
