07-10 01:15:24.183 16924 20534 I ChimeraSrvcProxy: NullBinder for android.net.action.RECOMMEND_NETWORKS triggering remote TransactionTooLargeException due to Service without Chimera impl
07-10 01:15:24.184 16924 20534 W .gms.persistent: Large reply transaction of 1056768 bytes, interface descriptor , code 1
07-10 01:15:24.186  6461  6566 D NetworkController.WifiSignalController: notifyListener: visible=true, connected=true, inetCondition=1, isDefault=true, wifiTestReported=true, receivedInetCondition=-1, hideDuringMobileSwitching=false
07-10 01:15:26.993 31135 32652 I native  : I0000 00:00:1688944526.993291   32652 soda_async_impl.cc:1540] Current audio timestamp: 1688944526620242
07-10 01:15:27.118  5362  5362 I SurfaceFlinger: SFWD update time=134776488678369
07-10 01:15:27.186  5674  7726 D SemWifiUsabilityStatsMonitor: onWifiUsabilityStats - seqNum 21729, isSameBssidAndFreq true
07-10 01:15:27.188  5674  6128 I SemWifiLinkQualityMonitor: Link Qos Query: 0.164 ms / 48.667 Mbps (292 / 0.000 / 6.000)
07-10 01:15:28.391 31135 31452 I A       : (REDACTED) #onAudioData: %s bytes, getAudioReadSize %s
07-10 01:15:29.859  5674  5745 W libprocessgroup: Failed to open /dev/blkio//cgroup.procs: No such file or directory
07-10 01:15:30.215  5674  7726 D SemWifiUsabilityStatsMonitor: onWifiUsabilityStats - seqNum 21730, isSameBssidAndFreq true
07-10 01:15:30.217  5674  6128 I SemWifiLinkQualityMonitor: Link Qos Query: 0.055 ms / 146.000 Mbps (292 / 0.000 / 2.000)
07-10 01:15:30.497 30967 31717 I ContactsProvider_EventLog: cp_s: [CONTACT con(158) dat(1091) acc({sim(3)=15, sec(6)=1, sim2(4)=1, google(2)=81, org.telegram.messenger(236)=100, com.whatsapp(14)=41}) calls([logtype:100 cnt:877, logtype:200 cnt:5, logtype:300 cnt:495, logtype:1000 cnt:632, logtype:1150 cnt:161]) Iso(RS) uId(0) ]
07-10 01:15:30.497 30967 31717 I ContactsProvider_EventLog: cp_s: [ agr({[2 ,2 ,14 ,236]=1, [2 ,14 ,236]=32, [3]=15, [14]=1, [4]=1, [2 ,14]=4, [2 ,2]=2, [2]=34, [6 ,14]=1, [2 ,236]=3, [236]=62, [2 ,236 ,14]=2}) ]
07-10 01:15:30.497 30967 31717 I ContactsProvider_EventLog: cp_s: [ cnt({scs(25568)=1, acore(30967)=1}) ]
07-10 01:15:30.497 30967 31717 I ContactsProvider_EventLog: cp_s: [PROFILE con(1) dat(1) acc({vnd.sec.contact.phone=1}) ] [SAPROFILE ]
07-10 01:15:30.497 30967 31717 I ContactsProvider_EventLog: cp_s: [STATE R(T) ]
07-10 01:15:31.206  5325  5325 E sehhealth-service: Could not open /sys/class/power_supply/battery/lrp
07-10 01:15:32.240  5674  5690 I system_server: Background concurrent copying GC freed 412298(21MB) AllocSpace objects, 64(2008KB) LOS objects, 19% free, 101MB/125MB, paused 409us,231us total 505.929ms
07-10 01:15:32.257 25553 25573 W libc    : Access denied finding property "sys.perf.boostopt"
07-10 01:15:32.258  5262  5262 E audit   : type=1400 audit(1688944532.253:69962): avc:  denied  { read } for  pid=25553 comm="binder:25553_2" name="u:object_r:perf_prop:s0" dev="tmpfs" ino=10663 scontext=u:r:priv_app:s0:c512,c768 tcontext=u:object_r:perf_prop:s0 tclass=file permissive=0 SEPF_SM-A515F_13_0001 audit_filtered
07-10 01:15:32.258  5262  5262 E audit   : type=1300 audit(1688944532.253:69962): arch=c00000b7 syscall=56 success=no exit=-13 a0=ffffff9c a1=7b7d36d2f8 a2=88000 a3=0 items=0 ppid=5287 pid=25553 auid=4294967295 uid=10076 gid=10076 euid=10076 suid=10076 fsuid=10076 egid=10076 sgid=10076 fsgid=10076 tty=(none) ses=4294967295 comm="binder:25553_2" exe="/system/bin/app_process64" subj=u:r:priv_app:s0:c512,c768 key=(null)
07-10 01:15:32.258  5262  5262 E audit   : type=1327 audit(1688944532.253:69962): proctitle="com.facebook.services"
07-10 01:15:32.259 25319 25335 W libc    : Access denied finding property "sys.perf.boostopt"
07-10 01:15:32.259 25320 25345 W libc    : Access denied finding property "sys.perf.boostopt"
07-10 01:15:32.259  5262  5262 E audit   : type=1400 audit(1688944532.257:69963): avc:  denied  { read } for  pid=25320 comm="binder:25320_1" name="u:object_r:perf_prop:s0" dev="tmpfs" ino=10663 scontext=u:r:untrusted_app:s0:c220,c256,c512,c768 tcontext=u:object_r:perf_prop:s0 tclass=file permissive=0 SEPF_SM-A515F_13_0001 audit_filtered
07-10 01:15:32.259  5262  5262 E audit   : type=1300 audit(1688944532.257:69963): arch=c00000b7 syscall=56 success=no exit=-13 a0=ffffff9c a1=7b7d4712f8 a2=88000 a3=0 items=0 ppid=5287 pid=25320 auid=4294967295 uid=10220 gid=10220 euid=10220 suid=10220 fsuid=10220 egid=10220 sgid=10220 fsgid=10220 tty=(none) ses=4294967295 comm="binder:25320_1" exe="/system/bin/app_process64" subj=u:r:untrusted_app:s0:c220,c256,c512,c768 key=(null)
07-10 01:15:32.278  5674  5692 W System  : A resource failed to call close.
07-10 01:15:32.285 31102 22457 I PlayCommon: [465] alqc.j(32): Preparing logs for uploading
07-10 01:15:32.291 31102 22457 I PlayCommon: [465] alqc.j(183): Connecting to server: https://play.googleapis.com/play/log?format=raw&proto_v2=true
07-10 01:15:32.313 31102 22457 D TrafficStats: tagSocket(149) with statsTag=0x6900, statsUid=-1
07-10 01:15:32.314  5674  6213 D NetdEventListenerService: DNS Requested by : 118, 10229
07-10 01:15:32.457 31102 22457 I PlayCommon: [465] alqc.j(220): Successfully uploaded logs.
07-10 01:15:33.257  5674  7726 D SemWifiUsabilityStatsMonitor: onWifiUsabilityStats - seqNum 21731, isSameBssidAndFreq true
07-10 01:15:33.260  5674  6128 I SemWifiLinkQualityMonitor: Link Qos Query: 0.058 ms / 138.421 Mbps (263 / 0.000 / 1.900)
07-10 01:15:35.011 31102 31266 I Finsky  : [127] nlb.run(33): Stats for Executor: BlockingExecutor nls@dc8ff8d[Running, pool size = 0, active threads = 0, queued tasks = 0, completed tasks = 123]
07-10 01:15:35.011 31102 31266 I Finsky  : [127] nlb.run(33): Stats for Executor: LightweightExecutor nls@7ff542[Running, pool size = 4, active threads = 0, queued tasks = 0, completed tasks = 2631]
07-10 01:15:35.012 31102 31266 I Finsky  : [127] nlb.run(33): Stats for Executor: bgExecutor nls@641b953[Running, pool size = 4, active threads = 0, queued tasks = 0, completed tasks = 9285]
07-10 01:15:36.309  5674  7726 D SemWifiUsabilityStatsMonitor: onWifiUsabilityStats - seqNum 21732, isSameBssidAndFreq true
07-10 01:15:36.311  5674  6128 I SemWifiLinkQualityMonitor: Link Qos Query: 0.058 ms / 138.421 Mbps (263 / 0.000 / 1.900)
07-10 01:15:36.312  6461  6461 D NetworkController.WifiSignalController: notifyListener: visible=true, connected=true, inetCondition=1, isDefault=true, wifiTestReported=true, receivedInetCondition=-1, hideDuringMobileSwitching=false
07-10 01:15:37.503 11611 11645 D Benchmark: timeNs[ 0:10]: 109821846 106917923 106754231 107012346 106690884 106746423 106612615 106827654 106662231 106567231
07-10 01:15:37.503 11611 11645 D Benchmark: timeNs[10:20]: 106605000 106776769 106635000 106755500 106629884 106755807 106709346 106751616 106612961 106637808
07-10 01:15:37.503 11611 11645 D Benchmark: timeNs[20:30]: 106779885 106922923 106767192 106676846 106729577 106588115 106715461 106610807 106495731 106636769
07-10 01:15:37.503 11611 11645 D Benchmark: timeNs[30:40]: 106886039 106703346 106639192 106632538 106657577 106576231 106701231 106582346 106593346 106765962
07-10 01:15:37.503 11611 11645 D Benchmark: timeNs[40:50]: 106722192 106897577 106837808 106645269 106570385 106639808 106635692 106641154 106567576 106758962
07-10 01:15:37.922  5674  9957 D PackageManager: setEnabledSetting : userId = 0 packageName = com.Slack cmp = androidx.work.impl.background.systemalarm.RescheduleReceiver newState = 1 callingPackage = 10329/com.Slack
07-10 01:15:37.924  5674  9957 D ApplicationPolicy: getApplicationStateEnabled : pkg = com.Slack userId : 0
07-10 01:15:37.925  5674  9957 D ApplicationPolicy: getApplicationComponentState : pkg = com.Slack userId : 0
07-10 01:15:37.949  5353  5543 V APM_AudioPolicyManager: setAppState(portId:1005, state:1)
07-10 01:15:37.949  5674  5745 W libprocessgroup: Failed to open /dev/blkio//cgroup.procs: No such file or directory
07-10 01:15:37.965 25156 25218 D ConnectivityManager: StackLog: [android.net.ConnectivityManager.sendRequestForNetwork(ConnectivityManager.java:4300)] [android.net.ConnectivityManager.registerDefaultNetworkCallbackForUid(ConnectivityManager.java:4864)] [android.net.ConnectivityManager.registerDefaultNetworkCallback(ConnectivityManager.java:4831)] [android.net.ConnectivityManager.registerDefaultNetworkCallback(ConnectivityManager.java:4805)] [androidx.work.impl.utils.NetworkApi24.registerDefaultNetworkCallbackCompat(Unknown Source:11)] [androidx.work.impl.constraints.trackers.NetworkStateTracker24.startTracking(Unknown Source:15)] [androidx.work.impl.constraints.controllers.ConstraintController.replace(Unknown Source:130)] [androidx.work.impl.constraints.WorkConstraintsTrackerImpl.replace(Unknown Source:41)] [androidx.work.impl.background.greedy.GreedyScheduler.schedule(Unknown Source:302)] [androidx.work.impl.Schedulers.schedule(Unknown Source:155)] [androidx.work.impl.utils.EnqueueRunnable.run(Unknown Source:53)] [androidx.work.Worker$2.run$androidx$work$impl$utils$SerialExecutorImpl$Task(Unknown Source:4)] [androidx.work.Worker$2.run(Unknown Source:868)] [java.util.concurrent.ThreadPoolExecutor.runWorker(ThreadPoolExecutor.java:1137)] [java.util.concurrent.ThreadPoolExecutor$Worker.run(ThreadPoolExecutor.java:637)] [java.lang.Thread.run(Thread.java:1012)]
07-10 01:15:37.966  5674  7126 D ConnectivityService: requestNetwork for uid/pid:10329/25156 activeRequest: null callbackRequest: 16660 [NetworkRequest [ REQUEST id=16661, [ Capabilities: INTERNET&NOT_RESTRICTED&TRUSTED&NOT_VCN_MANAGED Uid: 10329 RequestorUid: 10329 RequestorPkg: com.Slack UnderlyingNetworks: Null] ]] callback flags: 0 order: 2147483647
07-10 01:15:37.967  5674  6055 D ConnectivityService:    accepting network in place of null
07-10 01:15:37.969  5674  6045 D WifiNetworkFactory: got request NetworkRequest [ REQUEST id=16661, [ Capabilities: INTERNET&NOT_RESTRICTED&TRUSTED&NOT_VCN_MANAGED Uid: 10329 RequestorUid: 10329 RequestorPkg: com.Slack UnderlyingNetworks: Null] ]
07-10 01:15:37.970  5674  6045 D UntrustedWifiNetworkFactory: got request NetworkRequest [ REQUEST id=16661, [ Capabilities: INTERNET&NOT_RESTRICTED&TRUSTED&NOT_VCN_MANAGED Uid: 10329 RequestorUid: 10329 RequestorPkg: com.Slack UnderlyingNetworks: Null] ]
07-10 01:15:37.970  5674  6045 D OemPaidWifiNetworkFactory: got request NetworkRequest [ REQUEST id=16661, [ Capabilities: INTERNET&NOT_RESTRICTED&TRUSTED&NOT_VCN_MANAGED Uid: 10329 RequestorUid: 10329 RequestorPkg: com.Slack UnderlyingNetworks: Null] ]
07-10 01:15:37.970  5674  6045 D MultiInternetWifiNetworkFactory: got request NetworkRequest [ REQUEST id=16661, [ Capabilities: INTERNET&NOT_RESTRICTED&TRUSTED&NOT_VCN_MANAGED Uid: 10329 RequestorUid: 10329 RequestorPkg: com.Slack UnderlyingNetworks: Null] ]
07-10 01:15:37.971  5674  6055 D ConnectivityService: Rematched networks [computed 0ms] [applied 0ms] [issued 4]
07-10 01:15:37.971  5674  6055 D ConnectivityService: NetworkReassignment :
07-10 01:15:37.971  5674  6055 D ConnectivityService:   16661 : null → 118
07-10 01:15:37.984 25156 25156 D ConnectivityManager: StackLog: [android.net.ConnectivityManager.unregisterNetworkCallback(ConnectivityManager.java:4972)] [androidx.work.impl.utils.NetworkApi21.unregisterNetworkCallbackCompat(Unknown Source:11)] [androidx.work.impl.constraints.trackers.NetworkStateTracker24.stopTracking(Unknown Source:15)] [androidx.work.impl.constraints.trackers.ConstraintTracker.removeListener(Unknown Source:24)] [androidx.work.impl.constraints.controllers.ConstraintController.replace(Unknown Source:81)] [androidx.work.impl.constraints.WorkConstraintsTrackerImpl.replace(Unknown Source:41)] [androidx.work.impl.background.greedy.GreedyScheduler.onExecuted(Unknown Source:55)] [androidx.work.impl.Processor.onExecuted(Unknown Source:59)] [com.bugsnag.android.DeliveryDelegate$1.run(Unknown Source:212)]
07-10 01:15:37.985  5674  6055 D ConnectivityService:  Removing from current network [118 WIFI], leaving 153 requests.
07-10 01:15:37.992  5353  5543 V APM_AudioPolicyManager: setAppState(portId:1005, state:1)
07-10 01:15:37.996  5353  5543 V APM_AudioPolicyManager: setAppState(portId:1005, state:1)
07-10 01:15:38.044 11611 11645 D Benchmark: allocationCount[ 0:10]: 41 41 41 41 41
07-10 01:15:38.044 11611 11645 D Benchmark: Set 11645 (Bench thread) to priority -8. Was -20, now -8
07-10 01:15:38.044 11611 11645 D Benchmark: Set 11624 (Jit) to priority 9. Was -15, now 9
07-10 01:15:38.044 11611 11645 D Benchmark: Warmup: t=8.102, iter=53, fastAvg=149525808, slowAvg=311319488
07-10 01:15:38.047 11611 11645 I PerfettoCapture: Stopping perfetto.
07-10 01:15:38.090 25091 25091 I perfetto:    perfetto_cmd.cc:1168 SIGINT/SIGTERM received: disabling tracing.
07-10 01:15:38.093 11611 11645 D Benchmark: kill -TERM command output -
07-10 01:15:38.111  5424  5424 I perfetto:  probes_producer.cc:396 Producer stop (id=1293)
07-10 01:15:38.113  5424  5424 I perfetto:    ftrace_procfs.cc:342 disabled ftrace in /sys/kernel/tracing/
07-10 01:15:38.196  4380  4380 I hwservicemanager: getTransport: Cannot find entry android.hardware.atrace@1.0::IAtraceDevice/default in either framework or device VINTF manifest.
07-10 01:15:38.203  5424  5424 I perfetto:  probes_producer.cc:396 Producer stop (id=1294)
07-10 01:15:38.204  5424  5424 I perfetto:  probes_producer.cc:396 Producer stop (id=1295)
07-10 01:15:38.227 25091 25091 I perfetto:    perfetto_cmd.cc:1124 Trace written into the output file
07-10 01:15:38.251  5436  5436 I perfetto: ng_service_impl.cc:2426 Tracing session 324 ended, total sessions:0
07-10 01:15:38.719 11611 11645 D Benchmark: Waiting 500 ms for [ProcessPid(processName=perfetto, pid=25091)] to die
07-10 01:15:38.854 11611 11645 I PerfettoCapture: Writing to /storage/emulated/0/Android/data/org.jetbrains.android_benchmark.test/cache/Wolf3dBenchmark_mutableUniversalRefDouble_2023-07-09-23-15-38.perfetto-trace.
07-10 01:15:39.217 11611 11645 D Benchmark: Copying /storage/emulated/0/Android/data/org.jetbrains.android_benchmark.test/cache/Wolf3dBenchmark_mutableUniversalRefDouble_2023-07-09-23-15-38.perfetto-trace to /sdcard/Android/media/org.jetbrains.android_benchmark.test/additional_test_output/Wolf3dBenchmark_mutableUniversalRefDouble_2023-07-09-23-15-38.perfetto-trace
07-10 01:15:39.305  9843 24388 W MediaProvider: isAppCloneUserPair for user 0: false
07-10 01:15:39.351  5674  7726 D SemWifiUsabilityStatsMonitor: onWifiUsabilityStats - seqNum 21733, isSameBssidAndFreq true
07-10 01:15:39.356  5674  6128 I SemWifiLinkQualityMonitor: Link Qos Query: 0.041 ms / 194.667 Mbps (292 / 0.000 / 1.500)
07-10 01:15:39.359  6461  6461 D NetworkController.WifiSignalController: notifyListener: visible=true, connected=true, inetCondition=1, isDefault=true, wifiTestReported=true, receivedInetCondition=-1, hideDuringMobileSwitching=false
07-10 01:15:39.434  5674  9957 D SyncManager: userId - 0 auto - true
07-10 01:15:39.535  5674  5745 W libprocessgroup: Failed to open /dev/blkio//cgroup.procs: No such file or directory
07-10 01:15:39.572 16924 25057 I NetworkScheduler.Stats: (REDACTED) Task %s/%s started execution. cause:%s exec_start_elapsed_seconds: %s
07-10 01:15:39.594 16924 25642 I NetworkScheduler.Stats: (REDACTED) Task %s/%s finished executing. cause:%s result: %s elapsed_millis: %s uptime_millis: %s exec_start_elapsed_seconds: %s
07-10 01:15:39.769 11611 11645 I Benchmark: Wolf3dBenchmark.mutableUniversalRefDouble[Metric (timeNs) results: median 1.06683865E8, min 1.06495731E8, max 1.09821846E8, standardDeviation: 454563.8851053432, Metric (allocationCount) results: median 41.0, min 41.0, max 41.0, standardDeviation: 0.0]count=1
07-10 01:15:39.778 11611 11645 D Benchmark: writing results to /storage/emulated/0/Android/data/org.jetbrains.android_benchmark.test/cache/org.jetbrains.android_benchmark.test-benchmarkData.json
07-10 01:15:39.787 11611 11645 D Benchmark: Copying /storage/emulated/0/Android/data/org.jetbrains.android_benchmark.test/cache/org.jetbrains.android_benchmark.test-benchmarkData.json to /sdcard/Android/media/org.jetbrains.android_benchmark.test/additional_test_output/org.jetbrains.android_benchmark.test-benchmarkData.json
07-10 01:15:39.830  9843 25779 I MediaProvider: Deleted 0 0 0 0 0 0 0 items on external_primary due to org.jetbrains.android_benchmark.test
07-10 01:15:39.854 11611 11645 I TestRunner: finished: mutableUniversalRefDouble(org.jetbrains.android_benchmark.Wolf3dBenchmark)
