07-10 00:43:35.847 15865 16649 W bt_bta_gattc: bta_gattc_deregister
07-10 00:43:35.847 15865 16649 I bt_stack: [INFO:gatt_api.cc(1111)] GATT_Deregister gatt_if=6
07-10 00:43:35.847 15865 16649 W bt_stack: on_app_deregistered :: app_id=6
07-10 00:43:35.847 15865 16649 I bt_stack: [INFO:gatt_api.cc(1164)] Initialize tGATT_REG
07-10 00:43:35.851 15865 16587 W bt_stack: on_le_enhanced_connection_complete()
07-10 00:43:35.851 31135 31446 I BistoGattHelper: (REDACTED) [%s] GATT released
07-10 00:43:35.852 31135 31446 I BistoGattHelper: (REDACTED) [%s] close
07-10 00:43:35.852 31135 31446 I BistoGattHelper: (REDACTED) [%s] executeNextShutdownOperation
07-10 00:43:35.852 15865 16587 W bt_stack: on_le_enhanced_connection_complete :: Role is central. Set connectability to DISARMED
07-10 00:43:35.852 15865 16587 W bt_stack: on_le_enhanced_connection_complete :: pause_connection : 1
07-10 00:43:35.852 15865 16587 W bt_stack: on_le_connection_canceled_on_pause(). Set connectability to DISARMED
07-10 00:43:35.852 15865 16587 W bt_stack: le_address_manager :: ack_pause()
07-10 00:43:35.852 15865 16587 W bt_stack: le_address_manager :: ack_pause() - handle_next_command
07-10 00:43:35.852 15865 16587 W bt_stack: handle_next_command()
07-10 00:43:35.855 15865 16587 W bt_stack: Received command complete with op_code LE_REMOVE_DEVICE_FROM_FILTER_ACCEPT_LIST
07-10 00:43:35.855 15865 16587 W bt_stack: handle_next_command()
07-10 00:43:35.858 15865 16587 W bt_stack: Received command complete with op_code LE_REMOVE_DEVICE_FROM_FILTER_ACCEPT_LIST
07-10 00:43:35.858 15865 16587 W bt_stack: le_scanning_manager :: OnResume()
07-10 00:43:35.858 15865 16587 W bt_stack: Start LeSetScan
07-10 00:43:35.858 15865 16587 W bt_stack: le_scanning_manager :: OnResume() - call AckResume
07-10 00:43:35.858 15865 16587 W bt_stack: le_impl :: OnResume()
07-10 00:43:35.858 15865 16587 W bt_stack: le_impl :: OnResume - Try arm connectability
07-10 00:43:35.858 15865 16587 W bt_stack: arm_connectability()
07-10 00:43:35.858 15865 16587 W bt_stack: le_impl :: check_for_unregister()
07-10 00:43:35.858 15865 16587 W bt_stack: le_address_manager :: ack_resume()
07-10 00:43:35.859 15865 16587 W bt_stack: le_address_manager :: ack_resume()
07-10 00:43:35.864 31135 31446 E GmuTls  : You must initialize the system with proper values before handshake
07-10 00:43:38.192  5674  7726 D SemWifiUsabilityStatsMonitor: onWifiUsabilityStats - seqNum 21102, isSameBssidAndFreq true
07-10 00:43:38.194  5674  6128 I SemWifiLinkQualityMonitor: Link Qos Query: 0.082 ms / 97.333 Mbps (292 / 0.000 / 3.000)
07-10 00:43:38.310  5674 15381 D TrafficStats: tagSocket(1019) with statsTag=0xffffffff, statsUid=-1
07-10 00:43:38.520  5674 15381 D WifiConnectivityMonitor.DnsThread:  [|211]
07-10 00:43:38.521  5674  6182 D WifiConnectivityMonitor.NetworkStatsAnalyzer: DNS resultType : 0, responseTime : 211
07-10 00:43:38.522  5674  6164 D OpenNetworkQos[4.00]: updateBssidLatestDnsResultType - result: 0
07-10 00:43:38.522  5674  6164 D OpenNetworkQos[4.00]: updateBssidNoInternet: mBssidNoInternet = false
07-10 00:43:38.522  5674  6164 D OpenNetworkQos[4.00]: getOpenNetworkQosNoInternetStatus: false
07-10 00:43:38.523  5674  6164 D OpenNetworkQos[4.00]: getOpenNetworkQosScores: 26 26 26
07-10 00:43:38.524  5674  6164 I WifiProfileShare: network QoS data was changed (internet), updateQoSData networkType: true, qosData: false
07-10 00:43:38.524  5674  7451 V WifiProfileShare.Caster: update wips network, size: 0
07-10 00:43:38.525  5674  7451 D WifiProfileShare: nearby scanning settings run
07-10 00:43:38.525  5674  7451 D WifiProfileShare: network score provider settings enabled
07-10 00:43:38.525  5674  7451 D OpenNetworkQos[4.00]: getOpenNetworkQosScores: 26 26 26
07-10 00:43:38.525  5674  7451 D OpenNetworkQos[4.00]: getOpenNetworkQosNoInternetStatus: false
07-10 00:43:38.525  5674  7451 I WifiProfileShare.Caster: current network type: 0, score: [26, 26, 26]
07-10 00:43:38.526  5674  7451 V WifiProfileShare.Cache: update network score 00:e4:06:**:**:90
07-10 00:43:38.526  5674  7451 D WifiProfileShare.ScanMatcher: getMcfDataList size:2
07-10 00:43:38.534  5674  7451 I WifiProfileShare.Caster: qos data was updated , before:type:QOS, pBssid:51:2e:90, qosData:7c after:type:QOS, pBssid:51:2e:90, qosData:7c
07-10 00:43:38.537  5674  7451 I [MCFSDK_android_1.2.4010]_4_b: isNetworkEnabled - type : 1 ret : true
07-10 00:43:38.537  5674  7451 D WifiProfileShare.McfCast: -ME--- mIsNetworkEnabled :true
07-10 00:43:38.537  5674  7451 D WifiProfileShare.McfCast: updateQoSData ignored, same contents
07-10 00:43:38.537  5674  7451 D WifiProfileShare.MCF: success update QosData !
07-10 00:43:38.540  5674  7451 I [MCFSDK_android_1.2.4010]_4_b: isNetworkEnabled - type : 1 ret : true
07-10 00:43:38.540  5674  7451 D WifiProfileShare.McfCast: -ME--- mIsNetworkEnabled :true
07-10 00:43:38.540  5674  7451 D WifiProfileShare.McfCast: -ME--- updatePasswordDate pwdData size:2
07-10 00:43:40.853 31135 31441 W BistoGattHelper: (REDACTED) [%s] GATT already released after un-subscribing, doing nothing.
07-10 00:43:41.240  5674  7726 D SemWifiUsabilityStatsMonitor: onWifiUsabilityStats - seqNum 21103, isSameBssidAndFreq true
07-10 00:43:41.240  5674  6055 D ConnectivityService: notifyType CALLBACK_CAP_CHANGED for [118 WIFI]
07-10 00:43:41.243  5674  6128 I SemWifiLinkQualityMonitor: Link Qos Query: 0.023 ms / 351.000 Mbps (351 / 0.000 / 1.000)
07-10 00:43:41.246  5674  6086 D SemWifiSwitchForIndividualAppsService: stopTCPMonitoring : already stopped
07-10 00:43:41.247  5674  6086 I WifiConnectivityMonitor.NCC: sNetworkCallback(oCC) FULL : 118(true/false)[ Transports: WIFI Capabilities: NOT_METERED&INTERNET&NOT_RESTRICTED&TRUSTED&NOT_VPN&VALIDATED&NOT_ROAMING&FOREGROUND&NOT_CONGESTED&NOT_SUSPENDED&NOT_VCN_MANAGED LinkUpBandwidth>=15762Kbps LinkDnBandwidth>=38308Kbps TransportInfo: <SSID: <unknown ssid>, BSSID: 02:00:00:**:**:00, MAC: 02:00:00:**:**:00, IP: /192.168.1.19, Security type: 2, Supplicant state: COMPLETED, Wi-Fi standard: 5, RSSI: -64, Link speed: 351Mbps, Tx Link speed: 351Mbps, Max Supported Tx Link speed: 433Mbps, Rx Link speed: 6Mbps, Max Supported Rx Link speed: 433Mbps, Frequency: 5180MHz, Net ID: -1, Metered hint: false, score: 60, isUsable: true, CarrierMerged: false, SubscriptionId: -1, IsPrimary: 1, Trusted: true, Restricted: false, Ephemeral: false, OEM paid: false, OEM private: false, OSU AP: false, FQDN: <none>, Provider friendly name: <none>, Requesting package name: <none><none>MLO Information: , AP MLD Address: <none>, AP MLO Link Id: <none>, AP MLO Affiliated links: <none>> SignalStrength: -64 AdminUids: [1000] SSID: "Talija" UnderlyingNetworks: Null]
07-10 00:43:41.250  5674  6164 I WifiConnectivityMonitor: current mode : 1
07-10 00:43:41.250  5674  6164 D OpenNetworkQos[4.00]: updateBssidNoInternet: mBssidNoInternet = false
07-10 00:43:41.250  5674  6164 D OpenNetworkQos[4.00]: getOpenNetworkQosNoInternetStatus: false
07-10 00:43:41.250  5674  6164 D OpenNetworkQos[4.00]: getOpenNetworkQosScores: 26 26 26
07-10 00:43:41.251  5674  6164 I WifiProfileShare: network QoS data was changed (internet), updateQoSData networkType: true, qosData: false
07-10 00:43:41.252  5674  7451 V WifiProfileShare.Caster: update wips network, size: 0
07-10 00:43:41.252  5674  7451 D WifiProfileShare: nearby scanning settings run
07-10 00:43:41.253  5674  7451 D WifiProfileShare: network score provider settings enabled
07-10 00:43:41.253  5674  7451 D OpenNetworkQos[4.00]: getOpenNetworkQosScores: 26 26 26
07-10 00:43:41.253  5674  7451 D OpenNetworkQos[4.00]: getOpenNetworkQosNoInternetStatus: false
07-10 00:43:41.253  5674  7451 I WifiProfileShare.Caster: current network type: 0, score: [26, 26, 26]
07-10 00:43:41.254  5674  7451 V WifiProfileShare.Cache: update network score 00:e4:06:**:**:90
07-10 00:43:41.254  5674  7451 D WifiProfileShare.ScanMatcher: getMcfDataList size:2
07-10 00:43:41.255  5674  7451 I WifiProfileShare.Caster: qos data was updated , before:type:QOS, pBssid:51:2e:90, qosData:7c after:type:QOS, pBssid:51:2e:90, qosData:7c
07-10 00:43:41.256  5674  7451 I [MCFSDK_android_1.2.4010]_4_b: isNetworkEnabled - type : 1 ret : true
07-10 00:43:41.257  5674  7451 D WifiProfileShare.McfCast: -ME--- mIsNetworkEnabled :true
07-10 00:43:41.257  5674  7451 D WifiProfileShare.McfCast: updateQoSData ignored, same contents
07-10 00:43:41.257  5674  7451 D WifiProfileShare.MCF: success update QosData !
07-10 00:43:41.258  5674  7451 I [MCFSDK_android_1.2.4010]_4_b: isNetworkEnabled - type : 1 ret : true
07-10 00:43:41.258  5674  7451 D WifiProfileShare.McfCast: -ME--- mIsNetworkEnabled :true
07-10 00:43:41.258  5674  7451 D WifiProfileShare.McfCast: -ME--- updatePasswordDate pwdData size:2
07-10 00:43:41.284  6461  6566 D NetworkController.WifiSignalController: notifyListener: visible=true, connected=true, inetCondition=1, isDefault=true, wifiTestReported=true, receivedInetCondition=-1, hideDuringMobileSwitching=false
07-10 00:43:41.287 16924 20534 I ChimeraSrvcProxy: NullBinder for android.net.action.RECOMMEND_NETWORKS triggering remote TransactionTooLargeException due to Service without Chimera impl
07-10 00:43:41.287 16924 20534 W .gms.persistent: Large reply transaction of 1056768 bytes, interface descriptor , code 1
07-10 00:43:41.311 13881 13985 I Carnival-NetworkErrorManager(): onAvailable
07-10 00:43:41.313 13881 13985 I Carnival-NetworkErrorManager(): onNetworkRecovered
07-10 00:43:41.313 13881 13985 I Carnival-SamsungAccountManager(): onNetworkRecovered
07-10 00:43:44.280  5674  7726 D SemWifiUsabilityStatsMonitor: onWifiUsabilityStats - seqNum 21104, isSameBssidAndFreq true
07-10 00:43:44.280  5674  6055 D ConnectivityService: notifyType CALLBACK_CAP_CHANGED for [118 WIFI]
07-10 00:43:44.282  5674  6128 I SemWifiLinkQualityMonitor: Link Qos Query: 0.274 ms / 29.200 Mbps (292 / 0.000 / 10.000)
07-10 00:43:44.284  5674  6086 D SemWifiSwitchForIndividualAppsService: stopTCPMonitoring : already stopped
07-10 00:43:44.284  5674  6086 I WifiConnectivityMonitor.NCC: sNetworkCallback(oCC) FULL : 118(true/false)[ Transports: WIFI Capabilities: NOT_METERED&INTERNET&NOT_RESTRICTED&TRUSTED&NOT_VPN&VALIDATED&NOT_ROAMING&FOREGROUND&NOT_CONGESTED&NOT_SUSPENDED&NOT_VCN_MANAGED LinkUpBandwidth>=38087Kbps LinkDnBandwidth>=48162Kbps TransportInfo: <SSID: <unknown ssid>, BSSID: 02:00:00:**:**:00, MAC: 02:00:00:**:**:00, IP: /192.168.1.19, Security type: 2, Supplicant state: COMPLETED, Wi-Fi standard: 5, RSSI: -62, Link speed: 292Mbps, Tx Link speed: 292Mbps, Max Supported Tx Link speed: 433Mbps, Rx Link speed: 6Mbps, Max Supported Rx Link speed: 433Mbps, Frequency: 5180MHz, Net ID: -1, Metered hint: false, score: 60, isUsable: true, CarrierMerged: false, SubscriptionId: -1, IsPrimary: 1, Trusted: true, Restricted: false, Ephemeral: false, OEM paid: false, OEM private: false, OSU AP: false, FQDN: <none>, Provider friendly name: <none>, Requesting package name: <none><none>MLO Information: , AP MLD Address: <none>, AP MLO Link Id: <none>, AP MLO Affiliated links: <none>> SignalStrength: -62 AdminUids: [1000] SSID: "Talija" UnderlyingNetworks: Null]
07-10 00:43:44.286  5674  6164 I WifiConnectivityMonitor: current mode : 1
07-10 00:43:44.286  5674  6164 D OpenNetworkQos[4.00]: updateBssidNoInternet: mBssidNoInternet = false
07-10 00:43:44.286  5674  6164 D OpenNetworkQos[4.00]: getOpenNetworkQosNoInternetStatus: false
07-10 00:43:44.286  5674  6164 D OpenNetworkQos[4.00]: getOpenNetworkQosScores: 26 26 26
07-10 00:43:44.287  5674  6164 I WifiProfileShare: network QoS data was changed (internet), updateQoSData networkType: true, qosData: false
07-10 00:43:44.287  5674  7451 V WifiProfileShare.Caster: update wips network, size: 0
07-10 00:43:44.288  5674  7451 D WifiProfileShare: nearby scanning settings run
07-10 00:43:44.288  5674  7451 D WifiProfileShare: network score provider settings enabled
07-10 00:43:44.288  5674  7451 D OpenNetworkQos[4.00]: getOpenNetworkQosScores: 26 26 26
07-10 00:43:44.288  5674  7451 D OpenNetworkQos[4.00]: getOpenNetworkQosNoInternetStatus: false
07-10 00:43:44.288  5674  7451 I WifiProfileShare.Caster: current network type: 0, score: [26, 26, 26]
07-10 00:43:44.289  5674  7451 V WifiProfileShare.Cache: update network score 00:e4:06:**:**:90
07-10 00:43:44.290  5674  7451 D WifiProfileShare.ScanMatcher: getMcfDataList size:2
07-10 00:43:44.291  5674  7451 I WifiProfileShare.Caster: qos data was updated , before:type:QOS, pBssid:51:2e:90, qosData:7c after:type:QOS, pBssid:51:2e:90, qosData:7c
07-10 00:43:44.292  5674  7451 I [MCFSDK_android_1.2.4010]_4_b: isNetworkEnabled - type : 1 ret : true
07-10 00:43:44.292  5674  7451 D WifiProfileShare.McfCast: -ME--- mIsNetworkEnabled :true
07-10 00:43:44.292  5674  7451 D WifiProfileShare.McfCast: updateQoSData ignored, same contents
07-10 00:43:44.292  5674  7451 D WifiProfileShare.MCF: success update QosData !
07-10 00:43:44.293  5674  7451 I [MCFSDK_android_1.2.4010]_4_b: isNetworkEnabled - type : 1 ret : true
07-10 00:43:44.294  5674  7451 D WifiProfileShare.McfCast: -ME--- mIsNetworkEnabled :true
07-10 00:43:44.294  5674  7451 D WifiProfileShare.McfCast: -ME--- updatePasswordDate pwdData size:2
07-10 00:43:44.303 16924 20534 I ChimeraSrvcProxy: NullBinder for android.net.action.RECOMMEND_NETWORKS triggering remote TransactionTooLargeException due to Service without Chimera impl
07-10 00:43:44.304  6461  6566 D NetworkController.WifiSignalController: notifyListener: visible=true, connected=true, inetCondition=1, isDefault=true, wifiTestReported=true, receivedInetCondition=-1, hideDuringMobileSwitching=false
07-10 00:43:44.304 16924 20534 W .gms.persistent: Large reply transaction of 1056768 bytes, interface descriptor , code 1
07-10 00:43:44.327 13881 13985 I Carnival-NetworkErrorManager(): onAvailable
07-10 00:43:44.329 13881 13985 I Carnival-NetworkErrorManager(): onNetworkRecovered
07-10 00:43:44.329 13881 13985 I Carnival-SamsungAccountManager(): onNetworkRecovered
07-10 00:43:47.324  5674  7726 D SemWifiUsabilityStatsMonitor: onWifiUsabilityStats - seqNum 21105, isSameBssidAndFreq true
07-10 00:43:47.324  5674  6055 D ConnectivityService: notifyType CALLBACK_CAP_CHANGED for [118 WIFI]
07-10 00:43:47.329  5674  6086 D SemWifiSwitchForIndividualAppsService: stopTCPMonitoring : already stopped
07-10 00:43:47.330  5674  6086 I WifiConnectivityMonitor.NCC: sNetworkCallback(oCC) FULL : 118(true/false)[ Transports: WIFI Capabilities: NOT_METERED&INTERNET&NOT_RESTRICTED&TRUSTED&NOT_VPN&VALIDATED&NOT_ROAMING&FOREGROUND&NOT_CONGESTED&NOT_SUSPENDED&NOT_VCN_MANAGED LinkUpBandwidth>=15762Kbps LinkDnBandwidth>=38308Kbps TransportInfo: <SSID: <unknown ssid>, BSSID: 02:00:00:**:**:00, MAC: 02:00:00:**:**:00, IP: /192.168.1.19, Security type: 2, Supplicant state: COMPLETED, Wi-Fi standard: 5, RSSI: -64, Link speed: 292Mbps, Tx Link speed: 292Mbps, Max Supported Tx Link speed: 433Mbps, Rx Link speed: 6Mbps, Max Supported Rx Link speed: 433Mbps, Frequency: 5180MHz, Net ID: -1, Metered hint: false, score: 60, isUsable: true, CarrierMerged: false, SubscriptionId: -1, IsPrimary: 1, Trusted: true, Restricted: false, Ephemeral: false, OEM paid: false, OEM private: false, OSU AP: false, FQDN: <none>, Provider friendly name: <none>, Requesting package name: <none><none>MLO Information: , AP MLD Address: <none>, AP MLO Link Id: <none>, AP MLO Affiliated links: <none>> SignalStrength: -64 AdminUids: [1000] SSID: "Talija" UnderlyingNetworks: Null]
07-10 00:43:47.347  6461  6566 D NetworkController.WifiSignalController: notifyListener: visible=true, connected=true, inetCondition=1, isDefault=true, wifiTestReported=true, receivedInetCondition=-1, hideDuringMobileSwitching=false
07-10 00:43:47.348 16924 19143 I ChimeraSrvcProxy: NullBinder for android.net.action.RECOMMEND_NETWORKS triggering remote TransactionTooLargeException due to Service without Chimera impl
07-10 00:43:47.348 16924 19143 W .gms.persistent: Large reply transaction of 1056768 bytes, interface descriptor , code 1
07-10 00:43:47.355 13881 13985 I Carnival-NetworkErrorManager(): onAvailable
07-10 00:43:47.355  5674  6128 I SemWifiLinkQualityMonitor: Link Qos Query: 0.274 ms / 29.200 Mbps (292 / 0.000 / 10.000)
07-10 00:43:47.356  5674  6164 I WifiConnectivityMonitor: current mode : 1
07-10 00:43:47.356  5674  6164 D OpenNetworkQos[4.00]: updateBssidNoInternet: mBssidNoInternet = false
07-10 00:43:47.356  5674  6164 D OpenNetworkQos[4.00]: getOpenNetworkQosNoInternetStatus: false
07-10 00:43:47.356  5674  6164 D OpenNetworkQos[4.00]: getOpenNetworkQosScores: 26 26 26
07-10 00:43:47.356  5674  6164 I WifiProfileShare: network QoS data was changed (internet), updateQoSData networkType: true, qosData: false
07-10 00:43:47.357  6461  6461 D NetworkController.WifiSignalController: notifyListener: visible=true, connected=true, inetCondition=1, isDefault=true, wifiTestReported=true, receivedInetCondition=-1, hideDuringMobileSwitching=false
07-10 00:43:47.357  5674  7451 V WifiProfileShare.Caster: update wips network, size: 0
07-10 00:43:47.357  5674  7451 D WifiProfileShare: nearby scanning settings run
07-10 00:43:47.357  5674  7451 D WifiProfileShare: network score provider settings enabled
07-10 00:43:47.358  5674  7451 D OpenNetworkQos[4.00]: getOpenNetworkQosScores: 26 26 26
07-10 00:43:47.358  5674  7451 D OpenNetworkQos[4.00]: getOpenNetworkQosNoInternetStatus: false
07-10 00:43:47.358  5674  7451 I WifiProfileShare.Caster: current network type: 0, score: [26, 26, 26]
07-10 00:43:47.358  5674  7451 V WifiProfileShare.Cache: update network score 00:e4:06:**:**:90
07-10 00:43:47.358 13881 13985 I Carnival-NetworkErrorManager(): onNetworkRecovered
07-10 00:43:47.359 13881 13985 I Carnival-SamsungAccountManager(): onNetworkRecovered
07-10 00:43:47.359  5674  7451 D WifiProfileShare.ScanMatcher: getMcfDataList size:2
07-10 00:43:47.359  5674  7451 I WifiProfileShare.Caster: qos data was updated , before:type:QOS, pBssid:51:2e:90, qosData:7c after:type:QOS, pBssid:51:2e:90, qosData:7c
07-10 00:43:47.360  5674  7451 I [MCFSDK_android_1.2.4010]_4_b: isNetworkEnabled - type : 1 ret : true
07-10 00:43:47.360  5674  7451 D WifiProfileShare.McfCast: -ME--- mIsNetworkEnabled :true
07-10 00:43:47.360  5674  7451 D WifiProfileShare.McfCast: updateQoSData ignored, same contents
07-10 00:43:47.360  5674  7451 D WifiProfileShare.MCF: success update QosData !
07-10 00:43:47.361  5674  7451 I [MCFSDK_android_1.2.4010]_4_b: isNetworkEnabled - type : 1 ret : true
07-10 00:43:47.361  5674  7451 D WifiProfileShare.McfCast: -ME--- mIsNetworkEnabled :true
07-10 00:43:47.361  5674  7451 D WifiProfileShare.McfCast: -ME--- updatePasswordDate pwdData size:2
07-10 00:43:48.871  5674  6609 E system_server: Can't open file: /sys/kernel/ion/total_heaps_kb
07-10 00:43:49.022  5674  6609 E system_server: Unable to access: /sys/kernel/dmabuf/buffers: No such file or directory
07-10 00:43:50.408  5674  7726 D SemWifiUsabilityStatsMonitor: onWifiUsabilityStats - seqNum 21106, isSameBssidAndFreq true
07-10 00:43:50.409  5674  6055 D ConnectivityService: notifyType CALLBACK_CAP_CHANGED for [118 WIFI]
07-10 00:43:50.412  5674  6128 I SemWifiLinkQualityMonitor: Link Qos Query: 0.274 ms / 29.200 Mbps (292 / 0.000 / 10.000)
07-10 00:43:50.413  5674  6086 D SemWifiSwitchForIndividualAppsService: stopTCPMonitoring : already stopped
07-10 00:43:50.414  5674  6086 I WifiConnectivityMonitor.NCC: sNetworkCallback(oCC) FULL : 118(true/false)[ Transports: WIFI Capabilities: NOT_METERED&INTERNET&NOT_RESTRICTED&TRUSTED&NOT_VPN&VALIDATED&NOT_ROAMING&FOREGROUND&NOT_CONGESTED&NOT_SUSPENDED&NOT_VCN_MANAGED LinkUpBandwidth>=38087Kbps LinkDnBandwidth>=48162Kbps TransportInfo: <SSID: <unknown ssid>, BSSID: 02:00:00:**:**:00, MAC: 02:00:00:**:**:00, IP: /192.168.1.19, Security type: 2, Supplicant state: COMPLETED, Wi-Fi standard: 5, RSSI: -61, Link speed: 292Mbps, Tx Link speed: 292Mbps, Max Supported Tx Link speed: 433Mbps, Rx Link speed: 6Mbps, Max Supported Rx Link speed: 433Mbps, Frequency: 5180MHz, Net ID: -1, Metered hint: false, score: 60, isUsable: true, CarrierMerged: false, SubscriptionId: -1, IsPrimary: 1, Trusted: true, Restricted: false, Ephemeral: false, OEM paid: false, OEM private: false, OSU AP: false, FQDN: <none>, Provider friendly name: <none>, Requesting package name: <none><none>MLO Information: , AP MLD Address: <none>, AP MLO Link Id: <none>, AP MLO Affiliated links: <none>> SignalStrength: -61 AdminUids: [1000] SSID: "Talija" UnderlyingNetworks: Null]
07-10 00:43:50.418  5674  6164 I WifiConnectivityMonitor: current mode : 1
07-10 00:43:50.419  5674  6164 D OpenNetworkQos[4.00]: updateBssidNoInternet: mBssidNoInternet = false
07-10 00:43:50.419  5674  6164 D OpenNetworkQos[4.00]: getOpenNetworkQosNoInternetStatus: false
07-10 00:43:50.419  5674  6164 D OpenNetworkQos[4.00]: getOpenNetworkQosScores: 26 26 26
07-10 00:43:50.420  5674  6164 I WifiProfileShare: network QoS data was changed (internet), updateQoSData networkType: true, qosData: false
07-10 00:43:50.423  5674  7451 V WifiProfileShare.Caster: update wips network, size: 0
07-10 00:43:50.423  5674  7451 D WifiProfileShare: nearby scanning settings run
07-10 00:43:50.423  5674  7451 D WifiProfileShare: network score provider settings enabled
07-10 00:43:50.424  5674  7451 D OpenNetworkQos[4.00]: getOpenNetworkQosScores: 26 26 26
07-10 00:43:50.424  5674  7451 D OpenNetworkQos[4.00]: getOpenNetworkQosNoInternetStatus: false
07-10 00:43:50.424  5674  7451 I WifiProfileShare.Caster: current network type: 0, score: [26, 26, 26]
07-10 00:43:50.425  5674  7451 V WifiProfileShare.Cache: update network score 00:e4:06:**:**:90
07-10 00:43:50.425  5674  7451 D WifiProfileShare.ScanMatcher: getMcfDataList size:2
07-10 00:43:50.426  5674  7451 I WifiProfileShare.Caster: qos data was updated , before:type:QOS, pBssid:51:2e:90, qosData:7c after:type:QOS, pBssid:51:2e:90, qosData:7c
07-10 00:43:50.429  5674  7451 I [MCFSDK_android_1.2.4010]_4_b: isNetworkEnabled - type : 1 ret : true
07-10 00:43:50.429  5674  7451 D WifiProfileShare.McfCast: -ME--- mIsNetworkEnabled :true
07-10 00:43:50.429  5674  7451 D WifiProfileShare.McfCast: updateQoSData ignored, same contents
07-10 00:43:50.429  5674  7451 D WifiProfileShare.MCF: success update QosData !
07-10 00:43:50.437  5674  7451 I [MCFSDK_android_1.2.4010]_4_b: isNetworkEnabled - type : 1 ret : true
07-10 00:43:50.437  5674  7451 D WifiProfileShare.McfCast: -ME--- mIsNetworkEnabled :true
07-10 00:43:50.437  5674  7451 D WifiProfileShare.McfCast: -ME--- updatePasswordDate pwdData size:2
07-10 00:43:50.451  6461  6566 D NetworkController.WifiSignalController: notifyListener: visible=true, connected=true, inetCondition=1, isDefault=true, wifiTestReported=true, receivedInetCondition=-1, hideDuringMobileSwitching=false
07-10 00:43:50.458 16924 20534 I ChimeraSrvcProxy: NullBinder for android.net.action.RECOMMEND_NETWORKS triggering remote TransactionTooLargeException due to Service without Chimera impl
07-10 00:43:50.458 16924 20534 W .gms.persistent: Large reply transaction of 1056768 bytes, interface descriptor , code 1
07-10 00:43:50.461 13881 13985 I Carnival-NetworkErrorManager(): onAvailable
07-10 00:43:50.463 13881 13985 I Carnival-NetworkErrorManager(): onNetworkRecovered
07-10 00:43:50.463 13881 13985 I Carnival-SamsungAccountManager(): onNetworkRecovered
07-10 00:43:53.479  5674  7726 D SemWifiUsabilityStatsMonitor: onWifiUsabilityStats - seqNum 21107, isSameBssidAndFreq true
07-10 00:43:53.487  5674  6128 I SemWifiLinkQualityMonitor: Link Qos Query: 0.046 ms / 175.500 Mbps (351 / 0.000 / 2.000)
07-10 00:43:53.487  6461  6461 D NetworkController.WifiSignalController: notifyListener: visible=true, connected=true, inetCondition=1, isDefault=true, wifiTestReported=true, receivedInetCondition=-1, hideDuringMobileSwitching=false
07-10 00:43:53.686 31802 32077 I SystemBroadcastReceiver: [#CMH#] onReceive completed :  1
07-10 00:43:53.688 31802 31802 I PolicyManager: [#CMH#] onReceive action = EVENT_SIOP
07-10 00:43:53.701  5674  5674 D SemWifiP2pGoPowerSave: GopsReceiver : received : com.samsung.intent.action.CHECK_SIOP_LEVEL
07-10 00:43:53.702  5674  5674 I SemWifiP2pGoPowerSave: siop_level = -1
07-10 00:43:55.696 31802 32118 I PolicyManager: [#CMH#] Is foreground game app: false
07-10 00:43:55.789 31802 32118 I ControllerUtils: [#CMH#] StoryService:  9, isNonJustShotRunningPossible: false, isStopHeavyTask: true
07-10 00:43:55.856 31802 32118 I ControllerUtils: [#CMH#] IPService:  5, isNonJustShotRunningPossible: false, isStopHeavyTask: true
07-10 00:43:55.912 31802 32118 I ControllerUtils: [#CMH#] FaceService:  2, isNonJustShotRunningPossible: false, isStopHeavyTask: true
07-10 00:43:56.504  5674  7726 D SemWifiUsabilityStatsMonitor: onWifiUsabilityStats - seqNum 21108, isSameBssidAndFreq true
07-10 00:43:56.507  5674  6128 I SemWifiLinkQualityMonitor: Link Qos Query: 0.046 ms / 175.500 Mbps (351 / 0.000 / 2.000)
07-10 00:43:56.507  6461  6461 D NetworkController.WifiSignalController: notifyListener: visible=true, connected=true, inetCondition=1, isDefault=true, wifiTestReported=true, receivedInetCondition=-1, hideDuringMobileSwitching=false
07-10 00:43:56.992 31135 32652 I native  : I0000 00:00:1688942636.992254   32652 soda_async_impl.cc:1540] Current audio timestamp: 1688942636620242
07-10 00:43:57.082  5362  5362 I SurfaceFlinger: SFWD update time=132886452328644
07-10 00:43:57.735  5313  5394 I HYPER-HAL: [RequestManager.cpp]releaseLocked(): Released ID : 48407882
07-10 00:43:58.032 31135 31447 I A       : (REDACTED) #onAudioData: %s bytes, getAudioReadSize %s
07-10 00:43:58.500  5325  5325 E sehhealth-service: Could not open /sys/class/power_supply/battery/lrp
07-10 00:43:58.717  5287  5287 D Zygote  : Forked child process 15403
07-10 00:43:58.780 15403 15403 I eddit.frontpage: Using CollectorTypeCC GC.
07-10 00:43:58.788 15403 15403 E eddit.frontpage: Not starting debugger since process cannot load the jdwp agent.
07-10 00:43:58.795 15403 15403 W libc    : Access denied finding property "sys.perf.boostopt"
07-10 00:43:58.796  5262  5262 E audit   : type=1400 audit(1688942638.793:69459): avc:  denied  { read } for  pid=15403 comm="eddit.frontpage" name="u:object_r:perf_prop:s0" dev="tmpfs" ino=10663 scontext=u:r:untrusted_app:s0:c220,c256,c512,c768 tcontext=u:object_r:perf_prop:s0 tclass=file permissive=0 SEPF_SM-A515F_13_0001 audit_filtered
07-10 00:43:58.796 15403 15416 W libc    : Access denied finding property "sys.perf.boostopt"
07-10 00:43:58.796  5262  5262 E audit   : type=1300 audit(1688942638.793:69459): arch=c00000b7 syscall=56 success=no exit=-13 a0=ffffff9c a1=7fcf7d5458 a2=88000 a3=0 items=0 ppid=5287 pid=15403 auid=4294967295 uid=10220 gid=10220 euid=10220 suid=10220 fsuid=10220 egid=10220 sgid=10220 fsgid=10220 tty=(none) ses=4294967295 comm="eddit.frontpage" exe="/system/bin/app_process64" subj=u:r:untrusted_app:s0:c220,c256,c512,c768 key=(null)
07-10 00:43:58.797  5262  5262 E audit   : type=1327 audit(1688942638.793:69459): proctitle="zygote64"
07-10 00:43:58.797  5262  5262 E audit   : type=1400 audit(1688942638.793:69460): avc:  denied  { read } for  pid=15403 comm="binder:15403_1" name="u:object_r:perf_prop:s0" dev="tmpfs" ino=10663 scontext=u:r:untrusted_app:s0:c220,c256,c512,c768 tcontext=u:object_r:perf_prop:s0 tclass=file permissive=0 SEPF_SM-A515F_13_0001 audit_filtered
07-10 00:43:58.798  5262  5262 E audit   : type=1300 audit(1688942638.793:69460): arch=c00000b7 syscall=56 success=no exit=-13 a0=ffffff9c a1=7b7d4772f8 a2=88000 a3=0 items=0 ppid=5287 pid=15403 auid=4294967295 uid=10220 gid=10220 euid=10220 suid=10220 fsuid=10220 egid=10220 sgid=10220 fsgid=10220 tty=(none) ses=4294967295 comm="binder:15403_1" exe="/system/bin/app_process64" subj=u:r:untrusted_app:s0:c220,c256,c512,c768 key=(null)
07-10 00:43:58.799 15403 15403 D ActivityThread: setConscryptValidator
07-10 00:43:58.799 15403 15403 D ActivityThread: setConscryptValidator - put
07-10 00:43:58.817  5353  5699 V APM_AudioPolicyManager: setAppState(portId:1005, state:1)
07-10 00:43:58.818 15403 15403 D CompatibilityChangeReporter: Compat change id reported: 171979766; UID 10220; state: ENABLED
07-10 00:43:58.910 15403 15403 W ziparchive: Unable to open '/data/app/~~wftFiSVWniWN5bsjsPIT1A==/com.reddit.frontpage-mGYImKoPtrdV2k-3GgfSuQ==/split_config.arm64_v8a.dm': No such file or directory
07-10 00:43:58.910 15403 15403 W ziparchive: Unable to open '/data/app/~~wftFiSVWniWN5bsjsPIT1A==/com.reddit.frontpage-mGYImKoPtrdV2k-3GgfSuQ==/split_config.arm64_v8a.dm': No such file or directory
07-10 00:43:58.912 15403 15403 W eddit.frontpage: Entry not found
07-10 00:43:58.915 15403 15403 W ziparchive: Unable to open '/data/app/~~wftFiSVWniWN5bsjsPIT1A==/com.reddit.frontpage-mGYImKoPtrdV2k-3GgfSuQ==/split_config.en.dm': No such file or directory
07-10 00:43:58.915 15403 15403 W ziparchive: Unable to open '/data/app/~~wftFiSVWniWN5bsjsPIT1A==/com.reddit.frontpage-mGYImKoPtrdV2k-3GgfSuQ==/split_config.en.dm': No such file or directory
07-10 00:43:58.916 15403 15403 W eddit.frontpage: Entry not found
07-10 00:43:58.917 15403 15403 W ziparchive: Unable to open '/data/app/~~wftFiSVWniWN5bsjsPIT1A==/com.reddit.frontpage-mGYImKoPtrdV2k-3GgfSuQ==/split_config.xxhdpi.dm': No such file or directory
07-10 00:43:58.918 15403 15403 W ziparchive: Unable to open '/data/app/~~wftFiSVWniWN5bsjsPIT1A==/com.reddit.frontpage-mGYImKoPtrdV2k-3GgfSuQ==/split_config.xxhdpi.dm': No such file or directory
07-10 00:43:58.920 15403 15403 W eddit.frontpage: Entry not found
07-10 00:43:58.922 15403 15403 D nativeloader: Configuring classloader-namespace for other apk /data/app/~~wftFiSVWniWN5bsjsPIT1A==/com.reddit.frontpage-mGYImKoPtrdV2k-3GgfSuQ==/base.apk:/data/app/~~wftFiSVWniWN5bsjsPIT1A==/com.reddit.frontpage-mGYImKoPtrdV2k-3GgfSuQ==/split_config.arm64_v8a.apk:/data/app/~~wftFiSVWniWN5bsjsPIT1A==/com.reddit.frontpage-mGYImKoPtrdV2k-3GgfSuQ==/split_config.en.apk:/data/app/~~wftFiSVWniWN5bsjsPIT1A==/com.reddit.frontpage-mGYImKoPtrdV2k-3GgfSuQ==/split_config.xxhdpi.apk. target_sdk_version=33, uses_libraries=, library_path=/data/app/~~wftFiSVWniWN5bsjsPIT1A==/com.reddit.frontpage-mGYImKoPtrdV2k-3GgfSuQ==/lib/arm64:/data/app/~~wftFiSVWniWN5bsjsPIT1A==/com.reddit.frontpage-mGYImKoPtrdV2k-3GgfSuQ==/base.apk!/lib/arm64-v8a:/data/app/~~wftFiSVWniWN5bsjsPIT1A==/com.reddit.frontpage-mGYImKoPtrdV2k-3GgfSuQ==/split_config.arm64_v8a.apk!/lib/arm64-v8a:/data/app/~~wftFiSVWniWN5bsjsPIT1A==/com.reddit.frontpage-mGYImKoPtrdV2k-3GgfSuQ==/split_config.en.apk!/lib/arm64-v8a:/data/app/~~wftFiSVWniWN5bsjsPIT1A==/com.reddit.frontpage-mGYImKoP
07-10 00:43:58.927 15403 15403 W eddit.frontpage: JIT profile information will not be recorded: profile file does not exist.
07-10 00:43:58.927 15403 15403 W eddit.frontpage: JIT profile information will not be recorded: profile file does not exist.
07-10 00:43:58.927 15403 15403 W eddit.frontpage: JIT profile information will not be recorded: profile file does not exist.
07-10 00:43:58.956 15403 15403 V GraphicsEnvironment: ANGLE Developer option for 'com.reddit.frontpage' set to: 'default'
07-10 00:43:58.956 15403 15403 V GraphicsEnvironment: ANGLE GameManagerService for com.reddit.frontpage: false
07-10 00:43:58.956 15403 15403 V GraphicsEnvironment: Neither updatable production driver nor prerelease driver is supported.
07-10 00:43:58.962 15403 15403 D NetworkSecurityConfig: Using Network Security Config from resource network_security_config debugBuild: false
07-10 00:43:58.968 15403 15403 D NetworkSecurityConfig: Using Network Security Config from resource network_security_config debugBuild: false
07-10 00:43:59.085 15403 15403 D CompatibilityChangeReporter: Compat change id reported: 183155436; UID 10220; state: ENABLED
07-10 00:43:59.154 15403 15403 I FirebaseApp: Device unlocked: initializing all Firebase APIs for app [DEFAULT]
07-10 00:43:59.167 15403 15403 I FirebaseCrashlytics: Initializing Firebase Crashlytics 18.3.6 for com.reddit.frontpage
07-10 00:43:59.247 15403 15425 I DynamiteModule: Considering local module com.google.android.gms.measurement.dynamite:88 and remote module com.google.android.gms.measurement.dynamite:93
07-10 00:43:59.247 15403 15425 I DynamiteModule: Selected remote version of com.google.android.gms.measurement.dynamite, version >= 93
07-10 00:43:59.247 15403 15425 V DynamiteModule: Dynamite loader version >= 2, using loadModule2NoCrashUtils
07-10 00:43:59.271 15403 15425 W System  : ClassLoader referenced unknown path:
07-10 00:43:59.272 15403 15425 D nativeloader: Configuring classloader-namespace for other apk . target_sdk_version=33, uses_libraries=, library_path=/data/app/~~e8ouw1akU6W2gQxV1EBpmQ==/com.google.android.gms-hGaGeUGENve9dqYnT27Igw==/lib/arm64:/data/app/~~e8ouw1akU6W2gQxV1EBpmQ==/com.google.android.gms-hGaGeUGENve9dqYnT27Igw==/base.apk!/lib/arm64-v8a, permitted_path=/data:/mnt/expand:/data/user/0/com.google.android.gms
07-10 00:43:59.279 15403 15403 I FirebaseInitProvider: FirebaseApp initialization successful
07-10 00:43:59.450  5674  5745 W libprocessgroup: Failed to open /dev/blkio//cgroup.procs: No such file or directory
07-10 00:43:59.460 29789 29789 D BoundBrokerSvc: onBind: Intent { act=com.google.android.gms.auth.api.identity.service.signin.START dat=chimera-action:/... cmp=com.google.android.gms/.chimera.GmsApiService }
07-10 00:43:59.460 29789 29789 D BoundBrokerSvc: Loading bound service for intent: Intent { act=com.google.android.gms.auth.api.identity.service.signin.START dat=chimera-action:/... cmp=com.google.android.gms/.chimera.GmsApiService }
07-10 00:43:59.488 15403 15457 I FA      : App measurement initialized, version: 80006
07-10 00:43:59.489 15403 15457 I FA      : To enable debug logging run: adb shell setprop log.tag.FA VERBOSE
07-10 00:43:59.489 15403 15457 I FA      : To enable faster debug mode event logging run:
07-10 00:43:59.489 15403 15457 I FA      :   adb shell setprop debug.firebase.analytics.app com.reddit.frontpage
07-10 00:43:59.530 29789 29789 D BoundBrokerSvc: onBind: Intent { act=com.google.android.gms.measurement.START pkg=com.google.android.gms }
07-10 00:43:59.530 29789 29789 D BoundBrokerSvc: Loading bound service for intent: Intent { act=com.google.android.gms.measurement.START pkg=com.google.android.gms }
07-10 00:43:59.540 15403 15457 I FA      : Tag Manager is not found and thus will not be used
07-10 00:43:59.541  5674  7726 D SemWifiUsabilityStatsMonitor: onWifiUsabilityStats - seqNum 21109, isSameBssidAndFreq true
07-10 00:43:59.542  5674  6128 I SemWifiLinkQualityMonitor: Link Qos Query: 0.046 ms / 175.500 Mbps (351 / 0.000 / 2.000)
07-10 00:43:59.563 15403 15403 W eddit.frontpage: Long monitor contention with owner DefaultDispatcher-worker-3 (15450) at java.lang.Object vw.d.getValue()(ResettableSynchronizedLazy.kt:29) waiters=0 in java.lang.Object vw.d.getValue() for 146ms
07-10 00:43:59.565 15403 15403 D CompatibilityChangeReporter: Compat change id reported: 160794467; UID 10220; state: ENABLED
07-10 00:43:59.605 16924 20534 I FontLog : (REDACTED) Received query %s, URI %s
07-10 00:43:59.605 16924 20534 I FontLog : (REDACTED) Query [%s] resolved to %s
07-10 00:43:59.618 16924 20534 I FontLog : (REDACTED) Fetch %s end status %s
07-10 00:43:59.626 16924 18725 I FontLog : (REDACTED) Pulling font file for id = %d, cache size = %d
07-10 00:43:59.660 16924 18725 I FontLog : (REDACTED) Pulling font file for id = %d, cache size = %d
07-10 00:43:59.705 15403 15473 E eddit.frontpage: Invalid ID 0x00000000.
07-10 00:43:59.725 15403 15403 W WM-WorkSpec: Interval duration lesser than minimum allowed value; Changed to 900000
07-10 00:43:59.731  5674  6609 D PackageManager: setEnabledSetting : userId = 0 packageName = com.reddit.frontpage cmp = androidx.work.impl.background.systemjob.SystemJobService newState = 1 callingPackage = 10220/com.reddit.frontpage
07-10 00:43:59.732  5674  6609 D ApplicationPolicy: getApplicationStateEnabled : pkg = com.reddit.frontpage userId : 0
07-10 00:43:59.733  5674  6609 D ApplicationPolicy: getApplicationComponentState : pkg = com.reddit.frontpage userId : 0
07-10 00:43:59.928 15403 15483 D CompatibilityChangeReporter: Compat change id reported: 194532703; UID 10220; state: ENABLED
07-10 00:44:00.011  6461  7078 D QSClockBellTower: onReceive(android.intent.action.TIME_TICK) mTimeZoneString:null
07-10 00:44:00.012  6461  6461 D KeyguardUpdateMonitor: received broadcast android.intent.action.TIME_TICK
07-10 00:44:00.016  6461  6461 D QSClockBellTower: He is ready to ring the bell. (((QSClockBellSound - TimeText:00:44, TimeContentDescription:00:44, DateText:Mon, 10 July, ShortDateText:Mon, 10 Jul, Demo:false, QuickStar-Second(false|12:34:56))))
07-10 00:44:00.018  6461  6461 D QSClockIndicatorView: Home Indicator status_bar_clock 00:44 notifyTimeChanged(QSClockBellSound - TimeText:00:44, TimeContentDescription:00:44, DateText:Mon, 10 July, ShortDateText:Mon, 10 Jul, Demo:false, QuickStar-Second(false|12:34:56)) ClockVisibleByPolicy:true, ClockVisibleByUser:true, visible?false, parent:android.widget.LinearLayout{503272 V.E...... ......I. 0,0-0,55 #7f0b04f0 app:id/left_clock_container}
07-10 00:44:00.019  6461  6461 D QSClockBellTower: Everyone heard the bell. run(currentTime:1688942640013,   getTime():Mon Jul 10 00:44:00 GMT+02:00 2023,   getTimeZone():libcore.util.ZoneInfo[mDstSavings=3600000,mUseDst=true,mDelegate=[id="Europe/Belgrade",mRawOffset=3600000,mEarliestRawOffset=4920000,transitions=119]])
07-10 00:44:00.042 15403 15483 D ConnectivityManager: StackLog: [android.net.ConnectivityManager.sendRequestForNetwork(ConnectivityManager.java:4300)] [android.net.ConnectivityManager.registerDefaultNetworkCallbackForUid(ConnectivityManager.java:4864)] [android.net.ConnectivityManager.registerDefaultNetworkCallback(ConnectivityManager.java:4831)] [android.net.ConnectivityManager.registerDefaultNetworkCallback(ConnectivityManager.java:4805)] [g7.l.a(NetworkApi24.kt:11)] [d7.k.d(NetworkStateTracker.kt:18)] [c7.c.d(ConstraintController.kt:155)] [b7.d.d(WorkConstraintsTracker.kt:41)] [y6.c.c(GreedyScheduler.java:361)] [androidx.work.impl.q.a(Schedulers.java:156)] [androidx.work.impl.utils.ForceStopRunnable.a(ForceStopRunnable.java:522)] [androidx.work.impl.utils.ForceStopRunnable.run(ForceStopRunnable.java:29)] [g7.p$a.run(SerialExecutorImpl.java:3)] [java.util.concurrent.ThreadPoolExecutor.runWorker(ThreadPoolExecutor.java:1137)] [java.util.concurrent.ThreadPoolExecutor$Worker.run(ThreadPoolExecutor.java:637)] [java.lang.Thread.run(Thread.java:1012)]
07-10 00:44:00.045  5674  9851 D ConnectivityService: requestNetwork for uid/pid:10220/15403 activeRequest: null callbackRequest: 16450 [NetworkRequest [ REQUEST id=16451, [ Capabilities: INTERNET&NOT_RESTRICTED&TRUSTED&NOT_VCN_MANAGED Uid: 10220 RequestorUid: 10220 RequestorPkg: com.reddit.frontpage UnderlyingNetworks: Null] ]] callback flags: 0 order: 2147483647
07-10 00:44:00.046  5674  6055 D ConnectivityService:    accepting network in place of null
07-10 00:44:00.050  5674  6045 D WifiNetworkFactory: got request NetworkRequest [ REQUEST id=16451, [ Capabilities: INTERNET&NOT_RESTRICTED&TRUSTED&NOT_VCN_MANAGED Uid: 10220 RequestorUid: 10220 RequestorPkg: com.reddit.frontpage UnderlyingNetworks: Null] ]
07-10 00:44:00.051  5674  6045 D UntrustedWifiNetworkFactory: got request NetworkRequest [ REQUEST id=16451, [ Capabilities: INTERNET&NOT_RESTRICTED&TRUSTED&NOT_VCN_MANAGED Uid: 10220 RequestorUid: 10220 RequestorPkg: com.reddit.frontpage UnderlyingNetworks: Null] ]
07-10 00:44:00.051  5674  6045 D OemPaidWifiNetworkFactory: got request NetworkRequest [ REQUEST id=16451, [ Capabilities: INTERNET&NOT_RESTRICTED&TRUSTED&NOT_VCN_MANAGED Uid: 10220 RequestorUid: 10220 RequestorPkg: com.reddit.frontpage UnderlyingNetworks: Null] ]
07-10 00:44:00.051  5674  6045 D MultiInternetWifiNetworkFactory: got request NetworkRequest [ REQUEST id=16451, [ Capabilities: INTERNET&NOT_RESTRICTED&TRUSTED&NOT_VCN_MANAGED Uid: 10220 RequestorUid: 10220 RequestorPkg: com.reddit.frontpage UnderlyingNetworks: Null] ]
07-10 00:44:00.054  5674  6055 D ConnectivityService: Rematched networks [computed 0ms] [applied 1ms] [issued 7]
07-10 00:44:00.054  5674  6055 D ConnectivityService: NetworkReassignment :
07-10 00:44:00.054  5674  6055 D ConnectivityService:   16451 : null → 118
07-10 00:44:00.058  6461  6461 D KeyguardUpdateMonitor: handleTimeUpdate
07-10 00:44:00.058  6461  6461 D FaceWidgetPagesController: onTimeChanged()
07-10 00:44:00.068  6461  6461 I FaceWidgetPositionAlgorithm: getClockContainerHeight() supplier = 270, bottom margin = 0, real height = 333
07-10 00:44:00.069  6461  6461 I FaceWidgetPositionAlgorithm: getClockContainerHeight() supplier = 270, bottom margin = 63, real height = 333
07-10 00:44:00.069  6461  6461 I FaceWidgetPositionAlgorithm: getMediaContainerHeight() height = 0 container Visibility = 8, isValid = false, mIsDozing = false, fraction = 1.0, source = 0, target = 0
07-10 00:44:00.069  6461  6461 I FaceWidgetPositionAlgorithm: getMediaContainerHeight() supplier = 0
07-10 00:44:00.070  6461  6461 V QsExpandAnimator: setQsExpansionPosition 0.0
07-10 00:44:00.075  6461  6461 V QsExpandAnimator: updateAnimators
07-10 00:44:00.075  6461  6461 V QsExpandAnimator: clearAnimationState
07-10 00:44:00.075  6461  6461 V QsExpandAnimator: updateViews
07-10 00:44:00.076  5674  9851 D PackageManager: setEnabledSetting : userId = 0 packageName = com.reddit.frontpage cmp = androidx.work.impl.background.systemalarm.RescheduleReceiver newState = 1 callingPackage = 10220/com.reddit.frontpage
07-10 00:44:00.077  6461  6461 V QsExpandAnimator: updateTileAnimator
07-10 00:44:00.077  5674  9851 D ApplicationPolicy: getApplicationStateEnabled : pkg = com.reddit.frontpage userId : 0
07-10 00:44:00.078  5674  9851 D ApplicationPolicy: getApplicationComponentState : pkg = com.reddit.frontpage userId : 0
07-10 00:44:00.078  6461  6461 V QsExpandAnimator: updateHeaderAnimator
07-10 00:44:00.079  6461  6461 V QsExpandAnimator: updateBarAnimator
07-10 00:44:00.079  6461  6461 V QsExpandAnimator: setQsExpansionPosition 0.0
07-10 00:44:00.079  6461  6461 V QsExpandAnimator: onAnimationAtStart
07-10 00:44:00.117  5674  6609 D PackageManager: setEnabledSetting : userId = 0 packageName = com.reddit.frontpage cmp = androidx.work.impl.background.systemalarm.RescheduleReceiver newState = 1 callingPackage = 10220/com.reddit.frontpage
07-10 00:44:00.118  5674  6609 D ApplicationPolicy: getApplicationStateEnabled : pkg = com.reddit.frontpage userId : 0
07-10 00:44:00.119  5674  6609 D ApplicationPolicy: getApplicationComponentState : pkg = com.reddit.frontpage userId : 0
07-10 00:44:00.123 16924 16924 D BoundBrokerSvc: onBind: Intent { act=com.google.android.gms.presencemanager.service.START dat=chimera-action:/... cmp=com.google.android.gms/.chimera.PersistentApiService }
07-10 00:44:00.123 16924 16924 D BoundBrokerSvc: Loading bound service for intent: Intent { act=com.google.android.gms.presencemanager.service.START dat=chimera-action:/... cmp=com.google.android.gms/.chimera.PersistentApiService }
07-10 00:44:00.140 16924 16924 D BoundBrokerSvc: onBind: Intent { act=com.google.android.gms.presencemanager.service.INTERNAL_IDENTITY dat=chimera-action:/... cmp=com.google.android.gms/.chimera.PersistentApiService }
07-10 00:44:00.140 16924 16924 D BoundBrokerSvc: Loading bound service for intent: Intent { act=com.google.android.gms.presencemanager.service.INTERNAL_IDENTITY dat=chimera-action:/... cmp=com.google.android.gms/.chimera.PersistentApiService }
07-10 00:44:00.166  5674  6609 D PackageManager: setEnabledSetting : userId = 0 packageName = com.reddit.frontpage cmp = androidx.work.impl.background.systemalarm.RescheduleReceiver newState = 1 callingPackage = 10220/com.reddit.frontpage
07-10 00:44:00.168  5674  6609 D ApplicationPolicy: getApplicationStateEnabled : pkg = com.reddit.frontpage userId : 0
07-10 00:44:00.169  5674  6609 D ApplicationPolicy: getApplicationComponentState : pkg = com.reddit.frontpage userId : 0
07-10 00:44:00.222  5674  6609 D PackageManager: setEnabledSetting : userId = 0 packageName = com.reddit.frontpage cmp = androidx.work.impl.background.systemalarm.RescheduleReceiver newState = 1 callingPackage = 10220/com.reddit.frontpage
07-10 00:44:00.225  5674  6609 D ApplicationPolicy: getApplicationStateEnabled : pkg = com.reddit.frontpage userId : 0
07-10 00:44:00.226  5674  6609 D ApplicationPolicy: getApplicationComponentState : pkg = com.reddit.frontpage userId : 0
07-10 00:44:00.255 16924 14903 W NetworkScheduler: Error inserting flex_time=1762000 job_id=-1 period=3525000 source=16 requires_charging=0 preferred_network_type=1 target_class=com.google.android.gms.measurement.PackageMeasurementTaskService user_id=0 target_package=com.google.android.gms tag=Measurement.PackageMeasurementTaskService.UPLOAD_TASK_TAG task_type=0 required_idleness_state=0 service_kind=0 source_version=232414000 persistence_level=1 preferred_charging_state=1 required_network_type=0 runtime=1688942640229 retry_strategy={"maximum_backoff_seconds":{"3600":0},"initial_backoff_seconds":{"30":0},"retry_policy":{"0":0}} last_runtime=0 [CONTEXT service_id=218 ]
07-10 00:44:00.255 16924 14903 W NetworkScheduler: android.database.sqlite.SQLiteConstraintException: UNIQUE constraint failed: pending_ops.tag, pending_ops.target_class, pending_ops.target_package, pending_ops.user_id (code 2067 SQLITE_CONSTRAINT_UNIQUE[2067])
07-10 00:44:00.255 16924 14903 W NetworkScheduler: 	at android.database.sqlite.SQLiteConnection.nativeExecuteForLastInsertedRowId(Native Method)
07-10 00:44:00.255 16924 14903 W NetworkScheduler: 	at android.database.sqlite.SQLiteConnection.executeForLastInsertedRowId(SQLiteConnection.java:1275)
07-10 00:44:00.255 16924 14903 W NetworkScheduler: 	at android.database.sqlite.SQLiteSession.executeForLastInsertedRowId(SQLiteSession.java:790)
07-10 00:44:00.255 16924 14903 W NetworkScheduler: 	at android.database.sqlite.SQLiteStatement.executeInsert(SQLiteStatement.java:89)
07-10 00:44:00.255 16924 14903 W NetworkScheduler: 	at android.database.sqlite.SQLiteDatabase.insertWithOnConflict(SQLiteDatabase.java:2410)
07-10 00:44:00.255 16924 14903 W NetworkScheduler: 	at android.database.sqlite.SQLiteDatabase.insertOrThrow(SQLiteDatabase.java:2305)
07-10 00:44:00.255 16924 14903 W NetworkScheduler: 	at cahd.f(:com.google.android.gms@232414044@23.24.14 (190400-544099984):59)
07-10 00:44:00.255 16924 14903 W NetworkScheduler: 	at cafx.n(:com.google.android.gms@232414044@23.24.14 (190400-544099984):3)
07-10 00:44:00.255 16924 14903 W NetworkScheduler: 	at cafx.u(:com.google.android.gms@232414044@23.24.14 (190400-544099984):20)
07-10 00:44:00.255 16924 14903 W NetworkScheduler: 	at cafx.h(:com.google.android.gms@232414044@23.24.14 (190400-544099984):3)
07-10 00:44:00.255 16924 14903 W NetworkScheduler: 	at cabp.run(:com.google.android.gms@232414044@23.24.14 (190400-544099984):9)
07-10 00:44:00.255 16924 14903 W NetworkScheduler: 	at acmg.c(:com.google.android.gms@232414044@23.24.14 (190400-544099984):6)
07-10 00:44:00.255 16924 14903 W NetworkScheduler: 	at acmg.run(:com.google.android.gms@232414044@23.24.14 (190400-544099984):7)
07-10 00:44:00.255 16924 14903 W NetworkScheduler: 	at java.util.concurrent.ThreadPoolExecutor.runWorker(ThreadPoolExecutor.java:1137)
07-10 00:44:00.255 16924 14903 W NetworkScheduler: 	at java.util.concurrent.ThreadPoolExecutor$Worker.run(ThreadPoolExecutor.java:637)
07-10 00:44:00.255 16924 14903 W NetworkScheduler: 	at acro.run(:com.google.android.gms@232414044@23.24.14 (190400-544099984):0)
07-10 00:44:00.255 16924 14903 W NetworkScheduler: 	at java.lang.Thread.run(Thread.java:1012)
07-10 00:44:00.260 16924 14903 W NetworkScheduler: Error inserting flex_time=1761000 job_id=-1 period=3524000 source=16 requires_charging=0 preferred_network_type=1 target_class=com.google.android.gms.measurement.PackageMeasurementTaskService user_id=0 target_package=com.google.android.gms tag=Measurement.PackageMeasurementTaskService.UPLOAD_TASK_TAG task_type=0 required_idleness_state=0 service_kind=0 source_version=232414000 persistence_level=1 preferred_charging_state=1 required_network_type=0 runtime=1688942640244 retry_strategy={"maximum_backoff_seconds":{"3600":0},"initial_backoff_seconds":{"30":0},"retry_policy":{"0":0}} last_runtime=0 [CONTEXT service_id=218 ]
07-10 00:44:00.260 16924 14903 W NetworkScheduler: android.database.sqlite.SQLiteConstraintException: UNIQUE constraint failed: pending_ops.tag, pending_ops.target_class, pending_ops.target_package, pending_ops.user_id (code 2067 SQLITE_CONSTRAINT_UNIQUE[2067])
07-10 00:44:00.260 16924 14903 W NetworkScheduler: 	at android.database.sqlite.SQLiteConnection.nativeExecuteForLastInsertedRowId(Native Method)
07-10 00:44:00.260 16924 14903 W NetworkScheduler: 	at android.database.sqlite.SQLiteConnection.executeForLastInsertedRowId(SQLiteConnection.java:1275)
07-10 00:44:00.260 16924 14903 W NetworkScheduler: 	at android.database.sqlite.SQLiteSession.executeForLastInsertedRowId(SQLiteSession.java:790)
07-10 00:44:00.260 16924 14903 W NetworkScheduler: 	at android.database.sqlite.SQLiteStatement.executeInsert(SQLiteStatement.java:89)
07-10 00:44:00.260 16924 14903 W NetworkScheduler: 	at android.database.sqlite.SQLiteDatabase.insertWithOnConflict(SQLiteDatabase.java:2410)
07-10 00:44:00.260 16924 14903 W NetworkScheduler: 	at android.database.sqlite.SQLiteDatabase.insertOrThrow(SQLiteDatabase.java:2305)
07-10 00:44:00.260 16924 14903 W NetworkScheduler: 	at cahd.f(:com.google.android.gms@232414044@23.24.14 (190400-544099984):59)
07-10 00:44:00.260 16924 14903 W NetworkScheduler: 	at cafx.n(:com.google.android.gms@232414044@23.24.14 (190400-544099984):3)
07-10 00:44:00.260 16924 14903 W NetworkScheduler: 	at cafx.u(:com.google.android.gms@232414044@23.24.14 (190400-544099984):20)
07-10 00:44:00.260 16924 14903 W NetworkScheduler: 	at cafx.h(:com.google.android.gms@232414044@23.24.14 (190400-544099984):3)
