07-10 01:35:29.377 11611 11645 I TestRunner: started: valueInlineFloat(org.jetbrains.android_benchmark.Wolf3dBenchmark)
07-10 01:35:29.381 11611 11611 I MonitoringInstr: Activities that are still in CREATED to STOPPED: 1
07-10 01:35:29.381 11611 11611 I MonitoringInstr: Finishing activity: androidx.benchmark.IsolationActivity@c9a4959
07-10 01:35:29.406 11611 11645 I GrantPermissionCallable: Permission: android.permission.WRITE_EXTERNAL_STORAGE is already granted!
07-10 01:35:29.407 11611 11645 I GrantPermissionCallable: Permission: android.permission.READ_EXTERNAL_STORAGE is already granted!
07-10 01:35:29.407 11611 11645 D Benchmark: -- Running org.jetbrains.android_benchmark.Wolf3dBenchmark#valueInlineFloat --
07-10 01:35:29.409 11611 11645 D PerfettoCapture: Supported ABIs: arm64-v8a, armeabi-v7a, armeabi
07-10 01:35:29.410 11611 11645 D PerfettoCapture: Recording perfetto trace
07-10 01:35:29.443 11611 11645 I PerfettoCapture: Cleanup perfetto before starting.
07-10 01:35:29.643 11611 11645 I PerfettoCapture: Perfetto output file cleanup -
07-10 01:35:29.644 11611 11645 I PerfettoCapture: Starting perfetto tracing with cmd: cat /storage/emulated/0/Android/data/org.jetbrains.android_benchmark.test/cache/trace_config.pb | perfetto --background -c - -o /data/misc/perfetto-traces/trace_output.pb
07-10 01:35:29.817  5674  6055 D ConnectivityService: notifyType CALLBACK_CAP_CHANGED for [118 WIFI]
07-10 01:35:29.818  5674  7726 D SemWifiUsabilityStatsMonitor: onWifiUsabilityStats - seqNum 22124, isSameBssidAndFreq true
07-10 01:35:29.820  5674  6128 I SemWifiLinkQualityMonitor: Link Qos Query: 0.072 ms / 111.429 Mbps (390 / 0.000 / 3.500)
07-10 01:35:29.830  5674  6086 D SemWifiSwitchForIndividualAppsService: stopTCPMonitoring : already stopped
07-10 01:35:29.832  5674  6086 I WifiConnectivityMonitor.NCC: sNetworkCallback(oCC) FULL : 118(true/false)[ Transports: WIFI Capabilities: NOT_METERED&INTERNET&NOT_RESTRICTED&TRUSTED&NOT_VPN&VALIDATED&NOT_ROAMING&FOREGROUND&NOT_CONGESTED&NOT_SUSPENDED&NOT_VCN_MANAGED LinkUpBandwidth>=15762Kbps LinkDnBandwidth>=38308Kbps TransportInfo: <SSID: <unknown ssid>, BSSID: 02:00:00:**:**:00, MAC: 02:00:00:**:**:00, IP: /192.168.1.19, Security type: 2, Supplicant state: COMPLETED, Wi-Fi standard: 5, RSSI: -64, Link speed: 390Mbps, Tx Link speed: 390Mbps, Max Supported Tx Link speed: 433Mbps, Rx Link speed: 6Mbps, Max Supported Rx Link speed: 433Mbps, Frequency: 5180MHz, Net ID: -1, Metered hint: false, score: 60, isUsable: true, CarrierMerged: false, SubscriptionId: -1, IsPrimary: 1, Trusted: true, Restricted: false, Ephemeral: false, OEM paid: false, OEM private: false, OSU AP: false, FQDN: <none>, Provider friendly name: <none>, Requesting package name: <none><none>MLO Information: , AP MLD Address: <none>, AP MLO Link Id: <none>, AP MLO Affiliated links: <none>> SignalStrength: -64 AdminUids: [1000] SSID: "Talija" UnderlyingNetworks: Null]
07-10 01:35:29.832  5674  6164 I WifiConnectivityMonitor: current mode : 1
07-10 01:35:29.833  5674  6164 D OpenNetworkQos[4.00]: updateBssidNoInternet: mBssidNoInternet = false
07-10 01:35:29.833  5674  6164 D OpenNetworkQos[4.00]: getOpenNetworkQosNoInternetStatus: false
07-10 01:35:29.833  5674  6164 D OpenNetworkQos[4.00]: getOpenNetworkQosScores: 26 26 26
07-10 01:35:29.833  5674  6164 I WifiProfileShare: network QoS data was changed (internet), updateQoSData networkType: true, qosData: false
07-10 01:35:29.837  5674  7451 V WifiProfileShare.Caster: update wips network, size: 0
07-10 01:35:29.837  5674  7451 D WifiProfileShare: nearby scanning settings run
07-10 01:35:29.838  5674  7451 D WifiProfileShare: network score provider settings enabled
07-10 01:35:29.838  5674  7451 D OpenNetworkQos[4.00]: getOpenNetworkQosScores: 26 26 26
07-10 01:35:29.838  5674  7451 D OpenNetworkQos[4.00]: getOpenNetworkQosNoInternetStatus: false
07-10 01:35:29.838  5674  7451 I WifiProfileShare.Caster: current network type: 0, score: [26, 26, 26]
07-10 01:35:29.839  5674  7451 V WifiProfileShare.Cache: update network score 00:e4:06:**:**:90
07-10 01:35:29.839  5674  7451 D WifiProfileShare.ScanMatcher: getMcfDataList size:2
07-10 01:35:29.840  5674  7451 I WifiProfileShare.Caster: qos data was updated , before:type:QOS, pBssid:51:2e:90, qosData:7c after:type:QOS, pBssid:51:2e:90, qosData:7c
07-10 01:35:29.845  5674  7451 I [MCFSDK_android_1.2.4010]_4_b: isNetworkEnabled - type : 1 ret : true
07-10 01:35:29.845  5674  7451 D WifiProfileShare.McfCast: -ME--- mIsNetworkEnabled :true
07-10 01:35:29.845  5674  7451 D WifiProfileShare.McfCast: updateQoSData ignored, same contents
07-10 01:35:29.845  5674  7451 D WifiProfileShare.MCF: success update QosData !
07-10 01:35:29.846  5674  7451 I [MCFSDK_android_1.2.4010]_4_b: isNetworkEnabled - type : 1 ret : true
07-10 01:35:29.847  5674  7451 D WifiProfileShare.McfCast: -ME--- mIsNetworkEnabled :true
07-10 01:35:29.847  5674  7451 D WifiProfileShare.McfCast: -ME--- updatePasswordDate pwdData size:2
07-10 01:35:29.876 28897 28897 I perfetto:    perfetto_cmd.cc:1001 Connected to the Perfetto traced service, starting tracing
07-10 01:35:29.879  5436  5436 I perfetto: ing_service_impl.cc:953 Configured tracing session 334, #sources:4, duration:0 ms, #buffers:2, total buffer size:36864 KB, total sessions:1, uid:2000 session name: ""
07-10 01:35:29.883  5424  5424 I perfetto:  probes_producer.cc:139 Ftrace setup (target_buf=667)
07-10 01:35:29.912 11611 11645 I PerfettoCapture: Perfetto output - 28897
07-10 01:35:29.912 11611 11645 I PerfettoCapture: EXITCODE=0
07-10 01:35:30.005 16924 18045 I ChimeraSrvcProxy: NullBinder for android.net.action.RECOMMEND_NETWORKS triggering remote TransactionTooLargeException due to Service without Chimera impl
07-10 01:35:30.008 16924 18045 W .gms.persistent: Large reply transaction of 1056768 bytes, interface descriptor , code 1
07-10 01:35:30.062 11611 11645 I PerfettoCapture: Perfetto tracing started successfully with pid 28897.
07-10 01:35:30.066  6461  6566 D NetworkController.WifiSignalController: notifyListener: visible=true, connected=true, inetCondition=1, isDefault=true, wifiTestReported=true, receivedInetCondition=-1, hideDuringMobileSwitching=false
07-10 01:35:30.109  4380  4380 I hwservicemanager: getTransport: Cannot find entry android.hardware.atrace@1.0::IAtraceDevice/default in either framework or device VINTF manifest.
07-10 01:35:30.142  5424  5424 I perfetto:    ftrace_procfs.cc:335 enabled ftrace in /sys/kernel/tracing/
07-10 01:35:30.254 11611 11645 I PerfettoCapture: /sys/kernel/tracing/tracing_on = 1, polled 1 times, capture fully started
07-10 01:35:30.257 11611 11645 D Benchmark: Set 11645 (Bench thread) to priority -20. Was -8, now -20
07-10 01:35:30.257 11611 11645 D Benchmark: Set 11624 (Jit) to priority -15. Was 9, now -15
07-10 01:35:30.314 11611 11645 I _benchmark.test: Explicit concurrent copying GC freed 237518(5528KB) AllocSpace objects, 1(20KB) LOS objects, 66% free, 3033KB/9177KB, paused 418us,79us total 56.139ms
07-10 01:35:30.725  9843 10427 I FuseDaemon: Threshold exceeded - fadvising 67108864
07-10 01:35:30.725  9843 10427 I FuseDaemon: Threshold now 0
07-10 01:35:30.843 16924 16948 I .gms.persistent: Background concurrent copying GC freed 366785(18MB) AllocSpace objects, 9(460KB) LOS objects, 49% free, 20MB/41MB, paused 263us,196us total 261.297ms
07-10 01:35:31.029 16924 16924 D BoundBrokerSvc: onUnbind: Intent { act=com.google.android.gms.phenotype.service.START dat=chimera-action:/... cmp=com.google.android.gms/.chimera.PersistentApiService }
07-10 01:35:32.608  9843 10427 I FuseDaemon: Threshold exceeded - fadvising 67108864
07-10 01:35:32.608  9843 10427 I FuseDaemon: Threshold now 0
07-10 01:35:32.810  5325  5325 E sehhealth-service: Could not open /sys/class/power_supply/battery/lrp
07-10 01:35:32.855 30967 31717 I ContactsProvider_EventLog: cp_s: [CONTACT con(158) dat(1091) acc({sim(3)=15, sec(6)=1, sim2(4)=1, google(2)=81, org.telegram.messenger(236)=100, com.whatsapp(14)=41}) calls([logtype:100 cnt:877, logtype:200 cnt:5, logtype:300 cnt:495, logtype:1000 cnt:632, logtype:1150 cnt:161]) Iso(RS) uId(0) ]
07-10 01:35:32.855 30967 31717 I ContactsProvider_EventLog: cp_s: [ agr({[2 ,2 ,14 ,236]=1, [2 ,14 ,236]=32, [3]=15, [14]=1, [4]=1, [2 ,14]=4, [2 ,2]=2, [2]=34, [6 ,14]=1, [2 ,236]=3, [236]=62, [2 ,236 ,14]=2}) ]
07-10 01:35:32.855 30967 31717 I ContactsProvider_EventLog: cp_s: [ cnt({acore(30967)=1}) ]
07-10 01:35:32.855 30967 31717 I ContactsProvider_EventLog: cp_s: [PROFILE con(1) dat(1) acc({vnd.sec.contact.phone=1}) ] [SAPROFILE ]
07-10 01:35:32.855 30967 31717 I ContactsProvider_EventLog: cp_s: [STATE R(T) ]
07-10 01:35:32.876  5674  7726 D SemWifiUsabilityStatsMonitor: onWifiUsabilityStats - seqNum 22125, isSameBssidAndFreq true
07-10 01:35:32.880  6461  6461 D NetworkController.WifiSignalController: notifyListener: visible=true, connected=true, inetCondition=1, isDefault=true, wifiTestReported=true, receivedInetCondition=-1, hideDuringMobileSwitching=false
07-10 01:35:32.894  5674  6128 I SemWifiLinkQualityMonitor: Link Qos Query: 0.072 ms / 111.429 Mbps (390 / 0.000 / 3.500)
07-10 01:35:32.900 16924 16924 D BoundBrokerSvc: onBind: Intent { act=com.google.android.gms.auth.account.workaccount.START dat=chimera-action:/... cmp=com.google.android.gms/.chimera.PersistentApiService }
07-10 01:35:32.900 16924 16924 D BoundBrokerSvc: Loading bound service for intent: Intent { act=com.google.android.gms.auth.account.workaccount.START dat=chimera-action:/... cmp=com.google.android.gms/.chimera.PersistentApiService }
07-10 01:35:32.938  5674  5745 W libprocessgroup: Failed to open /dev/blkio//cgroup.procs: No such file or directory
07-10 01:35:32.973 29789 29789 D BoundBrokerSvc: onBind: Intent { act=com.google.android.gms.checkin.START pkg=com.google.android.gms }
07-10 01:35:32.973 29789 29789 D BoundBrokerSvc: Loading bound service for intent: Intent { act=com.google.android.gms.checkin.START pkg=com.google.android.gms }
07-10 01:35:33.648 16924 28741 I HeterodyneSyncer: (REDACTED) Removed %d invalid users
07-10 01:35:33.662 16924 18133 I WearableConn: Connecting to "Galaxy Watch5 Pro (MJNP)"
07-10 01:35:33.692 16924 18133 I BluetoothSocket: connect() for device 645DF4_1 called by pid: 16924
07-10 01:35:33.812 15865 16587 W btm_acl : Unable to find active acl
07-10 01:35:33.821 15865 16587 W bt_stack: xx:xx:xx:xx:b3:b1 EnqueueCommand (classic_link)
07-10 01:35:34.025  5674 28925 D TrafficStats: tagSocket(988) with statsTag=0xffffffff, statsUid=-1
07-10 01:35:34.032 16924 16947 I .gms.persistent: Compiler allocated 5019KB to compile void bxux.F(java.util.Set, java.util.List, dour, java.lang.String, boolean, ebnu, bxuv, java.util.LinkedHashMap, djjs, boolean, efns)
07-10 01:35:34.196  9843 10427 I FuseDaemon: Threshold exceeded - fadvising 67108864
07-10 01:35:34.196  9843 10427 I FuseDaemon: Threshold now 0
07-10 01:35:34.212 16924 16947 I .gms.persistent: Compiler allocated 6016KB to compile void bxux.F(java.util.Set, java.util.List, dour, java.lang.String, boolean, ebnu, bxuv, java.util.LinkedHashMap, djjs, boolean, efns)
07-10 01:35:34.231  5674 28925 D WifiConnectivityMonitor.DnsThread:  [|207]
07-10 01:35:34.232  5674  6182 D WifiConnectivityMonitor.NetworkStatsAnalyzer: DNS resultType : 0, responseTime : 207
07-10 01:35:34.232  5674  6164 D OpenNetworkQos[4.00]: updateBssidLatestDnsResultType - result: 0
07-10 01:35:34.233  5674  6164 D OpenNetworkQos[4.00]: updateBssidNoInternet: mBssidNoInternet = false
07-10 01:35:34.233  5674  6164 D OpenNetworkQos[4.00]: getOpenNetworkQosNoInternetStatus: false
07-10 01:35:34.233  5674  6164 D OpenNetworkQos[4.00]: getOpenNetworkQosScores: 26 26 26
07-10 01:35:34.234  5674  6164 I WifiProfileShare: network QoS data was changed (internet), updateQoSData networkType: true, qosData: false
07-10 01:35:34.234  5674  7451 V WifiProfileShare.Caster: update wips network, size: 0
07-10 01:35:34.234  5674  7451 D WifiProfileShare: nearby scanning settings run
07-10 01:35:34.235  5674  7451 D WifiProfileShare: network score provider settings enabled
07-10 01:35:34.236  5674  7451 D OpenNetworkQos[4.00]: getOpenNetworkQosScores: 26 26 26
07-10 01:35:34.236  5674  7451 D OpenNetworkQos[4.00]: getOpenNetworkQosNoInternetStatus: false
07-10 01:35:34.236  5674  7451 I WifiProfileShare.Caster: current network type: 0, score: [26, 26, 26]
07-10 01:35:34.238  5674  7451 V WifiProfileShare.Cache: update network score 00:e4:06:**:**:90
07-10 01:35:34.239  5674  7451 D WifiProfileShare.ScanMatcher: getMcfDataList size:2
07-10 01:35:34.239  5674  7451 I WifiProfileShare.Caster: qos data was updated , before:type:QOS, pBssid:51:2e:90, qosData:7c after:type:QOS, pBssid:51:2e:90, qosData:7c
07-10 01:35:34.242  5674  7451 I [MCFSDK_android_1.2.4010]_4_b: isNetworkEnabled - type : 1 ret : true
07-10 01:35:34.243  5674  7451 D WifiProfileShare.McfCast: -ME--- mIsNetworkEnabled :true
07-10 01:35:34.243  5674  7451 D WifiProfileShare.McfCast: updateQoSData ignored, same contents
07-10 01:35:34.243  5674  7451 D WifiProfileShare.MCF: success update QosData !
07-10 01:35:34.244  5674  7451 I [MCFSDK_android_1.2.4010]_4_b: isNetworkEnabled - type : 1 ret : true
07-10 01:35:34.244  5674  7451 D WifiProfileShare.McfCast: -ME--- mIsNetworkEnabled :true
07-10 01:35:34.244  5674  7451 D WifiProfileShare.McfCast: -ME--- updatePasswordDate pwdData size:2
07-10 01:35:34.591 16924 25670 E WakeLock: WearableBluetooth ** IS FORCE-RELEASED ON TIMEOUT **
07-10 01:35:34.858  5674  6213 D NetdEventListenerService: DNS Requested by : 118, 10226
07-10 01:35:34.862 16924  7570 D TrafficStats: tagSocket(330) with statsTag=0x1203, statsUid=10226
07-10 01:35:35.050 31102 31266 I Finsky  : [127] nlb.run(33): Stats for Executor: BlockingExecutor nls@dc8ff8d[Running, pool size = 0, active threads = 0, queued tasks = 0, completed tasks = 129]
07-10 01:35:35.058 31102 31266 I Finsky  : [127] nlb.run(33): Stats for Executor: LightweightExecutor nls@7ff542[Running, pool size = 4, active threads = 0, queued tasks = 0, completed tasks = 2717]
07-10 01:35:35.060 31102 31266 I Finsky  : [127] nlb.run(33): Stats for Executor: bgExecutor nls@641b953[Running, pool size = 4, active threads = 0, queued tasks = 0, completed tasks = 10730]
07-10 01:35:35.901  9843 10427 I FuseDaemon: Threshold exceeded - fadvising 67108864
07-10 01:35:35.901  9843 10427 I FuseDaemon: Threshold now 0
07-10 01:35:35.908  5674  7726 D SemWifiUsabilityStatsMonitor: onWifiUsabilityStats - seqNum 22126, isSameBssidAndFreq true
07-10 01:35:35.910  5674  6183 D WifiConnectivityMonitor: start WCM Poll.
07-10 01:35:35.911  6461  6461 D NetworkController.WifiSignalController: notifyListener: visible=true, connected=true, inetCondition=1, isDefault=true, wifiTestReported=true, receivedInetCondition=-1, hideDuringMobileSwitching=false
07-10 01:35:35.913  5674  6055 D ConnectivityService: notifyType CALLBACK_CAP_CHANGED for [118 WIFI]
07-10 01:35:35.916  5674  6128 I SemWifiLinkQualityMonitor: Link Qos Query: 0.102 ms / 78.569 Mbps (234 / 0.000 / 2.978)
07-10 01:35:35.923  5674  6086 D SemWifiSwitchForIndividualAppsService: stopTCPMonitoring : already stopped
07-10 01:35:35.924  5674  6086 I WifiConnectivityMonitor.NCC: sNetworkCallback(oCC) FULL : 118(true/false)[ Transports: WIFI Capabilities: NOT_METERED&INTERNET&NOT_RESTRICTED&TRUSTED&NOT_VPN&VALIDATED&NOT_ROAMING&FOREGROUND&NOT_CONGESTED&NOT_SUSPENDED&NOT_VCN_MANAGED LinkUpBandwidth>=38087Kbps LinkDnBandwidth>=48162Kbps TransportInfo: <SSID: <unknown ssid>, BSSID: 02:00:00:**:**:00, MAC: 02:00:00:**:**:00, IP: /192.168.1.19, Security type: 2, Supplicant state: COMPLETED, Wi-Fi standard: 5, RSSI: -63, Link speed: 234Mbps, Tx Link speed: 234Mbps, Max Supported Tx Link speed: 433Mbps, Rx Link speed: 6Mbps, Max Supported Rx Link speed: 433Mbps, Frequency: 5180MHz, Net ID: -1, Metered hint: false, score: 60, isUsable: true, CarrierMerged: false, SubscriptionId: -1, IsPrimary: 1, Trusted: true, Restricted: false, Ephemeral: false, OEM paid: false, OEM private: false, OSU AP: false, FQDN: <none>, Provider friendly name: <none>, Requesting package name: <none><none>MLO Information: , AP MLD Address: <none>, AP MLO Link Id: <none>, AP MLO Affiliated links: <none>> SignalStrength: -63 AdminUids: [1000] SSID: "Talija" UnderlyingNetworks: Null]
07-10 01:35:35.927  5674  6164 I WifiConnectivityMonitor: current mode : 1
07-10 01:35:35.927  5674  6164 D OpenNetworkQos[4.00]: updateBssidNoInternet: mBssidNoInternet = false
07-10 01:35:35.927  5674  6164 D OpenNetworkQos[4.00]: getOpenNetworkQosNoInternetStatus: false
07-10 01:35:35.927  5674  6164 D OpenNetworkQos[4.00]: getOpenNetworkQosScores: 26 26 26
07-10 01:35:35.928  5674  6164 I WifiProfileShare: network QoS data was changed (internet), updateQoSData networkType: true, qosData: false
07-10 01:35:35.929  5674  7451 V WifiProfileShare.Caster: update wips network, size: 0
07-10 01:35:35.929  5674  7451 D WifiProfileShare: nearby scanning settings run
07-10 01:35:35.929  5674  7451 D WifiProfileShare: network score provider settings enabled
07-10 01:35:35.930  5674  7451 D OpenNetworkQos[4.00]: getOpenNetworkQosScores: 26 26 26
07-10 01:35:35.930  5674  7451 D OpenNetworkQos[4.00]: getOpenNetworkQosNoInternetStatus: false
07-10 01:35:35.930  5674  7451 I WifiProfileShare.Caster: current network type: 0, score: [26, 26, 26]
07-10 01:35:35.931  5674  7451 V WifiProfileShare.Cache: update network score 00:e4:06:**:**:90
07-10 01:35:35.931  5674  7451 D WifiProfileShare.ScanMatcher: getMcfDataList size:2
07-10 01:35:35.932  5674  7451 I WifiProfileShare.Caster: qos data was updated , before:type:QOS, pBssid:51:2e:90, qosData:7c after:type:QOS, pBssid:51:2e:90, qosData:7c
07-10 01:35:35.933  5674  7451 I [MCFSDK_android_1.2.4010]_4_b: isNetworkEnabled - type : 1 ret : true
07-10 01:35:35.933  5674  7451 D WifiProfileShare.McfCast: -ME--- mIsNetworkEnabled :true
07-10 01:35:35.933  5674  7451 D WifiProfileShare.McfCast: updateQoSData ignored, same contents
07-10 01:35:35.933  5674  7451 D WifiProfileShare.MCF: success update QosData !
07-10 01:35:35.934  5674  7451 I [MCFSDK_android_1.2.4010]_4_b: isNetworkEnabled - type : 1 ret : true
07-10 01:35:35.934  5674  7451 D WifiProfileShare.McfCast: -ME--- mIsNetworkEnabled :true
07-10 01:35:35.934  5674  7451 D WifiProfileShare.McfCast: -ME--- updatePasswordDate pwdData size:2
07-10 01:35:35.956  6461  6566 D NetworkController.WifiSignalController: notifyListener: visible=true, connected=true, inetCondition=1, isDefault=true, wifiTestReported=true, receivedInetCondition=-1, hideDuringMobileSwitching=false
07-10 01:35:35.957 16924 18045 I ChimeraSrvcProxy: NullBinder for android.net.action.RECOMMEND_NETWORKS triggering remote TransactionTooLargeException due to Service without Chimera impl
07-10 01:35:35.957 16924 18045 W .gms.persistent: Large reply transaction of 1056768 bytes, interface descriptor , code 1
07-10 01:35:36.846 16924 16947 I .gms.persistent: Compiler allocated 6502KB to compile void bxux.E(java.util.Set, long, dovc, dovd, java.util.List, java.util.LinkedHashMap, ebnu, bxuv, boolean, java.util.Map)
07-10 01:35:37.651  9843 10427 I FuseDaemon: Threshold exceeded - fadvising 67108864
07-10 01:35:37.652  9843 10427 I FuseDaemon: Threshold now 0
07-10 01:35:37.953  5674  9957 D PackageManager: setEnabledSetting : userId = 0 packageName = com.Slack cmp = androidx.work.impl.background.systemalarm.RescheduleReceiver newState = 1 callingPackage = 10329/com.Slack
07-10 01:35:37.955  5674  9957 D ApplicationPolicy: getApplicationStateEnabled : pkg = com.Slack userId : 0
07-10 01:35:37.959  5674  9957 D ApplicationPolicy: getApplicationComponentState : pkg = com.Slack userId : 0
07-10 01:35:37.989  5353  6075 V APM_AudioPolicyManager: setAppState(portId:1005, state:1)
07-10 01:35:37.993  5674  5745 W libprocessgroup: Failed to open /dev/blkio//cgroup.procs: No such file or directory
07-10 01:35:38.037 25156 25229 D ConnectivityManager: StackLog: [android.net.ConnectivityManager.sendRequestForNetwork(ConnectivityManager.java:4300)] [android.net.ConnectivityManager.registerDefaultNetworkCallbackForUid(ConnectivityManager.java:4864)] [android.net.ConnectivityManager.registerDefaultNetworkCallback(ConnectivityManager.java:4831)] [android.net.ConnectivityManager.registerDefaultNetworkCallback(ConnectivityManager.java:4805)] [androidx.work.impl.utils.NetworkApi24.registerDefaultNetworkCallbackCompat(Unknown Source:11)] [androidx.work.impl.constraints.trackers.NetworkStateTracker24.startTracking(Unknown Source:15)] [androidx.work.impl.constraints.controllers.ConstraintController.replace(Unknown Source:130)] [androidx.work.impl.constraints.WorkConstraintsTrackerImpl.replace(Unknown Source:41)] [androidx.work.impl.background.greedy.GreedyScheduler.schedule(Unknown Source:302)] [androidx.work.impl.Schedulers.schedule(Unknown Source:155)] [androidx.work.impl.utils.EnqueueRunnable.run(Unknown Source:53)] [androidx.work.Worker$2.run$androidx$work$impl$utils$SerialExecutorImpl$Task(Unknown Source:4)] [androidx.work.Worker$2.run(Unknown Source:868)] [java.util.concurrent.ThreadPoolExecutor.runWorker(ThreadPoolExecutor.java:1137)] [java.util.concurrent.ThreadPoolExecutor$Worker.run(ThreadPoolExecutor.java:637)] [java.lang.Thread.run(Thread.java:1012)]
07-10 01:35:38.041  5674  9957 D ConnectivityService: requestNetwork for uid/pid:10329/25156 activeRequest: null callbackRequest: 16769 [NetworkRequest [ REQUEST id=16770, [ Capabilities: INTERNET&NOT_RESTRICTED&TRUSTED&NOT_VCN_MANAGED Uid: 10329 RequestorUid: 10329 RequestorPkg: com.Slack UnderlyingNetworks: Null] ]] callback flags: 0 order: 2147483647
07-10 01:35:38.042  5674  6055 D ConnectivityService:    accepting network in place of null
07-10 01:35:38.045  5674  6045 D WifiNetworkFactory: got request NetworkRequest [ REQUEST id=16770, [ Capabilities: INTERNET&NOT_RESTRICTED&TRUSTED&NOT_VCN_MANAGED Uid: 10329 RequestorUid: 10329 RequestorPkg: com.Slack UnderlyingNetworks: Null] ]
07-10 01:35:38.046  5674  6045 D UntrustedWifiNetworkFactory: got request NetworkRequest [ REQUEST id=16770, [ Capabilities: INTERNET&NOT_RESTRICTED&TRUSTED&NOT_VCN_MANAGED Uid: 10329 RequestorUid: 10329 RequestorPkg: com.Slack UnderlyingNetworks: Null] ]
07-10 01:35:38.046  5674  6045 D OemPaidWifiNetworkFactory: got request NetworkRequest [ REQUEST id=16770, [ Capabilities: INTERNET&NOT_RESTRICTED&TRUSTED&NOT_VCN_MANAGED Uid: 10329 RequestorUid: 10329 RequestorPkg: com.Slack UnderlyingNetworks: Null] ]
07-10 01:35:38.046  5674  6045 D MultiInternetWifiNetworkFactory: got request NetworkRequest [ REQUEST id=16770, [ Capabilities: INTERNET&NOT_RESTRICTED&TRUSTED&NOT_VCN_MANAGED Uid: 10329 RequestorUid: 10329 RequestorPkg: com.Slack UnderlyingNetworks: Null] ]
07-10 01:35:38.049  5674  6055 D ConnectivityService: Rematched networks [computed 0ms] [applied 1ms] [issued 6]
07-10 01:35:38.049  5674  6055 D ConnectivityService: NetworkReassignment :
07-10 01:35:38.049  5674  6055 D ConnectivityService:   16770 : null → 118
07-10 01:35:38.102 25156 25156 D ConnectivityManager: StackLog: [android.net.ConnectivityManager.unregisterNetworkCallback(ConnectivityManager.java:4972)] [androidx.work.impl.utils.NetworkApi21.unregisterNetworkCallbackCompat(Unknown Source:11)] [androidx.work.impl.constraints.trackers.NetworkStateTracker24.stopTracking(Unknown Source:15)] [androidx.work.impl.constraints.trackers.ConstraintTracker.removeListener(Unknown Source:24)] [androidx.work.impl.constraints.controllers.ConstraintController.replace(Unknown Source:81)] [androidx.work.impl.constraints.WorkConstraintsTrackerImpl.replace(Unknown Source:41)] [androidx.work.impl.background.greedy.GreedyScheduler.onExecuted(Unknown Source:55)] [androidx.work.impl.Processor.onExecuted(Unknown Source:59)] [com.bugsnag.android.DeliveryDelegate$1.run(Unknown Source:212)]
07-10 01:35:38.104  5674  6055 D ConnectivityService:  Removing from current network [118 WIFI], leaving 158 requests.
07-10 01:35:38.115  5353  6075 V APM_AudioPolicyManager: setAppState(portId:1005, state:1)
07-10 01:35:38.120  5353  6075 V APM_AudioPolicyManager: setAppState(portId:1005, state:1)
07-10 01:35:38.935  5674  7726 D SemWifiUsabilityStatsMonitor: onWifiUsabilityStats - seqNum 22127, isSameBssidAndFreq true
07-10 01:35:38.936  5674  6055 D ConnectivityService: notifyType CALLBACK_CAP_CHANGED for [118 WIFI]
07-10 01:35:38.940  5674  6128 I SemWifiLinkQualityMonitor: Link Qos Query: 0.036 ms / 221.000 Mbps (234 / 0.000 / 1.059)
07-10 01:35:38.941  5674  6086 D SemWifiSwitchForIndividualAppsService: stopTCPMonitoring : already stopped
07-10 01:35:38.941  5674  6086 I WifiConnectivityMonitor.NCC: sNetworkCallback(oCC) FULL : 118(true/false)[ Transports: WIFI Capabilities: NOT_METERED&INTERNET&NOT_RESTRICTED&TRUSTED&NOT_VPN&VALIDATED&NOT_ROAMING&FOREGROUND&NOT_CONGESTED&NOT_SUSPENDED&NOT_VCN_MANAGED LinkUpBandwidth>=15762Kbps LinkDnBandwidth>=38308Kbps TransportInfo: <SSID: <unknown ssid>, BSSID: 02:00:00:**:**:00, MAC: 02:00:00:**:**:00, IP: /192.168.1.19, Security type: 2, Supplicant state: COMPLETED, Wi-Fi standard: 5, RSSI: -64, Link speed: 234Mbps, Tx Link speed: 234Mbps, Max Supported Tx Link speed: 433Mbps, Rx Link speed: 6Mbps, Max Supported Rx Link speed: 433Mbps, Frequency: 5180MHz, Net ID: -1, Metered hint: false, score: 60, isUsable: true, CarrierMerged: false, SubscriptionId: -1, IsPrimary: 1, Trusted: true, Restricted: false, Ephemeral: false, OEM paid: false, OEM private: false, OSU AP: false, FQDN: <none>, Provider friendly name: <none>, Requesting package name: <none><none>MLO Information: , AP MLD Address: <none>, AP MLO Link Id: <none>, AP MLO Affiliated links: <none>> SignalStrength: -64 AdminUids: [1000] SSID: "Talija" UnderlyingNetworks: Null]
07-10 01:35:38.942  5674  6164 I WifiConnectivityMonitor: current mode : 1
07-10 01:35:38.942  5674  6164 D OpenNetworkQos[4.00]: updateBssidNoInternet: mBssidNoInternet = false
07-10 01:35:38.943  5674  6164 D OpenNetworkQos[4.00]: getOpenNetworkQosNoInternetStatus: false
07-10 01:35:38.943  5674  6164 D OpenNetworkQos[4.00]: getOpenNetworkQosScores: 26 26 26
07-10 01:35:38.943  5674  6164 I WifiProfileShare: network QoS data was changed (internet), updateQoSData networkType: true, qosData: false
07-10 01:35:38.944  5674  7451 V WifiProfileShare.Caster: update wips network, size: 0
07-10 01:35:38.944  5674  7451 D WifiProfileShare: nearby scanning settings run
07-10 01:35:38.945  5674  7451 D WifiProfileShare: network score provider settings enabled
07-10 01:35:38.945  5674  7451 D OpenNetworkQos[4.00]: getOpenNetworkQosScores: 26 26 26
07-10 01:35:38.945  5674  7451 D OpenNetworkQos[4.00]: getOpenNetworkQosNoInternetStatus: false
07-10 01:35:38.945  5674  7451 I WifiProfileShare.Caster: current network type: 0, score: [26, 26, 26]
07-10 01:35:38.946  5674  7451 V WifiProfileShare.Cache: update network score 00:e4:06:**:**:90
07-10 01:35:38.946  5674  7451 D WifiProfileShare.ScanMatcher: getMcfDataList size:2
07-10 01:35:38.947  5674  7451 I WifiProfileShare.Caster: qos data was updated , before:type:QOS, pBssid:51:2e:90, qosData:7c after:type:QOS, pBssid:51:2e:90, qosData:7c
07-10 01:35:38.949  5674  7451 I [MCFSDK_android_1.2.4010]_4_b: isNetworkEnabled - type : 1 ret : true
07-10 01:35:38.949  5674  7451 D WifiProfileShare.McfCast: -ME--- mIsNetworkEnabled :true
07-10 01:35:38.950  5674  7451 D WifiProfileShare.McfCast: updateQoSData ignored, same contents
07-10 01:35:38.950  5674  7451 D WifiProfileShare.MCF: success update QosData !
07-10 01:35:38.951  5674  7451 I [MCFSDK_android_1.2.4010]_4_b: isNetworkEnabled - type : 1 ret : true
07-10 01:35:38.951  5674  7451 D WifiProfileShare.McfCast: -ME--- mIsNetworkEnabled :true
07-10 01:35:38.951  5674  7451 D WifiProfileShare.McfCast: -ME--- updatePasswordDate pwdData size:2
07-10 01:35:38.980  6461  6566 D NetworkController.WifiSignalController: notifyListener: visible=true, connected=true, inetCondition=1, isDefault=true, wifiTestReported=true, receivedInetCondition=-1, hideDuringMobileSwitching=false
07-10 01:35:38.995 16924 16963 I ChimeraSrvcProxy: NullBinder for android.net.action.RECOMMEND_NETWORKS triggering remote TransactionTooLargeException due to Service without Chimera impl
07-10 01:35:38.995 16924 16963 W .gms.persistent: Large reply transaction of 1056768 bytes, interface descriptor , code 1
07-10 01:35:39.345  9843 10427 I FuseDaemon: Threshold exceeded - fadvising 67108864
07-10 01:35:39.345  9843 10427 I FuseDaemon: Threshold now 0
07-10 01:35:40.253 15865 16587 W bt_stack: Unhandled vendor specific event of type 0x90
07-10 01:35:40.256 15865 16587 W bt_stack: Connection failed classic remote:xx:xx:xx:xx:b3:b1 reason:PAGE_TIMEOUT
07-10 01:35:40.266 15865 16649 W bt_l2cap: L2CAP - no CCB for L2CA_disc_req, CID: 118
07-10 01:35:40.272 15865 16679 E bt_btif_sock_rfcomm: find_rfc_slot_by_id unable to find RFCOMM slot id: 110
07-10 01:35:40.273 16924 18133 W WearableConn: Failed to connect, error: read failed, socket might closed or timeout, read ret: -1
07-10 01:35:40.274 16924 18133 D BluetoothSocket: close() this: android.bluetooth.BluetoothSocket@9811874, channel: -1, mSocketIS: android.net.LocalSocketImpl$SocketInputStream@f22f19d, mSocketOS: android.net.LocalSocketImpl$SocketOutputStream@3ece612, mSocket: android.net.LocalSocket@de3a1e3 impl:android.net.LocalSocketImpl@dd147e0 fd:java.io.FileDescriptor@d420a99, mSocketState: INIT
07-10 01:35:40.274 15865 16649 W btm_acl : Unable to find active acl
07-10 01:35:40.281 16924 18133 I WearableConn: Setting alarm for 256.0 seconds to retry connection
07-10 01:35:40.291 16924 18133 I AlarmManager: setExactAndAllowWhileIdle [name: WearableBluetooth type: 2 triggerAtMillis: 147493111]
07-10 01:35:40.322 15865 16182 D BluetoothUtils: getBtEnabledContainers(): btContainers = []
07-10 01:35:40.333 15865 16182 D BluetoothUtils: getBtEnabledContainers(): btContainers = []
07-10 01:35:40.340  6461  6566 V BluetoothEventManager: onReceive :: android.bluetooth.device.action.NAME_CHANGED
07-10 01:35:40.348  6461  6566 I BluetoothAdapter: STATE_ON
07-10 01:35:40.369  6461  6566 D CachedBluetoothDeviceManager: onDeviceNameUpdated :: skip same name update
07-10 01:35:40.370  6461  6566 V BluetoothEventManager: onReceive :: android.bluetooth.device.action.CLASS_CHANGED
07-10 01:35:40.376  6461  6566 V BluetoothEventManager: onReceive :: com.samsung.bluetooth.device.action.MANUFACTURER_CHANGED
07-10 01:35:41.085  9843 10427 I FuseDaemon: Threshold exceeded - fadvising 67108864
07-10 01:35:41.085  9843 10427 I FuseDaemon: Threshold now 0
07-10 01:35:41.102  5674  5886 I HqmInfo::HqmManagerService: MSG_TYPE:MSG_TYPE_PROCESS_LOG_BY_HQM
07-10 01:35:41.265 16924 28741 I HeterodyneSyncScheduler: (REDACTED) Scheduling adaptive one off task with window [%d, %d] in seconds
07-10 01:35:41.331 16924 16924 D BoundBrokerSvc: onBind: Intent { act=com.google.android.gms.phenotype.service.START dat=chimera-action:/... cmp=com.google.android.gms/.chimera.PersistentApiService }
07-10 01:35:41.331 16924 16924 D BoundBrokerSvc: Loading bound service for intent: Intent { act=com.google.android.gms.phenotype.service.START dat=chimera-action:/... cmp=com.google.android.gms/.chimera.PersistentApiService }
07-10 01:35:41.400  5674  5745 W libprocessgroup: Failed to open /dev/blkio//cgroup.procs: No such file or directory
07-10 01:35:41.415 16924 28938 I NamespaceManager: (REDACTED) Package %s name not found! Using module version.
07-10 01:35:41.416 16924 28938 I NamespaceManager: (REDACTED) Package %s name not found! Using module version.
07-10 01:35:41.420 16924 28938 I NamespaceManager: (REDACTED) Package %s name not found! Using module version.
07-10 01:35:41.422 16924 28938 I NamespaceManager: (REDACTED) Package %s name not found! Using module version.
07-10 01:35:41.425 16924 28938 I NamespaceManager: (REDACTED) Package %s name not found! Using module version.
07-10 01:35:41.425 16924 28938 I NamespaceManager: (REDACTED) Package %s name not found! Using module version.
07-10 01:35:41.426 16924 28938 I NamespaceManager: (REDACTED) Package %s name not found! Using module version.
07-10 01:35:41.426 16924 28938 I NamespaceManager: (REDACTED) Package %s name not found! Using module version.
07-10 01:35:41.427 16924 28938 I NamespaceManager: (REDACTED) Package %s name not found! Using module version.
07-10 01:35:41.427 16924 28938 I NamespaceManager: (REDACTED) Package %s name not found! Using module version.
07-10 01:35:41.432 16924 28938 I NamespaceManager: (REDACTED) Package %s name not found! Using module version.
07-10 01:35:41.434 16924 28938 I NamespaceManager: (REDACTED) Package %s name not found! Using module version.
07-10 01:35:41.435 16924 28938 I NamespaceManager: (REDACTED) Package %s name not found! Using module version.
07-10 01:35:41.436 16924 28938 I NamespaceManager: (REDACTED) Package %s name not found! Using module version.
07-10 01:35:41.436 16924 28938 I NamespaceManager: (REDACTED) Package %s name not found! Using module version.
07-10 01:35:41.438 16924 28938 I NamespaceManager: (REDACTED) Package %s name not found! Using module version.
07-10 01:35:41.454 16924 28941 I NamespaceManager: (REDACTED) Package %s name not found! Using module version.
07-10 01:35:41.455 16924 28941 I NamespaceManager: (REDACTED) Package %s name not found! Using module version.
07-10 01:35:41.455 16924 28941 I NamespaceManager: (REDACTED) Package %s name not found! Using module version.
07-10 01:35:41.456 16924 28941 I NamespaceManager: (REDACTED) Package %s name not found! Using module version.
07-10 01:35:41.456 16924 28941 I NamespaceManager: (REDACTED) Package %s name not found! Using module version.
07-10 01:35:41.456 16924 28941 I NamespaceManager: (REDACTED) Package %s name not found! Using module version.
07-10 01:35:41.457 16924 28941 I NamespaceManager: (REDACTED) Package %s name not found! Using module version.
07-10 01:35:41.457 16924 28941 I NamespaceManager: (REDACTED) Package %s name not found! Using module version.
07-10 01:35:41.458 16924 28941 I NamespaceManager: (REDACTED) Package %s name not found! Using module version.
07-10 01:35:41.458 16924 28941 I NamespaceManager: (REDACTED) Package %s name not found! Using module version.
07-10 01:35:41.459 16924 28941 I NamespaceManager: (REDACTED) Package %s name not found! Using module version.
07-10 01:35:41.460 16924 28941 I NamespaceManager: (REDACTED) Package %s name not found! Using module version.
07-10 01:35:41.460 16924 28941 I NamespaceManager: (REDACTED) Package %s name not found! Using module version.
07-10 01:35:41.462 16924 28941 I NamespaceManager: (REDACTED) Package %s name not found! Using module version.
07-10 01:35:41.463 16924 28941 I NamespaceManager: (REDACTED) Package %s name not found! Using module version.
07-10 01:35:41.463 16924 28941 I NamespaceManager: (REDACTED) Package %s name not found! Using module version.
07-10 01:35:41.524 16924 28741 I NetworkScheduler.Stats: (REDACTED) Task %s/%s finished executing. cause:%s result: %s elapsed_millis: %s uptime_millis: %s exec_start_elapsed_seconds: %s
07-10 01:35:41.978  5674  7726 D SemWifiUsabilityStatsMonitor: onWifiUsabilityStats - seqNum 22128, isSameBssidAndFreq true
07-10 01:35:41.985  5674  6128 I SemWifiLinkQualityMonitor: Link Qos Query: 0.057 ms / 140.400 Mbps (234 / 0.000 / 1.667)
07-10 01:35:42.139 16924 28942 I NamespaceManager: (REDACTED) Package %s name not found! Using module version.
07-10 01:35:42.142 16924 28942 I NamespaceManager: (REDACTED) Package %s name not found! Using module version.
07-10 01:35:42.145 16924 28942 I NamespaceManager: (REDACTED) Package %s name not found! Using module version.
07-10 01:35:42.147 16924 28942 I NamespaceManager: (REDACTED) Package %s name not found! Using module version.
07-10 01:35:42.150 16924 28942 I NamespaceManager: (REDACTED) Package %s name not found! Using module version.
07-10 01:35:42.152 16924 28942 I NamespaceManager: (REDACTED) Package %s name not found! Using module version.
07-10 01:35:42.154 16924 28942 I NamespaceManager: (REDACTED) Package %s name not found! Using module version.
07-10 01:35:42.156 16924 28942 I NamespaceManager: (REDACTED) Package %s name not found! Using module version.
07-10 01:35:42.158 16924 28942 I NamespaceManager: (REDACTED) Package %s name not found! Using module version.
07-10 01:35:42.159 16924 28942 I NamespaceManager: (REDACTED) Package %s name not found! Using module version.
07-10 01:35:42.165 16924 28942 I NamespaceManager: (REDACTED) Package %s name not found! Using module version.
07-10 01:35:42.166 16924 28942 I NamespaceManager: (REDACTED) Package %s name not found! Using module version.
07-10 01:35:42.167 16924 28942 I NamespaceManager: (REDACTED) Package %s name not found! Using module version.
07-10 01:35:42.168 16924 28942 I NamespaceManager: (REDACTED) Package %s name not found! Using module version.
07-10 01:35:42.169 16924 28942 I NamespaceManager: (REDACTED) Package %s name not found! Using module version.
07-10 01:35:42.170 16924 28942 I NamespaceManager: (REDACTED) Package %s name not found! Using module version.
07-10 01:35:42.190 16924 28942 W PhenotypeConfigurationU: Update for unknown DeviceConfig package com.google.android.westworld [CONTEXT service_id=204 ]
07-10 01:35:42.190 16924 28942 W PhenotypeConfigurationU: bxvy: No package exists for config package: com.google.android.westworld
07-10 01:35:42.190 16924 28942 W PhenotypeConfigurationU: 	at com.google.android.gms.platformconfigurator.PhenotypeConfigurationUpdateListener.b(:com.google.android.gms@232414044@23.24.14 (190400-544099984):6)
07-10 01:35:42.190 16924 28942 W PhenotypeConfigurationU: 	at com.google.android.gms.platformconfigurator.PhenotypeConfigurationUpdateListener.a(:com.google.android.gms@232414044@23.24.14 (190400-544099984):4)
07-10 01:35:42.190 16924 28942 W PhenotypeConfigurationU: 	at com.google.android.gms.platformconfigurator.PhenotypeConfigurationUpdateListener.onHandleIntent(:com.google.android.gms@232414044@23.24.14 (190400-544099984):21)
07-10 01:35:42.190 16924 28942 W PhenotypeConfigurationU: 	at com.google.android.chimera.IntentOperation.onHandleIntent(:com.google.android.gms@232414044@23.24.14 (190400-544099984):2)
07-10 01:35:42.190 16924 28942 W PhenotypeConfigurationU: 	at zqa.onHandleIntent(:com.google.android.gms@232414044@23.24.14 (190400-544099984):4)
07-10 01:35:42.190 16924 28942 W PhenotypeConfigurationU: 	at hmg.run(:com.google.android.gms@232414044@23.24.14 (190400-544099984):3)
07-10 01:35:42.190 16924 28942 W PhenotypeConfigurationU: 	at hmf.run(:com.google.android.gms@232414044@23.24.14 (190400-544099984):11)
07-10 01:35:42.190 16924 28942 W PhenotypeConfigurationU: 	at dhfe.run(:com.google.android.gms@232414044@23.24.14 (190400-544099984):2)
07-10 01:35:42.190 16924 28942 W PhenotypeConfigurationU: 	at java.util.concurrent.ThreadPoolExecutor.runWorker(ThreadPoolExecutor.java:1137)
07-10 01:35:42.190 16924 28942 W PhenotypeConfigurationU: 	at java.util.concurrent.ThreadPoolExecutor$Worker.run(ThreadPoolExecutor.java:637)
07-10 01:35:42.190 16924 28942 W PhenotypeConfigurationU: 	at java.lang.Thread.run(Thread.java:1012)
07-10 01:35:42.221 16924 16924 D BoundBrokerSvc: onBind: Intent { act=com.google.android.gms.udc.service.START dat=chimera-action:/... cmp=com.google.android.gms/.chimera.PersistentApiService }
07-10 01:35:42.222 16924 16924 D BoundBrokerSvc: Loading bound service for intent: Intent { act=com.google.android.gms.udc.service.START dat=chimera-action:/... cmp=com.google.android.gms/.chimera.PersistentApiService }
07-10 01:35:42.269 31135 31148 I hbox:interactor: Background young concurrent copying GC freed 72767(6206KB) AllocSpace objects, 0(0B) LOS objects, 41% free, 8689KB/14MB, paused 526us,102us total 199.676ms
07-10 01:35:42.352 16924 16948 I .gms.persistent: Background young concurrent copying GC freed 423087(15MB) AllocSpace objects, 14(1472KB) LOS objects, 37% free, 26MB/41MB, paused 1.003ms,203us total 247.160ms
07-10 01:35:42.398 16924 16952 D BluetoothSocket: close() this: android.bluetooth.BluetoothSocket@9811874, channel: -1, mSocketIS: android.net.LocalSocketImpl$SocketInputStream@f22f19d, mSocketOS: android.net.LocalSocketImpl$SocketOutputStream@3ece612, mSocket: null, mSocketState: CLOSED
07-10 01:35:42.687  5674  5690 I system_server: Background concurrent copying GC freed 563925(25MB) AllocSpace objects, 31(1136KB) LOS objects, 18% free, 102MB/126MB, paused 642us,1.794ms total 692.973ms
07-10 01:35:42.697  5674  5692 W System  : A resource failed to call close.
07-10 01:35:42.846  5487  5978 D installd: Device /data has 2191958016 free; requested 3221225472; needed 1029267456
07-10 01:35:42.889  9843 10427 I FuseDaemon: Threshold exceeded - fadvising 67108864
07-10 01:35:42.889  9843 10427 I FuseDaemon: Threshold now 0
07-10 01:35:43.244 11611 11645 D Benchmark: timeNs[ 0:10]: 24509952 24642240 24515038 24532605 24553019 24549961 24554029 24537769 24546298 24509115
07-10 01:35:43.244 11611 11645 D Benchmark: timeNs[10:20]: 24535326 24505913 24583855 24502009 24515615 24490932 24443567 24553442 24509644 24580355
07-10 01:35:43.244 11611 11645 D Benchmark: timeNs[20:30]: 24524817 24559173 24521442 24580798 24497567 24501826 24526528 24496673 24609577 24538884
07-10 01:35:43.244 11611 11645 D Benchmark: timeNs[30:40]: 24561086 24547461 24552759 24524413 24599557 24533144 24521529 24606663 24603182 24667259
07-10 01:35:43.245 11611 11645 D Benchmark: timeNs[40:50]: 24705461 24624826 24645201 24554336 24554211 24522942 24804884 24692500 24682538 24564519
07-10 01:35:43.342  5487  5978 W installd: Failed to resolve inode 1263408; using /data/user_de/0/com.samsung.accessibility/cache
07-10 01:35:43.445  5487  5978 D installd: Purging /mnt/pass_through/0/emulated/0/Android/data/org.jetbrains.android_benchmark.test/cache/Wolf3dBenchmark_valueOnlyBodiesFloat_2023-07-09-23-30-20.perfetto-trace size=409710592 mod=1688945420 from UID=10498 used=1170272256 quota=3512199 ratio=3332021
07-10 01:35:43.600  5487  5978 D installd: Purging /mnt/pass_through/0/emulated/0/Android/data/org.jetbrains.android_benchmark.test/cache/Wolf3dBenchmark_mutableSpecificRefDouble_2023-07-09-23-30-45.perfetto-trace size=10149888 mod=1688945446 from UID=10498 used=760561664 quota=3512199 ratio=2165485
07-10 01:35:43.605  5487  5978 D installd: Purging /mnt/pass_through/0/emulated/0/Android/data/org.jetbrains.android_benchmark.test/cache/Wolf3dBenchmark_baselineFloat_2023-07-09-23-31-47.perfetto-trace size=197812224 mod=1688945507 from UID=10498 used=750411776 quota=3512199 ratio=2136586
07-10 01:35:43.610  5674  6042 W system_server: Long monitor contention with owner android.bg (5739) at android.net.NetworkStatsCollection android.net.connectivity.com.android.server.net.NetworkStatsService$1.getUidComplete()(SourceFile:-1) waiters=0 in android.net.NetworkStatsHistory android.net.connectivity.com.android.server.net.NetworkStatsService.internalGetHistoryForNetwork(android.net.NetworkTemplate, int, int, int, int, long, long) for 552ms
07-10 01:35:43.681  5487  5978 D installd: Purging /mnt/pass_through/0/emulated/0/Android/data/org.jetbrains.android_benchmark.test/cache/Wolf3dBenchmark_longPackFloat_2023-07-09-23-32-06.perfetto-trace size=7565312 mod=1688945526 from UID=10498 used=552599552 quota=3512199 ratio=1573371
07-10 01:35:43.684  5487  5978 D installd: Purging /mnt/pass_through/0/emulated/0/Android/data/org.jetbrains.android_benchmark.test/cache/Wolf3dBenchmark_valueOnlyBodiesDouble_2023-07-09-23-35-05.perfetto-trace size=544845824 mod=1688945705 from UID=10498 used=545034240 quota=3512199 ratio=1551831
07-10 01:35:43.764 11611 11645 D Benchmark: allocationCount[ 0:10]: 0 0 0 0 0
07-10 01:35:43.765 11611 11645 D Benchmark: Set 11645 (Bench thread) to priority -8. Was -20, now -8
07-10 01:35:43.765 11611 11645 D Benchmark: Set 11624 (Jit) to priority 9. Was -15, now 9
07-10 01:35:43.765 11611 11645 D Benchmark: Warmup: t=8.012, iter=322, fastAvg=24550498, slowAvg=42769176
07-10 01:35:43.766 11611 11645 I PerfettoCapture: Stopping perfetto.
07-10 01:35:43.805 28897 28897 I perfetto:    perfetto_cmd.cc:1168 SIGINT/SIGTERM received: disabling tracing.
07-10 01:35:43.806 11611 11645 D Benchmark: kill -TERM command output -
07-10 01:35:43.815  5674  5690 I system_server: Background young concurrent copying GC freed 112701(17MB) AllocSpace objects, 0(0B) LOS objects, 13% free, 109MB/126MB, paused 487us,836us total 122.424ms
07-10 01:35:43.816  5674  5692 W System  : A resource failed to call close.
07-10 01:35:43.823  5424  5424 I perfetto:  probes_producer.cc:396 Producer stop (id=1333)
07-10 01:35:43.826  5424  5424 I perfetto:    ftrace_procfs.cc:342 disabled ftrace in /sys/kernel/tracing/
07-10 01:35:43.858  5674  6042 W system_server: Long monitor contention with owner android.bg (5739) at android.net.NetworkStatsCollection android.net.connectivity.com.android.server.net.NetworkStatsService$1.getUidTagComplete()(SourceFile:-1) waiters=0 in android.net.NetworkStatsHistory android.net.connectivity.com.android.server.net.NetworkStatsService.internalGetHistoryForNetwork(android.net.NetworkTemplate, int, int, int, int, long, long) for 223ms
07-10 01:35:43.883  5674  6042 D ApplicationPolicy: isStatusBarNotificationAllowedAsUser: packageName = android,userId = 0
07-10 01:35:43.886  5674  6042 D ApplicationPolicy: isStatusBarNotificationAllowedAsUser: packageName = android,userId = -1
07-10 01:35:43.886  5674  6042 D ApplicationPolicy: isStatusBarNotificationAllowedAsUser: converting userId from USER_ALLto 0
07-10 01:35:43.903  6429  7189 D PhoneInterfaceManager: setDataEnabledForReason() Reason=1 Pid=5674 App=system
07-10 01:35:43.913  6429  7189 D PhoneInterfaceManager: setDataEnabledForReason() Reason=1 Pid=5674 App=system
07-10 01:35:43.926  4380  4380 I hwservicemanager: getTransport: Cannot find entry android.hardware.atrace@1.0::IAtraceDevice/default in either framework or device VINTF manifest.
07-10 01:35:43.935  5424  5424 I perfetto:  probes_producer.cc:396 Producer stop (id=1334)
07-10 01:35:43.936  5424  5424 I perfetto:  probes_producer.cc:396 Producer stop (id=1335)
07-10 01:35:43.992 28897 28897 I perfetto:    perfetto_cmd.cc:1124 Trace written into the output file
07-10 01:35:44.000  5436  5436 I perfetto: ng_service_impl.cc:2426 Tracing session 334 ended, total sessions:0
07-10 01:35:44.116  5674  5690 I system_server: Background young concurrent copying GC freed 57672(16MB) AllocSpace objects, 0(0B) LOS objects, 10% free, 112MB/126MB, paused 543us,784us total 117.218ms
07-10 01:35:44.194 29666 29666 I Launcher.NotificationListener: onNotificationPosted : android number : 0
07-10 01:35:44.196  6427  6427 I FreeformContainer: [SmartPopupViewService] onNotificationPosted: StatusBarNotification(pkg=android user=UserHandle{-1} id=34 tag=NetworkPolicy:-720536602:34 key=-1|android|34|NetworkPolicy:-720536602:34|1000: Notification(channel=NETWORK_ALERTS shortcut=null contentView=null vibrate=null sound=null tick defaults=0x0 flags=0x8 color=0xff888fa2 vis=PRIVATE semFlags=0x0 semPriority=0 semMissedCount=0))
07-10 01:35:44.199  6461  6461 D BubblesManager: onEntryUpdated : shouldBubbleUp=false ,key=-1|android|34|NetworkPolicy:-720536602:34|1000
07-10 01:35:44.199 32306   557 I NotificationPipeline: Processing new notification: -1|android|34|NetworkPolicy:-720536602:34|1000
07-10 01:35:44.208 32306   557 W Notification4Heart_NB: Watch.isEnabled-not found packageName : [-1] android
07-10 01:35:44.210 32306   557 W Notification4Heart_NB: NotificationBridgeCallback.onNotificationPosted-block : [-1] android
07-10 01:35:44.222 32306   569 W Notification4Heart_NB: NotificationHistoryInterface.flushHistoryMap-Flush. map size : 1
07-10 01:35:44.265 32326  1191 I Notification4Heart_AM: NotificationHistoryModel.updateHistories-last: {userId: 0, packageName: android, timestamp: 1688945744211, pendingReason: , receivedWatchNodeId: , count: 1}
07-10 01:35:44.283  6461  6461 I FaceWidgetPositionAlgorithm: getClockContainerHeight() supplier = 270, bottom margin = 0, real height = 333
07-10 01:35:44.292  6461  6461 I FaceWidgetPositionAlgorithm: getClockContainerHeight() supplier = 270, bottom margin = 63, real height = 333
07-10 01:35:44.292  6461  6461 I FaceWidgetPositionAlgorithm: getMediaContainerHeight() height = 0 container Visibility = 8, isValid = false, mIsDozing = false, fraction = 1.0, source = 0, target = 0
07-10 01:35:44.292  6461  6461 I FaceWidgetPositionAlgorithm: getMediaContainerHeight() supplier = 0
07-10 01:35:44.369  6461  6461 D PluginAODManager: onNotificationInfoUpdated() 0
07-10 01:35:44.369  6461  6461 I AODNotificationManager: updateVisibleNotifications: 0
07-10 01:35:44.370  6461  6461 I a       : updateStatusBarNotifications: open
07-10 01:35:44.370  6461  6461 I a       : updateStatusBarNotifications: open
07-10 01:35:44.426 11611 11645 D Benchmark: Waiting 500 ms for [ProcessPid(processName=perfetto, pid=28897)] to die
07-10 01:35:44.454  5262  5262 E audit   : type=1400 audit(1688945744.449:70094): avc:  denied  { getattr } for  pid=5674 comm="BinderProcsColl" path="/sys/kernel/debug/binder/proc/5674" dev="debugfs" ino=32119 scontext=u:r:system_server:s0 tcontext=u:object_r:sec_debugfs:s0 tclass=file permissive=0 SEPF_SM-A515F_13_0001 audit_filtered
07-10 01:35:44.456  5262  5262 E audit   : type=1300 audit(1688945744.449:70094): arch=c00000b7 syscall=79 success=no exit=-13 a0=ffffff9c a1=7ac205bb10 a2=79df9bd680 a3=0 items=0 ppid=5287 pid=5674 auid=4294967295 uid=1000 gid=1000 euid=1000 suid=1000 fsuid=1000 egid=1000 sgid=1000 fsgid=1000 tty=(none) ses=4294967295 comm="BinderProcsColl" exe="/system/bin/app_process64" subj=u:r:system_server:s0 key=(null)
07-10 01:35:44.457  5262  5262 E audit   : type=1327 audit(1688945744.449:70094): proctitle="system_server"
