07-10 01:31:00.340  6461  6461 V QsExpandAnimator: setQsExpansionPosition 0.0
07-10 01:31:00.385  6461  6461 D KeyguardUpdateMonitor: handleTimeUpdate
07-10 01:31:00.390  6461  6461 D FaceWidgetPagesController: onTimeChanged()
07-10 01:31:00.394  6461  6461 V QsExpandAnimator: updateAnimators
07-10 01:31:00.394  6461  6461 V QsExpandAnimator: clearAnimationState
07-10 01:31:00.395  6461  6461 V QsExpandAnimator: updateViews
07-10 01:31:00.403  6461  6461 V QsExpandAnimator: updateTileAnimator
07-10 01:31:00.409  6461  6461 V QsExpandAnimator: updateHeaderAnimator
07-10 01:31:00.409  6461  6461 V QsExpandAnimator: updateBarAnimator
07-10 01:31:00.410  6461  6461 V QsExpandAnimator: setQsExpansionPosition 0.0
07-10 01:31:00.410  6461  6461 V QsExpandAnimator: onAnimationAtStart
07-10 01:31:00.763  9843  9879 I FuseDaemon: Background young concurrent copying GC freed 77117(5587KB) AllocSpace objects, 0(0B) LOS objects, 55% free, 4515KB/10206KB, paused 847us,194us total 108.059ms
07-10 01:31:00.768 25837 27690 W libc    : Access denied finding property "sys.perf.boostopt"
07-10 01:31:00.770  5262  5262 E audit   : type=1400 audit(1688945460.765:70079): avc:  denied  { read } for  pid=25837 comm="binder:25837_9" name="u:object_r:perf_prop:s0" dev="tmpfs" ino=10663 scontext=u:r:untrusted_app:s0:c252,c256,c512,c768 tcontext=u:object_r:perf_prop:s0 tclass=file permissive=0 SEPF_SM-A515F_13_0001 audit_filtered
07-10 01:31:00.770  5262  5262 E audit   : type=1300 audit(1688945460.765:70079): arch=c00000b7 syscall=56 success=no exit=-13 a0=ffffff9c a1=7b89c7b2f8 a2=88000 a3=0 items=0 ppid=5287 pid=25837 auid=4294967295 uid=10252 gid=10252 euid=10252 suid=10252 fsuid=10252 egid=10252 sgid=10252 fsgid=10252 tty=(none) ses=4294967295 comm="binder:25837_9" exe="/system/bin/app_process64" subj=u:r:untrusted_app:s0:c252,c256,c512,c768 key=(null)
07-10 01:31:00.770  5262  5262 E audit   : type=1327 audit(1688945460.765:70079): proctitle="com.google.android.apps.photos"
07-10 01:31:00.783 25837 25861 W libc    : Access denied finding property "sys.perf.boostopt"
07-10 01:31:00.785  5262  5262 E audit   : type=1400 audit(1688945460.781:70080): avc:  denied  { read } for  pid=25837 comm="binder:25837_1" name="u:object_r:perf_prop:s0" dev="tmpfs" ino=10663 scontext=u:r:untrusted_app:s0:c252,c256,c512,c768 tcontext=u:object_r:perf_prop:s0 tclass=file permissive=0 SEPF_SM-A515F_13_0001 audit_filtered
07-10 01:31:01.799  5674  7726 D SemWifiUsabilityStatsMonitor: onWifiUsabilityStats - seqNum 22036, isSameBssidAndFreq true
07-10 01:31:01.802  5674  6128 I SemWifiLinkQualityMonitor: Link Qos Query: 0.034 ms / 238.333 Mbps (390 / 0.000 / 1.636)
07-10 01:31:02.443  5325  5325 E sehhealth-service: Could not open /sys/class/power_supply/battery/lrp
07-10 01:31:02.628  5674  6164 D WifiConnectivityMonitor: Stop WCM Poll. cnt : 9
07-10 01:31:04.052 16924 16924 D BoundBrokerSvc: onUnbind: Intent { act=com.google.android.gms.udc.service.START dat=chimera-action:/... cmp=com.google.android.gms/.chimera.PersistentApiService }
07-10 01:31:04.843  5674  7726 D SemWifiUsabilityStatsMonitor: onWifiUsabilityStats - seqNum 22037, isSameBssidAndFreq true
07-10 01:31:04.846  5674  6128 I SemWifiLinkQualityMonitor: Link Qos Query: 0.037 ms / 216.500 Mbps (433 / 0.000 / 2.000)
07-10 01:31:04.847  6461  6461 D NetworkController.WifiSignalController: notifyListener: visible=true, connected=true, inetCondition=1, isDefault=true, wifiTestReported=true, receivedInetCondition=-1, hideDuringMobileSwitching=false
07-10 01:31:07.896  5674  7726 D SemWifiUsabilityStatsMonitor: onWifiUsabilityStats - seqNum 22038, isSameBssidAndFreq true
07-10 01:31:07.898  5674  6128 I SemWifiLinkQualityMonitor: Link Qos Query: 0.041 ms / 195.000 Mbps (390 / 0.000 / 2.000)
07-10 01:31:07.932  5674  6593 D PackageManager: setEnabledSetting : userId = 0 packageName = com.Slack cmp = androidx.work.impl.background.systemalarm.RescheduleReceiver newState = 1 callingPackage = 10329/com.Slack
07-10 01:31:07.933  5674  6593 D ApplicationPolicy: getApplicationStateEnabled : pkg = com.Slack userId : 0
07-10 01:31:07.936  5674  6593 D ApplicationPolicy: getApplicationComponentState : pkg = com.Slack userId : 0
07-10 01:31:07.955  5353  6075 V APM_AudioPolicyManager: setAppState(portId:1005, state:1)
07-10 01:31:07.956  5674  5745 W libprocessgroup: Failed to open /dev/blkio//cgroup.procs: No such file or directory
07-10 01:31:07.973 25156 25231 D ConnectivityManager: StackLog: [android.net.ConnectivityManager.sendRequestForNetwork(ConnectivityManager.java:4300)] [android.net.ConnectivityManager.registerDefaultNetworkCallbackForUid(ConnectivityManager.java:4864)] [android.net.ConnectivityManager.registerDefaultNetworkCallback(ConnectivityManager.java:4831)] [android.net.ConnectivityManager.registerDefaultNetworkCallback(ConnectivityManager.java:4805)] [androidx.work.impl.utils.NetworkApi24.registerDefaultNetworkCallbackCompat(Unknown Source:11)] [androidx.work.impl.constraints.trackers.NetworkStateTracker24.startTracking(Unknown Source:15)] [androidx.work.impl.constraints.controllers.ConstraintController.replace(Unknown Source:130)] [androidx.work.impl.constraints.WorkConstraintsTrackerImpl.replace(Unknown Source:41)] [androidx.work.impl.background.greedy.GreedyScheduler.schedule(Unknown Source:302)] [androidx.work.impl.Schedulers.schedule(Unknown Source:155)] [androidx.work.impl.utils.EnqueueRunnable.run(Unknown Source:53)] [androidx.work.Worker$2.run$androidx$work$impl$utils$SerialExecutorImpl$Task(Unknown Source:4)] [androidx.work.Worker$2.run(Unknown Source:868)] [java.util.concurrent.ThreadPoolExecutor.runWorker(ThreadPoolExecutor.java:1137)] [java.util.concurrent.ThreadPoolExecutor$Worker.run(ThreadPoolExecutor.java:637)] [java.lang.Thread.run(Thread.java:1012)]
07-10 01:31:07.976  5674  9851 D ConnectivityService: requestNetwork for uid/pid:10329/25156 activeRequest: null callbackRequest: 16751 [NetworkRequest [ REQUEST id=16752, [ Capabilities: INTERNET&NOT_RESTRICTED&TRUSTED&NOT_VCN_MANAGED Uid: 10329 RequestorUid: 10329 RequestorPkg: com.Slack UnderlyingNetworks: Null] ]] callback flags: 0 order: 2147483647
07-10 01:31:07.978  5674  6055 D ConnectivityService:    accepting network in place of null
07-10 01:31:07.985  5674  6045 D WifiNetworkFactory: got request NetworkRequest [ REQUEST id=16752, [ Capabilities: INTERNET&NOT_RESTRICTED&TRUSTED&NOT_VCN_MANAGED Uid: 10329 RequestorUid: 10329 RequestorPkg: com.Slack UnderlyingNetworks: Null] ]
07-10 01:31:07.985  5674  6045 D UntrustedWifiNetworkFactory: got request NetworkRequest [ REQUEST id=16752, [ Capabilities: INTERNET&NOT_RESTRICTED&TRUSTED&NOT_VCN_MANAGED Uid: 10329 RequestorUid: 10329 RequestorPkg: com.Slack UnderlyingNetworks: Null] ]
07-10 01:31:07.987  5674  6045 D OemPaidWifiNetworkFactory: got request NetworkRequest [ REQUEST id=16752, [ Capabilities: INTERNET&NOT_RESTRICTED&TRUSTED&NOT_VCN_MANAGED Uid: 10329 RequestorUid: 10329 RequestorPkg: com.Slack UnderlyingNetworks: Null] ]
07-10 01:31:07.989  5674  6045 D MultiInternetWifiNetworkFactory: got request NetworkRequest [ REQUEST id=16752, [ Capabilities: INTERNET&NOT_RESTRICTED&TRUSTED&NOT_VCN_MANAGED Uid: 10329 RequestorUid: 10329 RequestorPkg: com.Slack UnderlyingNetworks: Null] ]
07-10 01:31:07.996  5674  6055 D ConnectivityService: Rematched networks [computed 1ms] [applied 2ms] [issued 16]
07-10 01:31:07.996  5674  6055 D ConnectivityService: NetworkReassignment :
07-10 01:31:07.996  5674  6055 D ConnectivityService:   16752 : null  118
07-10 01:31:07.999 25156 25156 D ConnectivityManager: StackLog: [android.net.ConnectivityManager.unregisterNetworkCallback(ConnectivityManager.java:4972)] [androidx.work.impl.utils.NetworkApi21.unregisterNetworkCallbackCompat(Unknown Source:11)] [androidx.work.impl.constraints.trackers.NetworkStateTracker24.stopTracking(Unknown Source:15)] [androidx.work.impl.constraints.trackers.ConstraintTracker.removeListener(Unknown Source:24)] [androidx.work.impl.constraints.controllers.ConstraintController.replace(Unknown Source:81)] [androidx.work.impl.constraints.WorkConstraintsTrackerImpl.replace(Unknown Source:41)] [androidx.work.impl.background.greedy.GreedyScheduler.onExecuted(Unknown Source:55)] [androidx.work.impl.Processor.onExecuted(Unknown Source:59)] [com.bugsnag.android.DeliveryDelegate$1.run(Unknown Source:212)]
07-10 01:31:08.000  5674  6055 D ConnectivityService:  Removing from current network [118 WIFI], leaving 158 requests.
07-10 01:31:08.016  5353  6075 V APM_AudioPolicyManager: setAppState(portId:1005, state:1)
07-10 01:31:08.024  5353  6075 V APM_AudioPolicyManager: setAppState(portId:1005, state:1)
07-10 01:31:09.582 31135 31148 I hbox:interactor: Background young concurrent copying GC freed 82993(7127KB) AllocSpace objects, 0(0B) LOS objects, 47% free, 7819KB/14MB, paused 601us,99us total 173.796ms
07-10 01:31:10.826 16924 18133 I WearableConn: Connecting to "Galaxy Watch5 Pro (MJNP)"
07-10 01:31:10.832 16924 18133 I BluetoothSocket: connect() for device 645DF4_1 called by pid: 16924
07-10 01:31:10.899 15865 16587 W btm_acl : Unable to find active acl
07-10 01:31:10.910 15865 16587 W bt_stack: xx:xx:xx:xx:b3:b1 EnqueueCommand (classic_link)
07-10 01:31:10.929  5674  7726 D SemWifiUsabilityStatsMonitor: onWifiUsabilityStats - seqNum 22039, isSameBssidAndFreq true
07-10 01:31:10.932  5674  6128 I SemWifiLinkQualityMonitor: Link Qos Query: 0.041 ms / 195.000 Mbps (390 / 0.000 / 2.000)
07-10 01:31:10.932  6461  6461 D NetworkController.WifiSignalController: notifyListener: visible=true, connected=true, inetCondition=1, isDefault=true, wifiTestReported=true, receivedInetCondition=-1, hideDuringMobileSwitching=false
07-10 01:31:11.809 16924 23246 E WakeLock: WearableBluetooth ** IS FORCE-RELEASED ON TIMEOUT **
07-10 01:31:13.572  5262  5262 E audit   : type=1400 audit(1688945473.569:70081): avc:  denied  { getattr } for  pid=5674 comm="BinderProcsColl" path="/sys/kernel/debug/binder/proc/5674" dev="debugfs" ino=32119 scontext=u:r:system_server:s0 tcontext=u:object_r:sec_debugfs:s0 tclass=file permissive=0 SEPF_SM-A515F_13_0001 audit_filtered
07-10 01:31:13.572  5262  5262 E audit   : type=1300 audit(1688945473.569:70081): arch=c00000b7 syscall=79 success=no exit=-13 a0=ffffff9c a1=7ad2464cb0 a2=79df9bd680 a3=0 items=0 ppid=5287 pid=5674 auid=4294967295 uid=1000 gid=1000 euid=1000 suid=1000 fsuid=1000 egid=1000 sgid=1000 fsgid=1000 tty=(none) ses=4294967295 comm="BinderProcsColl" exe="/system/bin/app_process64" subj=u:r:system_server:s0 key=(null)
07-10 01:31:13.572  5262  5262 E audit   : type=1327 audit(1688945473.569:70081): proctitle="system_server"
07-10 01:31:13.958  5674  7726 D SemWifiUsabilityStatsMonitor: onWifiUsabilityStats - seqNum 22040, isSameBssidAndFreq true
07-10 01:31:13.961  5674  6128 I SemWifiLinkQualityMonitor: Link Qos Query: 0.018 ms / 433.000 Mbps (433 / 0.000 / 1.000)
07-10 01:31:13.961  6461  6461 D NetworkController.WifiSignalController: notifyListener: visible=true, connected=true, inetCondition=1, isDefault=true, wifiTestReported=true, receivedInetCondition=-1, hideDuringMobileSwitching=false
07-10 01:31:16.998  5674  7726 D SemWifiUsabilityStatsMonitor: onWifiUsabilityStats - seqNum 22041, isSameBssidAndFreq true
07-10 01:31:17.000  5674  6128 I SemWifiLinkQualityMonitor: Link Qos Query: 0.267 ms / 30.000 Mbps (390 / 0.000 / 13.000)
07-10 01:31:17.355 15865 16587 W bt_stack: Unhandled vendor specific event of type 0x90
07-10 01:31:17.360 15865 16587 W bt_stack: Connection failed classic remote:xx:xx:xx:xx:b3:b1 reason:PAGE_TIMEOUT
07-10 01:31:17.376 15865 16649 W bt_l2cap: L2CAP - no CCB for L2CA_disc_req, CID: 117
07-10 01:31:17.381 15865 16679 E bt_btif_sock_rfcomm: find_rfc_slot_by_id unable to find RFCOMM slot id: 109
07-10 01:31:17.384 15865 16649 W btm_acl : Unable to find active acl
07-10 01:31:17.384 16924 18133 W WearableConn: Failed to connect, error: read failed, socket might closed or timeout, read ret: -1
07-10 01:31:17.386 16924 18133 D BluetoothSocket: close() this: android.bluetooth.BluetoothSocket@d652206, channel: -1, mSocketIS: android.net.LocalSocketImpl$SocketInputStream@b1180c7, mSocketOS: android.net.LocalSocketImpl$SocketOutputStream@c9aa6f4, mSocket: android.net.LocalSocket@16f9e1d impl:android.net.LocalSocketImpl@6215892 fd:java.io.FileDescriptor@81b6263, mSocketState: INIT
07-10 01:31:17.394 16924 18133 I WearableConn: Setting alarm for 256.0 seconds to retry connection
07-10 01:31:17.400 16924 18133 I AlarmManager: setExactAndAllowWhileIdle [name: WearableBluetooth type: 2 triggerAtMillis: 147230226]
07-10 01:31:17.434 15865 16182 D BluetoothUtils: getBtEnabledContainers(): btContainers = []
07-10 01:31:17.444  6461  6566 V BluetoothEventManager: onReceive :: android.bluetooth.device.action.NAME_CHANGED
07-10 01:31:17.448 15865 16182 D BluetoothUtils: getBtEnabledContainers(): btContainers = []
07-10 01:31:17.462  6461  6566 I BluetoothAdapter: STATE_ON
07-10 01:31:17.478  6461  6566 D CachedBluetoothDeviceManager: onDeviceNameUpdated :: skip same name update
07-10 01:31:17.479  6461  6566 V BluetoothEventManager: onReceive :: android.bluetooth.device.action.CLASS_CHANGED
07-10 01:31:17.484  6461  6566 V BluetoothEventManager: onReceive :: com.samsung.bluetooth.device.action.MANUFACTURER_CHANGED
07-10 01:31:18.214  5674  5886 I HqmInfo::HqmManagerService: MSG_TYPE:MSG_TYPE_PROCESS_LOG_BY_HQM
07-10 01:31:20.049  5674  7726 D SemWifiUsabilityStatsMonitor: onWifiUsabilityStats - seqNum 22042, isSameBssidAndFreq true
07-10 01:31:20.120  5674  6128 I SemWifiLinkQualityMonitor: Link Qos Query: 0.277 ms / 28.867 Mbps (433 / 0.000 / 15.000)
07-10 01:31:23.151  5674  7726 D SemWifiUsabilityStatsMonitor: onWifiUsabilityStats - seqNum 22043, isSameBssidAndFreq true
07-10 01:31:23.153  5674  6128 I SemWifiLinkQualityMonitor: Link Qos Query: 0.018 ms / 433.000 Mbps (433 / 0.000 / 1.000)
07-10 01:31:26.197  5674  7726 D SemWifiUsabilityStatsMonitor: onWifiUsabilityStats - seqNum 22044, isSameBssidAndFreq true
07-10 01:31:26.199  5674  6128 I SemWifiLinkQualityMonitor: Link Qos Query: 0.018 ms / 433.000 Mbps (433 / 0.000 / 1.000)
07-10 01:31:26.200  6461  6461 D NetworkController.WifiSignalController: notifyListener: visible=true, connected=true, inetCondition=1, isDefault=true, wifiTestReported=true, receivedInetCondition=-1, hideDuringMobileSwitching=false
07-10 01:31:26.990 31135 32652 I native  : I0000 00:00:1688945486.989747   32652 soda_async_impl.cc:1540] Current audio timestamp: 1688945486620242
07-10 01:31:27.136  5362  5362 I SurfaceFlinger: SFWD update time=135736506210490
07-10 01:31:28.690 31135 31452 I A       : (REDACTED) #onAudioData: %s bytes, getAudioReadSize %s
07-10 01:31:28.743  5674 28351 D TrafficStats: tagSocket(969) with statsTag=0xffffffff, statsUid=-1
07-10 01:31:28.953  5674 28351 D WifiConnectivityMonitor.DnsThread:  [|212]
07-10 01:31:28.955  5674  6182 D WifiConnectivityMonitor.NetworkStatsAnalyzer: DNS resultType : 0, responseTime : 212
07-10 01:31:28.955  5674  6164 D OpenNetworkQos[4.00]: updateBssidLatestDnsResultType - result: 0
07-10 01:31:28.955  5674  6164 D OpenNetworkQos[4.00]: updateBssidNoInternet: mBssidNoInternet = false
07-10 01:31:28.955  5674  6164 D OpenNetworkQos[4.00]: getOpenNetworkQosNoInternetStatus: false
07-10 01:31:28.955  5674  6164 D OpenNetworkQos[4.00]: getOpenNetworkQosScores: 26 26 26
07-10 01:31:28.958  5674  6164 I WifiProfileShare: network QoS data was changed (internet), updateQoSData networkType: true, qosData: false
07-10 01:31:28.959  5674  7451 V WifiProfileShare.Caster: update wips network, size: 0
07-10 01:31:28.959  5674  7451 D WifiProfileShare: nearby scanning settings run
07-10 01:31:28.960  5674  7451 D WifiProfileShare: network score provider settings enabled
07-10 01:31:28.963  5674  7451 D OpenNetworkQos[4.00]: getOpenNetworkQosScores: 26 26 26
07-10 01:31:28.963  5674  7451 D OpenNetworkQos[4.00]: getOpenNetworkQosNoInternetStatus: false
07-10 01:31:28.963  5674  7451 I WifiProfileShare.Caster: current network type: 0, score: [26, 26, 26]
07-10 01:31:28.965  5674  7451 V WifiProfileShare.Cache: update network score 00:e4:06:**:**:90
07-10 01:31:28.965  5674  7451 D WifiProfileShare.ScanMatcher: getMcfDataList size:2
07-10 01:31:28.966  5674  7451 I WifiProfileShare.Caster: qos data was updated , before:type:QOS, pBssid:51:2e:90, qosData:7c after:type:QOS, pBssid:51:2e:90, qosData:7c
07-10 01:31:28.970  5674  7451 I [MCFSDK_android_1.2.4010]_4_b: isNetworkEnabled - type : 1 ret : true
07-10 01:31:28.970  5674  7451 D WifiProfileShare.McfCast: -ME--- mIsNetworkEnabled :true
07-10 01:31:28.970  5674  7451 D WifiProfileShare.McfCast: updateQoSData ignored, same contents
07-10 01:31:28.971  5674  7451 D WifiProfileShare.MCF: success update QosData !
07-10 01:31:28.972  5674  7451 I [MCFSDK_android_1.2.4010]_4_b: isNetworkEnabled - type : 1 ret : true
07-10 01:31:28.972  5674  7451 D WifiProfileShare.McfCast: -ME--- mIsNetworkEnabled :true
07-10 01:31:28.972  5674  7451 D WifiProfileShare.McfCast: -ME--- updatePasswordDate pwdData size:2
07-10 01:31:29.248  5674  7726 D SemWifiUsabilityStatsMonitor: onWifiUsabilityStats - seqNum 22045, isSameBssidAndFreq true
07-10 01:31:29.251  6461  6461 D NetworkController.WifiSignalController: notifyListener: visible=true, connected=true, inetCondition=1, isDefault=true, wifiTestReported=true, receivedInetCondition=-1, hideDuringMobileSwitching=false
07-10 01:31:29.255  5674  6128 I SemWifiLinkQualityMonitor: Link Qos Query: 0.037 ms / 216.500 Mbps (433 / 0.000 / 2.000)
07-10 01:31:32.289  5674  7726 D SemWifiUsabilityStatsMonitor: onWifiUsabilityStats - seqNum 22046, isSameBssidAndFreq true
07-10 01:31:32.292  5674  6128 I SemWifiLinkQualityMonitor: Link Qos Query: 0.037 ms / 216.500 Mbps (433 / 0.000 / 2.000)
07-10 01:31:32.292  6461  6461 D NetworkController.WifiSignalController: notifyListener: visible=true, connected=true, inetCondition=1, isDefault=true, wifiTestReported=true, receivedInetCondition=-1, hideDuringMobileSwitching=false
07-10 01:31:32.355 30967 31717 I ContactsProvider_EventLog: cp_s: [CONTACT con(158) dat(1091) acc({sim(3)=15, sec(6)=1, sim2(4)=1, google(2)=81, org.telegram.messenger(236)=100, com.whatsapp(14)=41}) calls([logtype:100 cnt:877, logtype:200 cnt:5, logtype:300 cnt:495, logtype:1000 cnt:632, logtype:1150 cnt:161]) Iso(RS) uId(0) ]
07-10 01:31:32.355 30967 31717 I ContactsProvider_EventLog: cp_s: [ agr({[2 ,2 ,14 ,236]=1, [2 ,14 ,236]=32, [3]=15, [14]=1, [4]=1, [2 ,14]=4, [2 ,2]=2, [2]=34, [6 ,14]=1, [2 ,236]=3, [236]=62, [2 ,236 ,14]=2}) ]
07-10 01:31:32.355 30967 31717 I ContactsProvider_EventLog: cp_s: [ cnt({acore(30967)=1}) ]
07-10 01:31:32.355 30967 31717 I ContactsProvider_EventLog: cp_s: [PROFILE con(1) dat(1) acc({vnd.sec.contact.phone=1}) ] [SAPROFILE ]
07-10 01:31:32.355 30967 31717 I ContactsProvider_EventLog: cp_s: [STATE R(T) ]
07-10 01:31:32.553  5325  5325 E sehhealth-service: Could not open /sys/class/power_supply/battery/lrp
07-10 01:31:35.339  5674  7726 D SemWifiUsabilityStatsMonitor: onWifiUsabilityStats - seqNum 22047, isSameBssidAndFreq true
07-10 01:31:35.342  5674  6128 I SemWifiLinkQualityMonitor: Link Qos Query: 0.037 ms / 216.500 Mbps (433 / 0.000 / 2.000)
07-10 01:31:35.342  6461  6461 D NetworkController.WifiSignalController: notifyListener: visible=true, connected=true, inetCondition=1, isDefault=true, wifiTestReported=true, receivedInetCondition=-1, hideDuringMobileSwitching=false
07-10 01:31:37.938  5674  9851 D PackageManager: setEnabledSetting : userId = 0 packageName = com.Slack cmp = androidx.work.impl.background.systemalarm.RescheduleReceiver newState = 1 callingPackage = 10329/com.Slack
07-10 01:31:37.940  5674  9851 D ApplicationPolicy: getApplicationStateEnabled : pkg = com.Slack userId : 0
07-10 01:31:37.942  5674  9851 D ApplicationPolicy: getApplicationComponentState : pkg = com.Slack userId : 0
07-10 01:31:37.960  5353  6075 V APM_AudioPolicyManager: setAppState(portId:1005, state:1)
07-10 01:31:37.962  5674  5745 W libprocessgroup: Failed to open /dev/blkio//cgroup.procs: No such file or directory
07-10 01:31:37.981 25156 25231 D ConnectivityManager: StackLog: [android.net.ConnectivityManager.sendRequestForNetwork(ConnectivityManager.java:4300)] [android.net.ConnectivityManager.registerDefaultNetworkCallbackForUid(ConnectivityManager.java:4864)] [android.net.ConnectivityManager.registerDefaultNetworkCallback(ConnectivityManager.java:4831)] [android.net.ConnectivityManager.registerDefaultNetworkCallback(ConnectivityManager.java:4805)] [androidx.work.impl.utils.NetworkApi24.registerDefaultNetworkCallbackCompat(Unknown Source:11)] [androidx.work.impl.constraints.trackers.NetworkStateTracker24.startTracking(Unknown Source:15)] [androidx.work.impl.constraints.controllers.ConstraintController.replace(Unknown Source:130)] [androidx.work.impl.constraints.WorkConstraintsTrackerImpl.replace(Unknown Source:41)] [androidx.work.impl.background.greedy.GreedyScheduler.schedule(Unknown Source:302)] [androidx.work.impl.Schedulers.schedule(Unknown Source:155)] [androidx.work.impl.utils.EnqueueRunnable.run(Unknown Source:53)] [androidx.work.Worker$2.run$androidx$work$impl$utils$SerialExecutorImpl$Task(Unknown Source:4)] [androidx.work.Worker$2.run(Unknown Source:868)] [java.util.concurrent.ThreadPoolExecutor.runWorker(ThreadPoolExecutor.java:1137)] [java.util.concurrent.ThreadPoolExecutor$Worker.run(ThreadPoolExecutor.java:637)] [java.lang.Thread.run(Thread.java:1012)]
07-10 01:31:37.984  5674  6593 D ConnectivityService: requestNetwork for uid/pid:10329/25156 activeRequest: null callbackRequest: 16753 [NetworkRequest [ REQUEST id=16754, [ Capabilities: INTERNET&NOT_RESTRICTED&TRUSTED&NOT_VCN_MANAGED Uid: 10329 RequestorUid: 10329 RequestorPkg: com.Slack UnderlyingNetworks: Null] ]] callback flags: 0 order: 2147483647
07-10 01:31:37.985  5674  6055 D ConnectivityService:    accepting network in place of null
07-10 01:31:37.993  5674  6045 D WifiNetworkFactory: got request NetworkRequest [ REQUEST id=16754, [ Capabilities: INTERNET&NOT_RESTRICTED&TRUSTED&NOT_VCN_MANAGED Uid: 10329 RequestorUid: 10329 RequestorPkg: com.Slack UnderlyingNetworks: Null] ]
07-10 01:31:37.994  5674  6045 D UntrustedWifiNetworkFactory: got request NetworkRequest [ REQUEST id=16754, [ Capabilities: INTERNET&NOT_RESTRICTED&TRUSTED&NOT_VCN_MANAGED Uid: 10329 RequestorUid: 10329 RequestorPkg: com.Slack UnderlyingNetworks: Null] ]
07-10 01:31:37.997  5674  6045 D OemPaidWifiNetworkFactory: got request NetworkRequest [ REQUEST id=16754, [ Capabilities: INTERNET&NOT_RESTRICTED&TRUSTED&NOT_VCN_MANAGED Uid: 10329 RequestorUid: 10329 RequestorPkg: com.Slack UnderlyingNetworks: Null] ]
07-10 01:31:37.999  5674  6045 D MultiInternetWifiNetworkFactory: got request NetworkRequest [ REQUEST id=16754, [ Capabilities: INTERNET&NOT_RESTRICTED&TRUSTED&NOT_VCN_MANAGED Uid: 10329 RequestorUid: 10329 RequestorPkg: com.Slack UnderlyingNetworks: Null] ]
07-10 01:31:38.003  5674  6055 D ConnectivityService: Rematched networks [computed 0ms] [applied 2ms] [issued 16]
07-10 01:31:38.004  5674  6055 D ConnectivityService: NetworkReassignment :
07-10 01:31:38.004  5674  6055 D ConnectivityService:   16754 : null  118
07-10 01:31:38.009 25156 25156 D ConnectivityManager: StackLog: [android.net.ConnectivityManager.unregisterNetworkCallback(ConnectivityManager.java:4972)] [androidx.work.impl.utils.NetworkApi21.unregisterNetworkCallbackCompat(Unknown Source:11)] [androidx.work.impl.constraints.trackers.NetworkStateTracker24.stopTracking(Unknown Source:15)] [androidx.work.impl.constraints.trackers.ConstraintTracker.removeListener(Unknown Source:24)] [androidx.work.impl.constraints.controllers.ConstraintController.replace(Unknown Source:81)] [androidx.work.impl.constraints.WorkConstraintsTrackerImpl.replace(Unknown Source:41)] [androidx.work.impl.background.greedy.GreedyScheduler.onExecuted(Unknown Source:55)] [androidx.work.impl.Processor.onExecuted(Unknown Source:59)] [com.bugsnag.android.DeliveryDelegate$1.run(Unknown Source:212)]
07-10 01:31:38.012  5674  6055 D ConnectivityService:  Removing from current network [118 WIFI], leaving 158 requests.
07-10 01:31:38.019  5353  6075 V APM_AudioPolicyManager: setAppState(portId:1005, state:1)
07-10 01:31:38.023  5353  6075 V APM_AudioPolicyManager: setAppState(portId:1005, state:1)
07-10 01:31:38.392  5674  7726 D SemWifiUsabilityStatsMonitor: onWifiUsabilityStats - seqNum 22048, isSameBssidAndFreq true
07-10 01:31:38.394  5674  6128 I SemWifiLinkQualityMonitor: Link Qos Query: 0.061 ms / 131.625 Mbps (351 / 0.000 / 2.667)
07-10 01:31:38.395  6461  6461 D NetworkController.WifiSignalController: notifyListener: visible=true, connected=true, inetCondition=1, isDefault=true, wifiTestReported=true, receivedInetCondition=-1, hideDuringMobileSwitching=false
07-10 01:31:41.420 15865 16587 W bt_stack: pause_registered_clients()
07-10 01:31:41.422 15865 16587 W bt_stack: le_scanning_manager :: OnPause()
07-10 01:31:41.422 15865 16587 W bt_stack: Stop LeSetScanEnable
07-10 01:31:41.423 15865 16587 W bt_stack: le_scanning_manager :: OnPause() - call AckPause
07-10 01:31:41.424 15865 16587 W bt_stack: le_impl :: OnPause()
07-10 01:31:41.425 15865 16587 W bt_stack: le_impl :: ConnectabilityState is DISARMED. Call AckPause()
07-10 01:31:41.427  5674  7726 D SemWifiUsabilityStatsMonitor: onWifiUsabilityStats - seqNum 22049, isSameBssidAndFreq true
07-10 01:31:41.429 15865 16587 W bt_stack: le_address_manager :: ack_pause()
07-10 01:31:41.429 15865 16587 W bt_stack: le_address_manager :: ack_pause() - make sure all client paused. Return
07-10 01:31:41.429 15865 16587 W bt_stack: le_address_manager :: ack_pause()
07-10 01:31:41.430 15865 16587 W bt_stack: le_address_manager :: ack_pause() - handle_next_command
07-10 01:31:41.430 15865 16587 W bt_stack: handle_next_command()
07-10 01:31:41.431  5674  6128 I SemWifiLinkQualityMonitor: Link Qos Query: 0.082 ms / 97.333 Mbps (292 / 0.000 / 3.000)
07-10 01:31:41.441 15865 16587 W bt_stack: Received command complete with op_code LE_SET_RANDOM_ADDRESS
07-10 01:31:41.442 15865 16587 W bt_stack: le_scanning_manager :: OnResume()
07-10 01:31:41.443 15865 16587 W bt_stack: Start LeSetScan
07-10 01:31:41.443 15865 16587 W bt_stack: le_scanning_manager :: OnResume() - call AckResume
07-10 01:31:41.444 15865 16587 W bt_stack: le_impl :: OnResume()
07-10 01:31:41.444 15865 16587 W bt_stack: le_impl :: check_for_unregister()
07-10 01:31:41.444 15865 16587 W bt_stack: le_address_manager :: ack_resume()
07-10 01:31:41.445 15865 16587 W bt_stack: le_address_manager :: ack_resume()
07-10 01:31:41.731 11611 11645 D Benchmark: timeNs[ 0:10]: 672815038 655225384 669899807 675482922 676577268 665753191 655928615 680358423 658020346 656016653
07-10 01:31:41.732 11611 11645 D Benchmark: timeNs[10:20]: 670193076 659931269 668682308 665163153 671711384 675748615 659539538 669920999 664090345 664374923
07-10 01:31:41.732 11611 11645 D Benchmark: timeNs[20:30]: 657020769 663734153 661675461 658700307 660173692 672531461 679110076 647851384 675595577 670662576
07-10 01:31:41.732 11611 11645 D Benchmark: timeNs[30:40]: 663560384 693584153 667665000 666970269 677893961 661287192 654598845 661902922 657817500 664257000
07-10 01:31:41.732 11611 11645 D Benchmark: timeNs[40:50]: 656513922 662042115 662356423 669251692 676385038 650684384 670982731 659648346 661178654 670984691
07-10 01:31:43.677  5262  5262 E audit   : type=1400 audit(1688945503.673:70082): avc:  denied  { getattr } for  pid=5674 comm="BinderProcsColl" path="/sys/kernel/debug/binder/proc/5674" dev="debugfs" ino=32119 scontext=u:r:system_server:s0 tcontext=u:object_r:sec_debugfs:s0 tclass=file permissive=0 SEPF_SM-A515F_13_0001 audit_filtered
07-10 01:31:43.677  5262  5262 E audit   : type=1300 audit(1688945503.673:70082): arch=c00000b7 syscall=79 success=no exit=-13 a0=ffffff9c a1=7af05245a0 a2=79df9bd680 a3=0 items=0 ppid=5287 pid=5674 auid=4294967295 uid=1000 gid=1000 euid=1000 suid=1000 fsuid=1000 egid=1000 sgid=1000 fsgid=1000 tty=(none) ses=4294967295 comm="BinderProcsColl" exe="/system/bin/app_process64" subj=u:r:system_server:s0 key=(null)
07-10 01:31:43.677  5262  5262 E audit   : type=1327 audit(1688945503.673:70082): proctitle="system_server"
07-10 01:31:44.464  5674  7726 D SemWifiUsabilityStatsMonitor: onWifiUsabilityStats - seqNum 22050, isSameBssidAndFreq true
07-10 01:31:44.467  5674  6128 I SemWifiLinkQualityMonitor: Link Qos Query: 0.050 ms / 159.273 Mbps (292 / 0.000 / 1.833)
07-10 01:31:47.499  5674  7726 D SemWifiUsabilityStatsMonitor: onWifiUsabilityStats - seqNum 22051, isSameBssidAndFreq true
07-10 01:31:47.500  5674  6128 I SemWifiLinkQualityMonitor: Link Qos Query: 0.050 ms / 159.273 Mbps (292 / 0.000 / 1.833)
07-10 01:31:47.501  6461  6461 D NetworkController.WifiSignalController: notifyListener: visible=true, connected=true, inetCondition=1, isDefault=true, wifiTestReported=true, receivedInetCondition=-1, hideDuringMobileSwitching=false
07-10 01:31:47.709 11611 11645 W _benchmark.test: Suspending all threads took: 9.872ms
07-10 01:31:47.712 11611 11645 D Benchmark: allocationCount[ 0:10]: 9077913 9077917 9077917 9077917 9077912
07-10 01:31:47.712 11611 11645 D Benchmark: Set 11645 (Bench thread) to priority -8. Was -20, now -8
07-10 01:31:47.712 11611 11645 D Benchmark: Set 11624 (Jit) to priority 9. Was -15, now 9
07-10 01:31:47.713 11611 11645 D Benchmark: Warmup: t=19.995, iter=30, fastAvg=672300416, slowAvg=823642880
07-10 01:31:47.713 11611 11645 I PerfettoCapture: Stopping perfetto.
07-10 01:31:47.754 28251 28251 I perfetto:    perfetto_cmd.cc:1168 SIGINT/SIGTERM received: disabling tracing.
07-10 01:31:47.756 11611 11645 D Benchmark: kill -TERM command output -
07-10 01:31:47.765  5424  5424 I perfetto:  probes_producer.cc:396 Producer stop (id=1321)
07-10 01:31:47.768  5424  5424 I perfetto:    ftrace_procfs.cc:342 disabled ftrace in /sys/kernel/tracing/
07-10 01:31:47.829  4380  4380 I hwservicemanager: getTransport: Cannot find entry android.hardware.atrace@1.0::IAtraceDevice/default in either framework or device VINTF manifest.
07-10 01:31:47.837  5424  5424 I perfetto:  probes_producer.cc:396 Producer stop (id=1322)
07-10 01:31:47.837  5424  5424 I perfetto:  probes_producer.cc:396 Producer stop (id=1323)
07-10 01:31:47.895 28251 28251 I perfetto:    perfetto_cmd.cc:1124 Trace written into the output file
07-10 01:31:47.915  5436  5436 I perfetto: ng_service_impl.cc:2426 Tracing session 331 ended, total sessions:0
07-10 01:31:48.401 11611 11645 D Benchmark: Waiting 500 ms for [ProcessPid(processName=perfetto, pid=28251)] to die
07-10 01:31:48.516 11611 11645 I PerfettoCapture: Writing to /storage/emulated/0/Android/data/org.jetbrains.android_benchmark.test/cache/Wolf3dBenchmark_baselineFloat_2023-07-09-23-31-47.perfetto-trace.
07-10 01:31:49.988 11611 11645 D Benchmark: Copying /storage/emulated/0/Android/data/org.jetbrains.android_benchmark.test/cache/Wolf3dBenchmark_baselineFloat_2023-07-09-23-31-47.perfetto-trace to /sdcard/Android/media/org.jetbrains.android_benchmark.test/additional_test_output/Wolf3dBenchmark_baselineFloat_2023-07-09-23-31-47.perfetto-trace
07-10 01:31:50.068  9843 28125 W MediaProvider: isAppCloneUserPair for user 0: false
07-10 01:31:50.197  5674  6593 D SyncManager: userId - 0 auto - true
07-10 01:31:50.345  5674  5745 W libprocessgroup: Failed to open /dev/blkio//cgroup.procs: No such file or directory
07-10 01:31:50.360 16924 27756 I NetworkScheduler.Stats: (REDACTED) Task %s/%s started execution. cause:%s exec_start_elapsed_seconds: %s
07-10 01:31:50.374 16924 27094 I NetworkScheduler.Stats: (REDACTED) Task %s/%s finished executing. cause:%s result: %s elapsed_millis: %s uptime_millis: %s exec_start_elapsed_seconds: %s
07-10 01:31:50.541  5674  7726 D SemWifiUsabilityStatsMonitor: onWifiUsabilityStats - seqNum 22052, isSameBssidAndFreq true
07-10 01:31:50.545  5674  6128 I SemWifiLinkQualityMonitor: Link Qos Query: 0.050 ms / 159.273 Mbps (292 / 0.000 / 1.833)
07-10 01:31:50.695  9843 10427 I FuseDaemon: Threshold exceeded - fadvising 67198976
07-10 01:31:50.695  9843 10427 I FuseDaemon: Threshold now 0
07-10 01:31:50.704  5674  5745 W libprocessgroup: Failed to open /dev/blkio//cgroup.procs: No such file or directory
07-10 01:31:50.711  5353  6075 V APM_AudioPolicyManager: setAppState(portId:1005, state:1)
07-10 01:31:50.741 25568 25568 I SCS@AiSearch user 0: (ObserverWorker::AOSP_MP) [main] entering in startWork():
07-10 01:31:50.742 25568 25568 I SCS@AiSearch user 0: (BaseCollector::AOSP_MP) [main] entering in onChange():
07-10 01:31:50.743 25568 25789 I SCS@AiSearch user 0: (BaseCollector::AOSP_MP) [AOSP_MP-0] entering in collectChanges():
07-10 01:31:50.802  5674  6523 D PackageManager: setEnabledSetting : userId = 0 packageName = com.samsung.android.scs cmp = androidx.work.impl.background.systemalarm.RescheduleReceiver newState = 1 callingPackage = 10380/com.samsung.android.scs
07-10 01:31:50.804  5674  6523 D ApplicationPolicy: getApplicationStateEnabled : pkg = com.samsung.android.scs userId : 0
07-10 01:31:50.809  5674  6523 D ApplicationPolicy: getApplicationComponentState : pkg = com.samsung.android.scs userId : 0
07-10 01:31:50.971 25568 25789 I SCS@AiSearch user 0: (BaseCollector::AOSP_MP) fetchInternal values : maxSyncId: 1000028446 indexCount: 19466 sourceCount: 19466
07-10 01:31:51.099 25568 25789 I SCS@AiSearch user 0: (IndexManager) [AOSP_MP-0] entering in addIndex():
07-10 01:31:51.104 25568 25789 I SCS@AiSearch user 0: (BaseCollector::AOSP_MP) fetch: fetching took  249 ms
07-10 01:31:51.104 25568 25789 I SCS@AiSearch user 0: (BaseCollector::AOSP_MP) fetchChanges: applied 0 items
07-10 01:31:51.104 25568 25789 I SCS@AiSearch user 0: (BaseCollector::AOSP_MP) Collect finished. Result: true
07-10 01:31:51.107 25568 25621 I WM-WorkerWrapper: Worker result SUCCESS for Work [ id=8e172f2d-5ae6-477d-9263-41ae68ed5e39, tags={ com.sec.android.app.myfiles, com.samsung.android.scs.ai.search.data.collector.ObserverWorker } ]
07-10 01:31:51.108 25568 25789 I SCS@AiSearch user 0: (BaseCollector::AOSP_MP) enqueue ObserverWorker name: com.sec.android.app.myfiles, policy: APPEND_OR_REPLACE
07-10 01:31:51.118  5353  6075 V APM_AudioPolicyManager: setAppState(portId:1005, state:1)
07-10 01:31:51.119  9843 10427 I FuseDaemon: Threshold exceeded - fadvising 67158016
07-10 01:31:51.119  9843 10427 I FuseDaemon: Threshold now 0
07-10 01:31:51.133  5353  6075 V APM_AudioPolicyManager: setAppState(portId:1005, state:1)
07-10 01:31:51.346  5674  6523 D PackageManager: setEnabledSetting : userId = 0 packageName = com.samsung.android.scs cmp = androidx.work.impl.background.systemalarm.RescheduleReceiver newState = 1 callingPackage = 10380/com.samsung.android.scs
07-10 01:31:51.348  5674  6523 D ApplicationPolicy: getApplicationStateEnabled : pkg = com.samsung.android.scs userId : 0
07-10 01:31:51.349  5674  6523 D ApplicationPolicy: getApplicationComponentState : pkg = com.samsung.android.scs userId : 0
07-10 01:31:51.483 11611 11645 I Benchmark: Wolf3dBenchmark.baselineFloat[Metric (timeNs) results: median 6.643159615E8, min 6.47851384E8, max 6.93584153E8, standardDeviation: 8675834.695723519, Metric (allocationCount) results: median 9077917.0, min 9077912.0, max 9077917.0, standardDeviation: 2.4899799195977463]count=1
07-10 01:31:51.492 11611 11645 D Benchmark: writing results to /storage/emulated/0/Android/data/org.jetbrains.android_benchmark.test/cache/org.jetbrains.android_benchmark.test-benchmarkData.json
07-10 01:31:51.516 11611 11645 D Benchmark: Copying /storage/emulated/0/Android/data/org.jetbrains.android_benchmark.test/cache/org.jetbrains.android_benchmark.test-benchmarkData.json to /sdcard/Android/media/org.jetbrains.android_benchmark.test/additional_test_output/org.jetbrains.android_benchmark.test-benchmarkData.json
07-10 01:31:51.670  9843 28409 I MediaProvider: Deleted 0 0 0 0 0 0 0 items on external_primary due to org.jetbrains.android_benchmark.test
07-10 01:31:51.695 11611 11645 I TestRunner: finished: baselineFloat(org.jetbrains.android_benchmark.Wolf3dBenchmark)
